
/home/kalinina/ltp/DL_project/dataloader/New_dataloader.py:73: UserWarning: The given NumPy array is not writable, and PyTorch does not support non-writable tensors. This means writing to this tensor will result in undefined behavior. You may want to copy the array to protect its data or make it writable before converting it to a tensor. This type of warning will be suppressed for the rest of this program. (Triggered internally at /pytorch/torch/csrc/utils/tensor_numpy.cpp:213.)
  self.train_orig_indexes = torch.as_tensor(self.csvtrain["_tanimoto_orig_idx"].values, dtype=torch.long)
train : (1112, 12)
valid : (200, 12)
test : (200, 12)
number of parameters : 1146760
class weights : [1.0, 1.0]
balanced batches : 70 per epoch covering all 1112 train rows, target 8 positive + 8 unlabeled
cache warmed : 35 proteins, 409 lipid encodings, 0 lipid graphs, 131 MiB
source artifacts released : ['csvt', 'protein_tensor_cache', 'smiles_encoding', 'train_tanimoto_batch']
data extracted
EPOCH 1:
VALIDATION
valid epoch balanced_accuracy: 0.492543
EPOCH 2:
VALIDATION
valid epoch balanced_accuracy: 0.487989
EPOCH 3:
VALIDATION
valid epoch balanced_accuracy: 0.488890
EPOCH 4:
VALIDATION
valid epoch balanced_accuracy: 0.530477
EPOCH 5:
VALIDATION
valid epoch balanced_accuracy: 0.503453
EPOCH 6:
VALIDATION
valid epoch balanced_accuracy: 0.536533
EPOCH 7:
VALIDATION
valid epoch balanced_accuracy: 0.573566
EPOCH 8:
VALIDATION
valid epoch balanced_accuracy: 0.507106
EPOCH 9:
VALIDATION
valid epoch balanced_accuracy: 0.563857
EPOCH 10:
VALIDATION
valid epoch balanced_accuracy: 0.658242
EPOCH 11:
VALIDATION
valid epoch balanced_accuracy: 0.586328
EPOCH 12:
VALIDATION
valid epoch balanced_accuracy: 0.520168
EPOCH 13:
VALIDATION
valid epoch balanced_accuracy: 0.501651
EPOCH 14:
VALIDATION
valid epoch balanced_accuracy: 0.645481
EPOCH 15:
VALIDATION
valid epoch balanced_accuracy: 0.537984
EPOCH 16:
VALIDATION
valid epoch balanced_accuracy: 0.559003
EPOCH 17:
VALIDATION
valid epoch balanced_accuracy: 0.562356
EPOCH 18:
VALIDATION
valid epoch balanced_accuracy: 0.579922
EPOCH 19:
VALIDATION
valid epoch balanced_accuracy: 0.532279
EPOCH 20:
VALIDATION
valid epoch balanced_accuracy: 0.542288
EPOCH 21:
VALIDATION
valid epoch balanced_accuracy: 0.562306
EPOCH 22:
VALIDATION
valid epoch balanced_accuracy: 0.593584
EPOCH 23:
VALIDATION
valid epoch balanced_accuracy: 0.556551
EPOCH 24:
VALIDATION
valid epoch balanced_accuracy: 0.615404
EPOCH 25:
VALIDATION
valid epoch balanced_accuracy: 0.569312
EPOCH 26:
VALIDATION
valid epoch balanced_accuracy: 0.567461
EPOCH 27:
VALIDATION
valid epoch balanced_accuracy: 0.608748
EPOCH 28:
VALIDATION
valid epoch balanced_accuracy: 0.648183
EPOCH 29:
VALIDATION
valid epoch balanced_accuracy: 0.644230
EPOCH 30:
VALIDATION
valid epoch balanced_accuracy: 0.578421
EPOCH 31:
VALIDATION
valid epoch balanced_accuracy: 0.640276
EPOCH 32:
VALIDATION
valid epoch balanced_accuracy: 0.575368
EPOCH 33:
VALIDATION
valid epoch balanced_accuracy: 0.597788
EPOCH 34:
VALIDATION
valid epoch balanced_accuracy: 0.620008
EPOCH 35:
VALIDATION
valid epoch balanced_accuracy: 0.504054
EPOCH 36:
VALIDATION
valid epoch balanced_accuracy: 0.558052
EPOCH 37:
VALIDATION
valid epoch balanced_accuracy: 0.528926
EPOCH 38:
VALIDATION
valid epoch balanced_accuracy: 0.515264
EPOCH 39:
VALIDATION
valid epoch balanced_accuracy: 0.633020
EPOCH 40:
VALIDATION
valid epoch balanced_accuracy: 0.616355
EPOCH 41:
VALIDATION
valid epoch balanced_accuracy: 0.646031
EPOCH 42:
VALIDATION
valid epoch balanced_accuracy: 0.546542
EPOCH 43:
VALIDATION
valid epoch balanced_accuracy: 0.519818
EPOCH 44:
VALIDATION
valid epoch balanced_accuracy: 0.514063
EPOCH 45:
VALIDATION
valid epoch balanced_accuracy: 0.572615
EPOCH 46:
VALIDATION
valid epoch balanced_accuracy: 0.565359
EPOCH 47:
VALIDATION
valid epoch balanced_accuracy: 0.534081
EPOCH 48:
VALIDATION
valid epoch balanced_accuracy: 0.578371
EPOCH 49:
VALIDATION
valid epoch balanced_accuracy: 0.519818
EPOCH 50:
VALIDATION
valid epoch balanced_accuracy: 0.635122
EPOCH 51:
VALIDATION
valid epoch balanced_accuracy: 0.591132
EPOCH 52:
VALIDATION
valid epoch balanced_accuracy: 0.500701
EPOCH 53:
VALIDATION
valid epoch balanced_accuracy: 0.569563
EPOCH 54:
VALIDATION
valid epoch balanced_accuracy: 0.577770
EPOCH 55:
VALIDATION
valid epoch balanced_accuracy: 0.537434
EPOCH 56:
VALIDATION
valid epoch balanced_accuracy: 0.677610
EPOCH 57:
VALIDATION
valid epoch balanced_accuracy: 0.562006
EPOCH 58:
VALIDATION
valid epoch balanced_accuracy: 0.586878
EPOCH 59:
VALIDATION
valid epoch balanced_accuracy: 0.657892
EPOCH 60:
VALIDATION
valid epoch balanced_accuracy: 0.592033
EPOCH 61:
VALIDATION
valid epoch balanced_accuracy: 0.572916
EPOCH 62:
VALIDATION
valid epoch balanced_accuracy: 0.524972
EPOCH 63:
VALIDATION
valid epoch balanced_accuracy: 0.554099
EPOCH 64:
VALIDATION
valid epoch balanced_accuracy: 0.597788
EPOCH 65:
VALIDATION
valid epoch balanced_accuracy: 0.575018
EPOCH 66:
VALIDATION
valid epoch balanced_accuracy: 0.602943
EPOCH 67:
VALIDATION
valid epoch balanced_accuracy: 0.498248
EPOCH 68:
VALIDATION
valid epoch balanced_accuracy: 0.600240
EPOCH 69:
VALIDATION
valid epoch balanced_accuracy: 0.549244
EPOCH 70:
VALIDATION
valid epoch balanced_accuracy: 0.575918
EPOCH 71:
VALIDATION
valid epoch balanced_accuracy: 0.564408
EPOCH 72:
VALIDATION
valid epoch balanced_accuracy: 0.581423
EPOCH 73:
VALIDATION
valid epoch balanced_accuracy: 0.549545
EPOCH 74:
VALIDATION
valid epoch balanced_accuracy: 0.627815
EPOCH 75:
VALIDATION
valid epoch balanced_accuracy: 0.554699
EPOCH 76:
VALIDATION
valid epoch balanced_accuracy: 0.558953
EPOCH 77:
VALIDATION
valid epoch balanced_accuracy: 0.537083
EPOCH 78:
VALIDATION
valid epoch balanced_accuracy: 0.571064
EPOCH 79:
VALIDATION
valid epoch balanced_accuracy: 0.569262
EPOCH 80:
VALIDATION
valid epoch balanced_accuracy: 0.590481
EPOCH 81:
VALIDATION
valid epoch balanced_accuracy: 0.597488
EPOCH 82:
VALIDATION
valid epoch balanced_accuracy: 0.578371
EPOCH 83:
VALIDATION
valid epoch balanced_accuracy: 0.614803
EPOCH 84:
VALIDATION
valid epoch balanced_accuracy: 0.568962
EPOCH 85:
VALIDATION
valid epoch balanced_accuracy: 0.513112
EPOCH 86:
VALIDATION
valid epoch balanced_accuracy: 0.608998
EPOCH 87:
VALIDATION
valid epoch balanced_accuracy: 0.631168
EPOCH 88:
VALIDATION
valid epoch balanced_accuracy: 0.594485
EPOCH 89:
VALIDATION
valid epoch balanced_accuracy: 0.593534
EPOCH 90:
VALIDATION
valid epoch balanced_accuracy: 0.627214
EPOCH 91:
VALIDATION
valid epoch balanced_accuracy: 0.626314
EPOCH 92:
VALIDATION
valid epoch balanced_accuracy: 0.567711
EPOCH 93:
VALIDATION
valid epoch balanced_accuracy: 0.557151
EPOCH 94:
VALIDATION
valid epoch balanced_accuracy: 0.612001
EPOCH 95:
VALIDATION
valid epoch balanced_accuracy: 0.575918
EPOCH 96:
VALIDATION
valid epoch balanced_accuracy: 0.617806
EPOCH 97:
VALIDATION
valid epoch balanced_accuracy: 0.575668
EPOCH 98:
VALIDATION
valid epoch balanced_accuracy: 0.587479
EPOCH 99:
VALIDATION
valid epoch balanced_accuracy: 0.625413
EPOCH 100:
VALIDATION
valid epoch balanced_accuracy: 0.535282
EPOCH 101:
VALIDATION
valid epoch balanced_accuracy: 0.571064
EPOCH 102:
VALIDATION
valid epoch balanced_accuracy: 0.650586
EPOCH 103:
VALIDATION
valid epoch balanced_accuracy: 0.551346
EPOCH 104:
VALIDATION
valid epoch balanced_accuracy: 0.518867
EPOCH 105:
VALIDATION
valid epoch balanced_accuracy: 0.591683
EPOCH 106:
VALIDATION
valid epoch balanced_accuracy: 0.615654
EPOCH 107:
VALIDATION
valid epoch balanced_accuracy: 0.588380
EPOCH 108:
VALIDATION
valid epoch balanced_accuracy: 0.637524
EPOCH 109:
VALIDATION
valid epoch balanced_accuracy: 0.523421
EPOCH 110:
VALIDATION
valid epoch balanced_accuracy: 0.598989
EPOCH 111:
VALIDATION
valid epoch balanced_accuracy: 0.622060
EPOCH 112:
VALIDATION
valid epoch balanced_accuracy: 0.615954
EPOCH 113:
VALIDATION
valid epoch balanced_accuracy: 0.624162
EPOCH 114:
VALIDATION
valid epoch balanced_accuracy: 0.542238
EPOCH 115:
VALIDATION
valid epoch balanced_accuracy: 0.609899
EPOCH 116:
VALIDATION
valid epoch balanced_accuracy: 0.616905
EPOCH 117:
VALIDATION
valid epoch balanced_accuracy: 0.602893
EPOCH 118:
VALIDATION
valid epoch balanced_accuracy: 0.567711
EPOCH 119:
VALIDATION
valid epoch balanced_accuracy: 0.584726
EPOCH 120:
VALIDATION
valid epoch balanced_accuracy: 0.550145
EPOCH 121:
VALIDATION
valid epoch balanced_accuracy: 0.566210
EPOCH 122:
VALIDATION
valid epoch balanced_accuracy: 0.578020
EPOCH 123:
VALIDATION
valid epoch balanced_accuracy: 0.593534
EPOCH 124:
VALIDATION
valid epoch balanced_accuracy: 0.598389
EPOCH 125:
VALIDATION
valid epoch balanced_accuracy: 0.581373
EPOCH 126:
VALIDATION
valid epoch balanced_accuracy: 0.614153
EPOCH 127:
VALIDATION
valid epoch balanced_accuracy: 0.542839
EPOCH 128:
VALIDATION
valid epoch balanced_accuracy: 0.595936
EPOCH 129:
VALIDATION
valid epoch balanced_accuracy: 0.629617
EPOCH 130:
VALIDATION
valid epoch balanced_accuracy: 0.585627
EPOCH 131:
VALIDATION
valid epoch balanced_accuracy: 0.609899
EPOCH 132:
VALIDATION
valid epoch balanced_accuracy: 0.586828
EPOCH 133:
VALIDATION
valid epoch balanced_accuracy: 0.590481
EPOCH 134:
VALIDATION
valid epoch balanced_accuracy: 0.545591
EPOCH 135:
VALIDATION
valid epoch balanced_accuracy: 0.571364
EPOCH 136:
VALIDATION
valid epoch balanced_accuracy: 0.596537
EPOCH 137:
VALIDATION
valid epoch balanced_accuracy: 0.604744
EPOCH 138:
VALIDATION
valid epoch balanced_accuracy: 0.601391
EPOCH 139:
VALIDATION
valid epoch balanced_accuracy: 0.632970
EPOCH 140:
VALIDATION
valid epoch balanced_accuracy: 0.566810
EPOCH 141:
VALIDATION
valid epoch balanced_accuracy: 0.599890
EPOCH 142:
VALIDATION
valid epoch balanced_accuracy: 0.579872
EPOCH 143:
VALIDATION
valid epoch balanced_accuracy: 0.629316
EPOCH 144:
VALIDATION
valid epoch balanced_accuracy: 0.568311
EPOCH 145:
VALIDATION
valid epoch balanced_accuracy: 0.610499
EPOCH 146:
VALIDATION
valid epoch balanced_accuracy: 0.585027
EPOCH 147:
VALIDATION
valid epoch balanced_accuracy: 0.603543
EPOCH 148:
VALIDATION
valid epoch balanced_accuracy: 0.622961
EPOCH 149:
VALIDATION
valid epoch balanced_accuracy: 0.615354
EPOCH 150:
VALIDATION
valid epoch balanced_accuracy: 0.604744
accuracy: 0.570000
sensitivity: 0.618557
precision: 0.550459
specificity: 0.524272
IoU: 0.410959
FAR: 0.475728
F1: 0.582524
balanced_accuracy: 0.571414
loss: 0.994073
