Waiting for exclusive access to GPU GPU-6d6d6e1b-bebd-5002-97a2-86f3e6d798a5.
=== GROUP: lipocalin | VARIANT: bbp_nps3mlp_dpt01_gm | SEED: 2 | GPU: NVIDIA H200 ===

number of parameters : 1403984
train : (1332, 12)
valid : (90, 12)
test : (90, 12)
class weights : [1.0, 1.0]
balanced batches : 84 per epoch covering all 1332 train rows, target 8 positive + 8 unlabeled
data extracted
EPOCH 1:
VALIDATION
valid epoch balanced_accuracy: 0.580000
EPOCH 2:
VALIDATION
valid epoch balanced_accuracy: 0.560000
EPOCH 3:
VALIDATION
valid epoch balanced_accuracy: 0.487500
EPOCH 4:
VALIDATION
valid epoch balanced_accuracy: 0.532500
EPOCH 5:
VALIDATION
valid epoch balanced_accuracy: 0.450000
EPOCH 6:
VALIDATION
valid epoch balanced_accuracy: 0.440000
EPOCH 7:
VALIDATION
valid epoch balanced_accuracy: 0.560000
EPOCH 8:
VALIDATION
valid epoch balanced_accuracy: 0.562500
EPOCH 9:
VALIDATION
valid epoch balanced_accuracy: 0.532500
EPOCH 10:
VALIDATION
valid epoch balanced_accuracy: 0.570000
EPOCH 11:
VALIDATION
valid epoch balanced_accuracy: 0.642500
EPOCH 12:
VALIDATION
valid epoch balanced_accuracy: 0.640000
EPOCH 13:
VALIDATION
valid epoch balanced_accuracy: 0.630000
EPOCH 14:
VALIDATION
valid epoch balanced_accuracy: 0.685000
EPOCH 15:
VALIDATION
valid epoch balanced_accuracy: 0.652500
EPOCH 16:
VALIDATION
valid epoch balanced_accuracy: 0.645000
EPOCH 17:
VALIDATION
valid epoch balanced_accuracy: 0.645000
EPOCH 18:
VALIDATION
valid epoch balanced_accuracy: 0.672500
EPOCH 19:
VALIDATION
valid epoch balanced_accuracy: 0.615000
EPOCH 20:
VALIDATION
valid epoch balanced_accuracy: 0.662500
EPOCH 21:
VALIDATION
valid epoch balanced_accuracy: 0.637500
EPOCH 22:
VALIDATION
valid epoch balanced_accuracy: 0.655000
EPOCH 23:
VALIDATION
valid epoch balanced_accuracy: 0.617500
EPOCH 24:
VALIDATION
valid epoch balanced_accuracy: 0.617500
EPOCH 25:
VALIDATION
valid epoch balanced_accuracy: 0.625000
EPOCH 26:
VALIDATION
valid epoch balanced_accuracy: 0.605000
EPOCH 27:
VALIDATION
valid epoch balanced_accuracy: 0.630000
EPOCH 28:
VALIDATION
valid epoch balanced_accuracy: 0.627500
EPOCH 29:
VALIDATION
valid epoch balanced_accuracy: 0.605000
EPOCH 30:
VALIDATION
valid epoch balanced_accuracy: 0.630000
EPOCH 31:
VALIDATION
valid epoch balanced_accuracy: 0.577500
EPOCH 32:
VALIDATION
valid epoch balanced_accuracy: 0.605000
EPOCH 33:
VALIDATION
valid epoch balanced_accuracy: 0.575000
EPOCH 34:
VALIDATION
valid epoch balanced_accuracy: 0.575000
EPOCH 35:
VALIDATION
valid epoch balanced_accuracy: 0.667500
EPOCH 36:
VALIDATION
valid epoch balanced_accuracy: 0.532500
EPOCH 37:
VALIDATION
valid epoch balanced_accuracy: 0.595000
EPOCH 38:
VALIDATION
valid epoch balanced_accuracy: 0.680000
EPOCH 39:
VALIDATION
valid epoch balanced_accuracy: 0.525000
EPOCH 40:
VALIDATION
valid epoch balanced_accuracy: 0.625000
EPOCH 41:
VALIDATION
valid epoch balanced_accuracy: 0.627500
EPOCH 42:
VALIDATION
valid epoch balanced_accuracy: 0.682500
EPOCH 43:
VALIDATION
valid epoch balanced_accuracy: 0.660000
EPOCH 44:
VALIDATION
valid epoch balanced_accuracy: 0.615000
EPOCH 45:
VALIDATION
valid epoch balanced_accuracy: 0.635000
EPOCH 46:
VALIDATION
valid epoch balanced_accuracy: 0.640000
EPOCH 47:
VALIDATION
valid epoch balanced_accuracy: 0.610000
EPOCH 48:
VALIDATION
valid epoch balanced_accuracy: 0.562500
EPOCH 49:
VALIDATION
valid epoch balanced_accuracy: 0.680000
EPOCH 50:
VALIDATION
valid epoch balanced_accuracy: 0.622500
EPOCH 51:
VALIDATION
valid epoch balanced_accuracy: 0.627500
EPOCH 52:
VALIDATION
valid epoch balanced_accuracy: 0.662500
EPOCH 53:
VALIDATION
valid epoch balanced_accuracy: 0.625000
EPOCH 54:
VALIDATION
valid epoch balanced_accuracy: 0.622500
EPOCH 55:
VALIDATION
valid epoch balanced_accuracy: 0.657500
EPOCH 56:
VALIDATION
valid epoch balanced_accuracy: 0.680000
EPOCH 57:
VALIDATION
valid epoch balanced_accuracy: 0.685000
EPOCH 58:
VALIDATION
valid epoch balanced_accuracy: 0.605000
EPOCH 59:
VALIDATION
valid epoch balanced_accuracy: 0.687500
EPOCH 60:
VALIDATION
valid epoch balanced_accuracy: 0.662500
EPOCH 61:
VALIDATION
valid epoch balanced_accuracy: 0.662500
EPOCH 62:
VALIDATION
valid epoch balanced_accuracy: 0.680000
EPOCH 63:
VALIDATION
valid epoch balanced_accuracy: 0.602500
EPOCH 64:
VALIDATION
valid epoch balanced_accuracy: 0.635000
EPOCH 65:
VALIDATION
valid epoch balanced_accuracy: 0.635000
EPOCH 66:
VALIDATION
valid epoch balanced_accuracy: 0.642500
EPOCH 67:
VALIDATION
valid epoch balanced_accuracy: 0.650000
EPOCH 68:
VALIDATION
valid epoch balanced_accuracy: 0.665000
EPOCH 69:
VALIDATION
valid epoch balanced_accuracy: 0.672500
EPOCH 70:
VALIDATION
valid epoch balanced_accuracy: 0.645000
EPOCH 71:
VALIDATION
valid epoch balanced_accuracy: 0.632500
EPOCH 72:
VALIDATION
valid epoch balanced_accuracy: 0.637500
EPOCH 73:
VALIDATION
valid epoch balanced_accuracy: 0.600000
EPOCH 74:
VALIDATION
valid epoch balanced_accuracy: 0.615000
EPOCH 75:
VALIDATION
valid epoch balanced_accuracy: 0.567500
EPOCH 76:
VALIDATION
valid epoch balanced_accuracy: 0.700000
EPOCH 77:
VALIDATION
valid epoch balanced_accuracy: 0.647500
EPOCH 78:
VALIDATION
valid epoch balanced_accuracy: 0.605000
EPOCH 79:
VALIDATION
valid epoch balanced_accuracy: 0.610000
EPOCH 80:
VALIDATION
valid epoch balanced_accuracy: 0.640000
EPOCH 81:
VALIDATION
valid epoch balanced_accuracy: 0.617500
EPOCH 82:
VALIDATION
valid epoch balanced_accuracy: 0.660000
EPOCH 83:
VALIDATION
valid epoch balanced_accuracy: 0.645000
EPOCH 84:
VALIDATION
valid epoch balanced_accuracy: 0.650000
EPOCH 85:
VALIDATION
valid epoch balanced_accuracy: 0.667500
EPOCH 86:
VALIDATION
valid epoch balanced_accuracy: 0.587500
EPOCH 87:
VALIDATION
valid epoch balanced_accuracy: 0.620000
EPOCH 88:
VALIDATION
valid epoch balanced_accuracy: 0.585000
EPOCH 89:
VALIDATION
valid epoch balanced_accuracy: 0.647500
EPOCH 90:
VALIDATION
valid epoch balanced_accuracy: 0.635000
EPOCH 91:
VALIDATION
valid epoch balanced_accuracy: 0.662500
EPOCH 92:
VALIDATION
valid epoch balanced_accuracy: 0.640000
EPOCH 93:
VALIDATION
valid epoch balanced_accuracy: 0.647500
EPOCH 94:
VALIDATION
valid epoch balanced_accuracy: 0.652500
EPOCH 95:
VALIDATION
valid epoch balanced_accuracy: 0.670000
EPOCH 96:
VALIDATION
valid epoch balanced_accuracy: 0.682500
EPOCH 97:
VALIDATION
valid epoch balanced_accuracy: 0.682500
EPOCH 98:
VALIDATION
valid epoch balanced_accuracy: 0.670000
EPOCH 99:
VALIDATION
valid epoch balanced_accuracy: 0.670000
EPOCH 100:
VALIDATION
valid epoch balanced_accuracy: 0.677500
EPOCH 101:
VALIDATION
valid epoch balanced_accuracy: 0.665000
EPOCH 102:
VALIDATION
valid epoch balanced_accuracy: 0.660000
EPOCH 103:
VALIDATION
valid epoch balanced_accuracy: 0.660000
EPOCH 104:
VALIDATION
valid epoch balanced_accuracy: 0.652500
EPOCH 105:
VALIDATION
valid epoch balanced_accuracy: 0.605000
EPOCH 106:
VALIDATION
valid epoch balanced_accuracy: 0.650000
EPOCH 107:
VALIDATION
valid epoch balanced_accuracy: 0.627500
EPOCH 108:
VALIDATION
valid epoch balanced_accuracy: 0.662500
EPOCH 109:
VALIDATION
valid epoch balanced_accuracy: 0.660000
EPOCH 110:
VALIDATION
valid epoch balanced_accuracy: 0.620000
EPOCH 111:
VALIDATION
valid epoch balanced_accuracy: 0.582500
EPOCH 112:
VALIDATION
valid epoch balanced_accuracy: 0.572500
EPOCH 113:
VALIDATION
valid epoch balanced_accuracy: 0.625000
EPOCH 114:
VALIDATION
valid epoch balanced_accuracy: 0.602500
EPOCH 115:
VALIDATION
valid epoch balanced_accuracy: 0.657500
EPOCH 116:
VALIDATION
valid epoch balanced_accuracy: 0.660000
EPOCH 117:
VALIDATION
valid epoch balanced_accuracy: 0.670000
EPOCH 118:
VALIDATION
valid epoch balanced_accuracy: 0.660000
EPOCH 119:
VALIDATION
valid epoch balanced_accuracy: 0.625000
EPOCH 120:
VALIDATION
valid epoch balanced_accuracy: 0.610000
EPOCH 121:
VALIDATION
valid epoch balanced_accuracy: 0.635000
EPOCH 122:
VALIDATION
valid epoch balanced_accuracy: 0.580000
EPOCH 123:
VALIDATION
valid epoch balanced_accuracy: 0.632500
EPOCH 124:
VALIDATION
valid epoch balanced_accuracy: 0.637500
EPOCH 125:
VALIDATION
valid epoch balanced_accuracy: 0.630000
EPOCH 126:
VALIDATION
valid epoch balanced_accuracy: 0.650000
EPOCH 127:
VALIDATION
valid epoch balanced_accuracy: 0.630000
EPOCH 128:
VALIDATION
valid epoch balanced_accuracy: 0.650000
EPOCH 129:
VALIDATION
valid epoch balanced_accuracy: 0.660000
EPOCH 130:
VALIDATION
valid epoch balanced_accuracy: 0.642500
EPOCH 131:
VALIDATION
valid epoch balanced_accuracy: 0.667500
EPOCH 132:
VALIDATION
valid epoch balanced_accuracy: 0.582500
EPOCH 133:
VALIDATION
valid epoch balanced_accuracy: 0.627500
EPOCH 134:
VALIDATION
valid epoch balanced_accuracy: 0.637500
EPOCH 135:
VALIDATION
valid epoch balanced_accuracy: 0.690000
EPOCH 136:
VALIDATION
valid epoch balanced_accuracy: 0.647500
EPOCH 137:
VALIDATION
valid epoch balanced_accuracy: 0.695000
EPOCH 138:
VALIDATION
valid epoch balanced_accuracy: 0.670000
EPOCH 139:
VALIDATION
valid epoch balanced_accuracy: 0.670000
EPOCH 140:
VALIDATION
valid epoch balanced_accuracy: 0.650000
EPOCH 141:
VALIDATION
valid epoch balanced_accuracy: 0.680000
EPOCH 142:
VALIDATION
valid epoch balanced_accuracy: 0.670000
EPOCH 143:
VALIDATION
valid epoch balanced_accuracy: 0.677500
EPOCH 144:
VALIDATION
valid epoch balanced_accuracy: 0.670000
EPOCH 145:
VALIDATION
valid epoch balanced_accuracy: 0.657500
EPOCH 146:
VALIDATION
valid epoch balanced_accuracy: 0.677500
EPOCH 147:
VALIDATION
valid epoch balanced_accuracy: 0.602500
EPOCH 148:
VALIDATION
valid epoch balanced_accuracy: 0.682500
EPOCH 149:
VALIDATION
valid epoch balanced_accuracy: 0.675000
EPOCH 150:
VALIDATION
valid epoch balanced_accuracy: 0.650000
accuracy: 0.677778
sensitivity: 0.500000
precision: 0.862069
specificity: 0.900000
IoU: 0.462963
FAR: 0.100000
F1: 0.632911
balanced_accuracy: 0.700000
loss: 1.968259
