Waiting for exclusive access to GPU GPU-7b6eb320-b9ce-377c-7f11-da6a0056ab8a.
=== GROUP: lipocalin | VARIANT: bbp_nps3mlp_dpt01_gm | SEED: 1 | GPU: NVIDIA H200 ===

number of parameters : 1403984
train : (1332, 12)
valid : (90, 12)
test : (90, 12)
class weights : [1.0, 1.0]
balanced batches : 84 per epoch covering all 1332 train rows, target 8 positive + 8 unlabeled
data extracted
EPOCH 1:
VALIDATION
valid epoch balanced_accuracy: 0.465909
EPOCH 2:
VALIDATION
valid epoch balanced_accuracy: 0.477767
EPOCH 3:
VALIDATION
valid epoch balanced_accuracy: 0.477273
EPOCH 4:
VALIDATION
valid epoch balanced_accuracy: 0.511858
EPOCH 5:
VALIDATION
valid epoch balanced_accuracy: 0.569664
EPOCH 6:
VALIDATION
valid epoch balanced_accuracy: 0.580040
EPOCH 7:
VALIDATION
valid epoch balanced_accuracy: 0.603755
EPOCH 8:
VALIDATION
valid epoch balanced_accuracy: 0.579051
EPOCH 9:
VALIDATION
valid epoch balanced_accuracy: 0.613636
EPOCH 10:
VALIDATION
valid epoch balanced_accuracy: 0.614130
EPOCH 11:
VALIDATION
valid epoch balanced_accuracy: 0.546443
EPOCH 12:
VALIDATION
valid epoch balanced_accuracy: 0.502964
EPOCH 13:
VALIDATION
valid epoch balanced_accuracy: 0.557312
EPOCH 14:
VALIDATION
valid epoch balanced_accuracy: 0.458004
EPOCH 15:
VALIDATION
valid epoch balanced_accuracy: 0.448123
EPOCH 16:
VALIDATION
valid epoch balanced_accuracy: 0.569170
EPOCH 17:
VALIDATION
valid epoch balanced_accuracy: 0.499012
EPOCH 18:
VALIDATION
valid epoch balanced_accuracy: 0.626482
EPOCH 19:
VALIDATION
valid epoch balanced_accuracy: 0.544960
EPOCH 20:
VALIDATION
valid epoch balanced_accuracy: 0.581522
EPOCH 21:
VALIDATION
valid epoch balanced_accuracy: 0.676383
EPOCH 22:
VALIDATION
valid epoch balanced_accuracy: 0.721344
EPOCH 23:
VALIDATION
valid epoch balanced_accuracy: 0.624506
EPOCH 24:
VALIDATION
valid epoch balanced_accuracy: 0.686759
EPOCH 25:
VALIDATION
valid epoch balanced_accuracy: 0.624012
EPOCH 26:
VALIDATION
valid epoch balanced_accuracy: 0.625000
EPOCH 27:
VALIDATION
valid epoch balanced_accuracy: 0.649209
EPOCH 28:
VALIDATION
valid epoch balanced_accuracy: 0.721838
EPOCH 29:
VALIDATION
valid epoch balanced_accuracy: 0.568676
EPOCH 30:
VALIDATION
valid epoch balanced_accuracy: 0.570652
EPOCH 31:
VALIDATION
valid epoch balanced_accuracy: 0.625988
EPOCH 32:
VALIDATION
valid epoch balanced_accuracy: 0.744071
EPOCH 33:
VALIDATION
valid epoch balanced_accuracy: 0.580040
EPOCH 34:
VALIDATION
valid epoch balanced_accuracy: 0.558300
EPOCH 35:
VALIDATION
valid epoch balanced_accuracy: 0.537549
EPOCH 36:
VALIDATION
valid epoch balanced_accuracy: 0.551383
EPOCH 37:
VALIDATION
valid epoch balanced_accuracy: 0.591897
EPOCH 38:
VALIDATION
valid epoch balanced_accuracy: 0.580534
EPOCH 39:
VALIDATION
valid epoch balanced_accuracy: 0.615613
EPOCH 40:
VALIDATION
valid epoch balanced_accuracy: 0.592391
EPOCH 41:
VALIDATION
valid epoch balanced_accuracy: 0.592885
EPOCH 42:
VALIDATION
valid epoch balanced_accuracy: 0.592391
EPOCH 43:
VALIDATION
valid epoch balanced_accuracy: 0.582016
EPOCH 44:
VALIDATION
valid epoch balanced_accuracy: 0.609684
EPOCH 45:
VALIDATION
valid epoch balanced_accuracy: 0.550889
EPOCH 46:
VALIDATION
valid epoch balanced_accuracy: 0.515316
EPOCH 47:
VALIDATION
valid epoch balanced_accuracy: 0.500494
EPOCH 48:
VALIDATION
valid epoch balanced_accuracy: 0.603755
EPOCH 49:
VALIDATION
valid epoch balanced_accuracy: 0.559783
EPOCH 50:
VALIDATION
valid epoch balanced_accuracy: 0.592391
EPOCH 51:
VALIDATION
valid epoch balanced_accuracy: 0.603261
EPOCH 52:
VALIDATION
valid epoch balanced_accuracy: 0.626976
EPOCH 53:
VALIDATION
valid epoch balanced_accuracy: 0.562253
EPOCH 54:
VALIDATION
valid epoch balanced_accuracy: 0.571146
EPOCH 55:
VALIDATION
valid epoch balanced_accuracy: 0.515810
EPOCH 56:
VALIDATION
valid epoch balanced_accuracy: 0.557806
EPOCH 57:
VALIDATION
valid epoch balanced_accuracy: 0.645257
EPOCH 58:
VALIDATION
valid epoch balanced_accuracy: 0.556818
EPOCH 59:
VALIDATION
valid epoch balanced_accuracy: 0.515810
EPOCH 60:
VALIDATION
valid epoch balanced_accuracy: 0.515316
EPOCH 61:
VALIDATION
valid epoch balanced_accuracy: 0.525198
EPOCH 62:
VALIDATION
valid epoch balanced_accuracy: 0.475296
EPOCH 63:
VALIDATION
valid epoch balanced_accuracy: 0.504447
EPOCH 64:
VALIDATION
valid epoch balanced_accuracy: 0.525198
EPOCH 65:
VALIDATION
valid epoch balanced_accuracy: 0.490613
EPOCH 66:
VALIDATION
valid epoch balanced_accuracy: 0.502964
EPOCH 67:
VALIDATION
valid epoch balanced_accuracy: 0.538538
EPOCH 68:
VALIDATION
valid epoch balanced_accuracy: 0.467391
EPOCH 69:
VALIDATION
valid epoch balanced_accuracy: 0.581522
EPOCH 70:
VALIDATION
valid epoch balanced_accuracy: 0.526680
EPOCH 71:
VALIDATION
valid epoch balanced_accuracy: 0.582016
EPOCH 72:
VALIDATION
valid epoch balanced_accuracy: 0.559289
EPOCH 73:
VALIDATION
valid epoch balanced_accuracy: 0.535079
EPOCH 74:
VALIDATION
valid epoch balanced_accuracy: 0.482213
EPOCH 75:
VALIDATION
valid epoch balanced_accuracy: 0.540020
EPOCH 76:
VALIDATION
valid epoch balanced_accuracy: 0.557806
EPOCH 77:
VALIDATION
valid epoch balanced_accuracy: 0.524704
EPOCH 78:
VALIDATION
valid epoch balanced_accuracy: 0.536067
EPOCH 79:
VALIDATION
valid epoch balanced_accuracy: 0.525692
EPOCH 80:
VALIDATION
valid epoch balanced_accuracy: 0.547431
EPOCH 81:
VALIDATION
valid epoch balanced_accuracy: 0.558794
EPOCH 82:
VALIDATION
valid epoch balanced_accuracy: 0.547925
EPOCH 83:
VALIDATION
valid epoch balanced_accuracy: 0.504447
EPOCH 84:
VALIDATION
valid epoch balanced_accuracy: 0.570652
EPOCH 85:
VALIDATION
valid epoch balanced_accuracy: 0.546937
EPOCH 86:
VALIDATION
valid epoch balanced_accuracy: 0.537549
EPOCH 87:
VALIDATION
valid epoch balanced_accuracy: 0.537055
EPOCH 88:
VALIDATION
valid epoch balanced_accuracy: 0.581522
EPOCH 89:
VALIDATION
valid epoch balanced_accuracy: 0.439229
EPOCH 90:
VALIDATION
valid epoch balanced_accuracy: 0.571146
EPOCH 91:
VALIDATION
valid epoch balanced_accuracy: 0.537549
EPOCH 92:
VALIDATION
valid epoch balanced_accuracy: 0.547925
EPOCH 93:
VALIDATION
valid epoch balanced_accuracy: 0.514822
EPOCH 94:
VALIDATION
valid epoch balanced_accuracy: 0.525198
EPOCH 95:
VALIDATION
valid epoch balanced_accuracy: 0.574111
EPOCH 96:
VALIDATION
valid epoch balanced_accuracy: 0.514328
EPOCH 97:
VALIDATION
valid epoch balanced_accuracy: 0.513834
EPOCH 98:
VALIDATION
valid epoch balanced_accuracy: 0.513340
EPOCH 99:
VALIDATION
valid epoch balanced_accuracy: 0.481719
EPOCH 100:
VALIDATION
valid epoch balanced_accuracy: 0.513340
EPOCH 101:
VALIDATION
valid epoch balanced_accuracy: 0.524704
EPOCH 102:
VALIDATION
valid epoch balanced_accuracy: 0.535573
EPOCH 103:
VALIDATION
valid epoch balanced_accuracy: 0.558794
EPOCH 104:
VALIDATION
valid epoch balanced_accuracy: 0.503458
EPOCH 105:
VALIDATION
valid epoch balanced_accuracy: 0.570652
EPOCH 106:
VALIDATION
valid epoch balanced_accuracy: 0.547431
EPOCH 107:
VALIDATION
valid epoch balanced_accuracy: 0.525692
EPOCH 108:
VALIDATION
valid epoch balanced_accuracy: 0.526186
EPOCH 109:
VALIDATION
valid epoch balanced_accuracy: 0.469368
EPOCH 110:
VALIDATION
valid epoch balanced_accuracy: 0.548913
EPOCH 111:
VALIDATION
valid epoch balanced_accuracy: 0.492095
EPOCH 112:
VALIDATION
valid epoch balanced_accuracy: 0.536067
EPOCH 113:
VALIDATION
valid epoch balanced_accuracy: 0.481719
EPOCH 114:
VALIDATION
valid epoch balanced_accuracy: 0.558794
EPOCH 115:
VALIDATION
valid epoch balanced_accuracy: 0.536067
EPOCH 116:
VALIDATION
valid epoch balanced_accuracy: 0.536067
EPOCH 117:
VALIDATION
valid epoch balanced_accuracy: 0.548419
EPOCH 118:
VALIDATION
valid epoch balanced_accuracy: 0.501976
EPOCH 119:
VALIDATION
valid epoch balanced_accuracy: 0.570652
EPOCH 120:
VALIDATION
valid epoch balanced_accuracy: 0.536561
EPOCH 121:
VALIDATION
valid epoch balanced_accuracy: 0.548913
EPOCH 122:
VALIDATION
valid epoch balanced_accuracy: 0.524704
EPOCH 123:
VALIDATION
valid epoch balanced_accuracy: 0.537549
EPOCH 124:
VALIDATION
valid epoch balanced_accuracy: 0.524704
EPOCH 125:
VALIDATION
valid epoch balanced_accuracy: 0.503953
EPOCH 126:
VALIDATION
valid epoch balanced_accuracy: 0.504447
EPOCH 127:
VALIDATION
valid epoch balanced_accuracy: 0.493083
EPOCH 128:
VALIDATION
valid epoch balanced_accuracy: 0.481719
EPOCH 129:
VALIDATION
valid epoch balanced_accuracy: 0.504447
EPOCH 130:
VALIDATION
valid epoch balanced_accuracy: 0.537549
EPOCH 131:
VALIDATION
valid epoch balanced_accuracy: 0.546937
EPOCH 132:
VALIDATION
valid epoch balanced_accuracy: 0.535573
EPOCH 133:
VALIDATION
valid epoch balanced_accuracy: 0.547431
EPOCH 134:
VALIDATION
valid epoch balanced_accuracy: 0.536561
EPOCH 135:
VALIDATION
valid epoch balanced_accuracy: 0.546937
EPOCH 136:
VALIDATION
valid epoch balanced_accuracy: 0.558300
EPOCH 137:
VALIDATION
valid epoch balanced_accuracy: 0.524209
EPOCH 138:
VALIDATION
valid epoch balanced_accuracy: 0.558300
EPOCH 139:
VALIDATION
valid epoch balanced_accuracy: 0.523715
EPOCH 140:
VALIDATION
valid epoch balanced_accuracy: 0.525692
EPOCH 141:
VALIDATION
valid epoch balanced_accuracy: 0.525692
EPOCH 142:
VALIDATION
valid epoch balanced_accuracy: 0.536561
EPOCH 143:
VALIDATION
valid epoch balanced_accuracy: 0.525692
EPOCH 144:
VALIDATION
valid epoch balanced_accuracy: 0.548913
EPOCH 145:
VALIDATION
valid epoch balanced_accuracy: 0.535079
EPOCH 146:
VALIDATION
valid epoch balanced_accuracy: 0.480731
EPOCH 147:
VALIDATION
valid epoch balanced_accuracy: 0.514328
EPOCH 148:
VALIDATION
valid epoch balanced_accuracy: 0.525692
EPOCH 149:
VALIDATION
valid epoch balanced_accuracy: 0.547431
EPOCH 150:
VALIDATION
valid epoch balanced_accuracy: 0.546937
accuracy: 0.622222
sensitivity: 0.363636
precision: 0.727273
specificity: 0.869565
IoU: 0.320000
FAR: 0.130435
F1: 0.484848
balanced_accuracy: 0.616601
loss: 0.787121
