Waiting for exclusive access to GPU GPU-d2c3b238-e83f-cc67-4da6-d7d4992e8156.
=== GROUP: LBP_BPI_CETP | VARIANT: no_post_sa_3mlp_addpool | SEED: 3 | GPU: Tesla V100-SXM2-32GB ===

number of parameters : 1403982
train : (1243, 12)
valid : (44, 12)
test : (44, 12)
class weights : [1.1466789245605469, 0.8865906000137329]
data extracted
EPOCH 1:
VALIDATION
valid epoch balanced_accuracy: 0.500000
EPOCH 2:
VALIDATION
valid epoch balanced_accuracy: 0.605263
EPOCH 3:
VALIDATION
valid epoch balanced_accuracy: 0.500000
EPOCH 4:
VALIDATION
valid epoch balanced_accuracy: 0.493684
EPOCH 5:
VALIDATION
valid epoch balanced_accuracy: 0.607368
EPOCH 6:
VALIDATION
valid epoch balanced_accuracy: 0.676842
EPOCH 7:
VALIDATION
valid epoch balanced_accuracy: 0.552632
EPOCH 8:
VALIDATION
valid epoch balanced_accuracy: 0.540000
EPOCH 9:
VALIDATION
valid epoch balanced_accuracy: 0.482105
EPOCH 10:
VALIDATION
valid epoch balanced_accuracy: 0.500000
EPOCH 11:
VALIDATION
valid epoch balanced_accuracy: 0.729474
EPOCH 12:
VALIDATION
valid epoch balanced_accuracy: 0.537895
EPOCH 13:
VALIDATION
valid epoch balanced_accuracy: 0.680000
EPOCH 14:
VALIDATION
valid epoch balanced_accuracy: 0.500000
EPOCH 15:
VALIDATION
valid epoch balanced_accuracy: 0.474737
EPOCH 16:
VALIDATION
valid epoch balanced_accuracy: 0.493684
EPOCH 17:
VALIDATION
valid epoch balanced_accuracy: 0.540000
EPOCH 18:
VALIDATION
valid epoch balanced_accuracy: 0.500000
EPOCH 19:
VALIDATION
valid epoch balanced_accuracy: 0.681053
EPOCH 20:
VALIDATION
valid epoch balanced_accuracy: 0.500000
EPOCH 21:
VALIDATION
valid epoch balanced_accuracy: 0.533684
EPOCH 22:
VALIDATION
valid epoch balanced_accuracy: 0.540000
EPOCH 23:
VALIDATION
valid epoch balanced_accuracy: 0.673684
EPOCH 24:
VALIDATION
valid epoch balanced_accuracy: 0.527368
EPOCH 25:
VALIDATION
valid epoch balanced_accuracy: 0.580000
EPOCH 26:
VALIDATION
valid epoch balanced_accuracy: 0.467368
EPOCH 27:
VALIDATION
valid epoch balanced_accuracy: 0.747368
EPOCH 28:
VALIDATION
valid epoch balanced_accuracy: 0.593684
EPOCH 29:
VALIDATION
valid epoch balanced_accuracy: 0.748421
EPOCH 30:
VALIDATION
valid epoch balanced_accuracy: 0.593684
EPOCH 31:
VALIDATION
valid epoch balanced_accuracy: 0.881053
EPOCH 32:
VALIDATION
valid epoch balanced_accuracy: 0.533684
EPOCH 33:
VALIDATION
valid epoch balanced_accuracy: 0.547368
EPOCH 34:
VALIDATION
valid epoch balanced_accuracy: 0.513684
EPOCH 35:
VALIDATION
valid epoch balanced_accuracy: 0.567368
EPOCH 36:
VALIDATION
valid epoch balanced_accuracy: 0.602105
EPOCH 37:
VALIDATION
valid epoch balanced_accuracy: 0.709474
EPOCH 38:
VALIDATION
valid epoch balanced_accuracy: 0.707368
EPOCH 39:
VALIDATION
valid epoch balanced_accuracy: 0.687368
EPOCH 40:
VALIDATION
valid epoch balanced_accuracy: 0.620000
EPOCH 41:
VALIDATION
valid epoch balanced_accuracy: 0.713684
EPOCH 42:
VALIDATION
valid epoch balanced_accuracy: 0.827368
EPOCH 43:
VALIDATION
valid epoch balanced_accuracy: 0.567368
EPOCH 44:
VALIDATION
valid epoch balanced_accuracy: 0.547368
EPOCH 45:
VALIDATION
valid epoch balanced_accuracy: 0.687368
EPOCH 46:
VALIDATION
valid epoch balanced_accuracy: 0.527368
EPOCH 47:
VALIDATION
valid epoch balanced_accuracy: 0.794737
EPOCH 48:
VALIDATION
valid epoch balanced_accuracy: 0.667368
EPOCH 49:
VALIDATION
valid epoch balanced_accuracy: 0.741053
EPOCH 50:
VALIDATION
valid epoch balanced_accuracy: 0.587368
EPOCH 51:
VALIDATION
valid epoch balanced_accuracy: 0.700000
EPOCH 52:
VALIDATION
valid epoch balanced_accuracy: 0.761053
EPOCH 53:
VALIDATION
valid epoch balanced_accuracy: 0.760000
EPOCH 54:
VALIDATION
valid epoch balanced_accuracy: 0.607368
EPOCH 55:
VALIDATION
valid epoch balanced_accuracy: 0.707368
EPOCH 56:
VALIDATION
valid epoch balanced_accuracy: 0.781053
EPOCH 57:
VALIDATION
valid epoch balanced_accuracy: 0.714737
EPOCH 58:
VALIDATION
valid epoch balanced_accuracy: 0.754737
EPOCH 59:
VALIDATION
valid epoch balanced_accuracy: 0.721053
EPOCH 60:
VALIDATION
valid epoch balanced_accuracy: 0.773684
EPOCH 61:
VALIDATION
valid epoch balanced_accuracy: 0.727368
EPOCH 62:
VALIDATION
valid epoch balanced_accuracy: 0.727368
EPOCH 63:
VALIDATION
valid epoch balanced_accuracy: 0.827368
EPOCH 64:
VALIDATION
valid epoch balanced_accuracy: 0.768421
EPOCH 65:
VALIDATION
valid epoch balanced_accuracy: 0.780000
EPOCH 66:
VALIDATION
valid epoch balanced_accuracy: 0.781053
EPOCH 67:
VALIDATION
valid epoch balanced_accuracy: 0.807368
EPOCH 68:
VALIDATION
valid epoch balanced_accuracy: 0.747368
EPOCH 69:
VALIDATION
valid epoch balanced_accuracy: 0.807368
EPOCH 70:
VALIDATION
valid epoch balanced_accuracy: 0.787368
EPOCH 71:
VALIDATION
valid epoch balanced_accuracy: 0.607368
EPOCH 72:
VALIDATION
valid epoch balanced_accuracy: 0.627368
EPOCH 73:
VALIDATION
valid epoch balanced_accuracy: 0.767368
EPOCH 74:
VALIDATION
valid epoch balanced_accuracy: 0.601053
EPOCH 75:
VALIDATION
valid epoch balanced_accuracy: 0.787368
EPOCH 76:
VALIDATION
valid epoch balanced_accuracy: 0.653684
EPOCH 77:
VALIDATION
valid epoch balanced_accuracy: 0.722105
EPOCH 78:
VALIDATION
valid epoch balanced_accuracy: 0.727368
EPOCH 79:
VALIDATION
valid epoch balanced_accuracy: 0.741053
EPOCH 80:
VALIDATION
valid epoch balanced_accuracy: 0.713684
EPOCH 81:
VALIDATION
valid epoch balanced_accuracy: 0.748421
EPOCH 82:
VALIDATION
valid epoch balanced_accuracy: 0.801053
EPOCH 83:
VALIDATION
valid epoch balanced_accuracy: 0.741053
EPOCH 84:
VALIDATION
valid epoch balanced_accuracy: 0.687368
EPOCH 85:
VALIDATION
valid epoch balanced_accuracy: 0.701053
EPOCH 86:
VALIDATION
valid epoch balanced_accuracy: 0.701053
EPOCH 87:
VALIDATION
valid epoch balanced_accuracy: 0.767368
EPOCH 88:
VALIDATION
valid epoch balanced_accuracy: 0.787368
EPOCH 89:
VALIDATION
valid epoch balanced_accuracy: 0.787368
EPOCH 90:
VALIDATION
valid epoch balanced_accuracy: 0.747368
EPOCH 91:
VALIDATION
valid epoch balanced_accuracy: 0.681053
EPOCH 92:
VALIDATION
valid epoch balanced_accuracy: 0.607368
EPOCH 93:
VALIDATION
valid epoch balanced_accuracy: 0.767368
EPOCH 94:
VALIDATION
valid epoch balanced_accuracy: 0.801053
EPOCH 95:
VALIDATION
valid epoch balanced_accuracy: 0.827368
EPOCH 96:
VALIDATION
valid epoch balanced_accuracy: 0.801053
EPOCH 97:
VALIDATION
valid epoch balanced_accuracy: 0.814737
EPOCH 98:
VALIDATION
valid epoch balanced_accuracy: 0.821053
EPOCH 99:
VALIDATION
valid epoch balanced_accuracy: 0.807368
EPOCH 100:
VALIDATION
valid epoch balanced_accuracy: 0.747368
EPOCH 101:
VALIDATION
valid epoch balanced_accuracy: 0.767368
EPOCH 102:
VALIDATION
valid epoch balanced_accuracy: 0.807368
EPOCH 103:
VALIDATION
valid epoch balanced_accuracy: 0.807368
EPOCH 104:
VALIDATION
valid epoch balanced_accuracy: 0.707368
EPOCH 105:
VALIDATION
valid epoch balanced_accuracy: 0.840000
EPOCH 106:
VALIDATION
valid epoch balanced_accuracy: 0.621053
EPOCH 107:
VALIDATION
valid epoch balanced_accuracy: 0.703158
EPOCH 108:
VALIDATION
valid epoch balanced_accuracy: 0.774737
EPOCH 109:
VALIDATION
valid epoch balanced_accuracy: 0.761053
EPOCH 110:
VALIDATION
valid epoch balanced_accuracy: 0.727368
EPOCH 111:
VALIDATION
valid epoch balanced_accuracy: 0.761053
EPOCH 112:
VALIDATION
valid epoch balanced_accuracy: 0.807368
EPOCH 113:
VALIDATION
valid epoch balanced_accuracy: 0.707368
EPOCH 114:
VALIDATION
valid epoch balanced_accuracy: 0.767368
EPOCH 115:
VALIDATION
valid epoch balanced_accuracy: 0.807368
EPOCH 116:
VALIDATION
valid epoch balanced_accuracy: 0.821053
EPOCH 117:
VALIDATION
valid epoch balanced_accuracy: 0.807368
EPOCH 118:
VALIDATION
valid epoch balanced_accuracy: 0.821053
EPOCH 119:
VALIDATION
valid epoch balanced_accuracy: 0.747368
EPOCH 120:
VALIDATION
valid epoch balanced_accuracy: 0.747368
EPOCH 121:
VALIDATION
valid epoch balanced_accuracy: 0.767368
EPOCH 122:
VALIDATION
valid epoch balanced_accuracy: 0.827368
EPOCH 123:
VALIDATION
valid epoch balanced_accuracy: 0.747368
EPOCH 124:
VALIDATION
valid epoch balanced_accuracy: 0.801053
EPOCH 125:
VALIDATION
valid epoch balanced_accuracy: 0.761053
EPOCH 126:
VALIDATION
valid epoch balanced_accuracy: 0.807368
EPOCH 127:
VALIDATION
valid epoch balanced_accuracy: 0.747368
EPOCH 128:
VALIDATION
valid epoch balanced_accuracy: 0.767368
EPOCH 129:
VALIDATION
valid epoch balanced_accuracy: 0.747368
EPOCH 130:
VALIDATION
valid epoch balanced_accuracy: 0.781053
EPOCH 131:
VALIDATION
valid epoch balanced_accuracy: 0.787368
EPOCH 132:
VALIDATION
valid epoch balanced_accuracy: 0.801053
EPOCH 133:
VALIDATION
valid epoch balanced_accuracy: 0.781053
EPOCH 134:
VALIDATION
valid epoch balanced_accuracy: 0.827368
EPOCH 135:
VALIDATION
valid epoch balanced_accuracy: 0.787368
EPOCH 136:
VALIDATION
valid epoch balanced_accuracy: 0.787368
EPOCH 137:
VALIDATION
valid epoch balanced_accuracy: 0.747368
EPOCH 138:
VALIDATION
valid epoch balanced_accuracy: 0.761053
EPOCH 139:
VALIDATION
valid epoch balanced_accuracy: 0.655789
EPOCH 140:
VALIDATION
valid epoch balanced_accuracy: 0.527368
EPOCH 141:
VALIDATION
valid epoch balanced_accuracy: 0.787368
EPOCH 142:
VALIDATION
valid epoch balanced_accuracy: 0.681053
EPOCH 143:
VALIDATION
valid epoch balanced_accuracy: 0.627368
EPOCH 144:
VALIDATION
valid epoch balanced_accuracy: 0.767368
EPOCH 145:
VALIDATION
valid epoch balanced_accuracy: 0.668421
EPOCH 146:
VALIDATION
valid epoch balanced_accuracy: 0.727368
EPOCH 147:
VALIDATION
valid epoch balanced_accuracy: 0.727368
EPOCH 148:
VALIDATION
valid epoch balanced_accuracy: 0.761053
EPOCH 149:
VALIDATION
valid epoch balanced_accuracy: 0.767368
EPOCH 150:
VALIDATION
valid epoch balanced_accuracy: 0.747368
accuracy: 0.568182
sensitivity: 0.533333
precision: 0.761905
specificity: 0.642857
IoU: 0.457143
FAR: 0.357143
F1: 0.627451
balanced_accuracy: 0.588095
loss: 2.445281
