Waiting for exclusive access to GPU GPU-43fc2976-8bd9-1b44-b580-f4bcc9c73313.
=== GROUP: CRAL-TRIO | VARIANT: bbp_nps3mlp_dpt01_gm_mlpplm1ldet | SEED: 2 | GPU: NVIDIA H100 ===

number of parameters : 2363474
train : (1104, 12)
valid : (204, 12)
test : (204, 12)
class weights : [1.0, 1.0]
balanced batches : 69 per epoch covering all 1104 train rows, target 8 positive + 8 unlabeled
data extracted
EPOCH 1:
VALIDATION
valid epoch balanced_accuracy: 0.309091
EPOCH 2:
VALIDATION
valid epoch balanced_accuracy: 0.354257
EPOCH 3:
VALIDATION
valid epoch balanced_accuracy: 0.365512
EPOCH 4:
VALIDATION
valid epoch balanced_accuracy: 0.449495
EPOCH 5:
VALIDATION
valid epoch balanced_accuracy: 0.594949
EPOCH 6:
VALIDATION
valid epoch balanced_accuracy: 0.716306
EPOCH 7:
VALIDATION
valid epoch balanced_accuracy: 0.501010
EPOCH 8:
VALIDATION
valid epoch balanced_accuracy: 0.604906
EPOCH 9:
VALIDATION
valid epoch balanced_accuracy: 0.702742
EPOCH 10:
VALIDATION
valid epoch balanced_accuracy: 0.685137
EPOCH 11:
VALIDATION
valid epoch balanced_accuracy: 0.664502
EPOCH 12:
VALIDATION
valid epoch balanced_accuracy: 0.652237
EPOCH 13:
VALIDATION
valid epoch balanced_accuracy: 0.641414
EPOCH 14:
VALIDATION
valid epoch balanced_accuracy: 0.645599
EPOCH 15:
VALIDATION
valid epoch balanced_accuracy: 0.675325
EPOCH 16:
VALIDATION
valid epoch balanced_accuracy: 0.701154
EPOCH 17:
VALIDATION
valid epoch balanced_accuracy: 0.726984
EPOCH 18:
VALIDATION
valid epoch balanced_accuracy: 0.716883
EPOCH 19:
VALIDATION
valid epoch balanced_accuracy: 0.682251
EPOCH 20:
VALIDATION
valid epoch balanced_accuracy: 0.721356
EPOCH 21:
VALIDATION
valid epoch balanced_accuracy: 0.724964
EPOCH 22:
VALIDATION
valid epoch balanced_accuracy: 0.756133
EPOCH 23:
VALIDATION
valid epoch balanced_accuracy: 0.713997
EPOCH 24:
VALIDATION
valid epoch balanced_accuracy: 0.721645
EPOCH 25:
VALIDATION
valid epoch balanced_accuracy: 0.698124
EPOCH 26:
VALIDATION
valid epoch balanced_accuracy: 0.669553
EPOCH 27:
VALIDATION
valid epoch balanced_accuracy: 0.589466
EPOCH 28:
VALIDATION
valid epoch balanced_accuracy: 0.727706
EPOCH 29:
VALIDATION
valid epoch balanced_accuracy: 0.573449
EPOCH 30:
VALIDATION
valid epoch balanced_accuracy: 0.737662
EPOCH 31:
VALIDATION
valid epoch balanced_accuracy: 0.670707
EPOCH 32:
VALIDATION
valid epoch balanced_accuracy: 0.736219
EPOCH 33:
VALIDATION
valid epoch balanced_accuracy: 0.629870
EPOCH 34:
VALIDATION
valid epoch balanced_accuracy: 0.734199
EPOCH 35:
VALIDATION
valid epoch balanced_accuracy: 0.636219
EPOCH 36:
VALIDATION
valid epoch balanced_accuracy: 0.746609
EPOCH 37:
VALIDATION
valid epoch balanced_accuracy: 0.725830
EPOCH 38:
VALIDATION
valid epoch balanced_accuracy: 0.658730
EPOCH 39:
VALIDATION
valid epoch balanced_accuracy: 0.723377
EPOCH 40:
VALIDATION
valid epoch balanced_accuracy: 0.656710
EPOCH 41:
VALIDATION
valid epoch balanced_accuracy: 0.667100
EPOCH 42:
VALIDATION
valid epoch balanced_accuracy: 0.701443
EPOCH 43:
VALIDATION
valid epoch balanced_accuracy: 0.625397
EPOCH 44:
VALIDATION
valid epoch balanced_accuracy: 0.674892
EPOCH 45:
VALIDATION
valid epoch balanced_accuracy: 0.451371
EPOCH 46:
VALIDATION
valid epoch balanced_accuracy: 0.526263
EPOCH 47:
VALIDATION
valid epoch balanced_accuracy: 0.684993
EPOCH 48:
VALIDATION
valid epoch balanced_accuracy: 0.505628
EPOCH 49:
VALIDATION
valid epoch balanced_accuracy: 0.581097
EPOCH 50:
VALIDATION
valid epoch balanced_accuracy: 0.680231
EPOCH 51:
VALIDATION
valid epoch balanced_accuracy: 0.628139
EPOCH 52:
VALIDATION
valid epoch balanced_accuracy: 0.531169
EPOCH 53:
VALIDATION
valid epoch balanced_accuracy: 0.563203
EPOCH 54:
VALIDATION
valid epoch balanced_accuracy: 0.502165
EPOCH 55:
VALIDATION
valid epoch balanced_accuracy: 0.574892
EPOCH 56:
VALIDATION
valid epoch balanced_accuracy: 0.595671
EPOCH 57:
VALIDATION
valid epoch balanced_accuracy: 0.582251
EPOCH 58:
VALIDATION
valid epoch balanced_accuracy: 0.593651
EPOCH 59:
VALIDATION
valid epoch balanced_accuracy: 0.675180
EPOCH 60:
VALIDATION
valid epoch balanced_accuracy: 0.601876
EPOCH 61:
VALIDATION
valid epoch balanced_accuracy: 0.673304
EPOCH 62:
VALIDATION
valid epoch balanced_accuracy: 0.511688
EPOCH 63:
VALIDATION
valid epoch balanced_accuracy: 0.552237
EPOCH 64:
VALIDATION
valid epoch balanced_accuracy: 0.640115
EPOCH 65:
VALIDATION
valid epoch balanced_accuracy: 0.688023
EPOCH 66:
VALIDATION
valid epoch balanced_accuracy: 0.495382
EPOCH 67:
VALIDATION
valid epoch balanced_accuracy: 0.553680
EPOCH 68:
VALIDATION
valid epoch balanced_accuracy: 0.570418
EPOCH 69:
VALIDATION
valid epoch balanced_accuracy: 0.611111
EPOCH 70:
VALIDATION
valid epoch balanced_accuracy: 0.553680
EPOCH 71:
VALIDATION
valid epoch balanced_accuracy: 0.575469
EPOCH 72:
VALIDATION
valid epoch balanced_accuracy: 0.681097
EPOCH 73:
VALIDATION
valid epoch balanced_accuracy: 0.598413
EPOCH 74:
VALIDATION
valid epoch balanced_accuracy: 0.656133
EPOCH 75:
VALIDATION
valid epoch balanced_accuracy: 0.596537
EPOCH 76:
VALIDATION
valid epoch balanced_accuracy: 0.534055
EPOCH 77:
VALIDATION
valid epoch balanced_accuracy: 0.604906
EPOCH 78:
VALIDATION
valid epoch balanced_accuracy: 0.697835
EPOCH 79:
VALIDATION
valid epoch balanced_accuracy: 0.732035
EPOCH 80:
VALIDATION
valid epoch balanced_accuracy: 0.636508
EPOCH 81:
VALIDATION
valid epoch balanced_accuracy: 0.700433
EPOCH 82:
VALIDATION
valid epoch balanced_accuracy: 0.642424
EPOCH 83:
VALIDATION
valid epoch balanced_accuracy: 0.580808
EPOCH 84:
VALIDATION
valid epoch balanced_accuracy: 0.683550
EPOCH 85:
VALIDATION
valid epoch balanced_accuracy: 0.598990
EPOCH 86:
VALIDATION
valid epoch balanced_accuracy: 0.553680
EPOCH 87:
VALIDATION
valid epoch balanced_accuracy: 0.562338
EPOCH 88:
VALIDATION
valid epoch balanced_accuracy: 0.633189
EPOCH 89:
VALIDATION
valid epoch balanced_accuracy: 0.586147
EPOCH 90:
VALIDATION
valid epoch balanced_accuracy: 0.525108
EPOCH 91:
VALIDATION
valid epoch balanced_accuracy: 0.588889
EPOCH 92:
VALIDATION
valid epoch balanced_accuracy: 0.619192
EPOCH 93:
VALIDATION
valid epoch balanced_accuracy: 0.604906
EPOCH 94:
VALIDATION
valid epoch balanced_accuracy: 0.589177
EPOCH 95:
VALIDATION
valid epoch balanced_accuracy: 0.690909
EPOCH 96:
VALIDATION
valid epoch balanced_accuracy: 0.589466
EPOCH 97:
VALIDATION
valid epoch balanced_accuracy: 0.676335
EPOCH 98:
VALIDATION
valid epoch balanced_accuracy: 0.599856
EPOCH 99:
VALIDATION
valid epoch balanced_accuracy: 0.627850
EPOCH 100:
VALIDATION
valid epoch balanced_accuracy: 0.676046
EPOCH 101:
VALIDATION
valid epoch balanced_accuracy: 0.662915
EPOCH 102:
VALIDATION
valid epoch balanced_accuracy: 0.694517
EPOCH 103:
VALIDATION
valid epoch balanced_accuracy: 0.595960
EPOCH 104:
VALIDATION
valid epoch balanced_accuracy: 0.650794
EPOCH 105:
VALIDATION
valid epoch balanced_accuracy: 0.589466
EPOCH 106:
VALIDATION
valid epoch balanced_accuracy: 0.681674
EPOCH 107:
VALIDATION
valid epoch balanced_accuracy: 0.619192
EPOCH 108:
VALIDATION
valid epoch balanced_accuracy: 0.608514
EPOCH 109:
VALIDATION
valid epoch balanced_accuracy: 0.583838
EPOCH 110:
VALIDATION
valid epoch balanced_accuracy: 0.612698
EPOCH 111:
VALIDATION
valid epoch balanced_accuracy: 0.687734
EPOCH 112:
VALIDATION
valid epoch balanced_accuracy: 0.623377
EPOCH 113:
VALIDATION
valid epoch balanced_accuracy: 0.514430
EPOCH 114:
VALIDATION
valid epoch balanced_accuracy: 0.569264
EPOCH 115:
VALIDATION
valid epoch balanced_accuracy: 0.564791
EPOCH 116:
VALIDATION
valid epoch balanced_accuracy: 0.570996
EPOCH 117:
VALIDATION
valid epoch balanced_accuracy: 0.612410
EPOCH 118:
VALIDATION
valid epoch balanced_accuracy: 0.543579
EPOCH 119:
VALIDATION
valid epoch balanced_accuracy: 0.553391
EPOCH 120:
VALIDATION
valid epoch balanced_accuracy: 0.690332
EPOCH 121:
VALIDATION
valid epoch balanced_accuracy: 0.505772
EPOCH 122:
VALIDATION
valid epoch balanced_accuracy: 0.492063
EPOCH 123:
VALIDATION
valid epoch balanced_accuracy: 0.486436
EPOCH 124:
VALIDATION
valid epoch balanced_accuracy: 0.525108
EPOCH 125:
VALIDATION
valid epoch balanced_accuracy: 0.551948
EPOCH 126:
VALIDATION
valid epoch balanced_accuracy: 0.609668
EPOCH 127:
VALIDATION
valid epoch balanced_accuracy: 0.590620
EPOCH 128:
VALIDATION
valid epoch balanced_accuracy: 0.519769
EPOCH 129:
VALIDATION
valid epoch balanced_accuracy: 0.594805
EPOCH 130:
VALIDATION
valid epoch balanced_accuracy: 0.632323
EPOCH 131:
VALIDATION
valid epoch balanced_accuracy: 0.600433
EPOCH 132:
VALIDATION
valid epoch balanced_accuracy: 0.580808
EPOCH 133:
VALIDATION
valid epoch balanced_accuracy: 0.626984
EPOCH 134:
VALIDATION
valid epoch balanced_accuracy: 0.577778
EPOCH 135:
VALIDATION
valid epoch balanced_accuracy: 0.572439
EPOCH 136:
VALIDATION
valid epoch balanced_accuracy: 0.580808
EPOCH 137:
VALIDATION
valid epoch balanced_accuracy: 0.562338
EPOCH 138:
VALIDATION
valid epoch balanced_accuracy: 0.585859
EPOCH 139:
VALIDATION
valid epoch balanced_accuracy: 0.637662
EPOCH 140:
VALIDATION
valid epoch balanced_accuracy: 0.599856
EPOCH 141:
VALIDATION
valid epoch balanced_accuracy: 0.585281
EPOCH 142:
VALIDATION
valid epoch balanced_accuracy: 0.553102
EPOCH 143:
VALIDATION
valid epoch balanced_accuracy: 0.693651
EPOCH 144:
VALIDATION
valid epoch balanced_accuracy: 0.629293
EPOCH 145:
VALIDATION
valid epoch balanced_accuracy: 0.484704
EPOCH 146:
VALIDATION
valid epoch balanced_accuracy: 0.575758
EPOCH 147:
VALIDATION
valid epoch balanced_accuracy: 0.625685
EPOCH 148:
VALIDATION
valid epoch balanced_accuracy: 0.622222
EPOCH 149:
VALIDATION
valid epoch balanced_accuracy: 0.587302
EPOCH 150:
VALIDATION
valid epoch balanced_accuracy: 0.596537
accuracy: 0.578431
sensitivity: 0.454545
precision: 0.584416
specificity: 0.695238
IoU: 0.343511
FAR: 0.304762
F1: 0.511364
balanced_accuracy: 0.574892
loss: 0.817324
