
number of parameters : 1403984
train : (1492, 12)
valid : (10, 12)
test : (10, 12)
PU rho : 0.550000
class weights : [1.0, 1.0]
balanced batches : 94 per epoch covering all 1492 train rows, target 8 positive + 8 unlabeled
data extracted
EPOCH 1:
PU nnPU correction: 0/94 batches, min negative_loss=0.205621, mean negative_loss=0.319283
VALIDATION
valid epoch balanced_accuracy: 0.500000
EPOCH 2:
PU nnPU correction: 0/94 batches, min negative_loss=0.111674, mean negative_loss=0.348305
VALIDATION
valid epoch balanced_accuracy: 0.500000
EPOCH 3:
PU nnPU correction: 0/94 batches, min negative_loss=0.094866, mean negative_loss=0.282078
VALIDATION
valid epoch balanced_accuracy: 0.700000
EPOCH 4:
PU nnPU correction: 0/94 batches, min negative_loss=0.026900, mean negative_loss=0.287647
VALIDATION
valid epoch balanced_accuracy: 0.700000
EPOCH 5:
PU nnPU correction: 0/94 batches, min negative_loss=0.096833, mean negative_loss=0.319103
VALIDATION
valid epoch balanced_accuracy: 0.700000
EPOCH 6:
PU nnPU correction: 0/94 batches, min negative_loss=0.076272, mean negative_loss=0.287771
VALIDATION
valid epoch balanced_accuracy: 0.700000
EPOCH 7:
PU nnPU correction: 0/94 batches, min negative_loss=0.015123, mean negative_loss=0.292471
VALIDATION
valid epoch balanced_accuracy: 0.700000
EPOCH 8:
PU nnPU correction: 18/94 batches, min negative_loss=-0.021265, mean negative_loss=0.127760
VALIDATION
valid epoch balanced_accuracy: 0.500000
EPOCH 9:
PU nnPU correction: 26/94 batches, min negative_loss=-0.014026, mean negative_loss=0.048315
VALIDATION
valid epoch balanced_accuracy: 0.500000
EPOCH 10:
PU nnPU correction: 24/94 batches, min negative_loss=-0.014152, mean negative_loss=0.048490
VALIDATION
valid epoch balanced_accuracy: 0.500000
EPOCH 11:
PU nnPU correction: 29/94 batches, min negative_loss=-0.018468, mean negative_loss=0.044696
VALIDATION
valid epoch balanced_accuracy: 0.500000
EPOCH 12:
PU nnPU correction: 0/94 batches, min negative_loss=0.000016, mean negative_loss=0.000653
VALIDATION
valid epoch balanced_accuracy: 0.500000
EPOCH 13:
PU nnPU correction: 0/94 batches, min negative_loss=0.000010, mean negative_loss=0.000087
VALIDATION
valid epoch balanced_accuracy: 0.500000
EPOCH 14:
PU nnPU correction: 0/94 batches, min negative_loss=0.000016, mean negative_loss=0.000086
VALIDATION
valid epoch balanced_accuracy: 0.500000
EPOCH 15:
PU nnPU correction: 0/94 batches, min negative_loss=0.000020, mean negative_loss=0.000105
VALIDATION
valid epoch balanced_accuracy: 0.500000
EPOCH 16:
PU nnPU correction: 0/94 batches, min negative_loss=0.000045, mean negative_loss=0.000132
VALIDATION
valid epoch balanced_accuracy: 0.500000
EPOCH 17:
PU nnPU correction: 0/94 batches, min negative_loss=0.000047, mean negative_loss=0.000190
VALIDATION
valid epoch balanced_accuracy: 0.500000
EPOCH 18:
PU nnPU correction: 0/94 batches, min negative_loss=0.000144, mean negative_loss=0.000394
VALIDATION
valid epoch balanced_accuracy: 0.500000
EPOCH 19:
PU nnPU correction: 0/94 batches, min negative_loss=0.000216, mean negative_loss=0.004460
VALIDATION
valid epoch balanced_accuracy: 0.500000
EPOCH 20:
PU nnPU correction: 0/94 batches, min negative_loss=0.002746, mean negative_loss=0.314014
VALIDATION
valid epoch balanced_accuracy: 0.500000
EPOCH 21:
PU nnPU correction: 0/94 batches, min negative_loss=0.138138, mean negative_loss=0.336891
VALIDATION
valid epoch balanced_accuracy: 0.700000
EPOCH 22:
PU nnPU correction: 0/94 batches, min negative_loss=0.017352, mean negative_loss=0.272041
VALIDATION
valid epoch balanced_accuracy: 0.600000
EPOCH 23:
PU nnPU correction: 0/94 batches, min negative_loss=0.039950, mean negative_loss=0.265959
VALIDATION
valid epoch balanced_accuracy: 0.700000
EPOCH 24:
PU nnPU correction: 0/94 batches, min negative_loss=0.075345, mean negative_loss=0.271848
VALIDATION
valid epoch balanced_accuracy: 0.700000
EPOCH 25:
PU nnPU correction: 0/94 batches, min negative_loss=0.018481, mean negative_loss=0.256399
VALIDATION
valid epoch balanced_accuracy: 0.500000
EPOCH 26:
PU nnPU correction: 1/94 batches, min negative_loss=-0.025480, mean negative_loss=0.215946
VALIDATION
valid epoch balanced_accuracy: 0.600000
EPOCH 27:
PU nnPU correction: 0/94 batches, min negative_loss=0.014060, mean negative_loss=0.245742
VALIDATION
valid epoch balanced_accuracy: 0.600000
EPOCH 28:
PU nnPU correction: 0/94 batches, min negative_loss=0.012509, mean negative_loss=0.243349
VALIDATION
valid epoch balanced_accuracy: 0.500000
EPOCH 29:
PU nnPU correction: 0/94 batches, min negative_loss=0.012498, mean negative_loss=0.236240
VALIDATION
valid epoch balanced_accuracy: 0.500000
EPOCH 30:
PU nnPU correction: 0/94 batches, min negative_loss=0.012507, mean negative_loss=0.220671
VALIDATION
valid epoch balanced_accuracy: 0.600000
EPOCH 31:
PU nnPU correction: 0/94 batches, min negative_loss=0.020890, mean negative_loss=0.267834
VALIDATION
valid epoch balanced_accuracy: 0.700000
EPOCH 32:
PU nnPU correction: 0/94 batches, min negative_loss=0.035393, mean negative_loss=0.268972
VALIDATION
valid epoch balanced_accuracy: 0.500000
EPOCH 33:
PU nnPU correction: 0/94 batches, min negative_loss=0.449867, mean negative_loss=0.449995
VALIDATION
valid epoch balanced_accuracy: 0.500000
EPOCH 34:
PU nnPU correction: 0/94 batches, min negative_loss=0.449985, mean negative_loss=0.449997
VALIDATION
valid epoch balanced_accuracy: 0.500000
EPOCH 35:
PU nnPU correction: 0/94 batches, min negative_loss=0.449976, mean negative_loss=0.449996
VALIDATION
valid epoch balanced_accuracy: 0.500000
EPOCH 36:
PU nnPU correction: 0/94 batches, min negative_loss=0.449989, mean negative_loss=0.449997
VALIDATION
valid epoch balanced_accuracy: 0.500000
EPOCH 37:
PU nnPU correction: 0/94 batches, min negative_loss=0.449987, mean negative_loss=0.449997
VALIDATION
valid epoch balanced_accuracy: 0.500000
EPOCH 38:
PU nnPU correction: 0/94 batches, min negative_loss=0.449988, mean negative_loss=0.449997
VALIDATION
valid epoch balanced_accuracy: 0.500000
EPOCH 39:
PU nnPU correction: 0/94 batches, min negative_loss=0.449975, mean negative_loss=0.449997
VALIDATION
valid epoch balanced_accuracy: 0.500000
EPOCH 40:
PU nnPU correction: 0/94 batches, min negative_loss=0.449988, mean negative_loss=0.449997
VALIDATION
valid epoch balanced_accuracy: 0.500000
EPOCH 41:
PU nnPU correction: 0/94 batches, min negative_loss=0.449973, mean negative_loss=0.449996
VALIDATION
valid epoch balanced_accuracy: 0.500000
EPOCH 42:
PU nnPU correction: 0/94 batches, min negative_loss=0.449972, mean negative_loss=0.449996
VALIDATION
valid epoch balanced_accuracy: 0.500000
EPOCH 43:
PU nnPU correction: 0/94 batches, min negative_loss=0.449983, mean negative_loss=0.449997
VALIDATION
valid epoch balanced_accuracy: 0.500000
EPOCH 44:
PU nnPU correction: 0/94 batches, min negative_loss=0.449980, mean negative_loss=0.449997
VALIDATION
valid epoch balanced_accuracy: 0.500000
EPOCH 45:
PU nnPU correction: 0/94 batches, min negative_loss=0.449985, mean negative_loss=0.449997
VALIDATION
valid epoch balanced_accuracy: 0.500000
EPOCH 46:
PU nnPU correction: 0/94 batches, min negative_loss=0.449972, mean negative_loss=0.449996
VALIDATION
valid epoch balanced_accuracy: 0.500000
EPOCH 47:
PU nnPU correction: 0/94 batches, min negative_loss=0.449979, mean negative_loss=0.449997
VALIDATION
valid epoch balanced_accuracy: 0.500000
EPOCH 48:
PU nnPU correction: 0/94 batches, min negative_loss=0.449987, mean negative_loss=0.449997
VALIDATION
valid epoch balanced_accuracy: 0.500000
EPOCH 49:
PU nnPU correction: 0/94 batches, min negative_loss=0.449965, mean negative_loss=0.449997
VALIDATION
valid epoch balanced_accuracy: 0.500000
EPOCH 50:
PU nnPU correction: 0/94 batches, min negative_loss=0.449976, mean negative_loss=0.449996
VALIDATION
valid epoch balanced_accuracy: 0.500000
EPOCH 51:
PU nnPU correction: 0/94 batches, min negative_loss=0.449966, mean negative_loss=0.449995
VALIDATION
valid epoch balanced_accuracy: 0.500000
EPOCH 52:
PU nnPU correction: 0/94 batches, min negative_loss=0.449979, mean negative_loss=0.449996
VALIDATION
valid epoch balanced_accuracy: 0.500000
EPOCH 53:
PU nnPU correction: 0/94 batches, min negative_loss=0.449979, mean negative_loss=0.449996
VALIDATION
valid epoch balanced_accuracy: 0.500000
EPOCH 54:
PU nnPU correction: 0/94 batches, min negative_loss=0.449979, mean negative_loss=0.449996
VALIDATION
valid epoch balanced_accuracy: 0.500000
EPOCH 55:
PU nnPU correction: 0/94 batches, min negative_loss=0.449979, mean negative_loss=0.449996
VALIDATION
valid epoch balanced_accuracy: 0.500000
EPOCH 56:
PU nnPU correction: 0/94 batches, min negative_loss=0.449973, mean negative_loss=0.449995
VALIDATION
valid epoch balanced_accuracy: 0.500000
EPOCH 57:
PU nnPU correction: 0/94 batches, min negative_loss=0.449952, mean negative_loss=0.449995
VALIDATION
valid epoch balanced_accuracy: 0.500000
EPOCH 58:
PU nnPU correction: 0/94 batches, min negative_loss=0.449967, mean negative_loss=0.449994
VALIDATION
valid epoch balanced_accuracy: 0.500000
EPOCH 59:
PU nnPU correction: 0/94 batches, min negative_loss=0.449976, mean negative_loss=0.449994
VALIDATION
valid epoch balanced_accuracy: 0.500000
EPOCH 60:
PU nnPU correction: 0/94 batches, min negative_loss=0.449952, mean negative_loss=0.449994
VALIDATION
valid epoch balanced_accuracy: 0.500000
EPOCH 61:
PU nnPU correction: 0/94 batches, min negative_loss=0.449980, mean negative_loss=0.449994
VALIDATION
valid epoch balanced_accuracy: 0.500000
EPOCH 62:
PU nnPU correction: 0/94 batches, min negative_loss=0.449946, mean negative_loss=0.449993
VALIDATION
valid epoch balanced_accuracy: 0.500000
EPOCH 63:
PU nnPU correction: 0/94 batches, min negative_loss=0.449964, mean negative_loss=0.449992
VALIDATION
valid epoch balanced_accuracy: 0.500000
EPOCH 64:
PU nnPU correction: 0/94 batches, min negative_loss=0.449953, mean negative_loss=0.449991
VALIDATION
valid epoch balanced_accuracy: 0.500000
EPOCH 65:
PU nnPU correction: 0/94 batches, min negative_loss=0.449923, mean negative_loss=0.449989
VALIDATION
valid epoch balanced_accuracy: 0.500000
EPOCH 66:
PU nnPU correction: 0/94 batches, min negative_loss=0.449928, mean negative_loss=0.449986
VALIDATION
valid epoch balanced_accuracy: 0.500000
EPOCH 67:
PU nnPU correction: 0/94 batches, min negative_loss=0.449942, mean negative_loss=0.449985
VALIDATION
valid epoch balanced_accuracy: 0.500000
EPOCH 68:
PU nnPU correction: 0/94 batches, min negative_loss=0.449839, mean negative_loss=0.449974
VALIDATION
valid epoch balanced_accuracy: 0.500000
EPOCH 69:
PU nnPU correction: 0/94 batches, min negative_loss=0.449889, mean negative_loss=0.449964
VALIDATION
valid epoch balanced_accuracy: 0.500000
EPOCH 70:
PU nnPU correction: 0/94 batches, min negative_loss=0.449539, mean negative_loss=0.449923
VALIDATION
valid epoch balanced_accuracy: 0.500000
EPOCH 71:
PU nnPU correction: 2/94 batches, min negative_loss=-0.024873, mean negative_loss=0.300410
VALIDATION
valid epoch balanced_accuracy: 0.500000
EPOCH 72:
PU nnPU correction: 3/94 batches, min negative_loss=-0.000000, mean negative_loss=0.000000
VALIDATION
valid epoch balanced_accuracy: 0.500000
EPOCH 73:
PU nnPU correction: 3/94 batches, min negative_loss=-0.000000, mean negative_loss=0.000000
VALIDATION
valid epoch balanced_accuracy: 0.500000
EPOCH 74:
PU nnPU correction: 1/94 batches, min negative_loss=-0.000000, mean negative_loss=0.000000
VALIDATION
valid epoch balanced_accuracy: 0.500000
EPOCH 75:
PU nnPU correction: 3/94 batches, min negative_loss=-0.000000, mean negative_loss=0.000000
VALIDATION
valid epoch balanced_accuracy: 0.500000
EPOCH 76:
PU nnPU correction: 5/94 batches, min negative_loss=-0.000000, mean negative_loss=0.000000
VALIDATION
valid epoch balanced_accuracy: 0.500000
EPOCH 77:
PU nnPU correction: 2/94 batches, min negative_loss=-0.000000, mean negative_loss=0.000000
VALIDATION
valid epoch balanced_accuracy: 0.500000
EPOCH 78:
PU nnPU correction: 3/94 batches, min negative_loss=-0.000000, mean negative_loss=0.000000
VALIDATION
valid epoch balanced_accuracy: 0.500000
EPOCH 79:
PU nnPU correction: 7/94 batches, min negative_loss=-0.000000, mean negative_loss=0.000000
VALIDATION
valid epoch balanced_accuracy: 0.500000
EPOCH 80:
PU nnPU correction: 6/94 batches, min negative_loss=-0.000000, mean negative_loss=0.000000
VALIDATION
valid epoch balanced_accuracy: 0.500000
EPOCH 81:
PU nnPU correction: 2/94 batches, min negative_loss=-0.000000, mean negative_loss=0.000000
VALIDATION
valid epoch balanced_accuracy: 0.500000
EPOCH 82:
PU nnPU correction: 2/94 batches, min negative_loss=-0.000000, mean negative_loss=0.000000
VALIDATION
valid epoch balanced_accuracy: 0.500000
EPOCH 83:
PU nnPU correction: 4/94 batches, min negative_loss=-0.000000, mean negative_loss=0.000000
VALIDATION
valid epoch balanced_accuracy: 0.500000
EPOCH 84:
PU nnPU correction: 6/94 batches, min negative_loss=-0.000000, mean negative_loss=0.000000
VALIDATION
valid epoch balanced_accuracy: 0.500000
EPOCH 85:
PU nnPU correction: 3/94 batches, min negative_loss=-0.000000, mean negative_loss=0.000000
VALIDATION
valid epoch balanced_accuracy: 0.500000
EPOCH 86:
PU nnPU correction: 2/94 batches, min negative_loss=-0.000000, mean negative_loss=0.000000
VALIDATION
valid epoch balanced_accuracy: 0.500000
EPOCH 87:
PU nnPU correction: 1/94 batches, min negative_loss=-0.000000, mean negative_loss=0.000000
VALIDATION
valid epoch balanced_accuracy: 0.500000
EPOCH 88:
PU nnPU correction: 6/94 batches, min negative_loss=-0.000000, mean negative_loss=0.000000
VALIDATION
valid epoch balanced_accuracy: 0.500000
EPOCH 89:
PU nnPU correction: 4/94 batches, min negative_loss=-0.000000, mean negative_loss=0.000000
VALIDATION
valid epoch balanced_accuracy: 0.500000
EPOCH 90:
PU nnPU correction: 2/94 batches, min negative_loss=-0.000000, mean negative_loss=0.000000
VALIDATION
valid epoch balanced_accuracy: 0.500000
EPOCH 91:
PU nnPU correction: 2/94 batches, min negative_loss=-0.000000, mean negative_loss=0.000000
VALIDATION
valid epoch balanced_accuracy: 0.500000
EPOCH 92:
PU nnPU correction: 2/94 batches, min negative_loss=-0.000000, mean negative_loss=0.000000
VALIDATION
valid epoch balanced_accuracy: 0.500000
EPOCH 93:
PU nnPU correction: 1/94 batches, min negative_loss=-0.000000, mean negative_loss=0.000000
VALIDATION
valid epoch balanced_accuracy: 0.500000
EPOCH 94:
PU nnPU correction: 2/94 batches, min negative_loss=-0.000000, mean negative_loss=0.000000
VALIDATION
valid epoch balanced_accuracy: 0.500000
EPOCH 95:
PU nnPU correction: 3/94 batches, min negative_loss=-0.000000, mean negative_loss=0.000000
VALIDATION
valid epoch balanced_accuracy: 0.500000
EPOCH 96:
PU nnPU correction: 4/94 batches, min negative_loss=-0.000000, mean negative_loss=0.000000
VALIDATION
valid epoch balanced_accuracy: 0.500000
EPOCH 97:
PU nnPU correction: 0/94 batches, min negative_loss=0.000000, mean negative_loss=0.000000
VALIDATION
valid epoch balanced_accuracy: 0.500000
EPOCH 98:
PU nnPU correction: 1/94 batches, min negative_loss=-0.000000, mean negative_loss=0.000000
VALIDATION
valid epoch balanced_accuracy: 0.500000
EPOCH 99:
PU nnPU correction: 0/94 batches, min negative_loss=0.000000, mean negative_loss=0.000000
VALIDATION
valid epoch balanced_accuracy: 0.500000
EPOCH 100:
PU nnPU correction: 0/94 batches, min negative_loss=0.000000, mean negative_loss=0.000000
VALIDATION
valid epoch balanced_accuracy: 0.500000
EPOCH 101:
PU nnPU correction: 1/94 batches, min negative_loss=-0.000000, mean negative_loss=0.000001
VALIDATION
valid epoch balanced_accuracy: 0.500000
EPOCH 102:
PU nnPU correction: 1/94 batches, min negative_loss=-0.000000, mean negative_loss=0.000001
VALIDATION
valid epoch balanced_accuracy: 0.500000
EPOCH 103:
PU nnPU correction: 1/94 batches, min negative_loss=-0.000003, mean negative_loss=0.000001
VALIDATION
valid epoch balanced_accuracy: 0.500000
EPOCH 104:
PU nnPU correction: 1/94 batches, min negative_loss=-0.000000, mean negative_loss=0.000001
VALIDATION
valid epoch balanced_accuracy: 0.500000
EPOCH 105:
PU nnPU correction: 0/94 batches, min negative_loss=0.000000, mean negative_loss=0.000002
VALIDATION
valid epoch balanced_accuracy: 0.500000
EPOCH 106:
PU nnPU correction: 0/94 batches, min negative_loss=0.000000, mean negative_loss=0.000003
VALIDATION
valid epoch balanced_accuracy: 0.500000
EPOCH 107:
PU nnPU correction: 0/94 batches, min negative_loss=0.000000, mean negative_loss=0.000005
VALIDATION
valid epoch balanced_accuracy: 0.500000
EPOCH 108:
PU nnPU correction: 0/94 batches, min negative_loss=0.000001, mean negative_loss=0.000007
VALIDATION
valid epoch balanced_accuracy: 0.500000
EPOCH 109:
PU nnPU correction: 0/94 batches, min negative_loss=0.000003, mean negative_loss=0.000014
VALIDATION
valid epoch balanced_accuracy: 0.500000
EPOCH 110:
PU nnPU correction: 0/94 batches, min negative_loss=0.000009, mean negative_loss=0.000084
VALIDATION
valid epoch balanced_accuracy: 0.500000
EPOCH 111:
PU nnPU correction: 0/94 batches, min negative_loss=0.000212, mean negative_loss=0.199844
VALIDATION
valid epoch balanced_accuracy: 0.500000
EPOCH 112:
PU nnPU correction: 0/94 batches, min negative_loss=0.449956, mean negative_loss=0.449992
VALIDATION
valid epoch balanced_accuracy: 0.500000
EPOCH 113:
PU nnPU correction: 0/94 batches, min negative_loss=0.449966, mean negative_loss=0.449992
VALIDATION
valid epoch balanced_accuracy: 0.500000
EPOCH 114:
PU nnPU correction: 0/94 batches, min negative_loss=0.449952, mean negative_loss=0.449991
VALIDATION
valid epoch balanced_accuracy: 0.500000
EPOCH 115:
PU nnPU correction: 0/94 batches, min negative_loss=0.449965, mean negative_loss=0.449992
VALIDATION
valid epoch balanced_accuracy: 0.500000
EPOCH 116:
PU nnPU correction: 0/94 batches, min negative_loss=0.449969, mean negative_loss=0.449991
VALIDATION
valid epoch balanced_accuracy: 0.500000
EPOCH 117:
PU nnPU correction: 0/94 batches, min negative_loss=0.449926, mean negative_loss=0.449990
VALIDATION
valid epoch balanced_accuracy: 0.500000
EPOCH 118:
PU nnPU correction: 0/94 batches, min negative_loss=0.449963, mean negative_loss=0.449991
VALIDATION
valid epoch balanced_accuracy: 0.500000
EPOCH 119:
PU nnPU correction: 0/94 batches, min negative_loss=0.449964, mean negative_loss=0.449991
VALIDATION
valid epoch balanced_accuracy: 0.500000
EPOCH 120:
PU nnPU correction: 0/94 batches, min negative_loss=0.449971, mean negative_loss=0.449991
VALIDATION
valid epoch balanced_accuracy: 0.500000
EPOCH 121:
PU nnPU correction: 0/94 batches, min negative_loss=0.449964, mean negative_loss=0.449990
VALIDATION
valid epoch balanced_accuracy: 0.500000
EPOCH 122:
PU nnPU correction: 0/94 batches, min negative_loss=0.449943, mean negative_loss=0.449990
VALIDATION
valid epoch balanced_accuracy: 0.500000
EPOCH 123:
PU nnPU correction: 0/94 batches, min negative_loss=0.449976, mean negative_loss=0.449992
VALIDATION
valid epoch balanced_accuracy: 0.500000
EPOCH 124:
PU nnPU correction: 0/94 batches, min negative_loss=0.449971, mean negative_loss=0.449991
VALIDATION
valid epoch balanced_accuracy: 0.500000
EPOCH 125:
PU nnPU correction: 0/94 batches, min negative_loss=0.449948, mean negative_loss=0.449989
VALIDATION
valid epoch balanced_accuracy: 0.500000
EPOCH 126:
PU nnPU correction: 0/94 batches, min negative_loss=0.449949, mean negative_loss=0.449989
VALIDATION
valid epoch balanced_accuracy: 0.500000
EPOCH 127:
PU nnPU correction: 0/94 batches, min negative_loss=0.449940, mean negative_loss=0.449987
VALIDATION
valid epoch balanced_accuracy: 0.500000
EPOCH 128:
PU nnPU correction: 0/94 batches, min negative_loss=0.449969, mean negative_loss=0.449988
VALIDATION
valid epoch balanced_accuracy: 0.500000
EPOCH 129:
PU nnPU correction: 0/94 batches, min negative_loss=0.449919, mean negative_loss=0.449984
VALIDATION
valid epoch balanced_accuracy: 0.500000
EPOCH 130:
PU nnPU correction: 0/94 batches, min negative_loss=0.449955, mean negative_loss=0.449985
VALIDATION
valid epoch balanced_accuracy: 0.500000
EPOCH 131:
PU nnPU correction: 0/94 batches, min negative_loss=0.449945, mean negative_loss=0.449986
VALIDATION
valid epoch balanced_accuracy: 0.500000
EPOCH 132:
PU nnPU correction: 0/94 batches, min negative_loss=0.449958, mean negative_loss=0.449987
VALIDATION
valid epoch balanced_accuracy: 0.500000
EPOCH 133:
PU nnPU correction: 0/94 batches, min negative_loss=0.449950, mean negative_loss=0.449987
VALIDATION
valid epoch balanced_accuracy: 0.500000
EPOCH 134:
PU nnPU correction: 0/94 batches, min negative_loss=0.449936, mean negative_loss=0.449983
VALIDATION
valid epoch balanced_accuracy: 0.500000
EPOCH 135:
PU nnPU correction: 0/94 batches, min negative_loss=0.449928, mean negative_loss=0.449976
VALIDATION
valid epoch balanced_accuracy: 0.500000
EPOCH 136:
PU nnPU correction: 0/94 batches, min negative_loss=0.449920, mean negative_loss=0.449974
VALIDATION
valid epoch balanced_accuracy: 0.500000
EPOCH 137:
PU nnPU correction: 0/94 batches, min negative_loss=0.449886, mean negative_loss=0.449981
VALIDATION
valid epoch balanced_accuracy: 0.500000
EPOCH 138:
PU nnPU correction: 0/94 batches, min negative_loss=0.449888, mean negative_loss=0.449977
VALIDATION
valid epoch balanced_accuracy: 0.500000
EPOCH 139:
PU nnPU correction: 0/94 batches, min negative_loss=0.449849, mean negative_loss=0.449958
VALIDATION
valid epoch balanced_accuracy: 0.500000
EPOCH 140:
PU nnPU correction: 0/94 batches, min negative_loss=0.448908, mean negative_loss=0.449831
VALIDATION
valid epoch balanced_accuracy: 0.500000
EPOCH 141:
PU nnPU correction: 2/94 batches, min negative_loss=-0.005064, mean negative_loss=0.256198
VALIDATION
valid epoch balanced_accuracy: 0.500000
EPOCH 142:
PU nnPU correction: 0/94 batches, min negative_loss=0.000000, mean negative_loss=0.000004
VALIDATION
valid epoch balanced_accuracy: 0.500000
EPOCH 143:
PU nnPU correction: 1/94 batches, min negative_loss=-0.000000, mean negative_loss=0.000005
VALIDATION
valid epoch balanced_accuracy: 0.500000
EPOCH 144:
PU nnPU correction: 0/94 batches, min negative_loss=0.000001, mean negative_loss=0.000005
VALIDATION
valid epoch balanced_accuracy: 0.500000
EPOCH 145:
PU nnPU correction: 0/94 batches, min negative_loss=0.000001, mean negative_loss=0.000005
VALIDATION
valid epoch balanced_accuracy: 0.500000
EPOCH 146:
PU nnPU correction: 1/94 batches, min negative_loss=-0.000001, mean negative_loss=0.000005
VALIDATION
valid epoch balanced_accuracy: 0.500000
EPOCH 147:
PU nnPU correction: 0/94 batches, min negative_loss=0.000001, mean negative_loss=0.000007
VALIDATION
valid epoch balanced_accuracy: 0.500000
EPOCH 148:
PU nnPU correction: 0/94 batches, min negative_loss=0.000000, mean negative_loss=0.000008
VALIDATION
valid epoch balanced_accuracy: 0.500000
EPOCH 149:
PU nnPU correction: 0/94 batches, min negative_loss=0.000002, mean negative_loss=0.000008
VALIDATION
valid epoch balanced_accuracy: 0.500000
EPOCH 150:
PU nnPU correction: 0/94 batches, min negative_loss=0.000002, mean negative_loss=0.000010
VALIDATION
valid epoch balanced_accuracy: 0.500000
accuracy: 0.700000
sensitivity: 1.000000
precision: 0.625000
specificity: 0.400000
IoU: 0.625000
FAR: 0.600000
F1: 0.769231
balanced_accuracy: 0.700000
loss: 0.252531
