
number of parameters : 1542407
train : (1104, 12)
valid : (204, 12)
test : (204, 12)
class weights : [1.0, 1.0]
balanced batches : 69 per epoch covering all 1104 train rows, target 8 positive + 8 unlabeled
data extracted
EPOCH 1:
VALIDATION
valid epoch balanced_accuracy: 0.403846
EPOCH 2:
VALIDATION
valid epoch balanced_accuracy: 0.370962
EPOCH 3:
VALIDATION
valid epoch balanced_accuracy: 0.431346
EPOCH 4:
VALIDATION
valid epoch balanced_accuracy: 0.564423
EPOCH 5:
VALIDATION
valid epoch balanced_accuracy: 0.645769
EPOCH 6:
VALIDATION
valid epoch balanced_accuracy: 0.655000
EPOCH 7:
VALIDATION
valid epoch balanced_accuracy: 0.442308
EPOCH 8:
VALIDATION
valid epoch balanced_accuracy: 0.613269
EPOCH 9:
VALIDATION
valid epoch balanced_accuracy: 0.704808
EPOCH 10:
VALIDATION
valid epoch balanced_accuracy: 0.555962
EPOCH 11:
VALIDATION
valid epoch balanced_accuracy: 0.347692
EPOCH 12:
VALIDATION
valid epoch balanced_accuracy: 0.707885
EPOCH 13:
VALIDATION
valid epoch balanced_accuracy: 0.496346
EPOCH 14:
VALIDATION
valid epoch balanced_accuracy: 0.592885
EPOCH 15:
VALIDATION
valid epoch balanced_accuracy: 0.732308
EPOCH 16:
VALIDATION
valid epoch balanced_accuracy: 0.494615
EPOCH 17:
VALIDATION
valid epoch balanced_accuracy: 0.561154
EPOCH 18:
VALIDATION
valid epoch balanced_accuracy: 0.665769
EPOCH 19:
VALIDATION
valid epoch balanced_accuracy: 0.558462
EPOCH 20:
VALIDATION
valid epoch balanced_accuracy: 0.719808
EPOCH 21:
VALIDATION
valid epoch balanced_accuracy: 0.495192
EPOCH 22:
VALIDATION
valid epoch balanced_accuracy: 0.617115
EPOCH 23:
VALIDATION
valid epoch balanced_accuracy: 0.609038
EPOCH 24:
VALIDATION
valid epoch balanced_accuracy: 0.741538
EPOCH 25:
VALIDATION
valid epoch balanced_accuracy: 0.602115
EPOCH 26:
VALIDATION
valid epoch balanced_accuracy: 0.676346
EPOCH 27:
VALIDATION
valid epoch balanced_accuracy: 0.658077
EPOCH 28:
VALIDATION
valid epoch balanced_accuracy: 0.581346
EPOCH 29:
VALIDATION
valid epoch balanced_accuracy: 0.671154
EPOCH 30:
VALIDATION
valid epoch balanced_accuracy: 0.572308
EPOCH 31:
VALIDATION
valid epoch balanced_accuracy: 0.691731
EPOCH 32:
VALIDATION
valid epoch balanced_accuracy: 0.427308
EPOCH 33:
VALIDATION
valid epoch balanced_accuracy: 0.510769
EPOCH 34:
VALIDATION
valid epoch balanced_accuracy: 0.644231
EPOCH 35:
VALIDATION
valid epoch balanced_accuracy: 0.631731
EPOCH 36:
VALIDATION
valid epoch balanced_accuracy: 0.442885
EPOCH 37:
VALIDATION
valid epoch balanced_accuracy: 0.501154
EPOCH 38:
VALIDATION
valid epoch balanced_accuracy: 0.528269
EPOCH 39:
VALIDATION
valid epoch balanced_accuracy: 0.586538
EPOCH 40:
VALIDATION
valid epoch balanced_accuracy: 0.608846
EPOCH 41:
VALIDATION
valid epoch balanced_accuracy: 0.609038
EPOCH 42:
VALIDATION
valid epoch balanced_accuracy: 0.497692
EPOCH 43:
VALIDATION
valid epoch balanced_accuracy: 0.604808
EPOCH 44:
VALIDATION
valid epoch balanced_accuracy: 0.638462
EPOCH 45:
VALIDATION
valid epoch balanced_accuracy: 0.544231
EPOCH 46:
VALIDATION
valid epoch balanced_accuracy: 0.559423
EPOCH 47:
VALIDATION
valid epoch balanced_accuracy: 0.583077
EPOCH 48:
VALIDATION
valid epoch balanced_accuracy: 0.437500
EPOCH 49:
VALIDATION
valid epoch balanced_accuracy: 0.491154
EPOCH 50:
VALIDATION
valid epoch balanced_accuracy: 0.568269
EPOCH 51:
VALIDATION
valid epoch balanced_accuracy: 0.676346
EPOCH 52:
VALIDATION
valid epoch balanced_accuracy: 0.587115
EPOCH 53:
VALIDATION
valid epoch balanced_accuracy: 0.591538
EPOCH 54:
VALIDATION
valid epoch balanced_accuracy: 0.582885
EPOCH 55:
VALIDATION
valid epoch balanced_accuracy: 0.610769
EPOCH 56:
VALIDATION
valid epoch balanced_accuracy: 0.501346
EPOCH 57:
VALIDATION
valid epoch balanced_accuracy: 0.568462
EPOCH 58:
VALIDATION
valid epoch balanced_accuracy: 0.559038
EPOCH 59:
VALIDATION
valid epoch balanced_accuracy: 0.526346
EPOCH 60:
VALIDATION
valid epoch balanced_accuracy: 0.549231
EPOCH 61:
VALIDATION
valid epoch balanced_accuracy: 0.500962
EPOCH 62:
VALIDATION
valid epoch balanced_accuracy: 0.529615
EPOCH 63:
VALIDATION
valid epoch balanced_accuracy: 0.572692
EPOCH 64:
VALIDATION
valid epoch balanced_accuracy: 0.553462
EPOCH 65:
VALIDATION
valid epoch balanced_accuracy: 0.640000
EPOCH 66:
VALIDATION
valid epoch balanced_accuracy: 0.549808
EPOCH 67:
VALIDATION
valid epoch balanced_accuracy: 0.576538
EPOCH 68:
VALIDATION
valid epoch balanced_accuracy: 0.620769
EPOCH 69:
VALIDATION
valid epoch balanced_accuracy: 0.569615
EPOCH 70:
VALIDATION
valid epoch balanced_accuracy: 0.576346
EPOCH 71:
VALIDATION
valid epoch balanced_accuracy: 0.461731
EPOCH 72:
VALIDATION
valid epoch balanced_accuracy: 0.541731
EPOCH 73:
VALIDATION
valid epoch balanced_accuracy: 0.581538
EPOCH 74:
VALIDATION
valid epoch balanced_accuracy: 0.562885
EPOCH 75:
VALIDATION
valid epoch balanced_accuracy: 0.559231
EPOCH 76:
VALIDATION
valid epoch balanced_accuracy: 0.582692
EPOCH 77:
VALIDATION
valid epoch balanced_accuracy: 0.544423
EPOCH 78:
VALIDATION
valid epoch balanced_accuracy: 0.566731
EPOCH 79:
VALIDATION
valid epoch balanced_accuracy: 0.544615
EPOCH 80:
VALIDATION
valid epoch balanced_accuracy: 0.564038
EPOCH 81:
VALIDATION
valid epoch balanced_accuracy: 0.547115
EPOCH 82:
VALIDATION
valid epoch balanced_accuracy: 0.567308
EPOCH 83:
VALIDATION
valid epoch balanced_accuracy: 0.668654
EPOCH 84:
VALIDATION
valid epoch balanced_accuracy: 0.543654
EPOCH 85:
VALIDATION
valid epoch balanced_accuracy: 0.548462
EPOCH 86:
VALIDATION
valid epoch balanced_accuracy: 0.549615
EPOCH 87:
VALIDATION
valid epoch balanced_accuracy: 0.617500
EPOCH 88:
VALIDATION
valid epoch balanced_accuracy: 0.601154
EPOCH 89:
VALIDATION
valid epoch balanced_accuracy: 0.487500
EPOCH 90:
VALIDATION
valid epoch balanced_accuracy: 0.581731
EPOCH 91:
VALIDATION
valid epoch balanced_accuracy: 0.587308
EPOCH 92:
VALIDATION
valid epoch balanced_accuracy: 0.556538
EPOCH 93:
VALIDATION
valid epoch balanced_accuracy: 0.703077
EPOCH 94:
VALIDATION
valid epoch balanced_accuracy: 0.553846
EPOCH 95:
VALIDATION
valid epoch balanced_accuracy: 0.505577
EPOCH 96:
VALIDATION
valid epoch balanced_accuracy: 0.577308
EPOCH 97:
VALIDATION
valid epoch balanced_accuracy: 0.605385
EPOCH 98:
VALIDATION
valid epoch balanced_accuracy: 0.539231
EPOCH 99:
VALIDATION
valid epoch balanced_accuracy: 0.549231
EPOCH 100:
VALIDATION
valid epoch balanced_accuracy: 0.553846
EPOCH 101:
VALIDATION
valid epoch balanced_accuracy: 0.570000
EPOCH 102:
VALIDATION
valid epoch balanced_accuracy: 0.562115
EPOCH 103:
VALIDATION
valid epoch balanced_accuracy: 0.558077
EPOCH 104:
VALIDATION
valid epoch balanced_accuracy: 0.540385
EPOCH 105:
VALIDATION
valid epoch balanced_accuracy: 0.534038
EPOCH 106:
VALIDATION
valid epoch balanced_accuracy: 0.552500
EPOCH 107:
VALIDATION
valid epoch balanced_accuracy: 0.563846
EPOCH 108:
VALIDATION
valid epoch balanced_accuracy: 0.609808
EPOCH 109:
VALIDATION
valid epoch balanced_accuracy: 0.544808
EPOCH 110:
VALIDATION
valid epoch balanced_accuracy: 0.568654
EPOCH 111:
VALIDATION
valid epoch balanced_accuracy: 0.557692
EPOCH 112:
VALIDATION
valid epoch balanced_accuracy: 0.514038
EPOCH 113:
VALIDATION
valid epoch balanced_accuracy: 0.544615
EPOCH 114:
VALIDATION
valid epoch balanced_accuracy: 0.562500
EPOCH 115:
VALIDATION
valid epoch balanced_accuracy: 0.539808
EPOCH 116:
VALIDATION
valid epoch balanced_accuracy: 0.566731
EPOCH 117:
VALIDATION
valid epoch balanced_accuracy: 0.482115
EPOCH 118:
VALIDATION
valid epoch balanced_accuracy: 0.634808
EPOCH 119:
VALIDATION
valid epoch balanced_accuracy: 0.549038
EPOCH 120:
VALIDATION
valid epoch balanced_accuracy: 0.553269
EPOCH 121:
VALIDATION
valid epoch balanced_accuracy: 0.552885
EPOCH 122:
VALIDATION
valid epoch balanced_accuracy: 0.606154
EPOCH 123:
VALIDATION
valid epoch balanced_accuracy: 0.605000
EPOCH 124:
VALIDATION
valid epoch balanced_accuracy: 0.572500
EPOCH 125:
VALIDATION
valid epoch balanced_accuracy: 0.563462
EPOCH 126:
VALIDATION
valid epoch balanced_accuracy: 0.629423
EPOCH 127:
VALIDATION
valid epoch balanced_accuracy: 0.576923
EPOCH 128:
VALIDATION
valid epoch balanced_accuracy: 0.564231
EPOCH 129:
VALIDATION
valid epoch balanced_accuracy: 0.558654
EPOCH 130:
VALIDATION
valid epoch balanced_accuracy: 0.558462
EPOCH 131:
VALIDATION
valid epoch balanced_accuracy: 0.610192
EPOCH 132:
VALIDATION
valid epoch balanced_accuracy: 0.506346
EPOCH 133:
VALIDATION
valid epoch balanced_accuracy: 0.557885
EPOCH 134:
VALIDATION
valid epoch balanced_accuracy: 0.538654
EPOCH 135:
VALIDATION
valid epoch balanced_accuracy: 0.647308
EPOCH 136:
VALIDATION
valid epoch balanced_accuracy: 0.549038
EPOCH 137:
VALIDATION
valid epoch balanced_accuracy: 0.591731
EPOCH 138:
VALIDATION
valid epoch balanced_accuracy: 0.576538
EPOCH 139:
VALIDATION
valid epoch balanced_accuracy: 0.548846
EPOCH 140:
VALIDATION
valid epoch balanced_accuracy: 0.587500
EPOCH 141:
VALIDATION
valid epoch balanced_accuracy: 0.418846
EPOCH 142:
VALIDATION
valid epoch balanced_accuracy: 0.525192
EPOCH 143:
VALIDATION
valid epoch balanced_accuracy: 0.591346
EPOCH 144:
VALIDATION
valid epoch balanced_accuracy: 0.509423
EPOCH 145:
VALIDATION
valid epoch balanced_accuracy: 0.643654
EPOCH 146:
VALIDATION
valid epoch balanced_accuracy: 0.601346
EPOCH 147:
VALIDATION
valid epoch balanced_accuracy: 0.525577
EPOCH 148:
VALIDATION
valid epoch balanced_accuracy: 0.594231
EPOCH 149:
VALIDATION
valid epoch balanced_accuracy: 0.596154
EPOCH 150:
VALIDATION
valid epoch balanced_accuracy: 0.593654
accuracy: 0.578431
sensitivity: 0.520000
precision: 0.577778
specificity: 0.634615
IoU: 0.376812
FAR: 0.365385
F1: 0.547368
balanced_accuracy: 0.577308
loss: 0.934540
