
number of parameters : 1403984
train : (1095, 12)
valid : (118, 12)
test : (118, 12)
class weights : [1.0157699584960938, 0.9847122430801392]
data extracted
EPOCH 1:
VALIDATION
valid epoch balanced_accuracy: 0.500000
EPOCH 2:
VALIDATION
valid epoch balanced_accuracy: 0.434436
EPOCH 3:
VALIDATION
valid epoch balanced_accuracy: 0.447304
EPOCH 4:
VALIDATION
valid epoch balanced_accuracy: 0.440564
EPOCH 5:
VALIDATION
valid epoch balanced_accuracy: 0.384804
EPOCH 6:
VALIDATION
valid epoch balanced_accuracy: 0.476103
EPOCH 7:
VALIDATION
valid epoch balanced_accuracy: 0.422181
EPOCH 8:
VALIDATION
valid epoch balanced_accuracy: 0.517157
EPOCH 9:
VALIDATION
valid epoch balanced_accuracy: 0.455270
EPOCH 10:
VALIDATION
valid epoch balanced_accuracy: 0.493260
EPOCH 11:
VALIDATION
valid epoch balanced_accuracy: 0.481005
EPOCH 12:
VALIDATION
valid epoch balanced_accuracy: 0.360294
EPOCH 13:
VALIDATION
valid epoch balanced_accuracy: 0.389093
EPOCH 14:
VALIDATION
valid epoch balanced_accuracy: 0.434436
EPOCH 15:
VALIDATION
valid epoch balanced_accuracy: 0.452819
EPOCH 16:
VALIDATION
valid epoch balanced_accuracy: 0.495098
EPOCH 17:
VALIDATION
valid epoch balanced_accuracy: 0.396446
EPOCH 18:
VALIDATION
valid epoch balanced_accuracy: 0.469363
EPOCH 19:
VALIDATION
valid epoch balanced_accuracy: 0.368873
EPOCH 20:
VALIDATION
valid epoch balanced_accuracy: 0.378676
EPOCH 21:
VALIDATION
valid epoch balanced_accuracy: 0.376838
EPOCH 22:
VALIDATION
valid epoch balanced_accuracy: 0.521446
EPOCH 23:
VALIDATION
valid epoch balanced_accuracy: 0.420343
EPOCH 24:
VALIDATION
valid epoch balanced_accuracy: 0.544118
EPOCH 25:
VALIDATION
valid epoch balanced_accuracy: 0.351103
EPOCH 26:
VALIDATION
valid epoch balanced_accuracy: 0.285539
EPOCH 27:
VALIDATION
valid epoch balanced_accuracy: 0.411152
EPOCH 28:
VALIDATION
valid epoch balanced_accuracy: 0.379289
EPOCH 29:
VALIDATION
valid epoch balanced_accuracy: 0.373775
EPOCH 30:
VALIDATION
valid epoch balanced_accuracy: 0.377451
EPOCH 31:
VALIDATION
valid epoch balanced_accuracy: 0.401348
EPOCH 32:
VALIDATION
valid epoch balanced_accuracy: 0.405025
EPOCH 33:
VALIDATION
valid epoch balanced_accuracy: 0.459559
EPOCH 34:
VALIDATION
valid epoch balanced_accuracy: 0.433211
EPOCH 35:
VALIDATION
valid epoch balanced_accuracy: 0.391544
EPOCH 36:
VALIDATION
valid epoch balanced_accuracy: 0.380515
EPOCH 37:
VALIDATION
valid epoch balanced_accuracy: 0.382353
EPOCH 38:
VALIDATION
valid epoch balanced_accuracy: 0.447917
EPOCH 39:
VALIDATION
valid epoch balanced_accuracy: 0.428309
EPOCH 40:
VALIDATION
valid epoch balanced_accuracy: 0.405637
EPOCH 41:
VALIDATION
valid epoch balanced_accuracy: 0.461397
EPOCH 42:
VALIDATION
valid epoch balanced_accuracy: 0.419730
EPOCH 43:
VALIDATION
valid epoch balanced_accuracy: 0.428309
EPOCH 44:
VALIDATION
valid epoch balanced_accuracy: 0.401961
EPOCH 45:
VALIDATION
valid epoch balanced_accuracy: 0.381127
EPOCH 46:
VALIDATION
valid epoch balanced_accuracy: 0.351103
EPOCH 47:
VALIDATION
valid epoch balanced_accuracy: 0.401961
EPOCH 48:
VALIDATION
valid epoch balanced_accuracy: 0.461397
EPOCH 49:
VALIDATION
valid epoch balanced_accuracy: 0.385417
EPOCH 50:
VALIDATION
valid epoch balanced_accuracy: 0.371936
EPOCH 51:
VALIDATION
valid epoch balanced_accuracy: 0.416667
EPOCH 52:
VALIDATION
valid epoch balanced_accuracy: 0.423407
EPOCH 53:
VALIDATION
valid epoch balanced_accuracy: 0.462623
EPOCH 54:
VALIDATION
valid epoch balanced_accuracy: 0.419730
EPOCH 55:
VALIDATION
valid epoch balanced_accuracy: 0.482843
EPOCH 56:
VALIDATION
valid epoch balanced_accuracy: 0.457721
EPOCH 57:
VALIDATION
valid epoch balanced_accuracy: 0.419730
EPOCH 58:
VALIDATION
valid epoch balanced_accuracy: 0.439951
EPOCH 59:
VALIDATION
valid epoch balanced_accuracy: 0.481005
EPOCH 60:
VALIDATION
valid epoch balanced_accuracy: 0.397059
EPOCH 61:
VALIDATION
valid epoch balanced_accuracy: 0.397059
EPOCH 62:
VALIDATION
valid epoch balanced_accuracy: 0.435049
EPOCH 63:
VALIDATION
valid epoch balanced_accuracy: 0.466299
EPOCH 64:
VALIDATION
valid epoch balanced_accuracy: 0.420343
EPOCH 65:
VALIDATION
valid epoch balanced_accuracy: 0.420343
EPOCH 66:
VALIDATION
valid epoch balanced_accuracy: 0.393995
EPOCH 67:
VALIDATION
valid epoch balanced_accuracy: 0.416667
EPOCH 68:
VALIDATION
valid epoch balanced_accuracy: 0.439951
EPOCH 69:
VALIDATION
valid epoch balanced_accuracy: 0.443015
EPOCH 70:
VALIDATION
valid epoch balanced_accuracy: 0.419118
EPOCH 71:
VALIDATION
valid epoch balanced_accuracy: 0.418505
EPOCH 72:
VALIDATION
valid epoch balanced_accuracy: 0.428309
EPOCH 73:
VALIDATION
valid epoch balanced_accuracy: 0.455882
EPOCH 74:
VALIDATION
valid epoch balanced_accuracy: 0.502451
EPOCH 75:
VALIDATION
valid epoch balanced_accuracy: 0.493873
EPOCH 76:
VALIDATION
valid epoch balanced_accuracy: 0.450980
EPOCH 77:
VALIDATION
valid epoch balanced_accuracy: 0.464461
EPOCH 78:
VALIDATION
valid epoch balanced_accuracy: 0.469363
EPOCH 79:
VALIDATION
valid epoch balanced_accuracy: 0.459559
EPOCH 80:
VALIDATION
valid epoch balanced_accuracy: 0.452819
EPOCH 81:
VALIDATION
valid epoch balanced_accuracy: 0.424632
EPOCH 82:
VALIDATION
valid epoch balanced_accuracy: 0.435049
EPOCH 83:
VALIDATION
valid epoch balanced_accuracy: 0.446078
EPOCH 84:
VALIDATION
valid epoch balanced_accuracy: 0.433211
EPOCH 85:
VALIDATION
valid epoch balanced_accuracy: 0.433211
EPOCH 86:
VALIDATION
valid epoch balanced_accuracy: 0.433211
EPOCH 87:
VALIDATION
valid epoch balanced_accuracy: 0.431373
EPOCH 88:
VALIDATION
valid epoch balanced_accuracy: 0.473039
EPOCH 89:
VALIDATION
valid epoch balanced_accuracy: 0.482843
EPOCH 90:
VALIDATION
valid epoch balanced_accuracy: 0.471201
EPOCH 91:
VALIDATION
valid epoch balanced_accuracy: 0.505515
EPOCH 92:
VALIDATION
valid epoch balanced_accuracy: 0.469363
EPOCH 93:
VALIDATION
valid epoch balanced_accuracy: 0.492647
EPOCH 94:
VALIDATION
valid epoch balanced_accuracy: 0.481005
EPOCH 95:
VALIDATION
valid epoch balanced_accuracy: 0.441176
EPOCH 96:
VALIDATION
valid epoch balanced_accuracy: 0.474265
EPOCH 97:
VALIDATION
valid epoch balanced_accuracy: 0.522059
EPOCH 98:
VALIDATION
valid epoch balanced_accuracy: 0.469363
EPOCH 99:
VALIDATION
valid epoch balanced_accuracy: 0.469363
EPOCH 100:
VALIDATION
valid epoch balanced_accuracy: 0.536765
EPOCH 101:
VALIDATION
valid epoch balanced_accuracy: 0.430147
EPOCH 102:
VALIDATION
valid epoch balanced_accuracy: 0.431985
EPOCH 103:
VALIDATION
valid epoch balanced_accuracy: 0.469363
EPOCH 104:
VALIDATION
valid epoch balanced_accuracy: 0.452819
EPOCH 105:
VALIDATION
valid epoch balanced_accuracy: 0.449755
EPOCH 106:
VALIDATION
valid epoch balanced_accuracy: 0.443015
EPOCH 107:
VALIDATION
valid epoch balanced_accuracy: 0.459559
EPOCH 108:
VALIDATION
valid epoch balanced_accuracy: 0.494485
EPOCH 109:
VALIDATION
valid epoch balanced_accuracy: 0.452819
EPOCH 110:
VALIDATION
valid epoch balanced_accuracy: 0.416667
EPOCH 111:
VALIDATION
valid epoch balanced_accuracy: 0.512255
EPOCH 112:
VALIDATION
valid epoch balanced_accuracy: 0.464461
EPOCH 113:
VALIDATION
valid epoch balanced_accuracy: 0.487745
EPOCH 114:
VALIDATION
valid epoch balanced_accuracy: 0.476103
EPOCH 115:
VALIDATION
valid epoch balanced_accuracy: 0.476103
EPOCH 116:
VALIDATION
valid epoch balanced_accuracy: 0.481005
EPOCH 117:
VALIDATION
valid epoch balanced_accuracy: 0.485907
EPOCH 118:
VALIDATION
valid epoch balanced_accuracy: 0.439951
EPOCH 119:
VALIDATION
valid epoch balanced_accuracy: 0.476103
EPOCH 120:
VALIDATION
valid epoch balanced_accuracy: 0.485907
EPOCH 121:
VALIDATION
valid epoch balanced_accuracy: 0.430147
EPOCH 122:
VALIDATION
valid epoch balanced_accuracy: 0.459559
EPOCH 123:
VALIDATION
valid epoch balanced_accuracy: 0.456495
EPOCH 124:
VALIDATION
valid epoch balanced_accuracy: 0.536152
EPOCH 125:
VALIDATION
valid epoch balanced_accuracy: 0.357843
EPOCH 126:
VALIDATION
valid epoch balanced_accuracy: 0.492647
EPOCH 127:
VALIDATION
valid epoch balanced_accuracy: 0.471201
EPOCH 128:
VALIDATION
valid epoch balanced_accuracy: 0.456495
EPOCH 129:
VALIDATION
valid epoch balanced_accuracy: 0.469363
EPOCH 130:
VALIDATION
valid epoch balanced_accuracy: 0.451593
EPOCH 131:
VALIDATION
valid epoch balanced_accuracy: 0.360907
EPOCH 132:
VALIDATION
valid epoch balanced_accuracy: 0.400123
EPOCH 133:
VALIDATION
valid epoch balanced_accuracy: 0.473039
EPOCH 134:
VALIDATION
valid epoch balanced_accuracy: 0.485907
EPOCH 135:
VALIDATION
valid epoch balanced_accuracy: 0.495711
EPOCH 136:
VALIDATION
valid epoch balanced_accuracy: 0.428309
EPOCH 137:
VALIDATION
valid epoch balanced_accuracy: 0.485907
EPOCH 138:
VALIDATION
valid epoch balanced_accuracy: 0.485907
EPOCH 139:
VALIDATION
valid epoch balanced_accuracy: 0.471201
EPOCH 140:
VALIDATION
valid epoch balanced_accuracy: 0.481005
EPOCH 141:
VALIDATION
valid epoch balanced_accuracy: 0.481005
EPOCH 142:
VALIDATION
valid epoch balanced_accuracy: 0.490809
EPOCH 143:
VALIDATION
valid epoch balanced_accuracy: 0.476103
EPOCH 144:
VALIDATION
valid epoch balanced_accuracy: 0.490809
EPOCH 145:
VALIDATION
valid epoch balanced_accuracy: 0.485907
EPOCH 146:
VALIDATION
valid epoch balanced_accuracy: 0.485907
EPOCH 147:
VALIDATION
valid epoch balanced_accuracy: 0.430147
EPOCH 148:
VALIDATION
valid epoch balanced_accuracy: 0.476103
EPOCH 149:
VALIDATION
valid epoch balanced_accuracy: 0.427083
EPOCH 150:
VALIDATION
valid epoch balanced_accuracy: 0.416667
accuracy: 0.169492
sensitivity: 0.000000
precision: undefined
specificity: 1.000000
IoU: 0.000000
FAR: 0.000000
F1: 0.000000
balanced_accuracy: 0.500000
loss: 0.758801
