
number of parameters : 1296796
train : (1350, 12)
valid : (81, 12)
test : (81, 12)
class weights : [1.0, 1.0]
balanced batches : 85 per epoch covering all 1350 train rows, target 8 positive + 8 unlabeled
cache warmed : 35 proteins, 409 lipid encodings, 0 lipid graphs, 131 MiB
data extracted
EPOCH 1:
VALIDATION
valid epoch balanced_accuracy: 0.188268
EPOCH 2:
VALIDATION
valid epoch balanced_accuracy: 0.247236
EPOCH 3:
VALIDATION
valid epoch balanced_accuracy: 0.272113
EPOCH 4:
VALIDATION
valid epoch balanced_accuracy: 0.265663
EPOCH 5:
VALIDATION
valid epoch balanced_accuracy: 0.258600
EPOCH 6:
VALIDATION
valid epoch balanced_accuracy: 0.247236
EPOCH 7:
VALIDATION
valid epoch balanced_accuracy: 0.286241
EPOCH 8:
VALIDATION
valid epoch balanced_accuracy: 0.331695
EPOCH 9:
VALIDATION
valid epoch balanced_accuracy: 0.238022
EPOCH 10:
VALIDATION
valid epoch balanced_accuracy: 0.238022
EPOCH 11:
VALIDATION
valid epoch balanced_accuracy: 0.242322
EPOCH 12:
VALIDATION
valid epoch balanced_accuracy: 0.320332
EPOCH 13:
VALIDATION
valid epoch balanced_accuracy: 0.351658
EPOCH 14:
VALIDATION
valid epoch balanced_accuracy: 0.288391
EPOCH 15:
VALIDATION
valid epoch balanced_accuracy: 0.304054
EPOCH 16:
VALIDATION
valid epoch balanced_accuracy: 0.435504
EPOCH 17:
VALIDATION
valid epoch balanced_accuracy: 0.436118
EPOCH 18:
VALIDATION
valid epoch balanced_accuracy: 0.367936
EPOCH 19:
VALIDATION
valid epoch balanced_accuracy: 0.385749
EPOCH 20:
VALIDATION
valid epoch balanced_accuracy: 0.360872
EPOCH 21:
VALIDATION
valid epoch balanced_accuracy: 0.406327
EPOCH 22:
VALIDATION
valid epoch balanced_accuracy: 0.397113
EPOCH 23:
VALIDATION
valid epoch balanced_accuracy: 0.408477
EPOCH 24:
VALIDATION
valid epoch balanced_accuracy: 0.299140
EPOCH 25:
VALIDATION
valid epoch balanced_accuracy: 0.367322
EPOCH 26:
VALIDATION
valid epoch balanced_accuracy: 0.376536
EPOCH 27:
VALIDATION
valid epoch balanced_accuracy: 0.265049
EPOCH 28:
VALIDATION
valid epoch balanced_accuracy: 0.317568
EPOCH 29:
VALIDATION
valid epoch balanced_accuracy: 0.363022
EPOCH 30:
VALIDATION
valid epoch balanced_accuracy: 0.278563
EPOCH 31:
VALIDATION
valid epoch balanced_accuracy: 0.331081
EPOCH 32:
VALIDATION
valid epoch balanced_accuracy: 0.392813
EPOCH 33:
VALIDATION
valid epoch balanced_accuracy: 0.370086
EPOCH 34:
VALIDATION
valid epoch balanced_accuracy: 0.360872
EPOCH 35:
VALIDATION
valid epoch balanced_accuracy: 0.351658
EPOCH 36:
VALIDATION
valid epoch balanced_accuracy: 0.260749
EPOCH 37:
VALIDATION
valid epoch balanced_accuracy: 0.415541
EPOCH 38:
VALIDATION
valid epoch balanced_accuracy: 0.440418
EPOCH 39:
VALIDATION
valid epoch balanced_accuracy: 0.431204
EPOCH 40:
VALIDATION
valid epoch balanced_accuracy: 0.421990
EPOCH 41:
VALIDATION
valid epoch balanced_accuracy: 0.429054
EPOCH 42:
VALIDATION
valid epoch balanced_accuracy: 0.394963
EPOCH 43:
VALIDATION
valid epoch balanced_accuracy: 0.406327
EPOCH 44:
VALIDATION
valid epoch balanced_accuracy: 0.465295
EPOCH 45:
VALIDATION
valid epoch balanced_accuracy: 0.426904
EPOCH 46:
VALIDATION
valid epoch balanced_accuracy: 0.355958
EPOCH 47:
VALIDATION
valid epoch balanced_accuracy: 0.426904
EPOCH 48:
VALIDATION
valid epoch balanced_accuracy: 0.349509
EPOCH 49:
VALIDATION
valid epoch balanced_accuracy: 0.451781
EPOCH 50:
VALIDATION
valid epoch balanced_accuracy: 0.331081
EPOCH 51:
VALIDATION
valid epoch balanced_accuracy: 0.374386
EPOCH 52:
VALIDATION
valid epoch balanced_accuracy: 0.390663
EPOCH 53:
VALIDATION
valid epoch balanced_accuracy: 0.328931
EPOCH 54:
VALIDATION
valid epoch balanced_accuracy: 0.436118
EPOCH 55:
VALIDATION
valid epoch balanced_accuracy: 0.377150
EPOCH 56:
VALIDATION
valid epoch balanced_accuracy: 0.374386
EPOCH 57:
VALIDATION
valid epoch balanced_accuracy: 0.365786
EPOCH 58:
VALIDATION
valid epoch balanced_accuracy: 0.388514
EPOCH 59:
VALIDATION
valid epoch balanced_accuracy: 0.324631
EPOCH 60:
VALIDATION
valid epoch balanced_accuracy: 0.377150
EPOCH 61:
VALIDATION
valid epoch balanced_accuracy: 0.422604
EPOCH 62:
VALIDATION
valid epoch balanced_accuracy: 0.411241
EPOCH 63:
VALIDATION
valid epoch balanced_accuracy: 0.447482
EPOCH 64:
VALIDATION
valid epoch balanced_accuracy: 0.411241
EPOCH 65:
VALIDATION
valid epoch balanced_accuracy: 0.399877
EPOCH 66:
VALIDATION
valid epoch balanced_accuracy: 0.381450
EPOCH 67:
VALIDATION
valid epoch balanced_accuracy: 0.297604
EPOCH 68:
VALIDATION
valid epoch balanced_accuracy: 0.297604
EPOCH 69:
VALIDATION
valid epoch balanced_accuracy: 0.410627
EPOCH 70:
VALIDATION
valid epoch balanced_accuracy: 0.402027
EPOCH 71:
VALIDATION
valid epoch balanced_accuracy: 0.370086
EPOCH 72:
VALIDATION
valid epoch balanced_accuracy: 0.399877
EPOCH 73:
VALIDATION
valid epoch balanced_accuracy: 0.354423
EPOCH 74:
VALIDATION
valid epoch balanced_accuracy: 0.356572
EPOCH 75:
VALIDATION
valid epoch balanced_accuracy: 0.288391
EPOCH 76:
VALIDATION
valid epoch balanced_accuracy: 0.343059
EPOCH 77:
VALIDATION
valid epoch balanced_accuracy: 0.422604
EPOCH 78:
VALIDATION
valid epoch balanced_accuracy: 0.354423
EPOCH 79:
VALIDATION
valid epoch balanced_accuracy: 0.409091
EPOCH 80:
VALIDATION
valid epoch balanced_accuracy: 0.377150
EPOCH 81:
VALIDATION
valid epoch balanced_accuracy: 0.431818
EPOCH 82:
VALIDATION
valid epoch balanced_accuracy: 0.390663
EPOCH 83:
VALIDATION
valid epoch balanced_accuracy: 0.274877
EPOCH 84:
VALIDATION
valid epoch balanced_accuracy: 0.265663
EPOCH 85:
VALIDATION
valid epoch balanced_accuracy: 0.245086
EPOCH 86:
VALIDATION
valid epoch balanced_accuracy: 0.313268
EPOCH 87:
VALIDATION
valid epoch balanced_accuracy: 0.436118
EPOCH 88:
VALIDATION
valid epoch balanced_accuracy: 0.367936
EPOCH 89:
VALIDATION
valid epoch balanced_accuracy: 0.322482
EPOCH 90:
VALIDATION
valid epoch balanced_accuracy: 0.320332
EPOCH 91:
VALIDATION
valid epoch balanced_accuracy: 0.277027
EPOCH 92:
VALIDATION
valid epoch balanced_accuracy: 0.343059
EPOCH 93:
VALIDATION
valid epoch balanced_accuracy: 0.431818
EPOCH 94:
VALIDATION
valid epoch balanced_accuracy: 0.331695
EPOCH 95:
VALIDATION
valid epoch balanced_accuracy: 0.360872
EPOCH 96:
VALIDATION
valid epoch balanced_accuracy: 0.301904
EPOCH 97:
VALIDATION
valid epoch balanced_accuracy: 0.313268
EPOCH 98:
VALIDATION
valid epoch balanced_accuracy: 0.326781
EPOCH 99:
VALIDATION
valid epoch balanced_accuracy: 0.356572
EPOCH 100:
VALIDATION
valid epoch balanced_accuracy: 0.277027
EPOCH 101:
VALIDATION
valid epoch balanced_accuracy: 0.320332
EPOCH 102:
VALIDATION
valid epoch balanced_accuracy: 0.263514
EPOCH 103:
VALIDATION
valid epoch balanced_accuracy: 0.370086
EPOCH 104:
VALIDATION
valid epoch balanced_accuracy: 0.311118
EPOCH 105:
VALIDATION
valid epoch balanced_accuracy: 0.311118
EPOCH 106:
VALIDATION
valid epoch balanced_accuracy: 0.367936
EPOCH 107:
VALIDATION
valid epoch balanced_accuracy: 0.347359
EPOCH 108:
VALIDATION
valid epoch balanced_accuracy: 0.299754
EPOCH 109:
VALIDATION
valid epoch balanced_accuracy: 0.324631
EPOCH 110:
VALIDATION
valid epoch balanced_accuracy: 0.315418
EPOCH 111:
VALIDATION
valid epoch balanced_accuracy: 0.308968
EPOCH 112:
VALIDATION
valid epoch balanced_accuracy: 0.331695
EPOCH 113:
VALIDATION
valid epoch balanced_accuracy: 0.288391
EPOCH 114:
VALIDATION
valid epoch balanced_accuracy: 0.277027
EPOCH 115:
VALIDATION
valid epoch balanced_accuracy: 0.297604
EPOCH 116:
VALIDATION
valid epoch balanced_accuracy: 0.324631
EPOCH 117:
VALIDATION
valid epoch balanced_accuracy: 0.290541
EPOCH 118:
VALIDATION
valid epoch balanced_accuracy: 0.377150
EPOCH 119:
VALIDATION
valid epoch balanced_accuracy: 0.322482
EPOCH 120:
VALIDATION
valid epoch balanced_accuracy: 0.254300
EPOCH 121:
VALIDATION
valid epoch balanced_accuracy: 0.320332
EPOCH 122:
VALIDATION
valid epoch balanced_accuracy: 0.265663
EPOCH 123:
VALIDATION
valid epoch balanced_accuracy: 0.286241
EPOCH 124:
VALIDATION
valid epoch balanced_accuracy: 0.256450
EPOCH 125:
VALIDATION
valid epoch balanced_accuracy: 0.290541
EPOCH 126:
VALIDATION
valid epoch balanced_accuracy: 0.286241
EPOCH 127:
VALIDATION
valid epoch balanced_accuracy: 0.288391
EPOCH 128:
VALIDATION
valid epoch balanced_accuracy: 0.311118
EPOCH 129:
VALIDATION
valid epoch balanced_accuracy: 0.304054
EPOCH 130:
VALIDATION
valid epoch balanced_accuracy: 0.311118
EPOCH 131:
VALIDATION
valid epoch balanced_accuracy: 0.288391
EPOCH 132:
VALIDATION
valid epoch balanced_accuracy: 0.286241
EPOCH 133:
VALIDATION
valid epoch balanced_accuracy: 0.331695
EPOCH 134:
VALIDATION
valid epoch balanced_accuracy: 0.333845
EPOCH 135:
VALIDATION
valid epoch balanced_accuracy: 0.306204
EPOCH 136:
VALIDATION
valid epoch balanced_accuracy: 0.354423
EPOCH 137:
VALIDATION
valid epoch balanced_accuracy: 0.354423
EPOCH 138:
VALIDATION
valid epoch balanced_accuracy: 0.277027
EPOCH 139:
VALIDATION
valid epoch balanced_accuracy: 0.267813
EPOCH 140:
VALIDATION
valid epoch balanced_accuracy: 0.297604
EPOCH 141:
VALIDATION
valid epoch balanced_accuracy: 0.274877
EPOCH 142:
VALIDATION
valid epoch balanced_accuracy: 0.279177
EPOCH 143:
VALIDATION
valid epoch balanced_accuracy: 0.333845
EPOCH 144:
VALIDATION
valid epoch balanced_accuracy: 0.311118
EPOCH 145:
VALIDATION
valid epoch balanced_accuracy: 0.426904
EPOCH 146:
VALIDATION
valid epoch balanced_accuracy: 0.299754
EPOCH 147:
VALIDATION
valid epoch balanced_accuracy: 0.354423
EPOCH 148:
VALIDATION
valid epoch balanced_accuracy: 0.265663
EPOCH 149:
VALIDATION
valid epoch balanced_accuracy: 0.320332
EPOCH 150:
VALIDATION
valid epoch balanced_accuracy: 0.345209
accuracy: 0.308642
sensitivity: 0.022727
precision: 0.071429
specificity: 0.648649
IoU: 0.017544
FAR: 0.351351
F1: 0.034483
balanced_accuracy: 0.335688
loss: 2.486580
