
number of parameters : 1296796
train : (1350, 12)
valid : (81, 12)
test : (81, 12)
class weights : [1.0, 1.0]
balanced batches : 85 per epoch covering all 1350 train rows, target 8 positive + 8 unlabeled
cache warmed : 35 proteins, 409 lipid encodings, 0 lipid graphs, 131 MiB
data extracted
EPOCH 1:
VALIDATION
valid epoch balanced_accuracy: 0.168911
EPOCH 2:
VALIDATION
valid epoch balanced_accuracy: 0.168911
EPOCH 3:
VALIDATION
valid epoch balanced_accuracy: 0.154223
EPOCH 4:
VALIDATION
valid epoch balanced_accuracy: 0.142595
EPOCH 5:
VALIDATION
valid epoch balanced_accuracy: 0.154223
EPOCH 6:
VALIDATION
valid epoch balanced_accuracy: 0.223990
EPOCH 7:
VALIDATION
valid epoch balanced_accuracy: 0.212362
EPOCH 8:
VALIDATION
valid epoch balanced_accuracy: 0.192166
EPOCH 9:
VALIDATION
valid epoch balanced_accuracy: 0.282130
EPOCH 10:
VALIDATION
valid epoch balanced_accuracy: 0.293758
EPOCH 11:
VALIDATION
valid epoch balanced_accuracy: 0.258874
EPOCH 12:
VALIDATION
valid epoch balanced_accuracy: 0.340269
EPOCH 13:
VALIDATION
valid epoch balanced_accuracy: 0.280600
EPOCH 14:
VALIDATION
valid epoch balanced_accuracy: 0.279070
EPOCH 15:
VALIDATION
valid epoch balanced_accuracy: 0.151163
EPOCH 16:
VALIDATION
valid epoch balanced_accuracy: 0.152693
EPOCH 17:
VALIDATION
valid epoch balanced_accuracy: 0.305386
EPOCH 18:
VALIDATION
valid epoch balanced_accuracy: 0.282130
EPOCH 19:
VALIDATION
valid epoch balanced_accuracy: 0.164321
EPOCH 20:
VALIDATION
valid epoch balanced_accuracy: 0.267442
EPOCH 21:
VALIDATION
valid epoch balanced_accuracy: 0.258874
EPOCH 22:
VALIDATION
valid epoch balanced_accuracy: 0.186047
EPOCH 23:
VALIDATION
valid epoch balanced_accuracy: 0.258874
EPOCH 24:
VALIDATION
valid epoch balanced_accuracy: 0.220930
EPOCH 25:
VALIDATION
valid epoch balanced_accuracy: 0.213892
EPOCH 26:
VALIDATION
valid epoch balanced_accuracy: 0.267442
EPOCH 27:
VALIDATION
valid epoch balanced_accuracy: 0.280600
EPOCH 28:
VALIDATION
valid epoch balanced_accuracy: 0.293758
EPOCH 29:
VALIDATION
valid epoch balanced_accuracy: 0.232558
EPOCH 30:
VALIDATION
valid epoch balanced_accuracy: 0.187576
EPOCH 31:
VALIDATION
valid epoch balanced_accuracy: 0.290698
EPOCH 32:
VALIDATION
valid epoch balanced_accuracy: 0.267442
EPOCH 33:
VALIDATION
valid epoch balanced_accuracy: 0.268972
EPOCH 34:
VALIDATION
valid epoch balanced_accuracy: 0.386781
EPOCH 35:
VALIDATION
valid epoch balanced_accuracy: 0.338739
EPOCH 36:
VALIDATION
valid epoch balanced_accuracy: 0.268972
EPOCH 37:
VALIDATION
valid epoch balanced_accuracy: 0.234088
EPOCH 38:
VALIDATION
valid epoch balanced_accuracy: 0.199204
EPOCH 39:
VALIDATION
valid epoch balanced_accuracy: 0.337209
EPOCH 40:
VALIDATION
valid epoch balanced_accuracy: 0.234088
EPOCH 41:
VALIDATION
valid epoch balanced_accuracy: 0.305386
EPOCH 42:
VALIDATION
valid epoch balanced_accuracy: 0.283660
EPOCH 43:
VALIDATION
valid epoch balanced_accuracy: 0.220930
EPOCH 44:
VALIDATION
valid epoch balanced_accuracy: 0.361995
EPOCH 45:
VALIDATION
valid epoch balanced_accuracy: 0.396879
EPOCH 46:
VALIDATION
valid epoch balanced_accuracy: 0.244186
EPOCH 47:
VALIDATION
valid epoch balanced_accuracy: 0.222460
EPOCH 48:
VALIDATION
valid epoch balanced_accuracy: 0.306916
EPOCH 49:
VALIDATION
valid epoch balanced_accuracy: 0.348837
EPOCH 50:
VALIDATION
valid epoch balanced_accuracy: 0.209302
EPOCH 51:
VALIDATION
valid epoch balanced_accuracy: 0.255814
EPOCH 52:
VALIDATION
valid epoch balanced_accuracy: 0.209302
EPOCH 53:
VALIDATION
valid epoch balanced_accuracy: 0.313953
EPOCH 54:
VALIDATION
valid epoch balanced_accuracy: 0.255814
EPOCH 55:
VALIDATION
valid epoch balanced_accuracy: 0.290698
EPOCH 56:
VALIDATION
valid epoch balanced_accuracy: 0.268972
EPOCH 57:
VALIDATION
valid epoch balanced_accuracy: 0.235618
EPOCH 58:
VALIDATION
valid epoch balanced_accuracy: 0.255814
EPOCH 59:
VALIDATION
valid epoch balanced_accuracy: 0.317013
EPOCH 60:
VALIDATION
valid epoch balanced_accuracy: 0.244186
EPOCH 61:
VALIDATION
valid epoch balanced_accuracy: 0.235618
EPOCH 62:
VALIDATION
valid epoch balanced_accuracy: 0.232558
EPOCH 63:
VALIDATION
valid epoch balanced_accuracy: 0.257344
EPOCH 64:
VALIDATION
valid epoch balanced_accuracy: 0.267442
EPOCH 65:
VALIDATION
valid epoch balanced_accuracy: 0.244186
EPOCH 66:
VALIDATION
valid epoch balanced_accuracy: 0.268972
EPOCH 67:
VALIDATION
valid epoch balanced_accuracy: 0.373623
EPOCH 68:
VALIDATION
valid epoch balanced_accuracy: 0.302326
EPOCH 69:
VALIDATION
valid epoch balanced_accuracy: 0.337209
EPOCH 70:
VALIDATION
valid epoch balanced_accuracy: 0.325581
EPOCH 71:
VALIDATION
valid epoch balanced_accuracy: 0.268972
EPOCH 72:
VALIDATION
valid epoch balanced_accuracy: 0.232558
EPOCH 73:
VALIDATION
valid epoch balanced_accuracy: 0.268972
EPOCH 74:
VALIDATION
valid epoch balanced_accuracy: 0.220930
EPOCH 75:
VALIDATION
valid epoch balanced_accuracy: 0.348837
EPOCH 76:
VALIDATION
valid epoch balanced_accuracy: 0.395349
EPOCH 77:
VALIDATION
valid epoch balanced_accuracy: 0.302326
EPOCH 78:
VALIDATION
valid epoch balanced_accuracy: 0.340269
EPOCH 79:
VALIDATION
valid epoch balanced_accuracy: 0.303856
EPOCH 80:
VALIDATION
valid epoch balanced_accuracy: 0.220930
EPOCH 81:
VALIDATION
valid epoch balanced_accuracy: 0.292228
EPOCH 82:
VALIDATION
valid epoch balanced_accuracy: 0.255814
EPOCH 83:
VALIDATION
valid epoch balanced_accuracy: 0.255814
EPOCH 84:
VALIDATION
valid epoch balanced_accuracy: 0.338739
EPOCH 85:
VALIDATION
valid epoch balanced_accuracy: 0.350367
EPOCH 86:
VALIDATION
valid epoch balanced_accuracy: 0.396879
EPOCH 87:
VALIDATION
valid epoch balanced_accuracy: 0.361995
EPOCH 88:
VALIDATION
valid epoch balanced_accuracy: 0.303856
EPOCH 89:
VALIDATION
valid epoch balanced_accuracy: 0.280600
EPOCH 90:
VALIDATION
valid epoch balanced_accuracy: 0.337209
EPOCH 91:
VALIDATION
valid epoch balanced_accuracy: 0.268972
EPOCH 92:
VALIDATION
valid epoch balanced_accuracy: 0.372093
EPOCH 93:
VALIDATION
valid epoch balanced_accuracy: 0.315483
EPOCH 94:
VALIDATION
valid epoch balanced_accuracy: 0.350367
EPOCH 95:
VALIDATION
valid epoch balanced_accuracy: 0.360465
EPOCH 96:
VALIDATION
valid epoch balanced_accuracy: 0.232558
EPOCH 97:
VALIDATION
valid epoch balanced_accuracy: 0.268972
EPOCH 98:
VALIDATION
valid epoch balanced_accuracy: 0.325581
EPOCH 99:
VALIDATION
valid epoch balanced_accuracy: 0.372093
EPOCH 100:
VALIDATION
valid epoch balanced_accuracy: 0.361995
EPOCH 101:
VALIDATION
valid epoch balanced_accuracy: 0.267442
EPOCH 102:
VALIDATION
valid epoch balanced_accuracy: 0.280600
EPOCH 103:
VALIDATION
valid epoch balanced_accuracy: 0.290698
EPOCH 104:
VALIDATION
valid epoch balanced_accuracy: 0.267442
EPOCH 105:
VALIDATION
valid epoch balanced_accuracy: 0.245716
EPOCH 106:
VALIDATION
valid epoch balanced_accuracy: 0.290698
EPOCH 107:
VALIDATION
valid epoch balanced_accuracy: 0.325581
EPOCH 108:
VALIDATION
valid epoch balanced_accuracy: 0.337209
EPOCH 109:
VALIDATION
valid epoch balanced_accuracy: 0.280600
EPOCH 110:
VALIDATION
valid epoch balanced_accuracy: 0.315483
EPOCH 111:
VALIDATION
valid epoch balanced_accuracy: 0.257344
EPOCH 112:
VALIDATION
valid epoch balanced_accuracy: 0.350367
EPOCH 113:
VALIDATION
valid epoch balanced_accuracy: 0.360465
EPOCH 114:
VALIDATION
valid epoch balanced_accuracy: 0.200734
EPOCH 115:
VALIDATION
valid epoch balanced_accuracy: 0.337209
EPOCH 116:
VALIDATION
valid epoch balanced_accuracy: 0.385251
EPOCH 117:
VALIDATION
valid epoch balanced_accuracy: 0.350367
EPOCH 118:
VALIDATION
valid epoch balanced_accuracy: 0.313953
EPOCH 119:
VALIDATION
valid epoch balanced_accuracy: 0.350367
EPOCH 120:
VALIDATION
valid epoch balanced_accuracy: 0.337209
EPOCH 121:
VALIDATION
valid epoch balanced_accuracy: 0.337209
EPOCH 122:
VALIDATION
valid epoch balanced_accuracy: 0.325581
EPOCH 123:
VALIDATION
valid epoch balanced_accuracy: 0.350367
EPOCH 124:
VALIDATION
valid epoch balanced_accuracy: 0.350367
EPOCH 125:
VALIDATION
valid epoch balanced_accuracy: 0.361995
EPOCH 126:
VALIDATION
valid epoch balanced_accuracy: 0.327111
EPOCH 127:
VALIDATION
valid epoch balanced_accuracy: 0.350367
EPOCH 128:
VALIDATION
valid epoch balanced_accuracy: 0.385251
EPOCH 129:
VALIDATION
valid epoch balanced_accuracy: 0.351897
EPOCH 130:
VALIDATION
valid epoch balanced_accuracy: 0.268972
EPOCH 131:
VALIDATION
valid epoch balanced_accuracy: 0.360465
EPOCH 132:
VALIDATION
valid epoch balanced_accuracy: 0.385251
EPOCH 133:
VALIDATION
valid epoch balanced_accuracy: 0.327111
EPOCH 134:
VALIDATION
valid epoch balanced_accuracy: 0.350367
EPOCH 135:
VALIDATION
valid epoch balanced_accuracy: 0.385251
EPOCH 136:
VALIDATION
valid epoch balanced_accuracy: 0.372093
EPOCH 137:
VALIDATION
valid epoch balanced_accuracy: 0.361995
EPOCH 138:
VALIDATION
valid epoch balanced_accuracy: 0.338739
EPOCH 139:
VALIDATION
valid epoch balanced_accuracy: 0.338739
EPOCH 140:
VALIDATION
valid epoch balanced_accuracy: 0.373623
EPOCH 141:
VALIDATION
valid epoch balanced_accuracy: 0.338739
EPOCH 142:
VALIDATION
valid epoch balanced_accuracy: 0.327111
EPOCH 143:
VALIDATION
valid epoch balanced_accuracy: 0.350367
EPOCH 144:
VALIDATION
valid epoch balanced_accuracy: 0.302326
EPOCH 145:
VALIDATION
valid epoch balanced_accuracy: 0.372093
EPOCH 146:
VALIDATION
valid epoch balanced_accuracy: 0.360465
EPOCH 147:
VALIDATION
valid epoch balanced_accuracy: 0.350367
EPOCH 148:
VALIDATION
valid epoch balanced_accuracy: 0.351897
EPOCH 149:
VALIDATION
valid epoch balanced_accuracy: 0.350367
EPOCH 150:
VALIDATION
valid epoch balanced_accuracy: 0.337209
accuracy: 0.370370
sensitivity: 0.046512
precision: 0.166667
specificity: 0.736842
IoU: 0.037736
FAR: 0.263158
F1: 0.072727
balanced_accuracy: 0.391677
loss: 4.354565
