
number of parameters : 1403984
train : (1350, 12)
valid : (81, 12)
test : (81, 12)
PU rho : 0.550000
class weights : [1.0, 1.0]
balanced batches : 85 per epoch covering all 1350 train rows, target 8 positive + 8 unlabeled
data extracted
EPOCH 1:
PU nnPU correction: 0/85 batches, min negative_loss=0.225978, mean negative_loss=0.299283
VALIDATION
valid epoch balanced_accuracy: 0.168911
EPOCH 2:
PU nnPU correction: 0/85 batches, min negative_loss=0.083330, mean negative_loss=0.287252
VALIDATION
valid epoch balanced_accuracy: 0.177479
EPOCH 3:
PU nnPU correction: 1/85 batches, min negative_loss=-0.031000, mean negative_loss=0.263642
VALIDATION
valid epoch balanced_accuracy: 0.155753
EPOCH 4:
PU nnPU correction: 0/85 batches, min negative_loss=0.137905, mean negative_loss=0.298699
VALIDATION
valid epoch balanced_accuracy: 0.168911
EPOCH 5:
PU nnPU correction: 0/85 batches, min negative_loss=0.075366, mean negative_loss=0.295856
VALIDATION
valid epoch balanced_accuracy: 0.168911
EPOCH 6:
PU nnPU correction: 0/85 batches, min negative_loss=0.137589, mean negative_loss=0.295796
VALIDATION
valid epoch balanced_accuracy: 0.168911
EPOCH 7:
PU nnPU correction: 0/85 batches, min negative_loss=0.075244, mean negative_loss=0.295673
VALIDATION
valid epoch balanced_accuracy: 0.168911
EPOCH 8:
PU nnPU correction: 0/85 batches, min negative_loss=0.075024, mean negative_loss=0.295762
VALIDATION
valid epoch balanced_accuracy: 0.168911
EPOCH 9:
PU nnPU correction: 0/85 batches, min negative_loss=0.137522, mean negative_loss=0.295761
VALIDATION
valid epoch balanced_accuracy: 0.168911
EPOCH 10:
PU nnPU correction: 0/85 batches, min negative_loss=0.137507, mean negative_loss=0.295656
VALIDATION
valid epoch balanced_accuracy: 0.168911
EPOCH 11:
PU nnPU correction: 0/85 batches, min negative_loss=0.075029, mean negative_loss=0.295877
VALIDATION
valid epoch balanced_accuracy: 0.168911
EPOCH 12:
PU nnPU correction: 0/85 batches, min negative_loss=0.075069, mean negative_loss=0.295335
VALIDATION
valid epoch balanced_accuracy: 0.168911
EPOCH 13:
PU nnPU correction: 0/85 batches, min negative_loss=0.137462, mean negative_loss=0.295978
VALIDATION
valid epoch balanced_accuracy: 0.168911
EPOCH 14:
PU nnPU correction: 0/85 batches, min negative_loss=0.137496, mean negative_loss=0.295654
VALIDATION
valid epoch balanced_accuracy: 0.168911
EPOCH 15:
PU nnPU correction: 0/85 batches, min negative_loss=0.081256, mean negative_loss=0.295756
VALIDATION
valid epoch balanced_accuracy: 0.168911
EPOCH 16:
PU nnPU correction: 0/85 batches, min negative_loss=0.137503, mean negative_loss=0.295549
VALIDATION
valid epoch balanced_accuracy: 0.168911
EPOCH 17:
PU nnPU correction: 0/85 batches, min negative_loss=0.075014, mean negative_loss=0.295662
VALIDATION
valid epoch balanced_accuracy: 0.168911
EPOCH 18:
PU nnPU correction: 0/85 batches, min negative_loss=0.137495, mean negative_loss=0.295881
VALIDATION
valid epoch balanced_accuracy: 0.168911
EPOCH 19:
PU nnPU correction: 0/85 batches, min negative_loss=0.143757, mean negative_loss=0.295873
VALIDATION
valid epoch balanced_accuracy: 0.168911
EPOCH 20:
PU nnPU correction: 0/85 batches, min negative_loss=0.137498, mean negative_loss=0.296281
VALIDATION
valid epoch balanced_accuracy: 0.168911
EPOCH 21:
PU nnPU correction: 0/85 batches, min negative_loss=0.081268, mean negative_loss=0.295788
VALIDATION
valid epoch balanced_accuracy: 0.168911
EPOCH 22:
PU nnPU correction: 0/85 batches, min negative_loss=0.137501, mean negative_loss=0.296091
VALIDATION
valid epoch balanced_accuracy: 0.168911
EPOCH 23:
PU nnPU correction: 0/85 batches, min negative_loss=0.137501, mean negative_loss=0.296072
VALIDATION
valid epoch balanced_accuracy: 0.168911
EPOCH 24:
PU nnPU correction: 0/85 batches, min negative_loss=0.075009, mean negative_loss=0.295694
VALIDATION
valid epoch balanced_accuracy: 0.168911
EPOCH 25:
PU nnPU correction: 0/85 batches, min negative_loss=0.075012, mean negative_loss=0.295663
VALIDATION
valid epoch balanced_accuracy: 0.168911
EPOCH 26:
PU nnPU correction: 0/85 batches, min negative_loss=0.075008, mean negative_loss=0.295967
VALIDATION
valid epoch balanced_accuracy: 0.168911
EPOCH 27:
PU nnPU correction: 0/85 batches, min negative_loss=0.092871, mean negative_loss=0.295441
VALIDATION
valid epoch balanced_accuracy: 0.168911
EPOCH 28:
PU nnPU correction: 0/85 batches, min negative_loss=0.081256, mean negative_loss=0.296186
VALIDATION
valid epoch balanced_accuracy: 0.168911
EPOCH 29:
PU nnPU correction: 0/85 batches, min negative_loss=0.137500, mean negative_loss=0.295555
VALIDATION
valid epoch balanced_accuracy: 0.168911
EPOCH 30:
PU nnPU correction: 0/85 batches, min negative_loss=0.137503, mean negative_loss=0.296072
VALIDATION
valid epoch balanced_accuracy: 0.168911
EPOCH 31:
PU nnPU correction: 0/85 batches, min negative_loss=0.137503, mean negative_loss=0.295231
VALIDATION
valid epoch balanced_accuracy: 0.168911
EPOCH 32:
PU nnPU correction: 0/85 batches, min negative_loss=0.075004, mean negative_loss=0.295966
VALIDATION
valid epoch balanced_accuracy: 0.168911
EPOCH 33:
PU nnPU correction: 0/85 batches, min negative_loss=0.075000, mean negative_loss=0.295128
VALIDATION
valid epoch balanced_accuracy: 0.168911
EPOCH 34:
PU nnPU correction: 0/85 batches, min negative_loss=0.075008, mean negative_loss=0.295873
VALIDATION
valid epoch balanced_accuracy: 0.168911
EPOCH 35:
PU nnPU correction: 0/85 batches, min negative_loss=0.137502, mean negative_loss=0.295767
VALIDATION
valid epoch balanced_accuracy: 0.168911
EPOCH 36:
PU nnPU correction: 0/85 batches, min negative_loss=0.075010, mean negative_loss=0.295756
VALIDATION
valid epoch balanced_accuracy: 0.168911
EPOCH 37:
PU nnPU correction: 0/85 batches, min negative_loss=0.075000, mean negative_loss=0.295977
VALIDATION
valid epoch balanced_accuracy: 0.168911
EPOCH 38:
PU nnPU correction: 0/85 batches, min negative_loss=0.075002, mean negative_loss=0.295567
VALIDATION
valid epoch balanced_accuracy: 0.168911
EPOCH 39:
PU nnPU correction: 0/85 batches, min negative_loss=0.137501, mean negative_loss=0.295988
VALIDATION
valid epoch balanced_accuracy: 0.168911
EPOCH 40:
PU nnPU correction: 1/85 batches, min negative_loss=-0.049990, mean negative_loss=0.295662
VALIDATION
valid epoch balanced_accuracy: 0.168911
EPOCH 41:
PU nnPU correction: 0/85 batches, min negative_loss=0.137498, mean negative_loss=0.295988
VALIDATION
valid epoch balanced_accuracy: 0.168911
EPOCH 42:
PU nnPU correction: 0/85 batches, min negative_loss=0.075002, mean negative_loss=0.295672
VALIDATION
valid epoch balanced_accuracy: 0.168911
EPOCH 43:
PU nnPU correction: 0/85 batches, min negative_loss=0.137500, mean negative_loss=0.295861
VALIDATION
valid epoch balanced_accuracy: 0.168911
EPOCH 44:
PU nnPU correction: 0/85 batches, min negative_loss=0.137499, mean negative_loss=0.295546
VALIDATION
valid epoch balanced_accuracy: 0.168911
EPOCH 45:
PU nnPU correction: 0/85 batches, min negative_loss=0.137503, mean negative_loss=0.295757
VALIDATION
valid epoch balanced_accuracy: 0.168911
EPOCH 46:
PU nnPU correction: 0/85 batches, min negative_loss=0.075009, mean negative_loss=0.295557
VALIDATION
valid epoch balanced_accuracy: 0.168911
EPOCH 47:
PU nnPU correction: 0/85 batches, min negative_loss=0.075004, mean negative_loss=0.295356
VALIDATION
valid epoch balanced_accuracy: 0.168911
EPOCH 48:
PU nnPU correction: 0/85 batches, min negative_loss=0.075004, mean negative_loss=0.295662
VALIDATION
valid epoch balanced_accuracy: 0.168911
EPOCH 49:
PU nnPU correction: 0/85 batches, min negative_loss=0.137497, mean negative_loss=0.295662
VALIDATION
valid epoch balanced_accuracy: 0.168911
EPOCH 50:
PU nnPU correction: 0/85 batches, min negative_loss=0.075001, mean negative_loss=0.296072
VALIDATION
valid epoch balanced_accuracy: 0.168911
EPOCH 51:
PU nnPU correction: 0/85 batches, min negative_loss=0.137503, mean negative_loss=0.295862
VALIDATION
valid epoch balanced_accuracy: 0.168911
EPOCH 52:
PU nnPU correction: 0/85 batches, min negative_loss=0.075001, mean negative_loss=0.295556
VALIDATION
valid epoch balanced_accuracy: 0.168911
EPOCH 53:
PU nnPU correction: 0/85 batches, min negative_loss=0.075005, mean negative_loss=0.295652
VALIDATION
valid epoch balanced_accuracy: 0.168911
EPOCH 54:
PU nnPU correction: 0/85 batches, min negative_loss=0.137501, mean negative_loss=0.295755
VALIDATION
valid epoch balanced_accuracy: 0.168911
EPOCH 55:
PU nnPU correction: 0/85 batches, min negative_loss=0.137500, mean negative_loss=0.295871
VALIDATION
valid epoch balanced_accuracy: 0.168911
EPOCH 56:
PU nnPU correction: 0/85 batches, min negative_loss=0.075000, mean negative_loss=0.296219
VALIDATION
valid epoch balanced_accuracy: 0.168911
EPOCH 57:
PU nnPU correction: 0/85 batches, min negative_loss=0.081257, mean negative_loss=0.295755
VALIDATION
valid epoch balanced_accuracy: 0.168911
EPOCH 58:
PU nnPU correction: 0/85 batches, min negative_loss=0.137501, mean negative_loss=0.295777
VALIDATION
valid epoch balanced_accuracy: 0.168911
EPOCH 59:
PU nnPU correction: 0/85 batches, min negative_loss=0.075003, mean negative_loss=0.295441
VALIDATION
valid epoch balanced_accuracy: 0.168911
EPOCH 60:
PU nnPU correction: 0/85 batches, min negative_loss=0.075008, mean negative_loss=0.295347
VALIDATION
valid epoch balanced_accuracy: 0.168911
EPOCH 61:
PU nnPU correction: 0/85 batches, min negative_loss=0.075000, mean negative_loss=0.295977
VALIDATION
valid epoch balanced_accuracy: 0.168911
EPOCH 62:
PU nnPU correction: 0/85 batches, min negative_loss=0.075003, mean negative_loss=0.295661
VALIDATION
valid epoch balanced_accuracy: 0.168911
EPOCH 63:
PU nnPU correction: 0/85 batches, min negative_loss=0.075001, mean negative_loss=0.295756
VALIDATION
valid epoch balanced_accuracy: 0.168911
EPOCH 64:
PU nnPU correction: 0/85 batches, min negative_loss=0.092858, mean negative_loss=0.295336
VALIDATION
valid epoch balanced_accuracy: 0.168911
EPOCH 65:
PU nnPU correction: 0/85 batches, min negative_loss=0.075011, mean negative_loss=0.295767
VALIDATION
valid epoch balanced_accuracy: 0.168911
EPOCH 66:
PU nnPU correction: 0/85 batches, min negative_loss=0.012510, mean negative_loss=0.296072
VALIDATION
valid epoch balanced_accuracy: 0.168911
EPOCH 67:
PU nnPU correction: 0/85 batches, min negative_loss=0.137500, mean negative_loss=0.295756
VALIDATION
valid epoch balanced_accuracy: 0.168911
EPOCH 68:
PU nnPU correction: 0/85 batches, min negative_loss=0.092857, mean negative_loss=0.295452
VALIDATION
valid epoch balanced_accuracy: 0.168911
EPOCH 69:
PU nnPU correction: 0/85 batches, min negative_loss=0.137505, mean negative_loss=0.295872
VALIDATION
valid epoch balanced_accuracy: 0.168911
EPOCH 70:
PU nnPU correction: 0/85 batches, min negative_loss=0.025005, mean negative_loss=0.295556
VALIDATION
valid epoch balanced_accuracy: 0.168911
EPOCH 71:
PU nnPU correction: 0/85 batches, min negative_loss=0.075004, mean negative_loss=0.296082
VALIDATION
valid epoch balanced_accuracy: 0.168911
EPOCH 72:
PU nnPU correction: 0/85 batches, min negative_loss=0.075009, mean negative_loss=0.295241
VALIDATION
valid epoch balanced_accuracy: 0.168911
EPOCH 73:
PU nnPU correction: 0/85 batches, min negative_loss=0.081252, mean negative_loss=0.295147
VALIDATION
valid epoch balanced_accuracy: 0.168911
EPOCH 74:
PU nnPU correction: 0/85 batches, min negative_loss=0.021431, mean negative_loss=0.295350
VALIDATION
valid epoch balanced_accuracy: 0.168911
EPOCH 75:
PU nnPU correction: 2/85 batches, min negative_loss=-0.000120, mean negative_loss=0.226215
VALIDATION
valid epoch balanced_accuracy: 0.500000
EPOCH 76:
PU nnPU correction: 3/85 batches, min negative_loss=-0.000000, mean negative_loss=0.000000
VALIDATION
valid epoch balanced_accuracy: 0.500000
EPOCH 77:
PU nnPU correction: 1/85 batches, min negative_loss=-0.000000, mean negative_loss=0.000000
VALIDATION
valid epoch balanced_accuracy: 0.500000
EPOCH 78:
PU nnPU correction: 4/85 batches, min negative_loss=-0.000000, mean negative_loss=0.000000
VALIDATION
valid epoch balanced_accuracy: 0.500000
EPOCH 79:
PU nnPU correction: 2/85 batches, min negative_loss=-0.000000, mean negative_loss=0.000000
VALIDATION
valid epoch balanced_accuracy: 0.500000
EPOCH 80:
PU nnPU correction: 5/85 batches, min negative_loss=-0.000000, mean negative_loss=0.000000
VALIDATION
valid epoch balanced_accuracy: 0.500000
EPOCH 81:
PU nnPU correction: 0/85 batches, min negative_loss=0.000000, mean negative_loss=0.000000
VALIDATION
valid epoch balanced_accuracy: 0.500000
EPOCH 82:
PU nnPU correction: 1/85 batches, min negative_loss=-0.000000, mean negative_loss=0.000000
VALIDATION
valid epoch balanced_accuracy: 0.500000
EPOCH 83:
PU nnPU correction: 1/85 batches, min negative_loss=-0.000000, mean negative_loss=0.000001
VALIDATION
valid epoch balanced_accuracy: 0.500000
EPOCH 84:
PU nnPU correction: 0/85 batches, min negative_loss=0.000000, mean negative_loss=0.000001
VALIDATION
valid epoch balanced_accuracy: 0.500000
EPOCH 85:
PU nnPU correction: 0/85 batches, min negative_loss=0.000000, mean negative_loss=0.000002
VALIDATION
valid epoch balanced_accuracy: 0.500000
EPOCH 86:
PU nnPU correction: 0/85 batches, min negative_loss=0.000000, mean negative_loss=0.000004
VALIDATION
valid epoch balanced_accuracy: 0.500000
EPOCH 87:
PU nnPU correction: 0/85 batches, min negative_loss=0.000001, mean negative_loss=0.000010
VALIDATION
valid epoch balanced_accuracy: 0.500000
EPOCH 88:
PU nnPU correction: 0/85 batches, min negative_loss=0.000008, mean negative_loss=0.000104
VALIDATION
valid epoch balanced_accuracy: 0.500000
EPOCH 89:
PU nnPU correction: 0/85 batches, min negative_loss=0.000688, mean negative_loss=0.314008
VALIDATION
valid epoch balanced_accuracy: 0.500000
EPOCH 90:
PU nnPU correction: 0/85 batches, min negative_loss=0.031951, mean negative_loss=0.365866
VALIDATION
valid epoch balanced_accuracy: 0.142595
EPOCH 91:
PU nnPU correction: 0/85 batches, min negative_loss=0.066366, mean negative_loss=0.284005
VALIDATION
valid epoch balanced_accuracy: 0.154223
EPOCH 92:
PU nnPU correction: 0/85 batches, min negative_loss=0.075130, mean negative_loss=0.273574
VALIDATION
valid epoch balanced_accuracy: 0.154223
EPOCH 93:
PU nnPU correction: 0/85 batches, min negative_loss=0.018791, mean negative_loss=0.269806
VALIDATION
valid epoch balanced_accuracy: 0.168911
EPOCH 94:
PU nnPU correction: 0/85 batches, min negative_loss=0.093709, mean negative_loss=0.284701
VALIDATION
valid epoch balanced_accuracy: 0.168911
EPOCH 95:
PU nnPU correction: 0/85 batches, min negative_loss=0.137538, mean negative_loss=0.284619
VALIDATION
valid epoch balanced_accuracy: 0.168911
EPOCH 96:
PU nnPU correction: 0/85 batches, min negative_loss=0.018805, mean negative_loss=0.284891
VALIDATION
valid epoch balanced_accuracy: 0.168911
EPOCH 97:
PU nnPU correction: 0/85 batches, min negative_loss=0.012548, mean negative_loss=0.284979
VALIDATION
valid epoch balanced_accuracy: 0.168911
EPOCH 98:
PU nnPU correction: 0/85 batches, min negative_loss=0.137518, mean negative_loss=0.284654
VALIDATION
valid epoch balanced_accuracy: 0.168911
EPOCH 99:
PU nnPU correction: 0/85 batches, min negative_loss=0.081326, mean negative_loss=0.284327
VALIDATION
valid epoch balanced_accuracy: 0.168911
EPOCH 100:
PU nnPU correction: 0/85 batches, min negative_loss=0.081265, mean negative_loss=0.284205
VALIDATION
valid epoch balanced_accuracy: 0.168911
EPOCH 101:
PU nnPU correction: 0/85 batches, min negative_loss=0.092942, mean negative_loss=0.284408
VALIDATION
valid epoch balanced_accuracy: 0.168911
EPOCH 102:
PU nnPU correction: 0/85 batches, min negative_loss=0.081276, mean negative_loss=0.284418
VALIDATION
valid epoch balanced_accuracy: 0.168911
EPOCH 103:
PU nnPU correction: 0/85 batches, min negative_loss=0.075029, mean negative_loss=0.284707
VALIDATION
valid epoch balanced_accuracy: 0.168911
EPOCH 104:
PU nnPU correction: 0/85 batches, min negative_loss=0.137533, mean negative_loss=0.284517
VALIDATION
valid epoch balanced_accuracy: 0.168911
EPOCH 105:
PU nnPU correction: 0/85 batches, min negative_loss=0.075007, mean negative_loss=0.284836
VALIDATION
valid epoch balanced_accuracy: 0.168911
EPOCH 106:
PU nnPU correction: 0/85 batches, min negative_loss=0.018756, mean negative_loss=0.284927
VALIDATION
valid epoch balanced_accuracy: 0.168911
EPOCH 107:
PU nnPU correction: 0/85 batches, min negative_loss=0.075049, mean negative_loss=0.284406
VALIDATION
valid epoch balanced_accuracy: 0.168911
EPOCH 108:
PU nnPU correction: 0/85 batches, min negative_loss=0.075027, mean negative_loss=0.284513
VALIDATION
valid epoch balanced_accuracy: 0.168911
EPOCH 109:
PU nnPU correction: 0/85 batches, min negative_loss=0.012559, mean negative_loss=0.283816
VALIDATION
valid epoch balanced_accuracy: 0.168911
EPOCH 110:
PU nnPU correction: 0/85 batches, min negative_loss=0.081259, mean negative_loss=0.284396
VALIDATION
valid epoch balanced_accuracy: 0.168911
EPOCH 111:
PU nnPU correction: 0/85 batches, min negative_loss=0.137502, mean negative_loss=0.284110
VALIDATION
valid epoch balanced_accuracy: 0.168911
EPOCH 112:
PU nnPU correction: 0/85 batches, min negative_loss=0.075042, mean negative_loss=0.284204
VALIDATION
valid epoch balanced_accuracy: 0.168911
EPOCH 113:
PU nnPU correction: 0/85 batches, min negative_loss=0.081264, mean negative_loss=0.284486
VALIDATION
valid epoch balanced_accuracy: 0.168911
EPOCH 114:
PU nnPU correction: 0/85 batches, min negative_loss=0.075012, mean negative_loss=0.284937
VALIDATION
valid epoch balanced_accuracy: 0.168911
EPOCH 115:
PU nnPU correction: 0/85 batches, min negative_loss=0.075009, mean negative_loss=0.284074
VALIDATION
valid epoch balanced_accuracy: 0.168911
EPOCH 116:
PU nnPU correction: 0/85 batches, min negative_loss=0.075003, mean negative_loss=0.285049
VALIDATION
valid epoch balanced_accuracy: 0.168911
EPOCH 117:
PU nnPU correction: 0/85 batches, min negative_loss=0.075004, mean negative_loss=0.284513
VALIDATION
valid epoch balanced_accuracy: 0.168911
EPOCH 118:
PU nnPU correction: 0/85 batches, min negative_loss=0.137509, mean negative_loss=0.284273
VALIDATION
valid epoch balanced_accuracy: 0.168911
EPOCH 119:
PU nnPU correction: 0/85 batches, min negative_loss=0.075002, mean negative_loss=0.284387
VALIDATION
valid epoch balanced_accuracy: 0.168911
EPOCH 120:
PU nnPU correction: 0/85 batches, min negative_loss=0.075006, mean negative_loss=0.284388
VALIDATION
valid epoch balanced_accuracy: 0.168911
EPOCH 121:
PU nnPU correction: 0/85 batches, min negative_loss=0.012515, mean negative_loss=0.284914
VALIDATION
valid epoch balanced_accuracy: 0.168911
EPOCH 122:
PU nnPU correction: 0/85 batches, min negative_loss=0.012532, mean negative_loss=0.284483
VALIDATION
valid epoch balanced_accuracy: 0.168911
EPOCH 123:
PU nnPU correction: 0/85 batches, min negative_loss=0.075036, mean negative_loss=0.284609
VALIDATION
valid epoch balanced_accuracy: 0.168911
EPOCH 124:
PU nnPU correction: 0/85 batches, min negative_loss=0.021431, mean negative_loss=0.284074
VALIDATION
valid epoch balanced_accuracy: 0.168911
EPOCH 125:
PU nnPU correction: 0/85 batches, min negative_loss=0.075001, mean negative_loss=0.284798
VALIDATION
valid epoch balanced_accuracy: 0.168911
EPOCH 126:
PU nnPU correction: 0/85 batches, min negative_loss=0.075006, mean negative_loss=0.284599
VALIDATION
valid epoch balanced_accuracy: 0.168911
EPOCH 127:
PU nnPU correction: 0/85 batches, min negative_loss=0.075005, mean negative_loss=0.284082
VALIDATION
valid epoch balanced_accuracy: 0.168911
EPOCH 128:
PU nnPU correction: 0/85 batches, min negative_loss=0.075004, mean negative_loss=0.284617
VALIDATION
valid epoch balanced_accuracy: 0.168911
EPOCH 129:
PU nnPU correction: 0/85 batches, min negative_loss=0.075031, mean negative_loss=0.284387
VALIDATION
valid epoch balanced_accuracy: 0.168911
EPOCH 130:
PU nnPU correction: 0/85 batches, min negative_loss=0.018751, mean negative_loss=0.284587
VALIDATION
valid epoch balanced_accuracy: 0.168911
EPOCH 131:
PU nnPU correction: 0/85 batches, min negative_loss=0.025008, mean negative_loss=0.284503
VALIDATION
valid epoch balanced_accuracy: 0.168911
EPOCH 132:
PU nnPU correction: 0/85 batches, min negative_loss=0.075001, mean negative_loss=0.284609
VALIDATION
valid epoch balanced_accuracy: 0.168911
EPOCH 133:
PU nnPU correction: 0/85 batches, min negative_loss=0.075030, mean negative_loss=0.284836
VALIDATION
valid epoch balanced_accuracy: 0.168911
EPOCH 134:
PU nnPU correction: 0/85 batches, min negative_loss=0.075001, mean negative_loss=0.283967
VALIDATION
valid epoch balanced_accuracy: 0.168911
EPOCH 135:
PU nnPU correction: 0/85 batches, min negative_loss=0.075020, mean negative_loss=0.284921
VALIDATION
valid epoch balanced_accuracy: 0.168911
EPOCH 136:
PU nnPU correction: 0/85 batches, min negative_loss=0.137504, mean negative_loss=0.285041
VALIDATION
valid epoch balanced_accuracy: 0.168911
EPOCH 137:
PU nnPU correction: 0/85 batches, min negative_loss=0.081254, mean negative_loss=0.284523
VALIDATION
valid epoch balanced_accuracy: 0.168911
EPOCH 138:
PU nnPU correction: 0/85 batches, min negative_loss=0.075001, mean negative_loss=0.284502
VALIDATION
valid epoch balanced_accuracy: 0.168911
EPOCH 139:
PU nnPU correction: 0/85 batches, min negative_loss=0.028581, mean negative_loss=0.284315
VALIDATION
valid epoch balanced_accuracy: 0.168911
EPOCH 140:
PU nnPU correction: 0/85 batches, min negative_loss=0.012518, mean negative_loss=0.284713
VALIDATION
valid epoch balanced_accuracy: 0.168911
EPOCH 141:
PU nnPU correction: 0/85 batches, min negative_loss=0.012502, mean negative_loss=0.284921
VALIDATION
valid epoch balanced_accuracy: 0.168911
EPOCH 142:
PU nnPU correction: 0/85 batches, min negative_loss=0.075000, mean negative_loss=0.284407
VALIDATION
valid epoch balanced_accuracy: 0.168911
EPOCH 143:
PU nnPU correction: 0/85 batches, min negative_loss=0.075002, mean negative_loss=0.284406
VALIDATION
valid epoch balanced_accuracy: 0.168911
EPOCH 144:
PU nnPU correction: 0/85 batches, min negative_loss=0.075005, mean negative_loss=0.284397
VALIDATION
valid epoch balanced_accuracy: 0.168911
EPOCH 145:
PU nnPU correction: 0/85 batches, min negative_loss=0.081248, mean negative_loss=0.285004
VALIDATION
valid epoch balanced_accuracy: 0.168911
EPOCH 146:
PU nnPU correction: 0/85 batches, min negative_loss=0.075003, mean negative_loss=0.284606
VALIDATION
valid epoch balanced_accuracy: 0.168911
EPOCH 147:
PU nnPU correction: 0/85 batches, min negative_loss=0.075002, mean negative_loss=0.284308
VALIDATION
valid epoch balanced_accuracy: 0.168911
EPOCH 148:
PU nnPU correction: 0/85 batches, min negative_loss=0.075004, mean negative_loss=0.284806
VALIDATION
valid epoch balanced_accuracy: 0.168911
EPOCH 149:
PU nnPU correction: 0/85 batches, min negative_loss=0.137507, mean negative_loss=0.284629
VALIDATION
valid epoch balanced_accuracy: 0.168911
EPOCH 150:
PU nnPU correction: 0/85 batches, min negative_loss=0.012563, mean negative_loss=0.284589
VALIDATION
valid epoch balanced_accuracy: 0.168911
accuracy: 0.469136
sensitivity: 0.000000
precision: undefined
specificity: 1.000000
IoU: 0.000000
FAR: 0.000000
F1: 0.000000
balanced_accuracy: 0.500000
loss: 0.543210
