
number of parameters : 3087866
train : (1426, 12)
valid : (43, 12)
test : (43, 12)
class weights : [1.0, 1.0]
balanced batches : 90 per epoch covering all 1426 train rows, target 8 positive + 8 unlabeled
data extracted
EPOCH 1:
VALIDATION
valid epoch balanced_accuracy: 0.572826
EPOCH 2:
VALIDATION
valid epoch balanced_accuracy: 0.557609
EPOCH 3:
VALIDATION
valid epoch balanced_accuracy: 0.547826
EPOCH 4:
VALIDATION
valid epoch balanced_accuracy: 0.560870
EPOCH 5:
VALIDATION
valid epoch balanced_accuracy: 0.657609
EPOCH 6:
VALIDATION
valid epoch balanced_accuracy: 0.538043
EPOCH 7:
VALIDATION
valid epoch balanced_accuracy: 0.582609
EPOCH 8:
VALIDATION
valid epoch balanced_accuracy: 0.632609
EPOCH 9:
VALIDATION
valid epoch balanced_accuracy: 0.581522
EPOCH 10:
VALIDATION
valid epoch balanced_accuracy: 0.628261
EPOCH 11:
VALIDATION
valid epoch balanced_accuracy: 0.569565
EPOCH 12:
VALIDATION
valid epoch balanced_accuracy: 0.669565
EPOCH 13:
VALIDATION
valid epoch balanced_accuracy: 0.663043
EPOCH 14:
VALIDATION
valid epoch balanced_accuracy: 0.613043
EPOCH 15:
VALIDATION
valid epoch balanced_accuracy: 0.672826
EPOCH 16:
VALIDATION
valid epoch balanced_accuracy: 0.684783
EPOCH 17:
VALIDATION
valid epoch balanced_accuracy: 0.651087
EPOCH 18:
VALIDATION
valid epoch balanced_accuracy: 0.544565
EPOCH 19:
VALIDATION
valid epoch balanced_accuracy: 0.669565
EPOCH 20:
VALIDATION
valid epoch balanced_accuracy: 0.666304
EPOCH 21:
VALIDATION
valid epoch balanced_accuracy: 0.582609
EPOCH 22:
VALIDATION
valid epoch balanced_accuracy: 0.688043
EPOCH 23:
VALIDATION
valid epoch balanced_accuracy: 0.644565
EPOCH 24:
VALIDATION
valid epoch balanced_accuracy: 0.656522
EPOCH 25:
VALIDATION
valid epoch balanced_accuracy: 0.679348
EPOCH 26:
VALIDATION
valid epoch balanced_accuracy: 0.553261
EPOCH 27:
VALIDATION
valid epoch balanced_accuracy: 0.738043
EPOCH 28:
VALIDATION
valid epoch balanced_accuracy: 0.581522
EPOCH 29:
VALIDATION
valid epoch balanced_accuracy: 0.731522
EPOCH 30:
VALIDATION
valid epoch balanced_accuracy: 0.706522
EPOCH 31:
VALIDATION
valid epoch balanced_accuracy: 0.672826
EPOCH 32:
VALIDATION
valid epoch balanced_accuracy: 0.676087
EPOCH 33:
VALIDATION
valid epoch balanced_accuracy: 0.609783
EPOCH 34:
VALIDATION
valid epoch balanced_accuracy: 0.644565
EPOCH 35:
VALIDATION
valid epoch balanced_accuracy: 0.688043
EPOCH 36:
VALIDATION
valid epoch balanced_accuracy: 0.606522
EPOCH 37:
VALIDATION
valid epoch balanced_accuracy: 0.544565
EPOCH 38:
VALIDATION
valid epoch balanced_accuracy: 0.551087
EPOCH 39:
VALIDATION
valid epoch balanced_accuracy: 0.544565
EPOCH 40:
VALIDATION
valid epoch balanced_accuracy: 0.619565
EPOCH 41:
VALIDATION
valid epoch balanced_accuracy: 0.663043
EPOCH 42:
VALIDATION
valid epoch balanced_accuracy: 0.691304
EPOCH 43:
VALIDATION
valid epoch balanced_accuracy: 0.472826
EPOCH 44:
VALIDATION
valid epoch balanced_accuracy: 0.554348
EPOCH 45:
VALIDATION
valid epoch balanced_accuracy: 0.672826
EPOCH 46:
VALIDATION
valid epoch balanced_accuracy: 0.697826
EPOCH 47:
VALIDATION
valid epoch balanced_accuracy: 0.660870
EPOCH 48:
VALIDATION
valid epoch balanced_accuracy: 0.532609
EPOCH 49:
VALIDATION
valid epoch balanced_accuracy: 0.697826
EPOCH 50:
VALIDATION
valid epoch balanced_accuracy: 0.704348
EPOCH 51:
VALIDATION
valid epoch balanced_accuracy: 0.620652
EPOCH 52:
VALIDATION
valid epoch balanced_accuracy: 0.595652
EPOCH 53:
VALIDATION
valid epoch balanced_accuracy: 0.697826
EPOCH 54:
VALIDATION
valid epoch balanced_accuracy: 0.629348
EPOCH 55:
VALIDATION
valid epoch balanced_accuracy: 0.639130
EPOCH 56:
VALIDATION
valid epoch balanced_accuracy: 0.660870
EPOCH 57:
VALIDATION
valid epoch balanced_accuracy: 0.614130
EPOCH 58:
VALIDATION
valid epoch balanced_accuracy: 0.704348
EPOCH 59:
VALIDATION
valid epoch balanced_accuracy: 0.555435
EPOCH 60:
VALIDATION
valid epoch balanced_accuracy: 0.573913
EPOCH 61:
VALIDATION
valid epoch balanced_accuracy: 0.685870
EPOCH 62:
VALIDATION
valid epoch balanced_accuracy: 0.598913
EPOCH 63:
VALIDATION
valid epoch balanced_accuracy: 0.685870
EPOCH 64:
VALIDATION
valid epoch balanced_accuracy: 0.660870
EPOCH 65:
VALIDATION
valid epoch balanced_accuracy: 0.623913
EPOCH 66:
VALIDATION
valid epoch balanced_accuracy: 0.582609
EPOCH 67:
VALIDATION
valid epoch balanced_accuracy: 0.635870
EPOCH 68:
VALIDATION
valid epoch balanced_accuracy: 0.642391
EPOCH 69:
VALIDATION
valid epoch balanced_accuracy: 0.639130
EPOCH 70:
VALIDATION
valid epoch balanced_accuracy: 0.664130
EPOCH 71:
VALIDATION
valid epoch balanced_accuracy: 0.660870
EPOCH 72:
VALIDATION
valid epoch balanced_accuracy: 0.552174
EPOCH 73:
VALIDATION
valid epoch balanced_accuracy: 0.617391
EPOCH 74:
VALIDATION
valid epoch balanced_accuracy: 0.639130
EPOCH 75:
VALIDATION
valid epoch balanced_accuracy: 0.585870
EPOCH 76:
VALIDATION
valid epoch balanced_accuracy: 0.533696
EPOCH 77:
VALIDATION
valid epoch balanced_accuracy: 0.505435
EPOCH 78:
VALIDATION
valid epoch balanced_accuracy: 0.660870
EPOCH 79:
VALIDATION
valid epoch balanced_accuracy: 0.651087
EPOCH 80:
VALIDATION
valid epoch balanced_accuracy: 0.682609
EPOCH 81:
VALIDATION
valid epoch balanced_accuracy: 0.657609
EPOCH 82:
VALIDATION
valid epoch balanced_accuracy: 0.604348
EPOCH 83:
VALIDATION
valid epoch balanced_accuracy: 0.669565
EPOCH 84:
VALIDATION
valid epoch balanced_accuracy: 0.639130
EPOCH 85:
VALIDATION
valid epoch balanced_accuracy: 0.567391
EPOCH 86:
VALIDATION
valid epoch balanced_accuracy: 0.635870
EPOCH 87:
VALIDATION
valid epoch balanced_accuracy: 0.697826
EPOCH 88:
VALIDATION
valid epoch balanced_accuracy: 0.657609
EPOCH 89:
VALIDATION
valid epoch balanced_accuracy: 0.679348
EPOCH 90:
VALIDATION
valid epoch balanced_accuracy: 0.676087
EPOCH 91:
VALIDATION
valid epoch balanced_accuracy: 0.704348
EPOCH 92:
VALIDATION
valid epoch balanced_accuracy: 0.632609
EPOCH 93:
VALIDATION
valid epoch balanced_accuracy: 0.672826
EPOCH 94:
VALIDATION
valid epoch balanced_accuracy: 0.632609
EPOCH 95:
VALIDATION
valid epoch balanced_accuracy: 0.679348
EPOCH 96:
VALIDATION
valid epoch balanced_accuracy: 0.582609
EPOCH 97:
VALIDATION
valid epoch balanced_accuracy: 0.514130
EPOCH 98:
VALIDATION
valid epoch balanced_accuracy: 0.672826
EPOCH 99:
VALIDATION
valid epoch balanced_accuracy: 0.531522
EPOCH 100:
VALIDATION
valid epoch balanced_accuracy: 0.672826
EPOCH 101:
VALIDATION
valid epoch balanced_accuracy: 0.651087
EPOCH 102:
VALIDATION
valid epoch balanced_accuracy: 0.591304
EPOCH 103:
VALIDATION
valid epoch balanced_accuracy: 0.576087
EPOCH 104:
VALIDATION
valid epoch balanced_accuracy: 0.576087
EPOCH 105:
VALIDATION
valid epoch balanced_accuracy: 0.641304
EPOCH 106:
VALIDATION
valid epoch balanced_accuracy: 0.572826
EPOCH 107:
VALIDATION
valid epoch balanced_accuracy: 0.597826
EPOCH 108:
VALIDATION
valid epoch balanced_accuracy: 0.625000
EPOCH 109:
VALIDATION
valid epoch balanced_accuracy: 0.553261
EPOCH 110:
VALIDATION
valid epoch balanced_accuracy: 0.606522
EPOCH 111:
VALIDATION
valid epoch balanced_accuracy: 0.516304
EPOCH 112:
VALIDATION
valid epoch balanced_accuracy: 0.631522
EPOCH 113:
VALIDATION
valid epoch balanced_accuracy: 0.591304
EPOCH 114:
VALIDATION
valid epoch balanced_accuracy: 0.659783
EPOCH 115:
VALIDATION
valid epoch balanced_accuracy: 0.629348
EPOCH 116:
VALIDATION
valid epoch balanced_accuracy: 0.584783
EPOCH 117:
VALIDATION
valid epoch balanced_accuracy: 0.694565
EPOCH 118:
VALIDATION
valid epoch balanced_accuracy: 0.553261
EPOCH 119:
VALIDATION
valid epoch balanced_accuracy: 0.638043
EPOCH 120:
VALIDATION
valid epoch balanced_accuracy: 0.719565
EPOCH 121:
VALIDATION
valid epoch balanced_accuracy: 0.572826
EPOCH 122:
VALIDATION
valid epoch balanced_accuracy: 0.525000
EPOCH 123:
VALIDATION
valid epoch balanced_accuracy: 0.588043
EPOCH 124:
VALIDATION
valid epoch balanced_accuracy: 0.591304
EPOCH 125:
VALIDATION
valid epoch balanced_accuracy: 0.497826
EPOCH 126:
VALIDATION
valid epoch balanced_accuracy: 0.566304
EPOCH 127:
VALIDATION
valid epoch balanced_accuracy: 0.528261
EPOCH 128:
VALIDATION
valid epoch balanced_accuracy: 0.528261
EPOCH 129:
VALIDATION
valid epoch balanced_accuracy: 0.578261
EPOCH 130:
VALIDATION
valid epoch balanced_accuracy: 0.563043
EPOCH 131:
VALIDATION
valid epoch balanced_accuracy: 0.609783
EPOCH 132:
VALIDATION
valid epoch balanced_accuracy: 0.603261
EPOCH 133:
VALIDATION
valid epoch balanced_accuracy: 0.553261
EPOCH 134:
VALIDATION
valid epoch balanced_accuracy: 0.553261
EPOCH 135:
VALIDATION
valid epoch balanced_accuracy: 0.503261
EPOCH 136:
VALIDATION
valid epoch balanced_accuracy: 0.550000
EPOCH 137:
VALIDATION
valid epoch balanced_accuracy: 0.553261
EPOCH 138:
VALIDATION
valid epoch balanced_accuracy: 0.538043
EPOCH 139:
VALIDATION
valid epoch balanced_accuracy: 0.578261
EPOCH 140:
VALIDATION
valid epoch balanced_accuracy: 0.656522
EPOCH 141:
VALIDATION
valid epoch balanced_accuracy: 0.625000
EPOCH 142:
VALIDATION
valid epoch balanced_accuracy: 0.550000
EPOCH 143:
VALIDATION
valid epoch balanced_accuracy: 0.575000
EPOCH 144:
VALIDATION
valid epoch balanced_accuracy: 0.506522
EPOCH 145:
VALIDATION
valid epoch balanced_accuracy: 0.588043
EPOCH 146:
VALIDATION
valid epoch balanced_accuracy: 0.484783
EPOCH 147:
VALIDATION
valid epoch balanced_accuracy: 0.525000
EPOCH 148:
VALIDATION
valid epoch balanced_accuracy: 0.553261
EPOCH 149:
VALIDATION
valid epoch balanced_accuracy: 0.503261
EPOCH 150:
VALIDATION
valid epoch balanced_accuracy: 0.525000
Discovered surviving group widths (pruned architecture):
  lipid1.attention.FFN.0: 96/96 active
  lipid1.attention.FFN.4: 384/384 active
  lipid1.attention.FFN.8: 384/384 active
  lipid1.attention.FFN.11: 96/96 active
  protein1.enc_plm.1: 10/10 active
  protein1.attention.FFN.0: 96/96 active
  protein1.attention.FFN.4: 384/384 active
  protein1.attention.FFN.8: 384/384 active
  protein1.attention.FFN.11: 96/96 active
  protein1.mlp.0: 768/768 active
  protein1.mlp.4: 384/384 active
  protein1.mlp.8: 384/384 active
  protein1.mlp.12: 96/96 active
  cross_attention1.lipFFN.0: 96/96 active
  cross_attention1.lipFFN.4: 384/384 active
  cross_attention1.lipFFN.8: 384/384 active
  cross_attention1.lipFFN.11: 96/96 active
  cross_attention1.protFFN.0: 96/96 active
  cross_attention1.protFFN.4: 384/384 active
  cross_attention1.protFFN.8: 384/384 active
  cross_attention1.protFFN.11: 96/96 active
  final_layer.binar.0: 192/192 active
  final_layer.binar.4: 384/384 active
  final_layer.binar.8: 384/384 active
  final_layer.binar.12: 96/96 active
accuracy: 0.488372
sensitivity: 0.521739
precision: 0.521739
specificity: 0.450000
IoU: 0.352941
FAR: 0.550000
F1: 0.521739
balanced_accuracy: 0.485870
loss: 1.423648
