Waiting for exclusive access to GPU GPU-2d50bd15-7fe4-3436-dd77-3673cfed0084.
=== GROUP: IP_trans | VARIANT: single_gat_transformer | SEED: 0 | FINAL_DROPOUT: 0.0 | WEIGHT_DECAY: 1e-5 | GPU: Tesla V100-SXM2-32GB ===

number of parameters : 1614030
train : (1202, 12)
valid : (64, 12)
test : (65, 12)
class weights : [1.1761252880096436, 0.8697539567947388]
data extracted
EPOCH 1:
VALIDATION
valid epoch balanced_accuracy: 0.500000
EPOCH 2:
VALIDATION
valid epoch balanced_accuracy: 0.482759
EPOCH 3:
VALIDATION
valid epoch balanced_accuracy: 0.482759
EPOCH 4:
VALIDATION
valid epoch balanced_accuracy: 0.637931
EPOCH 5:
VALIDATION
valid epoch balanced_accuracy: 0.593103
EPOCH 6:
VALIDATION
valid epoch balanced_accuracy: 0.581773
EPOCH 7:
VALIDATION
valid epoch balanced_accuracy: 0.587685
EPOCH 8:
VALIDATION
valid epoch balanced_accuracy: 0.547783
EPOCH 9:
VALIDATION
valid epoch balanced_accuracy: 0.675862
EPOCH 10:
VALIDATION
valid epoch balanced_accuracy: 0.550739
EPOCH 11:
VALIDATION
valid epoch balanced_accuracy: 0.511330
EPOCH 12:
VALIDATION
valid epoch balanced_accuracy: 0.538916
EPOCH 13:
VALIDATION
valid epoch balanced_accuracy: 0.582266
EPOCH 14:
VALIDATION
valid epoch balanced_accuracy: 0.588177
EPOCH 15:
VALIDATION
valid epoch balanced_accuracy: 0.597044
EPOCH 16:
VALIDATION
valid epoch balanced_accuracy: 0.596552
EPOCH 17:
VALIDATION
valid epoch balanced_accuracy: 0.613793
EPOCH 18:
VALIDATION
valid epoch balanced_accuracy: 0.582266
EPOCH 19:
VALIDATION
valid epoch balanced_accuracy: 0.525616
EPOCH 20:
VALIDATION
valid epoch balanced_accuracy: 0.625123
EPOCH 21:
VALIDATION
valid epoch balanced_accuracy: 0.619212
EPOCH 22:
VALIDATION
valid epoch balanced_accuracy: 0.631034
EPOCH 23:
VALIDATION
valid epoch balanced_accuracy: 0.628079
EPOCH 24:
VALIDATION
valid epoch balanced_accuracy: 0.508374
EPOCH 25:
VALIDATION
valid epoch balanced_accuracy: 0.499507
EPOCH 26:
VALIDATION
valid epoch balanced_accuracy: 0.553695
EPOCH 27:
VALIDATION
valid epoch balanced_accuracy: 0.616749
EPOCH 28:
VALIDATION
valid epoch balanced_accuracy: 0.616749
EPOCH 29:
VALIDATION
valid epoch balanced_accuracy: 0.645320
EPOCH 30:
VALIDATION
valid epoch balanced_accuracy: 0.585222
EPOCH 31:
VALIDATION
valid epoch balanced_accuracy: 0.631034
EPOCH 32:
VALIDATION
valid epoch balanced_accuracy: 0.716256
EPOCH 33:
VALIDATION
valid epoch balanced_accuracy: 0.676355
EPOCH 34:
VALIDATION
valid epoch balanced_accuracy: 0.676355
EPOCH 35:
VALIDATION
valid epoch balanced_accuracy: 0.707882
EPOCH 36:
VALIDATION
valid epoch balanced_accuracy: 0.642365
EPOCH 37:
VALIDATION
valid epoch balanced_accuracy: 0.665025
EPOCH 38:
VALIDATION
valid epoch balanced_accuracy: 0.690640
EPOCH 39:
VALIDATION
valid epoch balanced_accuracy: 0.650739
EPOCH 40:
VALIDATION
valid epoch balanced_accuracy: 0.594089
EPOCH 41:
VALIDATION
valid epoch balanced_accuracy: 0.696552
EPOCH 42:
VALIDATION
valid epoch balanced_accuracy: 0.665517
EPOCH 43:
VALIDATION
valid epoch balanced_accuracy: 0.653695
EPOCH 44:
VALIDATION
valid epoch balanced_accuracy: 0.631034
EPOCH 45:
VALIDATION
valid epoch balanced_accuracy: 0.670443
EPOCH 46:
VALIDATION
valid epoch balanced_accuracy: 0.676355
EPOCH 47:
VALIDATION
valid epoch balanced_accuracy: 0.707882
EPOCH 48:
VALIDATION
valid epoch balanced_accuracy: 0.636453
EPOCH 49:
VALIDATION
valid epoch balanced_accuracy: 0.733498
EPOCH 50:
VALIDATION
valid epoch balanced_accuracy: 0.722167
EPOCH 51:
VALIDATION
valid epoch balanced_accuracy: 0.650739
EPOCH 52:
VALIDATION
valid epoch balanced_accuracy: 0.665025
EPOCH 53:
VALIDATION
valid epoch balanced_accuracy: 0.607882
EPOCH 54:
VALIDATION
valid epoch balanced_accuracy: 0.725123
EPOCH 55:
VALIDATION
valid epoch balanced_accuracy: 0.679310
EPOCH 56:
VALIDATION
valid epoch balanced_accuracy: 0.559606
EPOCH 57:
VALIDATION
valid epoch balanced_accuracy: 0.491133
EPOCH 58:
VALIDATION
valid epoch balanced_accuracy: 0.665025
EPOCH 59:
VALIDATION
valid epoch balanced_accuracy: 0.607882
EPOCH 60:
VALIDATION
valid epoch balanced_accuracy: 0.628079
EPOCH 61:
VALIDATION
valid epoch balanced_accuracy: 0.610837
EPOCH 62:
VALIDATION
valid epoch balanced_accuracy: 0.628079
EPOCH 63:
VALIDATION
valid epoch balanced_accuracy: 0.616749
EPOCH 64:
VALIDATION
valid epoch balanced_accuracy: 0.693596
EPOCH 65:
VALIDATION
valid epoch balanced_accuracy: 0.682266
EPOCH 66:
VALIDATION
valid epoch balanced_accuracy: 0.693596
EPOCH 67:
VALIDATION
valid epoch balanced_accuracy: 0.707882
EPOCH 68:
VALIDATION
valid epoch balanced_accuracy: 0.588177
EPOCH 69:
VALIDATION
valid epoch balanced_accuracy: 0.673892
EPOCH 70:
VALIDATION
valid epoch balanced_accuracy: 0.690640
EPOCH 71:
VALIDATION
valid epoch balanced_accuracy: 0.656650
EPOCH 72:
VALIDATION
valid epoch balanced_accuracy: 0.602463
EPOCH 73:
VALIDATION
valid epoch balanced_accuracy: 0.696552
EPOCH 74:
VALIDATION
valid epoch balanced_accuracy: 0.696552
EPOCH 75:
VALIDATION
valid epoch balanced_accuracy: 0.479310
EPOCH 76:
VALIDATION
valid epoch balanced_accuracy: 0.690640
EPOCH 77:
VALIDATION
valid epoch balanced_accuracy: 0.685222
EPOCH 78:
VALIDATION
valid epoch balanced_accuracy: 0.609852
EPOCH 79:
VALIDATION
valid epoch balanced_accuracy: 0.685222
EPOCH 80:
VALIDATION
valid epoch balanced_accuracy: 0.699507
EPOCH 81:
VALIDATION
valid epoch balanced_accuracy: 0.707882
EPOCH 82:
VALIDATION
valid epoch balanced_accuracy: 0.716256
EPOCH 83:
VALIDATION
valid epoch balanced_accuracy: 0.704926
EPOCH 84:
VALIDATION
valid epoch balanced_accuracy: 0.665025
EPOCH 85:
VALIDATION
valid epoch balanced_accuracy: 0.576847
EPOCH 86:
VALIDATION
valid epoch balanced_accuracy: 0.653695
EPOCH 87:
VALIDATION
valid epoch balanced_accuracy: 0.653695
EPOCH 88:
VALIDATION
valid epoch balanced_accuracy: 0.682266
EPOCH 89:
VALIDATION
valid epoch balanced_accuracy: 0.679310
EPOCH 90:
VALIDATION
valid epoch balanced_accuracy: 0.622167
EPOCH 91:
VALIDATION
valid epoch balanced_accuracy: 0.662069
EPOCH 92:
VALIDATION
valid epoch balanced_accuracy: 0.639409
EPOCH 93:
VALIDATION
valid epoch balanced_accuracy: 0.696552
EPOCH 94:
VALIDATION
valid epoch balanced_accuracy: 0.653695
EPOCH 95:
VALIDATION
valid epoch balanced_accuracy: 0.653695
EPOCH 96:
VALIDATION
valid epoch balanced_accuracy: 0.702463
EPOCH 97:
VALIDATION
valid epoch balanced_accuracy: 0.682266
EPOCH 98:
VALIDATION
valid epoch balanced_accuracy: 0.659606
EPOCH 99:
VALIDATION
valid epoch balanced_accuracy: 0.670936
EPOCH 100:
VALIDATION
valid epoch balanced_accuracy: 0.719212
EPOCH 101:
VALIDATION
valid epoch balanced_accuracy: 0.667980
EPOCH 102:
VALIDATION
valid epoch balanced_accuracy: 0.650739
EPOCH 103:
VALIDATION
valid epoch balanced_accuracy: 0.596552
EPOCH 104:
VALIDATION
valid epoch balanced_accuracy: 0.665025
EPOCH 105:
VALIDATION
valid epoch balanced_accuracy: 0.639409
EPOCH 106:
VALIDATION
valid epoch balanced_accuracy: 0.625123
EPOCH 107:
VALIDATION
valid epoch balanced_accuracy: 0.667980
EPOCH 108:
VALIDATION
valid epoch balanced_accuracy: 0.662069
EPOCH 109:
VALIDATION
valid epoch balanced_accuracy: 0.667980
EPOCH 110:
VALIDATION
valid epoch balanced_accuracy: 0.670443
EPOCH 111:
VALIDATION
valid epoch balanced_accuracy: 0.638916
EPOCH 112:
VALIDATION
valid epoch balanced_accuracy: 0.633498
EPOCH 113:
VALIDATION
valid epoch balanced_accuracy: 0.633498
EPOCH 114:
VALIDATION
valid epoch balanced_accuracy: 0.639409
EPOCH 115:
VALIDATION
valid epoch balanced_accuracy: 0.662069
EPOCH 116:
VALIDATION
valid epoch balanced_accuracy: 0.676355
EPOCH 117:
VALIDATION
valid epoch balanced_accuracy: 0.628079
EPOCH 118:
VALIDATION
valid epoch balanced_accuracy: 0.625123
EPOCH 119:
VALIDATION
valid epoch balanced_accuracy: 0.650739
EPOCH 120:
VALIDATION
valid epoch balanced_accuracy: 0.636453
EPOCH 121:
VALIDATION
valid epoch balanced_accuracy: 0.628079
EPOCH 122:
VALIDATION
valid epoch balanced_accuracy: 0.607882
EPOCH 123:
VALIDATION
valid epoch balanced_accuracy: 0.597044
EPOCH 124:
VALIDATION
valid epoch balanced_accuracy: 0.622167
EPOCH 125:
VALIDATION
valid epoch balanced_accuracy: 0.607882
EPOCH 126:
VALIDATION
valid epoch balanced_accuracy: 0.565025
EPOCH 127:
VALIDATION
valid epoch balanced_accuracy: 0.565025
EPOCH 128:
VALIDATION
valid epoch balanced_accuracy: 0.601970
EPOCH 129:
VALIDATION
valid epoch balanced_accuracy: 0.647783
EPOCH 130:
VALIDATION
valid epoch balanced_accuracy: 0.644828
EPOCH 131:
VALIDATION
valid epoch balanced_accuracy: 0.573399
EPOCH 132:
VALIDATION
valid epoch balanced_accuracy: 0.644828
EPOCH 133:
VALIDATION
valid epoch balanced_accuracy: 0.587685
EPOCH 134:
VALIDATION
valid epoch balanced_accuracy: 0.590640
EPOCH 135:
VALIDATION
valid epoch balanced_accuracy: 0.644828
EPOCH 136:
VALIDATION
valid epoch balanced_accuracy: 0.633498
EPOCH 137:
VALIDATION
valid epoch balanced_accuracy: 0.587685
EPOCH 138:
VALIDATION
valid epoch balanced_accuracy: 0.601970
EPOCH 139:
VALIDATION
valid epoch balanced_accuracy: 0.645320
EPOCH 140:
VALIDATION
valid epoch balanced_accuracy: 0.636453
EPOCH 141:
VALIDATION
valid epoch balanced_accuracy: 0.630542
EPOCH 142:
VALIDATION
valid epoch balanced_accuracy: 0.625123
EPOCH 143:
VALIDATION
valid epoch balanced_accuracy: 0.622167
EARLY STOPPING: rolling validation balanced accuracy did not improve for 60 epochs and validation loss increased over the same window.
accuracy: 0.630769
sensitivity: 0.466667
precision: 0.636364
specificity: 0.771429
IoU: 0.368421
FAR: 0.228571
F1: 0.538462
balanced_accuracy: 0.619048
loss: 1.538373
