
number of parameters : 1403982
train : (981, 12)
valid : (175, 12)
test : (175, 12)
class weights : [1.1433566808700562, 0.8885869383811951]
data extracted
EPOCH 1:
VALIDATION
valid epoch balanced_accuracy: 0.500000
EPOCH 2:
VALIDATION
valid epoch balanced_accuracy: 0.408722
EPOCH 3:
VALIDATION
valid epoch balanced_accuracy: 0.471560
EPOCH 4:
VALIDATION
valid epoch balanced_accuracy: 0.556338
EPOCH 5:
VALIDATION
valid epoch balanced_accuracy: 0.544082
EPOCH 6:
VALIDATION
valid epoch balanced_accuracy: 0.528169
EPOCH 7:
VALIDATION
valid epoch balanced_accuracy: 0.616468
EPOCH 8:
VALIDATION
valid epoch balanced_accuracy: 0.600149
EPOCH 9:
VALIDATION
valid epoch balanced_accuracy: 0.567849
EPOCH 10:
VALIDATION
valid epoch balanced_accuracy: 0.592294
EPOCH 11:
VALIDATION
valid epoch balanced_accuracy: 0.389355
EPOCH 12:
VALIDATION
valid epoch balanced_accuracy: 0.606853
EPOCH 13:
VALIDATION
valid epoch balanced_accuracy: 0.366874
EPOCH 14:
VALIDATION
valid epoch balanced_accuracy: 0.600488
EPOCH 15:
VALIDATION
valid epoch balanced_accuracy: 0.346425
EPOCH 16:
VALIDATION
valid epoch balanced_accuracy: 0.404320
EPOCH 17:
VALIDATION
valid epoch balanced_accuracy: 0.343513
EPOCH 18:
VALIDATION
valid epoch balanced_accuracy: 0.410144
EPOCH 19:
VALIDATION
valid epoch balanced_accuracy: 0.447589
EPOCH 20:
VALIDATION
valid epoch balanced_accuracy: 0.394502
EPOCH 21:
VALIDATION
valid epoch balanced_accuracy: 0.445355
EPOCH 22:
VALIDATION
valid epoch balanced_accuracy: 0.445693
EPOCH 23:
VALIDATION
valid epoch balanced_accuracy: 0.404997
EPOCH 24:
VALIDATION
valid epoch balanced_accuracy: 0.385428
EPOCH 25:
VALIDATION
valid epoch balanced_accuracy: 0.485035
EPOCH 26:
VALIDATION
valid epoch balanced_accuracy: 0.419420
EPOCH 27:
VALIDATION
valid epoch balanced_accuracy: 0.407232
EPOCH 28:
VALIDATION
valid epoch balanced_accuracy: 0.599878
EPOCH 29:
VALIDATION
valid epoch balanced_accuracy: 0.439870
EPOCH 30:
VALIDATION
valid epoch balanced_accuracy: 0.448944
EPOCH 31:
VALIDATION
valid epoch balanced_accuracy: 0.449485
EPOCH 32:
VALIDATION
valid epoch balanced_accuracy: 0.549228
EPOCH 33:
VALIDATION
valid epoch balanced_accuracy: 0.421993
EPOCH 34:
VALIDATION
valid epoch balanced_accuracy: 0.431609
EPOCH 35:
VALIDATION
valid epoch balanced_accuracy: 0.432625
EPOCH 36:
VALIDATION
valid epoch balanced_accuracy: 0.508193
EPOCH 37:
VALIDATION
valid epoch balanced_accuracy: 0.417186
EPOCH 38:
VALIDATION
valid epoch balanced_accuracy: 0.374594
EPOCH 39:
VALIDATION
valid epoch balanced_accuracy: 0.430932
EPOCH 40:
VALIDATION
valid epoch balanced_accuracy: 0.438313
EPOCH 41:
VALIDATION
valid epoch balanced_accuracy: 0.454632
EPOCH 42:
VALIDATION
valid epoch balanced_accuracy: 0.471086
EPOCH 43:
VALIDATION
valid epoch balanced_accuracy: 0.350555
EPOCH 44:
VALIDATION
valid epoch balanced_accuracy: 0.426801
EPOCH 45:
VALIDATION
valid epoch balanced_accuracy: 0.525528
EPOCH 46:
VALIDATION
valid epoch balanced_accuracy: 0.434182
EPOCH 47:
VALIDATION
valid epoch balanced_accuracy: 0.677343
EPOCH 48:
VALIDATION
valid epoch balanced_accuracy: 0.531013
EPOCH 49:
VALIDATION
valid epoch balanced_accuracy: 0.462012
EPOCH 50:
VALIDATION
valid epoch balanced_accuracy: 0.520382
EPOCH 51:
VALIDATION
valid epoch balanced_accuracy: 0.572928
EPOCH 52:
VALIDATION
valid epoch balanced_accuracy: 0.540832
EPOCH 53:
VALIDATION
valid epoch balanced_accuracy: 0.444813
EPOCH 54:
VALIDATION
valid epoch balanced_accuracy: 0.498239
EPOCH 55:
VALIDATION
valid epoch balanced_accuracy: 0.476774
EPOCH 56:
VALIDATION
valid epoch balanced_accuracy: 0.508532
EPOCH 57:
VALIDATION
valid epoch balanced_accuracy: 0.499594
EPOCH 58:
VALIDATION
valid epoch balanced_accuracy: 0.515033
EPOCH 59:
VALIDATION
valid epoch balanced_accuracy: 0.515236
EPOCH 60:
VALIDATION
valid epoch balanced_accuracy: 0.464586
EPOCH 61:
VALIDATION
valid epoch balanced_accuracy: 0.439870
EPOCH 62:
VALIDATION
valid epoch balanced_accuracy: 0.480024
EPOCH 63:
VALIDATION
valid epoch balanced_accuracy: 0.446032
EPOCH 64:
VALIDATION
valid epoch balanced_accuracy: 0.469393
EPOCH 65:
VALIDATION
valid epoch balanced_accuracy: 0.580309
EPOCH 66:
VALIDATION
valid epoch balanced_accuracy: 0.471628
EPOCH 67:
VALIDATION
valid epoch balanced_accuracy: 0.513001
EPOCH 68:
VALIDATION
valid epoch balanced_accuracy: 0.456866
EPOCH 69:
VALIDATION
valid epoch balanced_accuracy: 0.517132
EPOCH 70:
VALIDATION
valid epoch balanced_accuracy: 0.474540
EPOCH 71:
VALIDATION
valid epoch balanced_accuracy: 0.462690
EPOCH 72:
VALIDATION
valid epoch balanced_accuracy: 0.444813
EPOCH 73:
VALIDATION
valid epoch balanced_accuracy: 0.443120
EPOCH 74:
VALIDATION
valid epoch balanced_accuracy: 0.433843
EPOCH 75:
VALIDATION
valid epoch balanced_accuracy: 0.457543
EPOCH 76:
VALIDATION
valid epoch balanced_accuracy: 0.481582
EPOCH 77:
VALIDATION
valid epoch balanced_accuracy: 0.653778
EPOCH 78:
VALIDATION
valid epoch balanced_accuracy: 0.380959
EPOCH 79:
VALIDATION
valid epoch balanced_accuracy: 0.419420
EPOCH 80:
VALIDATION
valid epoch balanced_accuracy: 0.517132
EPOCH 81:
VALIDATION
valid epoch balanced_accuracy: 0.476774
EPOCH 82:
VALIDATION
valid epoch balanced_accuracy: 0.464247
EPOCH 83:
VALIDATION
valid epoch balanced_accuracy: 0.477113
EPOCH 84:
VALIDATION
valid epoch balanced_accuracy: 0.459439
EPOCH 85:
VALIDATION
valid epoch balanced_accuracy: 0.471966
EPOCH 86:
VALIDATION
valid epoch balanced_accuracy: 0.453074
EPOCH 87:
VALIDATION
valid epoch balanced_accuracy: 0.489301
EPOCH 88:
VALIDATION
valid epoch balanced_accuracy: 0.489301
EPOCH 89:
VALIDATION
valid epoch balanced_accuracy: 0.539951
EPOCH 90:
VALIDATION
valid epoch balanced_accuracy: 0.433505
EPOCH 91:
VALIDATION
valid epoch balanced_accuracy: 0.457882
EPOCH 92:
VALIDATION
valid epoch balanced_accuracy: 0.488624
EPOCH 93:
VALIDATION
valid epoch balanced_accuracy: 0.474540
EPOCH 94:
VALIDATION
valid epoch balanced_accuracy: 0.487405
EPOCH 95:
VALIDATION
valid epoch balanced_accuracy: 0.571032
EPOCH 96:
VALIDATION
valid epoch balanced_accuracy: 0.624594
EPOCH 97:
VALIDATION
valid epoch balanced_accuracy: 0.496682
EPOCH 98:
VALIDATION
valid epoch balanced_accuracy: 0.599878
EPOCH 99:
VALIDATION
valid epoch balanced_accuracy: 0.496005
EPOCH 100:
VALIDATION
valid epoch balanced_accuracy: 0.527763
EPOCH 101:
VALIDATION
valid epoch balanced_accuracy: 0.558843
EPOCH 102:
VALIDATION
valid epoch balanced_accuracy: 0.587690
EPOCH 103:
VALIDATION
valid epoch balanced_accuracy: 0.573605
EPOCH 104:
VALIDATION
valid epoch balanced_accuracy: 0.552140
EPOCH 105:
VALIDATION
valid epoch balanced_accuracy: 0.527086
EPOCH 106:
VALIDATION
valid epoch balanced_accuracy: 0.612067
EPOCH 107:
VALIDATION
valid epoch balanced_accuracy: 0.535144
EPOCH 108:
VALIDATION
valid epoch balanced_accuracy: 0.506297
EPOCH 109:
VALIDATION
valid epoch balanced_accuracy: 0.617213
EPOCH 110:
VALIDATION
valid epoch balanced_accuracy: 0.481582
EPOCH 111:
VALIDATION
valid epoch balanced_accuracy: 0.481582
EPOCH 112:
VALIDATION
valid epoch balanced_accuracy: 0.529997
EPOCH 113:
VALIDATION
valid epoch balanced_accuracy: 0.510767
EPOCH 114:
VALIDATION
valid epoch balanced_accuracy: 0.547332
EPOCH 115:
VALIDATION
valid epoch balanced_accuracy: 0.549567
EPOCH 116:
VALIDATION
valid epoch balanced_accuracy: 0.529997
EPOCH 117:
VALIDATION
valid epoch balanced_accuracy: 0.566563
EPOCH 118:
VALIDATION
valid epoch balanced_accuracy: 0.532570
EPOCH 119:
VALIDATION
valid epoch balanced_accuracy: 0.525528
EPOCH 120:
VALIDATION
valid epoch balanced_accuracy: 0.539613
EPOCH 121:
VALIDATION
valid epoch balanced_accuracy: 0.522616
EPOCH 122:
VALIDATION
valid epoch balanced_accuracy: 0.505620
EPOCH 123:
VALIDATION
valid epoch balanced_accuracy: 0.503386
EPOCH 124:
VALIDATION
valid epoch balanced_accuracy: 0.591482
EPOCH 125:
VALIDATION
valid epoch balanced_accuracy: 0.686755
EPOCH 126:
VALIDATION
valid epoch balanced_accuracy: 0.410144
EPOCH 127:
VALIDATION
valid epoch balanced_accuracy: 0.525867
EPOCH 128:
VALIDATION
valid epoch balanced_accuracy: 0.497698
EPOCH 129:
VALIDATION
valid epoch balanced_accuracy: 0.602790
EPOCH 130:
VALIDATION
valid epoch balanced_accuracy: 0.505959
EPOCH 131:
VALIDATION
valid epoch balanced_accuracy: 0.508532
EPOCH 132:
VALIDATION
valid epoch balanced_accuracy: 0.460116
EPOCH 133:
VALIDATION
valid epoch balanced_accuracy: 0.490859
EPOCH 134:
VALIDATION
valid epoch balanced_accuracy: 0.489301
EPOCH 135:
VALIDATION
valid epoch balanced_accuracy: 0.541847
EPOCH 136:
VALIDATION
valid epoch balanced_accuracy: 0.491874
EPOCH 137:
VALIDATION
valid epoch balanced_accuracy: 0.544082
EPOCH 138:
VALIDATION
valid epoch balanced_accuracy: 0.469393
EPOCH 139:
VALIDATION
valid epoch balanced_accuracy: 0.476774
EPOCH 140:
VALIDATION
valid epoch balanced_accuracy: 0.496682
EPOCH 141:
VALIDATION
valid epoch balanced_accuracy: 0.467497
EPOCH 142:
VALIDATION
valid epoch balanced_accuracy: 0.477451
EPOCH 143:
VALIDATION
valid epoch balanced_accuracy: 0.477113
EPOCH 144:
VALIDATION
valid epoch balanced_accuracy: 0.523294
EPOCH 145:
VALIDATION
valid epoch balanced_accuracy: 0.478670
EPOCH 146:
VALIDATION
valid epoch balanced_accuracy: 0.527763
EPOCH 147:
VALIDATION
valid epoch balanced_accuracy: 0.566563
EPOCH 148:
VALIDATION
valid epoch balanced_accuracy: 0.505959
EPOCH 149:
VALIDATION
valid epoch balanced_accuracy: 0.469732
EPOCH 150:
VALIDATION
valid epoch balanced_accuracy: 0.500813
accuracy: 0.571429
sensitivity: 0.620000
precision: 0.626263
specificity: 0.506667
IoU: 0.452555
FAR: 0.493333
F1: 0.623116
balanced_accuracy: 0.563333
loss: 0.736533
