Waiting for exclusive access to GPU GPU-d5bb7f78-734e-955a-e73d-007c399f84e6.
=== GROUP: OSBP | VARIANT: dropout005 | SEED: 2 | FINAL_DROPOUT: 0.05 | WEIGHT_DECAY: 1e-5 | GPU: Tesla V100-SXM2-32GB ===

number of parameters : 1075406
train : (1292, 12)
valid : (21, 12)
test : (21, 12)
class weights : [1.1875, 0.8636363744735718]
data extracted
EPOCH 1:
VALIDATION
valid epoch balanced_accuracy: 0.861111
EPOCH 2:
VALIDATION
valid epoch balanced_accuracy: 0.472222
EPOCH 3:
VALIDATION
valid epoch balanced_accuracy: 0.777778
EPOCH 4:
VALIDATION
valid epoch balanced_accuracy: 0.916667
EPOCH 5:
VALIDATION
valid epoch balanced_accuracy: 0.916667
EPOCH 6:
VALIDATION
valid epoch balanced_accuracy: 0.916667
EPOCH 7:
VALIDATION
valid epoch balanced_accuracy: 0.805556
EPOCH 8:
VALIDATION
valid epoch balanced_accuracy: 0.861111
EPOCH 9:
VALIDATION
valid epoch balanced_accuracy: 0.888889
EPOCH 10:
VALIDATION
valid epoch balanced_accuracy: 0.944444
EPOCH 11:
VALIDATION
valid epoch balanced_accuracy: 0.472222
EPOCH 12:
VALIDATION
valid epoch balanced_accuracy: 0.888889
EPOCH 13:
VALIDATION
valid epoch balanced_accuracy: 0.500000
EPOCH 14:
VALIDATION
valid epoch balanced_accuracy: 0.666667
EPOCH 15:
VALIDATION
valid epoch balanced_accuracy: 0.944444
EPOCH 16:
VALIDATION
valid epoch balanced_accuracy: 0.916667
EPOCH 17:
VALIDATION
valid epoch balanced_accuracy: 0.500000
EPOCH 18:
VALIDATION
valid epoch balanced_accuracy: 0.638889
EPOCH 19:
VALIDATION
valid epoch balanced_accuracy: 0.666667
EPOCH 20:
VALIDATION
valid epoch balanced_accuracy: 0.888889
EPOCH 21:
VALIDATION
valid epoch balanced_accuracy: 0.916667
EPOCH 22:
VALIDATION
valid epoch balanced_accuracy: 0.916667
EPOCH 23:
VALIDATION
valid epoch balanced_accuracy: 0.638889
EPOCH 24:
VALIDATION
valid epoch balanced_accuracy: 0.916667
EPOCH 25:
VALIDATION
valid epoch balanced_accuracy: 0.916667
EPOCH 26:
VALIDATION
valid epoch balanced_accuracy: 0.916667
EPOCH 27:
VALIDATION
valid epoch balanced_accuracy: 1.000000
EPOCH 28:
VALIDATION
valid epoch balanced_accuracy: 0.777778
EPOCH 29:
VALIDATION
valid epoch balanced_accuracy: 0.944444
EPOCH 30:
VALIDATION
valid epoch balanced_accuracy: 0.805556
EPOCH 31:
VALIDATION
valid epoch balanced_accuracy: 0.888889
EPOCH 32:
VALIDATION
valid epoch balanced_accuracy: 0.944444
EPOCH 33:
VALIDATION
valid epoch balanced_accuracy: 0.916667
EPOCH 34:
VALIDATION
valid epoch balanced_accuracy: 0.944444
EPOCH 35:
VALIDATION
valid epoch balanced_accuracy: 0.972222
EPOCH 36:
VALIDATION
valid epoch balanced_accuracy: 0.944444
EPOCH 37:
VALIDATION
valid epoch balanced_accuracy: 0.861111
EPOCH 38:
VALIDATION
valid epoch balanced_accuracy: 0.888889
EPOCH 39:
VALIDATION
valid epoch balanced_accuracy: 0.861111
EPOCH 40:
VALIDATION
valid epoch balanced_accuracy: 0.888889
EPOCH 41:
VALIDATION
valid epoch balanced_accuracy: 0.805556
EPOCH 42:
VALIDATION
valid epoch balanced_accuracy: 0.888889
EPOCH 43:
VALIDATION
valid epoch balanced_accuracy: 0.972222
EPOCH 44:
VALIDATION
valid epoch balanced_accuracy: 0.888889
EPOCH 45:
VALIDATION
valid epoch balanced_accuracy: 0.944444
EPOCH 46:
VALIDATION
valid epoch balanced_accuracy: 0.916667
EPOCH 47:
VALIDATION
valid epoch balanced_accuracy: 0.972222
EPOCH 48:
VALIDATION
valid epoch balanced_accuracy: 0.888889
EPOCH 49:
VALIDATION
valid epoch balanced_accuracy: 0.916667
EPOCH 50:
VALIDATION
valid epoch balanced_accuracy: 0.944444
EPOCH 51:
VALIDATION
valid epoch balanced_accuracy: 0.944444
EPOCH 52:
VALIDATION
valid epoch balanced_accuracy: 0.916667
EPOCH 53:
VALIDATION
valid epoch balanced_accuracy: 0.500000
EPOCH 54:
VALIDATION
valid epoch balanced_accuracy: 0.944444
EPOCH 55:
VALIDATION
valid epoch balanced_accuracy: 0.777778
EPOCH 56:
VALIDATION
valid epoch balanced_accuracy: 0.833333
EPOCH 57:
VALIDATION
valid epoch balanced_accuracy: 0.805556
EPOCH 58:
VALIDATION
valid epoch balanced_accuracy: 0.944444
EPOCH 59:
VALIDATION
valid epoch balanced_accuracy: 0.916667
EPOCH 60:
VALIDATION
valid epoch balanced_accuracy: 0.888889
EPOCH 61:
VALIDATION
valid epoch balanced_accuracy: 0.888889
EPOCH 62:
VALIDATION
valid epoch balanced_accuracy: 0.944444
EPOCH 63:
VALIDATION
valid epoch balanced_accuracy: 0.861111
EPOCH 64:
VALIDATION
valid epoch balanced_accuracy: 0.888889
EPOCH 65:
VALIDATION
valid epoch balanced_accuracy: 0.944444
EPOCH 66:
VALIDATION
valid epoch balanced_accuracy: 0.916667
EPOCH 67:
VALIDATION
valid epoch balanced_accuracy: 0.805556
EPOCH 68:
VALIDATION
valid epoch balanced_accuracy: 0.861111
EPOCH 69:
VALIDATION
valid epoch balanced_accuracy: 0.833333
EPOCH 70:
VALIDATION
valid epoch balanced_accuracy: 0.888889
EPOCH 71:
VALIDATION
valid epoch balanced_accuracy: 0.888889
EPOCH 72:
VALIDATION
valid epoch balanced_accuracy: 0.888889
EPOCH 73:
VALIDATION
valid epoch balanced_accuracy: 0.833333
EPOCH 74:
VALIDATION
valid epoch balanced_accuracy: 0.888889
EPOCH 75:
VALIDATION
valid epoch balanced_accuracy: 0.861111
EPOCH 76:
VALIDATION
valid epoch balanced_accuracy: 0.777778
EPOCH 77:
VALIDATION
valid epoch balanced_accuracy: 0.833333
EPOCH 78:
VALIDATION
valid epoch balanced_accuracy: 0.833333
EPOCH 79:
VALIDATION
valid epoch balanced_accuracy: 0.888889
EPOCH 80:
VALIDATION
valid epoch balanced_accuracy: 0.944444
EPOCH 81:
VALIDATION
valid epoch balanced_accuracy: 0.833333
EPOCH 82:
VALIDATION
valid epoch balanced_accuracy: 0.888889
EPOCH 83:
VALIDATION
valid epoch balanced_accuracy: 0.861111
EPOCH 84:
VALIDATION
valid epoch balanced_accuracy: 0.833333
EPOCH 85:
VALIDATION
valid epoch balanced_accuracy: 0.833333
EPOCH 86:
VALIDATION
valid epoch balanced_accuracy: 0.833333
EPOCH 87:
VALIDATION
valid epoch balanced_accuracy: 0.888889
EPOCH 88:
VALIDATION
valid epoch balanced_accuracy: 0.833333
EPOCH 89:
VALIDATION
valid epoch balanced_accuracy: 0.833333
EPOCH 90:
VALIDATION
valid epoch balanced_accuracy: 0.888889
EPOCH 91:
VALIDATION
valid epoch balanced_accuracy: 0.861111
EPOCH 92:
VALIDATION
valid epoch balanced_accuracy: 0.833333
EPOCH 93:
VALIDATION
valid epoch balanced_accuracy: 0.888889
EPOCH 94:
VALIDATION
valid epoch balanced_accuracy: 0.833333
EPOCH 95:
VALIDATION
valid epoch balanced_accuracy: 0.888889
EPOCH 96:
VALIDATION
valid epoch balanced_accuracy: 0.861111
EARLY STOPPING: rolling validation balanced accuracy did not improve for 60 epochs and validation loss increased over the same window.
accuracy: 0.761905
sensitivity: 0.400000
precision: 0.500000
specificity: 0.875000
IoU: 0.285714
FAR: 0.125000
F1: 0.444444
balanced_accuracy: 0.637500
loss: 0.629756
