
number of parameters : 2801870
train : (1250, 12)
valid : (42, 12)
test : (42, 12)
class weights : [1.163873314857483, 0.8765778541564941]
data extracted
EPOCH 1:
VALIDATION
valid epoch balanced_accuracy: 0.579327
EPOCH 2:
VALIDATION
valid epoch balanced_accuracy: 0.507212
EPOCH 3:
VALIDATION
valid epoch balanced_accuracy: 0.480769
EPOCH 4:
VALIDATION
valid epoch balanced_accuracy: 0.687500
EPOCH 5:
VALIDATION
valid epoch balanced_accuracy: 0.706731
EPOCH 6:
VALIDATION
valid epoch balanced_accuracy: 0.716346
EPOCH 7:
VALIDATION
valid epoch balanced_accuracy: 0.516827
EPOCH 8:
VALIDATION
valid epoch balanced_accuracy: 0.526442
EPOCH 9:
VALIDATION
valid epoch balanced_accuracy: 0.447115
EPOCH 10:
VALIDATION
valid epoch balanced_accuracy: 0.502404
EPOCH 11:
VALIDATION
valid epoch balanced_accuracy: 0.480769
EPOCH 12:
VALIDATION
valid epoch balanced_accuracy: 0.552885
EPOCH 13:
VALIDATION
valid epoch balanced_accuracy: 0.478365
EPOCH 14:
VALIDATION
valid epoch balanced_accuracy: 0.504808
EPOCH 15:
VALIDATION
valid epoch balanced_accuracy: 0.442308
EPOCH 16:
VALIDATION
valid epoch balanced_accuracy: 0.447115
EPOCH 17:
VALIDATION
valid epoch balanced_accuracy: 0.427885
EPOCH 18:
VALIDATION
valid epoch balanced_accuracy: 0.504808
EPOCH 19:
VALIDATION
valid epoch balanced_accuracy: 0.473558
EPOCH 20:
VALIDATION
valid epoch balanced_accuracy: 0.466346
EPOCH 21:
VALIDATION
valid epoch balanced_accuracy: 0.435096
EPOCH 22:
VALIDATION
valid epoch balanced_accuracy: 0.485577
EPOCH 23:
VALIDATION
valid epoch balanced_accuracy: 0.435096
EPOCH 24:
VALIDATION
valid epoch balanced_accuracy: 0.540865
EPOCH 25:
VALIDATION
valid epoch balanced_accuracy: 0.516827
EPOCH 26:
VALIDATION
valid epoch balanced_accuracy: 0.480769
EPOCH 27:
VALIDATION
valid epoch balanced_accuracy: 0.598558
EPOCH 28:
VALIDATION
valid epoch balanced_accuracy: 0.574519
EPOCH 29:
VALIDATION
valid epoch balanced_accuracy: 0.497596
EPOCH 30:
VALIDATION
valid epoch balanced_accuracy: 0.516827
EPOCH 31:
VALIDATION
valid epoch balanced_accuracy: 0.567308
EPOCH 32:
VALIDATION
valid epoch balanced_accuracy: 0.478365
EPOCH 33:
VALIDATION
valid epoch balanced_accuracy: 0.415865
EPOCH 34:
VALIDATION
valid epoch balanced_accuracy: 0.466346
EPOCH 35:
VALIDATION
valid epoch balanced_accuracy: 0.454327
EPOCH 36:
VALIDATION
valid epoch balanced_accuracy: 0.509615
EPOCH 37:
VALIDATION
valid epoch balanced_accuracy: 0.497596
EPOCH 38:
VALIDATION
valid epoch balanced_accuracy: 0.478365
EPOCH 39:
VALIDATION
valid epoch balanced_accuracy: 0.516827
EPOCH 40:
VALIDATION
valid epoch balanced_accuracy: 0.435096
EPOCH 41:
VALIDATION
valid epoch balanced_accuracy: 0.377404
EPOCH 42:
VALIDATION
valid epoch balanced_accuracy: 0.603365
EPOCH 43:
VALIDATION
valid epoch balanced_accuracy: 0.466346
EPOCH 44:
VALIDATION
valid epoch balanced_accuracy: 0.598558
EPOCH 45:
VALIDATION
valid epoch balanced_accuracy: 0.492788
EPOCH 46:
VALIDATION
valid epoch balanced_accuracy: 0.574519
EPOCH 47:
VALIDATION
valid epoch balanced_accuracy: 0.548077
EPOCH 48:
VALIDATION
valid epoch balanced_accuracy: 0.593750
EPOCH 49:
VALIDATION
valid epoch balanced_accuracy: 0.471154
EPOCH 50:
VALIDATION
valid epoch balanced_accuracy: 0.543269
EPOCH 51:
VALIDATION
valid epoch balanced_accuracy: 0.615385
EPOCH 52:
VALIDATION
valid epoch balanced_accuracy: 0.543269
EPOCH 53:
VALIDATION
valid epoch balanced_accuracy: 0.497596
EPOCH 54:
VALIDATION
valid epoch balanced_accuracy: 0.605769
EPOCH 55:
VALIDATION
valid epoch balanced_accuracy: 0.555288
EPOCH 56:
VALIDATION
valid epoch balanced_accuracy: 0.610577
EPOCH 57:
VALIDATION
valid epoch balanced_accuracy: 0.567308
EPOCH 58:
VALIDATION
valid epoch balanced_accuracy: 0.514423
EPOCH 59:
VALIDATION
valid epoch balanced_accuracy: 0.509615
EPOCH 60:
VALIDATION
valid epoch balanced_accuracy: 0.528846
EPOCH 61:
VALIDATION
valid epoch balanced_accuracy: 0.591346
EPOCH 62:
VALIDATION
valid epoch balanced_accuracy: 0.610577
EPOCH 63:
VALIDATION
valid epoch balanced_accuracy: 0.637019
EPOCH 64:
VALIDATION
valid epoch balanced_accuracy: 0.528846
EPOCH 65:
VALIDATION
valid epoch balanced_accuracy: 0.552885
EPOCH 66:
VALIDATION
valid epoch balanced_accuracy: 0.567308
EPOCH 67:
VALIDATION
valid epoch balanced_accuracy: 0.528846
EPOCH 68:
VALIDATION
valid epoch balanced_accuracy: 0.567308
EARLY STOPPING: rolling validation balanced accuracy did not improve for 60 epochs and validation loss increased over the same window.
accuracy: 0.452381
sensitivity: 0.481481
precision: 0.590909
specificity: 0.400000
IoU: 0.361111
FAR: 0.600000
F1: 0.530612
balanced_accuracy: 0.440741
loss: 0.763927
