
/home/kalinina/ltp/DL_project/dataloader/New_dataloader.py:350: UserWarning: The given NumPy array is not writable, and PyTorch does not support non-writable tensors. This means writing to this tensor will result in undefined behavior. You may want to copy the array to protect its data or make it writable before converting it to a tensor. This type of warning will be suppressed for the rest of this program. (Triggered internally at /pytorch/torch/csrc/utils/tensor_numpy.cpp:213.)
  self.train_orig_indexes = torch.as_tensor(self.csvtrain["_tanimoto_orig_idx"].values, dtype=torch.long)
train : (1112, 12)
valid : (200, 12)
test : (200, 12)
number of parameters : 1279114
class weights : [1.0, 1.0]
balanced batches : 70 per epoch covering all 1112 train rows, target 8 positive + 8 unlabeled
cache warmed : 35 proteins, 409 lipid encodings, 0 lipid graphs, 131 MiB
data extracted
EPOCH 1:
VALIDATION
valid epoch balanced_accuracy: 0.499500
EPOCH 2:
VALIDATION
valid epoch balanced_accuracy: 0.490091
EPOCH 3:
VALIDATION
valid epoch balanced_accuracy: 0.478280
EPOCH 4:
VALIDATION
valid epoch balanced_accuracy: 0.506806
EPOCH 5:
VALIDATION
valid epoch balanced_accuracy: 0.519167
EPOCH 6:
VALIDATION
valid epoch balanced_accuracy: 0.530477
EPOCH 7:
VALIDATION
valid epoch balanced_accuracy: 0.514413
EPOCH 8:
VALIDATION
valid epoch balanced_accuracy: 0.499550
EPOCH 9:
VALIDATION
valid epoch balanced_accuracy: 0.505905
EPOCH 10:
VALIDATION
valid epoch balanced_accuracy: 0.532579
EPOCH 11:
VALIDATION
valid epoch balanced_accuracy: 0.526224
EPOCH 12:
VALIDATION
valid epoch balanced_accuracy: 0.502552
EPOCH 13:
VALIDATION
valid epoch balanced_accuracy: 0.526224
EPOCH 14:
VALIDATION
valid epoch balanced_accuracy: 0.530177
EPOCH 15:
VALIDATION
valid epoch balanced_accuracy: 0.498649
EPOCH 16:
VALIDATION
valid epoch balanced_accuracy: 0.498599
EPOCH 17:
VALIDATION
valid epoch balanced_accuracy: 0.544740
EPOCH 18:
VALIDATION
valid epoch balanced_accuracy: 0.548994
EPOCH 19:
VALIDATION
valid epoch balanced_accuracy: 0.510760
EPOCH 20:
VALIDATION
valid epoch balanced_accuracy: 0.523821
EPOCH 21:
VALIDATION
valid epoch balanced_accuracy: 0.503453
EPOCH 22:
VALIDATION
valid epoch balanced_accuracy: 0.482234
EPOCH 23:
VALIDATION
valid epoch balanced_accuracy: 0.490742
EPOCH 24:
VALIDATION
valid epoch balanced_accuracy: 0.537083
EPOCH 25:
VALIDATION
valid epoch balanced_accuracy: 0.520468
EPOCH 26:
VALIDATION
valid epoch balanced_accuracy: 0.496497
EPOCH 27:
VALIDATION
valid epoch balanced_accuracy: 0.474627
EPOCH 28:
VALIDATION
valid epoch balanced_accuracy: 0.498599
EPOCH 29:
VALIDATION
valid epoch balanced_accuracy: 0.499800
EPOCH 30:
VALIDATION
valid epoch balanced_accuracy: 0.511310
EPOCH 31:
VALIDATION
valid epoch balanced_accuracy: 0.474627
EPOCH 32:
VALIDATION
valid epoch balanced_accuracy: 0.413022
EPOCH 33:
VALIDATION
valid epoch balanced_accuracy: 0.462466
EPOCH 34:
VALIDATION
valid epoch balanced_accuracy: 0.480983
EPOCH 35:
VALIDATION
valid epoch balanced_accuracy: 0.418176
EPOCH 36:
VALIDATION
valid epoch balanced_accuracy: 0.461265
EPOCH 37:
VALIDATION
valid epoch balanced_accuracy: 0.446402
EPOCH 38:
VALIDATION
valid epoch balanced_accuracy: 0.511010
EPOCH 39:
VALIDATION
valid epoch balanced_accuracy: 0.417276
EPOCH 40:
VALIDATION
valid epoch balanced_accuracy: 0.412721
EPOCH 41:
VALIDATION
valid epoch balanced_accuracy: 0.477029
EPOCH 42:
VALIDATION
valid epoch balanced_accuracy: 0.490391
EPOCH 43:
VALIDATION
valid epoch balanced_accuracy: 0.418777
EPOCH 44:
VALIDATION
valid epoch balanced_accuracy: 0.530427
EPOCH 45:
VALIDATION
valid epoch balanced_accuracy: 0.507407
EPOCH 46:
VALIDATION
valid epoch balanced_accuracy: 0.505555
EPOCH 47:
VALIDATION
valid epoch balanced_accuracy: 0.501601
EPOCH 48:
VALIDATION
valid epoch balanced_accuracy: 0.511310
EPOCH 49:
VALIDATION
valid epoch balanced_accuracy: 0.450355
EPOCH 50:
VALIDATION
valid epoch balanced_accuracy: 0.506456
EPOCH 51:
VALIDATION
valid epoch balanced_accuracy: 0.497047
EPOCH 52:
VALIDATION
valid epoch balanced_accuracy: 0.468522
EPOCH 53:
VALIDATION
valid epoch balanced_accuracy: 0.436993
EPOCH 54:
VALIDATION
valid epoch balanced_accuracy: 0.481884
EPOCH 55:
VALIDATION
valid epoch balanced_accuracy: 0.476129
EPOCH 56:
VALIDATION
valid epoch balanced_accuracy: 0.460064
EPOCH 57:
VALIDATION
valid epoch balanced_accuracy: 0.480082
EPOCH 58:
VALIDATION
valid epoch balanced_accuracy: 0.456711
EPOCH 59:
VALIDATION
valid epoch balanced_accuracy: 0.501001
EPOCH 60:
VALIDATION
valid epoch balanced_accuracy: 0.466420
EPOCH 61:
VALIDATION
valid epoch balanced_accuracy: 0.508558
EPOCH 62:
VALIDATION
valid epoch balanced_accuracy: 0.506156
EPOCH 63:
VALIDATION
valid epoch balanced_accuracy: 0.507056
EPOCH 64:
VALIDATION
valid epoch balanced_accuracy: 0.463067
EPOCH 65:
VALIDATION
valid epoch balanced_accuracy: 0.472175
EPOCH 66:
VALIDATION
valid epoch balanced_accuracy: 0.480683
EPOCH 67:
VALIDATION
valid epoch balanced_accuracy: 0.477930
EPOCH 68:
VALIDATION
valid epoch balanced_accuracy: 0.466720
EPOCH 69:
VALIDATION
valid epoch balanced_accuracy: 0.495246
EPOCH 70:
VALIDATION
valid epoch balanced_accuracy: 0.498549
EPOCH 71:
VALIDATION
valid epoch balanced_accuracy: 0.433640
EPOCH 72:
VALIDATION
valid epoch balanced_accuracy: 0.467921
EPOCH 73:
VALIDATION
valid epoch balanced_accuracy: 0.470624
EPOCH 74:
VALIDATION
valid epoch balanced_accuracy: 0.475228
EPOCH 75:
VALIDATION
valid epoch balanced_accuracy: 0.522821
EPOCH 76:
VALIDATION
valid epoch balanced_accuracy: 0.495546
EPOCH 77:
VALIDATION
valid epoch balanced_accuracy: 0.532529
EPOCH 78:
VALIDATION
valid epoch balanced_accuracy: 0.486438
EPOCH 79:
VALIDATION
valid epoch balanced_accuracy: 0.490992
EPOCH 80:
VALIDATION
valid epoch balanced_accuracy: 0.521019
EPOCH 81:
VALIDATION
valid epoch balanced_accuracy: 0.476729
EPOCH 82:
VALIDATION
valid epoch balanced_accuracy: 0.457912
EPOCH 83:
VALIDATION
valid epoch balanced_accuracy: 0.423932
EPOCH 84:
VALIDATION
valid epoch balanced_accuracy: 0.423631
EPOCH 85:
VALIDATION
valid epoch balanced_accuracy: 0.478531
EPOCH 86:
VALIDATION
valid epoch balanced_accuracy: 0.510710
EPOCH 87:
VALIDATION
valid epoch balanced_accuracy: 0.498248
EPOCH 88:
VALIDATION
valid epoch balanced_accuracy: 0.554399
EPOCH 89:
VALIDATION
valid epoch balanced_accuracy: 0.507657
EPOCH 90:
VALIDATION
valid epoch balanced_accuracy: 0.451206
EPOCH 91:
VALIDATION
valid epoch balanced_accuracy: 0.487339
EPOCH 92:
VALIDATION
valid epoch balanced_accuracy: 0.467621
EPOCH 93:
VALIDATION
valid epoch balanced_accuracy: 0.518316
EPOCH 94:
VALIDATION
valid epoch balanced_accuracy: 0.426033
EPOCH 95:
VALIDATION
valid epoch balanced_accuracy: 0.496447
EPOCH 96:
VALIDATION
valid epoch balanced_accuracy: 0.487939
EPOCH 97:
VALIDATION
valid epoch balanced_accuracy: 0.463367
EPOCH 98:
VALIDATION
valid epoch balanced_accuracy: 0.510109
EPOCH 99:
VALIDATION
valid epoch balanced_accuracy: 0.472175
EPOCH 100:
VALIDATION
valid epoch balanced_accuracy: 0.468522
EPOCH 101:
VALIDATION
valid epoch balanced_accuracy: 0.454559
EPOCH 102:
VALIDATION
valid epoch balanced_accuracy: 0.495246
EPOCH 103:
VALIDATION
valid epoch balanced_accuracy: 0.510109
EPOCH 104:
VALIDATION
valid epoch balanced_accuracy: 0.414823
EPOCH 105:
VALIDATION
valid epoch balanced_accuracy: 0.497348
EPOCH 106:
VALIDATION
valid epoch balanced_accuracy: 0.474277
EPOCH 107:
VALIDATION
valid epoch balanced_accuracy: 0.473676
EPOCH 108:
VALIDATION
valid epoch balanced_accuracy: 0.520418
EPOCH 109:
VALIDATION
valid epoch balanced_accuracy: 0.511911
EPOCH 110:
VALIDATION
valid epoch balanced_accuracy: 0.505555
EPOCH 111:
VALIDATION
valid epoch balanced_accuracy: 0.429987
EPOCH 112:
VALIDATION
valid epoch balanced_accuracy: 0.506756
EPOCH 113:
VALIDATION
valid epoch balanced_accuracy: 0.501601
EPOCH 114:
VALIDATION
valid epoch balanced_accuracy: 0.522821
EPOCH 115:
VALIDATION
valid epoch balanced_accuracy: 0.425433
EPOCH 116:
VALIDATION
valid epoch balanced_accuracy: 0.457011
EPOCH 117:
VALIDATION
valid epoch balanced_accuracy: 0.516165
EPOCH 118:
VALIDATION
valid epoch balanced_accuracy: 0.466069
EPOCH 119:
VALIDATION
valid epoch balanced_accuracy: 0.527675
EPOCH 120:
VALIDATION
valid epoch balanced_accuracy: 0.497348
EPOCH 121:
VALIDATION
valid epoch balanced_accuracy: 0.485837
EPOCH 122:
VALIDATION
valid epoch balanced_accuracy: 0.446051
EPOCH 123:
VALIDATION
valid epoch balanced_accuracy: 0.481884
EPOCH 124:
VALIDATION
valid epoch balanced_accuracy: 0.476729
EPOCH 125:
VALIDATION
valid epoch balanced_accuracy: 0.476429
EPOCH 126:
VALIDATION
valid epoch balanced_accuracy: 0.516765
EPOCH 127:
VALIDATION
valid epoch balanced_accuracy: 0.487639
EPOCH 128:
VALIDATION
valid epoch balanced_accuracy: 0.510109
EPOCH 129:
VALIDATION
valid epoch balanced_accuracy: 0.440296
EPOCH 130:
VALIDATION
valid epoch balanced_accuracy: 0.467921
EPOCH 131:
VALIDATION
valid epoch balanced_accuracy: 0.473676
EPOCH 132:
VALIDATION
valid epoch balanced_accuracy: 0.482484
EPOCH 133:
VALIDATION
valid epoch balanced_accuracy: 0.479181
EPOCH 134:
VALIDATION
valid epoch balanced_accuracy: 0.525573
EPOCH 135:
VALIDATION
valid epoch balanced_accuracy: 0.477930
EPOCH 136:
VALIDATION
valid epoch balanced_accuracy: 0.424832
EPOCH 137:
VALIDATION
valid epoch balanced_accuracy: 0.435742
EPOCH 138:
VALIDATION
valid epoch balanced_accuracy: 0.483085
EPOCH 139:
VALIDATION
valid epoch balanced_accuracy: 0.497648
EPOCH 140:
VALIDATION
valid epoch balanced_accuracy: 0.493094
EPOCH 141:
VALIDATION
valid epoch balanced_accuracy: 0.468522
EPOCH 142:
VALIDATION
valid epoch balanced_accuracy: 0.481583
EPOCH 143:
VALIDATION
valid epoch balanced_accuracy: 0.487038
EPOCH 144:
VALIDATION
valid epoch balanced_accuracy: 0.526174
EPOCH 145:
VALIDATION
valid epoch balanced_accuracy: 0.459113
EPOCH 146:
VALIDATION
valid epoch balanced_accuracy: 0.431789
EPOCH 147:
VALIDATION
valid epoch balanced_accuracy: 0.492493
EPOCH 148:
VALIDATION
valid epoch balanced_accuracy: 0.443049
EPOCH 149:
VALIDATION
valid epoch balanced_accuracy: 0.425133
EPOCH 150:
VALIDATION
valid epoch balanced_accuracy: 0.487939
accuracy: 0.500000
sensitivity: 0.505155
precision: 0.485149
specificity: 0.495146
IoU: 0.328859
FAR: 0.504854
F1: 0.494949
balanced_accuracy: 0.500150
loss: 0.788040
