Waiting for exclusive access to GPU GPU-6d6d6e1b-bebd-5002-97a2-86f3e6d798a5.
=== GROUP: CRAL-TRIO | VARIANT: bbp_nps3mlp_dpt01_gm_pu005 | SEED: 0 | GPU: NVIDIA H200 ===

number of parameters : 1403984
train : (1104, 12)
valid : (204, 12)
test : (204, 12)
PU rho : 0.550000
class weights : [1.0, 1.0]
balanced batches : 69 per epoch covering all 1104 train rows, target 8 positive + 8 unlabeled
data extracted
EPOCH 1:
PU nnPU correction: 0/69 batches, min negative_loss=0.235693, mean negative_loss=0.292499
VALIDATION
valid epoch balanced_accuracy: 0.500000
EPOCH 2:
PU nnPU correction: 0/69 batches, min negative_loss=0.192691, mean negative_loss=0.307131
VALIDATION
valid epoch balanced_accuracy: 0.494038
EPOCH 3:
PU nnPU correction: 0/69 batches, min negative_loss=0.102715, mean negative_loss=0.317105
VALIDATION
valid epoch balanced_accuracy: 0.356346
EPOCH 4:
PU nnPU correction: 0/69 batches, min negative_loss=0.043294, mean negative_loss=0.377676
VALIDATION
valid epoch balanced_accuracy: 0.535385
EPOCH 5:
PU nnPU correction: 1/69 batches, min negative_loss=-0.008495, mean negative_loss=0.190262
VALIDATION
valid epoch balanced_accuracy: 0.392308
EPOCH 6:
PU nnPU correction: 3/69 batches, min negative_loss=-0.020026, mean negative_loss=0.181091
VALIDATION
valid epoch balanced_accuracy: 0.390577
EPOCH 7:
PU nnPU correction: 1/69 batches, min negative_loss=-0.016219, mean negative_loss=0.219577
VALIDATION
valid epoch balanced_accuracy: 0.516154
EPOCH 8:
PU nnPU correction: 0/69 batches, min negative_loss=0.028306, mean negative_loss=0.205132
VALIDATION
valid epoch balanced_accuracy: 0.389808
EPOCH 9:
PU nnPU correction: 0/69 batches, min negative_loss=0.021499, mean negative_loss=0.199887
VALIDATION
valid epoch balanced_accuracy: 0.470577
EPOCH 10:
PU nnPU correction: 1/69 batches, min negative_loss=-0.003326, mean negative_loss=0.195876
VALIDATION
valid epoch balanced_accuracy: 0.532885
EPOCH 11:
PU nnPU correction: 1/69 batches, min negative_loss=-0.003448, mean negative_loss=0.188517
VALIDATION
valid epoch balanced_accuracy: 0.540192
EPOCH 12:
PU nnPU correction: 1/69 batches, min negative_loss=-0.025766, mean negative_loss=0.251636
VALIDATION
valid epoch balanced_accuracy: 0.476154
EPOCH 13:
PU nnPU correction: 2/69 batches, min negative_loss=-0.019442, mean negative_loss=0.180610
VALIDATION
valid epoch balanced_accuracy: 0.471346
EPOCH 14:
PU nnPU correction: 1/69 batches, min negative_loss=-0.027080, mean negative_loss=0.176726
VALIDATION
valid epoch balanced_accuracy: 0.542885
EPOCH 15:
PU nnPU correction: 0/69 batches, min negative_loss=0.012620, mean negative_loss=0.169774
VALIDATION
valid epoch balanced_accuracy: 0.548077
EPOCH 16:
PU nnPU correction: 0/69 batches, min negative_loss=0.018879, mean negative_loss=0.236772
VALIDATION
valid epoch balanced_accuracy: 0.515192
EPOCH 17:
PU nnPU correction: 3/69 batches, min negative_loss=-0.037286, mean negative_loss=0.184403
VALIDATION
valid epoch balanced_accuracy: 0.542885
EPOCH 18:
PU nnPU correction: 1/69 batches, min negative_loss=-0.036609, mean negative_loss=0.228551
VALIDATION
valid epoch balanced_accuracy: 0.527692
EPOCH 19:
PU nnPU correction: 11/69 batches, min negative_loss=-0.013795, mean negative_loss=0.104625
VALIDATION
valid epoch balanced_accuracy: 0.500000
EPOCH 20:
PU nnPU correction: 6/69 batches, min negative_loss=-0.000006, mean negative_loss=0.002254
VALIDATION
valid epoch balanced_accuracy: 0.500000
EPOCH 21:
PU nnPU correction: 3/69 batches, min negative_loss=-0.000001, mean negative_loss=0.000002
VALIDATION
valid epoch balanced_accuracy: 0.500000
EPOCH 22:
PU nnPU correction: 1/69 batches, min negative_loss=-0.000000, mean negative_loss=0.000002
VALIDATION
valid epoch balanced_accuracy: 0.500000
EPOCH 23:
PU nnPU correction: 1/69 batches, min negative_loss=-0.000000, mean negative_loss=0.000002
VALIDATION
valid epoch balanced_accuracy: 0.500000
EPOCH 24:
PU nnPU correction: 4/69 batches, min negative_loss=-0.000002, mean negative_loss=0.000002
VALIDATION
valid epoch balanced_accuracy: 0.500000
EPOCH 25:
PU nnPU correction: 1/69 batches, min negative_loss=-0.000002, mean negative_loss=0.000002
VALIDATION
valid epoch balanced_accuracy: 0.500000
EPOCH 26:
PU nnPU correction: 1/69 batches, min negative_loss=-0.000000, mean negative_loss=0.000002
VALIDATION
valid epoch balanced_accuracy: 0.500000
EPOCH 27:
PU nnPU correction: 1/69 batches, min negative_loss=-0.000001, mean negative_loss=0.000003
VALIDATION
valid epoch balanced_accuracy: 0.500000
EPOCH 28:
PU nnPU correction: 1/69 batches, min negative_loss=-0.000000, mean negative_loss=0.000002
VALIDATION
valid epoch balanced_accuracy: 0.500000
EPOCH 29:
PU nnPU correction: 0/69 batches, min negative_loss=0.000000, mean negative_loss=0.000002
VALIDATION
valid epoch balanced_accuracy: 0.500000
EPOCH 30:
PU nnPU correction: 2/69 batches, min negative_loss=-0.000000, mean negative_loss=0.000002
VALIDATION
valid epoch balanced_accuracy: 0.500000
EPOCH 31:
PU nnPU correction: 5/69 batches, min negative_loss=-0.000001, mean negative_loss=0.000002
VALIDATION
valid epoch balanced_accuracy: 0.500000
EPOCH 32:
PU nnPU correction: 1/69 batches, min negative_loss=-0.000000, mean negative_loss=0.000002
VALIDATION
valid epoch balanced_accuracy: 0.500000
EPOCH 33:
PU nnPU correction: 2/69 batches, min negative_loss=-0.000000, mean negative_loss=0.000002
VALIDATION
valid epoch balanced_accuracy: 0.500000
EPOCH 34:
PU nnPU correction: 0/69 batches, min negative_loss=0.000000, mean negative_loss=0.000002
VALIDATION
valid epoch balanced_accuracy: 0.500000
EPOCH 35:
PU nnPU correction: 2/69 batches, min negative_loss=-0.000000, mean negative_loss=0.000003
VALIDATION
valid epoch balanced_accuracy: 0.500000
EPOCH 36:
PU nnPU correction: 2/69 batches, min negative_loss=-0.000000, mean negative_loss=0.000002
VALIDATION
valid epoch balanced_accuracy: 0.500000
EPOCH 37:
PU nnPU correction: 1/69 batches, min negative_loss=-0.000000, mean negative_loss=0.000002
VALIDATION
valid epoch balanced_accuracy: 0.500000
EPOCH 38:
PU nnPU correction: 3/69 batches, min negative_loss=-0.000002, mean negative_loss=0.000002
VALIDATION
valid epoch balanced_accuracy: 0.500000
EPOCH 39:
PU nnPU correction: 0/69 batches, min negative_loss=0.000000, mean negative_loss=0.000002
VALIDATION
valid epoch balanced_accuracy: 0.500000
EPOCH 40:
PU nnPU correction: 4/69 batches, min negative_loss=-0.000001, mean negative_loss=0.000003
VALIDATION
valid epoch balanced_accuracy: 0.500000
EPOCH 41:
PU nnPU correction: 3/69 batches, min negative_loss=-0.000000, mean negative_loss=0.000003
VALIDATION
valid epoch balanced_accuracy: 0.500000
EPOCH 42:
PU nnPU correction: 0/69 batches, min negative_loss=0.000000, mean negative_loss=0.000004
VALIDATION
valid epoch balanced_accuracy: 0.500000
EPOCH 43:
PU nnPU correction: 0/69 batches, min negative_loss=0.000000, mean negative_loss=0.000003
VALIDATION
valid epoch balanced_accuracy: 0.500000
EPOCH 44:
PU nnPU correction: 4/69 batches, min negative_loss=-0.000001, mean negative_loss=0.000003
VALIDATION
valid epoch balanced_accuracy: 0.500000
EPOCH 45:
PU nnPU correction: 0/69 batches, min negative_loss=0.000000, mean negative_loss=0.000003
VALIDATION
valid epoch balanced_accuracy: 0.500000
EPOCH 46:
PU nnPU correction: 2/69 batches, min negative_loss=-0.000002, mean negative_loss=0.000004
VALIDATION
valid epoch balanced_accuracy: 0.500000
EPOCH 47:
PU nnPU correction: 3/69 batches, min negative_loss=-0.000002, mean negative_loss=0.000004
VALIDATION
valid epoch balanced_accuracy: 0.500000
EPOCH 48:
PU nnPU correction: 4/69 batches, min negative_loss=-0.000002, mean negative_loss=0.000004
VALIDATION
valid epoch balanced_accuracy: 0.500000
EPOCH 49:
PU nnPU correction: 4/69 batches, min negative_loss=-0.000006, mean negative_loss=0.000004
VALIDATION
valid epoch balanced_accuracy: 0.500000
EPOCH 50:
PU nnPU correction: 2/69 batches, min negative_loss=-0.000001, mean negative_loss=0.000004
VALIDATION
valid epoch balanced_accuracy: 0.500000
EPOCH 51:
PU nnPU correction: 0/69 batches, min negative_loss=0.000000, mean negative_loss=0.000009
VALIDATION
valid epoch balanced_accuracy: 0.500000
EPOCH 52:
PU nnPU correction: 2/69 batches, min negative_loss=-0.000006, mean negative_loss=0.000005
VALIDATION
valid epoch balanced_accuracy: 0.500000
EPOCH 53:
PU nnPU correction: 0/69 batches, min negative_loss=0.000001, mean negative_loss=0.000004
VALIDATION
valid epoch balanced_accuracy: 0.500000
EPOCH 54:
PU nnPU correction: 0/69 batches, min negative_loss=0.000000, mean negative_loss=0.000006
VALIDATION
valid epoch balanced_accuracy: 0.500000
EPOCH 55:
PU nnPU correction: 1/69 batches, min negative_loss=-0.000000, mean negative_loss=0.000005
VALIDATION
valid epoch balanced_accuracy: 0.500000
EPOCH 56:
PU nnPU correction: 0/69 batches, min negative_loss=0.000001, mean negative_loss=0.000006
VALIDATION
valid epoch balanced_accuracy: 0.500000
EPOCH 57:
PU nnPU correction: 0/69 batches, min negative_loss=0.000001, mean negative_loss=0.000007
VALIDATION
valid epoch balanced_accuracy: 0.500000
EPOCH 58:
PU nnPU correction: 0/69 batches, min negative_loss=0.000000, mean negative_loss=0.000011
VALIDATION
valid epoch balanced_accuracy: 0.500000
EPOCH 59:
PU nnPU correction: 0/69 batches, min negative_loss=0.000001, mean negative_loss=0.000008
VALIDATION
valid epoch balanced_accuracy: 0.500000
EPOCH 60:
PU nnPU correction: 0/69 batches, min negative_loss=0.000000, mean negative_loss=0.000009
VALIDATION
valid epoch balanced_accuracy: 0.500000
EPOCH 61:
PU nnPU correction: 2/69 batches, min negative_loss=-0.000000, mean negative_loss=0.000015
VALIDATION
valid epoch balanced_accuracy: 0.500000
EPOCH 62:
PU nnPU correction: 0/69 batches, min negative_loss=0.000001, mean negative_loss=0.000024
VALIDATION
valid epoch balanced_accuracy: 0.500000
EPOCH 63:
PU nnPU correction: 0/69 batches, min negative_loss=0.000002, mean negative_loss=0.000152
VALIDATION
valid epoch balanced_accuracy: 0.500000
EPOCH 64:
PU nnPU correction: 0/69 batches, min negative_loss=0.000322, mean negative_loss=0.152892
VALIDATION
valid epoch balanced_accuracy: 0.503269
EPOCH 65:
PU nnPU correction: 5/69 batches, min negative_loss=-0.013121, mean negative_loss=0.027075
VALIDATION
valid epoch balanced_accuracy: 0.500000
EPOCH 66:
PU nnPU correction: 0/69 batches, min negative_loss=0.000302, mean negative_loss=0.005785
VALIDATION
valid epoch balanced_accuracy: 0.500000
EPOCH 67:
PU nnPU correction: 0/69 batches, min negative_loss=0.060479, mean negative_loss=0.266490
VALIDATION
valid epoch balanced_accuracy: 0.442885
EPOCH 68:
PU nnPU correction: 0/69 batches, min negative_loss=0.144584, mean negative_loss=0.421381
VALIDATION
valid epoch balanced_accuracy: 0.500000
EPOCH 69:
PU nnPU correction: 0/69 batches, min negative_loss=0.449501, mean negative_loss=0.449951
VALIDATION
valid epoch balanced_accuracy: 0.500000
EPOCH 70:
PU nnPU correction: 0/69 batches, min negative_loss=0.449363, mean negative_loss=0.449917
VALIDATION
valid epoch balanced_accuracy: 0.500000
EPOCH 71:
PU nnPU correction: 0/69 batches, min negative_loss=0.447577, mean negative_loss=0.449793
VALIDATION
valid epoch balanced_accuracy: 0.500000
EPOCH 72:
PU nnPU correction: 0/69 batches, min negative_loss=0.013037, mean negative_loss=0.356544
VALIDATION
valid epoch balanced_accuracy: 0.503462
EPOCH 73:
PU nnPU correction: 0/69 batches, min negative_loss=0.061020, mean negative_loss=0.354969
VALIDATION
valid epoch balanced_accuracy: 0.552308
EPOCH 74:
PU nnPU correction: 0/69 batches, min negative_loss=0.066852, mean negative_loss=0.298583
VALIDATION
valid epoch balanced_accuracy: 0.555192
EPOCH 75:
PU nnPU correction: 2/69 batches, min negative_loss=-0.021078, mean negative_loss=0.196079
VALIDATION
valid epoch balanced_accuracy: 0.455385
EPOCH 76:
PU nnPU correction: 2/69 batches, min negative_loss=-0.044435, mean negative_loss=0.164404
VALIDATION
valid epoch balanced_accuracy: 0.505000
EPOCH 77:
PU nnPU correction: 1/69 batches, min negative_loss=-0.036585, mean negative_loss=0.259410
VALIDATION
valid epoch balanced_accuracy: 0.564423
EPOCH 78:
PU nnPU correction: 2/69 batches, min negative_loss=-0.030680, mean negative_loss=0.135001
VALIDATION
valid epoch balanced_accuracy: 0.417885
EPOCH 79:
PU nnPU correction: 4/69 batches, min negative_loss=-0.031054, mean negative_loss=0.111131
VALIDATION
valid epoch balanced_accuracy: 0.510385
EPOCH 80:
PU nnPU correction: 2/69 batches, min negative_loss=-0.020678, mean negative_loss=0.162328
VALIDATION
valid epoch balanced_accuracy: 0.543462
EPOCH 81:
PU nnPU correction: 0/69 batches, min negative_loss=0.015673, mean negative_loss=0.188002
VALIDATION
valid epoch balanced_accuracy: 0.568846
EPOCH 82:
PU nnPU correction: 1/69 batches, min negative_loss=-0.043731, mean negative_loss=0.151553
VALIDATION
valid epoch balanced_accuracy: 0.537885
EPOCH 83:
PU nnPU correction: 1/69 batches, min negative_loss=-0.036378, mean negative_loss=0.181420
VALIDATION
valid epoch balanced_accuracy: 0.557885
EPOCH 84:
PU nnPU correction: 0/69 batches, min negative_loss=0.018782, mean negative_loss=0.149963
VALIDATION
valid epoch balanced_accuracy: 0.555385
EPOCH 85:
PU nnPU correction: 1/69 batches, min negative_loss=-0.003659, mean negative_loss=0.151933
VALIDATION
valid epoch balanced_accuracy: 0.558077
EPOCH 86:
PU nnPU correction: 2/69 batches, min negative_loss=-0.043529, mean negative_loss=0.144244
VALIDATION
valid epoch balanced_accuracy: 0.569038
EPOCH 87:
PU nnPU correction: 5/69 batches, min negative_loss=-0.049942, mean negative_loss=0.139190
VALIDATION
valid epoch balanced_accuracy: 0.614615
EPOCH 88:
PU nnPU correction: 4/69 batches, min negative_loss=-0.037422, mean negative_loss=0.121935
VALIDATION
valid epoch balanced_accuracy: 0.546154
EPOCH 89:
PU nnPU correction: 6/69 batches, min negative_loss=-0.049954, mean negative_loss=0.118922
VALIDATION
valid epoch balanced_accuracy: 0.503077
EPOCH 90:
PU nnPU correction: 8/69 batches, min negative_loss=-0.049998, mean negative_loss=0.095088
VALIDATION
valid epoch balanced_accuracy: 0.517500
EPOCH 91:
PU nnPU correction: 8/69 batches, min negative_loss=-0.037488, mean negative_loss=0.099616
VALIDATION
valid epoch balanced_accuracy: 0.546346
EPOCH 92:
PU nnPU correction: 6/69 batches, min negative_loss=-0.049999, mean negative_loss=0.088592
VALIDATION
valid epoch balanced_accuracy: 0.455385
EPOCH 93:
PU nnPU correction: 5/69 batches, min negative_loss=-0.043750, mean negative_loss=0.089793
VALIDATION
valid epoch balanced_accuracy: 0.545769
EPOCH 94:
PU nnPU correction: 7/69 batches, min negative_loss=-0.043750, mean negative_loss=0.097399
VALIDATION
valid epoch balanced_accuracy: 0.531538
EPOCH 95:
PU nnPU correction: 9/69 batches, min negative_loss=-0.043748, mean negative_loss=0.082326
VALIDATION
valid epoch balanced_accuracy: 0.541538
EPOCH 96:
PU nnPU correction: 7/69 batches, min negative_loss=-0.037489, mean negative_loss=0.088422
VALIDATION
valid epoch balanced_accuracy: 0.545385
EPOCH 97:
PU nnPU correction: 12/69 batches, min negative_loss=-0.037436, mean negative_loss=0.082209
VALIDATION
valid epoch balanced_accuracy: 0.522115
EPOCH 98:
PU nnPU correction: 6/69 batches, min negative_loss=-0.043749, mean negative_loss=0.088669
VALIDATION
valid epoch balanced_accuracy: 0.450769
EPOCH 99:
PU nnPU correction: 17/69 batches, min negative_loss=-0.043749, mean negative_loss=0.084962
VALIDATION
valid epoch balanced_accuracy: 0.508462
EPOCH 100:
PU nnPU correction: 11/69 batches, min negative_loss=-0.043743, mean negative_loss=0.077636
VALIDATION
valid epoch balanced_accuracy: 0.540577
EPOCH 101:
PU nnPU correction: 4/69 batches, min negative_loss=-0.040785, mean negative_loss=0.131852
VALIDATION
valid epoch balanced_accuracy: 0.412885
EPOCH 102:
PU nnPU correction: 20/69 batches, min negative_loss=-0.018753, mean negative_loss=0.064984
VALIDATION
valid epoch balanced_accuracy: 0.500000
EPOCH 103:
PU nnPU correction: 23/69 batches, min negative_loss=-0.024913, mean negative_loss=0.031026
VALIDATION
valid epoch balanced_accuracy: 0.500000
EPOCH 104:
PU nnPU correction: 31/69 batches, min negative_loss=-0.018354, mean negative_loss=0.027826
VALIDATION
valid epoch balanced_accuracy: 0.500000
EPOCH 105:
PU nnPU correction: 29/69 batches, min negative_loss=-0.018688, mean negative_loss=0.019010
VALIDATION
valid epoch balanced_accuracy: 0.500000
EPOCH 106:
PU nnPU correction: 38/69 batches, min negative_loss=-0.018713, mean negative_loss=0.016213
VALIDATION
valid epoch balanced_accuracy: 0.500000
EPOCH 107:
PU nnPU correction: 37/69 batches, min negative_loss=-0.018620, mean negative_loss=0.017079
VALIDATION
valid epoch balanced_accuracy: 0.500000
EPOCH 108:
PU nnPU correction: 38/69 batches, min negative_loss=-0.012383, mean negative_loss=0.014620
VALIDATION
valid epoch balanced_accuracy: 0.500000
EPOCH 109:
PU nnPU correction: 22/69 batches, min negative_loss=-0.006248, mean negative_loss=0.003735
VALIDATION
valid epoch balanced_accuracy: 0.500000
EPOCH 110:
PU nnPU correction: 17/69 batches, min negative_loss=-0.000000, mean negative_loss=0.000000
VALIDATION
valid epoch balanced_accuracy: 0.500000
EPOCH 111:
PU nnPU correction: 19/69 batches, min negative_loss=-0.000000, mean negative_loss=0.000000
VALIDATION
valid epoch balanced_accuracy: 0.500000
EPOCH 112:
PU nnPU correction: 11/69 batches, min negative_loss=-0.000000, mean negative_loss=0.000000
VALIDATION
valid epoch balanced_accuracy: 0.500000
EPOCH 113:
PU nnPU correction: 12/69 batches, min negative_loss=-0.000000, mean negative_loss=0.000000
VALIDATION
valid epoch balanced_accuracy: 0.500000
EPOCH 114:
PU nnPU correction: 9/69 batches, min negative_loss=-0.000000, mean negative_loss=0.000000
VALIDATION
valid epoch balanced_accuracy: 0.500000
EPOCH 115:
PU nnPU correction: 12/69 batches, min negative_loss=-0.000000, mean negative_loss=0.000000
VALIDATION
valid epoch balanced_accuracy: 0.500000
EPOCH 116:
