Waiting for exclusive access to GPU GPU-bc0bcf8a-2e7e-b891-5420-667ced480cb9.
=== GROUP: CRAL-TRIO | VARIANT: bbp_nps3mlp_dpt01_gm_pu005 | SEED: 1 | GPU: NVIDIA H100 ===

number of parameters : 1403984
train : (1104, 12)
valid : (204, 12)
test : (204, 12)
PU rho : 0.525000
class weights : [1.0, 1.0]
balanced batches : 69 per epoch covering all 1104 train rows, target 8 positive + 8 unlabeled
data extracted
EPOCH 1:
PU nnPU correction: 0/69 batches, min negative_loss=0.250701, mean negative_loss=0.278827
VALIDATION
valid epoch balanced_accuracy: 0.500000
EPOCH 2:
PU nnPU correction: 0/69 batches, min negative_loss=0.111965, mean negative_loss=0.282666
VALIDATION
valid epoch balanced_accuracy: 0.430769
EPOCH 3:
PU nnPU correction: 2/69 batches, min negative_loss=-0.002955, mean negative_loss=0.147067
VALIDATION
valid epoch balanced_accuracy: 0.416346
EPOCH 4:
PU nnPU correction: 1/69 batches, min negative_loss=-0.009927, mean negative_loss=0.133480
VALIDATION
valid epoch balanced_accuracy: 0.373269
EPOCH 5:
PU nnPU correction: 0/69 batches, min negative_loss=0.006721, mean negative_loss=0.199820
VALIDATION
valid epoch balanced_accuracy: 0.392308
EPOCH 6:
PU nnPU correction: 6/69 batches, min negative_loss=-0.019012, mean negative_loss=0.134784
VALIDATION
valid epoch balanced_accuracy: 0.465769
EPOCH 7:
PU nnPU correction: 1/69 batches, min negative_loss=-0.017852, mean negative_loss=0.157766
VALIDATION
valid epoch balanced_accuracy: 0.510192
EPOCH 8:
PU nnPU correction: 1/69 batches, min negative_loss=-0.011074, mean negative_loss=0.216513
VALIDATION
valid epoch balanced_accuracy: 0.498846
EPOCH 9:
PU nnPU correction: 2/69 batches, min negative_loss=-0.014132, mean negative_loss=0.176337
VALIDATION
valid epoch balanced_accuracy: 0.383077
EPOCH 10:
PU nnPU correction: 0/69 batches, min negative_loss=0.029200, mean negative_loss=0.176724
VALIDATION
valid epoch balanced_accuracy: 0.505192
EPOCH 11:
PU nnPU correction: 0/69 batches, min negative_loss=0.040208, mean negative_loss=0.177752
VALIDATION
valid epoch balanced_accuracy: 0.500000
EPOCH 12:
PU nnPU correction: 1/69 batches, min negative_loss=-0.012288, mean negative_loss=0.177035
VALIDATION
valid epoch balanced_accuracy: 0.426154
EPOCH 13:
PU nnPU correction: 3/69 batches, min negative_loss=-0.021166, mean negative_loss=0.173168
VALIDATION
valid epoch balanced_accuracy: 0.424615
EPOCH 14:
PU nnPU correction: 4/69 batches, min negative_loss=-0.024848, mean negative_loss=0.174234
VALIDATION
valid epoch balanced_accuracy: 0.430962
EPOCH 15:
PU nnPU correction: 1/69 batches, min negative_loss=-0.005859, mean negative_loss=0.163845
VALIDATION
valid epoch balanced_accuracy: 0.426154
EPOCH 16:
PU nnPU correction: 2/69 batches, min negative_loss=-0.004600, mean negative_loss=0.159199
VALIDATION
valid epoch balanced_accuracy: 0.500000
EPOCH 17:
PU nnPU correction: 0/69 batches, min negative_loss=0.040544, mean negative_loss=0.284245
VALIDATION
valid epoch balanced_accuracy: 0.500000
EPOCH 18:
PU nnPU correction: 1/69 batches, min negative_loss=-0.014791, mean negative_loss=0.265186
VALIDATION
valid epoch balanced_accuracy: 0.478462
EPOCH 19:
PU nnPU correction: 0/69 batches, min negative_loss=0.043791, mean negative_loss=0.214673
VALIDATION
valid epoch balanced_accuracy: 0.498846
EPOCH 20:
PU nnPU correction: 1/69 batches, min negative_loss=-0.024975, mean negative_loss=0.176767
VALIDATION
valid epoch balanced_accuracy: 0.501731
EPOCH 21:
PU nnPU correction: 4/69 batches, min negative_loss=-0.018732, mean negative_loss=0.152169
VALIDATION
valid epoch balanced_accuracy: 0.486154
EPOCH 22:
PU nnPU correction: 2/69 batches, min negative_loss=-0.021713, mean negative_loss=0.151161
VALIDATION
valid epoch balanced_accuracy: 0.354615
EPOCH 23:
PU nnPU correction: 5/69 batches, min negative_loss=-0.020847, mean negative_loss=0.131108
VALIDATION
valid epoch balanced_accuracy: 0.373077
EPOCH 24:
PU nnPU correction: 4/69 batches, min negative_loss=-0.020316, mean negative_loss=0.127427
VALIDATION
valid epoch balanced_accuracy: 0.365192
EPOCH 25:
PU nnPU correction: 4/69 batches, min negative_loss=-0.018751, mean negative_loss=0.131182
VALIDATION
valid epoch balanced_accuracy: 0.409038
EPOCH 26:
PU nnPU correction: 2/69 batches, min negative_loss=-0.018569, mean negative_loss=0.142451
VALIDATION
valid epoch balanced_accuracy: 0.392692
EPOCH 27:
PU nnPU correction: 5/69 batches, min negative_loss=-0.021867, mean negative_loss=0.141699
VALIDATION
valid epoch balanced_accuracy: 0.526731
EPOCH 28:
PU nnPU correction: 4/69 batches, min negative_loss=-0.011527, mean negative_loss=0.142255
VALIDATION
valid epoch balanced_accuracy: 0.598462
EPOCH 29:
PU nnPU correction: 1/69 batches, min negative_loss=-0.002831, mean negative_loss=0.201396
VALIDATION
valid epoch balanced_accuracy: 0.594038
EPOCH 30:
PU nnPU correction: 0/69 batches, min negative_loss=0.036855, mean negative_loss=0.198481
VALIDATION
valid epoch balanced_accuracy: 0.594231
EPOCH 31:
PU nnPU correction: 1/69 batches, min negative_loss=-0.022757, mean negative_loss=0.195617
VALIDATION
valid epoch balanced_accuracy: 0.593462
EPOCH 32:
PU nnPU correction: 1/69 batches, min negative_loss=-0.017665, mean negative_loss=0.183494
VALIDATION
valid epoch balanced_accuracy: 0.627692
EPOCH 33:
PU nnPU correction: 1/69 batches, min negative_loss=-0.015543, mean negative_loss=0.154085
VALIDATION
valid epoch balanced_accuracy: 0.538462
EPOCH 34:
PU nnPU correction: 0/69 batches, min negative_loss=0.037820, mean negative_loss=0.168121
VALIDATION
valid epoch balanced_accuracy: 0.525000
EPOCH 35:
PU nnPU correction: 4/69 batches, min negative_loss=-0.020143, mean negative_loss=0.149109
VALIDATION
valid epoch balanced_accuracy: 0.545962
EPOCH 36:
PU nnPU correction: 1/69 batches, min negative_loss=-0.023224, mean negative_loss=0.163597
VALIDATION
valid epoch balanced_accuracy: 0.462692
EPOCH 37:
PU nnPU correction: 4/69 batches, min negative_loss=-0.024880, mean negative_loss=0.156170
VALIDATION
valid epoch balanced_accuracy: 0.670962
EPOCH 38:
PU nnPU correction: 4/69 batches, min negative_loss=-0.021821, mean negative_loss=0.154399
VALIDATION
valid epoch balanced_accuracy: 0.324615
EPOCH 39:
PU nnPU correction: 7/69 batches, min negative_loss=-0.024043, mean negative_loss=0.124671
VALIDATION
valid epoch balanced_accuracy: 0.448846
EPOCH 40:
PU nnPU correction: 1/69 batches, min negative_loss=-0.021096, mean negative_loss=0.143444
VALIDATION
valid epoch balanced_accuracy: 0.394615
EPOCH 41:
PU nnPU correction: 6/69 batches, min negative_loss=-0.021619, mean negative_loss=0.106712
VALIDATION
valid epoch balanced_accuracy: 0.413654
EPOCH 42:
PU nnPU correction: 3/69 batches, min negative_loss=-0.023333, mean negative_loss=0.128367
VALIDATION
valid epoch balanced_accuracy: 0.399423
EPOCH 43:
PU nnPU correction: 1/69 batches, min negative_loss=-0.024845, mean negative_loss=0.126472
VALIDATION
valid epoch balanced_accuracy: 0.404231
EPOCH 44:
PU nnPU correction: 7/69 batches, min negative_loss=-0.024938, mean negative_loss=0.111209
VALIDATION
valid epoch balanced_accuracy: 0.452308
EPOCH 45:
PU nnPU correction: 6/69 batches, min negative_loss=-0.021917, mean negative_loss=0.109592
VALIDATION
valid epoch balanced_accuracy: 0.394808
EPOCH 46:
PU nnPU correction: 1/69 batches, min negative_loss=-0.019796, mean negative_loss=0.125489
VALIDATION
valid epoch balanced_accuracy: 0.414808
EPOCH 47:
PU nnPU correction: 5/69 batches, min negative_loss=-0.021863, mean negative_loss=0.105762
VALIDATION
valid epoch balanced_accuracy: 0.481154
EPOCH 48:
PU nnPU correction: 7/69 batches, min negative_loss=-0.024677, mean negative_loss=0.104212
VALIDATION
valid epoch balanced_accuracy: 0.662500
EPOCH 49:
PU nnPU correction: 4/69 batches, min negative_loss=-0.021870, mean negative_loss=0.119886
VALIDATION
valid epoch balanced_accuracy: 0.443269
EPOCH 50:
PU nnPU correction: 11/69 batches, min negative_loss=-0.024927, mean negative_loss=0.093202
VALIDATION
valid epoch balanced_accuracy: 0.608462
EPOCH 51:
PU nnPU correction: 8/69 batches, min negative_loss=-0.021856, mean negative_loss=0.101567
VALIDATION
valid epoch balanced_accuracy: 0.667885
EPOCH 52:
PU nnPU correction: 6/69 batches, min negative_loss=-0.024957, mean negative_loss=0.137418
VALIDATION
valid epoch balanced_accuracy: 0.562885
EPOCH 53:
PU nnPU correction: 5/69 batches, min negative_loss=-0.024982, mean negative_loss=0.101222
VALIDATION
valid epoch balanced_accuracy: 0.618846
EPOCH 54:
PU nnPU correction: 8/69 batches, min negative_loss=-0.024965, mean negative_loss=0.111846
VALIDATION
valid epoch balanced_accuracy: 0.593654
EPOCH 55:
PU nnPU correction: 4/69 batches, min negative_loss=-0.024994, mean negative_loss=0.105473
VALIDATION
valid epoch balanced_accuracy: 0.634423
EPOCH 56:
PU nnPU correction: 7/69 batches, min negative_loss=-0.024824, mean negative_loss=0.116638
VALIDATION
valid epoch balanced_accuracy: 0.652308
EPOCH 57:
PU nnPU correction: 10/69 batches, min negative_loss=-0.021871, mean negative_loss=0.108059
VALIDATION
valid epoch balanced_accuracy: 0.723077
EPOCH 58:
PU nnPU correction: 6/69 batches, min negative_loss=-0.024554, mean negative_loss=0.124426
VALIDATION
valid epoch balanced_accuracy: 0.703269
EPOCH 59:
PU nnPU correction: 10/69 batches, min negative_loss=-0.021874, mean negative_loss=0.092715
VALIDATION
valid epoch balanced_accuracy: 0.700000
EPOCH 60:
PU nnPU correction: 8/69 batches, min negative_loss=-0.024883, mean negative_loss=0.108733
VALIDATION
valid epoch balanced_accuracy: 0.699808
EPOCH 61:
PU nnPU correction: 2/69 batches, min negative_loss=-0.021854, mean negative_loss=0.107439
VALIDATION
valid epoch balanced_accuracy: 0.657885
EPOCH 62:
PU nnPU correction: 7/69 batches, min negative_loss=-0.024750, mean negative_loss=0.101434
VALIDATION
valid epoch balanced_accuracy: 0.598269
EPOCH 63:
PU nnPU correction: 6/69 batches, min negative_loss=-0.021551, mean negative_loss=0.104555
VALIDATION
valid epoch balanced_accuracy: 0.668077
EPOCH 64:
PU nnPU correction: 8/69 batches, min negative_loss=-0.024944, mean negative_loss=0.097509
VALIDATION
valid epoch balanced_accuracy: 0.548846
EPOCH 65:
PU nnPU correction: 6/69 batches, min negative_loss=-0.024863, mean negative_loss=0.106067
VALIDATION
valid epoch balanced_accuracy: 0.557885
EPOCH 66:
PU nnPU correction: 6/69 batches, min negative_loss=-0.024996, mean negative_loss=0.095097
VALIDATION
valid epoch balanced_accuracy: 0.602692
EPOCH 67:
PU nnPU correction: 14/69 batches, min negative_loss=-0.024996, mean negative_loss=0.085985
VALIDATION
valid epoch balanced_accuracy: 0.694231
EPOCH 68:
PU nnPU correction: 8/69 batches, min negative_loss=-0.024991, mean negative_loss=0.100154
VALIDATION
valid epoch balanced_accuracy: 0.653269
EPOCH 69:
PU nnPU correction: 7/69 batches, min negative_loss=-0.024797, mean negative_loss=0.096165
VALIDATION
valid epoch balanced_accuracy: 0.602885
EPOCH 70:
PU nnPU correction: 8/69 batches, min negative_loss=-0.024849, mean negative_loss=0.082068
VALIDATION
valid epoch balanced_accuracy: 0.668077
EPOCH 71:
PU nnPU correction: 11/69 batches, min negative_loss=-0.024868, mean negative_loss=0.087151
VALIDATION
valid epoch balanced_accuracy: 0.472308
EPOCH 72:
PU nnPU correction: 11/69 batches, min negative_loss=-0.024991, mean negative_loss=0.088323
VALIDATION
valid epoch balanced_accuracy: 0.683846
EPOCH 73:
PU nnPU correction: 6/69 batches, min negative_loss=-0.024952, mean negative_loss=0.087012
VALIDATION
valid epoch balanced_accuracy: 0.487885
EPOCH 74:
PU nnPU correction: 4/69 batches, min negative_loss=-0.024679, mean negative_loss=0.115710
VALIDATION
valid epoch balanced_accuracy: 0.413654
EPOCH 75:
PU nnPU correction: 8/69 batches, min negative_loss=-0.024680, mean negative_loss=0.113205
VALIDATION
valid epoch balanced_accuracy: 0.404038
EPOCH 76:
PU nnPU correction: 2/69 batches, min negative_loss=-0.024397, mean negative_loss=0.094451
VALIDATION
valid epoch balanced_accuracy: 0.452308
EPOCH 77:
PU nnPU correction: 12/69 batches, min negative_loss=-0.024987, mean negative_loss=0.075188
VALIDATION
valid epoch balanced_accuracy: 0.424615
EPOCH 78:
PU nnPU correction: 17/69 batches, min negative_loss=-0.024991, mean negative_loss=0.067207
VALIDATION
valid epoch balanced_accuracy: 0.516538
EPOCH 79:
PU nnPU correction: 18/69 batches, min negative_loss=-0.022619, mean negative_loss=0.058335
VALIDATION
valid epoch balanced_accuracy: 0.439615
EPOCH 80:
PU nnPU correction: 15/69 batches, min negative_loss=-0.021794, mean negative_loss=0.060051
VALIDATION
valid epoch balanced_accuracy: 0.683654
EPOCH 81:
PU nnPU correction: 6/69 batches, min negative_loss=-0.022108, mean negative_loss=0.076355
VALIDATION
valid epoch balanced_accuracy: 0.720577
EPOCH 82:
PU nnPU correction: 11/69 batches, min negative_loss=-0.022267, mean negative_loss=0.080573
VALIDATION
valid epoch balanced_accuracy: 0.611731
EPOCH 83:
PU nnPU correction: 6/69 batches, min negative_loss=-0.024945, mean negative_loss=0.086218
VALIDATION
valid epoch balanced_accuracy: 0.685000
EPOCH 84:
PU nnPU correction: 8/69 batches, min negative_loss=-0.025000, mean negative_loss=0.108236
VALIDATION
valid epoch balanced_accuracy: 0.498269
EPOCH 85:
PU nnPU correction: 7/69 batches, min negative_loss=-0.024835, mean negative_loss=0.127998
VALIDATION
valid epoch balanced_accuracy: 0.781346
EPOCH 86:
PU nnPU correction: 4/69 batches, min negative_loss=-0.024898, mean negative_loss=0.144363
VALIDATION
valid epoch balanced_accuracy: 0.746346
EPOCH 87:
PU nnPU correction: 8/69 batches, min negative_loss=-0.024928, mean negative_loss=0.109757
VALIDATION
valid epoch balanced_accuracy: 0.691346
EPOCH 88:
PU nnPU correction: 6/69 batches, min negative_loss=-0.024991, mean negative_loss=0.106564
VALIDATION
valid epoch balanced_accuracy: 0.629808
EPOCH 89:
PU nnPU correction: 4/69 batches, min negative_loss=-0.024995, mean negative_loss=0.112425
VALIDATION
valid epoch balanced_accuracy: 0.751538
EPOCH 90:
PU nnPU correction: 6/69 batches, min negative_loss=-0.024974, mean negative_loss=0.094804
VALIDATION
valid epoch balanced_accuracy: 0.409038
EPOCH 91:
PU nnPU correction: 13/69 batches, min negative_loss=-0.024870, mean negative_loss=0.068428
VALIDATION
valid epoch balanced_accuracy: 0.454423
EPOCH 92:
PU nnPU correction: 9/69 batches, min negative_loss=-0.024710, mean negative_loss=0.075847
VALIDATION
valid epoch balanced_accuracy: 0.622308
EPOCH 93:
PU nnPU correction: 4/69 batches, min negative_loss=-0.021847, mean negative_loss=0.125245
VALIDATION
valid epoch balanced_accuracy: 0.461538
EPOCH 94:
PU nnPU correction: 7/69 batches, min negative_loss=-0.024920, mean negative_loss=0.105416
VALIDATION
valid epoch balanced_accuracy: 0.508654
EPOCH 95:
PU nnPU correction: 11/69 batches, min negative_loss=-0.024971, mean negative_loss=0.077202
VALIDATION
valid epoch balanced_accuracy: 0.726346
EPOCH 96:
PU nnPU correction: 5/69 batches, min negative_loss=-0.024994, mean negative_loss=0.117952
VALIDATION
valid epoch balanced_accuracy: 0.756731
EPOCH 97:
PU nnPU correction: 9/69 batches, min negative_loss=-0.024998, mean negative_loss=0.100298
VALIDATION
valid epoch balanced_accuracy: 0.620192
EPOCH 98:
PU nnPU correction: 12/69 batches, min negative_loss=-0.024987, mean negative_loss=0.069894
VALIDATION
valid epoch balanced_accuracy: 0.532692
EPOCH 99:
PU nnPU correction: 17/69 batches, min negative_loss=-0.024986, mean negative_loss=0.059689
VALIDATION
valid epoch balanced_accuracy: 0.449038
EPOCH 100:
PU nnPU correction: 12/69 batches, min negative_loss=-0.025000, mean negative_loss=0.079989
VALIDATION
valid epoch balanced_accuracy: 0.569423
EPOCH 101:
PU nnPU correction: 10/69 batches, min negative_loss=-0.024992, mean negative_loss=0.079132
VALIDATION
valid epoch balanced_accuracy: 0.556538
EPOCH 102:
PU nnPU correction: 10/69 batches, min negative_loss=-0.025000, mean negative_loss=0.081803
VALIDATION
valid epoch balanced_accuracy: 0.696346
EPOCH 103:
PU nnPU correction: 10/69 batches, min negative_loss=-0.024997, mean negative_loss=0.091106
VALIDATION
valid epoch balanced_accuracy: 0.701154
EPOCH 104:
PU nnPU correction: 11/69 batches, min negative_loss=-0.024971, mean negative_loss=0.069256
VALIDATION
valid epoch balanced_accuracy: 0.461923
EPOCH 105:
PU nnPU correction: 15/69 batches, min negative_loss=-0.022200, mean negative_loss=0.058469
VALIDATION
valid epoch balanced_accuracy: 0.517885
EPOCH 106:
PU nnPU correction: 16/69 batches, min negative_loss=-0.024998, mean negative_loss=0.071789
VALIDATION
valid epoch balanced_accuracy: 0.751346
EPOCH 107:
PU nnPU correction: 9/69 batches, min negative_loss=-0.024946, mean negative_loss=0.081431
VALIDATION
valid epoch balanced_accuracy: 0.569423
EPOCH 108:
PU nnPU correction: 10/69 batches, min negative_loss=-0.024998, mean negative_loss=0.089226
VALIDATION
valid epoch balanced_accuracy: 0.579615
EPOCH 109:
PU nnPU correction: 11/69 batches, min negative_loss=-0.024995, mean negative_loss=0.107078
VALIDATION
valid epoch balanced_accuracy: 0.726538
EPOCH 110:
PU nnPU correction: 9/69 batches, min negative_loss=-0.021875, mean negative_loss=0.082104
VALIDATION
valid epoch balanced_accuracy: 0.621731
EPOCH 111:
PU nnPU correction: 13/69 batches, min negative_loss=-0.025000, mean negative_loss=0.073493
VALIDATION
valid epoch balanced_accuracy: 0.568462
EPOCH 112:
PU nnPU correction: 14/69 batches, min negative_loss=-0.024994, mean negative_loss=0.082168
VALIDATION
valid epoch balanced_accuracy: 0.701346
EPOCH 113:
PU nnPU correction: 5/69 batches, min negative_loss=-0.024990, mean negative_loss=0.092527
VALIDATION
valid epoch balanced_accuracy: 0.640769
EPOCH 114:
PU nnPU correction: 6/69 batches, min negative_loss=-0.018750, mean negative_loss=0.089504
VALIDATION
valid epoch balanced_accuracy: 0.690962
EPOCH 115:
PU nnPU correction: 14/69 batches, min negative_loss=-0.024999, mean negative_loss=0.069884
VALIDATION
valid epoch balanced_accuracy: 0.451731
EPOCH 116:
PU nnPU correction: 14/69 batches, min negative_loss=-0.024965, mean negative_loss=0.081609
VALIDATION
valid epoch balanced_accuracy: 0.575192
EPOCH 117:
PU nnPU correction: 12/69 batches, min negative_loss=-0.025000, mean negative_loss=0.073542
VALIDATION
valid epoch balanced_accuracy: 0.691154
EPOCH 118:
PU nnPU correction: 18/69 batches, min negative_loss=-0.024993, mean negative_loss=0.065066
VALIDATION
valid epoch balanced_accuracy: 0.434231
EPOCH 119:
PU nnPU correction: 24/69 batches, min negative_loss=-0.024999, mean negative_loss=0.042981
VALIDATION
valid epoch balanced_accuracy: 0.468077
EPOCH 120:
PU nnPU correction: 15/69 batches, min negative_loss=-0.024995, mean negative_loss=0.064256
VALIDATION
valid epoch balanced_accuracy: 0.701538
EPOCH 121:
PU nnPU correction: 14/69 batches, min negative_loss=-0.024994, mean negative_loss=0.066337
VALIDATION
valid epoch balanced_accuracy: 0.515385
EPOCH 122:
PU nnPU correction: 23/69 batches, min negative_loss=-0.025000, mean negative_loss=0.054819
VALIDATION
valid epoch balanced_accuracy: 0.484808
EPOCH 123:
PU nnPU correction: 17/69 batches, min negative_loss=-0.024987, mean negative_loss=0.069149
VALIDATION
valid epoch balanced_accuracy: 0.505769
EPOCH 124:
PU nnPU correction: 15/69 batches, min negative_loss=-0.024999, mean negative_loss=0.058078
VALIDATION
valid epoch balanced_accuracy: 0.600577
EPOCH 125:
PU nnPU correction: 21/69 batches, min negative_loss=-0.024540, mean negative_loss=0.051846
VALIDATION
valid epoch balanced_accuracy: 0.587115
EPOCH 126:
PU nnPU correction: 16/69 batches, min negative_loss=-0.024981, mean negative_loss=0.076559
VALIDATION
valid epoch balanced_accuracy: 0.545000
EPOCH 127:
PU nnPU correction: 19/69 batches, min negative_loss=-0.024998, mean negative_loss=0.050102
VALIDATION
valid epoch balanced_accuracy: 0.590385
EPOCH 128:
PU nnPU correction: 17/69 batches, min negative_loss=-0.025000, mean negative_loss=0.059502
VALIDATION
valid epoch balanced_accuracy: 0.639808
EPOCH 129:
PU nnPU correction: 17/69 batches, min negative_loss=-0.024995, mean negative_loss=0.056831
VALIDATION
valid epoch balanced_accuracy: 0.516346
EPOCH 130:
PU nnPU correction: 14/69 batches, min negative_loss=-0.021886, mean negative_loss=0.061321
VALIDATION
valid epoch balanced_accuracy: 0.645192
EPOCH 131:
PU nnPU correction: 16/69 batches, min negative_loss=-0.024990, mean negative_loss=0.053841
VALIDATION
valid epoch balanced_accuracy: 0.559038
EPOCH 132:
PU nnPU correction: 15/69 batches, min negative_loss=-0.024997, mean negative_loss=0.068352
VALIDATION
valid epoch balanced_accuracy: 0.682115
EPOCH 133:
PU nnPU correction: 14/69 batches, min negative_loss=-0.024999, mean negative_loss=0.091067
VALIDATION
valid epoch balanced_accuracy: 0.640385
EPOCH 134:
PU nnPU correction: 14/69 batches, min negative_loss=-0.024987, mean negative_loss=0.062768
VALIDATION
valid epoch balanced_accuracy: 0.380000
EPOCH 135:
PU nnPU correction: 14/69 batches, min negative_loss=-0.024996, mean negative_loss=0.059780
VALIDATION
valid epoch balanced_accuracy: 0.394423
EPOCH 136:
PU nnPU correction: 13/69 batches, min negative_loss=-0.024997, mean negative_loss=0.067301
VALIDATION
valid epoch balanced_accuracy: 0.690962
EPOCH 137:
PU nnPU correction: 17/69 batches, min negative_loss=-0.024998, mean negative_loss=0.065067
VALIDATION
valid epoch balanced_accuracy: 0.665192
EPOCH 138:
PU nnPU correction: 22/69 batches, min negative_loss=-0.024999, mean negative_loss=0.052609
VALIDATION
valid epoch balanced_accuracy: 0.434808
EPOCH 139:
PU nnPU correction: 21/69 batches, min negative_loss=-0.024999, mean negative_loss=0.048510
VALIDATION
valid epoch balanced_accuracy: 0.481154
EPOCH 140:
PU nnPU correction: 22/69 batches, min negative_loss=-0.024988, mean negative_loss=0.053513
VALIDATION
valid epoch balanced_accuracy: 0.399231
EPOCH 141:
PU nnPU correction: 2/69 batches, min negative_loss=-0.018215, mean negative_loss=0.170466
VALIDATION
valid epoch balanced_accuracy: 0.497308
EPOCH 142:
PU nnPU correction: 0/69 batches, min negative_loss=0.043694, mean negative_loss=0.267367
VALIDATION
valid epoch balanced_accuracy: 0.415962
EPOCH 143:
PU nnPU correction: 4/69 batches, min negative_loss=-0.021521, mean negative_loss=0.179803
VALIDATION
valid epoch balanced_accuracy: 0.470000
EPOCH 144:
PU nnPU correction: 4/69 batches, min negative_loss=-0.021868, mean negative_loss=0.154268
VALIDATION
valid epoch balanced_accuracy: 0.288846
EPOCH 145:
PU nnPU correction: 5/69 batches, min negative_loss=-0.024968, mean negative_loss=0.102050
VALIDATION
valid epoch balanced_accuracy: 0.327308
EPOCH 146:
PU nnPU correction: 18/69 batches, min negative_loss=-0.021794, mean negative_loss=0.060489
VALIDATION
valid epoch balanced_accuracy: 0.356923
EPOCH 147:
PU nnPU correction: 8/69 batches, min negative_loss=-0.021881, mean negative_loss=0.106230
VALIDATION
valid epoch balanced_accuracy: 0.327308
EPOCH 148:
PU nnPU correction: 8/69 batches, min negative_loss=-0.024999, mean negative_loss=0.116730
VALIDATION
valid epoch balanced_accuracy: 0.351154
EPOCH 149:
PU nnPU correction: 13/69 batches, min negative_loss=-0.024971, mean negative_loss=0.076916
VALIDATION
valid epoch balanced_accuracy: 0.312692
EPOCH 150:
PU nnPU correction: 28/69 batches, min negative_loss=-0.024141, mean negative_loss=0.043388
VALIDATION
valid epoch balanced_accuracy: 0.374231
accuracy: 0.715686
sensitivity: 0.759615
precision: 0.705357
specificity: 0.670000
IoU: 0.576642
FAR: 0.330000
F1: 0.731481
balanced_accuracy: 0.714808
loss: 0.316579
