Waiting for exclusive access to GPU GPU-98a70823-5da6-f1a2-8a76-10eac0cde70f.
=== GROUP: START | VARIANT: bbp_nps3mlp_dpt03_gm_plm500_hid64 | SEED: 2 | GPU: Tesla V100-SXM2-32GB ===

number of parameters : 2658874
train : (1112, 12)
valid : (200, 12)
test : (200, 12)
class weights : [1.0, 1.0]
balanced batches : 70 per epoch covering all 1112 train rows, target 8 positive + 8 unlabeled
data extracted
EPOCH 1:
VALIDATION
valid epoch balanced_accuracy: 0.484694
EPOCH 2:
VALIDATION
valid epoch balanced_accuracy: 0.457883
EPOCH 3:
VALIDATION
valid epoch balanced_accuracy: 0.513705
EPOCH 4:
VALIDATION
valid epoch balanced_accuracy: 0.504302
EPOCH 5:
VALIDATION
valid epoch balanced_accuracy: 0.484494
EPOCH 6:
VALIDATION
valid epoch balanced_accuracy: 0.476991
EPOCH 7:
VALIDATION
valid epoch balanced_accuracy: 0.474090
EPOCH 8:
VALIDATION
valid epoch balanced_accuracy: 0.456082
EPOCH 9:
VALIDATION
valid epoch balanced_accuracy: 0.456283
EPOCH 10:
VALIDATION
valid epoch balanced_accuracy: 0.442377
EPOCH 11:
VALIDATION
valid epoch balanced_accuracy: 0.461985
EPOCH 12:
VALIDATION
valid epoch balanced_accuracy: 0.622649
EPOCH 13:
VALIDATION
valid epoch balanced_accuracy: 0.533013
EPOCH 14:
VALIDATION
valid epoch balanced_accuracy: 0.528912
EPOCH 15:
VALIDATION
valid epoch balanced_accuracy: 0.389656
EPOCH 16:
VALIDATION
valid epoch balanced_accuracy: 0.408463
EPOCH 17:
VALIDATION
valid epoch balanced_accuracy: 0.444178
EPOCH 18:
VALIDATION
valid epoch balanced_accuracy: 0.523209
EPOCH 19:
VALIDATION
valid epoch balanced_accuracy: 0.497499
EPOCH 20:
VALIDATION
valid epoch balanced_accuracy: 0.503401
EPOCH 21:
VALIDATION
valid epoch balanced_accuracy: 0.549120
EPOCH 22:
VALIDATION
valid epoch balanced_accuracy: 0.435574
EPOCH 23:
VALIDATION
valid epoch balanced_accuracy: 0.472789
EPOCH 24:
VALIDATION
valid epoch balanced_accuracy: 0.501601
EPOCH 25:
VALIDATION
valid epoch balanced_accuracy: 0.543818
EPOCH 26:
VALIDATION
valid epoch balanced_accuracy: 0.424570
EPOCH 27:
VALIDATION
valid epoch balanced_accuracy: 0.454382
EPOCH 28:
VALIDATION
valid epoch balanced_accuracy: 0.444978
EPOCH 29:
VALIDATION
valid epoch balanced_accuracy: 0.468888
EPOCH 30:
VALIDATION
valid epoch balanced_accuracy: 0.553421
EPOCH 31:
VALIDATION
valid epoch balanced_accuracy: 0.452781
EPOCH 32:
VALIDATION
valid epoch balanced_accuracy: 0.528912
EPOCH 33:
VALIDATION
valid epoch balanced_accuracy: 0.548319
EPOCH 34:
VALIDATION
valid epoch balanced_accuracy: 0.486395
EPOCH 35:
VALIDATION
valid epoch balanced_accuracy: 0.552821
EPOCH 36:
VALIDATION
valid epoch balanced_accuracy: 0.483794
EPOCH 37:
VALIDATION
valid epoch balanced_accuracy: 0.578131
EPOCH 38:
VALIDATION
valid epoch balanced_accuracy: 0.553021
EPOCH 39:
VALIDATION
valid epoch balanced_accuracy: 0.546519
EPOCH 40:
VALIDATION
valid epoch balanced_accuracy: 0.606142
EPOCH 41:
VALIDATION
valid epoch balanced_accuracy: 0.611845
EPOCH 42:
VALIDATION
valid epoch balanced_accuracy: 0.559724
EPOCH 43:
VALIDATION
valid epoch balanced_accuracy: 0.575030
EPOCH 44:
VALIDATION
valid epoch balanced_accuracy: 0.456182
EPOCH 45:
VALIDATION
valid epoch balanced_accuracy: 0.602441
EPOCH 46:
VALIDATION
valid epoch balanced_accuracy: 0.653862
EPOCH 47:
VALIDATION
valid epoch balanced_accuracy: 0.538515
EPOCH 48:
VALIDATION
valid epoch balanced_accuracy: 0.571228
EPOCH 49:
VALIDATION
valid epoch balanced_accuracy: 0.558924
EPOCH 50:
VALIDATION
valid epoch balanced_accuracy: 0.609344
EPOCH 51:
VALIDATION
valid epoch balanced_accuracy: 0.604842
EPOCH 52:
VALIDATION
valid epoch balanced_accuracy: 0.572829
EPOCH 53:
VALIDATION
valid epoch balanced_accuracy: 0.574630
EPOCH 54:
VALIDATION
valid epoch balanced_accuracy: 0.513205
EPOCH 55:
VALIDATION
valid epoch balanced_accuracy: 0.623249
EPOCH 56:
VALIDATION
valid epoch balanced_accuracy: 0.463986
EPOCH 57:
VALIDATION
valid epoch balanced_accuracy: 0.653461
EPOCH 58:
VALIDATION
valid epoch balanced_accuracy: 0.501301
EPOCH 59:
VALIDATION
valid epoch balanced_accuracy: 0.503201
EPOCH 60:
VALIDATION
valid epoch balanced_accuracy: 0.516106
EPOCH 61:
VALIDATION
valid epoch balanced_accuracy: 0.494398
EPOCH 62:
VALIDATION
valid epoch balanced_accuracy: 0.624050
EPOCH 63:
VALIDATION
valid epoch balanced_accuracy: 0.588936
EPOCH 64:
VALIDATION
valid epoch balanced_accuracy: 0.687775
EPOCH 65:
VALIDATION
valid epoch balanced_accuracy: 0.622649
EPOCH 66:
VALIDATION
valid epoch balanced_accuracy: 0.485994
EPOCH 67:
VALIDATION
valid epoch balanced_accuracy: 0.524010
EPOCH 68:
VALIDATION
valid epoch balanced_accuracy: 0.559724
EPOCH 69:
VALIDATION
valid epoch balanced_accuracy: 0.652261
EPOCH 70:
VALIDATION
valid epoch balanced_accuracy: 0.642057
EPOCH 71:
VALIDATION
valid epoch balanced_accuracy: 0.582433
EPOCH 72:
VALIDATION
valid epoch balanced_accuracy: 0.565026
EPOCH 73:
VALIDATION
valid epoch balanced_accuracy: 0.588535
EPOCH 74:
VALIDATION
valid epoch balanced_accuracy: 0.559324
EPOCH 75:
VALIDATION
valid epoch balanced_accuracy: 0.544218
EPOCH 76:
VALIDATION
valid epoch balanced_accuracy: 0.598940
EPOCH 77:
VALIDATION
valid epoch balanced_accuracy: 0.614246
EPOCH 78:
VALIDATION
valid epoch balanced_accuracy: 0.569928
EPOCH 79:
VALIDATION
valid epoch balanced_accuracy: 0.603241
EPOCH 80:
VALIDATION
valid epoch balanced_accuracy: 0.609144
EPOCH 81:
VALIDATION
valid epoch balanced_accuracy: 0.563826
EPOCH 82:
VALIDATION
valid epoch balanced_accuracy: 0.652261
EPOCH 83:
VALIDATION
valid epoch balanced_accuracy: 0.597339
EPOCH 84:
VALIDATION
valid epoch balanced_accuracy: 0.593237
EPOCH 85:
VALIDATION
valid epoch balanced_accuracy: 0.582033
EPOCH 86:
VALIDATION
valid epoch balanced_accuracy: 0.578932
EPOCH 87:
VALIDATION
valid epoch balanced_accuracy: 0.554622
EPOCH 88:
VALIDATION
valid epoch balanced_accuracy: 0.618948
EPOCH 89:
VALIDATION
valid epoch balanced_accuracy: 0.545618
EPOCH 90:
VALIDATION
valid epoch balanced_accuracy: 0.614446
EPOCH 91:
VALIDATION
valid epoch balanced_accuracy: 0.598940
EPOCH 92:
VALIDATION
valid epoch balanced_accuracy: 0.514806
EPOCH 93:
VALIDATION
valid epoch balanced_accuracy: 0.488695
EPOCH 94:
VALIDATION
valid epoch balanced_accuracy: 0.522809
EPOCH 95:
VALIDATION
valid epoch balanced_accuracy: 0.559324
EPOCH 96:
VALIDATION
valid epoch balanced_accuracy: 0.550120
EPOCH 97:
VALIDATION
valid epoch balanced_accuracy: 0.570128
EPOCH 98:
VALIDATION
valid epoch balanced_accuracy: 0.639356
EPOCH 99:
VALIDATION
valid epoch balanced_accuracy: 0.572029
EPOCH 100:
VALIDATION
valid epoch balanced_accuracy: 0.559724
EPOCH 101:
VALIDATION
valid epoch balanced_accuracy: 0.489296
EPOCH 102:
VALIDATION
valid epoch balanced_accuracy: 0.564426
EPOCH 103:
VALIDATION
valid epoch balanced_accuracy: 0.492197
EPOCH 104:
VALIDATION
valid epoch balanced_accuracy: 0.589336
EPOCH 105:
VALIDATION
valid epoch balanced_accuracy: 0.522009
EPOCH 106:
VALIDATION
valid epoch balanced_accuracy: 0.563425
EPOCH 107:
VALIDATION
valid epoch balanced_accuracy: 0.479092
EPOCH 108:
VALIDATION
valid epoch balanced_accuracy: 0.588535
EPOCH 109:
VALIDATION
valid epoch balanced_accuracy: 0.517107
EPOCH 110:
VALIDATION
valid epoch balanced_accuracy: 0.557723
EPOCH 111:
VALIDATION
valid epoch balanced_accuracy: 0.527111
EPOCH 112:
VALIDATION
valid epoch balanced_accuracy: 0.649260
EPOCH 113:
VALIDATION
valid epoch balanced_accuracy: 0.488095
EPOCH 114:
VALIDATION
valid epoch balanced_accuracy: 0.498699
EPOCH 115:
VALIDATION
valid epoch balanced_accuracy: 0.474390
EPOCH 116:
VALIDATION
valid epoch balanced_accuracy: 0.534814
EPOCH 117:
VALIDATION
valid epoch balanced_accuracy: 0.470488
EPOCH 118:
VALIDATION
valid epoch balanced_accuracy: 0.559724
EPOCH 119:
VALIDATION
valid epoch balanced_accuracy: 0.537715
EPOCH 120:
VALIDATION
valid epoch balanced_accuracy: 0.453982
EPOCH 121:
VALIDATION
valid epoch balanced_accuracy: 0.569728
EPOCH 122:
VALIDATION
valid epoch balanced_accuracy: 0.469088
EPOCH 123:
VALIDATION
valid epoch balanced_accuracy: 0.504002
EPOCH 124:
VALIDATION
valid epoch balanced_accuracy: 0.469288
EPOCH 125:
VALIDATION
valid epoch balanced_accuracy: 0.499300
EPOCH 126:
VALIDATION
valid epoch balanced_accuracy: 0.514006
EPOCH 127:
VALIDATION
valid epoch balanced_accuracy: 0.563025
EPOCH 128:
VALIDATION
valid epoch balanced_accuracy: 0.543617
EPOCH 129:
VALIDATION
valid epoch balanced_accuracy: 0.568527
EPOCH 130:
VALIDATION
valid epoch balanced_accuracy: 0.558723
EPOCH 131:
VALIDATION
valid epoch balanced_accuracy: 0.543417
EPOCH 132:
VALIDATION
valid epoch balanced_accuracy: 0.533814
EPOCH 133:
VALIDATION
valid epoch balanced_accuracy: 0.488495
EPOCH 134:
VALIDATION
valid epoch balanced_accuracy: 0.478892
EPOCH 135:
VALIDATION
valid epoch balanced_accuracy: 0.529112
EPOCH 136:
VALIDATION
valid epoch balanced_accuracy: 0.494598
EPOCH 137:
VALIDATION
valid epoch balanced_accuracy: 0.534014
EPOCH 138:
VALIDATION
valid epoch balanced_accuracy: 0.499500
EPOCH 139:
VALIDATION
valid epoch balanced_accuracy: 0.505202
EPOCH 140:
VALIDATION
valid epoch balanced_accuracy: 0.572029
EPOCH 141:
VALIDATION
valid epoch balanced_accuracy: 0.485794
EPOCH 142:
VALIDATION
valid epoch balanced_accuracy: 0.554022
EPOCH 143:
VALIDATION
valid epoch balanced_accuracy: 0.483994
EPOCH 144:
VALIDATION
valid epoch balanced_accuracy: 0.493798
EPOCH 145:
VALIDATION
valid epoch balanced_accuracy: 0.479892
EPOCH 146:
VALIDATION
valid epoch balanced_accuracy: 0.483794
EPOCH 147:
VALIDATION
valid epoch balanced_accuracy: 0.578131
EPOCH 148:
VALIDATION
valid epoch balanced_accuracy: 0.527711
EPOCH 149:
VALIDATION
valid epoch balanced_accuracy: 0.549720
EPOCH 150:
VALIDATION
valid epoch balanced_accuracy: 0.495398
accuracy: 0.585000
sensitivity: 0.479592
precision: 0.594937
specificity: 0.686275
IoU: 0.361538
FAR: 0.313725
F1: 0.531073
balanced_accuracy: 0.582933
loss: 1.767979
