
number of parameters : 428678
train : (1243, 12)
valid : (44, 12)
test : (44, 12)
class weights : [1.1466789245605469, 0.8865906000137329]
data extracted
EPOCH 1:
VALIDATION
valid epoch balanced_accuracy: 0.530526
EPOCH 2:
VALIDATION
valid epoch balanced_accuracy: 0.605263
EPOCH 3:
VALIDATION
valid epoch balanced_accuracy: 0.664211
EPOCH 4:
VALIDATION
valid epoch balanced_accuracy: 0.526316
EPOCH 5:
VALIDATION
valid epoch balanced_accuracy: 0.610526
EPOCH 6:
VALIDATION
valid epoch balanced_accuracy: 0.631579
EPOCH 7:
VALIDATION
valid epoch balanced_accuracy: 0.578947
EPOCH 8:
VALIDATION
valid epoch balanced_accuracy: 0.657895
EPOCH 9:
VALIDATION
valid epoch balanced_accuracy: 0.729474
EPOCH 10:
VALIDATION
valid epoch balanced_accuracy: 0.644211
EPOCH 11:
VALIDATION
valid epoch balanced_accuracy: 0.545263
EPOCH 12:
VALIDATION
valid epoch balanced_accuracy: 0.551579
EPOCH 13:
VALIDATION
valid epoch balanced_accuracy: 0.636842
EPOCH 14:
VALIDATION
valid epoch balanced_accuracy: 0.551579
EPOCH 15:
VALIDATION
valid epoch balanced_accuracy: 0.616842
EPOCH 16:
VALIDATION
valid epoch balanced_accuracy: 0.595789
EPOCH 17:
VALIDATION
valid epoch balanced_accuracy: 0.616842
EPOCH 18:
VALIDATION
valid epoch balanced_accuracy: 0.663158
EPOCH 19:
VALIDATION
valid epoch balanced_accuracy: 0.689474
EPOCH 20:
VALIDATION
valid epoch balanced_accuracy: 0.623158
EPOCH 21:
VALIDATION
valid epoch balanced_accuracy: 0.655789
EPOCH 22:
VALIDATION
valid epoch balanced_accuracy: 0.643158
EPOCH 23:
VALIDATION
valid epoch balanced_accuracy: 0.623158
EPOCH 24:
VALIDATION
valid epoch balanced_accuracy: 0.597895
EPOCH 25:
VALIDATION
valid epoch balanced_accuracy: 0.531579
EPOCH 26:
VALIDATION
valid epoch balanced_accuracy: 0.643158
EPOCH 27:
VALIDATION
valid epoch balanced_accuracy: 0.616842
EPOCH 28:
VALIDATION
valid epoch balanced_accuracy: 0.584211
EPOCH 29:
VALIDATION
valid epoch balanced_accuracy: 0.631579
EPOCH 30:
VALIDATION
valid epoch balanced_accuracy: 0.616842
EPOCH 31:
VALIDATION
valid epoch balanced_accuracy: 0.715789
EPOCH 32:
VALIDATION
valid epoch balanced_accuracy: 0.669474
EPOCH 33:
VALIDATION
valid epoch balanced_accuracy: 0.636842
EPOCH 34:
VALIDATION
valid epoch balanced_accuracy: 0.663158
EPOCH 35:
VALIDATION
valid epoch balanced_accuracy: 0.557895
EPOCH 36:
VALIDATION
valid epoch balanced_accuracy: 0.584211
EPOCH 37:
VALIDATION
valid epoch balanced_accuracy: 0.557895
EPOCH 38:
VALIDATION
valid epoch balanced_accuracy: 0.571579
EPOCH 39:
VALIDATION
valid epoch balanced_accuracy: 0.643158
EPOCH 40:
VALIDATION
valid epoch balanced_accuracy: 0.643158
EPOCH 41:
VALIDATION
valid epoch balanced_accuracy: 0.610526
EPOCH 42:
VALIDATION
valid epoch balanced_accuracy: 0.584211
EPOCH 43:
VALIDATION
valid epoch balanced_accuracy: 0.643158
EPOCH 44:
VALIDATION
valid epoch balanced_accuracy: 0.623158
EPOCH 45:
VALIDATION
valid epoch balanced_accuracy: 0.584211
EPOCH 46:
VALIDATION
valid epoch balanced_accuracy: 0.663158
EPOCH 47:
VALIDATION
valid epoch balanced_accuracy: 0.610526
EPOCH 48:
VALIDATION
valid epoch balanced_accuracy: 0.604211
EPOCH 49:
VALIDATION
valid epoch balanced_accuracy: 0.571579
EPOCH 50:
VALIDATION
valid epoch balanced_accuracy: 0.545263
EPOCH 51:
VALIDATION
valid epoch balanced_accuracy: 0.525263
EPOCH 52:
VALIDATION
valid epoch balanced_accuracy: 0.604211
EPOCH 53:
VALIDATION
valid epoch balanced_accuracy: 0.584211
EPOCH 54:
VALIDATION
valid epoch balanced_accuracy: 0.604211
EPOCH 55:
VALIDATION
valid epoch balanced_accuracy: 0.511579
EPOCH 56:
VALIDATION
valid epoch balanced_accuracy: 0.571579
EPOCH 57:
VALIDATION
valid epoch balanced_accuracy: 0.525263
EPOCH 58:
VALIDATION
valid epoch balanced_accuracy: 0.545263
EPOCH 59:
VALIDATION
valid epoch balanced_accuracy: 0.663158
EPOCH 60:
VALIDATION
valid epoch balanced_accuracy: 0.571579
EPOCH 61:
VALIDATION
valid epoch balanced_accuracy: 0.656842
EPOCH 62:
VALIDATION
valid epoch balanced_accuracy: 0.604211
EPOCH 63:
VALIDATION
valid epoch balanced_accuracy: 0.571579
EPOCH 64:
VALIDATION
valid epoch balanced_accuracy: 0.545263
EPOCH 65:
VALIDATION
valid epoch balanced_accuracy: 0.564211
EPOCH 66:
VALIDATION
valid epoch balanced_accuracy: 0.584211
EPOCH 67:
VALIDATION
valid epoch balanced_accuracy: 0.505263
EPOCH 68:
VALIDATION
valid epoch balanced_accuracy: 0.525263
EPOCH 69:
VALIDATION
valid epoch balanced_accuracy: 0.754737
EPOCH 70:
VALIDATION
valid epoch balanced_accuracy: 0.557895
EPOCH 71:
VALIDATION
valid epoch balanced_accuracy: 0.531579
EPOCH 72:
VALIDATION
valid epoch balanced_accuracy: 0.728421
EPOCH 73:
VALIDATION
valid epoch balanced_accuracy: 0.505263
EPOCH 74:
VALIDATION
valid epoch balanced_accuracy: 0.551579
EPOCH 75:
VALIDATION
valid epoch balanced_accuracy: 0.610526
EPOCH 76:
VALIDATION
valid epoch balanced_accuracy: 0.610526
EPOCH 77:
VALIDATION
valid epoch balanced_accuracy: 0.610526
EPOCH 78:
VALIDATION
valid epoch balanced_accuracy: 0.571579
EPOCH 79:
VALIDATION
valid epoch balanced_accuracy: 0.584211
EPOCH 80:
VALIDATION
valid epoch balanced_accuracy: 0.577895
EPOCH 81:
VALIDATION
valid epoch balanced_accuracy: 0.577895
EPOCH 82:
VALIDATION
valid epoch balanced_accuracy: 0.604211
EPOCH 83:
VALIDATION
valid epoch balanced_accuracy: 0.604211
EPOCH 84:
VALIDATION
valid epoch balanced_accuracy: 0.675789
EPOCH 85:
VALIDATION
valid epoch balanced_accuracy: 0.610526
EPOCH 86:
VALIDATION
valid epoch balanced_accuracy: 0.610526
EPOCH 87:
VALIDATION
valid epoch balanced_accuracy: 0.577895
EPOCH 88:
VALIDATION
valid epoch balanced_accuracy: 0.604211
EPOCH 89:
VALIDATION
valid epoch balanced_accuracy: 0.604211
EPOCH 90:
VALIDATION
valid epoch balanced_accuracy: 0.557895
EPOCH 91:
VALIDATION
valid epoch balanced_accuracy: 0.584211
EPOCH 92:
VALIDATION
valid epoch balanced_accuracy: 0.557895
EPOCH 93:
VALIDATION
valid epoch balanced_accuracy: 0.577895
EPOCH 94:
VALIDATION
valid epoch balanced_accuracy: 0.577895
EPOCH 95:
VALIDATION
valid epoch balanced_accuracy: 0.551579
EPOCH 96:
VALIDATION
valid epoch balanced_accuracy: 0.624211
EPOCH 97:
VALIDATION
valid epoch balanced_accuracy: 0.531579
EPOCH 98:
VALIDATION
valid epoch balanced_accuracy: 0.577895
EPOCH 99:
VALIDATION
valid epoch balanced_accuracy: 0.551579
EPOCH 100:
VALIDATION
valid epoch balanced_accuracy: 0.616842
EPOCH 101:
VALIDATION
valid epoch balanced_accuracy: 0.650526
EPOCH 102:
VALIDATION
valid epoch balanced_accuracy: 0.577895
EPOCH 103:
VALIDATION
valid epoch balanced_accuracy: 0.557895
EPOCH 104:
VALIDATION
valid epoch balanced_accuracy: 0.610526
EPOCH 105:
VALIDATION
valid epoch balanced_accuracy: 0.584211
EPOCH 106:
VALIDATION
valid epoch balanced_accuracy: 0.557895
EPOCH 107:
VALIDATION
valid epoch balanced_accuracy: 0.584211
EPOCH 108:
VALIDATION
valid epoch balanced_accuracy: 0.557895
EPOCH 109:
VALIDATION
valid epoch balanced_accuracy: 0.604211
EPOCH 110:
VALIDATION
valid epoch balanced_accuracy: 0.590526
EPOCH 111:
VALIDATION
valid epoch balanced_accuracy: 0.584211
EPOCH 112:
VALIDATION
valid epoch balanced_accuracy: 0.551579
EPOCH 113:
VALIDATION
valid epoch balanced_accuracy: 0.604211
EPOCH 114:
VALIDATION
valid epoch balanced_accuracy: 0.531579
EPOCH 115:
VALIDATION
valid epoch balanced_accuracy: 0.505263
EPOCH 116:
VALIDATION
valid epoch balanced_accuracy: 0.557895
EPOCH 117:
VALIDATION
valid epoch balanced_accuracy: 0.525263
EPOCH 118:
VALIDATION
valid epoch balanced_accuracy: 0.525263
EPOCH 119:
VALIDATION
valid epoch balanced_accuracy: 0.531579
EPOCH 120:
VALIDATION
valid epoch balanced_accuracy: 0.584211
EPOCH 121:
VALIDATION
valid epoch balanced_accuracy: 0.531579
EPOCH 122:
VALIDATION
valid epoch balanced_accuracy: 0.551579
EPOCH 123:
VALIDATION
valid epoch balanced_accuracy: 0.557895
EPOCH 124:
VALIDATION
valid epoch balanced_accuracy: 0.584211
EPOCH 125:
VALIDATION
valid epoch balanced_accuracy: 0.557895
EPOCH 126:
VALIDATION
valid epoch balanced_accuracy: 0.610526
EPOCH 127:
VALIDATION
valid epoch balanced_accuracy: 0.557895
EPOCH 128:
VALIDATION
valid epoch balanced_accuracy: 0.557895
EPOCH 129:
VALIDATION
valid epoch balanced_accuracy: 0.545263
EPOCH 130:
VALIDATION
valid epoch balanced_accuracy: 0.571579
EPOCH 131:
VALIDATION
valid epoch balanced_accuracy: 0.610526
EPOCH 132:
VALIDATION
valid epoch balanced_accuracy: 0.571579
EPOCH 133:
VALIDATION
valid epoch balanced_accuracy: 0.531579
EPOCH 134:
VALIDATION
valid epoch balanced_accuracy: 0.597895
EPOCH 135:
VALIDATION
valid epoch balanced_accuracy: 0.584211
EPOCH 136:
VALIDATION
valid epoch balanced_accuracy: 0.505263
EPOCH 137:
VALIDATION
valid epoch balanced_accuracy: 0.584211
EPOCH 138:
VALIDATION
valid epoch balanced_accuracy: 0.557895
EPOCH 139:
VALIDATION
valid epoch balanced_accuracy: 0.584211
EPOCH 140:
VALIDATION
valid epoch balanced_accuracy: 0.584211
EPOCH 141:
VALIDATION
valid epoch balanced_accuracy: 0.584211
EPOCH 142:
VALIDATION
valid epoch balanced_accuracy: 0.577895
EPOCH 143:
VALIDATION
valid epoch balanced_accuracy: 0.584211
EPOCH 144:
VALIDATION
valid epoch balanced_accuracy: 0.531579
EPOCH 145:
VALIDATION
valid epoch balanced_accuracy: 0.564211
EPOCH 146:
VALIDATION
valid epoch balanced_accuracy: 0.564211
EPOCH 147:
VALIDATION
valid epoch balanced_accuracy: 0.557895
EPOCH 148:
VALIDATION
valid epoch balanced_accuracy: 0.557895
EPOCH 149:
VALIDATION
valid epoch balanced_accuracy: 0.564211
EPOCH 150:
VALIDATION
valid epoch balanced_accuracy: 0.590526
accuracy: 0.727273
sensitivity: 0.733333
precision: 0.846154
specificity: 0.714286
IoU: 0.647059
FAR: 0.285714
F1: 0.785714
balanced_accuracy: 0.723810
loss: 0.850635
