Waiting for exclusive access to GPU GPU-d5bb7f78-734e-955a-e73d-007c399f84e6.
=== GROUP: scp2 | VARIANT: lr7e5 | SEED: 1 | LR: 0.00007 | GPU: Tesla V100-SXM2-32GB ===

number of parameters : 1075406
train : (1250, 12)
valid : (42, 12)
test : (42, 12)
class weights : [1.163873314857483, 0.8765778541564941]
data extracted
EPOCH 1:
VALIDATION
valid epoch balanced_accuracy: 0.543269
EPOCH 2:
VALIDATION
valid epoch balanced_accuracy: 0.598558
EPOCH 3:
VALIDATION
valid epoch balanced_accuracy: 0.500000
EPOCH 4:
VALIDATION
valid epoch balanced_accuracy: 0.550481
EPOCH 5:
VALIDATION
valid epoch balanced_accuracy: 0.596154
EPOCH 6:
VALIDATION
valid epoch balanced_accuracy: 0.576923
EPOCH 7:
VALIDATION
valid epoch balanced_accuracy: 0.598558
EPOCH 8:
VALIDATION
valid epoch balanced_accuracy: 0.600962
EPOCH 9:
VALIDATION
valid epoch balanced_accuracy: 0.569712
EPOCH 10:
VALIDATION
valid epoch balanced_accuracy: 0.615385
EPOCH 11:
VALIDATION
valid epoch balanced_accuracy: 0.610577
EPOCH 12:
VALIDATION
valid epoch balanced_accuracy: 0.564904
EPOCH 13:
VALIDATION
valid epoch balanced_accuracy: 0.540865
EPOCH 14:
VALIDATION
valid epoch balanced_accuracy: 0.524038
EPOCH 15:
VALIDATION
valid epoch balanced_accuracy: 0.466346
EPOCH 16:
VALIDATION
valid epoch balanced_accuracy: 0.478365
EPOCH 17:
VALIDATION
valid epoch balanced_accuracy: 0.485577
EPOCH 18:
VALIDATION
valid epoch balanced_accuracy: 0.473558
EPOCH 19:
VALIDATION
valid epoch balanced_accuracy: 0.473558
EPOCH 20:
VALIDATION
valid epoch balanced_accuracy: 0.497596
EPOCH 21:
VALIDATION
valid epoch balanced_accuracy: 0.504808
EPOCH 22:
VALIDATION
valid epoch balanced_accuracy: 0.461538
EPOCH 23:
VALIDATION
valid epoch balanced_accuracy: 0.485577
EPOCH 24:
VALIDATION
valid epoch balanced_accuracy: 0.536058
EPOCH 25:
VALIDATION
valid epoch balanced_accuracy: 0.461538
EPOCH 26:
VALIDATION
valid epoch balanced_accuracy: 0.473558
EPOCH 27:
VALIDATION
valid epoch balanced_accuracy: 0.454327
EPOCH 28:
VALIDATION
valid epoch balanced_accuracy: 0.461538
EPOCH 29:
VALIDATION
valid epoch balanced_accuracy: 0.473558
EPOCH 30:
VALIDATION
valid epoch balanced_accuracy: 0.485577
EPOCH 31:
VALIDATION
valid epoch balanced_accuracy: 0.497596
EPOCH 32:
VALIDATION
valid epoch balanced_accuracy: 0.435096
EPOCH 33:
VALIDATION
valid epoch balanced_accuracy: 0.504808
EPOCH 34:
VALIDATION
valid epoch balanced_accuracy: 0.473558
EPOCH 35:
VALIDATION
valid epoch balanced_accuracy: 0.492788
EPOCH 36:
VALIDATION
valid epoch balanced_accuracy: 0.492788
EPOCH 37:
VALIDATION
valid epoch balanced_accuracy: 0.504808
EPOCH 38:
VALIDATION
valid epoch balanced_accuracy: 0.516827
EPOCH 39:
VALIDATION
valid epoch balanced_accuracy: 0.473558
EPOCH 40:
VALIDATION
valid epoch balanced_accuracy: 0.567308
EPOCH 41:
VALIDATION
valid epoch balanced_accuracy: 0.497596
EPOCH 42:
VALIDATION
valid epoch balanced_accuracy: 0.516827
EPOCH 43:
VALIDATION
valid epoch balanced_accuracy: 0.473558
EPOCH 44:
VALIDATION
valid epoch balanced_accuracy: 0.567308
EPOCH 45:
VALIDATION
valid epoch balanced_accuracy: 0.442308
EPOCH 46:
VALIDATION
valid epoch balanced_accuracy: 0.492788
EPOCH 47:
VALIDATION
valid epoch balanced_accuracy: 0.567308
EPOCH 48:
VALIDATION
valid epoch balanced_accuracy: 0.473558
EPOCH 49:
VALIDATION
valid epoch balanced_accuracy: 0.504808
EPOCH 50:
VALIDATION
valid epoch balanced_accuracy: 0.504808
EPOCH 51:
VALIDATION
valid epoch balanced_accuracy: 0.485577
EPOCH 52:
VALIDATION
valid epoch balanced_accuracy: 0.480769
EPOCH 53:
VALIDATION
valid epoch balanced_accuracy: 0.560096
EPOCH 54:
VALIDATION
valid epoch balanced_accuracy: 0.598558
EPOCH 55:
VALIDATION
valid epoch balanced_accuracy: 0.591346
EPOCH 56:
VALIDATION
valid epoch balanced_accuracy: 0.516827
EPOCH 57:
VALIDATION
valid epoch balanced_accuracy: 0.504808
EPOCH 58:
VALIDATION
valid epoch balanced_accuracy: 0.584135
EPOCH 59:
VALIDATION
valid epoch balanced_accuracy: 0.528846
EPOCH 60:
VALIDATION
valid epoch balanced_accuracy: 0.454327
EPOCH 61:
VALIDATION
valid epoch balanced_accuracy: 0.524038
EPOCH 62:
VALIDATION
valid epoch balanced_accuracy: 0.536058
EPOCH 63:
VALIDATION
valid epoch balanced_accuracy: 0.536058
EPOCH 64:
VALIDATION
valid epoch balanced_accuracy: 0.454327
EPOCH 65:
VALIDATION
valid epoch balanced_accuracy: 0.665865
EPOCH 66:
VALIDATION
valid epoch balanced_accuracy: 0.454327
EPOCH 67:
VALIDATION
valid epoch balanced_accuracy: 0.603365
EPOCH 68:
VALIDATION
valid epoch balanced_accuracy: 0.641827
EPOCH 69:
VALIDATION
valid epoch balanced_accuracy: 0.598558
EPOCH 70:
VALIDATION
valid epoch balanced_accuracy: 0.504808
EPOCH 71:
VALIDATION
valid epoch balanced_accuracy: 0.516827
EARLY STOPPING: rolling validation balanced accuracy did not improve for 60 epochs and validation loss increased over the same window.
accuracy: 0.500000
sensitivity: 0.407407
precision: 0.687500
specificity: 0.666667
IoU: 0.343750
FAR: 0.333333
F1: 0.511628
balanced_accuracy: 0.537037
loss: 0.854151
