Waiting for exclusive access to GPU GPU-07051c84-6055-5aa1-c139-5359cf18a1cd.
=== GROUP: START | VARIANT: nps3mlp_dpt015_gm_residuals | SEED: 3 | GPU: NVIDIA A100-PCIE-40GB ===

number of parameters : 1411153
train : (1083, 12)
valid : (124, 12)
test : (124, 12)
class weights : [1.0275142192840576, 0.9739208817481995]
data extracted
EPOCH 1:
VALIDATION
valid epoch balanced_accuracy: 0.500000
EPOCH 2:
VALIDATION
valid epoch balanced_accuracy: 0.500000
EPOCH 3:
VALIDATION
valid epoch balanced_accuracy: 0.504848
EPOCH 4:
VALIDATION
valid epoch balanced_accuracy: 0.451313
EPOCH 5:
VALIDATION
valid epoch balanced_accuracy: 0.572727
EPOCH 6:
VALIDATION
valid epoch balanced_accuracy: 0.476566
EPOCH 7:
VALIDATION
valid epoch balanced_accuracy: 0.436162
EPOCH 8:
VALIDATION
valid epoch balanced_accuracy: 0.476364
EPOCH 9:
VALIDATION
valid epoch balanced_accuracy: 0.520808
EPOCH 10:
VALIDATION
valid epoch balanced_accuracy: 0.496162
EPOCH 11:
VALIDATION
valid epoch balanced_accuracy: 0.511717
EPOCH 12:
VALIDATION
valid epoch balanced_accuracy: 0.511515
EPOCH 13:
VALIDATION
valid epoch balanced_accuracy: 0.546869
EPOCH 14:
VALIDATION
valid epoch balanced_accuracy: 0.526667
EPOCH 15:
VALIDATION
valid epoch balanced_accuracy: 0.475960
EPOCH 16:
VALIDATION
valid epoch balanced_accuracy: 0.526667
EPOCH 17:
VALIDATION
valid epoch balanced_accuracy: 0.592525
EPOCH 18:
VALIDATION
valid epoch balanced_accuracy: 0.641818
EPOCH 19:
VALIDATION
valid epoch balanced_accuracy: 0.536364
EPOCH 20:
VALIDATION
valid epoch balanced_accuracy: 0.592323
EPOCH 21:
VALIDATION
valid epoch balanced_accuracy: 0.587475
EPOCH 22:
VALIDATION
valid epoch balanced_accuracy: 0.621414
EPOCH 23:
VALIDATION
valid epoch balanced_accuracy: 0.612525
EPOCH 24:
VALIDATION
valid epoch balanced_accuracy: 0.510707
EPOCH 25:
VALIDATION
valid epoch balanced_accuracy: 0.627677
EPOCH 26:
VALIDATION
valid epoch balanced_accuracy: 0.637374
EPOCH 27:
VALIDATION
valid epoch balanced_accuracy: 0.546667
EPOCH 28:
VALIDATION
valid epoch balanced_accuracy: 0.612121
EPOCH 29:
VALIDATION
valid epoch balanced_accuracy: 0.576768
EPOCH 30:
VALIDATION
valid epoch balanced_accuracy: 0.631717
EPOCH 31:
VALIDATION
valid epoch balanced_accuracy: 0.546667
EPOCH 32:
VALIDATION
valid epoch balanced_accuracy: 0.541414
EPOCH 33:
VALIDATION
valid epoch balanced_accuracy: 0.571717
EPOCH 34:
VALIDATION
valid epoch balanced_accuracy: 0.546263
EPOCH 35:
VALIDATION
valid epoch balanced_accuracy: 0.551515
EPOCH 36:
VALIDATION
valid epoch balanced_accuracy: 0.607677
EPOCH 37:
VALIDATION
valid epoch balanced_accuracy: 0.501212
EPOCH 38:
VALIDATION
valid epoch balanced_accuracy: 0.480808
EPOCH 39:
VALIDATION
valid epoch balanced_accuracy: 0.521414
EPOCH 40:
VALIDATION
valid epoch balanced_accuracy: 0.521414
EPOCH 41:
VALIDATION
valid epoch balanced_accuracy: 0.567071
EPOCH 42:
VALIDATION
valid epoch balanced_accuracy: 0.571515
EPOCH 43:
VALIDATION
valid epoch balanced_accuracy: 0.547273
EPOCH 44:
VALIDATION
valid epoch balanced_accuracy: 0.546869
EPOCH 45:
VALIDATION
valid epoch balanced_accuracy: 0.491717
EPOCH 46:
VALIDATION
valid epoch balanced_accuracy: 0.506667
EPOCH 47:
VALIDATION
valid epoch balanced_accuracy: 0.577576
EPOCH 48:
VALIDATION
valid epoch balanced_accuracy: 0.541616
EPOCH 49:
VALIDATION
valid epoch balanced_accuracy: 0.485657
EPOCH 50:
VALIDATION
valid epoch balanced_accuracy: 0.500808
EPOCH 51:
VALIDATION
valid epoch balanced_accuracy: 0.551919
EPOCH 52:
VALIDATION
valid epoch balanced_accuracy: 0.576970
EPOCH 53:
VALIDATION
valid epoch balanced_accuracy: 0.481414
EPOCH 54:
VALIDATION
valid epoch balanced_accuracy: 0.516768
EPOCH 55:
VALIDATION
valid epoch balanced_accuracy: 0.466263
EPOCH 56:
VALIDATION
valid epoch balanced_accuracy: 0.490707
EPOCH 57:
VALIDATION
valid epoch balanced_accuracy: 0.521212
EPOCH 58:
VALIDATION
valid epoch balanced_accuracy: 0.561616
EPOCH 59:
VALIDATION
valid epoch balanced_accuracy: 0.491111
EPOCH 60:
VALIDATION
valid epoch balanced_accuracy: 0.511919
EPOCH 61:
VALIDATION
valid epoch balanced_accuracy: 0.612525
EPOCH 62:
VALIDATION
valid epoch balanced_accuracy: 0.546465
EPOCH 63:
VALIDATION
valid epoch balanced_accuracy: 0.607071
EPOCH 64:
VALIDATION
valid epoch balanced_accuracy: 0.526465
EPOCH 65:
VALIDATION
valid epoch balanced_accuracy: 0.521616
EPOCH 66:
VALIDATION
valid epoch balanced_accuracy: 0.526667
EPOCH 67:
VALIDATION
valid epoch balanced_accuracy: 0.547273
EPOCH 68:
VALIDATION
valid epoch balanced_accuracy: 0.531717
EPOCH 69:
VALIDATION
valid epoch balanced_accuracy: 0.581616
EPOCH 70:
VALIDATION
valid epoch balanced_accuracy: 0.526667
EPOCH 71:
VALIDATION
valid epoch balanced_accuracy: 0.521414
EPOCH 72:
VALIDATION
valid epoch balanced_accuracy: 0.435960
EPOCH 73:
VALIDATION
valid epoch balanced_accuracy: 0.496566
EPOCH 74:
VALIDATION
valid epoch balanced_accuracy: 0.526667
EPOCH 75:
VALIDATION
valid epoch balanced_accuracy: 0.556768
EPOCH 76:
VALIDATION
valid epoch balanced_accuracy: 0.506667
EPOCH 77:
VALIDATION
valid epoch balanced_accuracy: 0.501414
EPOCH 78:
VALIDATION
valid epoch balanced_accuracy: 0.501212
EPOCH 79:
VALIDATION
valid epoch balanced_accuracy: 0.490909
EPOCH 80:
VALIDATION
valid epoch balanced_accuracy: 0.521414
EPOCH 81:
VALIDATION
valid epoch balanced_accuracy: 0.562424
EPOCH 82:
VALIDATION
valid epoch balanced_accuracy: 0.556364
EPOCH 83:
VALIDATION
valid epoch balanced_accuracy: 0.511717
EPOCH 84:
VALIDATION
valid epoch balanced_accuracy: 0.551919
EPOCH 85:
VALIDATION
valid epoch balanced_accuracy: 0.541616
EPOCH 86:
VALIDATION
valid epoch balanced_accuracy: 0.511515
EPOCH 87:
VALIDATION
valid epoch balanced_accuracy: 0.506667
EPOCH 88:
VALIDATION
valid epoch balanced_accuracy: 0.536364
EPOCH 89:
VALIDATION
valid epoch balanced_accuracy: 0.521818
EPOCH 90:
VALIDATION
valid epoch balanced_accuracy: 0.531919
EPOCH 91:
VALIDATION
valid epoch balanced_accuracy: 0.516566
EPOCH 92:
VALIDATION
valid epoch balanced_accuracy: 0.602222
EPOCH 93:
VALIDATION
valid epoch balanced_accuracy: 0.501212
EPOCH 94:
VALIDATION
valid epoch balanced_accuracy: 0.552323
EPOCH 95:
VALIDATION
valid epoch balanced_accuracy: 0.425253
EPOCH 96:
VALIDATION
valid epoch balanced_accuracy: 0.435960
EPOCH 97:
VALIDATION
valid epoch balanced_accuracy: 0.465657
EPOCH 98:
VALIDATION
valid epoch balanced_accuracy: 0.501616
EPOCH 99:
VALIDATION
valid epoch balanced_accuracy: 0.516364
EPOCH 100:
VALIDATION
valid epoch balanced_accuracy: 0.456162
EPOCH 101:
VALIDATION
valid epoch balanced_accuracy: 0.506465
EPOCH 102:
VALIDATION
valid epoch balanced_accuracy: 0.466263
EPOCH 103:
VALIDATION
valid epoch balanced_accuracy: 0.471313
EPOCH 104:
VALIDATION
valid epoch balanced_accuracy: 0.450707
EPOCH 105:
VALIDATION
valid epoch balanced_accuracy: 0.486061
EPOCH 106:
VALIDATION
valid epoch balanced_accuracy: 0.496768
EPOCH 107:
VALIDATION
valid epoch balanced_accuracy: 0.537172
EPOCH 108:
VALIDATION
valid epoch balanced_accuracy: 0.516768
EPOCH 109:
VALIDATION
valid epoch balanced_accuracy: 0.531717
EPOCH 110:
VALIDATION
valid epoch balanced_accuracy: 0.511717
EPOCH 111:
VALIDATION
valid epoch balanced_accuracy: 0.582020
EPOCH 112:
VALIDATION
valid epoch balanced_accuracy: 0.597374
EPOCH 113:
VALIDATION
valid epoch balanced_accuracy: 0.607071
EPOCH 114:
VALIDATION
valid epoch balanced_accuracy: 0.582222
EPOCH 115:
VALIDATION
valid epoch balanced_accuracy: 0.506263
EPOCH 116:
VALIDATION
valid epoch balanced_accuracy: 0.541818
EPOCH 117:
VALIDATION
valid epoch balanced_accuracy: 0.501212
EPOCH 118:
VALIDATION
valid epoch balanced_accuracy: 0.511515
EPOCH 119:
VALIDATION
valid epoch balanced_accuracy: 0.496364
EPOCH 120:
VALIDATION
valid epoch balanced_accuracy: 0.541212
EPOCH 121:
VALIDATION
valid epoch balanced_accuracy: 0.531919
EPOCH 122:
VALIDATION
valid epoch balanced_accuracy: 0.566869
EPOCH 123:
VALIDATION
valid epoch balanced_accuracy: 0.596364
EPOCH 124:
VALIDATION
valid epoch balanced_accuracy: 0.617576
EPOCH 125:
VALIDATION
valid epoch balanced_accuracy: 0.571919
EPOCH 126:
VALIDATION
valid epoch balanced_accuracy: 0.496364
EPOCH 127:
VALIDATION
valid epoch balanced_accuracy: 0.582424
EPOCH 128:
VALIDATION
valid epoch balanced_accuracy: 0.501414
EPOCH 129:
VALIDATION
valid epoch balanced_accuracy: 0.506465
EPOCH 130:
VALIDATION
valid epoch balanced_accuracy: 0.511313
EPOCH 131:
VALIDATION
valid epoch balanced_accuracy: 0.476364
EPOCH 132:
VALIDATION
valid epoch balanced_accuracy: 0.471313
EPOCH 133:
VALIDATION
valid epoch balanced_accuracy: 0.526667
EPOCH 134:
VALIDATION
valid epoch balanced_accuracy: 0.481414
EPOCH 135:
VALIDATION
valid epoch balanced_accuracy: 0.496364
EPOCH 136:
VALIDATION
valid epoch balanced_accuracy: 0.516768
EPOCH 137:
VALIDATION
valid epoch balanced_accuracy: 0.516162
EPOCH 138:
VALIDATION
valid epoch balanced_accuracy: 0.476364
EPOCH 139:
VALIDATION
valid epoch balanced_accuracy: 0.531313
EPOCH 140:
VALIDATION
valid epoch balanced_accuracy: 0.501212
EPOCH 141:
VALIDATION
valid epoch balanced_accuracy: 0.546869
EPOCH 142:
VALIDATION
valid epoch balanced_accuracy: 0.546869
EPOCH 143:
VALIDATION
valid epoch balanced_accuracy: 0.546667
EPOCH 144:
VALIDATION
valid epoch balanced_accuracy: 0.475960
EPOCH 145:
VALIDATION
valid epoch balanced_accuracy: 0.521212
EPOCH 146:
VALIDATION
valid epoch balanced_accuracy: 0.531515
EPOCH 147:
VALIDATION
valid epoch balanced_accuracy: 0.496566
EPOCH 148:
VALIDATION
valid epoch balanced_accuracy: 0.521414
EPOCH 149:
VALIDATION
valid epoch balanced_accuracy: 0.506263
EPOCH 150:
VALIDATION
valid epoch balanced_accuracy: 0.460404
accuracy: 0.516129
sensitivity: 0.475248
precision: 0.872727
specificity: 0.695652
IoU: 0.444444
FAR: 0.304348
F1: 0.615385
balanced_accuracy: 0.585450
loss: 1.154643
