Waiting for exclusive access to GPU GPU-686f887c-83d7-400a-ba3f-d0dab41dcc04.
=== GROUP: LBP_BPI_CETP | VARIANT: final_m1 | SEED: 1 | FINAL_M: 1 | GPU: Tesla V100-SXM2-32GB ===

number of parameters : 1038350
train : (1232, 12)
valid : (51, 12)
test : (51, 12)
class weights : [1.160075306892395, 0.8787446618080139]
data extracted
EPOCH 1:
VALIDATION
valid epoch balanced_accuracy: 0.615385
EPOCH 2:
VALIDATION
valid epoch balanced_accuracy: 0.500000
EPOCH 3:
VALIDATION
valid epoch balanced_accuracy: 0.460000
EPOCH 4:
VALIDATION
valid epoch balanced_accuracy: 0.500000
EPOCH 5:
VALIDATION
valid epoch balanced_accuracy: 0.610769
EPOCH 6:
VALIDATION
valid epoch balanced_accuracy: 0.767692
EPOCH 7:
VALIDATION
valid epoch balanced_accuracy: 0.760000
EPOCH 8:
VALIDATION
valid epoch balanced_accuracy: 0.500000
EPOCH 9:
VALIDATION
valid epoch balanced_accuracy: 0.744615
EPOCH 10:
VALIDATION
valid epoch balanced_accuracy: 0.768462
EPOCH 11:
VALIDATION
valid epoch balanced_accuracy: 0.592308
EPOCH 12:
VALIDATION
valid epoch balanced_accuracy: 0.685385
EPOCH 13:
VALIDATION
valid epoch balanced_accuracy: 0.706154
EPOCH 14:
VALIDATION
valid epoch balanced_accuracy: 0.704615
EPOCH 15:
VALIDATION
valid epoch balanced_accuracy: 0.630769
EPOCH 16:
VALIDATION
valid epoch balanced_accuracy: 0.497692
EPOCH 17:
VALIDATION
valid epoch balanced_accuracy: 0.550769
EPOCH 18:
VALIDATION
valid epoch balanced_accuracy: 0.496923
EPOCH 19:
VALIDATION
valid epoch balanced_accuracy: 0.435385
EPOCH 20:
VALIDATION
valid epoch balanced_accuracy: 0.632308
EPOCH 21:
VALIDATION
valid epoch balanced_accuracy: 0.766154
EPOCH 22:
VALIDATION
valid epoch balanced_accuracy: 0.748462
EPOCH 23:
VALIDATION
valid epoch balanced_accuracy: 0.497692
EPOCH 24:
VALIDATION
valid epoch balanced_accuracy: 0.591538
EPOCH 25:
VALIDATION
valid epoch balanced_accuracy: 0.708462
EPOCH 26:
VALIDATION
valid epoch balanced_accuracy: 0.533846
EPOCH 27:
VALIDATION
valid epoch balanced_accuracy: 0.686923
EPOCH 28:
VALIDATION
valid epoch balanced_accuracy: 0.439231
EPOCH 29:
VALIDATION
valid epoch balanced_accuracy: 0.685385
EPOCH 30:
VALIDATION
valid epoch balanced_accuracy: 0.684615
EPOCH 31:
VALIDATION
valid epoch balanced_accuracy: 0.686923
EPOCH 32:
VALIDATION
valid epoch balanced_accuracy: 0.669231
EPOCH 33:
VALIDATION
valid epoch balanced_accuracy: 0.411538
EPOCH 34:
VALIDATION
valid epoch balanced_accuracy: 0.650000
EPOCH 35:
VALIDATION
valid epoch balanced_accuracy: 0.650769
EPOCH 36:
VALIDATION
valid epoch balanced_accuracy: 0.726923
EPOCH 37:
VALIDATION
valid epoch balanced_accuracy: 0.703846
EPOCH 38:
VALIDATION
valid epoch balanced_accuracy: 0.592308
EPOCH 39:
VALIDATION
valid epoch balanced_accuracy: 0.687692
EPOCH 40:
VALIDATION
valid epoch balanced_accuracy: 0.667692
EPOCH 41:
VALIDATION
valid epoch balanced_accuracy: 0.552308
EPOCH 42:
VALIDATION
valid epoch balanced_accuracy: 0.629231
EPOCH 43:
VALIDATION
valid epoch balanced_accuracy: 0.707692
EPOCH 44:
VALIDATION
valid epoch balanced_accuracy: 0.726154
EPOCH 45:
VALIDATION
valid epoch balanced_accuracy: 0.607692
EPOCH 46:
VALIDATION
valid epoch balanced_accuracy: 0.646154
EPOCH 47:
VALIDATION
valid epoch balanced_accuracy: 0.609231
EPOCH 48:
VALIDATION
valid epoch balanced_accuracy: 0.646154
EPOCH 49:
VALIDATION
valid epoch balanced_accuracy: 0.610769
EPOCH 50:
VALIDATION
valid epoch balanced_accuracy: 0.511538
EPOCH 51:
VALIDATION
valid epoch balanced_accuracy: 0.611538
EPOCH 52:
VALIDATION
valid epoch balanced_accuracy: 0.593077
EPOCH 53:
VALIDATION
valid epoch balanced_accuracy: 0.588462
EPOCH 54:
VALIDATION
valid epoch balanced_accuracy: 0.608462
EPOCH 55:
VALIDATION
valid epoch balanced_accuracy: 0.587692
EPOCH 56:
VALIDATION
valid epoch balanced_accuracy: 0.588462
EPOCH 57:
VALIDATION
valid epoch balanced_accuracy: 0.469231
EPOCH 58:
VALIDATION
valid epoch balanced_accuracy: 0.395385
EPOCH 59:
VALIDATION
valid epoch balanced_accuracy: 0.454615
EPOCH 60:
VALIDATION
valid epoch balanced_accuracy: 0.570000
EPOCH 61:
VALIDATION
valid epoch balanced_accuracy: 0.532308
EPOCH 62:
VALIDATION
valid epoch balanced_accuracy: 0.570000
EPOCH 63:
VALIDATION
valid epoch balanced_accuracy: 0.511538
EPOCH 64:
VALIDATION
valid epoch balanced_accuracy: 0.473077
EPOCH 65:
VALIDATION
valid epoch balanced_accuracy: 0.472308
EPOCH 66:
VALIDATION
valid epoch balanced_accuracy: 0.470769
EPOCH 67:
VALIDATION
valid epoch balanced_accuracy: 0.495385
EPOCH 68:
VALIDATION
valid epoch balanced_accuracy: 0.589231
EPOCH 69:
VALIDATION
valid epoch balanced_accuracy: 0.457692
EPOCH 70:
VALIDATION
valid epoch balanced_accuracy: 0.456154
EARLY STOPPING: rolling validation balanced accuracy did not improve for 60 epochs and validation loss increased over the same window.
accuracy: 0.607843
sensitivity: 0.379310
precision: 0.846154
specificity: 0.909091
IoU: 0.354839
FAR: 0.090909
F1: 0.523810
balanced_accuracy: 0.644201
loss: 0.712698
