Waiting for exclusive access to GPU GPU-2d5902cd-23a5-47b3-627e-daf5e3430212.
=== GROUP: scp2 | VARIANT: bbp_nps3mlp_dpt01_gm_pu005_softpluscap3 | SEED: 0 | GPU: NVIDIA H200 ===

number of parameters : 1403984
train : (1426, 12)
valid : (43, 12)
test : (43, 12)
PU rho : 0.525000
class weights : [1.0, 1.0]
balanced batches : 90 per epoch covering all 1426 train rows, target 8 positive + 8 unlabeled
data extracted
EPOCH 1:
PU nnPU correction: 0/90 batches, negative_risk[min=0.329175, mean=0.350144, max=0.379116]
VALIDATION
valid epoch balanced_accuracy: 0.442391
EPOCH 2:
PU nnPU correction: 0/90 batches, negative_risk[min=0.250928, mean=0.340428, max=0.479280]
VALIDATION
valid epoch balanced_accuracy: 0.585870
EPOCH 3:
PU nnPU correction: 0/90 batches, negative_risk[min=0.218567, mean=0.329317, max=0.539921]
VALIDATION
valid epoch balanced_accuracy: 0.551087
EPOCH 4:
PU nnPU correction: 0/90 batches, negative_risk[min=0.077982, mean=0.294645, max=0.526302]
VALIDATION
valid epoch balanced_accuracy: 0.604348
EPOCH 5:
PU nnPU correction: 0/90 batches, negative_risk[min=0.064918, mean=0.277501, max=0.512093]
VALIDATION
valid epoch balanced_accuracy: 0.601087
EPOCH 6:
PU nnPU correction: 0/90 batches, negative_risk[min=0.044828, mean=0.249264, max=0.620413]
VALIDATION
valid epoch balanced_accuracy: 0.588043
EPOCH 7:
PU nnPU correction: 0/90 batches, negative_risk[min=0.013339, mean=0.209532, max=0.520416]
VALIDATION
valid epoch balanced_accuracy: 0.657609
EPOCH 8:
PU nnPU correction: 0/90 batches, negative_risk[min=0.000027, mean=0.194392, max=0.673764]
VALIDATION
valid epoch balanced_accuracy: 0.632609
EPOCH 9:
PU nnPU correction: 1/90 batches, negative_risk[min=-0.021701, mean=0.186654, max=0.443287]
VALIDATION
valid epoch balanced_accuracy: 0.654348
EPOCH 10:
PU nnPU correction: 5/90 batches, negative_risk[min=-0.039574, mean=0.170514, max=0.508460]
VALIDATION
valid epoch balanced_accuracy: 0.651087
EPOCH 11:
PU nnPU correction: 6/90 batches, negative_risk[min=-0.017768, mean=0.167638, max=0.518336]
VALIDATION
valid epoch balanced_accuracy: 0.629348
EPOCH 12:
PU nnPU correction: 3/90 batches, negative_risk[min=-0.026734, mean=0.161368, max=0.428157]
VALIDATION
valid epoch balanced_accuracy: 0.660870
EPOCH 13:
PU nnPU correction: 7/90 batches, negative_risk[min=-0.039395, mean=0.146047, max=0.429170]
VALIDATION
valid epoch balanced_accuracy: 0.576087
EPOCH 14:
PU nnPU correction: 8/90 batches, negative_risk[min=-0.048921, mean=0.149797, max=0.828402]
VALIDATION
valid epoch balanced_accuracy: 0.657609
EPOCH 15:
PU nnPU correction: 18/90 batches, negative_risk[min=-0.039713, mean=0.134399, max=0.510496]
VALIDATION
valid epoch balanced_accuracy: 0.682609
EPOCH 16:
PU nnPU correction: 11/90 batches, negative_risk[min=-0.041445, mean=0.133096, max=0.567277]
VALIDATION
valid epoch balanced_accuracy: 0.551087
EPOCH 17:
PU nnPU correction: 14/90 batches, negative_risk[min=-0.030182, mean=0.127986, max=0.616967]
VALIDATION
valid epoch balanced_accuracy: 0.582609
EPOCH 18:
PU nnPU correction: 16/90 batches, negative_risk[min=-0.058473, mean=0.122112, max=0.562216]
VALIDATION
valid epoch balanced_accuracy: 0.679348
EPOCH 19:
PU nnPU correction: 17/90 batches, negative_risk[min=-0.057465, mean=0.112412, max=0.631990]
VALIDATION
valid epoch balanced_accuracy: 0.629348
EPOCH 20:
PU nnPU correction: 14/90 batches, negative_risk[min=-0.050282, mean=0.110937, max=0.423194]
VALIDATION
valid epoch balanced_accuracy: 0.607609
EPOCH 21:
PU nnPU correction: 17/90 batches, negative_risk[min=-0.053949, mean=0.102433, max=0.566319]
VALIDATION
valid epoch balanced_accuracy: 0.679348
EPOCH 22:
PU nnPU correction: 12/90 batches, negative_risk[min=-0.056706, mean=0.115176, max=0.393806]
VALIDATION
valid epoch balanced_accuracy: 0.629348
EPOCH 23:
PU nnPU correction: 17/90 batches, negative_risk[min=-0.053017, mean=0.108087, max=0.393354]
VALIDATION
valid epoch balanced_accuracy: 0.722826
EPOCH 24:
PU nnPU correction: 20/90 batches, negative_risk[min=-0.048184, mean=0.106239, max=0.536659]
VALIDATION
valid epoch balanced_accuracy: 0.654348
EPOCH 25:
PU nnPU correction: 21/90 batches, negative_risk[min=-0.052013, mean=0.095722, max=0.488592]
VALIDATION
valid epoch balanced_accuracy: 0.626087
EPOCH 26:
PU nnPU correction: 23/90 batches, negative_risk[min=-0.062905, mean=0.101874, max=0.463416]
VALIDATION
valid epoch balanced_accuracy: 0.697826
EPOCH 27:
PU nnPU correction: 22/90 batches, negative_risk[min=-0.062522, mean=0.088748, max=0.525921]
VALIDATION
valid epoch balanced_accuracy: 0.691304
EPOCH 28:
PU nnPU correction: 19/90 batches, negative_risk[min=-0.050537, mean=0.080040, max=0.341340]
VALIDATION
valid epoch balanced_accuracy: 0.632609
EPOCH 29:
PU nnPU correction: 23/90 batches, negative_risk[min=-0.063083, mean=0.078443, max=0.370554]
VALIDATION
valid epoch balanced_accuracy: 0.629348
EPOCH 30:
PU nnPU correction: 25/90 batches, negative_risk[min=-0.058820, mean=0.070817, max=0.344163]
VALIDATION
valid epoch balanced_accuracy: 0.575000
EPOCH 31:
PU nnPU correction: 33/90 batches, negative_risk[min=-0.063911, mean=0.063323, max=0.392721]
VALIDATION
valid epoch balanced_accuracy: 0.607609
EPOCH 32:
PU nnPU correction: 27/90 batches, negative_risk[min=-0.060219, mean=0.075937, max=0.560274]
VALIDATION
valid epoch balanced_accuracy: 0.697826
EPOCH 33:
PU nnPU correction: 27/90 batches, negative_risk[min=-0.064040, mean=0.060136, max=0.342758]
VALIDATION
valid epoch balanced_accuracy: 0.544565
EPOCH 34:
PU nnPU correction: 26/90 batches, negative_risk[min=-0.058836, mean=0.066414, max=0.593556]
VALIDATION
valid epoch balanced_accuracy: 0.672826
EPOCH 35:
PU nnPU correction: 29/90 batches, negative_risk[min=-0.064840, mean=0.059866, max=0.465974]
VALIDATION
valid epoch balanced_accuracy: 0.666304
EPOCH 36:
PU nnPU correction: 25/90 batches, negative_risk[min=-0.059575, mean=0.062214, max=0.454259]
VALIDATION
valid epoch balanced_accuracy: 0.626087
EPOCH 37:
PU nnPU correction: 28/90 batches, negative_risk[min=-0.062977, mean=0.063911, max=0.350190]
VALIDATION
valid epoch balanced_accuracy: 0.601087
EPOCH 38:
PU nnPU correction: 29/90 batches, negative_risk[min=-0.064720, mean=0.054348, max=0.293033]
VALIDATION
valid epoch balanced_accuracy: 0.679348
EPOCH 39:
PU nnPU correction: 27/90 batches, negative_risk[min=-0.059976, mean=0.071237, max=0.324373]
VALIDATION
valid epoch balanced_accuracy: 0.672826
EPOCH 40:
PU nnPU correction: 28/90 batches, negative_risk[min=-0.067935, mean=0.061870, max=0.473989]
VALIDATION
valid epoch balanced_accuracy: 0.666304
EPOCH 41:
PU nnPU correction: 30/90 batches, negative_risk[min=-0.063576, mean=0.055992, max=0.308816]
VALIDATION
valid epoch balanced_accuracy: 0.569565
EPOCH 42:
PU nnPU correction: 34/90 batches, negative_risk[min=-0.065480, mean=0.052701, max=0.453760]
VALIDATION
valid epoch balanced_accuracy: 0.584783
EPOCH 43:
PU nnPU correction: 30/90 batches, negative_risk[min=-0.058883, mean=0.056403, max=0.513122]
VALIDATION
valid epoch balanced_accuracy: 0.644565
EPOCH 44:
PU nnPU correction: 32/90 batches, negative_risk[min=-0.061462, mean=0.046259, max=0.446664]
VALIDATION
valid epoch balanced_accuracy: 0.619565
EPOCH 45:
PU nnPU correction: 35/90 batches, negative_risk[min=-0.066378, mean=0.044088, max=0.362154]
VALIDATION
valid epoch balanced_accuracy: 0.544565
EPOCH 46:
PU nnPU correction: 35/90 batches, negative_risk[min=-0.069834, mean=0.041097, max=0.277034]
VALIDATION
valid epoch balanced_accuracy: 0.603261
EPOCH 47:
PU nnPU correction: 32/90 batches, negative_risk[min=-0.062022, mean=0.044764, max=0.319742]
VALIDATION
valid epoch balanced_accuracy: 0.610870
EPOCH 48:
PU nnPU correction: 35/90 batches, negative_risk[min=-0.066561, mean=0.042413, max=0.323362]
VALIDATION
valid epoch balanced_accuracy: 0.551087
EPOCH 49:
PU nnPU correction: 37/90 batches, negative_risk[min=-0.058829, mean=0.046968, max=0.358855]
VALIDATION
valid epoch balanced_accuracy: 0.622826
EPOCH 50:
PU nnPU correction: 31/90 batches, negative_risk[min=-0.069696, mean=0.046413, max=0.357094]
VALIDATION
valid epoch balanced_accuracy: 0.504348
EPOCH 51:
PU nnPU correction: 37/90 batches, negative_risk[min=-0.063369, mean=0.034827, max=0.404987]
VALIDATION
valid epoch balanced_accuracy: 0.547826
EPOCH 52:
PU nnPU correction: 44/90 batches, negative_risk[min=-0.073097, mean=0.029167, max=0.264469]
VALIDATION
valid epoch balanced_accuracy: 0.644565
EPOCH 53:
PU nnPU correction: 38/90 batches, negative_risk[min=-0.068406, mean=0.028864, max=0.251980]
VALIDATION
valid epoch balanced_accuracy: 0.506522
EPOCH 54:
PU nnPU correction: 41/90 batches, negative_risk[min=-0.068525, mean=0.023180, max=0.218091]
VALIDATION
valid epoch balanced_accuracy: 0.582609
EPOCH 55:
PU nnPU correction: 34/90 batches, negative_risk[min=-0.065895, mean=0.036649, max=0.331280]
VALIDATION
valid epoch balanced_accuracy: 0.629348
EPOCH 56:
PU nnPU correction: 39/90 batches, negative_risk[min=-0.069022, mean=0.036515, max=0.539843]
VALIDATION
valid epoch balanced_accuracy: 0.569565
EPOCH 57:
PU nnPU correction: 37/90 batches, negative_risk[min=-0.067323, mean=0.032313, max=0.311628]
VALIDATION
valid epoch balanced_accuracy: 0.669565
EPOCH 58:
PU nnPU correction: 38/90 batches, negative_risk[min=-0.063674, mean=0.040249, max=0.495627]
VALIDATION
valid epoch balanced_accuracy: 0.588043
EPOCH 59:
PU nnPU correction: 38/90 batches, negative_risk[min=-0.057378, mean=0.027292, max=0.297762]
VALIDATION
valid epoch balanced_accuracy: 0.513043
EPOCH 60:
PU nnPU correction: 35/90 batches, negative_risk[min=-0.069435, mean=0.035158, max=0.316320]
VALIDATION
valid epoch balanced_accuracy: 0.597826
EPOCH 61:
PU nnPU correction: 43/90 batches, negative_risk[min=-0.066181, mean=0.019351, max=0.259362]
VALIDATION
valid epoch balanced_accuracy: 0.482609
EPOCH 62:
PU nnPU correction: 44/90 batches, negative_risk[min=-0.074181, mean=0.014316, max=0.288241]
VALIDATION
valid epoch balanced_accuracy: 0.538043
EPOCH 63:
PU nnPU correction: 43/90 batches, negative_risk[min=-0.065567, mean=0.028915, max=0.356889]
VALIDATION
valid epoch balanced_accuracy: 0.510870
EPOCH 64:
PU nnPU correction: 42/90 batches, negative_risk[min=-0.066386, mean=0.035557, max=0.339322]
VALIDATION
valid epoch balanced_accuracy: 0.519565
EPOCH 65:
PU nnPU correction: 45/90 batches, negative_risk[min=-0.065421, mean=0.021496, max=0.288980]
VALIDATION
valid epoch balanced_accuracy: 0.544565
EPOCH 66:
PU nnPU correction: 46/90 batches, negative_risk[min=-0.070114, mean=0.018635, max=0.247818]
VALIDATION
valid epoch balanced_accuracy: 0.579348
EPOCH 67:
PU nnPU correction: 53/90 batches, negative_risk[min=-0.066434, mean=0.009499, max=0.291279]
VALIDATION
valid epoch balanced_accuracy: 0.569565
EPOCH 68:
PU nnPU correction: 35/90 batches, negative_risk[min=-0.065673, mean=0.023906, max=0.240655]
VALIDATION
valid epoch balanced_accuracy: 0.522826
EPOCH 69:
PU nnPU correction: 50/90 batches, negative_risk[min=-0.067670, mean=0.015632, max=0.295935]
VALIDATION
valid epoch balanced_accuracy: 0.607609
EPOCH 70:
PU nnPU correction: 43/90 batches, negative_risk[min=-0.066377, mean=0.024606, max=0.281071]
VALIDATION
valid epoch balanced_accuracy: 0.591304
EPOCH 71:
PU nnPU correction: 46/90 batches, negative_risk[min=-0.063976, mean=0.014747, max=0.210586]
VALIDATION
valid epoch balanced_accuracy: 0.579348
EPOCH 72:
PU nnPU correction: 41/90 batches, negative_risk[min=-0.061263, mean=0.027516, max=0.245582]
VALIDATION
valid epoch balanced_accuracy: 0.588043
EPOCH 73:
PU nnPU correction: 44/90 batches, negative_risk[min=-0.064721, mean=0.011214, max=0.223579]
VALIDATION
valid epoch balanced_accuracy: 0.604348
EPOCH 74:
PU nnPU correction: 42/90 batches, negative_risk[min=-0.063301, mean=0.018346, max=0.221578]
VALIDATION
valid epoch balanced_accuracy: 0.554348
EPOCH 75:
PU nnPU correction: 44/90 batches, negative_risk[min=-0.070559, mean=0.019899, max=0.570883]
VALIDATION
valid epoch balanced_accuracy: 0.629348
EPOCH 76:
PU nnPU correction: 41/90 batches, negative_risk[min=-0.066346, mean=0.033917, max=0.344633]
VALIDATION
valid epoch balanced_accuracy: 0.626087
EPOCH 77:
PU nnPU correction: 48/90 batches, negative_risk[min=-0.062062, mean=0.012316, max=0.189899]
VALIDATION
valid epoch balanced_accuracy: 0.541304
EPOCH 78:
PU nnPU correction: 44/90 batches, negative_risk[min=-0.060070, mean=0.025908, max=0.327006]
VALIDATION
valid epoch balanced_accuracy: 0.569565
EPOCH 79:
PU nnPU correction: 43/90 batches, negative_risk[min=-0.063191, mean=0.018137, max=0.277711]
VALIDATION
valid epoch balanced_accuracy: 0.501087
EPOCH 80:
PU nnPU correction: 45/90 batches, negative_risk[min=-0.063768, mean=0.019896, max=0.230528]
VALIDATION
valid epoch balanced_accuracy: 0.607609
EPOCH 81:
PU nnPU correction: 46/90 batches, negative_risk[min=-0.068056, mean=0.018935, max=0.266254]
VALIDATION
valid epoch balanced_accuracy: 0.601087
EPOCH 82:
PU nnPU correction: 45/90 batches, negative_risk[min=-0.056828, mean=0.019870, max=0.194033]
VALIDATION
valid epoch balanced_accuracy: 0.551087
EPOCH 83:
PU nnPU correction: 43/90 batches, negative_risk[min=-0.063633, mean=0.023166, max=0.219171]
VALIDATION
valid epoch balanced_accuracy: 0.644565
EPOCH 84:
PU nnPU correction: 40/90 batches, negative_risk[min=-0.068516, mean=0.027069, max=0.421437]
VALIDATION
valid epoch balanced_accuracy: 0.604348
EPOCH 85:
PU nnPU correction: 43/90 batches, negative_risk[min=-0.062134, mean=0.017248, max=0.244632]
VALIDATION
valid epoch balanced_accuracy: 0.644565
EPOCH 86:
PU nnPU correction: 46/90 batches, negative_risk[min=-0.069363, mean=0.016823, max=0.281421]
VALIDATION
valid epoch balanced_accuracy: 0.626087
EPOCH 87:
PU nnPU correction: 41/90 batches, negative_risk[min=-0.059343, mean=0.022685, max=0.209050]
VALIDATION
valid epoch balanced_accuracy: 0.491304
EPOCH 88:
PU nnPU correction: 44/90 batches, negative_risk[min=-0.063536, mean=0.015761, max=0.345254]
VALIDATION
valid epoch balanced_accuracy: 0.526087
EPOCH 89:
PU nnPU correction: 39/90 batches, negative_risk[min=-0.057008, mean=0.034794, max=0.334802]
VALIDATION
valid epoch balanced_accuracy: 0.697826
EPOCH 90:
PU nnPU correction: 41/90 batches, negative_risk[min=-0.062521, mean=0.016480, max=0.262828]
VALIDATION
valid epoch balanced_accuracy: 0.688043
EPOCH 91:
PU nnPU correction: 44/90 batches, negative_risk[min=-0.062044, mean=0.011784, max=0.205040]
VALIDATION
valid epoch balanced_accuracy: 0.676087
EPOCH 92:
PU nnPU correction: 43/90 batches, negative_risk[min=-0.051194, mean=0.025817, max=0.338018]
VALIDATION
valid epoch balanced_accuracy: 0.572826
EPOCH 93:
PU nnPU correction: 34/90 batches, negative_risk[min=-0.047516, mean=0.033972, max=0.269711]
VALIDATION
valid epoch balanced_accuracy: 0.594565
EPOCH 94:
PU nnPU correction: 41/90 batches, negative_risk[min=-0.059858, mean=0.018754, max=0.236739]
VALIDATION
valid epoch balanced_accuracy: 0.651087
EPOCH 95:
PU nnPU correction: 45/90 batches, negative_risk[min=-0.061386, mean=0.015791, max=0.210616]
VALIDATION
valid epoch balanced_accuracy: 0.688043
EPOCH 96:
PU nnPU correction: 48/90 batches, negative_risk[min=-0.059531, mean=0.016434, max=0.251008]
VALIDATION
valid epoch balanced_accuracy: 0.591304
EPOCH 97:
PU nnPU correction: 41/90 batches, negative_risk[min=-0.055502, mean=0.019195, max=0.299587]
VALIDATION
valid epoch balanced_accuracy: 0.713043
EPOCH 98:
PU nnPU correction: 48/90 batches, negative_risk[min=-0.052960, mean=0.020499, max=0.285763]
VALIDATION
valid epoch balanced_accuracy: 0.694565
EPOCH 99:
PU nnPU correction: 47/90 batches, negative_risk[min=-0.053012, mean=0.020437, max=0.292120]
VALIDATION
valid epoch balanced_accuracy: 0.684783
EPOCH 100:
PU nnPU correction: 39/90 batches, negative_risk[min=-0.055683, mean=0.015947, max=0.199001]
VALIDATION
valid epoch balanced_accuracy: 0.484783
EPOCH 101:
PU nnPU correction: 48/90 batches, negative_risk[min=-0.052050, mean=0.010208, max=0.255346]
VALIDATION
valid epoch balanced_accuracy: 0.651087
EPOCH 102:
PU nnPU correction: 40/90 batches, negative_risk[min=-0.061951, mean=0.020557, max=0.291246]
VALIDATION
valid epoch balanced_accuracy: 0.666304
EPOCH 103:
PU nnPU correction: 43/90 batches, negative_risk[min=-0.050490, mean=0.017629, max=0.249483]
VALIDATION
valid epoch balanced_accuracy: 0.641304
EPOCH 104:
PU nnPU correction: 44/90 batches, negative_risk[min=-0.048579, mean=0.022943, max=0.297814]
VALIDATION
valid epoch balanced_accuracy: 0.669565
EPOCH 105:
PU nnPU correction: 40/90 batches, negative_risk[min=-0.061579, mean=0.018573, max=0.178512]
VALIDATION
valid epoch balanced_accuracy: 0.638043
EPOCH 106:
PU nnPU correction: 43/90 batches, negative_risk[min=-0.054060, mean=0.030232, max=0.378441]
VALIDATION
valid epoch balanced_accuracy: 0.616304
EPOCH 107:
PU nnPU correction: 47/90 batches, negative_risk[min=-0.050411, mean=0.020708, max=0.339277]
VALIDATION
valid epoch balanced_accuracy: 0.522826
EPOCH 108:
PU nnPU correction: 44/90 batches, negative_risk[min=-0.037340, mean=0.022141, max=0.220123]
VALIDATION
valid epoch balanced_accuracy: 0.651087
EPOCH 109:
PU nnPU correction: 45/90 batches, negative_risk[min=-0.044737, mean=0.016054, max=0.344267]
VALIDATION
valid epoch balanced_accuracy: 0.513043
EPOCH 110:
PU nnPU correction: 39/90 batches, negative_risk[min=-0.034899, mean=0.023648, max=0.275822]
VALIDATION
valid epoch balanced_accuracy: 0.563043
EPOCH 111:
PU nnPU correction: 38/90 batches, negative_risk[min=-0.048352, mean=0.022939, max=0.266222]
VALIDATION
valid epoch balanced_accuracy: 0.616304
EPOCH 112:
PU nnPU correction: 45/90 batches, negative_risk[min=-0.054068, mean=0.018753, max=0.333662]
VALIDATION
valid epoch balanced_accuracy: 0.597826
EPOCH 113:
PU nnPU correction: 47/90 batches, negative_risk[min=-0.048963, mean=0.010206, max=0.227089]
VALIDATION
valid epoch balanced_accuracy: 0.613043
EPOCH 114:
PU nnPU correction: 45/90 batches, negative_risk[min=-0.045117, mean=0.023392, max=0.394655]
VALIDATION
valid epoch balanced_accuracy: 0.622826
EPOCH 115:
PU nnPU correction: 41/90 batches, negative_risk[min=-0.043326, mean=0.022448, max=0.239431]
VALIDATION
valid epoch balanced_accuracy: 0.604348
EPOCH 116:
PU nnPU correction: 41/90 batches, negative_risk[min=-0.045524, mean=0.016766, max=0.253095]
VALIDATION
valid epoch balanced_accuracy: 0.631522
EPOCH 117:
PU nnPU correction: 41/90 batches, negative_risk[min=-0.043540, mean=0.014855, max=0.180546]
VALIDATION
valid epoch balanced_accuracy: 0.547826
EPOCH 118:
PU nnPU correction: 46/90 batches, negative_risk[min=-0.039013, mean=0.019897, max=0.230135]
VALIDATION
valid epoch balanced_accuracy: 0.600000
EPOCH 119:
PU nnPU correction: 44/90 batches, negative_risk[min=-0.038125, mean=0.016739, max=0.175863]
VALIDATION
valid epoch balanced_accuracy: 0.576087
EPOCH 120:
PU nnPU correction: 42/90 batches, negative_risk[min=-0.042900, mean=0.023365, max=0.229732]
VALIDATION
valid epoch balanced_accuracy: 0.663043
EPOCH 121:
PU nnPU correction: 45/90 batches, negative_risk[min=-0.045409, mean=0.014729, max=0.205056]
VALIDATION
valid epoch balanced_accuracy: 0.616304
EPOCH 122:
PU nnPU correction: 39/90 batches, negative_risk[min=-0.035935, mean=0.021491, max=0.385105]
VALIDATION
valid epoch balanced_accuracy: 0.641304
EPOCH 123:
PU nnPU correction: 45/90 batches, negative_risk[min=-0.046984, mean=0.017383, max=0.187738]
VALIDATION
valid epoch balanced_accuracy: 0.616304
EPOCH 124:
PU nnPU correction: 33/90 batches, negative_risk[min=-0.036060, mean=0.030097, max=0.321576]
VALIDATION
valid epoch balanced_accuracy: 0.513043
EPOCH 125:
PU nnPU correction: 40/90 batches, negative_risk[min=-0.052363, mean=0.024137, max=0.528576]
VALIDATION
valid epoch balanced_accuracy: 0.584783
EPOCH 126:
PU nnPU correction: 43/90 batches, negative_risk[min=-0.046319, mean=0.020524, max=0.213978]
VALIDATION
valid epoch balanced_accuracy: 0.506522
EPOCH 127:
PU nnPU correction: 44/90 batches, negative_risk[min=-0.040236, mean=0.015972, max=0.196823]
VALIDATION
valid epoch balanced_accuracy: 0.638043
EPOCH 128:
PU nnPU correction: 41/90 batches, negative_risk[min=-0.033738, mean=0.018422, max=0.214867]
VALIDATION
valid epoch balanced_accuracy: 0.647826
EPOCH 129:
PU nnPU correction: 44/90 batches, negative_risk[min=-0.043211, mean=0.017142, max=0.356249]
VALIDATION
valid epoch balanced_accuracy: 0.697826
EPOCH 130:
PU nnPU correction: 41/90 batches, negative_risk[min=-0.043006, mean=0.015388, max=0.182807]
VALIDATION
valid epoch balanced_accuracy: 0.604348
EPOCH 131:
PU nnPU correction: 47/90 batches, negative_risk[min=-0.041971, mean=0.012753, max=0.197552]
VALIDATION
valid epoch balanced_accuracy: 0.559783
EPOCH 132:
PU nnPU correction: 36/90 batches, negative_risk[min=-0.025466, mean=0.017418, max=0.204081]
VALIDATION
valid epoch balanced_accuracy: 0.629348
EPOCH 133:
PU nnPU correction: 45/90 batches, negative_risk[min=-0.033175, mean=0.025852, max=0.385835]
VALIDATION
valid epoch balanced_accuracy: 0.619565
EPOCH 134:
PU nnPU correction: 40/90 batches, negative_risk[min=-0.033606, mean=0.013494, max=0.185143]
VALIDATION
valid epoch balanced_accuracy: 0.569565
EPOCH 135:
PU nnPU correction: 42/90 batches, negative_risk[min=-0.043391, mean=0.016569, max=0.358228]
VALIDATION
valid epoch balanced_accuracy: 0.579348
EPOCH 136:
PU nnPU correction: 34/90 batches, negative_risk[min=-0.047635, mean=0.036789, max=0.244924]
VALIDATION
valid epoch balanced_accuracy: 0.653261
EPOCH 137:
PU nnPU correction: 39/90 batches, negative_risk[min=-0.044869, mean=0.028822, max=0.375609]
VALIDATION
valid epoch balanced_accuracy: 0.588043
EPOCH 138:
PU nnPU correction: 32/90 batches, negative_risk[min=-0.034615, mean=0.038808, max=0.230703]
VALIDATION
valid epoch balanced_accuracy: 0.638043
EPOCH 139:
PU nnPU correction: 45/90 batches, negative_risk[min=-0.043173, mean=0.013837, max=0.197870]
VALIDATION
valid epoch balanced_accuracy: 0.550000
EPOCH 140:
PU nnPU correction: 40/90 batches, negative_risk[min=-0.037602, mean=0.021906, max=0.201031]
VALIDATION
valid epoch balanced_accuracy: 0.616304
EPOCH 141:
PU nnPU correction: 44/90 batches, negative_risk[min=-0.036998, mean=0.007174, max=0.331896]
VALIDATION
valid epoch balanced_accuracy: 0.584783
EPOCH 142:
PU nnPU correction: 41/90 batches, negative_risk[min=-0.040834, mean=0.018517, max=0.200145]
VALIDATION
valid epoch balanced_accuracy: 0.688043
EPOCH 143:
PU nnPU correction: 46/90 batches, negative_risk[min=-0.037649, mean=0.008190, max=0.207960]
VALIDATION
valid epoch balanced_accuracy: 0.691304
EPOCH 144:
PU nnPU correction: 38/90 batches, negative_risk[min=-0.028225, mean=0.021231, max=0.225719]
VALIDATION
valid epoch balanced_accuracy: 0.691304
EPOCH 145:
PU nnPU correction: 38/90 batches, negative_risk[min=-0.027615, mean=0.018637, max=0.184838]
VALIDATION
valid epoch balanced_accuracy: 0.609783
EPOCH 146:
PU nnPU correction: 38/90 batches, negative_risk[min=-0.030850, mean=0.018347, max=0.204755]
VALIDATION
valid epoch balanced_accuracy: 0.691304
EPOCH 147:
PU nnPU correction: 38/90 batches, negative_risk[min=-0.044638, mean=0.028188, max=0.265569]
VALIDATION
valid epoch balanced_accuracy: 0.525000
EPOCH 148:
PU nnPU correction: 40/90 batches, negative_risk[min=-0.032365, mean=0.018720, max=0.223638]
VALIDATION
valid epoch balanced_accuracy: 0.506522
EPOCH 149:
PU nnPU correction: 42/90 batches, negative_risk[min=-0.044668, mean=0.020469, max=0.223509]
VALIDATION
valid epoch balanced_accuracy: 0.559783
EPOCH 150:
PU nnPU correction: 43/90 batches, negative_risk[min=-0.037511, mean=0.017562, max=0.241579]
VALIDATION
valid epoch balanced_accuracy: 0.563043
accuracy: 0.511628
sensitivity: 0.347826
precision: 0.571429
specificity: 0.700000
IoU: 0.275862
FAR: 0.300000
F1: 0.432432
balanced_accuracy: 0.523913
loss: 0.946103
