
number of parameters : 1403984
train : (1426, 12)
valid : (43, 12)
test : (43, 12)
PU rho : 0.525000
class weights : [1.0, 1.0]
balanced batches : 90 per epoch covering all 1426 train rows, target 8 positive + 8 unlabeled
data extracted
EPOCH 1:
PU nnPU correction: 0/90 batches, negative_risk[min=0.289306, mean=0.345350, max=0.393478]
VALIDATION
valid epoch balanced_accuracy: 0.612222
EPOCH 2:
PU nnPU correction: 0/90 batches, negative_risk[min=0.216839, mean=0.341772, max=0.453569]
VALIDATION
valid epoch balanced_accuracy: 0.581111
EPOCH 3:
PU nnPU correction: 0/90 batches, negative_risk[min=0.165363, mean=0.315180, max=0.494334]
VALIDATION
valid epoch balanced_accuracy: 0.541111
EPOCH 4:
PU nnPU correction: 0/90 batches, negative_risk[min=0.064946, mean=0.265591, max=0.498462]
VALIDATION
valid epoch balanced_accuracy: 0.355556
EPOCH 5:
PU nnPU correction: 0/90 batches, negative_risk[min=0.026700, mean=0.227337, max=0.483774]
VALIDATION
valid epoch balanced_accuracy: 0.391111
EPOCH 6:
PU nnPU correction: 1/90 batches, negative_risk[min=-0.004264, mean=0.203566, max=0.473573]
VALIDATION
valid epoch balanced_accuracy: 0.485556
EPOCH 7:
PU nnPU correction: 4/90 batches, negative_risk[min=-0.030675, mean=0.186894, max=0.753155]
VALIDATION
valid epoch balanced_accuracy: 0.486667
EPOCH 8:
PU nnPU correction: 9/90 batches, negative_risk[min=-0.023675, mean=0.178995, max=0.567529]
VALIDATION
valid epoch balanced_accuracy: 0.558889
EPOCH 9:
PU nnPU correction: 8/90 batches, negative_risk[min=-0.040137, mean=0.156826, max=0.522167]
VALIDATION
valid epoch balanced_accuracy: 0.498889
EPOCH 10:
PU nnPU correction: 16/90 batches, negative_risk[min=-0.045841, mean=0.140948, max=0.818874]
VALIDATION
valid epoch balanced_accuracy: 0.526667
EPOCH 11:
PU nnPU correction: 16/90 batches, negative_risk[min=-0.044187, mean=0.110146, max=0.361840]
VALIDATION
valid epoch balanced_accuracy: 0.593333
EPOCH 12:
PU nnPU correction: 25/90 batches, negative_risk[min=-0.053432, mean=0.101204, max=0.423214]
VALIDATION
valid epoch balanced_accuracy: 0.550000
EPOCH 13:
PU nnPU correction: 18/90 batches, negative_risk[min=-0.055863, mean=0.112893, max=0.568842]
VALIDATION
valid epoch balanced_accuracy: 0.625556
EPOCH 14:
PU nnPU correction: 20/90 batches, negative_risk[min=-0.059340, mean=0.107356, max=0.492161]
VALIDATION
valid epoch balanced_accuracy: 0.554444
EPOCH 15:
PU nnPU correction: 23/90 batches, negative_risk[min=-0.042572, mean=0.084026, max=0.520296]
VALIDATION
valid epoch balanced_accuracy: 0.395556
EPOCH 16:
PU nnPU correction: 25/90 batches, negative_risk[min=-0.060581, mean=0.096044, max=0.465451]
VALIDATION
valid epoch balanced_accuracy: 0.605556
EPOCH 17:
PU nnPU correction: 20/90 batches, negative_risk[min=-0.054054, mean=0.106278, max=0.467173]
VALIDATION
valid epoch balanced_accuracy: 0.534444
EPOCH 18:
PU nnPU correction: 34/90 batches, negative_risk[min=-0.054349, mean=0.073399, max=0.475682]
VALIDATION
valid epoch balanced_accuracy: 0.562222
EPOCH 19:
PU nnPU correction: 27/90 batches, negative_risk[min=-0.057773, mean=0.082823, max=0.464278]
VALIDATION
valid epoch balanced_accuracy: 0.617778
EPOCH 20:
PU nnPU correction: 22/90 batches, negative_risk[min=-0.050493, mean=0.096040, max=0.433132]
VALIDATION
valid epoch balanced_accuracy: 0.713333
EPOCH 21:
PU nnPU correction: 24/90 batches, negative_risk[min=-0.050484, mean=0.085087, max=0.438520]
VALIDATION
valid epoch balanced_accuracy: 0.562222
EPOCH 22:
PU nnPU correction: 20/90 batches, negative_risk[min=-0.071370, mean=0.083714, max=0.390755]
VALIDATION
valid epoch balanced_accuracy: 0.542222
EPOCH 23:
PU nnPU correction: 27/90 batches, negative_risk[min=-0.056474, mean=0.085964, max=0.455035]
VALIDATION
valid epoch balanced_accuracy: 0.610000
EPOCH 24:
PU nnPU correction: 31/90 batches, negative_risk[min=-0.057078, mean=0.067605, max=0.440300]
VALIDATION
valid epoch balanced_accuracy: 0.610000
EPOCH 25:
PU nnPU correction: 30/90 batches, negative_risk[min=-0.060412, mean=0.061121, max=0.367766]
VALIDATION
valid epoch balanced_accuracy: 0.653333
EPOCH 26:
PU nnPU correction: 28/90 batches, negative_risk[min=-0.063721, mean=0.063924, max=0.310895]
VALIDATION
valid epoch balanced_accuracy: 0.701111
EPOCH 27:
PU nnPU correction: 37/90 batches, negative_risk[min=-0.069782, mean=0.054052, max=0.426181]
VALIDATION
valid epoch balanced_accuracy: 0.570000
EPOCH 28:
PU nnPU correction: 32/90 batches, negative_risk[min=-0.061725, mean=0.057719, max=0.376195]
VALIDATION
valid epoch balanced_accuracy: 0.546667
EPOCH 29:
PU nnPU correction: 34/90 batches, negative_risk[min=-0.062999, mean=0.061767, max=0.420126]
VALIDATION
valid epoch balanced_accuracy: 0.605556
EPOCH 30:
PU nnPU correction: 31/90 batches, negative_risk[min=-0.060531, mean=0.061026, max=0.381743]
VALIDATION
valid epoch balanced_accuracy: 0.610000
EPOCH 31:
PU nnPU correction: 34/90 batches, negative_risk[min=-0.069342, mean=0.059280, max=0.581222]
VALIDATION
valid epoch balanced_accuracy: 0.688889
EPOCH 32:
PU nnPU correction: 33/90 batches, negative_risk[min=-0.062686, mean=0.054268, max=0.401600]
VALIDATION
valid epoch balanced_accuracy: 0.677778
EPOCH 33:
PU nnPU correction: 31/90 batches, negative_risk[min=-0.065266, mean=0.062741, max=0.416546]
VALIDATION
valid epoch balanced_accuracy: 0.610000
EPOCH 34:
PU nnPU correction: 37/90 batches, negative_risk[min=-0.065544, mean=0.046635, max=0.370911]
VALIDATION
valid epoch balanced_accuracy: 0.594444
EPOCH 35:
PU nnPU correction: 43/90 batches, negative_risk[min=-0.063415, mean=0.036699, max=0.322628]
VALIDATION
valid epoch balanced_accuracy: 0.701111
EPOCH 36:
PU nnPU correction: 42/90 batches, negative_risk[min=-0.063842, mean=0.044350, max=0.370950]
VALIDATION
valid epoch balanced_accuracy: 0.650000
EPOCH 37:
PU nnPU correction: 36/90 batches, negative_risk[min=-0.069346, mean=0.044186, max=0.300461]
VALIDATION
valid epoch balanced_accuracy: 0.522222
EPOCH 38:
PU nnPU correction: 37/90 batches, negative_risk[min=-0.060763, mean=0.058276, max=0.563327]
VALIDATION
valid epoch balanced_accuracy: 0.443333
EPOCH 39:
PU nnPU correction: 29/90 batches, negative_risk[min=-0.058671, mean=0.043580, max=0.314488]
VALIDATION
valid epoch balanced_accuracy: 0.637778
EPOCH 40:
PU nnPU correction: 43/90 batches, negative_risk[min=-0.067361, mean=0.039293, max=0.314003]
VALIDATION
valid epoch balanced_accuracy: 0.605556
EPOCH 41:
PU nnPU correction: 36/90 batches, negative_risk[min=-0.067956, mean=0.045701, max=0.382505]
VALIDATION
valid epoch balanced_accuracy: 0.673333
EPOCH 42:
PU nnPU correction: 42/90 batches, negative_risk[min=-0.061422, mean=0.032930, max=0.261379]
VALIDATION
valid epoch balanced_accuracy: 0.622222
EPOCH 43:
PU nnPU correction: 35/90 batches, negative_risk[min=-0.069656, mean=0.048290, max=0.374725]
VALIDATION
valid epoch balanced_accuracy: 0.610000
EPOCH 44:
PU nnPU correction: 40/90 batches, negative_risk[min=-0.058070, mean=0.040749, max=0.352435]
VALIDATION
valid epoch balanced_accuracy: 0.597778
EPOCH 45:
PU nnPU correction: 42/90 batches, negative_risk[min=-0.060853, mean=0.039476, max=0.262675]
VALIDATION
valid epoch balanced_accuracy: 0.605556
EPOCH 46:
PU nnPU correction: 37/90 batches, negative_risk[min=-0.060498, mean=0.038096, max=0.336511]
VALIDATION
valid epoch balanced_accuracy: 0.590000
EPOCH 47:
PU nnPU correction: 38/90 batches, negative_risk[min=-0.061985, mean=0.038885, max=0.272699]
VALIDATION
valid epoch balanced_accuracy: 0.645556
EPOCH 48:
PU nnPU correction: 38/90 batches, negative_risk[min=-0.067148, mean=0.040913, max=0.306713]
VALIDATION
valid epoch balanced_accuracy: 0.546667
EPOCH 49:
PU nnPU correction: 40/90 batches, negative_risk[min=-0.061785, mean=0.035474, max=0.351505]
VALIDATION
valid epoch balanced_accuracy: 0.645556
EPOCH 50:
PU nnPU correction: 41/90 batches, negative_risk[min=-0.057096, mean=0.040446, max=0.413859]
VALIDATION
valid epoch balanced_accuracy: 0.630000
EPOCH 51:
PU nnPU correction: 43/90 batches, negative_risk[min=-0.059561, mean=0.034736, max=0.468517]
VALIDATION
valid epoch balanced_accuracy: 0.585556
EPOCH 52:
PU nnPU correction: 35/90 batches, negative_risk[min=-0.055778, mean=0.047670, max=0.319738]
VALIDATION
valid epoch balanced_accuracy: 0.637778
EPOCH 53:
PU nnPU correction: 40/90 batches, negative_risk[min=-0.064190, mean=0.028759, max=0.273474]
VALIDATION
valid epoch balanced_accuracy: 0.526667
EPOCH 54:
PU nnPU correction: 38/90 batches, negative_risk[min=-0.066815, mean=0.034457, max=0.311934]
VALIDATION
valid epoch balanced_accuracy: 0.590000
EPOCH 55:
PU nnPU correction: 43/90 batches, negative_risk[min=-0.063923, mean=0.028075, max=0.263060]
VALIDATION
valid epoch balanced_accuracy: 0.498889
EPOCH 56:
PU nnPU correction: 34/90 batches, negative_risk[min=-0.062749, mean=0.034833, max=0.398484]
VALIDATION
valid epoch balanced_accuracy: 0.577778
EPOCH 57:
PU nnPU correction: 42/90 batches, negative_risk[min=-0.064110, mean=0.033494, max=0.233560]
VALIDATION
valid epoch balanced_accuracy: 0.478889
EPOCH 58:
PU nnPU correction: 44/90 batches, negative_risk[min=-0.060030, mean=0.027731, max=0.357279]
VALIDATION
valid epoch balanced_accuracy: 0.566667
EPOCH 59:
PU nnPU correction: 41/90 batches, negative_risk[min=-0.057415, mean=0.030608, max=0.359558]
VALIDATION
valid epoch balanced_accuracy: 0.594444
EPOCH 60:
PU nnPU correction: 37/90 batches, negative_risk[min=-0.071594, mean=0.036466, max=0.276967]
VALIDATION
valid epoch balanced_accuracy: 0.506667
EPOCH 61:
PU nnPU correction: 43/90 batches, negative_risk[min=-0.069912, mean=0.040813, max=0.552893]
VALIDATION
valid epoch balanced_accuracy: 0.613333
EPOCH 62:
PU nnPU correction: 38/90 batches, negative_risk[min=-0.061174, mean=0.035147, max=0.287803]
VALIDATION
valid epoch balanced_accuracy: 0.653333
EPOCH 63:
PU nnPU correction: 45/90 batches, negative_risk[min=-0.064552, mean=0.021954, max=0.276813]
VALIDATION
valid epoch balanced_accuracy: 0.594444
EPOCH 64:
PU nnPU correction: 46/90 batches, negative_risk[min=-0.060288, mean=0.020194, max=0.219881]
VALIDATION
valid epoch balanced_accuracy: 0.574444
EPOCH 65:
PU nnPU correction: 37/90 batches, negative_risk[min=-0.050622, mean=0.035115, max=0.364948]
VALIDATION
valid epoch balanced_accuracy: 0.661111
EPOCH 66:
PU nnPU correction: 41/90 batches, negative_risk[min=-0.057792, mean=0.037649, max=0.246187]
VALIDATION
valid epoch balanced_accuracy: 0.550000
EPOCH 67:
PU nnPU correction: 39/90 batches, negative_risk[min=-0.067920, mean=0.037184, max=0.275533]
VALIDATION
valid epoch balanced_accuracy: 0.542222
EPOCH 68:
PU nnPU correction: 46/90 batches, negative_risk[min=-0.058648, mean=0.019823, max=0.284434]
VALIDATION
valid epoch balanced_accuracy: 0.566667
EPOCH 69:
PU nnPU correction: 47/90 batches, negative_risk[min=-0.064348, mean=0.026399, max=0.345065]
VALIDATION
valid epoch balanced_accuracy: 0.594444
EPOCH 70:
PU nnPU correction: 40/90 batches, negative_risk[min=-0.056159, mean=0.029706, max=0.336603]
VALIDATION
valid epoch balanced_accuracy: 0.645556
EPOCH 71:
PU nnPU correction: 44/90 batches, negative_risk[min=-0.056088, mean=0.025783, max=0.345878]
VALIDATION
valid epoch balanced_accuracy: 0.590000
EPOCH 72:
PU nnPU correction: 42/90 batches, negative_risk[min=-0.061005, mean=0.030429, max=0.394323]
VALIDATION
valid epoch balanced_accuracy: 0.546667
EPOCH 73:
PU nnPU correction: 43/90 batches, negative_risk[min=-0.061794, mean=0.024141, max=0.364647]
VALIDATION
valid epoch balanced_accuracy: 0.570000
EPOCH 74:
PU nnPU correction: 40/90 batches, negative_risk[min=-0.048554, mean=0.031484, max=0.262814]
VALIDATION
valid epoch balanced_accuracy: 0.537778
EPOCH 75:
PU nnPU correction: 37/90 batches, negative_risk[min=-0.058211, mean=0.034018, max=0.355594]
VALIDATION
valid epoch balanced_accuracy: 0.602222
EPOCH 76:
PU nnPU correction: 44/90 batches, negative_risk[min=-0.045231, mean=0.037666, max=0.347430]
VALIDATION
valid epoch balanced_accuracy: 0.650000
EPOCH 77:
PU nnPU correction: 41/90 batches, negative_risk[min=-0.045014, mean=0.029170, max=0.341177]
VALIDATION
valid epoch balanced_accuracy: 0.677778
EPOCH 78:
PU nnPU correction: 45/90 batches, negative_risk[min=-0.051949, mean=0.017674, max=0.305765]
VALIDATION
valid epoch balanced_accuracy: 0.585556
EPOCH 79:
PU nnPU correction: 35/90 batches, negative_risk[min=-0.057316, mean=0.034663, max=0.410107]
VALIDATION
valid epoch balanced_accuracy: 0.653333
EPOCH 80:
PU nnPU correction: 42/90 batches, negative_risk[min=-0.052126, mean=0.028751, max=0.330546]
VALIDATION
valid epoch balanced_accuracy: 0.645556
EPOCH 81:
PU nnPU correction: 39/90 batches, negative_risk[min=-0.052479, mean=0.026535, max=0.336315]
VALIDATION
valid epoch balanced_accuracy: 0.613333
EPOCH 82:
PU nnPU correction: 40/90 batches, negative_risk[min=-0.052546, mean=0.033539, max=0.291989]
VALIDATION
valid epoch balanced_accuracy: 0.661111
EPOCH 83:
PU nnPU correction: 41/90 batches, negative_risk[min=-0.045978, mean=0.023075, max=0.251947]
VALIDATION
valid epoch balanced_accuracy: 0.622222
EPOCH 84:
PU nnPU correction: 34/90 batches, negative_risk[min=-0.044734, mean=0.031098, max=0.343241]
VALIDATION
valid epoch balanced_accuracy: 0.614444
EPOCH 85:
PU nnPU correction: 42/90 batches, negative_risk[min=-0.059593, mean=0.019854, max=0.215460]
VALIDATION
valid epoch balanced_accuracy: 0.728889
EPOCH 86:
PU nnPU correction: 42/90 batches, negative_risk[min=-0.044497, mean=0.018001, max=0.334662]
VALIDATION
valid epoch balanced_accuracy: 0.574444
EPOCH 87:
PU nnPU correction: 40/90 batches, negative_risk[min=-0.048970, mean=0.025794, max=0.325157]
VALIDATION
valid epoch balanced_accuracy: 0.677778
EPOCH 88:
PU nnPU correction: 33/90 batches, negative_risk[min=-0.056575, mean=0.031305, max=0.274103]
VALIDATION
valid epoch balanced_accuracy: 0.696667
EPOCH 89:
PU nnPU correction: 46/90 batches, negative_risk[min=-0.051722, mean=0.019970, max=0.259933]
VALIDATION
valid epoch balanced_accuracy: 0.518889
EPOCH 90:
PU nnPU correction: 32/90 batches, negative_risk[min=-0.051207, mean=0.036982, max=0.324983]
VALIDATION
valid epoch balanced_accuracy: 0.665556
EPOCH 91:
PU nnPU correction: 36/90 batches, negative_risk[min=-0.041666, mean=0.032935, max=0.332570]
VALIDATION
valid epoch balanced_accuracy: 0.733333
EPOCH 92:
PU nnPU correction: 38/90 batches, negative_risk[min=-0.043369, mean=0.032098, max=0.347805]
VALIDATION
valid epoch balanced_accuracy: 0.625556
EPOCH 93:
PU nnPU correction: 42/90 batches, negative_risk[min=-0.044217, mean=0.022160, max=0.250353]
VALIDATION
valid epoch balanced_accuracy: 0.605556
EPOCH 94:
PU nnPU correction: 40/90 batches, negative_risk[min=-0.048397, mean=0.041117, max=0.382872]
VALIDATION
valid epoch balanced_accuracy: 0.630000
EPOCH 95:
PU nnPU correction: 42/90 batches, negative_risk[min=-0.053881, mean=0.025384, max=0.213719]
VALIDATION
valid epoch balanced_accuracy: 0.637778
EPOCH 96:
PU nnPU correction: 39/90 batches, negative_risk[min=-0.044814, mean=0.032479, max=0.292108]
VALIDATION
valid epoch balanced_accuracy: 0.630000
EPOCH 97:
PU nnPU correction: 39/90 batches, negative_risk[min=-0.044551, mean=0.028088, max=0.293011]
VALIDATION
valid epoch balanced_accuracy: 0.645556
EPOCH 98:
PU nnPU correction: 37/90 batches, negative_risk[min=-0.038893, mean=0.020362, max=0.358620]
VALIDATION
valid epoch balanced_accuracy: 0.590000
EPOCH 99:
PU nnPU correction: 42/90 batches, negative_risk[min=-0.044269, mean=0.032919, max=0.308133]
VALIDATION
valid epoch balanced_accuracy: 0.574444
EPOCH 100:
PU nnPU correction: 38/90 batches, negative_risk[min=-0.045761, mean=0.025518, max=0.206064]
VALIDATION
valid epoch balanced_accuracy: 0.650000
EPOCH 101:
PU nnPU correction: 44/90 batches, negative_risk[min=-0.037427, mean=0.020912, max=0.372288]
VALIDATION
valid epoch balanced_accuracy: 0.665556
EPOCH 102:
PU nnPU correction: 39/90 batches, negative_risk[min=-0.045101, mean=0.029488, max=0.351850]
VALIDATION
valid epoch balanced_accuracy: 0.526667
EPOCH 103:
PU nnPU correction: 43/90 batches, negative_risk[min=-0.041913, mean=0.012809, max=0.178230]
VALIDATION
valid epoch balanced_accuracy: 0.570000
EPOCH 104:
PU nnPU correction: 38/90 batches, negative_risk[min=-0.037799, mean=0.027369, max=0.462816]
VALIDATION
valid epoch balanced_accuracy: 0.628889
EPOCH 105:
PU nnPU correction: 35/90 batches, negative_risk[min=-0.054052, mean=0.042400, max=0.419744]
VALIDATION
valid epoch balanced_accuracy: 0.546667
EPOCH 106:
PU nnPU correction: 44/90 batches, negative_risk[min=-0.049362, mean=0.017423, max=0.240448]
VALIDATION
valid epoch balanced_accuracy: 0.514444
EPOCH 107:
PU nnPU correction: 44/90 batches, negative_risk[min=-0.034511, mean=0.016216, max=0.309207]
VALIDATION
valid epoch balanced_accuracy: 0.630000
EPOCH 108:
PU nnPU correction: 47/90 batches, negative_risk[min=-0.041853, mean=0.019667, max=0.369826]
VALIDATION
valid epoch balanced_accuracy: 0.522222
EPOCH 109:
PU nnPU correction: 39/90 batches, negative_risk[min=-0.043813, mean=0.024864, max=0.261540]
VALIDATION
valid epoch balanced_accuracy: 0.693333
EPOCH 110:
PU nnPU correction: 42/90 batches, negative_risk[min=-0.032586, mean=0.018194, max=0.210142]
VALIDATION
valid epoch balanced_accuracy: 0.633333
EPOCH 111:
PU nnPU correction: 37/90 batches, negative_risk[min=-0.027301, mean=0.024125, max=0.402750]
VALIDATION
valid epoch balanced_accuracy: 0.502222
EPOCH 112:
PU nnPU correction: 42/90 batches, negative_risk[min=-0.045815, mean=0.019845, max=0.282462]
VALIDATION
valid epoch balanced_accuracy: 0.562222
EPOCH 113:
PU nnPU correction: 44/90 batches, negative_risk[min=-0.041292, mean=0.018358, max=0.366268]
VALIDATION
valid epoch balanced_accuracy: 0.625556
EPOCH 114:
PU nnPU correction: 43/90 batches, negative_risk[min=-0.039868, mean=0.023692, max=0.347918]
VALIDATION
valid epoch balanced_accuracy: 0.526667
EPOCH 115:
PU nnPU correction: 40/90 batches, negative_risk[min=-0.036714, mean=0.020212, max=0.204769]
VALIDATION
valid epoch balanced_accuracy: 0.482222
EPOCH 116:
PU nnPU correction: 44/90 batches, negative_risk[min=-0.046286, mean=0.029167, max=0.256294]
VALIDATION
valid epoch balanced_accuracy: 0.531111
EPOCH 117:
PU nnPU correction: 40/90 batches, negative_risk[min=-0.049793, mean=0.026903, max=0.350531]
VALIDATION
valid epoch balanced_accuracy: 0.602222
EPOCH 118:
PU nnPU correction: 34/90 batches, negative_risk[min=-0.032897, mean=0.024349, max=0.243242]
VALIDATION
valid epoch balanced_accuracy: 0.601111
EPOCH 119:
PU nnPU correction: 41/90 batches, negative_risk[min=-0.033239, mean=0.024172, max=0.221549]
VALIDATION
valid epoch balanced_accuracy: 0.693333
EPOCH 120:
PU nnPU correction: 43/90 batches, negative_risk[min=-0.032934, mean=0.018996, max=0.442673]
VALIDATION
valid epoch balanced_accuracy: 0.594444
EPOCH 121:
PU nnPU correction: 42/90 batches, negative_risk[min=-0.035379, mean=0.018650, max=0.204309]
VALIDATION
valid epoch balanced_accuracy: 0.610000
EPOCH 122:
PU nnPU correction: 38/90 batches, negative_risk[min=-0.040537, mean=0.024165, max=0.352602]
VALIDATION
valid epoch balanced_accuracy: 0.534444
EPOCH 123:
PU nnPU correction: 40/90 batches, negative_risk[min=-0.031898, mean=0.023494, max=0.185939]
VALIDATION
valid epoch balanced_accuracy: 0.637778
EPOCH 124:
PU nnPU correction: 40/90 batches, negative_risk[min=-0.032038, mean=0.025099, max=0.400482]
VALIDATION
valid epoch balanced_accuracy: 0.625556
EPOCH 125:
PU nnPU correction: 40/90 batches, negative_risk[min=-0.039949, mean=0.033237, max=0.445697]
VALIDATION
valid epoch balanced_accuracy: 0.625556
EPOCH 126:
PU nnPU correction: 42/90 batches, negative_risk[min=-0.038085, mean=0.028787, max=0.385542]
VALIDATION
valid epoch balanced_accuracy: 0.622222
EPOCH 127:
PU nnPU correction: 46/90 batches, negative_risk[min=-0.039905, mean=0.016185, max=0.257973]
VALIDATION
valid epoch balanced_accuracy: 0.642222
EPOCH 128:
PU nnPU correction: 38/90 batches, negative_risk[min=-0.037604, mean=0.019924, max=0.217023]
VALIDATION
valid epoch balanced_accuracy: 0.590000
EPOCH 129:
PU nnPU correction: 42/90 batches, negative_risk[min=-0.033174, mean=0.014990, max=0.190352]
VALIDATION
valid epoch balanced_accuracy: 0.597778
EPOCH 130:
PU nnPU correction: 42/90 batches, negative_risk[min=-0.035091, mean=0.014338, max=0.272892]
VALIDATION
valid epoch balanced_accuracy: 0.637778
EPOCH 131:
PU nnPU correction: 35/90 batches, negative_risk[min=-0.030271, mean=0.028518, max=0.211398]
VALIDATION
valid epoch balanced_accuracy: 0.451111
EPOCH 132:
PU nnPU correction: 40/90 batches, negative_risk[min=-0.034653, mean=0.021807, max=0.256238]
VALIDATION
valid epoch balanced_accuracy: 0.590000
EPOCH 133:
PU nnPU correction: 44/90 batches, negative_risk[min=-0.035034, mean=0.031125, max=0.290507]
VALIDATION
valid epoch balanced_accuracy: 0.641111
EPOCH 134:
PU nnPU correction: 43/90 batches, negative_risk[min=-0.043089, mean=0.016781, max=0.343532]
VALIDATION
valid epoch balanced_accuracy: 0.605556
EPOCH 135:
PU nnPU correction: 37/90 batches, negative_risk[min=-0.039493, mean=0.021472, max=0.435610]
VALIDATION
valid epoch balanced_accuracy: 0.633333
EPOCH 136:
PU nnPU correction: 45/90 batches, negative_risk[min=-0.032380, mean=0.015403, max=0.247275]
VALIDATION
valid epoch balanced_accuracy: 0.621111
EPOCH 137:
PU nnPU correction: 41/90 batches, negative_risk[min=-0.030878, mean=0.017811, max=0.310508]
VALIDATION
valid epoch balanced_accuracy: 0.744444
EPOCH 138:
PU nnPU correction: 37/90 batches, negative_risk[min=-0.032136, mean=0.028148, max=0.268936]
VALIDATION
valid epoch balanced_accuracy: 0.713333
EPOCH 139:
PU nnPU correction: 42/90 batches, negative_risk[min=-0.032850, mean=0.019993, max=0.226620]
VALIDATION
valid epoch balanced_accuracy: 0.645556
EPOCH 140:
PU nnPU correction: 41/90 batches, negative_risk[min=-0.027762, mean=0.019858, max=0.205741]
VALIDATION
valid epoch balanced_accuracy: 0.673333
EPOCH 141:
PU nnPU correction: 42/90 batches, negative_risk[min=-0.031481, mean=0.016200, max=0.224426]
VALIDATION
valid epoch balanced_accuracy: 0.708889
EPOCH 142:
PU nnPU correction: 43/90 batches, negative_risk[min=-0.025553, mean=0.018115, max=0.212798]
VALIDATION
valid epoch balanced_accuracy: 0.648889
EPOCH 143:
PU nnPU correction: 41/90 batches, negative_risk[min=-0.026475, mean=0.013880, max=0.300830]
VALIDATION
valid epoch balanced_accuracy: 0.701111
EPOCH 144:
PU nnPU correction: 41/90 batches, negative_risk[min=-0.027202, mean=0.016553, max=0.401560]
VALIDATION
valid epoch balanced_accuracy: 0.662222
EPOCH 145:
PU nnPU correction: 43/90 batches, negative_risk[min=-0.044663, mean=0.012609, max=0.222135]
VALIDATION
valid epoch balanced_accuracy: 0.688889
EPOCH 146:
PU nnPU correction: 39/90 batches, negative_risk[min=-0.038103, mean=0.031957, max=0.454551]
VALIDATION
valid epoch balanced_accuracy: 0.597778
EPOCH 147:
PU nnPU correction: 40/90 batches, negative_risk[min=-0.027718, mean=0.019215, max=0.359660]
VALIDATION
valid epoch balanced_accuracy: 0.641111
EPOCH 148:
PU nnPU correction: 38/90 batches, negative_risk[min=-0.028583, mean=0.026771, max=0.277396]
VALIDATION
valid epoch balanced_accuracy: 0.530000
EPOCH 149:
PU nnPU correction: 45/90 batches, negative_risk[min=-0.029385, mean=0.013947, max=0.249842]
VALIDATION
valid epoch balanced_accuracy: 0.641111
EPOCH 150:
PU nnPU correction: 40/90 batches, negative_risk[min=-0.024954, mean=0.016055, max=0.299627]
VALIDATION
valid epoch balanced_accuracy: 0.494444
accuracy: 0.697674
sensitivity: 0.760000
precision: 0.730769
specificity: 0.611111
IoU: 0.593750
FAR: 0.388889
F1: 0.745098
balanced_accuracy: 0.685556
loss: 0.829473
