
/home/andrei/DL_project_5/DL_project/dataloader/New_dataloader.py:73: UserWarning: The given NumPy array is not writable, and PyTorch does not support non-writable tensors. This means writing to this tensor will result in undefined behavior. You may want to copy the array to protect its data or make it writable before converting it to a tensor. This type of warning will be suppressed for the rest of this program. (Triggered internally at /pytorch/torch/csrc/utils/tensor_numpy.cpp:213.)
  self.train_orig_indexes = torch.as_tensor(self.csvtrain["_tanimoto_orig_idx"].values, dtype=torch.long)
train : (1104, 12)
valid : (204, 12)
test : (204, 12)
number of parameters : 802825
class weights : [1.0, 1.0]
balanced batches : 138 per epoch covering all 1104 train rows, target 4 positive + 4 unlabeled
cache warmed : 35 proteins, 410 lipid encodings, 0 lipid graphs, 89 MiB
source artifacts released : ['csvt', 'protein_tensor_cache', 'smiles_encoding', 'train_tanimoto_batch']
data extracted
EPOCH 1:
VALIDATION
valid epoch balanced_accuracy: 0.322799
EPOCH 2:
VALIDATION
valid epoch balanced_accuracy: 0.360750
EPOCH 3:
VALIDATION
valid epoch balanced_accuracy: 0.449206
EPOCH 4:
VALIDATION
valid epoch balanced_accuracy: 0.434776
EPOCH 5:
VALIDATION
valid epoch balanced_accuracy: 0.428571
EPOCH 6:
VALIDATION
valid epoch balanced_accuracy: 0.486436
EPOCH 7:
VALIDATION
valid epoch balanced_accuracy: 0.509091
EPOCH 8:
VALIDATION
valid epoch balanced_accuracy: 0.439683
EPOCH 9:
VALIDATION
valid epoch balanced_accuracy: 0.459307
EPOCH 10:
VALIDATION
valid epoch balanced_accuracy: 0.414863
EPOCH 11:
VALIDATION
valid epoch balanced_accuracy: 0.452092
EPOCH 12:
VALIDATION
valid epoch balanced_accuracy: 0.499711
EPOCH 13:
VALIDATION
valid epoch balanced_accuracy: 0.607937
EPOCH 14:
VALIDATION
valid epoch balanced_accuracy: 0.634921
EPOCH 15:
VALIDATION
valid epoch balanced_accuracy: 0.625830
EPOCH 16:
VALIDATION
valid epoch balanced_accuracy: 0.525830
EPOCH 17:
VALIDATION
valid epoch balanced_accuracy: 0.565801
EPOCH 18:
VALIDATION
valid epoch balanced_accuracy: 0.682395
EPOCH 19:
VALIDATION
valid epoch balanced_accuracy: 0.604762
EPOCH 20:
VALIDATION
valid epoch balanced_accuracy: 0.526840
EPOCH 21:
VALIDATION
valid epoch balanced_accuracy: 0.660317
EPOCH 22:
VALIDATION
valid epoch balanced_accuracy: 0.674459
EPOCH 23:
VALIDATION
valid epoch balanced_accuracy: 0.654401
EPOCH 24:
VALIDATION
valid epoch balanced_accuracy: 0.752381
EPOCH 25:
VALIDATION
valid epoch balanced_accuracy: 0.680952
EPOCH 26:
VALIDATION
valid epoch balanced_accuracy: 0.547908
EPOCH 27:
VALIDATION
valid epoch balanced_accuracy: 0.722367
EPOCH 28:
VALIDATION
valid epoch balanced_accuracy: 0.564214
EPOCH 29:
VALIDATION
valid epoch balanced_accuracy: 0.678788
EPOCH 30:
VALIDATION
valid epoch balanced_accuracy: 0.644012
EPOCH 31:
VALIDATION
valid epoch balanced_accuracy: 0.694949
EPOCH 32:
VALIDATION
valid epoch balanced_accuracy: 0.600866
EPOCH 33:
VALIDATION
valid epoch balanced_accuracy: 0.676190
EPOCH 34:
VALIDATION
valid epoch balanced_accuracy: 0.721356
EPOCH 35:
VALIDATION
valid epoch balanced_accuracy: 0.702020
EPOCH 36:
VALIDATION
valid epoch balanced_accuracy: 0.673449
EPOCH 37:
VALIDATION
valid epoch balanced_accuracy: 0.567244
EPOCH 38:
VALIDATION
valid epoch balanced_accuracy: 0.658586
EPOCH 39:
VALIDATION
valid epoch balanced_accuracy: 0.699423
EPOCH 40:
VALIDATION
valid epoch balanced_accuracy: 0.734776
EPOCH 41:
VALIDATION
valid epoch balanced_accuracy: 0.685714
EPOCH 42:
VALIDATION
valid epoch balanced_accuracy: 0.706205
EPOCH 43:
VALIDATION
valid epoch balanced_accuracy: 0.679076
EPOCH 44:
VALIDATION
valid epoch balanced_accuracy: 0.668110
EPOCH 45:
VALIDATION
valid epoch balanced_accuracy: 0.711544
EPOCH 46:
VALIDATION
valid epoch balanced_accuracy: 0.516017
EPOCH 47:
VALIDATION
valid epoch balanced_accuracy: 0.691631
EPOCH 48:
VALIDATION
valid epoch balanced_accuracy: 0.747619
EPOCH 49:
VALIDATION
valid epoch balanced_accuracy: 0.724098
EPOCH 50:
VALIDATION
valid epoch balanced_accuracy: 0.725253
EPOCH 51:
VALIDATION
valid epoch balanced_accuracy: 0.691631
EPOCH 52:
VALIDATION
valid epoch balanced_accuracy: 0.626984
EPOCH 53:
VALIDATION
valid epoch balanced_accuracy: 0.607359
EPOCH 54:
VALIDATION
valid epoch balanced_accuracy: 0.629149
EPOCH 55:
VALIDATION
valid epoch balanced_accuracy: 0.753247
EPOCH 56:
VALIDATION
valid epoch balanced_accuracy: 0.682684
EPOCH 57:
VALIDATION
valid epoch balanced_accuracy: 0.680664
EPOCH 58:
VALIDATION
valid epoch balanced_accuracy: 0.654690
EPOCH 59:
VALIDATION
valid epoch balanced_accuracy: 0.607071
EPOCH 60:
VALIDATION
valid epoch balanced_accuracy: 0.695527
EPOCH 61:
VALIDATION
valid epoch balanced_accuracy: 0.574026
EPOCH 62:
VALIDATION
valid epoch balanced_accuracy: 0.613564
EPOCH 63:
VALIDATION
valid epoch balanced_accuracy: 0.644589
EPOCH 64:
VALIDATION
valid epoch balanced_accuracy: 0.691342
EPOCH 65:
VALIDATION
valid epoch balanced_accuracy: 0.650794
EPOCH 66:
VALIDATION
valid epoch balanced_accuracy: 0.635931
EPOCH 67:
VALIDATION
valid epoch balanced_accuracy: 0.759452
EPOCH 68:
VALIDATION
valid epoch balanced_accuracy: 0.728283
EPOCH 69:
VALIDATION
valid epoch balanced_accuracy: 0.674026
EPOCH 70:
VALIDATION
valid epoch balanced_accuracy: 0.716595
EPOCH 71:
VALIDATION
valid epoch balanced_accuracy: 0.725830
EPOCH 72:
VALIDATION
valid epoch balanced_accuracy: 0.562482
EPOCH 73:
VALIDATION
valid epoch balanced_accuracy: 0.733333
EPOCH 74:
VALIDATION
valid epoch balanced_accuracy: 0.681241
EPOCH 75:
VALIDATION
valid epoch balanced_accuracy: 0.687446
EPOCH 76:
VALIDATION
valid epoch balanced_accuracy: 0.700866
EPOCH 77:
VALIDATION
valid epoch balanced_accuracy: 0.614286
EPOCH 78:
VALIDATION
valid epoch balanced_accuracy: 0.597835
EPOCH 79:
VALIDATION
valid epoch balanced_accuracy: 0.768398
EPOCH 80:
VALIDATION
valid epoch balanced_accuracy: 0.634488
EPOCH 81:
VALIDATION
valid epoch balanced_accuracy: 0.741847
EPOCH 82:
VALIDATION
valid epoch balanced_accuracy: 0.700866
EPOCH 83:
VALIDATION
valid epoch balanced_accuracy: 0.744012
EPOCH 84:
VALIDATION
valid epoch balanced_accuracy: 0.593074
EPOCH 85:
VALIDATION
valid epoch balanced_accuracy: 0.706782
EPOCH 86:
VALIDATION
valid epoch balanced_accuracy: 0.687157
EPOCH 87:
VALIDATION
valid epoch balanced_accuracy: 0.749062
EPOCH 88:
VALIDATION
valid epoch balanced_accuracy: 0.698701
EPOCH 89:
VALIDATION
valid epoch balanced_accuracy: 0.693074
EPOCH 90:
VALIDATION
valid epoch balanced_accuracy: 0.631746
EPOCH 91:
VALIDATION
valid epoch balanced_accuracy: 0.705051
EPOCH 92:
VALIDATION
valid epoch balanced_accuracy: 0.725253
EPOCH 93:
VALIDATION
valid epoch balanced_accuracy: 0.722222
EPOCH 94:
VALIDATION
valid epoch balanced_accuracy: 0.601154
EPOCH 95:
VALIDATION
valid epoch balanced_accuracy: 0.651082
EPOCH 96:
VALIDATION
valid epoch balanced_accuracy: 0.663636
EPOCH 97:
VALIDATION
valid epoch balanced_accuracy: 0.721356
EPOCH 98:
VALIDATION
valid epoch balanced_accuracy: 0.677056
EPOCH 99:
VALIDATION
valid epoch balanced_accuracy: 0.716017
EPOCH 100:
VALIDATION
valid epoch balanced_accuracy: 0.591631
EPOCH 101:
VALIDATION
valid epoch balanced_accuracy: 0.673160
EPOCH 102:
VALIDATION
valid epoch balanced_accuracy: 0.568687
EPOCH 103:
VALIDATION
valid epoch balanced_accuracy: 0.746320
EPOCH 104:
VALIDATION
valid epoch balanced_accuracy: 0.721645
EPOCH 105:
VALIDATION
valid epoch balanced_accuracy: 0.707071
EPOCH 106:
VALIDATION
valid epoch balanced_accuracy: 0.726407
EPOCH 107:
VALIDATION
valid epoch balanced_accuracy: 0.686580
EPOCH 108:
VALIDATION
valid epoch balanced_accuracy: 0.691631
EPOCH 109:
VALIDATION
valid epoch balanced_accuracy: 0.745166
EPOCH 110:
VALIDATION
valid epoch balanced_accuracy: 0.701732
EPOCH 111:
VALIDATION
valid epoch balanced_accuracy: 0.735642
EPOCH 112:
VALIDATION
valid epoch balanced_accuracy: 0.656566
EPOCH 113:
VALIDATION
valid epoch balanced_accuracy: 0.673737
EPOCH 114:
VALIDATION
valid epoch balanced_accuracy: 0.707359
EPOCH 115:
VALIDATION
valid epoch balanced_accuracy: 0.746609
EPOCH 116:
VALIDATION
valid epoch balanced_accuracy: 0.672872
EPOCH 117:
VALIDATION
valid epoch balanced_accuracy: 0.718326
EPOCH 118:
VALIDATION
valid epoch balanced_accuracy: 0.695527
EPOCH 119:
VALIDATION
valid epoch balanced_accuracy: 0.705916
EPOCH 120:
VALIDATION
valid epoch balanced_accuracy: 0.626407
EPOCH 121:
VALIDATION
valid epoch balanced_accuracy: 0.675902
EPOCH 122:
VALIDATION
valid epoch balanced_accuracy: 0.706205
EPOCH 123:
VALIDATION
valid epoch balanced_accuracy: 0.725541
EPOCH 124:
VALIDATION
valid epoch balanced_accuracy: 0.726118
EPOCH 125:
VALIDATION
valid epoch balanced_accuracy: 0.649928
EPOCH 126:
VALIDATION
valid epoch balanced_accuracy: 0.741558
EPOCH 127:
VALIDATION
valid epoch balanced_accuracy: 0.737662
EPOCH 128:
VALIDATION
valid epoch balanced_accuracy: 0.722799
EPOCH 129:
VALIDATION
valid epoch balanced_accuracy: 0.700866
EPOCH 130:
VALIDATION
valid epoch balanced_accuracy: 0.653247
EPOCH 131:
VALIDATION
valid epoch balanced_accuracy: 0.674747
EPOCH 132:
VALIDATION
valid epoch balanced_accuracy: 0.696970
EPOCH 133:
VALIDATION
valid epoch balanced_accuracy: 0.730880
EPOCH 134:
VALIDATION
valid epoch balanced_accuracy: 0.727706
EPOCH 135:
VALIDATION
valid epoch balanced_accuracy: 0.698990
EPOCH 136:
VALIDATION
valid epoch balanced_accuracy: 0.671717
EPOCH 137:
VALIDATION
valid epoch balanced_accuracy: 0.667821
EPOCH 138:
VALIDATION
valid epoch balanced_accuracy: 0.692208
EPOCH 139:
VALIDATION
valid epoch balanced_accuracy: 0.698413
EPOCH 140:
VALIDATION
valid epoch balanced_accuracy: 0.702886
EPOCH 141:
VALIDATION
valid epoch balanced_accuracy: 0.705051
EPOCH 142:
VALIDATION
valid epoch balanced_accuracy: 0.675902
EPOCH 143:
VALIDATION
valid epoch balanced_accuracy: 0.724387
EPOCH 144:
VALIDATION
valid epoch balanced_accuracy: 0.665079
EPOCH 145:
VALIDATION
valid epoch balanced_accuracy: 0.712410
EPOCH 146:
VALIDATION
valid epoch balanced_accuracy: 0.697547
EPOCH 147:
VALIDATION
valid epoch balanced_accuracy: 0.679654
EPOCH 148:
VALIDATION
valid epoch balanced_accuracy: 0.648773
EPOCH 149:
VALIDATION
valid epoch balanced_accuracy: 0.702309
EPOCH 150:
VALIDATION
valid epoch balanced_accuracy: 0.658874
accuracy: 0.735294
sensitivity: 0.757576
precision: 0.714286
specificity: 0.714286
IoU: 0.581395
FAR: 0.285714
F1: 0.735294
balanced_accuracy: 0.735931
loss: 0.609287
