=== GROUP: CRAL-TRIO | VARIANT: bbp_fa_nps3mlp_dpt01_gm_plm64_hid64_GRL_dp_rmpft | SEED: 1 | GPU: NVIDIA H200 | SLOT: 1 ===

number of parameters : 1279114
train : (1104, 12)
valid : (204, 12)
test : (204, 12)
class weights : [1.0, 1.0]
balanced batches : 69 per epoch covering all 1104 train rows, target 8 positive + 8 unlabeled
cache warmed : 35 proteins, 409 lipid encodings, 0 lipid graphs, 131 MiB
data extracted
EPOCH 1:
VALIDATION
valid epoch balanced_accuracy: 0.368269
EPOCH 2:
VALIDATION
valid epoch balanced_accuracy: 0.374231
EPOCH 3:
VALIDATION
valid epoch balanced_accuracy: 0.407115
EPOCH 4:
VALIDATION
valid epoch balanced_accuracy: 0.592115
EPOCH 5:
VALIDATION
valid epoch balanced_accuracy: 0.480385
EPOCH 6:
VALIDATION
valid epoch balanced_accuracy: 0.553654
EPOCH 7:
VALIDATION
valid epoch balanced_accuracy: 0.583654
EPOCH 8:
VALIDATION
valid epoch balanced_accuracy: 0.558077
EPOCH 9:
VALIDATION
valid epoch balanced_accuracy: 0.625577
EPOCH 10:
VALIDATION
valid epoch balanced_accuracy: 0.520000
EPOCH 11:
VALIDATION
valid epoch balanced_accuracy: 0.586346
EPOCH 12:
VALIDATION
valid epoch balanced_accuracy: 0.420385
EPOCH 13:
VALIDATION
valid epoch balanced_accuracy: 0.372308
EPOCH 14:
VALIDATION
valid epoch balanced_accuracy: 0.372692
EPOCH 15:
VALIDATION
valid epoch balanced_accuracy: 0.583654
EPOCH 16:
VALIDATION
valid epoch balanced_accuracy: 0.407115
EPOCH 17:
VALIDATION
valid epoch balanced_accuracy: 0.403654
EPOCH 18:
VALIDATION
valid epoch balanced_accuracy: 0.521346
EPOCH 19:
VALIDATION
valid epoch balanced_accuracy: 0.378654
EPOCH 20:
VALIDATION
valid epoch balanced_accuracy: 0.398462
EPOCH 21:
VALIDATION
valid epoch balanced_accuracy: 0.373846
EPOCH 22:
VALIDATION
valid epoch balanced_accuracy: 0.510000
EPOCH 23:
VALIDATION
valid epoch balanced_accuracy: 0.384615
EPOCH 24:
VALIDATION
valid epoch balanced_accuracy: 0.454038
EPOCH 25:
VALIDATION
valid epoch balanced_accuracy: 0.338846
EPOCH 26:
VALIDATION
valid epoch balanced_accuracy: 0.377885
EPOCH 27:
VALIDATION
valid epoch balanced_accuracy: 0.453654
EPOCH 28:
VALIDATION
valid epoch balanced_accuracy: 0.329615
EPOCH 29:
VALIDATION
valid epoch balanced_accuracy: 0.412115
EPOCH 30:
VALIDATION
valid epoch balanced_accuracy: 0.378077
EPOCH 31:
VALIDATION
valid epoch balanced_accuracy: 0.592885
EPOCH 32:
VALIDATION
valid epoch balanced_accuracy: 0.372692
EPOCH 33:
VALIDATION
valid epoch balanced_accuracy: 0.384231
EPOCH 34:
VALIDATION
valid epoch balanced_accuracy: 0.338269
EPOCH 35:
VALIDATION
valid epoch balanced_accuracy: 0.375962
EPOCH 36:
VALIDATION
valid epoch balanced_accuracy: 0.396923
EPOCH 37:
VALIDATION
valid epoch balanced_accuracy: 0.408269
EPOCH 38:
VALIDATION
valid epoch balanced_accuracy: 0.335962
EPOCH 39:
VALIDATION
valid epoch balanced_accuracy: 0.540385
EPOCH 40:
VALIDATION
valid epoch balanced_accuracy: 0.539231
EPOCH 41:
VALIDATION
valid epoch balanced_accuracy: 0.417692
EPOCH 42:
VALIDATION
valid epoch balanced_accuracy: 0.387115
EPOCH 43:
VALIDATION
valid epoch balanced_accuracy: 0.551923
EPOCH 44:
VALIDATION
valid epoch balanced_accuracy: 0.320769
EPOCH 45:
VALIDATION
valid epoch balanced_accuracy: 0.354423
EPOCH 46:
VALIDATION
valid epoch balanced_accuracy: 0.554808
EPOCH 47:
VALIDATION
valid epoch balanced_accuracy: 0.300577
EPOCH 48:
VALIDATION
valid epoch balanced_accuracy: 0.541923
EPOCH 49:
VALIDATION
valid epoch balanced_accuracy: 0.412500
EPOCH 50:
VALIDATION
valid epoch balanced_accuracy: 0.489423
EPOCH 51:
VALIDATION
valid epoch balanced_accuracy: 0.340769
EPOCH 52:
VALIDATION
valid epoch balanced_accuracy: 0.365577
EPOCH 53:
VALIDATION
valid epoch balanced_accuracy: 0.426923
EPOCH 54:
VALIDATION
valid epoch balanced_accuracy: 0.368462
EPOCH 55:
VALIDATION
valid epoch balanced_accuracy: 0.355962
EPOCH 56:
VALIDATION
valid epoch balanced_accuracy: 0.447308
EPOCH 57:
VALIDATION
valid epoch balanced_accuracy: 0.438462
EPOCH 58:
VALIDATION
valid epoch balanced_accuracy: 0.516731
EPOCH 59:
VALIDATION
valid epoch balanced_accuracy: 0.421923
EPOCH 60:
VALIDATION
valid epoch balanced_accuracy: 0.488846
EPOCH 61:
VALIDATION
valid epoch balanced_accuracy: 0.375192
EPOCH 62:
VALIDATION
valid epoch balanced_accuracy: 0.417885
EPOCH 63:
VALIDATION
valid epoch balanced_accuracy: 0.422115
EPOCH 64:
VALIDATION
valid epoch balanced_accuracy: 0.447115
EPOCH 65:
VALIDATION
valid epoch balanced_accuracy: 0.624615
EPOCH 66:
VALIDATION
valid epoch balanced_accuracy: 0.446731
EPOCH 67:
VALIDATION
valid epoch balanced_accuracy: 0.411731
EPOCH 68:
VALIDATION
valid epoch balanced_accuracy: 0.501923
EPOCH 69:
VALIDATION
valid epoch balanced_accuracy: 0.461731
EPOCH 70:
VALIDATION
valid epoch balanced_accuracy: 0.392115
EPOCH 71:
VALIDATION
valid epoch balanced_accuracy: 0.426731
EPOCH 72:
VALIDATION
valid epoch balanced_accuracy: 0.509808
EPOCH 73:
VALIDATION
valid epoch balanced_accuracy: 0.472115
EPOCH 74:
VALIDATION
valid epoch balanced_accuracy: 0.437500
EPOCH 75:
VALIDATION
valid epoch balanced_accuracy: 0.427500
EPOCH 76:
VALIDATION
valid epoch balanced_accuracy: 0.456346
EPOCH 77:
VALIDATION
valid epoch balanced_accuracy: 0.447308
EPOCH 78:
VALIDATION
valid epoch balanced_accuracy: 0.506346
EPOCH 79:
VALIDATION
valid epoch balanced_accuracy: 0.487308
EPOCH 80:
VALIDATION
valid epoch balanced_accuracy: 0.461538
EPOCH 81:
VALIDATION
valid epoch balanced_accuracy: 0.467692
EPOCH 82:
VALIDATION
valid epoch balanced_accuracy: 0.495962
EPOCH 83:
VALIDATION
valid epoch balanced_accuracy: 0.526731
EPOCH 84:
VALIDATION
valid epoch balanced_accuracy: 0.529615
EPOCH 85:
VALIDATION
valid epoch balanced_accuracy: 0.519808
EPOCH 86:
VALIDATION
valid epoch balanced_accuracy: 0.545577
EPOCH 87:
VALIDATION
valid epoch balanced_accuracy: 0.579808
EPOCH 88:
VALIDATION
valid epoch balanced_accuracy: 0.554423
EPOCH 89:
VALIDATION
valid epoch balanced_accuracy: 0.519808
EPOCH 90:
VALIDATION
valid epoch balanced_accuracy: 0.566154
EPOCH 91:
VALIDATION
valid epoch balanced_accuracy: 0.519615
EPOCH 92:
VALIDATION
valid epoch balanced_accuracy: 0.422692
EPOCH 93:
VALIDATION
valid epoch balanced_accuracy: 0.496154
EPOCH 94:
VALIDATION
valid epoch balanced_accuracy: 0.514615
EPOCH 95:
VALIDATION
valid epoch balanced_accuracy: 0.560000
EPOCH 96:
VALIDATION
valid epoch balanced_accuracy: 0.474808
EPOCH 97:
VALIDATION
valid epoch balanced_accuracy: 0.524423
EPOCH 98:
VALIDATION
valid epoch balanced_accuracy: 0.509231
EPOCH 99:
VALIDATION
valid epoch balanced_accuracy: 0.416923
EPOCH 100:
VALIDATION
valid epoch balanced_accuracy: 0.485769
EPOCH 101:
VALIDATION
valid epoch balanced_accuracy: 0.475962
EPOCH 102:
VALIDATION
valid epoch balanced_accuracy: 0.481538
EPOCH 103:
VALIDATION
valid epoch balanced_accuracy: 0.470192
EPOCH 104:
VALIDATION
valid epoch balanced_accuracy: 0.485192
EPOCH 105:
VALIDATION
valid epoch balanced_accuracy: 0.481346
EPOCH 106:
VALIDATION
valid epoch balanced_accuracy: 0.485577
EPOCH 107:
VALIDATION
valid epoch balanced_accuracy: 0.529615
EPOCH 108:
VALIDATION
valid epoch balanced_accuracy: 0.500000
EPOCH 109:
VALIDATION
valid epoch balanced_accuracy: 0.524615
EPOCH 110:
VALIDATION
valid epoch balanced_accuracy: 0.520192
EPOCH 111:
VALIDATION
valid epoch balanced_accuracy: 0.456346
EPOCH 112:
VALIDATION
valid epoch balanced_accuracy: 0.515192
EPOCH 113:
VALIDATION
valid epoch balanced_accuracy: 0.466731
EPOCH 114:
VALIDATION
valid epoch balanced_accuracy: 0.496154
EPOCH 115:
VALIDATION
valid epoch balanced_accuracy: 0.490192
EPOCH 116:
VALIDATION
valid epoch balanced_accuracy: 0.530192
EPOCH 117:
VALIDATION
valid epoch balanced_accuracy: 0.535769
EPOCH 118:
VALIDATION
valid epoch balanced_accuracy: 0.505962
EPOCH 119:
VALIDATION
valid epoch balanced_accuracy: 0.580192
EPOCH 120:
VALIDATION
valid epoch balanced_accuracy: 0.558846
EPOCH 121:
VALIDATION
valid epoch balanced_accuracy: 0.554615
EPOCH 122:
VALIDATION
valid epoch balanced_accuracy: 0.585962
EPOCH 123:
VALIDATION
valid epoch balanced_accuracy: 0.555192
EPOCH 124:
VALIDATION
valid epoch balanced_accuracy: 0.545192
EPOCH 125:
VALIDATION
valid epoch balanced_accuracy: 0.491346
EPOCH 126:
VALIDATION
valid epoch balanced_accuracy: 0.462500
EPOCH 127:
VALIDATION
valid epoch balanced_accuracy: 0.579615
EPOCH 128:
VALIDATION
valid epoch balanced_accuracy: 0.408077
EPOCH 129:
VALIDATION
valid epoch balanced_accuracy: 0.549808
EPOCH 130:
VALIDATION
valid epoch balanced_accuracy: 0.505577
EPOCH 131:
VALIDATION
valid epoch balanced_accuracy: 0.514808
EPOCH 132:
VALIDATION
valid epoch balanced_accuracy: 0.554038
EPOCH 133:
VALIDATION
valid epoch balanced_accuracy: 0.500962
EPOCH 134:
VALIDATION
valid epoch balanced_accuracy: 0.515962
EPOCH 135:
VALIDATION
valid epoch balanced_accuracy: 0.509231
EPOCH 136:
VALIDATION
valid epoch balanced_accuracy: 0.534423
EPOCH 137:
VALIDATION
valid epoch balanced_accuracy: 0.533654
EPOCH 138:
VALIDATION
valid epoch balanced_accuracy: 0.565000
EPOCH 139:
VALIDATION
valid epoch balanced_accuracy: 0.514615
EPOCH 140:
VALIDATION
valid epoch balanced_accuracy: 0.595192
EPOCH 141:
VALIDATION
valid epoch balanced_accuracy: 0.440962
EPOCH 142:
VALIDATION
valid epoch balanced_accuracy: 0.555385
EPOCH 143:
VALIDATION
valid epoch balanced_accuracy: 0.540000
EPOCH 144:
VALIDATION
valid epoch balanced_accuracy: 0.519808
EPOCH 145:
VALIDATION
valid epoch balanced_accuracy: 0.534615
EPOCH 146:
VALIDATION
valid epoch balanced_accuracy: 0.510769
EPOCH 147:
VALIDATION
valid epoch balanced_accuracy: 0.524423
EPOCH 148:
VALIDATION
valid epoch balanced_accuracy: 0.438846
EPOCH 149:
VALIDATION
valid epoch balanced_accuracy: 0.495000
EPOCH 150:
VALIDATION
valid epoch balanced_accuracy: 0.513654
accuracy: 0.568627
sensitivity: 0.490385
precision: 0.593023
specificity: 0.650000
IoU: 0.366906
FAR: 0.350000
F1: 0.536842
balanced_accuracy: 0.570192
loss: 0.677326
