=== GROUP: CRAL-TRIO | VARIANT: bbp_fa_nps3mlp_dpt01_gm_plm64_hid64_GRL_dp_rmpft | SEED: 0 | GPU: NVIDIA H200 | SLOT: 6 ===

number of parameters : 1279114
train : (1104, 12)
valid : (204, 12)
test : (204, 12)
class weights : [1.0, 1.0]
balanced batches : 69 per epoch covering all 1104 train rows, target 8 positive + 8 unlabeled
cache warmed : 35 proteins, 409 lipid encodings, 0 lipid graphs, 131 MiB
data extracted
EPOCH 1:
VALIDATION
valid epoch balanced_accuracy: 0.347308
EPOCH 2:
VALIDATION
valid epoch balanced_accuracy: 0.470769
EPOCH 3:
VALIDATION
valid epoch balanced_accuracy: 0.493654
EPOCH 4:
VALIDATION
valid epoch balanced_accuracy: 0.395385
EPOCH 5:
VALIDATION
valid epoch balanced_accuracy: 0.504038
EPOCH 6:
VALIDATION
valid epoch balanced_accuracy: 0.462115
EPOCH 7:
VALIDATION
valid epoch balanced_accuracy: 0.506923
EPOCH 8:
VALIDATION
valid epoch balanced_accuracy: 0.536731
EPOCH 9:
VALIDATION
valid epoch balanced_accuracy: 0.468654
EPOCH 10:
VALIDATION
valid epoch balanced_accuracy: 0.489423
EPOCH 11:
VALIDATION
valid epoch balanced_accuracy: 0.386731
EPOCH 12:
VALIDATION
valid epoch balanced_accuracy: 0.478462
EPOCH 13:
VALIDATION
valid epoch balanced_accuracy: 0.436923
EPOCH 14:
VALIDATION
valid epoch balanced_accuracy: 0.371731
EPOCH 15:
VALIDATION
valid epoch balanced_accuracy: 0.608846
EPOCH 16:
VALIDATION
valid epoch balanced_accuracy: 0.391154
EPOCH 17:
VALIDATION
valid epoch balanced_accuracy: 0.392500
EPOCH 18:
VALIDATION
valid epoch balanced_accuracy: 0.423269
EPOCH 19:
VALIDATION
valid epoch balanced_accuracy: 0.547885
EPOCH 20:
VALIDATION
valid epoch balanced_accuracy: 0.568846
EPOCH 21:
VALIDATION
valid epoch balanced_accuracy: 0.487308
EPOCH 22:
VALIDATION
valid epoch balanced_accuracy: 0.485769
EPOCH 23:
VALIDATION
valid epoch balanced_accuracy: 0.530000
EPOCH 24:
VALIDATION
valid epoch balanced_accuracy: 0.648654
EPOCH 25:
VALIDATION
valid epoch balanced_accuracy: 0.578462
EPOCH 26:
VALIDATION
valid epoch balanced_accuracy: 0.529231
EPOCH 27:
VALIDATION
valid epoch balanced_accuracy: 0.516731
EPOCH 28:
VALIDATION
valid epoch balanced_accuracy: 0.520769
EPOCH 29:
VALIDATION
valid epoch balanced_accuracy: 0.548654
EPOCH 30:
VALIDATION
valid epoch balanced_accuracy: 0.477692
EPOCH 31:
VALIDATION
valid epoch balanced_accuracy: 0.535385
EPOCH 32:
VALIDATION
valid epoch balanced_accuracy: 0.477692
EPOCH 33:
VALIDATION
valid epoch balanced_accuracy: 0.525769
EPOCH 34:
VALIDATION
valid epoch balanced_accuracy: 0.491154
EPOCH 35:
VALIDATION
valid epoch balanced_accuracy: 0.468846
EPOCH 36:
VALIDATION
valid epoch balanced_accuracy: 0.408846
EPOCH 37:
VALIDATION
valid epoch balanced_accuracy: 0.495769
EPOCH 38:
VALIDATION
valid epoch balanced_accuracy: 0.457500
EPOCH 39:
VALIDATION
valid epoch balanced_accuracy: 0.569038
EPOCH 40:
VALIDATION
valid epoch balanced_accuracy: 0.558269
EPOCH 41:
VALIDATION
valid epoch balanced_accuracy: 0.528462
EPOCH 42:
VALIDATION
valid epoch balanced_accuracy: 0.533846
EPOCH 43:
VALIDATION
valid epoch balanced_accuracy: 0.475962
EPOCH 44:
VALIDATION
valid epoch balanced_accuracy: 0.529038
EPOCH 45:
VALIDATION
valid epoch balanced_accuracy: 0.596154
EPOCH 46:
VALIDATION
valid epoch balanced_accuracy: 0.500385
EPOCH 47:
VALIDATION
valid epoch balanced_accuracy: 0.500769
EPOCH 48:
VALIDATION
valid epoch balanced_accuracy: 0.501346
EPOCH 49:
VALIDATION
valid epoch balanced_accuracy: 0.510385
EPOCH 50:
VALIDATION
valid epoch balanced_accuracy: 0.544038
EPOCH 51:
VALIDATION
valid epoch balanced_accuracy: 0.476731
EPOCH 52:
VALIDATION
valid epoch balanced_accuracy: 0.467885
EPOCH 53:
VALIDATION
valid epoch balanced_accuracy: 0.505385
EPOCH 54:
VALIDATION
valid epoch balanced_accuracy: 0.519615
EPOCH 55:
VALIDATION
valid epoch balanced_accuracy: 0.501346
EPOCH 56:
VALIDATION
valid epoch balanced_accuracy: 0.438846
EPOCH 57:
VALIDATION
valid epoch balanced_accuracy: 0.514808
EPOCH 58:
VALIDATION
valid epoch balanced_accuracy: 0.516731
EPOCH 59:
VALIDATION
valid epoch balanced_accuracy: 0.458846
EPOCH 60:
VALIDATION
valid epoch balanced_accuracy: 0.515962
EPOCH 61:
VALIDATION
valid epoch balanced_accuracy: 0.491923
EPOCH 62:
VALIDATION
valid epoch balanced_accuracy: 0.453077
EPOCH 63:
VALIDATION
valid epoch balanced_accuracy: 0.488077
EPOCH 64:
VALIDATION
valid epoch balanced_accuracy: 0.481538
EPOCH 65:
VALIDATION
valid epoch balanced_accuracy: 0.486346
EPOCH 66:
VALIDATION
valid epoch balanced_accuracy: 0.486538
EPOCH 67:
VALIDATION
valid epoch balanced_accuracy: 0.505769
EPOCH 68:
VALIDATION
valid epoch balanced_accuracy: 0.495962
EPOCH 69:
VALIDATION
valid epoch balanced_accuracy: 0.511538
EPOCH 70:
VALIDATION
valid epoch balanced_accuracy: 0.472500
EPOCH 71:
VALIDATION
valid epoch balanced_accuracy: 0.462885
EPOCH 72:
VALIDATION
valid epoch balanced_accuracy: 0.481346
EPOCH 73:
VALIDATION
valid epoch balanced_accuracy: 0.524808
EPOCH 74:
VALIDATION
valid epoch balanced_accuracy: 0.447885
EPOCH 75:
VALIDATION
valid epoch balanced_accuracy: 0.510769
EPOCH 76:
VALIDATION
valid epoch balanced_accuracy: 0.491346
EPOCH 77:
VALIDATION
valid epoch balanced_accuracy: 0.449423
EPOCH 78:
VALIDATION
valid epoch balanced_accuracy: 0.487115
EPOCH 79:
VALIDATION
valid epoch balanced_accuracy: 0.468077
EPOCH 80:
VALIDATION
valid epoch balanced_accuracy: 0.433462
EPOCH 81:
VALIDATION
valid epoch balanced_accuracy: 0.447500
EPOCH 82:
VALIDATION
valid epoch balanced_accuracy: 0.438077
EPOCH 83:
VALIDATION
valid epoch balanced_accuracy: 0.452885
EPOCH 84:
VALIDATION
valid epoch balanced_accuracy: 0.471538
EPOCH 85:
VALIDATION
valid epoch balanced_accuracy: 0.452885
EPOCH 86:
VALIDATION
valid epoch balanced_accuracy: 0.490962
EPOCH 87:
VALIDATION
valid epoch balanced_accuracy: 0.458077
EPOCH 88:
VALIDATION
valid epoch balanced_accuracy: 0.423077
EPOCH 89:
VALIDATION
valid epoch balanced_accuracy: 0.438269
EPOCH 90:
VALIDATION
valid epoch balanced_accuracy: 0.419231
EPOCH 91:
VALIDATION
valid epoch balanced_accuracy: 0.462692
EPOCH 92:
VALIDATION
valid epoch balanced_accuracy: 0.438077
EPOCH 93:
VALIDATION
valid epoch balanced_accuracy: 0.458077
EPOCH 94:
VALIDATION
valid epoch balanced_accuracy: 0.481731
EPOCH 95:
VALIDATION
valid epoch balanced_accuracy: 0.471538
EPOCH 96:
VALIDATION
valid epoch balanced_accuracy: 0.453077
EPOCH 97:
VALIDATION
valid epoch balanced_accuracy: 0.453462
EPOCH 98:
VALIDATION
valid epoch balanced_accuracy: 0.447308
EPOCH 99:
VALIDATION
valid epoch balanced_accuracy: 0.433269
EPOCH 100:
VALIDATION
valid epoch balanced_accuracy: 0.458269
EPOCH 101:
VALIDATION
valid epoch balanced_accuracy: 0.462885
EPOCH 102:
VALIDATION
valid epoch balanced_accuracy: 0.464231
EPOCH 103:
VALIDATION
valid epoch balanced_accuracy: 0.472500
EPOCH 104:
VALIDATION
valid epoch balanced_accuracy: 0.448462
EPOCH 105:
VALIDATION
valid epoch balanced_accuracy: 0.462885
EPOCH 106:
VALIDATION
valid epoch balanced_accuracy: 0.472500
EPOCH 107:
VALIDATION
valid epoch balanced_accuracy: 0.463077
EPOCH 108:
VALIDATION
valid epoch balanced_accuracy: 0.443462
EPOCH 109:
VALIDATION
valid epoch balanced_accuracy: 0.453269
EPOCH 110:
VALIDATION
valid epoch balanced_accuracy: 0.443077
EPOCH 111:
VALIDATION
valid epoch balanced_accuracy: 0.458077
EPOCH 112:
VALIDATION
valid epoch balanced_accuracy: 0.444231
EPOCH 113:
VALIDATION
valid epoch balanced_accuracy: 0.486346
EPOCH 114:
VALIDATION
valid epoch balanced_accuracy: 0.487115
EPOCH 115:
VALIDATION
valid epoch balanced_accuracy: 0.467692
EPOCH 116:
VALIDATION
valid epoch balanced_accuracy: 0.453077
EPOCH 117:
VALIDATION
valid epoch balanced_accuracy: 0.457115
EPOCH 118:
VALIDATION
valid epoch balanced_accuracy: 0.453654
EPOCH 119:
VALIDATION
valid epoch balanced_accuracy: 0.428654
EPOCH 120:
VALIDATION
valid epoch balanced_accuracy: 0.447500
EPOCH 121:
VALIDATION
valid epoch balanced_accuracy: 0.499808
EPOCH 122:
VALIDATION
valid epoch balanced_accuracy: 0.501923
EPOCH 123:
VALIDATION
valid epoch balanced_accuracy: 0.458654
EPOCH 124:
VALIDATION
valid epoch balanced_accuracy: 0.443269
EPOCH 125:
VALIDATION
valid epoch balanced_accuracy: 0.457885
EPOCH 126:
VALIDATION
valid epoch balanced_accuracy: 0.535000
EPOCH 127:
VALIDATION
valid epoch balanced_accuracy: 0.495192
EPOCH 128:
VALIDATION
valid epoch balanced_accuracy: 0.473846
EPOCH 129:
VALIDATION
valid epoch balanced_accuracy: 0.492308
EPOCH 130:
VALIDATION
valid epoch balanced_accuracy: 0.467885
EPOCH 131:
VALIDATION
valid epoch balanced_accuracy: 0.567308
EPOCH 132:
VALIDATION
valid epoch balanced_accuracy: 0.458077
EPOCH 133:
VALIDATION
valid epoch balanced_accuracy: 0.467308
EPOCH 134:
VALIDATION
valid epoch balanced_accuracy: 0.466923
EPOCH 135:
VALIDATION
valid epoch balanced_accuracy: 0.466923
EPOCH 136:
VALIDATION
valid epoch balanced_accuracy: 0.434038
EPOCH 137:
VALIDATION
valid epoch balanced_accuracy: 0.462500
EPOCH 138:
VALIDATION
valid epoch balanced_accuracy: 0.486346
EPOCH 139:
VALIDATION
valid epoch balanced_accuracy: 0.496731
EPOCH 140:
VALIDATION
valid epoch balanced_accuracy: 0.456923
EPOCH 141:
VALIDATION
valid epoch balanced_accuracy: 0.491346
EPOCH 142:
VALIDATION
valid epoch balanced_accuracy: 0.463269
EPOCH 143:
VALIDATION
valid epoch balanced_accuracy: 0.473269
EPOCH 144:
VALIDATION
valid epoch balanced_accuracy: 0.487692
EPOCH 145:
VALIDATION
valid epoch balanced_accuracy: 0.468462
EPOCH 146:
VALIDATION
valid epoch balanced_accuracy: 0.458077
EPOCH 147:
VALIDATION
valid epoch balanced_accuracy: 0.463269
EPOCH 148:
VALIDATION
valid epoch balanced_accuracy: 0.433077
EPOCH 149:
VALIDATION
valid epoch balanced_accuracy: 0.492308
EPOCH 150:
VALIDATION
valid epoch balanced_accuracy: 0.491731
accuracy: 0.450980
sensitivity: 0.070000
precision: 0.269231
specificity: 0.817308
IoU: 0.058824
FAR: 0.182692
F1: 0.111111
balanced_accuracy: 0.443654
loss: 1.144093
