Waiting for exclusive access to GPU GPU-cbe650a6-6a01-7ee8-8bcf-15459195dc19.
=== GROUP: START | VARIANT: no_post_sa_3mlp_gelu | SEED: 0 | GPU: Tesla V100-SXM2-32GB ===

number of parameters : 1403982
train : (1095, 12)
valid : (118, 12)
test : (118, 12)
class weights : [1.0157699584960938, 0.9847122430801392]
data extracted
EPOCH 1:
VALIDATION
valid epoch balanced_accuracy: 0.500000
EPOCH 2:
VALIDATION
valid epoch balanced_accuracy: 0.453431
EPOCH 3:
VALIDATION
valid epoch balanced_accuracy: 0.483456
EPOCH 4:
VALIDATION
valid epoch balanced_accuracy: 0.476716
EPOCH 5:
VALIDATION
valid epoch balanced_accuracy: 0.469975
EPOCH 6:
VALIDATION
valid epoch balanced_accuracy: 0.465686
EPOCH 7:
VALIDATION
valid epoch balanced_accuracy: 0.518382
EPOCH 8:
VALIDATION
valid epoch balanced_accuracy: 0.469975
EPOCH 9:
VALIDATION
valid epoch balanced_accuracy: 0.455270
EPOCH 10:
VALIDATION
valid epoch balanced_accuracy: 0.458946
EPOCH 11:
VALIDATION
valid epoch balanced_accuracy: 0.455882
EPOCH 12:
VALIDATION
valid epoch balanced_accuracy: 0.423407
EPOCH 13:
VALIDATION
valid epoch balanced_accuracy: 0.462623
EPOCH 14:
VALIDATION
valid epoch balanced_accuracy: 0.429534
EPOCH 15:
VALIDATION
valid epoch balanced_accuracy: 0.536152
EPOCH 16:
VALIDATION
valid epoch balanced_accuracy: 0.501225
EPOCH 17:
VALIDATION
valid epoch balanced_accuracy: 0.482230
EPOCH 18:
VALIDATION
valid epoch balanced_accuracy: 0.438725
EPOCH 19:
VALIDATION
valid epoch balanced_accuracy: 0.492034
EPOCH 20:
VALIDATION
valid epoch balanced_accuracy: 0.549632
EPOCH 21:
VALIDATION
valid epoch balanced_accuracy: 0.511642
EPOCH 22:
VALIDATION
valid epoch balanced_accuracy: 0.493873
EPOCH 23:
VALIDATION
valid epoch balanced_accuracy: 0.544730
EPOCH 24:
VALIDATION
valid epoch balanced_accuracy: 0.464461
EPOCH 25:
VALIDATION
valid epoch balanced_accuracy: 0.485907
EPOCH 26:
VALIDATION
valid epoch balanced_accuracy: 0.488358
EPOCH 27:
VALIDATION
valid epoch balanced_accuracy: 0.471814
EPOCH 28:
VALIDATION
valid epoch balanced_accuracy: 0.511642
EPOCH 29:
VALIDATION
valid epoch balanced_accuracy: 0.525123
EPOCH 30:
VALIDATION
valid epoch balanced_accuracy: 0.558211
EPOCH 31:
VALIDATION
valid epoch balanced_accuracy: 0.485294
EPOCH 32:
VALIDATION
valid epoch balanced_accuracy: 0.528186
EPOCH 33:
VALIDATION
valid epoch balanced_accuracy: 0.488971
EPOCH 34:
VALIDATION
valid epoch balanced_accuracy: 0.579657
EPOCH 35:
VALIDATION
valid epoch balanced_accuracy: 0.533088
EPOCH 36:
VALIDATION
valid epoch balanced_accuracy: 0.563113
EPOCH 37:
VALIDATION
valid epoch balanced_accuracy: 0.501838
EPOCH 38:
VALIDATION
valid epoch balanced_accuracy: 0.503676
EPOCH 39:
VALIDATION
valid epoch balanced_accuracy: 0.508578
EPOCH 40:
VALIDATION
valid epoch balanced_accuracy: 0.530025
EPOCH 41:
VALIDATION
valid epoch balanced_accuracy: 0.415441
EPOCH 42:
VALIDATION
valid epoch balanced_accuracy: 0.474265
EPOCH 43:
VALIDATION
valid epoch balanced_accuracy: 0.541054
EPOCH 44:
VALIDATION
valid epoch balanced_accuracy: 0.505515
EPOCH 45:
VALIDATION
valid epoch balanced_accuracy: 0.601103
EPOCH 46:
VALIDATION
valid epoch balanced_accuracy: 0.492034
EPOCH 47:
VALIDATION
valid epoch balanced_accuracy: 0.520221
EPOCH 48:
VALIDATION
valid epoch balanced_accuracy: 0.436887
EPOCH 49:
VALIDATION
valid epoch balanced_accuracy: 0.518382
EPOCH 50:
VALIDATION
valid epoch balanced_accuracy: 0.520221
EPOCH 51:
VALIDATION
valid epoch balanced_accuracy: 0.534926
EPOCH 52:
VALIDATION
valid epoch balanced_accuracy: 0.537990
EPOCH 53:
VALIDATION
valid epoch balanced_accuracy: 0.551471
EPOCH 54:
VALIDATION
valid epoch balanced_accuracy: 0.524510
EPOCH 55:
VALIDATION
valid epoch balanced_accuracy: 0.475490
EPOCH 56:
VALIDATION
valid epoch balanced_accuracy: 0.487745
EPOCH 57:
VALIDATION
valid epoch balanced_accuracy: 0.505515
EPOCH 58:
VALIDATION
valid epoch balanced_accuracy: 0.543505
EPOCH 59:
VALIDATION
valid epoch balanced_accuracy: 0.534926
EPOCH 60:
VALIDATION
valid epoch balanced_accuracy: 0.500613
EPOCH 61:
VALIDATION
valid epoch balanced_accuracy: 0.522059
EPOCH 62:
VALIDATION
valid epoch balanced_accuracy: 0.487132
EPOCH 63:
VALIDATION
valid epoch balanced_accuracy: 0.530025
EPOCH 64:
VALIDATION
valid epoch balanced_accuracy: 0.520221
EPOCH 65:
VALIDATION
valid epoch balanced_accuracy: 0.490196
EPOCH 66:
VALIDATION
valid epoch balanced_accuracy: 0.517157
EPOCH 67:
VALIDATION
valid epoch balanced_accuracy: 0.503676
EPOCH 68:
VALIDATION
valid epoch balanced_accuracy: 0.493873
EPOCH 69:
VALIDATION
valid epoch balanced_accuracy: 0.490809
EPOCH 70:
VALIDATION
valid epoch balanced_accuracy: 0.539828
EPOCH 71:
VALIDATION
valid epoch balanced_accuracy: 0.490809
EPOCH 72:
VALIDATION
valid epoch balanced_accuracy: 0.518382
EPOCH 73:
VALIDATION
valid epoch balanced_accuracy: 0.498775
EPOCH 74:
VALIDATION
valid epoch balanced_accuracy: 0.498775
EPOCH 75:
VALIDATION
valid epoch balanced_accuracy: 0.492034
EPOCH 76:
VALIDATION
valid epoch balanced_accuracy: 0.553309
EPOCH 77:
VALIDATION
valid epoch balanced_accuracy: 0.560049
EPOCH 78:
VALIDATION
valid epoch balanced_accuracy: 0.566176
EPOCH 79:
VALIDATION
valid epoch balanced_accuracy: 0.530025
EPOCH 80:
VALIDATION
valid epoch balanced_accuracy: 0.515319
EPOCH 81:
VALIDATION
valid epoch balanced_accuracy: 0.514706
EPOCH 82:
VALIDATION
valid epoch balanced_accuracy: 0.446691
EPOCH 83:
VALIDATION
valid epoch balanced_accuracy: 0.511642
EPOCH 84:
VALIDATION
valid epoch balanced_accuracy: 0.498775
EPOCH 85:
VALIDATION
valid epoch balanced_accuracy: 0.472426
EPOCH 86:
VALIDATION
valid epoch balanced_accuracy: 0.515319
EPOCH 87:
VALIDATION
valid epoch balanced_accuracy: 0.506740
EPOCH 88:
VALIDATION
valid epoch balanced_accuracy: 0.484069
EPOCH 89:
VALIDATION
valid epoch balanced_accuracy: 0.493873
EPOCH 90:
VALIDATION
valid epoch balanced_accuracy: 0.533088
EPOCH 91:
VALIDATION
valid epoch balanced_accuracy: 0.484069
EPOCH 92:
VALIDATION
valid epoch balanced_accuracy: 0.496936
EPOCH 93:
VALIDATION
valid epoch balanced_accuracy: 0.518382
EPOCH 94:
VALIDATION
valid epoch balanced_accuracy: 0.508578
EPOCH 95:
VALIDATION
valid epoch balanced_accuracy: 0.484069
EPOCH 96:
VALIDATION
valid epoch balanced_accuracy: 0.503676
EPOCH 97:
VALIDATION
valid epoch balanced_accuracy: 0.528186
EPOCH 98:
VALIDATION
valid epoch balanced_accuracy: 0.528186
EPOCH 99:
VALIDATION
valid epoch balanced_accuracy: 0.493873
EPOCH 100:
VALIDATION
valid epoch balanced_accuracy: 0.511642
EPOCH 101:
VALIDATION
valid epoch balanced_accuracy: 0.496936
EPOCH 102:
VALIDATION
valid epoch balanced_accuracy: 0.511642
EPOCH 103:
VALIDATION
valid epoch balanced_accuracy: 0.511642
EPOCH 104:
VALIDATION
valid epoch balanced_accuracy: 0.516544
EPOCH 105:
VALIDATION
valid epoch balanced_accuracy: 0.516544
EPOCH 106:
VALIDATION
valid epoch balanced_accuracy: 0.501838
EPOCH 107:
VALIDATION
valid epoch balanced_accuracy: 0.533088
EPOCH 108:
VALIDATION
valid epoch balanced_accuracy: 0.511642
EPOCH 109:
VALIDATION
valid epoch balanced_accuracy: 0.528186
EPOCH 110:
VALIDATION
valid epoch balanced_accuracy: 0.560049
EPOCH 111:
VALIDATION
valid epoch balanced_accuracy: 0.534926
EPOCH 112:
VALIDATION
valid epoch balanced_accuracy: 0.596814
EPOCH 113:
VALIDATION
valid epoch balanced_accuracy: 0.603554
EPOCH 114:
VALIDATION
valid epoch balanced_accuracy: 0.562500
EPOCH 115:
VALIDATION
valid epoch balanced_accuracy: 0.547794
EPOCH 116:
VALIDATION
valid epoch balanced_accuracy: 0.559436
EPOCH 117:
VALIDATION
valid epoch balanced_accuracy: 0.534926
EPOCH 118:
VALIDATION
valid epoch balanced_accuracy: 0.499387
EPOCH 119:
VALIDATION
valid epoch balanced_accuracy: 0.551471
EPOCH 120:
VALIDATION
valid epoch balanced_accuracy: 0.579044
EPOCH 121:
VALIDATION
valid epoch balanced_accuracy: 0.515319
EPOCH 122:
VALIDATION
valid epoch balanced_accuracy: 0.519608
EPOCH 123:
VALIDATION
valid epoch balanced_accuracy: 0.528186
EPOCH 124:
VALIDATION
valid epoch balanced_accuracy: 0.542892
EPOCH 125:
VALIDATION
valid epoch balanced_accuracy: 0.536152
EPOCH 126:
VALIDATION
valid epoch balanced_accuracy: 0.577206
EPOCH 127:
VALIDATION
valid epoch balanced_accuracy: 0.536765
EPOCH 128:
VALIDATION
valid epoch balanced_accuracy: 0.541667
EPOCH 129:
VALIDATION
valid epoch balanced_accuracy: 0.551471
EPOCH 130:
VALIDATION
valid epoch balanced_accuracy: 0.544730
EPOCH 131:
VALIDATION
valid epoch balanced_accuracy: 0.564338
EPOCH 132:
VALIDATION
valid epoch balanced_accuracy: 0.552696
EPOCH 133:
VALIDATION
valid epoch balanced_accuracy: 0.559436
EPOCH 134:
VALIDATION
valid epoch balanced_accuracy: 0.530025
EPOCH 135:
VALIDATION
valid epoch balanced_accuracy: 0.523284
EPOCH 136:
VALIDATION
valid epoch balanced_accuracy: 0.544730
EPOCH 137:
VALIDATION
valid epoch balanced_accuracy: 0.533088
EPOCH 138:
VALIDATION
valid epoch balanced_accuracy: 0.539828
EPOCH 139:
VALIDATION
valid epoch balanced_accuracy: 0.556373
EPOCH 140:
VALIDATION
valid epoch balanced_accuracy: 0.554534
EPOCH 141:
VALIDATION
valid epoch balanced_accuracy: 0.525123
EPOCH 142:
VALIDATION
valid epoch balanced_accuracy: 0.562500
EPOCH 143:
VALIDATION
valid epoch balanced_accuracy: 0.530025
EPOCH 144:
VALIDATION
valid epoch balanced_accuracy: 0.530025
EPOCH 145:
VALIDATION
valid epoch balanced_accuracy: 0.544730
EPOCH 146:
VALIDATION
valid epoch balanced_accuracy: 0.556373
EPOCH 147:
VALIDATION
valid epoch balanced_accuracy: 0.569240
EPOCH 148:
VALIDATION
valid epoch balanced_accuracy: 0.559436
EPOCH 149:
VALIDATION
valid epoch balanced_accuracy: 0.544730
EPOCH 150:
VALIDATION
valid epoch balanced_accuracy: 0.541054
accuracy: 0.627119
sensitivity: 0.551020
precision: 1.000000
specificity: 1.000000
IoU: 0.551020
FAR: 0.000000
F1: 0.710526
balanced_accuracy: 0.775510
loss: 2.946592
