Waiting for exclusive access to GPU GPU-d2c1fa97-b0f2-cca7-54e2-63aaa00daece.
=== GROUP: IP_trans | VARIANT: no_post_sa_3mlp_gelu | SEED: 1 | GPU: NVIDIA A100-PCIE-40GB ===

number of parameters : 1403982
train : (1207, 12)
valid : (62, 12)
test : (62, 12)
class weights : [1.1695736646652222, 0.8733718991279602]
data extracted
EPOCH 1:
VALIDATION
valid epoch balanced_accuracy: 0.541797
EPOCH 2:
VALIDATION
valid epoch balanced_accuracy: 0.607106
EPOCH 3:
VALIDATION
valid epoch balanced_accuracy: 0.643678
EPOCH 4:
VALIDATION
valid epoch balanced_accuracy: 0.667189
EPOCH 5:
VALIDATION
valid epoch balanced_accuracy: 0.572100
EPOCH 6:
VALIDATION
valid epoch balanced_accuracy: 0.607106
EPOCH 7:
VALIDATION
valid epoch balanced_accuracy: 0.619645
EPOCH 8:
VALIDATION
valid epoch balanced_accuracy: 0.583595
EPOCH 9:
VALIDATION
valid epoch balanced_accuracy: 0.618077
EPOCH 10:
VALIDATION
valid epoch balanced_accuracy: 0.544932
EPOCH 11:
VALIDATION
valid epoch balanced_accuracy: 0.591954
EPOCH 12:
VALIDATION
valid epoch balanced_accuracy: 0.588297
EPOCH 13:
VALIDATION
valid epoch balanced_accuracy: 0.561651
EPOCH 14:
VALIDATION
valid epoch balanced_accuracy: 0.607628
EPOCH 15:
VALIDATION
valid epoch balanced_accuracy: 0.549112
EPOCH 16:
VALIDATION
valid epoch balanced_accuracy: 0.630617
EPOCH 17:
VALIDATION
valid epoch balanced_accuracy: 0.580982
EPOCH 18:
VALIDATION
valid epoch balanced_accuracy: 0.584639
EPOCH 19:
VALIDATION
valid epoch balanced_accuracy: 0.546499
EPOCH 20:
VALIDATION
valid epoch balanced_accuracy: 0.633229
EPOCH 21:
VALIDATION
valid epoch balanced_accuracy: 0.578892
EPOCH 22:
VALIDATION
valid epoch balanced_accuracy: 0.542842
EPOCH 23:
VALIDATION
valid epoch balanced_accuracy: 0.589864
EPOCH 24:
VALIDATION
valid epoch balanced_accuracy: 0.585162
EPOCH 25:
VALIDATION
valid epoch balanced_accuracy: 0.572623
EPOCH 26:
VALIDATION
valid epoch balanced_accuracy: 0.605016
EPOCH 27:
VALIDATION
valid epoch balanced_accuracy: 0.574713
EPOCH 28:
VALIDATION
valid epoch balanced_accuracy: 0.618077
EPOCH 29:
VALIDATION
valid epoch balanced_accuracy: 0.560084
EPOCH 30:
VALIDATION
valid epoch balanced_accuracy: 0.544932
EPOCH 31:
VALIDATION
valid epoch balanced_accuracy: 0.531870
EPOCH 32:
VALIDATION
valid epoch balanced_accuracy: 0.581505
EPOCH 33:
VALIDATION
valid epoch balanced_accuracy: 0.557471
EPOCH 34:
VALIDATION
valid epoch balanced_accuracy: 0.587252
EPOCH 35:
VALIDATION
valid epoch balanced_accuracy: 0.557471
EPOCH 36:
VALIDATION
valid epoch balanced_accuracy: 0.527168
EPOCH 37:
VALIDATION
valid epoch balanced_accuracy: 0.557994
EPOCH 38:
VALIDATION
valid epoch balanced_accuracy: 0.600313
EPOCH 39:
VALIDATION
valid epoch balanced_accuracy: 0.606583
EPOCH 40:
VALIDATION
valid epoch balanced_accuracy: 0.613375
EPOCH 41:
VALIDATION
valid epoch balanced_accuracy: 0.540230
EPOCH 42:
VALIDATION
valid epoch balanced_accuracy: 0.587252
EPOCH 43:
VALIDATION
valid epoch balanced_accuracy: 0.570533
EPOCH 44:
VALIDATION
valid epoch balanced_accuracy: 0.580982
EPOCH 45:
VALIDATION
valid epoch balanced_accuracy: 0.549112
EPOCH 46:
VALIDATION
valid epoch balanced_accuracy: 0.576803
EPOCH 47:
VALIDATION
valid epoch balanced_accuracy: 0.585684
EPOCH 48:
VALIDATION
valid epoch balanced_accuracy: 0.620167
EPOCH 49:
VALIDATION
valid epoch balanced_accuracy: 0.585684
EPOCH 50:
VALIDATION
valid epoch balanced_accuracy: 0.583072
EPOCH 51:
VALIDATION
valid epoch balanced_accuracy: 0.607106
EPOCH 52:
VALIDATION
valid epoch balanced_accuracy: 0.641588
EPOCH 53:
VALIDATION
valid epoch balanced_accuracy: 0.615465
EPOCH 54:
VALIDATION
valid epoch balanced_accuracy: 0.546499
EPOCH 55:
VALIDATION
valid epoch balanced_accuracy: 0.600836
EPOCH 56:
VALIDATION
valid epoch balanced_accuracy: 0.617555
EPOCH 57:
VALIDATION
valid epoch balanced_accuracy: 0.562173
EPOCH 58:
VALIDATION
valid epoch balanced_accuracy: 0.665099
EPOCH 59:
VALIDATION
valid epoch balanced_accuracy: 0.619645
EPOCH 60:
VALIDATION
valid epoch balanced_accuracy: 0.656740
EPOCH 61:
VALIDATION
valid epoch balanced_accuracy: 0.618077
EPOCH 62:
VALIDATION
valid epoch balanced_accuracy: 0.580982
EPOCH 63:
VALIDATION
valid epoch balanced_accuracy: 0.598224
EPOCH 64:
VALIDATION
valid epoch balanced_accuracy: 0.635319
EPOCH 65:
VALIDATION
valid epoch balanced_accuracy: 0.643678
EPOCH 66:
VALIDATION
valid epoch balanced_accuracy: 0.600836
EPOCH 67:
VALIDATION
valid epoch balanced_accuracy: 0.637409
EPOCH 68:
VALIDATION
valid epoch balanced_accuracy: 0.656740
EPOCH 69:
VALIDATION
valid epoch balanced_accuracy: 0.624347
EPOCH 70:
VALIDATION
valid epoch balanced_accuracy: 0.618077
EPOCH 71:
VALIDATION
valid epoch balanced_accuracy: 0.585162
EPOCH 72:
VALIDATION
valid epoch balanced_accuracy: 0.635319
EPOCH 73:
VALIDATION
valid epoch balanced_accuracy: 0.615987
EPOCH 74:
VALIDATION
valid epoch balanced_accuracy: 0.600836
EPOCH 75:
VALIDATION
valid epoch balanced_accuracy: 0.658830
EPOCH 76:
VALIDATION
valid epoch balanced_accuracy: 0.613898
EPOCH 77:
VALIDATION
valid epoch balanced_accuracy: 0.587774
EPOCH 78:
VALIDATION
valid epoch balanced_accuracy: 0.557994
EPOCH 79:
VALIDATION
valid epoch balanced_accuracy: 0.538140
EPOCH 80:
VALIDATION
valid epoch balanced_accuracy: 0.553292
EPOCH 81:
VALIDATION
valid epoch balanced_accuracy: 0.583595
EPOCH 82:
VALIDATION
valid epoch balanced_accuracy: 0.551202
EPOCH 83:
VALIDATION
valid epoch balanced_accuracy: 0.536050
EPOCH 84:
VALIDATION
valid epoch balanced_accuracy: 0.579415
EPOCH 85:
VALIDATION
valid epoch balanced_accuracy: 0.559561
EPOCH 86:
VALIDATION
valid epoch balanced_accuracy: 0.533960
EPOCH 87:
VALIDATION
valid epoch balanced_accuracy: 0.602926
EPOCH 88:
VALIDATION
valid epoch balanced_accuracy: 0.566353
EPOCH 89:
VALIDATION
valid epoch balanced_accuracy: 0.549112
EPOCH 90:
VALIDATION
valid epoch balanced_accuracy: 0.609195
EPOCH 91:
VALIDATION
valid epoch balanced_accuracy: 0.602926
EPOCH 92:
VALIDATION
valid epoch balanced_accuracy: 0.600836
EPOCH 93:
VALIDATION
valid epoch balanced_accuracy: 0.542320
EPOCH 94:
VALIDATION
valid epoch balanced_accuracy: 0.583595
EPOCH 95:
VALIDATION
valid epoch balanced_accuracy: 0.544410
EPOCH 96:
VALIDATION
valid epoch balanced_accuracy: 0.618077
EPOCH 97:
VALIDATION
valid epoch balanced_accuracy: 0.602926
EPOCH 98:
VALIDATION
valid epoch balanced_accuracy: 0.641588
EPOCH 99:
VALIDATION
valid epoch balanced_accuracy: 0.591954
EPOCH 100:
VALIDATION
valid epoch balanced_accuracy: 0.613375
EPOCH 101:
VALIDATION
valid epoch balanced_accuracy: 0.641588
EPOCH 102:
VALIDATION
valid epoch balanced_accuracy: 0.658830
EPOCH 103:
VALIDATION
valid epoch balanced_accuracy: 0.622257
EPOCH 104:
VALIDATION
valid epoch balanced_accuracy: 0.637409
EPOCH 105:
VALIDATION
valid epoch balanced_accuracy: 0.618077
EPOCH 106:
VALIDATION
valid epoch balanced_accuracy: 0.618077
EPOCH 107:
VALIDATION
valid epoch balanced_accuracy: 0.652560
EPOCH 108:
VALIDATION
valid epoch balanced_accuracy: 0.602926
EPOCH 109:
VALIDATION
valid epoch balanced_accuracy: 0.620167
EPOCH 110:
VALIDATION
valid epoch balanced_accuracy: 0.607106
EPOCH 111:
VALIDATION
valid epoch balanced_accuracy: 0.639498
EPOCH 112:
VALIDATION
valid epoch balanced_accuracy: 0.624347
EPOCH 113:
VALIDATION
valid epoch balanced_accuracy: 0.620167
EPOCH 114:
VALIDATION
valid epoch balanced_accuracy: 0.637409
EPOCH 115:
VALIDATION
valid epoch balanced_accuracy: 0.624347
EPOCH 116:
VALIDATION
valid epoch balanced_accuracy: 0.607106
EPOCH 117:
VALIDATION
valid epoch balanced_accuracy: 0.656740
EPOCH 118:
VALIDATION
valid epoch balanced_accuracy: 0.620167
EPOCH 119:
VALIDATION
valid epoch balanced_accuracy: 0.639498
EPOCH 120:
VALIDATION
valid epoch balanced_accuracy: 0.622257
EPOCH 121:
VALIDATION
valid epoch balanced_accuracy: 0.622257
EPOCH 122:
VALIDATION
valid epoch balanced_accuracy: 0.622257
EPOCH 123:
VALIDATION
valid epoch balanced_accuracy: 0.639498
EPOCH 124:
VALIDATION
valid epoch balanced_accuracy: 0.600836
EPOCH 125:
VALIDATION
valid epoch balanced_accuracy: 0.637409
EPOCH 126:
VALIDATION
valid epoch balanced_accuracy: 0.609195
EPOCH 127:
VALIDATION
valid epoch balanced_accuracy: 0.676594
EPOCH 128:
VALIDATION
valid epoch balanced_accuracy: 0.650470
EPOCH 129:
VALIDATION
valid epoch balanced_accuracy: 0.644201
EPOCH 130:
VALIDATION
valid epoch balanced_accuracy: 0.620167
EPOCH 131:
VALIDATION
valid epoch balanced_accuracy: 0.637409
EPOCH 132:
VALIDATION
valid epoch balanced_accuracy: 0.641588
EPOCH 133:
VALIDATION
valid epoch balanced_accuracy: 0.635319
EPOCH 134:
VALIDATION
valid epoch balanced_accuracy: 0.609195
EPOCH 135:
VALIDATION
valid epoch balanced_accuracy: 0.639498
EPOCH 136:
VALIDATION
valid epoch balanced_accuracy: 0.650470
EPOCH 137:
VALIDATION
valid epoch balanced_accuracy: 0.618077
EPOCH 138:
VALIDATION
valid epoch balanced_accuracy: 0.607106
EPOCH 139:
VALIDATION
valid epoch balanced_accuracy: 0.618077
EPOCH 140:
VALIDATION
valid epoch balanced_accuracy: 0.650470
EPOCH 141:
VALIDATION
valid epoch balanced_accuracy: 0.652560
EPOCH 142:
VALIDATION
valid epoch balanced_accuracy: 0.620167
EPOCH 143:
VALIDATION
valid epoch balanced_accuracy: 0.622257
EPOCH 144:
VALIDATION
valid epoch balanced_accuracy: 0.624347
EPOCH 145:
VALIDATION
valid epoch balanced_accuracy: 0.611808
EPOCH 146:
VALIDATION
valid epoch balanced_accuracy: 0.602926
EPOCH 147:
VALIDATION
valid epoch balanced_accuracy: 0.600836
EPOCH 148:
VALIDATION
valid epoch balanced_accuracy: 0.635319
EPOCH 149:
VALIDATION
valid epoch balanced_accuracy: 0.626437
EPOCH 150:
VALIDATION
valid epoch balanced_accuracy: 0.654650
accuracy: 0.677419
sensitivity: 0.694444
precision: 0.735294
specificity: 0.653846
IoU: 0.555556
FAR: 0.346154
F1: 0.714286
balanced_accuracy: 0.674145
loss: 1.837937
