=== PACK on NVIDIA H200 (143771 MiB, 48 cores): profile=h200, 7 concurrent slot(s), cap=8, per-run=16384 MiB, min-free=15000 MiB ===







number of parameters : 1296796
number of parameters : 1296796
number of parameters : 1296796
number of parameters : 1296796
number of parameters : 1296796
number of parameters : 1296796
number of parameters : 1296796
train : (1350, 12)
valid : (81, 12)
test : (81, 12)
class weights : [1.0, 1.0]
balanced batches : 85 per epoch covering all 1350 train rows, target 8 positive + 8 unlabeled
train : (1350, 12)
valid : (81, 12)
test : (81, 12)
class weights : [1.0, 1.0]
balanced batches : 85 per epoch covering all 1350 train rows, target 8 positive + 8 unlabeled
train : (1350, 12)
valid : (81, 12)
test : (81, 12)
train : (1332, 12)
valid : (90, 12)
test : (90, 12)
train : (1332, 12)
valid : (90, 12)
test : (90, 12)
class weights : [1.0, 1.0]
balanced batches : 85 per epoch covering all 1350 train rows, target 8 positive + 8 unlabeled
class weights : [1.0, 1.0]
balanced batches : 84 per epoch covering all 1332 train rows, target 8 positive + 8 unlabeled
class weights : [1.0, 1.0]
balanced batches : 84 per epoch covering all 1332 train rows, target 8 positive + 8 unlabeled
train : (1350, 12)
valid : (81, 12)
test : (81, 12)
train : (1332, 12)
valid : (90, 12)
test : (90, 12)
class weights : [1.0, 1.0]
balanced batches : 85 per epoch covering all 1350 train rows, target 8 positive + 8 unlabeled
class weights : [1.0, 1.0]
balanced batches : 84 per epoch covering all 1332 train rows, target 8 positive + 8 unlabeled
cache warmed : 35 proteins, 409 lipid encodings, 0 lipid graphs, 131 MiB
data extracted
EPOCH 1:
cache warmed : 35 proteins, 409 lipid encodings, 0 lipid graphs, 131 MiB
data extracted
EPOCH 1:
cache warmed : 35 proteins, 409 lipid encodings, 0 lipid graphs, 131 MiB
data extracted
EPOCH 1:
cache warmed : 35 proteins, 409 lipid encodings, 0 lipid graphs, 131 MiB
data extracted
EPOCH 1:
cache warmed : 35 proteins, 409 lipid encodings, 0 lipid graphs, 131 MiB
data extracted
EPOCH 1:
cache warmed : 35 proteins, 409 lipid encodings, 0 lipid graphs, 131 MiB
data extracted
EPOCH 1:
cache warmed : 35 proteins, 409 lipid encodings, 0 lipid graphs, 131 MiB
data extracted
EPOCH 1:
VALIDATION
valid epoch balanced_accuracy: 0.168911
EPOCH 2:
VALIDATION
valid epoch balanced_accuracy: 0.443826
EPOCH 2:
VALIDATION
VALIDATION
valid epoch balanced_accuracy: 0.188268
EPOCH 2:
VALIDATION
valid epoch balanced_accuracy: 0.113831
EPOCH 2:
VALIDATION
VALIDATION
valid epoch balanced_accuracy: 0.560000
EPOCH 2:
valid epoch balanced_accuracy: 0.422222
EPOCH 2:
valid epoch balanced_accuracy: 0.172866
EPOCH 2:
VALIDATION
valid epoch balanced_accuracy: 0.168911
VALIDATION
EPOCH 3:
valid epoch balanced_accuracy: 0.483300
EPOCH 3:
VALIDATION
VALIDATION
valid epoch balanced_accuracy: 0.247236
EPOCH 3:
VALIDATION
valid epoch balanced_accuracy: 0.178091
EPOCH 3:
VALIDATION
valid epoch balanced_accuracy: 0.527500
EPOCH 3:
VALIDATION
valid epoch balanced_accuracy: 0.466667
EPOCH 3:
valid epoch balanced_accuracy: 0.269207
EPOCH 3:
VALIDATION
VALIDATION
valid epoch balanced_accuracy: 0.154223
EPOCH 4:
valid epoch balanced_accuracy: 0.473684
EPOCH 4:
VALIDATION
VALIDATION
valid epoch balanced_accuracy: 0.272113
EPOCH 4:
VALIDATION
VALIDATION
valid epoch balanced_accuracy: 0.299572
EPOCH 4:
valid epoch balanced_accuracy: 0.452500
EPOCH 4:
valid epoch balanced_accuracy: 0.433333
EPOCH 4:
VALIDATION
valid epoch balanced_accuracy: 0.269512
EPOCH 4:
VALIDATION
VALIDATION
valid epoch balanced_accuracy: 0.142595
EPOCH 5:
valid epoch balanced_accuracy: 0.473684
EPOCH 5:
VALIDATION
VALIDATION
valid epoch balanced_accuracy: 0.265663
EPOCH 5:
VALIDATION
VALIDATION
valid epoch balanced_accuracy: 0.325887
EPOCH 5:
valid epoch balanced_accuracy: 0.490000
EPOCH 5:
valid epoch balanced_accuracy: 0.455556
EPOCH 5:
VALIDATION
valid epoch balanced_accuracy: 0.147866
EPOCH 5:
VALIDATION
VALIDATION
valid epoch balanced_accuracy: 0.154223
EPOCH 6:
valid epoch balanced_accuracy: 0.450911
EPOCH 6:
VALIDATION
VALIDATION
VALIDATION
valid epoch balanced_accuracy: 0.258600
EPOCH 6:
VALIDATION
valid epoch balanced_accuracy: 0.337515
EPOCH 6:
valid epoch balanced_accuracy: 0.540000
EPOCH 6:
valid epoch balanced_accuracy: 0.455556
EPOCH 6:
VALIDATION
valid epoch balanced_accuracy: 0.220732
EPOCH 6:
VALIDATION
VALIDATION
valid epoch balanced_accuracy: 0.223990
EPOCH 7:
valid epoch balanced_accuracy: 0.466093
EPOCH 7:
VALIDATION
VALIDATION
VALIDATION
VALIDATION
valid epoch balanced_accuracy: 0.247236
EPOCH 7:
valid epoch balanced_accuracy: 0.552500
EPOCH 7:
valid epoch balanced_accuracy: 0.339045
EPOCH 7:
valid epoch balanced_accuracy: 0.488889
EPOCH 7:
VALIDATION
valid epoch balanced_accuracy: 0.281707
EPOCH 7:
VALIDATION
VALIDATION
valid epoch balanced_accuracy: 0.212362
EPOCH 8:
valid epoch balanced_accuracy: 0.478239
EPOCH 8:
VALIDATION
VALIDATION
VALIDATION
VALIDATION
valid epoch balanced_accuracy: 0.286241
EPOCH 8:
valid epoch balanced_accuracy: 0.490000
EPOCH 8:
valid epoch balanced_accuracy: 0.378519
valid epoch balanced_accuracy: 0.466667
EPOCH 8:
EPOCH 8:
VALIDATION
valid epoch balanced_accuracy: 0.220732
EPOCH 8:
VALIDATION
VALIDATION
valid epoch balanced_accuracy: 0.459514
EPOCH 9:
valid epoch balanced_accuracy: 0.192166
EPOCH 9:
VALIDATION
VALIDATION
VALIDATION
VALIDATION
valid epoch balanced_accuracy: 0.331695
EPOCH 9:
valid epoch balanced_accuracy: 0.557500
EPOCH 9:
valid epoch balanced_accuracy: 0.455556
EPOCH 9:
valid epoch balanced_accuracy: 0.378519
EPOCH 9:
VALIDATION
valid epoch balanced_accuracy: 0.185061
EPOCH 9:
VALIDATION
VALIDATION
valid epoch balanced_accuracy: 0.498988
EPOCH 10:
valid epoch balanced_accuracy: 0.282130
EPOCH 10:
VALIDATION
VALIDATION
VALIDATION
VALIDATION
valid epoch balanced_accuracy: 0.567500
EPOCH 10:
valid epoch balanced_accuracy: 0.238022
EPOCH 10:
valid epoch balanced_accuracy: 0.488889
EPOCH 10:
valid epoch balanced_accuracy: 0.352203
EPOCH 10:
VALIDATION
valid epoch balanced_accuracy: 0.221646
EPOCH 10:
VALIDATION
VALIDATION
valid epoch balanced_accuracy: 0.552632
EPOCH 11:
valid epoch balanced_accuracy: 0.293758
EPOCH 11:
VALIDATION
VALIDATION
VALIDATION
valid epoch balanced_accuracy: 0.525000
EPOCH 11:
VALIDATION
valid epoch balanced_accuracy: 0.500000
EPOCH 11:
valid epoch balanced_accuracy: 0.238022
EPOCH 11:
valid epoch balanced_accuracy: 0.349143
EPOCH 11:
VALIDATION
valid epoch balanced_accuracy: 0.306098
EPOCH 11:
VALIDATION
VALIDATION
valid epoch balanced_accuracy: 0.535931
EPOCH 12:
valid epoch balanced_accuracy: 0.258874
EPOCH 12:
VALIDATION
VALIDATION
VALIDATION
valid epoch balanced_accuracy: 0.547500
EPOCH 12:
valid epoch balanced_accuracy: 0.544444
EPOCH 12:
VALIDATION
valid epoch balanced_accuracy: 0.242322
EPOCH 12:
valid epoch balanced_accuracy: 0.362301
EPOCH 12:
VALIDATION
valid epoch balanced_accuracy: 0.293902
EPOCH 12:
VALIDATION
valid epoch balanced_accuracy: 0.460526
EPOCH 13:
VALIDATION
valid epoch balanced_accuracy: 0.340269
EPOCH 13:
VALIDATION
VALIDATION
valid epoch balanced_accuracy: 0.550000
EPOCH 13:
VALIDATION
valid epoch balanced_accuracy: 0.533333
EPOCH 13:
VALIDATION
valid epoch balanced_accuracy: 0.320332
EPOCH 13:
valid epoch balanced_accuracy: 0.335985
EPOCH 13:
VALIDATION
valid epoch balanced_accuracy: 0.367073
EPOCH 13:
VALIDATION
valid epoch balanced_accuracy: 0.449899
EPOCH 14:
VALIDATION
valid epoch balanced_accuracy: 0.280600
EPOCH 14:
VALIDATION
VALIDATION
valid epoch balanced_accuracy: 0.502500
EPOCH 14:
valid epoch balanced_accuracy: 0.633333
EPOCH 14:
VALIDATION
VALIDATION
valid epoch balanced_accuracy: 0.351658
EPOCH 14:
valid epoch balanced_accuracy: 0.352203
EPOCH 14:
VALIDATION
valid epoch balanced_accuracy: 0.232927
EPOCH 14:
VALIDATION
valid epoch balanced_accuracy: 0.442308
EPOCH 15:
VALIDATION
valid epoch balanced_accuracy: 0.279070
EPOCH 15:
VALIDATION
VALIDATION
valid epoch balanced_accuracy: 0.597500
EPOCH 15:
valid epoch balanced_accuracy: 0.500000
EPOCH 15:
VALIDATION
VALIDATION
valid epoch balanced_accuracy: 0.288391
EPOCH 15:
valid epoch balanced_accuracy: 0.365361
EPOCH 15:
VALIDATION
valid epoch balanced_accuracy: 0.342683
EPOCH 15:
VALIDATION
valid epoch balanced_accuracy: 0.492409
EPOCH 16:
VALIDATION
valid epoch balanced_accuracy: 0.151163
EPOCH 16:
VALIDATION
VALIDATION
valid epoch balanced_accuracy: 0.530000
EPOCH 16:
valid epoch balanced_accuracy: 0.411111
EPOCH 16:
VALIDATION
VALIDATION
valid epoch balanced_accuracy: 0.304054
EPOCH 16:
valid epoch balanced_accuracy: 0.335985
EPOCH 16:
VALIDATION
valid epoch balanced_accuracy: 0.305488
EPOCH 16:
VALIDATION
valid epoch balanced_accuracy: 0.425607
EPOCH 17:
VALIDATION
valid epoch balanced_accuracy: 0.152693
EPOCH 17:
VALIDATION
VALIDATION
valid epoch balanced_accuracy: 0.597500
EPOCH 17:
valid epoch balanced_accuracy: 0.588889
EPOCH 17:
VALIDATION
VALIDATION
valid epoch balanced_accuracy: 0.435504
EPOCH 17:
valid epoch balanced_accuracy: 0.339045
EPOCH 17:
VALIDATION
valid epoch balanced_accuracy: 0.342683
EPOCH 17:
VALIDATION
valid epoch balanced_accuracy: 0.395243
EPOCH 18:
VALIDATION
valid epoch balanced_accuracy: 0.305386
EPOCH 18:
VALIDATION
VALIDATION
valid epoch balanced_accuracy: 0.715000
EPOCH 18:
valid epoch balanced_accuracy: 0.555556
EPOCH 18:
VALIDATION
VALIDATION
valid epoch balanced_accuracy: 0.436118
EPOCH 18:
valid epoch balanced_accuracy: 0.403305
EPOCH 18:
VALIDATION
valid epoch balanced_accuracy: 0.330488
EPOCH 18:
VALIDATION
valid epoch balanced_accuracy: 0.512652
EPOCH 19:
VALIDATION
VALIDATION
valid epoch balanced_accuracy: 0.282130
EPOCH 19:
VALIDATION
valid epoch balanced_accuracy: 0.557500
EPOCH 19:
valid epoch balanced_accuracy: 0.522222
EPOCH 19:
VALIDATION
valid epoch balanced_accuracy: 0.367936
EPOCH 19:
VALIDATION
VALIDATION
valid epoch balanced_accuracy: 0.362301
EPOCH 19:
valid epoch balanced_accuracy: 0.378354
EPOCH 19:
VALIDATION
valid epoch balanced_accuracy: 0.554150
EPOCH 20:
VALIDATION
VALIDATION
valid epoch balanced_accuracy: 0.164321
EPOCH 20:
VALIDATION
valid epoch balanced_accuracy: 0.552500
EPOCH 20:
valid epoch balanced_accuracy: 0.500000
EPOCH 20:
VALIDATION
valid epoch balanced_accuracy: 0.385749
EPOCH 20:
VALIDATION
valid epoch balanced_accuracy: 0.243880
EPOCH 20:
VALIDATION
valid epoch balanced_accuracy: 0.330793
EPOCH 20:
VALIDATION
valid epoch balanced_accuracy: 0.393219
EPOCH 21:
VALIDATION
VALIDATION
VALIDATION
valid epoch balanced_accuracy: 0.267442
EPOCH 21:
valid epoch balanced_accuracy: 0.675000
EPOCH 21:
valid epoch balanced_accuracy: 0.544444
EPOCH 21:
VALIDATION
valid epoch balanced_accuracy: 0.360872
EPOCH 21:
VALIDATION
valid epoch balanced_accuracy: 0.141677
EPOCH 21:
VALIDATION
valid epoch balanced_accuracy: 0.294207
EPOCH 21:
VALIDATION
valid epoch balanced_accuracy: 0.428138
EPOCH 22:
VALIDATION
VALIDATION
VALIDATION
valid epoch balanced_accuracy: 0.258874
EPOCH 22:
valid epoch balanced_accuracy: 0.492500
EPOCH 22:
valid epoch balanced_accuracy: 0.466667
EPOCH 22:
VALIDATION
valid epoch balanced_accuracy: 0.406327
EPOCH 22:
VALIDATION
valid epoch balanced_accuracy: 0.352203
EPOCH 22:
VALIDATION
valid epoch balanced_accuracy: 0.367378
EPOCH 22:
VALIDATION
valid epoch balanced_accuracy: 0.364372
EPOCH 23:
VALIDATION
VALIDATION
VALIDATION
valid epoch balanced_accuracy: 0.527500
EPOCH 23:
valid epoch balanced_accuracy: 0.186047
EPOCH 23:
valid epoch balanced_accuracy: 0.644444
EPOCH 23:
VALIDATION
valid epoch balanced_accuracy: 0.397113
EPOCH 23:
VALIDATION
valid epoch balanced_accuracy: 0.339045
EPOCH 23:
VALIDATION
valid epoch balanced_accuracy: 0.355183
EPOCH 23:
VALIDATION
valid epoch balanced_accuracy: 0.383603
EPOCH 24:
VALIDATION
VALIDATION
VALIDATION
valid epoch balanced_accuracy: 0.545000
EPOCH 24:
valid epoch balanced_accuracy: 0.258874
EPOCH 24:
valid epoch balanced_accuracy: 0.644444
EPOCH 24:
VALIDATION
valid epoch balanced_accuracy: 0.408477
EPOCH 24:
VALIDATION
valid epoch balanced_accuracy: 0.325887
EPOCH 24:
VALIDATION
valid epoch balanced_accuracy: 0.378659
EPOCH 24:
VALIDATION
valid epoch balanced_accuracy: 0.473178
EPOCH 25:
VALIDATION
VALIDATION
VALIDATION
valid epoch balanced_accuracy: 0.535000
EPOCH 25:
valid epoch balanced_accuracy: 0.677778
EPOCH 25:
valid epoch balanced_accuracy: 0.220930
EPOCH 25:
VALIDATION
valid epoch balanced_accuracy: 0.299140
EPOCH 25:
VALIDATION
valid epoch balanced_accuracy: 0.325887
EPOCH 25:
VALIDATION
valid epoch balanced_accuracy: 0.451524
EPOCH 25:
VALIDATION
valid epoch balanced_accuracy: 0.364372
EPOCH 26:
VALIDATION
VALIDATION
VALIDATION
valid epoch balanced_accuracy: 0.502500
EPOCH 26:
valid epoch balanced_accuracy: 0.577778
EPOCH 26:
valid epoch balanced_accuracy: 0.213892
EPOCH 26:
VALIDATION
valid epoch balanced_accuracy: 0.367322
EPOCH 26:
VALIDATION
valid epoch balanced_accuracy: 0.286414
EPOCH 26:
VALIDATION
valid epoch balanced_accuracy: 0.342988
EPOCH 26:
VALIDATION
valid epoch balanced_accuracy: 0.522773
EPOCH 27:
VALIDATION
VALIDATION
valid epoch balanced_accuracy: 0.515000
EPOCH 27:
VALIDATION
valid epoch balanced_accuracy: 0.522222
EPOCH 27:
valid epoch balanced_accuracy: 0.267442
EPOCH 27:
VALIDATION
valid epoch balanced_accuracy: 0.376536
EPOCH 27:
VALIDATION
valid epoch balanced_accuracy: 0.375459
EPOCH 27:
VALIDATION
valid epoch balanced_accuracy: 0.257317
EPOCH 27:
VALIDATION
valid epoch balanced_accuracy: 0.354757
EPOCH 28:
VALIDATION
VALIDATION
valid epoch balanced_accuracy: 0.535000
EPOCH 28:
VALIDATION
valid epoch balanced_accuracy: 0.600000
EPOCH 28:
valid epoch balanced_accuracy: 0.280600
EPOCH 28:
VALIDATION
valid epoch balanced_accuracy: 0.265049
EPOCH 28:
VALIDATION
valid epoch balanced_accuracy: 0.322827
EPOCH 28:
VALIDATION
valid epoch balanced_accuracy: 0.281098
EPOCH 28:
VALIDATION
valid epoch balanced_accuracy: 0.388158
EPOCH 29:
VALIDATION
VALIDATION
valid epoch balanced_accuracy: 0.685000
EPOCH 29:
VALIDATION
valid epoch balanced_accuracy: 0.688889
EPOCH 29:
valid epoch balanced_accuracy: 0.293758
EPOCH 29:
VALIDATION
valid epoch balanced_accuracy: 0.317568
EPOCH 29:
VALIDATION
valid epoch balanced_accuracy: 0.349143
EPOCH 29:
VALIDATION
valid epoch balanced_accuracy: 0.355183
EPOCH 29:
VALIDATION
valid epoch balanced_accuracy: 0.377530
EPOCH 30:
VALIDATION
VALIDATION
valid epoch balanced_accuracy: 0.590000
EPOCH 30:
valid epoch balanced_accuracy: 0.733333
EPOCH 30:
VALIDATION
valid epoch balanced_accuracy: 0.232558
EPOCH 30:
VALIDATION
valid epoch balanced_accuracy: 0.363022
EPOCH 30:
VALIDATION
valid epoch balanced_accuracy: 0.257038
EPOCH 30:
VALIDATION
valid epoch balanced_accuracy: 0.378659
EPOCH 30:
VALIDATION
valid epoch balanced_accuracy: 0.475709
EPOCH 31:
VALIDATION
VALIDATION
valid epoch balanced_accuracy: 0.705000
EPOCH 31:
valid epoch balanced_accuracy: 0.788889
EPOCH 31:
VALIDATION
valid epoch balanced_accuracy: 0.187576
EPOCH 31:
VALIDATION
valid epoch balanced_accuracy: 0.278563
EPOCH 31:
VALIDATION
valid epoch balanced_accuracy: 0.233782
EPOCH 31:
VALIDATION
valid epoch balanced_accuracy: 0.317988
EPOCH 31:
VALIDATION
valid epoch balanced_accuracy: 0.440283
EPOCH 32:
VALIDATION
VALIDATION
valid epoch balanced_accuracy: 0.635000
EPOCH 32:
valid epoch balanced_accuracy: 0.700000
EPOCH 32:
VALIDATION
valid epoch balanced_accuracy: 0.290698
EPOCH 32:
VALIDATION
valid epoch balanced_accuracy: 0.331081
EPOCH 32:
VALIDATION
valid epoch balanced_accuracy: 0.352203
EPOCH 32:
VALIDATION
valid epoch balanced_accuracy: 0.342073
EPOCH 32:
VALIDATION
valid epoch balanced_accuracy: 0.486842
EPOCH 33:
VALIDATION
VALIDATION
valid epoch balanced_accuracy: 0.600000
EPOCH 33:
valid epoch balanced_accuracy: 0.733333
EPOCH 33:
VALIDATION
valid epoch balanced_accuracy: 0.267442
EPOCH 33:
VALIDATION
valid epoch balanced_accuracy: 0.392813
EPOCH 33:
VALIDATION
valid epoch balanced_accuracy: 0.233782
EPOCH 33:
VALIDATION
valid epoch balanced_accuracy: 0.269207
EPOCH 33:
VALIDATION
valid epoch balanced_accuracy: 0.514170
EPOCH 34:
VALIDATION
VALIDATION
valid epoch balanced_accuracy: 0.597500
EPOCH 34:
valid epoch balanced_accuracy: 0.544444
EPOCH 34:
VALIDATION
valid epoch balanced_accuracy: 0.268972
EPOCH 34:
VALIDATION
valid epoch balanced_accuracy: 0.370086
EPOCH 34:
VALIDATION
valid epoch balanced_accuracy: 0.444308
EPOCH 34:
VALIDATION
valid epoch balanced_accuracy: 0.354573
EPOCH 34:
VALIDATION
valid epoch balanced_accuracy: 0.473684
EPOCH 35:
VALIDATION
VALIDATION
valid epoch balanced_accuracy: 0.642500
EPOCH 35:
valid epoch balanced_accuracy: 0.655556
EPOCH 35:
VALIDATION
valid epoch balanced_accuracy: 0.386781
EPOCH 35:
VALIDATION
valid epoch balanced_accuracy: 0.360872
EPOCH 35:
VALIDATION
valid epoch balanced_accuracy: 0.324357
EPOCH 35:
VALIDATION
valid epoch balanced_accuracy: 0.232317
EPOCH 35:
VALIDATION
valid epoch balanced_accuracy: 0.477227
EPOCH 36:
VALIDATION
VALIDATION
valid epoch balanced_accuracy: 0.530000
EPOCH 36:
valid epoch balanced_accuracy: 0.611111
EPOCH 36:
VALIDATION
valid epoch balanced_accuracy: 0.338739
EPOCH 36:
VALIDATION
valid epoch balanced_accuracy: 0.351658
EPOCH 36:
VALIDATION
valid epoch balanced_accuracy: 0.312729
VALIDATION
EPOCH 36:
valid epoch balanced_accuracy: 0.305488
EPOCH 36:
VALIDATION
valid epoch balanced_accuracy: 0.502530
EPOCH 37:
VALIDATION
VALIDATION
valid epoch balanced_accuracy: 0.632500
EPOCH 37:
valid epoch balanced_accuracy: 0.600000
EPOCH 37:
VALIDATION
valid epoch balanced_accuracy: 0.268972
EPOCH 37:
VALIDATION
valid epoch balanced_accuracy: 0.260749
EPOCH 37:
VALIDATION
valid epoch balanced_accuracy: 0.390147
EPOCH 37:
VALIDATION
valid epoch balanced_accuracy: 0.329878
EPOCH 37:
VALIDATION
valid epoch balanced_accuracy: 0.445850
EPOCH 38:
VALIDATION
VALIDATION
valid epoch balanced_accuracy: 0.587500
EPOCH 38:
valid epoch balanced_accuracy: 0.622222
EPOCH 38:
VALIDATION
valid epoch balanced_accuracy: 0.234088
EPOCH 38:
VALIDATION
valid epoch balanced_accuracy: 0.415541
EPOCH 38:
VALIDATION
valid epoch balanced_accuracy: 0.352203
EPOCH 38:
VALIDATION
valid epoch balanced_accuracy: 0.293293
EPOCH 38:
VALIDATION
valid epoch balanced_accuracy: 0.464069
EPOCH 39:
VALIDATION
valid epoch balanced_accuracy: 0.695000
EPOCH 39:
VALIDATION
valid epoch balanced_accuracy: 0.788889
EPOCH 39:
VALIDATION
valid epoch balanced_accuracy: 0.199204
EPOCH 39:
VALIDATION
valid epoch balanced_accuracy: 0.440418
EPOCH 39:
VALIDATION
valid epoch balanced_accuracy: 0.339045
EPOCH 39:
VALIDATION
valid epoch balanced_accuracy: 0.305488
EPOCH 39:
VALIDATION
valid epoch balanced_accuracy: 0.445344
EPOCH 40:
VALIDATION
valid epoch balanced_accuracy: 0.577500
EPOCH 40:
VALIDATION
valid epoch balanced_accuracy: 0.566667
EPOCH 40:
VALIDATION
valid epoch balanced_accuracy: 0.337209
EPOCH 40:
VALIDATION
valid epoch balanced_accuracy: 0.431204
EPOCH 40:
VALIDATION
valid epoch balanced_accuracy: 0.349143
EPOCH 40:
VALIDATION
valid epoch balanced_accuracy: 0.330183
EPOCH 40:
VALIDATION
valid epoch balanced_accuracy: 0.456478
EPOCH 41:
VALIDATION
valid epoch balanced_accuracy: 0.540000
EPOCH 41:
VALIDATION
valid epoch balanced_accuracy: 0.644444
EPOCH 41:
VALIDATION
valid epoch balanced_accuracy: 0.234088
EPOCH 41:
VALIDATION
VALIDATION
valid epoch balanced_accuracy: 0.421990
EPOCH 41:
valid epoch balanced_accuracy: 0.339045
EPOCH 41:
VALIDATION
valid epoch balanced_accuracy: 0.293293
EPOCH 41:
VALIDATION
valid epoch balanced_accuracy: 0.452935
EPOCH 42:
VALIDATION
VALIDATION
valid epoch balanced_accuracy: 0.612500
EPOCH 42:
valid epoch balanced_accuracy: 0.711111
EPOCH 42:
VALIDATION
valid epoch balanced_accuracy: 0.305386
EPOCH 42:
VALIDATION
VALIDATION
valid epoch balanced_accuracy: 0.429054
EPOCH 42:
valid epoch balanced_accuracy: 0.352203
EPOCH 42:
VALIDATION
valid epoch balanced_accuracy: 0.281098
EPOCH 42:
VALIDATION
valid epoch balanced_accuracy: 0.446862
EPOCH 43:
VALIDATION
VALIDATION
valid epoch balanced_accuracy: 0.612500
EPOCH 43:
valid epoch balanced_accuracy: 0.600000
EPOCH 43:
VALIDATION
valid epoch balanced_accuracy: 0.283660
EPOCH 43:
VALIDATION
VALIDATION
valid epoch balanced_accuracy: 0.394963
EPOCH 43:
valid epoch balanced_accuracy: 0.257038
EPOCH 43:
VALIDATION
valid epoch balanced_accuracy: 0.317683
EPOCH 43:
VALIDATION
valid epoch balanced_accuracy: 0.534919
EPOCH 44:
VALIDATION
VALIDATION
valid epoch balanced_accuracy: 0.652500
EPOCH 44:
valid epoch balanced_accuracy: 0.644444
EPOCH 44:
VALIDATION
valid epoch balanced_accuracy: 0.220930
EPOCH 44:
VALIDATION
VALIDATION
valid epoch balanced_accuracy: 0.406327
EPOCH 44:
valid epoch balanced_accuracy: 0.325887
EPOCH 44:
VALIDATION
valid epoch balanced_accuracy: 0.281098
EPOCH 44:
VALIDATION
valid epoch balanced_accuracy: 0.590081
EPOCH 45:
VALIDATION
VALIDATION
valid epoch balanced_accuracy: 0.582500
EPOCH 45:
valid epoch balanced_accuracy: 0.666667
EPOCH 45:
VALIDATION
valid epoch balanced_accuracy: 0.361995
EPOCH 45:
VALIDATION
VALIDATION
valid epoch balanced_accuracy: 0.465295
EPOCH 45:
valid epoch balanced_accuracy: 0.220624
EPOCH 45:
VALIDATION
valid epoch balanced_accuracy: 0.366768
EPOCH 45:
VALIDATION
valid epoch balanced_accuracy: 0.571862
EPOCH 46:
VALIDATION
VALIDATION
valid epoch balanced_accuracy: 0.625000
EPOCH 46:
valid epoch balanced_accuracy: 0.622222
EPOCH 46:
VALIDATION
valid epoch balanced_accuracy: 0.396879
EPOCH 46:
VALIDATION
VALIDATION
valid epoch balanced_accuracy: 0.426904
EPOCH 46:
valid epoch balanced_accuracy: 0.363831
EPOCH 46:
VALIDATION
valid epoch balanced_accuracy: 0.293293
EPOCH 46:
VALIDATION
valid epoch balanced_accuracy: 0.486842
EPOCH 47:
VALIDATION
VALIDATION
valid epoch balanced_accuracy: 0.625000
EPOCH 47:
valid epoch balanced_accuracy: 0.744444
EPOCH 47:
VALIDATION
valid epoch balanced_accuracy: 0.244186
EPOCH 47:
VALIDATION
VALIDATION
valid epoch balanced_accuracy: 0.355958
EPOCH 47:
valid epoch balanced_accuracy: 0.207466
EPOCH 47:
VALIDATION
valid epoch balanced_accuracy: 0.256707
EPOCH 47:
VALIDATION
valid epoch balanced_accuracy: 0.436235
EPOCH 48:
VALIDATION
VALIDATION
valid epoch balanced_accuracy: 0.685000
EPOCH 48:
valid epoch balanced_accuracy: 0.777778
EPOCH 48:
VALIDATION
valid epoch balanced_accuracy: 0.222460
EPOCH 48:
VALIDATION
VALIDATION
valid epoch balanced_accuracy: 0.426904
EPOCH 48:
valid epoch balanced_accuracy: 0.350673
EPOCH 48:
VALIDATION
valid epoch balanced_accuracy: 0.366463
EPOCH 48:
VALIDATION
valid epoch balanced_accuracy: 0.615385
EPOCH 49:
VALIDATION
VALIDATION
valid epoch balanced_accuracy: 0.720000
EPOCH 49:
valid epoch balanced_accuracy: 0.700000
EPOCH 49:
VALIDATION
valid epoch balanced_accuracy: 0.306916
EPOCH 49:
VALIDATION
VALIDATION
valid epoch balanced_accuracy: 0.349509
EPOCH 49:
valid epoch balanced_accuracy: 0.335985
EPOCH 49:
VALIDATION
valid epoch balanced_accuracy: 0.305488
EPOCH 49:
VALIDATION
valid epoch balanced_accuracy: 0.514170
EPOCH 50:
VALIDATION
VALIDATION
valid epoch balanced_accuracy: 0.625000
EPOCH 50:
valid epoch balanced_accuracy: 0.855556
EPOCH 50:
VALIDATION
valid epoch balanced_accuracy: 0.348837
EPOCH 50:
VALIDATION
VALIDATION
valid epoch balanced_accuracy: 0.451781
EPOCH 50:
valid epoch balanced_accuracy: 0.322827
EPOCH 50:
VALIDATION
valid epoch balanced_accuracy: 0.232622
EPOCH 50:
VALIDATION
valid epoch balanced_accuracy: 0.542004
EPOCH 51:
VALIDATION
VALIDATION
valid epoch balanced_accuracy: 0.627500
EPOCH 51:
valid epoch balanced_accuracy: 0.688889
EPOCH 51:
VALIDATION
valid epoch balanced_accuracy: 0.209302
EPOCH 51:
VALIDATION
VALIDATION
valid epoch balanced_accuracy: 0.331081
EPOCH 51:
valid epoch balanced_accuracy: 0.271726
EPOCH 51:
VALIDATION
valid epoch balanced_accuracy: 0.329878
EPOCH 51:
VALIDATION
valid epoch balanced_accuracy: 0.681680
EPOCH 52:
VALIDATION
VALIDATION
valid epoch balanced_accuracy: 0.575000
EPOCH 52:
valid epoch balanced_accuracy: 0.655556
EPOCH 52:
VALIDATION
valid epoch balanced_accuracy: 0.255814
EPOCH 52:
VALIDATION
VALIDATION
valid epoch balanced_accuracy: 0.374386
EPOCH 52:
valid epoch balanced_accuracy: 0.362301
EPOCH 52:
VALIDATION
valid epoch balanced_accuracy: 0.281098
EPOCH 52:
VALIDATION
valid epoch balanced_accuracy: 0.547065
EPOCH 53:
VALIDATION
VALIDATION
valid epoch balanced_accuracy: 0.580000
EPOCH 53:
valid epoch balanced_accuracy: 0.566667
EPOCH 53:
VALIDATION
valid epoch balanced_accuracy: 0.209302
EPOCH 53:
VALIDATION
VALIDATION
valid epoch balanced_accuracy: 0.390663
EPOCH 53:
valid epoch balanced_accuracy: 0.352203
EPOCH 53:
VALIDATION
valid epoch balanced_accuracy: 0.317073
EPOCH 53:
VALIDATION
valid epoch balanced_accuracy: 0.608300
EPOCH 54:
VALIDATION
VALIDATION
valid epoch balanced_accuracy: 0.530000
EPOCH 54:
valid epoch balanced_accuracy: 0.522222
EPOCH 54:
VALIDATION
valid epoch balanced_accuracy: 0.313953
EPOCH 54:
VALIDATION
VALIDATION
valid epoch balanced_accuracy: 0.328931
EPOCH 54:
valid epoch balanced_accuracy: 0.352203
EPOCH 54:
VALIDATION
valid epoch balanced_accuracy: 0.341463
EPOCH 54:
VALIDATION
valid epoch balanced_accuracy: 0.514170
EPOCH 55:
VALIDATION
VALIDATION
valid epoch balanced_accuracy: 0.670000
EPOCH 55:
valid epoch balanced_accuracy: 0.633333
EPOCH 55:
VALIDATION
valid epoch balanced_accuracy: 0.255814
EPOCH 55:
VALIDATION
VALIDATION
valid epoch balanced_accuracy: 0.436118
EPOCH 55:
valid epoch balanced_accuracy: 0.324357
EPOCH 55:
VALIDATION
valid epoch balanced_accuracy: 0.354268
EPOCH 55:
VALIDATION
valid epoch balanced_accuracy: 0.523785
EPOCH 56:
VALIDATION
VALIDATION
valid epoch balanced_accuracy: 0.647500
EPOCH 56:
valid epoch balanced_accuracy: 0.755556
EPOCH 56:
VALIDATION
valid epoch balanced_accuracy: 0.290698
EPOCH 56:
VALIDATION
VALIDATION
valid epoch balanced_accuracy: 0.377150
EPOCH 56:
valid epoch balanced_accuracy: 0.230722
EPOCH 56:
VALIDATION
valid epoch balanced_accuracy: 0.329878
EPOCH 56:
VALIDATION
valid epoch balanced_accuracy: 0.551619
EPOCH 57:
VALIDATION
VALIDATION
valid epoch balanced_accuracy: 0.602500
EPOCH 57:
valid epoch balanced_accuracy: 0.711111
EPOCH 57:
VALIDATION
valid epoch balanced_accuracy: 0.268972
EPOCH 57:
VALIDATION
VALIDATION
valid epoch balanced_accuracy: 0.374386
EPOCH 57:
valid epoch balanced_accuracy: 0.376989
EPOCH 57:
VALIDATION
valid epoch balanced_accuracy: 0.305793
EPOCH 57:
VALIDATION
valid epoch balanced_accuracy: 0.492915
EPOCH 58:
VALIDATION
VALIDATION
valid epoch balanced_accuracy: 0.632500
EPOCH 58:
valid epoch balanced_accuracy: 0.755556
EPOCH 58:
VALIDATION
valid epoch balanced_accuracy: 0.235618
EPOCH 58:
VALIDATION
VALIDATION
valid epoch balanced_accuracy: 0.365786
EPOCH 58:
valid epoch balanced_accuracy: 0.322827
EPOCH 58:
VALIDATION
valid epoch balanced_accuracy: 0.318293
EPOCH 58:
VALIDATION
valid epoch balanced_accuracy: 0.472166
EPOCH 59:
VALIDATION
VALIDATION
valid epoch balanced_accuracy: 0.560000
EPOCH 59:
valid epoch balanced_accuracy: 0.733333
EPOCH 59:
VALIDATION
valid epoch balanced_accuracy: 0.255814
EPOCH 59:
VALIDATION
VALIDATION
valid epoch balanced_accuracy: 0.388514
EPOCH 59:
valid epoch balanced_accuracy: 0.349143
EPOCH 59:
VALIDATION
valid epoch balanced_accuracy: 0.354268
EPOCH 59:
VALIDATION
valid epoch balanced_accuracy: 0.486842
EPOCH 60:
VALIDATION
VALIDATION
valid epoch balanced_accuracy: 0.557500
EPOCH 60:
valid epoch balanced_accuracy: 0.766667
EPOCH 60:
VALIDATION
valid epoch balanced_accuracy: 0.317013
EPOCH 60:
VALIDATION
VALIDATION
valid epoch balanced_accuracy: 0.324631
EPOCH 60:
valid epoch balanced_accuracy: 0.350673
EPOCH 60:
VALIDATION
valid epoch balanced_accuracy: 0.305793
EPOCH 60:
VALIDATION
valid epoch balanced_accuracy: 0.535931
EPOCH 61:
VALIDATION
VALIDATION
valid epoch balanced_accuracy: 0.507500
EPOCH 61:
valid epoch balanced_accuracy: 0.722222
EPOCH 61:
VALIDATION
valid epoch balanced_accuracy: 0.244186
EPOCH 61:
VALIDATION
VALIDATION
valid epoch balanced_accuracy: 0.377150
EPOCH 61:
valid epoch balanced_accuracy: 0.325887
EPOCH 61:
VALIDATION
valid epoch balanced_accuracy: 0.281402
EPOCH 61:
VALIDATION
valid epoch balanced_accuracy: 0.517713
EPOCH 62:
VALIDATION
VALIDATION
valid epoch balanced_accuracy: 0.592500
EPOCH 62:
valid epoch balanced_accuracy: 0.711111
EPOCH 62:
VALIDATION
valid epoch balanced_accuracy: 0.235618
EPOCH 62:
VALIDATION
VALIDATION
valid epoch balanced_accuracy: 0.422604
EPOCH 62:
valid epoch balanced_accuracy: 0.365361
EPOCH 62:
VALIDATION
valid epoch balanced_accuracy: 0.329878
EPOCH 62:
VALIDATION
valid epoch balanced_accuracy: 0.526316
EPOCH 63:
VALIDATION
VALIDATION
valid epoch balanced_accuracy: 0.610000
EPOCH 63:
valid epoch balanced_accuracy: 0.733333
EPOCH 63:
VALIDATION
valid epoch balanced_accuracy: 0.232558
EPOCH 63:
VALIDATION
VALIDATION
valid epoch balanced_accuracy: 0.411241
EPOCH 63:
valid epoch balanced_accuracy: 0.404835
EPOCH 63:
VALIDATION
valid epoch balanced_accuracy: 0.329878
EPOCH 63:
VALIDATION
valid epoch balanced_accuracy: 0.485324
EPOCH 64:
VALIDATION
VALIDATION
valid epoch balanced_accuracy: 0.602500
EPOCH 64:
valid epoch balanced_accuracy: 0.777778
EPOCH 64:
VALIDATION
valid epoch balanced_accuracy: 0.257344
EPOCH 64:
VALIDATION
VALIDATION
valid epoch balanced_accuracy: 0.447482
EPOCH 64:
valid epoch balanced_accuracy: 0.352203
EPOCH 64:
VALIDATION
valid epoch balanced_accuracy: 0.427134
EPOCH 64:
VALIDATION
valid epoch balanced_accuracy: 0.604251
EPOCH 65:
VALIDATION
VALIDATION
valid epoch balanced_accuracy: 0.602500
EPOCH 65:
valid epoch balanced_accuracy: 0.688889
EPOCH 65:
VALIDATION
valid epoch balanced_accuracy: 0.267442
EPOCH 65:
VALIDATION
VALIDATION
valid epoch balanced_accuracy: 0.411241
EPOCH 65:
valid epoch balanced_accuracy: 0.391677
EPOCH 65:
VALIDATION
valid epoch balanced_accuracy: 0.329878
EPOCH 65:
VALIDATION
valid epoch balanced_accuracy: 0.533401
EPOCH 66:
VALIDATION
VALIDATION
valid epoch balanced_accuracy: 0.580000
EPOCH 66:
valid epoch balanced_accuracy: 0.777778
EPOCH 66:
VALIDATION
valid epoch balanced_accuracy: 0.244186
EPOCH 66:
VALIDATION
VALIDATION
valid epoch balanced_accuracy: 0.399877
EPOCH 66:
valid epoch balanced_accuracy: 0.362301
EPOCH 66:
VALIDATION
VALIDATION
valid epoch balanced_accuracy: 0.427439
EPOCH 66:
valid epoch balanced_accuracy: 0.571862
EPOCH 67:
VALIDATION
VALIDATION
valid epoch balanced_accuracy: 0.575000
EPOCH 67:
valid epoch balanced_accuracy: 0.755556
EPOCH 67:
VALIDATION
valid epoch balanced_accuracy: 0.268972
EPOCH 67:
VALIDATION
VALIDATION
valid epoch balanced_accuracy: 0.381450
EPOCH 67:
valid epoch balanced_accuracy: 0.349143
EPOCH 67:
VALIDATION
VALIDATION
valid epoch balanced_accuracy: 0.305793
EPOCH 67:
valid epoch balanced_accuracy: 0.531377
EPOCH 68:
VALIDATION
VALIDATION
valid epoch balanced_accuracy: 0.655000
EPOCH 68:
valid epoch balanced_accuracy: 0.800000
EPOCH 68:
VALIDATION
valid epoch balanced_accuracy: 0.373623
EPOCH 68:
VALIDATION
VALIDATION
valid epoch balanced_accuracy: 0.297604
EPOCH 68:
valid epoch balanced_accuracy: 0.378519
EPOCH 68:
VALIDATION
VALIDATION
valid epoch balanced_accuracy: 0.392378
EPOCH 68:
valid epoch balanced_accuracy: 0.529858
EPOCH 69:
VALIDATION
VALIDATION
valid epoch balanced_accuracy: 0.650000
EPOCH 69:
valid epoch balanced_accuracy: 0.722222
EPOCH 69:
VALIDATION
valid epoch balanced_accuracy: 0.302326
EPOCH 69:
VALIDATION
VALIDATION
valid epoch balanced_accuracy: 0.297604
EPOCH 69:
valid epoch balanced_accuracy: 0.363831
EPOCH 69:
VALIDATION
VALIDATION
valid epoch balanced_accuracy: 0.356098
EPOCH 69:
valid epoch balanced_accuracy: 0.539474
EPOCH 70:
VALIDATION
VALIDATION
valid epoch balanced_accuracy: 0.585000
EPOCH 70:
valid epoch balanced_accuracy: 0.811111
EPOCH 70:
VALIDATION
valid epoch balanced_accuracy: 0.337209
EPOCH 70:
VALIDATION
VALIDATION
valid epoch balanced_accuracy: 0.410627
EPOCH 70:
valid epoch balanced_accuracy: 0.378519
EPOCH 70:
VALIDATION
VALIDATION
valid epoch balanced_accuracy: 0.506073
EPOCH 71:
valid epoch balanced_accuracy: 0.317988
EPOCH 70:
VALIDATION
VALIDATION
valid epoch balanced_accuracy: 0.610000
EPOCH 71:
valid epoch balanced_accuracy: 0.722222
EPOCH 71:
VALIDATION
valid epoch balanced_accuracy: 0.325581
EPOCH 71:
VALIDATION
VALIDATION
valid epoch balanced_accuracy: 0.402027
EPOCH 71:
valid epoch balanced_accuracy: 0.416463
EPOCH 71:
VALIDATION
VALIDATION
valid epoch balanced_accuracy: 0.567308
EPOCH 72:
valid epoch balanced_accuracy: 0.330488
EPOCH 71:
VALIDATION
VALIDATION
valid epoch balanced_accuracy: 0.547500
EPOCH 72:
valid epoch balanced_accuracy: 0.722222
EPOCH 72:
VALIDATION
valid epoch balanced_accuracy: 0.268972
EPOCH 72:
VALIDATION
VALIDATION
valid epoch balanced_accuracy: 0.370086
EPOCH 72:
VALIDATION
valid epoch balanced_accuracy: 0.311200
EPOCH 72:
VALIDATION
valid epoch balanced_accuracy: 0.574393
EPOCH 73:
valid epoch balanced_accuracy: 0.305488
EPOCH 72:
VALIDATION
VALIDATION
valid epoch balanced_accuracy: 0.527500
EPOCH 73:
valid epoch balanced_accuracy: 0.666667
EPOCH 73:
VALIDATION
valid epoch balanced_accuracy: 0.232558
EPOCH 73:
VALIDATION
VALIDATION
valid epoch balanced_accuracy: 0.399877
EPOCH 73:
VALIDATION
valid epoch balanced_accuracy: 0.309670
EPOCH 73:
valid epoch balanced_accuracy: 0.590081
EPOCH 74:
VALIDATION
valid epoch balanced_accuracy: 0.232317
EPOCH 73:
VALIDATION
VALIDATION
valid epoch balanced_accuracy: 0.540000
EPOCH 74:
valid epoch balanced_accuracy: 0.744444
EPOCH 74:
VALIDATION
valid epoch balanced_accuracy: 0.268972
EPOCH 74:
VALIDATION
VALIDATION
VALIDATION
valid epoch balanced_accuracy: 0.354423
EPOCH 74:
valid epoch balanced_accuracy: 0.378519
EPOCH 74:
valid epoch balanced_accuracy: 0.599696
EPOCH 75:
VALIDATION
valid epoch balanced_accuracy: 0.268293
EPOCH 74:
VALIDATION
VALIDATION
valid epoch balanced_accuracy: 0.788889
EPOCH 75:
valid epoch balanced_accuracy: 0.560000
EPOCH 75:
VALIDATION
valid epoch balanced_accuracy: 0.220930
EPOCH 75:
VALIDATION
VALIDATION
VALIDATION
valid epoch balanced_accuracy: 0.356572
EPOCH 75:
valid epoch balanced_accuracy: 0.365361
EPOCH 75:
valid epoch balanced_accuracy: 0.532389
EPOCH 76:
VALIDATION
valid epoch balanced_accuracy: 0.293598
EPOCH 75:
VALIDATION
VALIDATION
valid epoch balanced_accuracy: 0.711111
EPOCH 76:
valid epoch balanced_accuracy: 0.515000
EPOCH 76:
VALIDATION
valid epoch balanced_accuracy: 0.348837
EPOCH 76:
VALIDATION
VALIDATION
VALIDATION
valid epoch balanced_accuracy: 0.288391
EPOCH 76:
valid epoch balanced_accuracy: 0.640182
EPOCH 77:
valid epoch balanced_accuracy: 0.378519
EPOCH 76:
VALIDATION
valid epoch balanced_accuracy: 0.354573
EPOCH 76:
VALIDATION
VALIDATION
valid epoch balanced_accuracy: 0.722222
EPOCH 77:
valid epoch balanced_accuracy: 0.535000
EPOCH 77:
VALIDATION
valid epoch balanced_accuracy: 0.395349
EPOCH 77:
VALIDATION
VALIDATION
VALIDATION
valid epoch balanced_accuracy: 0.343059
EPOCH 77:
valid epoch balanced_accuracy: 0.581478
EPOCH 78:
valid epoch balanced_accuracy: 0.339045
EPOCH 77:
VALIDATION
valid epoch balanced_accuracy: 0.305488
EPOCH 77:
VALIDATION
VALIDATION
valid epoch balanced_accuracy: 0.722222
EPOCH 78:
valid epoch balanced_accuracy: 0.507500
EPOCH 78:
VALIDATION
valid epoch balanced_accuracy: 0.302326
EPOCH 78:
VALIDATION
VALIDATION
VALIDATION
valid epoch balanced_accuracy: 0.640182
valid epoch balanced_accuracy: 0.422604
EPOCH 78:
EPOCH 79:
valid epoch balanced_accuracy: 0.470624
EPOCH 78:
VALIDATION
VALIDATION
VALIDATION
valid epoch balanced_accuracy: 0.366463
EPOCH 78:
valid epoch balanced_accuracy: 0.755556
EPOCH 79:
valid epoch balanced_accuracy: 0.597500
EPOCH 79:
VALIDATION
valid epoch balanced_accuracy: 0.340269
EPOCH 79:
VALIDATION
VALIDATION
VALIDATION
valid epoch balanced_accuracy: 0.528846
EPOCH 80:
valid epoch balanced_accuracy: 0.354423
EPOCH 79:
valid epoch balanced_accuracy: 0.417993
EPOCH 79:
VALIDATION
VALIDATION
VALIDATION
valid epoch balanced_accuracy: 0.342073
EPOCH 79:
valid epoch balanced_accuracy: 0.688889
EPOCH 80:
valid epoch balanced_accuracy: 0.537500
EPOCH 80:
VALIDATION
valid epoch balanced_accuracy: 0.303856
EPOCH 80:
VALIDATION
VALIDATION
valid epoch balanced_accuracy: 0.575405
EPOCH 81:
VALIDATION
valid epoch balanced_accuracy: 0.409091
EPOCH 80:
valid epoch balanced_accuracy: 0.324357
EPOCH 80:
VALIDATION
VALIDATION
VALIDATION
valid epoch balanced_accuracy: 0.378659
EPOCH 80:
valid epoch balanced_accuracy: 0.592500
EPOCH 81:
valid epoch balanced_accuracy: 0.700000
EPOCH 81:
VALIDATION
valid epoch balanced_accuracy: 0.220930
EPOCH 81:
VALIDATION
VALIDATION
valid epoch balanced_accuracy: 0.646255
EPOCH 82:
VALIDATION
valid epoch balanced_accuracy: 0.377150
EPOCH 81:
valid epoch balanced_accuracy: 0.376989
EPOCH 81:
VALIDATION
VALIDATION
VALIDATION
valid epoch balanced_accuracy: 0.592500
EPOCH 82:
valid epoch balanced_accuracy: 0.293293
EPOCH 81:
valid epoch balanced_accuracy: 0.722222
EPOCH 82:
VALIDATION
valid epoch balanced_accuracy: 0.292228
EPOCH 82:
VALIDATION
valid epoch balanced_accuracy: 0.530870
EPOCH 83:
VALIDATION
VALIDATION
valid epoch balanced_accuracy: 0.431818
EPOCH 82:
valid epoch balanced_accuracy: 0.378519
EPOCH 82:
VALIDATION
VALIDATION
VALIDATION
valid epoch balanced_accuracy: 0.570000
EPOCH 83:
valid epoch balanced_accuracy: 0.733333
EPOCH 83:
valid epoch balanced_accuracy: 0.317683
EPOCH 82:
VALIDATION
valid epoch balanced_accuracy: 0.255814
EPOCH 83:
VALIDATION
valid epoch balanced_accuracy: 0.661943
EPOCH 84:
VALIDATION
VALIDATION
valid epoch balanced_accuracy: 0.390663
EPOCH 83:
valid epoch balanced_accuracy: 0.337515
EPOCH 83:
VALIDATION
VALIDATION
VALIDATION
valid epoch balanced_accuracy: 0.620000
EPOCH 84:
valid epoch balanced_accuracy: 0.800000
EPOCH 84:
valid epoch balanced_accuracy: 0.317683
EPOCH 83:
VALIDATION
valid epoch balanced_accuracy: 0.255814
EPOCH 84:
VALIDATION
valid epoch balanced_accuracy: 0.563765
EPOCH 85:
VALIDATION
VALIDATION
valid epoch balanced_accuracy: 0.274877
EPOCH 84:
VALIDATION
VALIDATION
valid epoch balanced_accuracy: 0.362301
EPOCH 84:
VALIDATION
valid epoch balanced_accuracy: 0.622222
valid epoch balanced_accuracy: 0.670000
EPOCH 85:
EPOCH 85:
valid epoch balanced_accuracy: 0.317683
EPOCH 84:
VALIDATION
valid epoch balanced_accuracy: 0.338739
EPOCH 85:
VALIDATION
valid epoch balanced_accuracy: 0.601721
EPOCH 86:
VALIDATION
VALIDATION
valid epoch balanced_accuracy: 0.265663
EPOCH 85:
VALIDATION
VALIDATION
valid epoch balanced_accuracy: 0.322827
EPOCH 85:
valid epoch balanced_accuracy: 0.655556
EPOCH 86:
valid epoch balanced_accuracy: 0.602500
EPOCH 86:
VALIDATION
valid epoch balanced_accuracy: 0.281098
EPOCH 85:
VALIDATION
valid epoch balanced_accuracy: 0.350367
EPOCH 86:
VALIDATION
valid epoch balanced_accuracy: 0.521255
EPOCH 87:
VALIDATION
VALIDATION
VALIDATION
valid epoch balanced_accuracy: 0.245086
EPOCH 86:
VALIDATION
valid epoch balanced_accuracy: 0.390147
EPOCH 86:
valid epoch balanced_accuracy: 0.733333
EPOCH 87:
valid epoch balanced_accuracy: 0.647500
EPOCH 87:
VALIDATION
valid epoch balanced_accuracy: 0.366159
EPOCH 86:
VALIDATION
valid epoch balanced_accuracy: 0.396879
EPOCH 87:
VALIDATION
valid epoch balanced_accuracy: 0.681174
EPOCH 88:
VALIDATION
VALIDATION
VALIDATION
VALIDATION
valid epoch balanced_accuracy: 0.313268
EPOCH 87:
valid epoch balanced_accuracy: 0.401775
EPOCH 87:
valid epoch balanced_accuracy: 0.677778
EPOCH 88:
valid epoch balanced_accuracy: 0.705000
EPOCH 88:
VALIDATION
valid epoch balanced_accuracy: 0.329878
EPOCH 87:
VALIDATION
valid epoch balanced_accuracy: 0.361995
EPOCH 88:
VALIDATION
valid epoch balanced_accuracy: 0.627024
EPOCH 89:
VALIDATION
VALIDATION
VALIDATION
VALIDATION
valid epoch balanced_accuracy: 0.436118
EPOCH 88:
valid epoch balanced_accuracy: 0.644444
EPOCH 89:
valid epoch balanced_accuracy: 0.692500
EPOCH 89:
valid epoch balanced_accuracy: 0.337515
EPOCH 88:
VALIDATION
valid epoch balanced_accuracy: 0.305488
EPOCH 88:
VALIDATION
valid epoch balanced_accuracy: 0.303856
EPOCH 89:
VALIDATION
valid epoch balanced_accuracy: 0.575405
EPOCH 90:
VALIDATION
VALIDATION
VALIDATION
VALIDATION
valid epoch balanced_accuracy: 0.367936
EPOCH 89:
valid epoch balanced_accuracy: 0.611111
EPOCH 90:
valid epoch balanced_accuracy: 0.585000
EPOCH 90:
valid epoch balanced_accuracy: 0.429621
EPOCH 89:
VALIDATION
valid epoch balanced_accuracy: 0.378659
EPOCH 89:
VALIDATION
valid epoch balanced_accuracy: 0.280600
EPOCH 90:
VALIDATION
valid epoch balanced_accuracy: 0.559717
EPOCH 91:
VALIDATION
VALIDATION
VALIDATION
VALIDATION
valid epoch balanced_accuracy: 0.322482
EPOCH 90:
valid epoch balanced_accuracy: 0.744444
EPOCH 91:
valid epoch balanced_accuracy: 0.600000
EPOCH 91:
valid epoch balanced_accuracy: 0.414933
EPOCH 90:
VALIDATION
valid epoch balanced_accuracy: 0.342073
EPOCH 90:
VALIDATION
valid epoch balanced_accuracy: 0.337209
EPOCH 91:
VALIDATION
valid epoch balanced_accuracy: 0.623482
EPOCH 92:
VALIDATION
VALIDATION
VALIDATION
VALIDATION
valid epoch balanced_accuracy: 0.733333
EPOCH 92:
valid epoch balanced_accuracy: 0.320332
EPOCH 91:
valid epoch balanced_accuracy: 0.640000
EPOCH 92:
valid epoch balanced_accuracy: 0.365361
EPOCH 91:
VALIDATION
valid epoch balanced_accuracy: 0.331098
EPOCH 91:
VALIDATION
valid epoch balanced_accuracy: 0.268972
EPOCH 92:
VALIDATION
valid epoch balanced_accuracy: 0.666498
EPOCH 93:
VALIDATION
VALIDATION
VALIDATION
valid epoch balanced_accuracy: 0.722222
EPOCH 93:
VALIDATION
valid epoch balanced_accuracy: 0.637500
EPOCH 93:
valid epoch balanced_accuracy: 0.277027
EPOCH 92:
valid epoch balanced_accuracy: 0.375459
EPOCH 92:
VALIDATION
valid epoch balanced_accuracy: 0.293293
EPOCH 92:
VALIDATION
valid epoch balanced_accuracy: 0.372093
EPOCH 93:
VALIDATION
valid epoch balanced_accuracy: 0.564271
EPOCH 94:
VALIDATION
VALIDATION
VALIDATION
valid epoch balanced_accuracy: 0.666667
EPOCH 94:
valid epoch balanced_accuracy: 0.532500
EPOCH 94:
VALIDATION
valid epoch balanced_accuracy: 0.343059
EPOCH 93:
valid epoch balanced_accuracy: 0.404835
EPOCH 93:
VALIDATION
valid epoch balanced_accuracy: 0.378659
EPOCH 93:
VALIDATION
valid epoch balanced_accuracy: 0.315483
EPOCH 94:
VALIDATION
valid epoch balanced_accuracy: 0.601721
EPOCH 95:
VALIDATION
VALIDATION
VALIDATION
valid epoch balanced_accuracy: 0.722222
EPOCH 95:
valid epoch balanced_accuracy: 0.625000
EPOCH 95:
VALIDATION
valid epoch balanced_accuracy: 0.431818
EPOCH 94:
valid epoch balanced_accuracy: 0.365361
EPOCH 94:
VALIDATION
valid epoch balanced_accuracy: 0.342073
EPOCH 94:
VALIDATION
VALIDATION
valid epoch balanced_accuracy: 0.350367
EPOCH 95:
valid epoch balanced_accuracy: 0.570344
EPOCH 96:
VALIDATION
VALIDATION
valid epoch balanced_accuracy: 0.811111
EPOCH 96:
VALIDATION
valid epoch balanced_accuracy: 0.535000
EPOCH 96:
VALIDATION
valid epoch balanced_accuracy: 0.331695
EPOCH 95:
valid epoch balanced_accuracy: 0.339045
EPOCH 95:
VALIDATION
valid epoch balanced_accuracy: 0.366463
EPOCH 95:
VALIDATION
VALIDATION
valid epoch balanced_accuracy: 0.360465
EPOCH 96:
valid epoch balanced_accuracy: 0.611336
EPOCH 97:
VALIDATION
VALIDATION
valid epoch balanced_accuracy: 0.722222
EPOCH 97:
valid epoch balanced_accuracy: 0.535000
EPOCH 97:
VALIDATION
VALIDATION
valid epoch balanced_accuracy: 0.360872
EPOCH 96:
valid epoch balanced_accuracy: 0.376989
EPOCH 96:
VALIDATION
valid epoch balanced_accuracy: 0.366463
EPOCH 96:
VALIDATION
VALIDATION
valid epoch balanced_accuracy: 0.232558
EPOCH 97:
valid epoch balanced_accuracy: 0.607794
EPOCH 98:
VALIDATION
VALIDATION
valid epoch balanced_accuracy: 0.633333
EPOCH 98:
valid epoch balanced_accuracy: 0.557500
EPOCH 98:
VALIDATION
VALIDATION
valid epoch balanced_accuracy: 0.301904
EPOCH 97:
valid epoch balanced_accuracy: 0.376989
EPOCH 97:
VALIDATION
valid epoch balanced_accuracy: 0.317683
EPOCH 97:
VALIDATION
VALIDATION
valid epoch balanced_accuracy: 0.268972
EPOCH 98:
valid epoch balanced_accuracy: 0.557186
EPOCH 99:
VALIDATION
VALIDATION
valid epoch balanced_accuracy: 0.633333
EPOCH 99:
valid epoch balanced_accuracy: 0.560000
EPOCH 99:
VALIDATION
VALIDATION
valid epoch balanced_accuracy: 0.313268
EPOCH 98:
valid epoch balanced_accuracy: 0.337515
EPOCH 98:
VALIDATION
valid epoch balanced_accuracy: 0.342073
EPOCH 98:
VALIDATION
VALIDATION
valid epoch balanced_accuracy: 0.602733
EPOCH 100:
valid epoch balanced_accuracy: 0.325581
EPOCH 99:
VALIDATION
VALIDATION
valid epoch balanced_accuracy: 0.733333
EPOCH 100:
valid epoch balanced_accuracy: 0.600000
EPOCH 100:
VALIDATION
valid epoch balanced_accuracy: 0.326781
EPOCH 99:
VALIDATION
valid epoch balanced_accuracy: 0.270196
EPOCH 99:
VALIDATION
valid epoch balanced_accuracy: 0.342073
EPOCH 99:
VALIDATION
VALIDATION
valid epoch balanced_accuracy: 0.601721
EPOCH 101:
valid epoch balanced_accuracy: 0.372093
EPOCH 100:
VALIDATION
VALIDATION
valid epoch balanced_accuracy: 0.744444
EPOCH 101:
valid epoch balanced_accuracy: 0.527500
EPOCH 101:
VALIDATION
valid epoch balanced_accuracy: 0.356572
EPOCH 100:
VALIDATION
valid epoch balanced_accuracy: 0.365361
EPOCH 100:
VALIDATION
valid epoch balanced_accuracy: 0.281707
EPOCH 100:
VALIDATION
VALIDATION
valid epoch balanced_accuracy: 0.590081
EPOCH 102:
valid epoch balanced_accuracy: 0.361995
EPOCH 101:
VALIDATION
VALIDATION
valid epoch balanced_accuracy: 0.777778
EPOCH 102:
valid epoch balanced_accuracy: 0.542500
EPOCH 102:
VALIDATION
valid epoch balanced_accuracy: 0.277027
EPOCH 101:
VALIDATION
valid epoch balanced_accuracy: 0.363831
EPOCH 101:
VALIDATION
valid epoch balanced_accuracy: 0.342073
EPOCH 101:
VALIDATION
VALIDATION
valid epoch balanced_accuracy: 0.590081
EPOCH 103:
valid epoch balanced_accuracy: 0.267442
EPOCH 102:
VALIDATION
VALIDATION
valid epoch balanced_accuracy: 0.570000
EPOCH 103:
valid epoch balanced_accuracy: 0.633333
EPOCH 103:
VALIDATION
valid epoch balanced_accuracy: 0.320332
EPOCH 102:
VALIDATION
valid epoch balanced_accuracy: 0.365361
EPOCH 102:
VALIDATION
valid epoch balanced_accuracy: 0.305488
EPOCH 102:
VALIDATION
valid epoch balanced_accuracy: 0.592105
EPOCH 104:
VALIDATION
valid epoch balanced_accuracy: 0.280600
EPOCH 103:
VALIDATION
VALIDATION
valid epoch balanced_accuracy: 0.532500
EPOCH 104:
valid epoch balanced_accuracy: 0.677778
EPOCH 104:
VALIDATION
valid epoch balanced_accuracy: 0.263514
EPOCH 103:
VALIDATION
valid epoch balanced_accuracy: 0.299572
EPOCH 103:
VALIDATION
valid epoch balanced_accuracy: 0.305793
EPOCH 103:
VALIDATION
valid epoch balanced_accuracy: 0.675101
EPOCH 105:
VALIDATION
valid epoch balanced_accuracy: 0.290698
EPOCH 104:
VALIDATION
VALIDATION
valid epoch balanced_accuracy: 0.552500
EPOCH 105:
valid epoch balanced_accuracy: 0.711111
EPOCH 105:
VALIDATION
valid epoch balanced_accuracy: 0.370086
EPOCH 104:
VALIDATION
valid epoch balanced_accuracy: 0.271726
VALIDATION
EPOCH 104:
valid epoch balanced_accuracy: 0.318293
EPOCH 104:
VALIDATION
valid epoch balanced_accuracy: 0.620951
EPOCH 106:
VALIDATION
valid epoch balanced_accuracy: 0.267442
EPOCH 105:
VALIDATION
VALIDATION
valid epoch balanced_accuracy: 0.788889
EPOCH 106:
valid epoch balanced_accuracy: 0.517500
EPOCH 106:
VALIDATION
VALIDATION
valid epoch balanced_accuracy: 0.311118
EPOCH 105:
valid epoch balanced_accuracy: 0.352203
VALIDATION
EPOCH 105:
valid epoch balanced_accuracy: 0.342073
EPOCH 105:
VALIDATION
valid epoch balanced_accuracy: 0.595648
EPOCH 107:
VALIDATION
valid epoch balanced_accuracy: 0.245716
EPOCH 106:
VALIDATION
VALIDATION
valid epoch balanced_accuracy: 0.644444
EPOCH 107:
valid epoch balanced_accuracy: 0.585000
EPOCH 107:
VALIDATION
VALIDATION
valid epoch balanced_accuracy: 0.311118
EPOCH 106:
VALIDATION
valid epoch balanced_accuracy: 0.378519
EPOCH 106:
valid epoch balanced_accuracy: 0.342683
EPOCH 106:
VALIDATION
valid epoch balanced_accuracy: 0.563259
EPOCH 108:
VALIDATION
valid epoch balanced_accuracy: 0.290698
EPOCH 107:
VALIDATION
VALIDATION
valid epoch balanced_accuracy: 0.611111
EPOCH 108:
valid epoch balanced_accuracy: 0.552500
EPOCH 108:
VALIDATION
valid epoch balanced_accuracy: 0.367936
EPOCH 107:
VALIDATION
valid epoch balanced_accuracy: 0.365361
EPOCH 107:
VALIDATION
valid epoch balanced_accuracy: 0.378354
EPOCH 107:
VALIDATION
valid epoch balanced_accuracy: 0.633097
EPOCH 109:
VALIDATION
valid epoch balanced_accuracy: 0.325581
EPOCH 108:
VALIDATION
VALIDATION
valid epoch balanced_accuracy: 0.700000
EPOCH 109:
valid epoch balanced_accuracy: 0.577500
EPOCH 109:
VALIDATION
valid epoch balanced_accuracy: 0.347359
EPOCH 108:
VALIDATION
valid epoch balanced_accuracy: 0.352203
EPOCH 108:
VALIDATION
valid epoch balanced_accuracy: 0.354268
EPOCH 108:
VALIDATION
valid epoch balanced_accuracy: 0.563259
EPOCH 110:
VALIDATION
VALIDATION
valid epoch balanced_accuracy: 0.337209
EPOCH 109:
VALIDATION
valid epoch balanced_accuracy: 0.666667
EPOCH 110:
valid epoch balanced_accuracy: 0.567500
EPOCH 110:
VALIDATION
valid epoch balanced_accuracy: 0.299754
EPOCH 109:
VALIDATION
valid epoch balanced_accuracy: 0.352203
EPOCH 109:
VALIDATION
valid epoch balanced_accuracy: 0.317683
EPOCH 109:
VALIDATION
valid epoch balanced_accuracy: 0.607794
EPOCH 111:
VALIDATION
VALIDATION
VALIDATION
valid epoch balanced_accuracy: 0.280600
EPOCH 110:
valid epoch balanced_accuracy: 0.700000
EPOCH 111:
valid epoch balanced_accuracy: 0.605000
EPOCH 111:
VALIDATION
valid epoch balanced_accuracy: 0.324631
EPOCH 110:
VALIDATION
valid epoch balanced_accuracy: 0.378519
EPOCH 110:
VALIDATION
valid epoch balanced_accuracy: 0.293598
EPOCH 110:
VALIDATION
valid epoch balanced_accuracy: 0.655870
EPOCH 112:
VALIDATION
VALIDATION
VALIDATION
valid epoch balanced_accuracy: 0.315483
EPOCH 111:
valid epoch balanced_accuracy: 0.755556
EPOCH 112:
valid epoch balanced_accuracy: 0.700000
EPOCH 112:
VALIDATION
valid epoch balanced_accuracy: 0.315418
EPOCH 111:
VALIDATION
valid epoch balanced_accuracy: 0.284884
EPOCH 111:
VALIDATION
valid epoch balanced_accuracy: 0.366463
EPOCH 111:
VALIDATION
valid epoch balanced_accuracy: 0.598178
EPOCH 113:
VALIDATION
VALIDATION
VALIDATION
valid epoch balanced_accuracy: 0.257344
EPOCH 112:
valid epoch balanced_accuracy: 0.677778
EPOCH 113:
valid epoch balanced_accuracy: 0.570000
EPOCH 113:
VALIDATION
valid epoch balanced_accuracy: 0.308968
EPOCH 112:
VALIDATION
valid epoch balanced_accuracy: 0.404835
EPOCH 112:
VALIDATION
valid epoch balanced_accuracy: 0.329878
EPOCH 112:
VALIDATION
valid epoch balanced_accuracy: 0.607794
EPOCH 114:
VALIDATION
VALIDATION
VALIDATION
valid epoch balanced_accuracy: 0.666667
EPOCH 114:
valid epoch balanced_accuracy: 0.350367
EPOCH 113:
valid epoch balanced_accuracy: 0.667500
EPOCH 114:
VALIDATION
valid epoch balanced_accuracy: 0.331695
EPOCH 113:
VALIDATION
valid epoch balanced_accuracy: 0.390147
EPOCH 113:
VALIDATION
valid epoch balanced_accuracy: 0.342073
EPOCH 113:
VALIDATION
valid epoch balanced_accuracy: 0.608806
EPOCH 115:
VALIDATION
VALIDATION
VALIDATION
valid epoch balanced_accuracy: 0.622222
EPOCH 115:
valid epoch balanced_accuracy: 0.637500
EPOCH 115:
valid epoch balanced_accuracy: 0.360465
EPOCH 114:
VALIDATION
valid epoch balanced_accuracy: 0.288391
EPOCH 114:
VALIDATION
valid epoch balanced_accuracy: 0.298042
EPOCH 114:
VALIDATION
valid epoch balanced_accuracy: 0.342073
EPOCH 114:
VALIDATION
valid epoch balanced_accuracy: 0.521255
EPOCH 116:
VALIDATION
VALIDATION
VALIDATION
valid epoch balanced_accuracy: 0.700000
EPOCH 116:
valid epoch balanced_accuracy: 0.527500
EPOCH 116:
valid epoch balanced_accuracy: 0.200734
EPOCH 115:
VALIDATION
valid epoch balanced_accuracy: 0.277027
EPOCH 115:
VALIDATION
valid epoch balanced_accuracy: 0.388617
EPOCH 115:
VALIDATION
valid epoch balanced_accuracy: 0.342073
EPOCH 115:
VALIDATION
valid epoch balanced_accuracy: 0.571862
EPOCH 117:
VALIDATION
VALIDATION
VALIDATION
valid epoch balanced_accuracy: 0.544444
EPOCH 117:
valid epoch balanced_accuracy: 0.627500
EPOCH 117:
valid epoch balanced_accuracy: 0.337209
EPOCH 116:
VALIDATION
valid epoch balanced_accuracy: 0.297604
EPOCH 116:
VALIDATION
valid epoch balanced_accuracy: 0.365361
EPOCH 116:
VALIDATION
valid epoch balanced_accuracy: 0.329878
EPOCH 116:
VALIDATION
valid epoch balanced_accuracy: 0.566802
EPOCH 118:
VALIDATION
VALIDATION
valid epoch balanced_accuracy: 0.677778
EPOCH 118:
VALIDATION
valid epoch balanced_accuracy: 0.565000
EPOCH 118:
valid epoch balanced_accuracy: 0.385251
EPOCH 117:
VALIDATION
valid epoch balanced_accuracy: 0.324631
EPOCH 117:
VALIDATION
valid epoch balanced_accuracy: 0.260098
EPOCH 117:
VALIDATION
valid epoch balanced_accuracy: 0.330183
EPOCH 117:
VALIDATION
valid epoch balanced_accuracy: 0.543016
EPOCH 119:
VALIDATION
VALIDATION
valid epoch balanced_accuracy: 0.744444
EPOCH 119:
valid epoch balanced_accuracy: 0.695000
EPOCH 119:
VALIDATION
valid epoch balanced_accuracy: 0.350367
EPOCH 118:
VALIDATION
valid epoch balanced_accuracy: 0.290541
EPOCH 118:
VALIDATION
valid epoch balanced_accuracy: 0.325887
EPOCH 118:
VALIDATION
valid epoch balanced_accuracy: 0.305488
EPOCH 118:
VALIDATION
valid epoch balanced_accuracy: 0.607794
EPOCH 120:
VALIDATION
VALIDATION
valid epoch balanced_accuracy: 0.666667
EPOCH 120:
valid epoch balanced_accuracy: 0.567500
EPOCH 120:
VALIDATION
valid epoch balanced_accuracy: 0.313953
EPOCH 119:
VALIDATION
valid epoch balanced_accuracy: 0.377150
EPOCH 119:
VALIDATION
valid epoch balanced_accuracy: 0.365361
EPOCH 119:
VALIDATION
valid epoch balanced_accuracy: 0.305488
EPOCH 119:
VALIDATION
valid epoch balanced_accuracy: 0.636640
EPOCH 121:
VALIDATION
VALIDATION
valid epoch balanced_accuracy: 0.655556
EPOCH 121:
valid epoch balanced_accuracy: 0.592500
EPOCH 121:
VALIDATION
valid epoch balanced_accuracy: 0.350367
EPOCH 120:
VALIDATION
valid epoch balanced_accuracy: 0.322482
EPOCH 120:
VALIDATION
valid epoch balanced_accuracy: 0.404835
EPOCH 120:
VALIDATION
valid epoch balanced_accuracy: 0.354268
EPOCH 120:
VALIDATION
valid epoch balanced_accuracy: 0.601721
EPOCH 122:
VALIDATION
VALIDATION
valid epoch balanced_accuracy: 0.711111
EPOCH 122:
valid epoch balanced_accuracy: 0.602500
EPOCH 122:
VALIDATION
valid epoch balanced_accuracy: 0.337209
EPOCH 121:
VALIDATION
valid epoch balanced_accuracy: 0.254300
EPOCH 121:
VALIDATION
valid epoch balanced_accuracy: 0.337515
EPOCH 121:
VALIDATION
valid epoch balanced_accuracy: 0.342073
EPOCH 121:
VALIDATION
valid epoch balanced_accuracy: 0.623482
EPOCH 123:
VALIDATION
VALIDATION
valid epoch balanced_accuracy: 0.700000
EPOCH 123:
valid epoch balanced_accuracy: 0.570000
EPOCH 123:
VALIDATION
valid epoch balanced_accuracy: 0.337209
EPOCH 122:
VALIDATION
valid epoch balanced_accuracy: 0.320332
EPOCH 122:
VALIDATION
valid epoch balanced_accuracy: 0.286414
EPOCH 122:
VALIDATION
valid epoch balanced_accuracy: 0.317683
EPOCH 122:
VALIDATION
valid epoch balanced_accuracy: 0.640182
EPOCH 124:
VALIDATION
VALIDATION
valid epoch balanced_accuracy: 0.733333
EPOCH 124:
valid epoch balanced_accuracy: 0.540000
EPOCH 124:
VALIDATION
valid epoch balanced_accuracy: 0.325581
EPOCH 123:
VALIDATION
valid epoch balanced_accuracy: 0.265663
EPOCH 123:
VALIDATION
valid epoch balanced_accuracy: 0.365361
EPOCH 123:
VALIDATION
valid epoch balanced_accuracy: 0.378354
EPOCH 123:
VALIDATION
valid epoch balanced_accuracy: 0.677632
EPOCH 125:
VALIDATION
VALIDATION
valid epoch balanced_accuracy: 0.535000
EPOCH 125:
valid epoch balanced_accuracy: 0.733333
EPOCH 125:
VALIDATION
valid epoch balanced_accuracy: 0.350367
EPOCH 124:
VALIDATION
valid epoch balanced_accuracy: 0.286241
EPOCH 124:
VALIDATION
valid epoch balanced_accuracy: 0.365361
EPOCH 124:
VALIDATION
valid epoch balanced_accuracy: 0.342073
EPOCH 124:
VALIDATION
valid epoch balanced_accuracy: 0.550101
EPOCH 126:
VALIDATION
VALIDATION
valid epoch balanced_accuracy: 0.570000
EPOCH 126:
valid epoch balanced_accuracy: 0.744444
EPOCH 126:
VALIDATION
valid epoch balanced_accuracy: 0.350367
EPOCH 125:
VALIDATION
valid epoch balanced_accuracy: 0.256450
EPOCH 125:
VALIDATION
valid epoch balanced_accuracy: 0.404835
EPOCH 125:
VALIDATION
valid epoch balanced_accuracy: 0.329878
EPOCH 125:
VALIDATION
valid epoch balanced_accuracy: 0.560729
EPOCH 127:
VALIDATION
VALIDATION
valid epoch balanced_accuracy: 0.575000
EPOCH 127:
valid epoch balanced_accuracy: 0.744444
EPOCH 127:
VALIDATION
valid epoch balanced_accuracy: 0.361995
EPOCH 126:
VALIDATION
valid epoch balanced_accuracy: 0.290541
EPOCH 126:
VALIDATION
valid epoch balanced_accuracy: 0.507038
VALIDATION
EPOCH 126:
valid epoch balanced_accuracy: 0.317683
EPOCH 126:
VALIDATION
valid epoch balanced_accuracy: 0.588563
EPOCH 128:
VALIDATION
VALIDATION
valid epoch balanced_accuracy: 0.777778
valid epoch balanced_accuracy: 0.547500
EPOCH 128:
EPOCH 128:
VALIDATION
valid epoch balanced_accuracy: 0.327111
EPOCH 127:
VALIDATION
valid epoch balanced_accuracy: 0.286241
EPOCH 127:
VALIDATION
valid epoch balanced_accuracy: 0.391677
EPOCH 127:
VALIDATION
valid epoch balanced_accuracy: 0.342073
EPOCH 127:
VALIDATION
valid epoch balanced_accuracy: 0.646255
EPOCH 129:
VALIDATION
VALIDATION
valid epoch balanced_accuracy: 0.532500
EPOCH 129:
valid epoch balanced_accuracy: 0.744444
EPOCH 129:
VALIDATION
valid epoch balanced_accuracy: 0.350367
EPOCH 128:
VALIDATION
valid epoch balanced_accuracy: 0.288391
EPOCH 128:
VALIDATION
valid epoch balanced_accuracy: 0.339045
EPOCH 128:
VALIDATION
valid epoch balanced_accuracy: 0.378659
EPOCH 128:
VALIDATION
valid epoch balanced_accuracy: 0.599696
EPOCH 130:
VALIDATION
VALIDATION
valid epoch balanced_accuracy: 0.615000
EPOCH 130:
valid epoch balanced_accuracy: 0.711111
EPOCH 130:
VALIDATION
valid epoch balanced_accuracy: 0.385251
EPOCH 129:
VALIDATION
valid epoch balanced_accuracy: 0.311118
EPOCH 129:
VALIDATION
valid epoch balanced_accuracy: 0.365361
EPOCH 129:
VALIDATION
valid epoch balanced_accuracy: 0.366463
EPOCH 129:
VALIDATION
valid epoch balanced_accuracy: 0.623482
EPOCH 131:
VALIDATION
VALIDATION
valid epoch balanced_accuracy: 0.592500
EPOCH 131:
valid epoch balanced_accuracy: 0.777778
EPOCH 131:
VALIDATION
valid epoch balanced_accuracy: 0.351897
EPOCH 130:
VALIDATION
valid epoch balanced_accuracy: 0.304054
EPOCH 130:
VALIDATION
valid epoch balanced_accuracy: 0.376989
EPOCH 130:
VALIDATION
valid epoch balanced_accuracy: 0.293293
EPOCH 130:
VALIDATION
valid epoch balanced_accuracy: 0.600709
EPOCH 132:
VALIDATION
VALIDATION
valid epoch balanced_accuracy: 0.647500
EPOCH 132:
valid epoch balanced_accuracy: 0.688889
EPOCH 132:
VALIDATION
valid epoch balanced_accuracy: 0.268972
EPOCH 131:
VALIDATION
valid epoch balanced_accuracy: 0.311118
EPOCH 131:
VALIDATION
valid epoch balanced_accuracy: 0.365361
EPOCH 131:
VALIDATION
valid epoch balanced_accuracy: 0.354268
EPOCH 131:
VALIDATION
valid epoch balanced_accuracy: 0.576417
EPOCH 133:
VALIDATION
VALIDATION
valid epoch balanced_accuracy: 0.572500
EPOCH 133:
valid epoch balanced_accuracy: 0.711111
EPOCH 133:
VALIDATION
valid epoch balanced_accuracy: 0.360465
EPOCH 132:
VALIDATION
valid epoch balanced_accuracy: 0.288391
EPOCH 132:
VALIDATION
valid epoch balanced_accuracy: 0.352203
EPOCH 132:
VALIDATION
valid epoch balanced_accuracy: 0.329878
EPOCH 132:
VALIDATION
valid epoch balanced_accuracy: 0.659413
EPOCH 134:
VALIDATION
VALIDATION
valid epoch balanced_accuracy: 0.530000
EPOCH 134:
valid epoch balanced_accuracy: 0.755556
EPOCH 134:
VALIDATION
valid epoch balanced_accuracy: 0.385251
EPOCH 133:
VALIDATION
valid epoch balanced_accuracy: 0.286241
EPOCH 133:
VALIDATION
valid epoch balanced_accuracy: 0.416463
EPOCH 133:
VALIDATION
valid epoch balanced_accuracy: 0.317683
EPOCH 133:
VALIDATION
valid epoch balanced_accuracy: 0.609312
EPOCH 135:
VALIDATION
VALIDATION
valid epoch balanced_accuracy: 0.515000
EPOCH 135:
valid epoch balanced_accuracy: 0.644444
EPOCH 135:
VALIDATION
valid epoch balanced_accuracy: 0.327111
EPOCH 134:
VALIDATION
valid epoch balanced_accuracy: 0.331695
EPOCH 134:
VALIDATION
valid epoch balanced_accuracy: 0.391677
EPOCH 134:
VALIDATION
valid epoch balanced_accuracy: 0.317683
EPOCH 134:
VALIDATION
valid epoch balanced_accuracy: 0.521255
EPOCH 136:
VALIDATION
VALIDATION
valid epoch balanced_accuracy: 0.550000
EPOCH 136:
valid epoch balanced_accuracy: 0.700000
EPOCH 136:
VALIDATION
valid epoch balanced_accuracy: 0.350367
EPOCH 135:
VALIDATION
valid epoch balanced_accuracy: 0.333845
EPOCH 135:
VALIDATION
valid epoch balanced_accuracy: 0.365361
EPOCH 135:
VALIDATION
valid epoch balanced_accuracy: 0.342073
EPOCH 135:
VALIDATION
valid epoch balanced_accuracy: 0.627024
EPOCH 137:
VALIDATION
VALIDATION
valid epoch balanced_accuracy: 0.552500
EPOCH 137:
valid epoch balanced_accuracy: 0.677778
EPOCH 137:
VALIDATION
valid epoch balanced_accuracy: 0.385251
EPOCH 136:
VALIDATION
valid epoch balanced_accuracy: 0.306204
EPOCH 136:
VALIDATION
valid epoch balanced_accuracy: 0.431151
EPOCH 136:
VALIDATION
valid epoch balanced_accuracy: 0.317683
EPOCH 136:
VALIDATION
valid epoch balanced_accuracy: 0.582490
EPOCH 138:
VALIDATION
VALIDATION
valid epoch balanced_accuracy: 0.537500
EPOCH 138:
valid epoch balanced_accuracy: 0.677778
EPOCH 138:
VALIDATION
valid epoch balanced_accuracy: 0.372093
EPOCH 137:
VALIDATION
valid epoch balanced_accuracy: 0.354423
EPOCH 137:
VALIDATION
valid epoch balanced_accuracy: 0.352203
EPOCH 137:
VALIDATION
valid epoch balanced_accuracy: 0.293293
EPOCH 137:
VALIDATION
valid epoch balanced_accuracy: 0.565283
EPOCH 139:
VALIDATION
VALIDATION
valid epoch balanced_accuracy: 0.552500
EPOCH 139:
valid epoch balanced_accuracy: 0.677778
EPOCH 139:
VALIDATION
valid epoch balanced_accuracy: 0.361995
EPOCH 138:
VALIDATION
valid epoch balanced_accuracy: 0.354423
EPOCH 138:
VALIDATION
valid epoch balanced_accuracy: 0.365361
EPOCH 138:
VALIDATION
valid epoch balanced_accuracy: 0.390854
EPOCH 138:
VALIDATION
valid epoch balanced_accuracy: 0.563259
EPOCH 140:
VALIDATION
VALIDATION
valid epoch balanced_accuracy: 0.552500
EPOCH 140:
valid epoch balanced_accuracy: 0.666667
EPOCH 140:
VALIDATION
valid epoch balanced_accuracy: 0.338739
EPOCH 139:
VALIDATION
valid epoch balanced_accuracy: 0.277027
EPOCH 139:
VALIDATION
valid epoch balanced_accuracy: 0.391677
EPOCH 139:
VALIDATION
valid epoch balanced_accuracy: 0.390854
EPOCH 139:
VALIDATION
valid epoch balanced_accuracy: 0.557186
EPOCH 141:
VALIDATION
VALIDATION
valid epoch balanced_accuracy: 0.532500
EPOCH 141:
valid epoch balanced_accuracy: 0.655556
EPOCH 141:
VALIDATION
valid epoch balanced_accuracy: 0.338739
EPOCH 140:
VALIDATION
valid epoch balanced_accuracy: 0.267813
EPOCH 140:
VALIDATION
valid epoch balanced_accuracy: 0.404835
EPOCH 140:
VALIDATION
valid epoch balanced_accuracy: 0.317683
EPOCH 140:
VALIDATION
valid epoch balanced_accuracy: 0.620951
EPOCH 142:
VALIDATION
VALIDATION
valid epoch balanced_accuracy: 0.672500
EPOCH 142:
valid epoch balanced_accuracy: 0.777778
EPOCH 142:
VALIDATION
valid epoch balanced_accuracy: 0.373623
EPOCH 141:
VALIDATION
valid epoch balanced_accuracy: 0.297604
EPOCH 141:
VALIDATION
valid epoch balanced_accuracy: 0.378519
EPOCH 141:
VALIDATION
valid epoch balanced_accuracy: 0.329878
EPOCH 141:
VALIDATION
valid epoch balanced_accuracy: 0.671559
EPOCH 143:
VALIDATION
VALIDATION
valid epoch balanced_accuracy: 0.602500
EPOCH 143:
valid epoch balanced_accuracy: 0.755556
EPOCH 143:
VALIDATION
valid epoch balanced_accuracy: 0.338739
EPOCH 142:
VALIDATION
valid epoch balanced_accuracy: 0.274877
EPOCH 142:
VALIDATION
valid epoch balanced_accuracy: 0.365361
EPOCH 142:
VALIDATION
valid epoch balanced_accuracy: 0.366463
EPOCH 142:
VALIDATION
valid epoch balanced_accuracy: 0.613866
EPOCH 144:
VALIDATION
VALIDATION
valid epoch balanced_accuracy: 0.590000
EPOCH 144:
valid epoch balanced_accuracy: 0.666667
EPOCH 144:
VALIDATION
valid epoch balanced_accuracy: 0.327111
EPOCH 143:
VALIDATION
valid epoch balanced_accuracy: 0.279177
EPOCH 143:
VALIDATION
valid epoch balanced_accuracy: 0.403305
EPOCH 143:
VALIDATION
valid epoch balanced_accuracy: 0.403049
EPOCH 143:
VALIDATION
valid epoch balanced_accuracy: 0.575405
EPOCH 145:
VALIDATION
VALIDATION
valid epoch balanced_accuracy: 0.595000
EPOCH 145:
valid epoch balanced_accuracy: 0.722222
EPOCH 145:
VALIDATION
valid epoch balanced_accuracy: 0.350367
EPOCH 144:
VALIDATION
valid epoch balanced_accuracy: 0.333845
EPOCH 144:
VALIDATION
valid epoch balanced_accuracy: 0.444308
EPOCH 144:
VALIDATION
valid epoch balanced_accuracy: 0.342378
EPOCH 144:
VALIDATION
valid epoch balanced_accuracy: 0.544028
EPOCH 146:
VALIDATION
VALIDATION
valid epoch balanced_accuracy: 0.542500
EPOCH 146:
valid epoch balanced_accuracy: 0.655556
EPOCH 146:
VALIDATION
valid epoch balanced_accuracy: 0.302326
EPOCH 145:
VALIDATION
valid epoch balanced_accuracy: 0.311118
EPOCH 145:
VALIDATION
valid epoch balanced_accuracy: 0.431151
EPOCH 145:
VALIDATION
valid epoch balanced_accuracy: 0.305488
EPOCH 145:
VALIDATION
valid epoch balanced_accuracy: 0.546559
EPOCH 147:
VALIDATION
VALIDATION
valid epoch balanced_accuracy: 0.555000
EPOCH 147:
valid epoch balanced_accuracy: 0.711111
EPOCH 147:
VALIDATION
valid epoch balanced_accuracy: 0.372093
EPOCH 146:
VALIDATION
valid epoch balanced_accuracy: 0.426904
EPOCH 146:
VALIDATION
valid epoch balanced_accuracy: 0.378519
EPOCH 146:
VALIDATION
valid epoch balanced_accuracy: 0.281098
EPOCH 146:
VALIDATION
valid epoch balanced_accuracy: 0.502024
EPOCH 148:
VALIDATION
VALIDATION
valid epoch balanced_accuracy: 0.515000
EPOCH 148:
valid epoch balanced_accuracy: 0.766667
EPOCH 148:
VALIDATION
valid epoch balanced_accuracy: 0.360465
EPOCH 147:
VALIDATION
valid epoch balanced_accuracy: 0.299754
EPOCH 147:
VALIDATION
VALIDATION
valid epoch balanced_accuracy: 0.390147
EPOCH 147:
VALIDATION
valid epoch balanced_accuracy: 0.403049
EPOCH 147:
valid epoch balanced_accuracy: 0.598178
EPOCH 149:
VALIDATION
VALIDATION
valid epoch balanced_accuracy: 0.580000
EPOCH 149:
valid epoch balanced_accuracy: 0.688889
EPOCH 149:
VALIDATION
valid epoch balanced_accuracy: 0.350367
EPOCH 148:
VALIDATION
valid epoch balanced_accuracy: 0.354423
EPOCH 148:
VALIDATION
VALIDATION
valid epoch balanced_accuracy: 0.391677
EPOCH 148:
VALIDATION
valid epoch balanced_accuracy: 0.427439
EPOCH 148:
valid epoch balanced_accuracy: 0.564777
EPOCH 150:
VALIDATION
VALIDATION
valid epoch balanced_accuracy: 0.537500
EPOCH 150:
valid epoch balanced_accuracy: 0.755556
EPOCH 150:
VALIDATION
valid epoch balanced_accuracy: 0.351897
EPOCH 149:
VALIDATION
valid epoch balanced_accuracy: 0.265663
EPOCH 149:
VALIDATION
VALIDATION
VALIDATION
valid epoch balanced_accuracy: 0.391677
EPOCH 149:
valid epoch balanced_accuracy: 0.293598
EPOCH 149:
valid epoch balanced_accuracy: 0.546559
accuracy: 0.733333
sensitivity: 0.815789
precision: 0.645833
specificity: 0.673077
IoU: 0.563636
FAR: 0.326923
F1: 0.720930
balanced_accuracy: 0.744433
loss: 1.049933
VALIDATION
VALIDATION
valid epoch balanced_accuracy: 0.542500
valid epoch balanced_accuracy: 0.811111
accuracy: 0.644444
sensitivity: 0.500000
precision: 0.781250
specificity: 0.825000
IoU: 0.438596
FAR: 0.175000
F1: 0.609756
balanced_accuracy: 0.662500
loss: 0.704499
accuracy: 0.811111
sensitivity: 0.888889
precision: 0.769231
specificity: 0.733333
IoU: 0.701754
FAR: 0.266667
F1: 0.824742
balanced_accuracy: 0.811111
loss: 0.612306
VALIDATION
valid epoch balanced_accuracy: 0.350367
EPOCH 150:
VALIDATION
valid epoch balanced_accuracy: 0.320332
EPOCH 150:
VALIDATION
VALIDATION
valid epoch balanced_accuracy: 0.339045
EPOCH 150:
valid epoch balanced_accuracy: 0.329878
EPOCH 150:
VALIDATION
valid epoch balanced_accuracy: 0.337209
accuracy: 0.370370
sensitivity: 0.046512
precision: 0.166667
specificity: 0.736842
IoU: 0.037736
FAR: 0.263158
F1: 0.072727
balanced_accuracy: 0.391677
loss: 4.354565
VALIDATION
valid epoch balanced_accuracy: 0.345209
VALIDATION
VALIDATION
accuracy: 0.308642
sensitivity: 0.022727
precision: 0.071429
specificity: 0.648649
IoU: 0.017544
FAR: 0.351351
F1: 0.034483
balanced_accuracy: 0.335688
loss: 2.486580
valid epoch balanced_accuracy: 0.339045
valid epoch balanced_accuracy: 0.305488
accuracy: 0.296296
sensitivity: 0.000000
precision: 0.000000
specificity: 0.558140
IoU: 0.000000
FAR: 0.441860
F1: 0.000000
balanced_accuracy: 0.279070
loss: 4.604085
accuracy: 0.345679
sensitivity: 0.146341
precision: 0.250000
specificity: 0.550000
IoU: 0.101695
FAR: 0.450000
F1: 0.184615
balanced_accuracy: 0.348171
loss: 2.575249

number of parameters : 1296796
train : (1350, 12)
valid : (81, 12)
test : (81, 12)
class weights : [1.0, 1.0]
balanced batches : 85 per epoch covering all 1350 train rows, target 8 positive + 8 unlabeled


number of parameters : 1296796
number of parameters : 1296796
train : (1382, 12)
valid : (65, 12)
test : (65, 12)
class weights : [1.0, 1.0]
balanced batches : 87 per epoch covering all 1382 train rows, target 8 positive + 8 unlabeled
train : (1382, 12)
valid : (65, 12)
test : (65, 12)
class weights : [1.0, 1.0]
balanced batches : 87 per epoch covering all 1382 train rows, target 8 positive + 8 unlabeled
cache warmed : 35 proteins, 409 lipid encodings, 0 lipid graphs, 131 MiB
data extracted
EPOCH 1:
VALIDATION
valid epoch balanced_accuracy: 0.175031
EPOCH 2:
cache warmed : 35 proteins, 409 lipid encodings, 0 lipid graphs, 131 MiB
data extracted
EPOCH 1:
VALIDATION
valid epoch balanced_accuracy: 0.201346
EPOCH 3:
cache warmed : 35 proteins, 409 lipid encodings, 0 lipid graphs, 131 MiB
data extracted
EPOCH 1:


number of parameters : 1296796
train : (1382, 12)
valid : (65, 12)
test : (65, 12)
class weights : [1.0, 1.0]
balanced batches : 87 per epoch covering all 1382 train rows, target 8 positive + 8 unlabeled
number of parameters : 1296796
train : (1382, 12)
valid : (65, 12)
test : (65, 12)
class weights : [1.0, 1.0]
balanced batches : 87 per epoch covering all 1382 train rows, target 8 positive + 8 unlabeled
VALIDATION
valid epoch balanced_accuracy: 0.161873
VALIDATION
EPOCH 4:
valid epoch balanced_accuracy: 0.566667
EPOCH 2:
VALIDATION
valid epoch balanced_accuracy: 0.604762
EPOCH 2:
cache warmed : 35 proteins, 409 lipid encodings, 0 lipid graphs, 131 MiB
data extracted
EPOCH 1:
cache warmed : 35 proteins, 409 lipid encodings, 0 lipid graphs, 131 MiB
data extracted
EPOCH 1:
VALIDATION
valid epoch balanced_accuracy: 0.692857
EPOCH 3:
VALIDATION
valid epoch balanced_accuracy: 0.255508
EPOCH 5:
VALIDATION
valid epoch balanced_accuracy: 0.692857
EPOCH 3:
VALIDATION
valid epoch balanced_accuracy: 0.576190
EPOCH 2:
VALIDATION
VALIDATION
valid epoch balanced_accuracy: 0.695238
EPOCH 4:
VALIDATION
valid epoch balanced_accuracy: 0.715517
EPOCH 2:
valid epoch balanced_accuracy: 0.175031
EPOCH 6:
VALIDATION
valid epoch balanced_accuracy: 0.652381
EPOCH 4:
VALIDATION
valid epoch balanced_accuracy: 0.695238
EPOCH 3:
VALIDATION
VALIDATION
valid epoch balanced_accuracy: 0.752381
EPOCH 5:
VALIDATION
valid epoch balanced_accuracy: 0.753831
EPOCH 3:
valid epoch balanced_accuracy: 0.253978
EPOCH 7:
VALIDATION
valid epoch balanced_accuracy: 0.604762
EPOCH 5:
VALIDATION
valid epoch balanced_accuracy: 0.683333
EPOCH 4:
VALIDATION
VALIDATION
VALIDATION
valid epoch balanced_accuracy: 0.738095
EPOCH 6:
valid epoch balanced_accuracy: 0.701628
EPOCH 4:
valid epoch balanced_accuracy: 0.280294
EPOCH 8:
VALIDATION
valid epoch balanced_accuracy: 0.654762
EPOCH 6:
VALIDATION
valid epoch balanced_accuracy: 0.685714
EPOCH 5:
VALIDATION
VALIDATION
VALIDATION
valid epoch balanced_accuracy: 0.709524
EPOCH 7:
valid epoch balanced_accuracy: 0.747605
EPOCH 5:
valid epoch balanced_accuracy: 0.253978
EPOCH 9:
VALIDATION
valid epoch balanced_accuracy: 0.657143
EPOCH 7:
VALIDATION
valid epoch balanced_accuracy: 0.742857
EPOCH 6:
VALIDATION
VALIDATION
VALIDATION
valid epoch balanced_accuracy: 0.678571
EPOCH 8:
valid epoch balanced_accuracy: 0.281824
EPOCH 10:
valid epoch balanced_accuracy: 0.753831
EPOCH 6:
VALIDATION
valid epoch balanced_accuracy: 0.678571
EPOCH 8:
VALIDATION
valid epoch balanced_accuracy: 0.671429
EPOCH 7:
VALIDATION
VALIDATION
VALIDATION
valid epoch balanced_accuracy: 0.738095
EPOCH 9:
valid epoch balanced_accuracy: 0.294982
EPOCH 11:
valid epoch balanced_accuracy: 0.726054
EPOCH 7:
VALIDATION
valid epoch balanced_accuracy: 0.735714
EPOCH 9:
VALIDATION
valid epoch balanced_accuracy: 0.711905
EPOCH 8:
VALIDATION
VALIDATION
VALIDATION
valid epoch balanced_accuracy: 0.147185
EPOCH 12:
valid epoch balanced_accuracy: 0.609524
EPOCH 10:
valid epoch balanced_accuracy: 0.736590
EPOCH 8:
VALIDATION
valid epoch balanced_accuracy: 0.552381
EPOCH 10:
VALIDATION
valid epoch balanced_accuracy: 0.683333
EPOCH 9:
VALIDATION
VALIDATION
valid epoch balanced_accuracy: 0.332925
EPOCH 13:
VALIDATION
valid epoch balanced_accuracy: 0.664286
EPOCH 11:
valid epoch balanced_accuracy: 0.687739
EPOCH 9:
VALIDATION
valid epoch balanced_accuracy: 0.373810
EPOCH 11:
VALIDATION
valid epoch balanced_accuracy: 0.704762
EPOCH 10:
VALIDATION
valid epoch balanced_accuracy: 0.280294
EPOCH 14:
VALIDATION
VALIDATION
valid epoch balanced_accuracy: 0.545238
EPOCH 12:
valid epoch balanced_accuracy: 0.678161
EPOCH 10:
VALIDATION
valid epoch balanced_accuracy: 0.376190
EPOCH 12:
VALIDATION
valid epoch balanced_accuracy: 0.702381
EPOCH 11:
VALIDATION
valid epoch balanced_accuracy: 0.261628
EPOCH 15:
VALIDATION
VALIDATION
valid epoch balanced_accuracy: 0.676190
EPOCH 13:
valid epoch balanced_accuracy: 0.577586
EPOCH 11:
VALIDATION
valid epoch balanced_accuracy: 0.435714
EPOCH 13:
VALIDATION
valid epoch balanced_accuracy: 0.659524
EPOCH 12:
VALIDATION
valid epoch balanced_accuracy: 0.359241
EPOCH 16:
VALIDATION
VALIDATION
valid epoch balanced_accuracy: 0.483333
EPOCH 14:
valid epoch balanced_accuracy: 0.538793
EPOCH 12:
VALIDATION
valid epoch balanced_accuracy: 0.450000
EPOCH 14:
VALIDATION
VALIDATION
valid epoch balanced_accuracy: 0.671429
EPOCH 13:
valid epoch balanced_accuracy: 0.274786
EPOCH 17:
VALIDATION
VALIDATION
valid epoch balanced_accuracy: 0.569048
EPOCH 15:
valid epoch balanced_accuracy: 0.691571
EPOCH 13:
VALIDATION
valid epoch balanced_accuracy: 0.509524
EPOCH 15:
VALIDATION
VALIDATION
valid epoch balanced_accuracy: 0.657143
EPOCH 14:
valid epoch balanced_accuracy: 0.301102
EPOCH 18:
VALIDATION
VALIDATION
valid epoch balanced_accuracy: 0.502381
EPOCH 16:
valid epoch balanced_accuracy: 0.650383
EPOCH 14:
VALIDATION
valid epoch balanced_accuracy: 0.483333
EPOCH 16:
VALIDATION
VALIDATION
valid epoch balanced_accuracy: 0.697619
EPOCH 15:
valid epoch balanced_accuracy: 0.287944
EPOCH 19:
VALIDATION
VALIDATION
valid epoch balanced_accuracy: 0.509524
EPOCH 17:
valid epoch balanced_accuracy: 0.680556
EPOCH 15:
VALIDATION
valid epoch balanced_accuracy: 0.488095
EPOCH 17:
VALIDATION
VALIDATION
valid epoch balanced_accuracy: 0.652381
EPOCH 16:
valid epoch balanced_accuracy: 0.273256
EPOCH 20:
VALIDATION
VALIDATION
valid epoch balanced_accuracy: 0.563697
EPOCH 16:
valid epoch balanced_accuracy: 0.514286
EPOCH 18:
VALIDATION
valid epoch balanced_accuracy: 0.466667
EPOCH 18:
VALIDATION
VALIDATION
valid epoch balanced_accuracy: 0.273256
EPOCH 21:
valid epoch balanced_accuracy: 0.707143
EPOCH 17:
VALIDATION
VALIDATION
valid epoch balanced_accuracy: 0.440613
EPOCH 17:
valid epoch balanced_accuracy: 0.664286
EPOCH 19:
VALIDATION
valid epoch balanced_accuracy: 0.428571
EPOCH 19:
VALIDATION
VALIDATION
valid epoch balanced_accuracy: 0.222154
EPOCH 22:
valid epoch balanced_accuracy: 0.595238
EPOCH 18:
VALIDATION
VALIDATION
valid epoch balanced_accuracy: 0.436782
EPOCH 18:
valid epoch balanced_accuracy: 0.538095
EPOCH 20:
VALIDATION
valid epoch balanced_accuracy: 0.442857
EPOCH 20:
VALIDATION
valid epoch balanced_accuracy: 0.274786
EPOCH 23:
VALIDATION
valid epoch balanced_accuracy: 0.695238
EPOCH 19:
VALIDATION
VALIDATION
valid epoch balanced_accuracy: 0.609524
EPOCH 21:
valid epoch balanced_accuracy: 0.750000
EPOCH 19:
VALIDATION
valid epoch balanced_accuracy: 0.511905
EPOCH 21:
VALIDATION
valid epoch balanced_accuracy: 0.314259
EPOCH 24:
VALIDATION
valid epoch balanced_accuracy: 0.426190
EPOCH 20:
VALIDATION
VALIDATION
valid epoch balanced_accuracy: 0.480952
EPOCH 22:
valid epoch balanced_accuracy: 0.587644
EPOCH 20:
VALIDATION
valid epoch balanced_accuracy: 0.461905
EPOCH 22:
VALIDATION
valid epoch balanced_accuracy: 0.301102
EPOCH 25:
VALIDATION
valid epoch balanced_accuracy: 0.478571
EPOCH 21:
VALIDATION
VALIDATION
valid epoch balanced_accuracy: 0.404762
EPOCH 23:
valid epoch balanced_accuracy: 0.491858
EPOCH 21:
VALIDATION
valid epoch balanced_accuracy: 0.478571
EPOCH 23:
VALIDATION
valid epoch balanced_accuracy: 0.299572
EPOCH 26:
VALIDATION
valid epoch balanced_accuracy: 0.721429
EPOCH 22:
VALIDATION
VALIDATION
valid epoch balanced_accuracy: 0.540476
EPOCH 24:
valid epoch balanced_accuracy: 0.650862
EPOCH 22:
VALIDATION
valid epoch balanced_accuracy: 0.478571
EPOCH 24:
VALIDATION
valid epoch balanced_accuracy: 0.296512
EPOCH 27:
VALIDATION
valid epoch balanced_accuracy: 0.440476
EPOCH 23:
VALIDATION
VALIDATION
valid epoch balanced_accuracy: 0.619732
EPOCH 23:
valid epoch balanced_accuracy: 0.473810
EPOCH 25:
VALIDATION
valid epoch balanced_accuracy: 0.528571
EPOCH 25:
VALIDATION
valid epoch balanced_accuracy: 0.205936
EPOCH 28:
VALIDATION
valid epoch balanced_accuracy: 0.702381
EPOCH 24:
VALIDATION
VALIDATION
valid epoch balanced_accuracy: 0.640326
EPOCH 24:
valid epoch balanced_accuracy: 0.478571
EPOCH 26:
VALIDATION
valid epoch balanced_accuracy: 0.528571
EPOCH 26:
VALIDATION
valid epoch balanced_accuracy: 0.286414
EPOCH 29:
VALIDATION
valid epoch balanced_accuracy: 0.619048
EPOCH 25:
VALIDATION
VALIDATION
valid epoch balanced_accuracy: 0.567529
EPOCH 25:
valid epoch balanced_accuracy: 0.538095
EPOCH 27:
VALIDATION
valid epoch balanced_accuracy: 0.540476
EPOCH 27:
VALIDATION
valid epoch balanced_accuracy: 0.324357
EPOCH 30:
VALIDATION
valid epoch balanced_accuracy: 0.457143
EPOCH 26:
VALIDATION
VALIDATION
valid epoch balanced_accuracy: 0.605843
EPOCH 26:
valid epoch balanced_accuracy: 0.623810
EPOCH 28:
VALIDATION
valid epoch balanced_accuracy: 0.461905
EPOCH 28:
VALIDATION
valid epoch balanced_accuracy: 0.339045
EPOCH 31:
VALIDATION
valid epoch balanced_accuracy: 0.526190
EPOCH 27:
VALIDATION
VALIDATION
valid epoch balanced_accuracy: 0.457375
EPOCH 27:
valid epoch balanced_accuracy: 0.478571
EPOCH 29:
VALIDATION
valid epoch balanced_accuracy: 0.461905
EPOCH 29:
VALIDATION
valid epoch balanced_accuracy: 0.284884
EPOCH 32:
VALIDATION
valid epoch balanced_accuracy: 0.450000
EPOCH 28:
VALIDATION
VALIDATION
valid epoch balanced_accuracy: 0.702586
EPOCH 28:
valid epoch balanced_accuracy: 0.492857
EPOCH 30:
VALIDATION
valid epoch balanced_accuracy: 0.578571
EPOCH 30:
VALIDATION
valid epoch balanced_accuracy: 0.274786
EPOCH 33:
VALIDATION
valid epoch balanced_accuracy: 0.411905
EPOCH 29:
VALIDATION
VALIDATION
valid epoch balanced_accuracy: 0.584770
EPOCH 29:
valid epoch balanced_accuracy: 0.552381
EPOCH 31:
VALIDATION
valid epoch balanced_accuracy: 0.521429
EPOCH 31:
VALIDATION
valid epoch balanced_accuracy: 0.308140
EPOCH 34:
VALIDATION
valid epoch balanced_accuracy: 0.523810
EPOCH 30:
VALIDATION
VALIDATION
valid epoch balanced_accuracy: 0.595307
EPOCH 30:
valid epoch balanced_accuracy: 0.497619
EPOCH 32:
VALIDATION
valid epoch balanced_accuracy: 0.530952
EPOCH 32:
VALIDATION
valid epoch balanced_accuracy: 0.340575
EPOCH 35:
VALIDATION
valid epoch balanced_accuracy: 0.347619
EPOCH 31:
VALIDATION
VALIDATION
valid epoch balanced_accuracy: 0.564176
EPOCH 31:
valid epoch balanced_accuracy: 0.540476
EPOCH 33:
VALIDATION
valid epoch balanced_accuracy: 0.511905
EPOCH 33:
VALIDATION
valid epoch balanced_accuracy: 0.273256
EPOCH 36:
VALIDATION
valid epoch balanced_accuracy: 0.469048
EPOCH 32:
VALIDATION
valid epoch balanced_accuracy: 0.515805
EPOCH 32:
VALIDATION
valid epoch balanced_accuracy: 0.500000
EPOCH 34:
VALIDATION
valid epoch balanced_accuracy: 0.526190
EPOCH 34:
VALIDATION
valid epoch balanced_accuracy: 0.286414
EPOCH 37:
VALIDATION
valid epoch balanced_accuracy: 0.388095
EPOCH 33:
VALIDATION
valid epoch balanced_accuracy: 0.633621
EPOCH 33:
VALIDATION
valid epoch balanced_accuracy: 0.504762
EPOCH 35:
VALIDATION
valid epoch balanced_accuracy: 0.535714
EPOCH 35:
VALIDATION
valid epoch balanced_accuracy: 0.273256
EPOCH 38:
VALIDATION
valid epoch balanced_accuracy: 0.390476
EPOCH 34:
VALIDATION
valid epoch balanced_accuracy: 0.616379
EPOCH 34:
VALIDATION
valid epoch balanced_accuracy: 0.492857
EPOCH 36:
VALIDATION
valid epoch balanced_accuracy: 0.528571
EPOCH 36:
VALIDATION
valid epoch balanced_accuracy: 0.312729
EPOCH 39:
VALIDATION
valid epoch balanced_accuracy: 0.428571
EPOCH 35:
VALIDATION
valid epoch balanced_accuracy: 0.630268
EPOCH 35:
VALIDATION
valid epoch balanced_accuracy: 0.476190
EPOCH 37:
VALIDATION
valid epoch balanced_accuracy: 0.447619
EPOCH 37:
VALIDATION
valid epoch balanced_accuracy: 0.314259
EPOCH 40:
VALIDATION
valid epoch balanced_accuracy: 0.409524
EPOCH 36:
VALIDATION
valid epoch balanced_accuracy: 0.623084
EPOCH 36:
VALIDATION
valid epoch balanced_accuracy: 0.521429
EPOCH 38:
VALIDATION
VALIDATION
valid epoch balanced_accuracy: 0.514286
EPOCH 38:
valid epoch balanced_accuracy: 0.366891
EPOCH 41:
VALIDATION
valid epoch balanced_accuracy: 0.490476
EPOCH 37:
VALIDATION
valid epoch balanced_accuracy: 0.630268
EPOCH 37:
VALIDATION
valid epoch balanced_accuracy: 0.528571
EPOCH 39:
VALIDATION
VALIDATION
valid epoch balanced_accuracy: 0.497619
EPOCH 39:
valid epoch balanced_accuracy: 0.373929
EPOCH 42:
VALIDATION
valid epoch balanced_accuracy: 0.514286
EPOCH 38:
VALIDATION
valid epoch balanced_accuracy: 0.561303
EPOCH 38:
VALIDATION
valid epoch balanced_accuracy: 0.480952
EPOCH 40:
VALIDATION
VALIDATION
valid epoch balanced_accuracy: 0.550000
EPOCH 40:
valid epoch balanced_accuracy: 0.314259
EPOCH 43:
VALIDATION
valid epoch balanced_accuracy: 0.397619
EPOCH 39:
VALIDATION
valid epoch balanced_accuracy: 0.613027
EPOCH 39:
VALIDATION
valid epoch balanced_accuracy: 0.530952
EPOCH 41:
VALIDATION
VALIDATION
valid epoch balanced_accuracy: 0.344553
EPOCH 44:
valid epoch balanced_accuracy: 0.516667
EPOCH 41:
VALIDATION
valid epoch balanced_accuracy: 0.471429
EPOCH 40:
VALIDATION
valid epoch balanced_accuracy: 0.623084
EPOCH 40:
VALIDATION
valid epoch balanced_accuracy: 0.523810
EPOCH 42:
VALIDATION
VALIDATION
valid epoch balanced_accuracy: 0.286414
EPOCH 45:
valid epoch balanced_accuracy: 0.564286
EPOCH 42:
VALIDATION
valid epoch balanced_accuracy: 0.478571
EPOCH 41:
VALIDATION
valid epoch balanced_accuracy: 0.547414
EPOCH 41:
VALIDATION
valid epoch balanced_accuracy: 0.561905
EPOCH 43:
VALIDATION
VALIDATION
valid epoch balanced_accuracy: 0.286414
EPOCH 46:
valid epoch balanced_accuracy: 0.516667
EPOCH 43:
VALIDATION
valid epoch balanced_accuracy: 0.523810
EPOCH 42:
VALIDATION
valid epoch balanced_accuracy: 0.485632
EPOCH 42:
VALIDATION
valid epoch balanced_accuracy: 0.511905
EPOCH 44:
VALIDATION
valid epoch balanced_accuracy: 0.260098
EPOCH 47:
VALIDATION
valid epoch balanced_accuracy: 0.504762
EPOCH 44:
VALIDATION
valid epoch balanced_accuracy: 0.511905
EPOCH 43:
VALIDATION
valid epoch balanced_accuracy: 0.613027
EPOCH 43:
VALIDATION
valid epoch balanced_accuracy: 0.500000
EPOCH 45:
VALIDATION
valid epoch balanced_accuracy: 0.287944
EPOCH 48:
VALIDATION
valid epoch balanced_accuracy: 0.511905
EPOCH 45:
VALIDATION
valid epoch balanced_accuracy: 0.504762
EPOCH 44:
VALIDATION
valid epoch balanced_accuracy: 0.561303
EPOCH 44:
VALIDATION
valid epoch balanced_accuracy: 0.528571
EPOCH 46:
VALIDATION
valid epoch balanced_accuracy: 0.309670
EPOCH 49:
VALIDATION
valid epoch balanced_accuracy: 0.580952
EPOCH 46:
VALIDATION
valid epoch balanced_accuracy: 0.488095
EPOCH 45:
VALIDATION
valid epoch balanced_accuracy: 0.630268
EPOCH 45:
VALIDATION
valid epoch balanced_accuracy: 0.497619
EPOCH 47:
VALIDATION
valid epoch balanced_accuracy: 0.327417
EPOCH 50:
VALIDATION
valid epoch balanced_accuracy: 0.461905
EPOCH 47:
VALIDATION
valid epoch balanced_accuracy: 0.473810
EPOCH 46:
VALIDATION
valid epoch balanced_accuracy: 0.664751
EPOCH 46:
VALIDATION
valid epoch balanced_accuracy: 0.661905
EPOCH 48:
VALIDATION
valid epoch balanced_accuracy: 0.444308
EPOCH 51:
VALIDATION
valid epoch balanced_accuracy: 0.516667
EPOCH 48:
VALIDATION
valid epoch balanced_accuracy: 0.504762
EPOCH 47:
VALIDATION
valid epoch balanced_accuracy: 0.544061
EPOCH 47:
VALIDATION
valid epoch balanced_accuracy: 0.492857
EPOCH 49:
VALIDATION
valid epoch balanced_accuracy: 0.378519
EPOCH 52:
VALIDATION
valid epoch balanced_accuracy: 0.528571
EPOCH 49:
VALIDATION
valid epoch balanced_accuracy: 0.535714
EPOCH 48:
VALIDATION
valid epoch balanced_accuracy: 0.647510
EPOCH 48:
VALIDATION
valid epoch balanced_accuracy: 0.395238
EPOCH 50:
VALIDATION
valid epoch balanced_accuracy: 0.352203
EPOCH 53:
VALIDATION
valid epoch balanced_accuracy: 0.500000
EPOCH 50:
VALIDATION
valid epoch balanced_accuracy: 0.488095
EPOCH 49:
VALIDATION
valid epoch balanced_accuracy: 0.664751
EPOCH 49:
VALIDATION
valid epoch balanced_accuracy: 0.535714
EPOCH 51:
VALIDATION
valid epoch balanced_accuracy: 0.299572
EPOCH 54:
VALIDATION
valid epoch balanced_accuracy: 0.426190
EPOCH 51:
VALIDATION
valid epoch balanced_accuracy: 0.509524
EPOCH 50:
VALIDATION
valid epoch balanced_accuracy: 0.537356
EPOCH 50:
VALIDATION
valid epoch balanced_accuracy: 0.561905
EPOCH 52:
VALIDATION
valid epoch balanced_accuracy: 0.352203
EPOCH 55:
VALIDATION
valid epoch balanced_accuracy: 0.585714
EPOCH 52:
VALIDATION
valid epoch balanced_accuracy: 0.409524
EPOCH 51:
VALIDATION
valid epoch balanced_accuracy: 0.668103
EPOCH 51:
VALIDATION
valid epoch balanced_accuracy: 0.533333
EPOCH 53:
VALIDATION
valid epoch balanced_accuracy: 0.246940
EPOCH 56:
VALIDATION
valid epoch balanced_accuracy: 0.500000
EPOCH 53:
VALIDATION
valid epoch balanced_accuracy: 0.447619
EPOCH 52:
VALIDATION
valid epoch balanced_accuracy: 0.636973
EPOCH 52:
VALIDATION
valid epoch balanced_accuracy: 0.540476
EPOCH 54:
VALIDATION
valid epoch balanced_accuracy: 0.273256
EPOCH 57:
VALIDATION
valid epoch balanced_accuracy: 0.719048
EPOCH 54:
VALIDATION
valid epoch balanced_accuracy: 0.457143
EPOCH 53:
VALIDATION
valid epoch balanced_accuracy: 0.595785
EPOCH 53:
VALIDATION
valid epoch balanced_accuracy: 0.490476
EPOCH 55:
VALIDATION
valid epoch balanced_accuracy: 0.391677
EPOCH 58:
VALIDATION
valid epoch balanced_accuracy: 0.478571
EPOCH 55:
VALIDATION
valid epoch balanced_accuracy: 0.476190
EPOCH 54:
VALIDATION
valid epoch balanced_accuracy: 0.509579
EPOCH 54:
VALIDATION
valid epoch balanced_accuracy: 0.495238
EPOCH 56:
VALIDATION
valid epoch balanced_accuracy: 0.286414
EPOCH 59:
VALIDATION
valid epoch balanced_accuracy: 0.676190
EPOCH 56:
VALIDATION
valid epoch balanced_accuracy: 0.423810
EPOCH 55:
VALIDATION
valid epoch balanced_accuracy: 0.561303
EPOCH 55:
VALIDATION
valid epoch balanced_accuracy: 0.542857
EPOCH 57:
VALIDATION
valid epoch balanced_accuracy: 0.312729
EPOCH 60:
VALIDATION
valid epoch balanced_accuracy: 0.533333
EPOCH 57:
VALIDATION
valid epoch balanced_accuracy: 0.533333
EPOCH 56:
VALIDATION
valid epoch balanced_accuracy: 0.475096
EPOCH 56:
VALIDATION
valid epoch balanced_accuracy: 0.507143
EPOCH 58:
VALIDATION
valid epoch balanced_accuracy: 0.325887
EPOCH 61:
VALIDATION
valid epoch balanced_accuracy: 0.540476
EPOCH 58:
VALIDATION
valid epoch balanced_accuracy: 0.457143
EPOCH 57:
VALIDATION
valid epoch balanced_accuracy: 0.633621
EPOCH 57:
VALIDATION
valid epoch balanced_accuracy: 0.626190
EPOCH 59:
VALIDATION
valid epoch balanced_accuracy: 0.312729
EPOCH 62:
VALIDATION
valid epoch balanced_accuracy: 0.654762
EPOCH 59:
VALIDATION
valid epoch balanced_accuracy: 0.495238
EPOCH 58:
VALIDATION
valid epoch balanced_accuracy: 0.605843
EPOCH 58:
VALIDATION
valid epoch balanced_accuracy: 0.404762
EPOCH 60:
VALIDATION
valid epoch balanced_accuracy: 0.260098
EPOCH 63:
VALIDATION
valid epoch balanced_accuracy: 0.547619
EPOCH 60:
VALIDATION
valid epoch balanced_accuracy: 0.423810
EPOCH 59:
VALIDATION
valid epoch balanced_accuracy: 0.454502
EPOCH 59:
VALIDATION
valid epoch balanced_accuracy: 0.533333
EPOCH 61:
VALIDATION
valid epoch balanced_accuracy: 0.260098
EPOCH 64:
VALIDATION
valid epoch balanced_accuracy: 0.480952
EPOCH 61:
VALIDATION
valid epoch balanced_accuracy: 0.488095
EPOCH 60:
VALIDATION
valid epoch balanced_accuracy: 0.440613
EPOCH 60:
VALIDATION
valid epoch balanced_accuracy: 0.554762
EPOCH 62:
VALIDATION
valid epoch balanced_accuracy: 0.417993
EPOCH 65:
VALIDATION
valid epoch balanced_accuracy: 0.464286
EPOCH 62:
VALIDATION
valid epoch balanced_accuracy: 0.400000
EPOCH 61:
VALIDATION
valid epoch balanced_accuracy: 0.440613
EPOCH 61:
VALIDATION
valid epoch balanced_accuracy: 0.569048
EPOCH 63:
VALIDATION
valid epoch balanced_accuracy: 0.339045
EPOCH 66:
VALIDATION
valid epoch balanced_accuracy: 0.511905
EPOCH 63:
VALIDATION
valid epoch balanced_accuracy: 0.490476
EPOCH 62:
VALIDATION
valid epoch balanced_accuracy: 0.595785
EPOCH 62:
VALIDATION
valid epoch balanced_accuracy: 0.447619
EPOCH 64:
VALIDATION
valid epoch balanced_accuracy: 0.311200
EPOCH 67:
VALIDATION
valid epoch balanced_accuracy: 0.511905
EPOCH 64:
VALIDATION
valid epoch balanced_accuracy: 0.497619
EPOCH 63:
VALIDATION
valid epoch balanced_accuracy: 0.544061
EPOCH 63:
VALIDATION
VALIDATION
valid epoch balanced_accuracy: 0.561905
EPOCH 65:
valid epoch balanced_accuracy: 0.273256
EPOCH 68:
VALIDATION
valid epoch balanced_accuracy: 0.688095
EPOCH 65:
VALIDATION
valid epoch balanced_accuracy: 0.461905
EPOCH 64:
VALIDATION
valid epoch balanced_accuracy: 0.540709
EPOCH 64:
VALIDATION
VALIDATION
valid epoch balanced_accuracy: 0.561905
EPOCH 66:
valid epoch balanced_accuracy: 0.321297
EPOCH 69:
VALIDATION
valid epoch balanced_accuracy: 0.688095
EPOCH 66:
VALIDATION
valid epoch balanced_accuracy: 0.373810
EPOCH 65:
VALIDATION
valid epoch balanced_accuracy: 0.619732
EPOCH 65:
VALIDATION
VALIDATION
valid epoch balanced_accuracy: 0.476190
EPOCH 67:
valid epoch balanced_accuracy: 0.220624
EPOCH 70:
VALIDATION
valid epoch balanced_accuracy: 0.673810
EPOCH 67:
VALIDATION
valid epoch balanced_accuracy: 0.390476
EPOCH 66:
VALIDATION
valid epoch balanced_accuracy: 0.698755
EPOCH 66:
VALIDATION
VALIDATION
valid epoch balanced_accuracy: 0.325887
EPOCH 71:
valid epoch balanced_accuracy: 0.509524
EPOCH 68:
VALIDATION
valid epoch balanced_accuracy: 0.623810
EPOCH 68:
VALIDATION
valid epoch balanced_accuracy: 0.392857
EPOCH 67:
VALIDATION
valid epoch balanced_accuracy: 0.461207
EPOCH 67:
VALIDATION
VALIDATION
valid epoch balanced_accuracy: 0.273256
EPOCH 72:
valid epoch balanced_accuracy: 0.497619
EPOCH 69:
VALIDATION
valid epoch balanced_accuracy: 0.509524
EPOCH 69:
VALIDATION
valid epoch balanced_accuracy: 0.373810
EPOCH 68:
VALIDATION
valid epoch balanced_accuracy: 0.613027
EPOCH 68:
VALIDATION
VALIDATION
valid epoch balanced_accuracy: 0.312729
EPOCH 73:
valid epoch balanced_accuracy: 0.473810
EPOCH 70:
VALIDATION
valid epoch balanced_accuracy: 0.509524
EPOCH 70:
VALIDATION
valid epoch balanced_accuracy: 0.528571
EPOCH 69:
VALIDATION
valid epoch balanced_accuracy: 0.478448
EPOCH 69:
VALIDATION
valid epoch balanced_accuracy: 0.312729
EPOCH 74:
VALIDATION
valid epoch balanced_accuracy: 0.561905
EPOCH 71:
VALIDATION
valid epoch balanced_accuracy: 0.635714
EPOCH 71:
VALIDATION
valid epoch balanced_accuracy: 0.300000
EPOCH 70:
VALIDATION
VALIDATION
valid epoch balanced_accuracy: 0.492816
EPOCH 70:
valid epoch balanced_accuracy: 0.273256
EPOCH 75:
VALIDATION
valid epoch balanced_accuracy: 0.561905
EPOCH 72:
VALIDATION
valid epoch balanced_accuracy: 0.552381
EPOCH 72:
VALIDATION
valid epoch balanced_accuracy: 0.485714
EPOCH 71:
VALIDATION
VALIDATION
valid epoch balanced_accuracy: 0.616379
EPOCH 71:
valid epoch balanced_accuracy: 0.353733
EPOCH 76:
VALIDATION
valid epoch balanced_accuracy: 0.473810
EPOCH 73:
VALIDATION
valid epoch balanced_accuracy: 0.471429
EPOCH 73:
VALIDATION
valid epoch balanced_accuracy: 0.609524
EPOCH 72:
VALIDATION
VALIDATION
valid epoch balanced_accuracy: 0.619732
EPOCH 72:
valid epoch balanced_accuracy: 0.325887
EPOCH 77:
VALIDATION
valid epoch balanced_accuracy: 0.504762
EPOCH 74:
VALIDATION
valid epoch balanced_accuracy: 0.633333
EPOCH 74:
VALIDATION
valid epoch balanced_accuracy: 0.445238
EPOCH 73:
VALIDATION
VALIDATION
valid epoch balanced_accuracy: 0.312729
EPOCH 78:
valid epoch balanced_accuracy: 0.568008
EPOCH 73:
VALIDATION
valid epoch balanced_accuracy: 0.547619
EPOCH 75:
VALIDATION
valid epoch balanced_accuracy: 0.521429
EPOCH 75:
VALIDATION
valid epoch balanced_accuracy: 0.438095
EPOCH 74:
VALIDATION
VALIDATION
valid epoch balanced_accuracy: 0.260098
EPOCH 79:
valid epoch balanced_accuracy: 0.550766
EPOCH 74:
VALIDATION
valid epoch balanced_accuracy: 0.561905
EPOCH 76:
VALIDATION
valid epoch balanced_accuracy: 0.521429
EPOCH 76:
VALIDATION
valid epoch balanced_accuracy: 0.554762
EPOCH 75:
VALIDATION
VALIDATION
valid epoch balanced_accuracy: 0.325887
EPOCH 80:
valid epoch balanced_accuracy: 0.616379
EPOCH 75:
VALIDATION
valid epoch balanced_accuracy: 0.423810
EPOCH 77:
VALIDATION
valid epoch balanced_accuracy: 0.671429
EPOCH 77:
VALIDATION
VALIDATION
valid epoch balanced_accuracy: 0.404762
EPOCH 76:
valid epoch balanced_accuracy: 0.298042
VALIDATION
EPOCH 81:
valid epoch balanced_accuracy: 0.616379
EPOCH 76:
VALIDATION
valid epoch balanced_accuracy: 0.557143
EPOCH 78:
VALIDATION
valid epoch balanced_accuracy: 0.521429
EPOCH 78:
VALIDATION
VALIDATION
valid epoch balanced_accuracy: 0.430952
EPOCH 77:
valid epoch balanced_accuracy: 0.299572
EPOCH 82:
VALIDATION
valid epoch balanced_accuracy: 0.461686
EPOCH 77:
VALIDATION
valid epoch balanced_accuracy: 0.580952
EPOCH 79:
VALIDATION
valid epoch balanced_accuracy: 0.535714
EPOCH 79:
VALIDATION
VALIDATION
valid epoch balanced_accuracy: 0.500000
EPOCH 78:
valid epoch balanced_accuracy: 0.404835
EPOCH 83:
VALIDATION
