
number of parameters : 1542278
train : (1402, 12)
valid : (55, 12)
test : (55, 12)
class weights : [1.0, 1.0]
balanced batches : 88 per epoch covering all 1402 train rows, target 8 positive + 8 unlabeled
data extracted
EPOCH 1:
VALIDATION
valid epoch balanced_accuracy: 0.780303
EPOCH 2:
VALIDATION
valid epoch balanced_accuracy: 0.780303
EPOCH 3:
VALIDATION
valid epoch balanced_accuracy: 0.765152
EPOCH 4:
VALIDATION
valid epoch balanced_accuracy: 0.734848
EPOCH 5:
VALIDATION
valid epoch balanced_accuracy: 0.704545
EPOCH 6:
VALIDATION
valid epoch balanced_accuracy: 0.757576
EPOCH 7:
VALIDATION
valid epoch balanced_accuracy: 0.734848
EPOCH 8:
VALIDATION
valid epoch balanced_accuracy: 0.666667
EPOCH 9:
VALIDATION
valid epoch balanced_accuracy: 0.553030
EPOCH 10:
VALIDATION
valid epoch balanced_accuracy: 0.681818
EPOCH 11:
VALIDATION
valid epoch balanced_accuracy: 0.689394
EPOCH 12:
VALIDATION
valid epoch balanced_accuracy: 0.840909
EPOCH 13:
VALIDATION
valid epoch balanced_accuracy: 0.530303
EPOCH 14:
VALIDATION
valid epoch balanced_accuracy: 0.590909
EPOCH 15:
VALIDATION
valid epoch balanced_accuracy: 0.795455
EPOCH 16:
VALIDATION
valid epoch balanced_accuracy: 0.659091
EPOCH 17:
VALIDATION
valid epoch balanced_accuracy: 0.621212
EPOCH 18:
VALIDATION
valid epoch balanced_accuracy: 0.500000
EPOCH 19:
VALIDATION
valid epoch balanced_accuracy: 0.386364
EPOCH 20:
VALIDATION
valid epoch balanced_accuracy: 0.825758
EPOCH 21:
VALIDATION
valid epoch balanced_accuracy: 0.696970
EPOCH 22:
VALIDATION
valid epoch balanced_accuracy: 0.621212
EPOCH 23:
VALIDATION
valid epoch balanced_accuracy: 0.477273
EPOCH 24:
VALIDATION
valid epoch balanced_accuracy: 0.530303
EPOCH 25:
VALIDATION
valid epoch balanced_accuracy: 0.621212
EPOCH 26:
VALIDATION
valid epoch balanced_accuracy: 0.636364
EPOCH 27:
VALIDATION
valid epoch balanced_accuracy: 0.643939
EPOCH 28:
VALIDATION
valid epoch balanced_accuracy: 0.772727
EPOCH 29:
VALIDATION
valid epoch balanced_accuracy: 0.643939
EPOCH 30:
VALIDATION
valid epoch balanced_accuracy: 0.772727
EPOCH 31:
VALIDATION
valid epoch balanced_accuracy: 0.553030
EPOCH 32:
VALIDATION
valid epoch balanced_accuracy: 0.492424
EPOCH 33:
VALIDATION
valid epoch balanced_accuracy: 0.696970
EPOCH 34:
VALIDATION
valid epoch balanced_accuracy: 0.666667
EPOCH 35:
VALIDATION
valid epoch balanced_accuracy: 0.416667
EPOCH 36:
VALIDATION
valid epoch balanced_accuracy: 0.492424
EPOCH 37:
VALIDATION
valid epoch balanced_accuracy: 0.810606
EPOCH 38:
VALIDATION
valid epoch balanced_accuracy: 0.712121
EPOCH 39:
VALIDATION
valid epoch balanced_accuracy: 0.500000
EPOCH 40:
VALIDATION
valid epoch balanced_accuracy: 0.424242
EPOCH 41:
VALIDATION
valid epoch balanced_accuracy: 0.515152
EPOCH 42:
VALIDATION
valid epoch balanced_accuracy: 0.643939
EPOCH 43:
VALIDATION
valid epoch balanced_accuracy: 0.553030
EPOCH 44:
VALIDATION
valid epoch balanced_accuracy: 0.500000
EPOCH 45:
VALIDATION
valid epoch balanced_accuracy: 0.439394
EPOCH 46:
VALIDATION
valid epoch balanced_accuracy: 0.401515
EPOCH 47:
VALIDATION
valid epoch balanced_accuracy: 0.613636
EPOCH 48:
VALIDATION
valid epoch balanced_accuracy: 0.606061
EPOCH 49:
VALIDATION
valid epoch balanced_accuracy: 0.787879
EPOCH 50:
VALIDATION
valid epoch balanced_accuracy: 0.583333
EPOCH 51:
VALIDATION
valid epoch balanced_accuracy: 0.469697
EPOCH 52:
VALIDATION
valid epoch balanced_accuracy: 0.674242
EPOCH 53:
VALIDATION
valid epoch balanced_accuracy: 0.530303
EPOCH 54:
VALIDATION
valid epoch balanced_accuracy: 0.560606
EPOCH 55:
VALIDATION
valid epoch balanced_accuracy: 0.719697
EPOCH 56:
VALIDATION
valid epoch balanced_accuracy: 0.545455
EPOCH 57:
VALIDATION
valid epoch balanced_accuracy: 0.674242
EPOCH 58:
VALIDATION
valid epoch balanced_accuracy: 0.515152
EPOCH 59:
VALIDATION
valid epoch balanced_accuracy: 0.636364
EPOCH 60:
VALIDATION
valid epoch balanced_accuracy: 0.704545
EPOCH 61:
VALIDATION
valid epoch balanced_accuracy: 0.651515
EPOCH 62:
VALIDATION
valid epoch balanced_accuracy: 0.575758
EPOCH 63:
VALIDATION
valid epoch balanced_accuracy: 0.590909
EPOCH 64:
VALIDATION
valid epoch balanced_accuracy: 0.750000
EPOCH 65:
VALIDATION
valid epoch balanced_accuracy: 0.462121
EPOCH 66:
VALIDATION
valid epoch balanced_accuracy: 0.568182
EPOCH 67:
VALIDATION
valid epoch balanced_accuracy: 0.757576
EPOCH 68:
VALIDATION
valid epoch balanced_accuracy: 0.636364
EPOCH 69:
VALIDATION
valid epoch balanced_accuracy: 0.492424
EPOCH 70:
VALIDATION
valid epoch balanced_accuracy: 0.787879
EPOCH 71:
VALIDATION
valid epoch balanced_accuracy: 0.628788
EPOCH 72:
VALIDATION
valid epoch balanced_accuracy: 0.568182
EPOCH 73:
VALIDATION
valid epoch balanced_accuracy: 0.393939
EPOCH 74:
VALIDATION
valid epoch balanced_accuracy: 0.522727
EPOCH 75:
VALIDATION
valid epoch balanced_accuracy: 0.522727
EPOCH 76:
VALIDATION
valid epoch balanced_accuracy: 0.606061
EPOCH 77:
VALIDATION
valid epoch balanced_accuracy: 0.598485
EPOCH 78:
VALIDATION
valid epoch balanced_accuracy: 0.613636
EPOCH 79:
VALIDATION
valid epoch balanced_accuracy: 0.537879
EPOCH 80:
VALIDATION
valid epoch balanced_accuracy: 0.560606
EPOCH 81:
VALIDATION
valid epoch balanced_accuracy: 0.477273
EPOCH 82:
VALIDATION
valid epoch balanced_accuracy: 0.477273
EPOCH 83:
VALIDATION
valid epoch balanced_accuracy: 0.606061
EPOCH 84:
VALIDATION
valid epoch balanced_accuracy: 0.575758
EPOCH 85:
VALIDATION
valid epoch balanced_accuracy: 0.734848
EPOCH 86:
VALIDATION
valid epoch balanced_accuracy: 0.704545
EPOCH 87:
VALIDATION
valid epoch balanced_accuracy: 0.659091
EPOCH 88:
VALIDATION
valid epoch balanced_accuracy: 0.560606
EPOCH 89:
VALIDATION
valid epoch balanced_accuracy: 0.560606
EPOCH 90:
VALIDATION
valid epoch balanced_accuracy: 0.492424
EPOCH 91:
VALIDATION
valid epoch balanced_accuracy: 0.666667
EPOCH 92:
VALIDATION
valid epoch balanced_accuracy: 0.553030
EPOCH 93:
VALIDATION
valid epoch balanced_accuracy: 0.840909
EPOCH 94:
VALIDATION
valid epoch balanced_accuracy: 0.606061
EPOCH 95:
VALIDATION
valid epoch balanced_accuracy: 0.553030
EPOCH 96:
VALIDATION
valid epoch balanced_accuracy: 0.583333
EPOCH 97:
VALIDATION
valid epoch balanced_accuracy: 0.575758
EPOCH 98:
VALIDATION
valid epoch balanced_accuracy: 0.500000
EPOCH 99:
VALIDATION
valid epoch balanced_accuracy: 0.590909
EPOCH 100:
VALIDATION
valid epoch balanced_accuracy: 0.901515
EPOCH 101:
VALIDATION
valid epoch balanced_accuracy: 0.522727
EPOCH 102:
VALIDATION
valid epoch balanced_accuracy: 0.583333
EPOCH 103:
VALIDATION
valid epoch balanced_accuracy: 0.560606
EPOCH 104:
VALIDATION
valid epoch balanced_accuracy: 0.530303
EPOCH 105:
VALIDATION
valid epoch balanced_accuracy: 0.530303
EPOCH 106:
VALIDATION
valid epoch balanced_accuracy: 0.560606
EPOCH 107:
VALIDATION
valid epoch balanced_accuracy: 0.636364
EPOCH 108:
VALIDATION
valid epoch balanced_accuracy: 0.719697
EPOCH 109:
VALIDATION
valid epoch balanced_accuracy: 0.613636
EPOCH 110:
VALIDATION
valid epoch balanced_accuracy: 0.545455
EPOCH 111:
VALIDATION
valid epoch balanced_accuracy: 0.583333
EPOCH 112:
VALIDATION
valid epoch balanced_accuracy: 0.537879
EPOCH 113:
VALIDATION
valid epoch balanced_accuracy: 0.704545
EPOCH 114:
VALIDATION
valid epoch balanced_accuracy: 0.734848
EPOCH 115:
VALIDATION
valid epoch balanced_accuracy: 0.446970
EPOCH 116:
VALIDATION
valid epoch balanced_accuracy: 0.515152
EPOCH 117:
VALIDATION
valid epoch balanced_accuracy: 0.545455
EPOCH 118:
VALIDATION
valid epoch balanced_accuracy: 0.545455
EPOCH 119:
VALIDATION
valid epoch balanced_accuracy: 0.553030
EPOCH 120:
VALIDATION
valid epoch balanced_accuracy: 0.636364
EPOCH 121:
VALIDATION
valid epoch balanced_accuracy: 0.712121
EPOCH 122:
VALIDATION
valid epoch balanced_accuracy: 0.598485
EPOCH 123:
VALIDATION
valid epoch balanced_accuracy: 0.621212
EPOCH 124:
VALIDATION
valid epoch balanced_accuracy: 0.613636
EPOCH 125:
VALIDATION
valid epoch balanced_accuracy: 0.583333
EPOCH 126:
VALIDATION
valid epoch balanced_accuracy: 0.545455
EPOCH 127:
VALIDATION
valid epoch balanced_accuracy: 0.583333
EPOCH 128:
VALIDATION
valid epoch balanced_accuracy: 0.780303
EPOCH 129:
VALIDATION
valid epoch balanced_accuracy: 0.606061
EPOCH 130:
VALIDATION
valid epoch balanced_accuracy: 0.598485
EPOCH 131:
VALIDATION
valid epoch balanced_accuracy: 0.583333
EPOCH 132:
VALIDATION
valid epoch balanced_accuracy: 0.590909
EPOCH 133:
VALIDATION
valid epoch balanced_accuracy: 0.704545
EPOCH 134:
VALIDATION
valid epoch balanced_accuracy: 0.696970
EPOCH 135:
VALIDATION
valid epoch balanced_accuracy: 0.719697
EPOCH 136:
VALIDATION
valid epoch balanced_accuracy: 0.590909
EPOCH 137:
VALIDATION
valid epoch balanced_accuracy: 0.696970
EPOCH 138:
VALIDATION
valid epoch balanced_accuracy: 0.606061
EPOCH 139:
VALIDATION
valid epoch balanced_accuracy: 0.628788
EPOCH 140:
VALIDATION
valid epoch balanced_accuracy: 0.643939
EPOCH 141:
VALIDATION
valid epoch balanced_accuracy: 0.712121
EPOCH 142:
VALIDATION
valid epoch balanced_accuracy: 0.583333
EPOCH 143:
VALIDATION
valid epoch balanced_accuracy: 0.469697
EPOCH 144:
VALIDATION
valid epoch balanced_accuracy: 0.583333
EPOCH 145:
VALIDATION
valid epoch balanced_accuracy: 0.575758
EPOCH 146:
VALIDATION
valid epoch balanced_accuracy: 0.583333
EPOCH 147:
VALIDATION
valid epoch balanced_accuracy: 0.674242
EPOCH 148:
VALIDATION
valid epoch balanced_accuracy: 0.590909
EPOCH 149:
VALIDATION
valid epoch balanced_accuracy: 0.560606
EPOCH 150:
VALIDATION
valid epoch balanced_accuracy: 0.560606
accuracy: 0.709091
sensitivity: 0.878788
precision: 0.707317
specificity: 0.454545
IoU: 0.644444
FAR: 0.545455
F1: 0.783784
balanced_accuracy: 0.666667
loss: 0.665906
