Waiting for exclusive access to GPU GPU-449666da-2842-bab8-498c-fdc2fdad70da.
=== GROUP: START | VARIANT: esm3_compression_19 | SEED: 4 | GPU: Tesla V100-SXM2-32GB ===

number of parameters : 1098455
train : (1078, 12)
valid : (126, 12)
test : (127, 12)
class weights : [1.032567024230957, 0.9694244861602783]
data extracted
EPOCH 1:
VALIDATION
valid epoch balanced_accuracy: 0.398958
EPOCH 2:
VALIDATION
valid epoch balanced_accuracy: 0.437500
EPOCH 3:
VALIDATION
valid epoch balanced_accuracy: 0.507292
EPOCH 4:
VALIDATION
valid epoch balanced_accuracy: 0.470833
EPOCH 5:
VALIDATION
valid epoch balanced_accuracy: 0.522917
EPOCH 6:
VALIDATION
valid epoch balanced_accuracy: 0.525000
EPOCH 7:
VALIDATION
valid epoch balanced_accuracy: 0.535417
EPOCH 8:
VALIDATION
valid epoch balanced_accuracy: 0.590625
EPOCH 9:
VALIDATION
valid epoch balanced_accuracy: 0.592708
EPOCH 10:
VALIDATION
valid epoch balanced_accuracy: 0.639583
EPOCH 11:
VALIDATION
valid epoch balanced_accuracy: 0.647917
EPOCH 12:
VALIDATION
valid epoch balanced_accuracy: 0.541667
EPOCH 13:
VALIDATION
valid epoch balanced_accuracy: 0.614583
EPOCH 14:
VALIDATION
valid epoch balanced_accuracy: 0.561458
EPOCH 15:
VALIDATION
valid epoch balanced_accuracy: 0.607292
EPOCH 16:
VALIDATION
valid epoch balanced_accuracy: 0.557292
EPOCH 17:
VALIDATION
valid epoch balanced_accuracy: 0.593750
EPOCH 18:
VALIDATION
valid epoch balanced_accuracy: 0.591667
EPOCH 19:
VALIDATION
valid epoch balanced_accuracy: 0.638542
EPOCH 20:
VALIDATION
valid epoch balanced_accuracy: 0.651042
EPOCH 21:
VALIDATION
valid epoch balanced_accuracy: 0.597917
EPOCH 22:
VALIDATION
valid epoch balanced_accuracy: 0.637500
EPOCH 23:
VALIDATION
valid epoch balanced_accuracy: 0.602083
EPOCH 24:
VALIDATION
valid epoch balanced_accuracy: 0.544792
EPOCH 25:
VALIDATION
valid epoch balanced_accuracy: 0.582292
EPOCH 26:
VALIDATION
valid epoch balanced_accuracy: 0.579167
EPOCH 27:
VALIDATION
valid epoch balanced_accuracy: 0.580208
EPOCH 28:
VALIDATION
valid epoch balanced_accuracy: 0.612500
EPOCH 29:
VALIDATION
valid epoch balanced_accuracy: 0.614583
EPOCH 30:
VALIDATION
valid epoch balanced_accuracy: 0.581250
EPOCH 31:
VALIDATION
valid epoch balanced_accuracy: 0.639583
EPOCH 32:
VALIDATION
valid epoch balanced_accuracy: 0.571875
EPOCH 33:
VALIDATION
valid epoch balanced_accuracy: 0.584375
EPOCH 34:
VALIDATION
valid epoch balanced_accuracy: 0.581250
EPOCH 35:
VALIDATION
valid epoch balanced_accuracy: 0.578125
EPOCH 36:
VALIDATION
valid epoch balanced_accuracy: 0.587500
EPOCH 37:
VALIDATION
valid epoch balanced_accuracy: 0.617708
EPOCH 38:
VALIDATION
valid epoch balanced_accuracy: 0.625000
EPOCH 39:
VALIDATION
valid epoch balanced_accuracy: 0.613542
EPOCH 40:
VALIDATION
valid epoch balanced_accuracy: 0.587500
EPOCH 41:
VALIDATION
valid epoch balanced_accuracy: 0.581250
EPOCH 42:
VALIDATION
valid epoch balanced_accuracy: 0.629167
EPOCH 43:
VALIDATION
valid epoch balanced_accuracy: 0.630208
EPOCH 44:
VALIDATION
valid epoch balanced_accuracy: 0.605208
EPOCH 45:
VALIDATION
valid epoch balanced_accuracy: 0.622917
EPOCH 46:
VALIDATION
valid epoch balanced_accuracy: 0.556250
EPOCH 47:
VALIDATION
valid epoch balanced_accuracy: 0.618750
EPOCH 48:
VALIDATION
valid epoch balanced_accuracy: 0.571875
EPOCH 49:
VALIDATION
valid epoch balanced_accuracy: 0.571875
EPOCH 50:
VALIDATION
valid epoch balanced_accuracy: 0.566667
EPOCH 51:
VALIDATION
valid epoch balanced_accuracy: 0.597917
EPOCH 52:
VALIDATION
valid epoch balanced_accuracy: 0.555208
EPOCH 53:
VALIDATION
valid epoch balanced_accuracy: 0.598958
EPOCH 54:
VALIDATION
valid epoch balanced_accuracy: 0.655208
EPOCH 55:
VALIDATION
valid epoch balanced_accuracy: 0.582292
EPOCH 56:
VALIDATION
valid epoch balanced_accuracy: 0.582292
EPOCH 57:
VALIDATION
valid epoch balanced_accuracy: 0.641667
EPOCH 58:
VALIDATION
valid epoch balanced_accuracy: 0.572917
EPOCH 59:
VALIDATION
valid epoch balanced_accuracy: 0.618750
EPOCH 60:
VALIDATION
valid epoch balanced_accuracy: 0.623958
EPOCH 61:
VALIDATION
valid epoch balanced_accuracy: 0.670833
EPOCH 62:
VALIDATION
valid epoch balanced_accuracy: 0.634375
EPOCH 63:
VALIDATION
valid epoch balanced_accuracy: 0.623958
EPOCH 64:
VALIDATION
valid epoch balanced_accuracy: 0.615625
EPOCH 65:
VALIDATION
valid epoch balanced_accuracy: 0.623958
EPOCH 66:
VALIDATION
valid epoch balanced_accuracy: 0.598958
EPOCH 67:
VALIDATION
valid epoch balanced_accuracy: 0.577083
EPOCH 68:
VALIDATION
valid epoch balanced_accuracy: 0.577083
EPOCH 69:
VALIDATION
valid epoch balanced_accuracy: 0.593750
EPOCH 70:
VALIDATION
valid epoch balanced_accuracy: 0.638542
EPOCH 71:
VALIDATION
valid epoch balanced_accuracy: 0.540625
EPOCH 72:
VALIDATION
valid epoch balanced_accuracy: 0.563542
EPOCH 73:
VALIDATION
valid epoch balanced_accuracy: 0.592708
EPOCH 74:
VALIDATION
valid epoch balanced_accuracy: 0.591667
EPOCH 75:
VALIDATION
valid epoch balanced_accuracy: 0.634375
EPOCH 76:
VALIDATION
valid epoch balanced_accuracy: 0.591667
EPOCH 77:
VALIDATION
valid epoch balanced_accuracy: 0.634375
EPOCH 78:
VALIDATION
valid epoch balanced_accuracy: 0.629167
EPOCH 79:
VALIDATION
valid epoch balanced_accuracy: 0.591667
EPOCH 80:
VALIDATION
valid epoch balanced_accuracy: 0.603125
EPOCH 81:
VALIDATION
valid epoch balanced_accuracy: 0.576042
EPOCH 82:
VALIDATION
valid epoch balanced_accuracy: 0.602083
EPOCH 83:
VALIDATION
valid epoch balanced_accuracy: 0.561458
EPOCH 84:
VALIDATION
valid epoch balanced_accuracy: 0.604167
EPOCH 85:
VALIDATION
valid epoch balanced_accuracy: 0.592708
EPOCH 86:
VALIDATION
valid epoch balanced_accuracy: 0.629167
EPOCH 87:
VALIDATION
valid epoch balanced_accuracy: 0.606250
EPOCH 88:
VALIDATION
valid epoch balanced_accuracy: 0.652083
EPOCH 89:
VALIDATION
valid epoch balanced_accuracy: 0.634375
EPOCH 90:
VALIDATION
valid epoch balanced_accuracy: 0.604167
EPOCH 91:
VALIDATION
valid epoch balanced_accuracy: 0.660417
EPOCH 92:
VALIDATION
valid epoch balanced_accuracy: 0.662500
EPOCH 93:
VALIDATION
valid epoch balanced_accuracy: 0.607292
EPOCH 94:
VALIDATION
valid epoch balanced_accuracy: 0.587500
EPOCH 95:
VALIDATION
valid epoch balanced_accuracy: 0.693750
EPOCH 96:
VALIDATION
valid epoch balanced_accuracy: 0.644792
EPOCH 97:
VALIDATION
valid epoch balanced_accuracy: 0.636458
EPOCH 98:
VALIDATION
valid epoch balanced_accuracy: 0.661458
EPOCH 99:
VALIDATION
valid epoch balanced_accuracy: 0.647917
EPOCH 100:
VALIDATION
valid epoch balanced_accuracy: 0.700000
EPOCH 101:
VALIDATION
valid epoch balanced_accuracy: 0.635417
EPOCH 102:
VALIDATION
valid epoch balanced_accuracy: 0.654167
EPOCH 103:
VALIDATION
valid epoch balanced_accuracy: 0.633333
EPOCH 104:
VALIDATION
valid epoch balanced_accuracy: 0.643750
EPOCH 105:
VALIDATION
valid epoch balanced_accuracy: 0.675000
EPOCH 106:
VALIDATION
valid epoch balanced_accuracy: 0.622917
EPOCH 107:
VALIDATION
valid epoch balanced_accuracy: 0.645833
EPOCH 108:
VALIDATION
valid epoch balanced_accuracy: 0.654167
EPOCH 109:
VALIDATION
valid epoch balanced_accuracy: 0.669792
EPOCH 110:
VALIDATION
valid epoch balanced_accuracy: 0.659375
EPOCH 111:
VALIDATION
valid epoch balanced_accuracy: 0.659375
EPOCH 112:
VALIDATION
valid epoch balanced_accuracy: 0.629167
EPOCH 113:
VALIDATION
valid epoch balanced_accuracy: 0.648958
EPOCH 114:
VALIDATION
valid epoch balanced_accuracy: 0.619792
EPOCH 115:
VALIDATION
valid epoch balanced_accuracy: 0.630208
EPOCH 116:
VALIDATION
valid epoch balanced_accuracy: 0.676042
EPOCH 117:
VALIDATION
valid epoch balanced_accuracy: 0.679167
EPOCH 118:
VALIDATION
valid epoch balanced_accuracy: 0.681250
EPOCH 119:
VALIDATION
valid epoch balanced_accuracy: 0.634375
EPOCH 120:
VALIDATION
valid epoch balanced_accuracy: 0.652083
EPOCH 121:
VALIDATION
valid epoch balanced_accuracy: 0.621875
EPOCH 122:
VALIDATION
valid epoch balanced_accuracy: 0.664583
EPOCH 123:
VALIDATION
valid epoch balanced_accuracy: 0.647917
EPOCH 124:
VALIDATION
valid epoch balanced_accuracy: 0.631250
EPOCH 125:
VALIDATION
valid epoch balanced_accuracy: 0.611458
EPOCH 126:
VALIDATION
valid epoch balanced_accuracy: 0.633333
EPOCH 127:
VALIDATION
valid epoch balanced_accuracy: 0.597917
EPOCH 128:
VALIDATION
valid epoch balanced_accuracy: 0.632292
EPOCH 129:
VALIDATION
valid epoch balanced_accuracy: 0.643750
EPOCH 130:
VALIDATION
valid epoch balanced_accuracy: 0.616667
EPOCH 131:
VALIDATION
valid epoch balanced_accuracy: 0.600000
EPOCH 132:
VALIDATION
valid epoch balanced_accuracy: 0.601042
EPOCH 133:
VALIDATION
valid epoch balanced_accuracy: 0.600000
EPOCH 134:
VALIDATION
valid epoch balanced_accuracy: 0.631250
EPOCH 135:
VALIDATION
valid epoch balanced_accuracy: 0.639583
EPOCH 136:
VALIDATION
valid epoch balanced_accuracy: 0.648958
EPOCH 137:
VALIDATION
valid epoch balanced_accuracy: 0.642708
EPOCH 138:
VALIDATION
valid epoch balanced_accuracy: 0.638542
EPOCH 139:
VALIDATION
valid epoch balanced_accuracy: 0.623958
EPOCH 140:
VALIDATION
valid epoch balanced_accuracy: 0.594792
EPOCH 141:
VALIDATION
valid epoch balanced_accuracy: 0.631250
EPOCH 142:
VALIDATION
valid epoch balanced_accuracy: 0.579167
EPOCH 143:
VALIDATION
valid epoch balanced_accuracy: 0.646875
EPOCH 144:
VALIDATION
valid epoch balanced_accuracy: 0.643750
EPOCH 145:
VALIDATION
valid epoch balanced_accuracy: 0.637500
EPOCH 146:
VALIDATION
valid epoch balanced_accuracy: 0.613542
EPOCH 147:
VALIDATION
valid epoch balanced_accuracy: 0.620833
EPOCH 148:
VALIDATION
valid epoch balanced_accuracy: 0.610417
EPOCH 149:
VALIDATION
valid epoch balanced_accuracy: 0.622917
EPOCH 150:
VALIDATION
valid epoch balanced_accuracy: 0.593750
accuracy: 0.535433
sensitivity: 0.500000
precision: 0.881356
specificity: 0.695652
IoU: 0.468468
FAR: 0.304348
F1: 0.638037
balanced_accuracy: 0.597826
loss: 3.431987
Traceback (most recent call last):
  File "/home/kalinina/DL_project/./training/new_train.py", line 808, in <module>
    run_test(run_summary)
  File "/home/kalinina/DL_project/./training/new_train.py", line 736, in run_test
    append_metric(
  File "/home/kalinina/DL_project/append_metric_to_table.py", line 23, in append_metric
    row = metric_row(
  File "/home/kalinina/DL_project/build_metrics_table.py", line 531, in metric_row
    metrics_root = metrics_root.resolve()
AttributeError: 'str' object has no attribute 'resolve'
