Waiting for exclusive access to GPU GPU-38eaf59c-ac40-2dca-8023-1fe983fb0570.
=== GROUP: IP_trans | VARIANT: nps3mlp_dpt015 | SEED: 4 | GPU: NVIDIA A100-PCIE-40GB ===

number of parameters : 1403982
train : (1219, 12)
valid : (56, 12)
test : (56, 12)
class weights : [1.1543560028076172, 0.8820549845695496]
data extracted
EPOCH 1:
VALIDATION
valid epoch balanced_accuracy: 0.521739
EPOCH 2:
VALIDATION
valid epoch balanced_accuracy: 0.500000
EPOCH 3:
VALIDATION
valid epoch balanced_accuracy: 0.478261
EPOCH 4:
VALIDATION
valid epoch balanced_accuracy: 0.493412
EPOCH 5:
VALIDATION
valid epoch balanced_accuracy: 0.408432
EPOCH 6:
VALIDATION
valid epoch balanced_accuracy: 0.478261
EPOCH 7:
VALIDATION
valid epoch balanced_accuracy: 0.478261
EPOCH 8:
VALIDATION
valid epoch balanced_accuracy: 0.425560
EPOCH 9:
VALIDATION
valid epoch balanced_accuracy: 0.455863
EPOCH 10:
VALIDATION
valid epoch balanced_accuracy: 0.500000
EPOCH 11:
VALIDATION
valid epoch balanced_accuracy: 0.500000
EPOCH 12:
VALIDATION
valid epoch balanced_accuracy: 0.451910
EPOCH 13:
VALIDATION
valid epoch balanced_accuracy: 0.460474
EPOCH 14:
VALIDATION
valid epoch balanced_accuracy: 0.445323
EPOCH 15:
VALIDATION
valid epoch balanced_accuracy: 0.443347
EPOCH 16:
VALIDATION
valid epoch balanced_accuracy: 0.500000
EPOCH 17:
VALIDATION
valid epoch balanced_accuracy: 0.500000
EPOCH 18:
VALIDATION
valid epoch balanced_accuracy: 0.449934
EPOCH 19:
VALIDATION
valid epoch balanced_accuracy: 0.501976
EPOCH 20:
VALIDATION
valid epoch balanced_accuracy: 0.443347
EPOCH 21:
VALIDATION
valid epoch balanced_accuracy: 0.500000
EPOCH 22:
VALIDATION
valid epoch balanced_accuracy: 0.456522
EPOCH 23:
VALIDATION
valid epoch balanced_accuracy: 0.471673
EPOCH 24:
VALIDATION
valid epoch balanced_accuracy: 0.443347
EPOCH 25:
VALIDATION
valid epoch balanced_accuracy: 0.478261
EPOCH 26:
VALIDATION
valid epoch balanced_accuracy: 0.521080
EPOCH 27:
VALIDATION
valid epoch balanced_accuracy: 0.486825
EPOCH 28:
VALIDATION
valid epoch balanced_accuracy: 0.500000
EPOCH 29:
VALIDATION
valid epoch balanced_accuracy: 0.530303
EPOCH 30:
VALIDATION
valid epoch balanced_accuracy: 0.486825
EPOCH 31:
VALIDATION
valid epoch balanced_accuracy: 0.421607
EPOCH 32:
VALIDATION
valid epoch balanced_accuracy: 0.480237
EPOCH 33:
VALIDATION
valid epoch balanced_accuracy: 0.399868
EPOCH 34:
VALIDATION
valid epoch balanced_accuracy: 0.557971
EPOCH 35:
VALIDATION
valid epoch balanced_accuracy: 0.482213
EPOCH 36:
VALIDATION
valid epoch balanced_accuracy: 0.500000
EPOCH 37:
VALIDATION
valid epoch balanced_accuracy: 0.493412
EPOCH 38:
VALIDATION
valid epoch balanced_accuracy: 0.473650
EPOCH 39:
VALIDATION
valid epoch balanced_accuracy: 0.493412
EPOCH 40:
VALIDATION
valid epoch balanced_accuracy: 0.473650
EPOCH 41:
VALIDATION
valid epoch balanced_accuracy: 0.488801
EPOCH 42:
VALIDATION
valid epoch balanced_accuracy: 0.527668
EPOCH 43:
VALIDATION
valid epoch balanced_accuracy: 0.497365
EPOCH 44:
VALIDATION
valid epoch balanced_accuracy: 0.493412
EPOCH 45:
VALIDATION
valid epoch balanced_accuracy: 0.493412
EPOCH 46:
VALIDATION
valid epoch balanced_accuracy: 0.579710
EPOCH 47:
VALIDATION
valid epoch balanced_accuracy: 0.449934
EPOCH 48:
VALIDATION
valid epoch balanced_accuracy: 0.599473
EPOCH 49:
VALIDATION
valid epoch balanced_accuracy: 0.443347
EPOCH 50:
VALIDATION
valid epoch balanced_accuracy: 0.401845
EPOCH 51:
VALIDATION
valid epoch balanced_accuracy: 0.500000
EPOCH 52:
VALIDATION
valid epoch balanced_accuracy: 0.456522
EPOCH 53:
VALIDATION
valid epoch balanced_accuracy: 0.554018
EPOCH 54:
VALIDATION
valid epoch balanced_accuracy: 0.434783
EPOCH 55:
VALIDATION
valid epoch balanced_accuracy: 0.554018
EPOCH 56:
VALIDATION
valid epoch balanced_accuracy: 0.599473
EPOCH 57:
VALIDATION
valid epoch balanced_accuracy: 0.536232
EPOCH 58:
VALIDATION
valid epoch balanced_accuracy: 0.508564
EPOCH 59:
VALIDATION
valid epoch balanced_accuracy: 0.538867
EPOCH 60:
VALIDATION
valid epoch balanced_accuracy: 0.486825
EPOCH 61:
VALIDATION
valid epoch balanced_accuracy: 0.493412
EPOCH 62:
VALIDATION
valid epoch balanced_accuracy: 0.508564
EPOCH 63:
VALIDATION
valid epoch balanced_accuracy: 0.720026
EPOCH 64:
VALIDATION
valid epoch balanced_accuracy: 0.482213
EPOCH 65:
VALIDATION
valid epoch balanced_accuracy: 0.571146
EPOCH 66:
VALIDATION
valid epoch balanced_accuracy: 0.542819
EPOCH 67:
VALIDATION
valid epoch balanced_accuracy: 0.551383
EPOCH 68:
VALIDATION
valid epoch balanced_accuracy: 0.501976
EPOCH 69:
VALIDATION
valid epoch balanced_accuracy: 0.525692
EPOCH 70:
VALIDATION
valid epoch balanced_accuracy: 0.421607
EPOCH 71:
VALIDATION
valid epoch balanced_accuracy: 0.512516
EPOCH 72:
VALIDATION
valid epoch balanced_accuracy: 0.525692
EPOCH 73:
VALIDATION
valid epoch balanced_accuracy: 0.532279
EPOCH 74:
VALIDATION
valid epoch balanced_accuracy: 0.480237
EPOCH 75:
VALIDATION
valid epoch balanced_accuracy: 0.505929
EPOCH 76:
VALIDATION
valid epoch balanced_accuracy: 0.515152
EPOCH 77:
VALIDATION
valid epoch balanced_accuracy: 0.482213
EPOCH 78:
VALIDATION
valid epoch balanced_accuracy: 0.500000
EPOCH 79:
VALIDATION
valid epoch balanced_accuracy: 0.495389
EPOCH 80:
VALIDATION
valid epoch balanced_accuracy: 0.484190
EPOCH 81:
VALIDATION
valid epoch balanced_accuracy: 0.421607
EPOCH 82:
VALIDATION
valid epoch balanced_accuracy: 0.559947
EPOCH 83:
VALIDATION
valid epoch balanced_accuracy: 0.423584
EPOCH 84:
VALIDATION
valid epoch balanced_accuracy: 0.478261
EPOCH 85:
VALIDATION
valid epoch balanced_accuracy: 0.423584
EPOCH 86:
VALIDATION
valid epoch balanced_accuracy: 0.486825
EPOCH 87:
VALIDATION
valid epoch balanced_accuracy: 0.467062
EPOCH 88:
VALIDATION
valid epoch balanced_accuracy: 0.503953
EPOCH 89:
VALIDATION
valid epoch balanced_accuracy: 0.458498
EPOCH 90:
VALIDATION
valid epoch balanced_accuracy: 0.523057
EPOCH 91:
VALIDATION
valid epoch balanced_accuracy: 0.480237
EPOCH 92:
VALIDATION
valid epoch balanced_accuracy: 0.478261
EPOCH 93:
VALIDATION
valid epoch balanced_accuracy: 0.456522
EPOCH 94:
VALIDATION
valid epoch balanced_accuracy: 0.501976
EPOCH 95:
VALIDATION
valid epoch balanced_accuracy: 0.523715
EPOCH 96:
VALIDATION
valid epoch balanced_accuracy: 0.517128
EPOCH 97:
VALIDATION
valid epoch balanced_accuracy: 0.456522
EPOCH 98:
VALIDATION
valid epoch balanced_accuracy: 0.478261
EPOCH 99:
VALIDATION
valid epoch balanced_accuracy: 0.636364
EPOCH 100:
VALIDATION
valid epoch balanced_accuracy: 0.599473
EPOCH 101:
VALIDATION
valid epoch balanced_accuracy: 0.501976
EPOCH 102:
VALIDATION
valid epoch balanced_accuracy: 0.505929
EPOCH 103:
VALIDATION
valid epoch balanced_accuracy: 0.493412
EPOCH 104:
VALIDATION
valid epoch balanced_accuracy: 0.534256
EPOCH 105:
VALIDATION
valid epoch balanced_accuracy: 0.515152
EPOCH 106:
VALIDATION
valid epoch balanced_accuracy: 0.493412
EPOCH 107:
VALIDATION
valid epoch balanced_accuracy: 0.586298
EPOCH 108:
VALIDATION
valid epoch balanced_accuracy: 0.515152
EPOCH 109:
VALIDATION
valid epoch balanced_accuracy: 0.530303
EPOCH 110:
VALIDATION
valid epoch balanced_accuracy: 0.515152
EPOCH 111:
VALIDATION
valid epoch balanced_accuracy: 0.515152
EPOCH 112:
VALIDATION
valid epoch balanced_accuracy: 0.515152
EPOCH 113:
VALIDATION
valid epoch balanced_accuracy: 0.500000
EPOCH 114:
VALIDATION
valid epoch balanced_accuracy: 0.500000
EPOCH 115:
VALIDATION
valid epoch balanced_accuracy: 0.493412
EPOCH 116:
VALIDATION
valid epoch balanced_accuracy: 0.478261
EPOCH 117:
VALIDATION
valid epoch balanced_accuracy: 0.500000
EPOCH 118:
VALIDATION
valid epoch balanced_accuracy: 0.500000
EPOCH 119:
VALIDATION
valid epoch balanced_accuracy: 0.478261
EPOCH 120:
VALIDATION
valid epoch balanced_accuracy: 0.500000
EPOCH 121:
VALIDATION
valid epoch balanced_accuracy: 0.500000
EPOCH 122:
VALIDATION
valid epoch balanced_accuracy: 0.515152
EPOCH 123:
VALIDATION
valid epoch balanced_accuracy: 0.530303
EPOCH 124:
VALIDATION
valid epoch balanced_accuracy: 0.515152
EPOCH 125:
VALIDATION
valid epoch balanced_accuracy: 0.500000
EPOCH 126:
VALIDATION
valid epoch balanced_accuracy: 0.532279
EPOCH 127:
VALIDATION
valid epoch balanced_accuracy: 0.560606
EPOCH 128:
VALIDATION
valid epoch balanced_accuracy: 0.500000
EPOCH 129:
VALIDATION
valid epoch balanced_accuracy: 0.500000
EPOCH 130:
VALIDATION
valid epoch balanced_accuracy: 0.631752
EPOCH 131:
VALIDATION
valid epoch balanced_accuracy: 0.530303
EPOCH 132:
VALIDATION
valid epoch balanced_accuracy: 0.662055
EPOCH 133:
VALIDATION
valid epoch balanced_accuracy: 0.569170
EPOCH 134:
VALIDATION
valid epoch balanced_accuracy: 0.500000
EPOCH 135:
VALIDATION
valid epoch balanced_accuracy: 0.562582
EPOCH 136:
VALIDATION
valid epoch balanced_accuracy: 0.469038
EPOCH 137:
VALIDATION
valid epoch balanced_accuracy: 0.525692
EPOCH 138:
VALIDATION
valid epoch balanced_accuracy: 0.532279
EPOCH 139:
VALIDATION
valid epoch balanced_accuracy: 0.532279
EPOCH 140:
VALIDATION
valid epoch balanced_accuracy: 0.577734
EPOCH 141:
VALIDATION
valid epoch balanced_accuracy: 0.547431
EPOCH 142:
VALIDATION
valid epoch balanced_accuracy: 0.579710
EPOCH 143:
VALIDATION
valid epoch balanced_accuracy: 0.601449
EPOCH 144:
VALIDATION
valid epoch balanced_accuracy: 0.532279
EPOCH 145:
VALIDATION
valid epoch balanced_accuracy: 0.547431
EPOCH 146:
VALIDATION
valid epoch balanced_accuracy: 0.523715
EPOCH 147:
VALIDATION
valid epoch balanced_accuracy: 0.562582
EPOCH 148:
VALIDATION
valid epoch balanced_accuracy: 0.480237
EPOCH 149:
VALIDATION
valid epoch balanced_accuracy: 0.510540
EPOCH 150:
VALIDATION
valid epoch balanced_accuracy: 0.547431
accuracy: 0.535714
sensitivity: 0.187500
precision: 1.000000
specificity: 1.000000
IoU: 0.187500
FAR: 0.000000
F1: 0.315789
balanced_accuracy: 0.593750
loss: 2.422189
