
number of parameters : 1098455
train : (987, 12)
valid : (172, 12)
test : (172, 12)
class weights : [1.134482741355896, 0.89402174949646]
data extracted
EPOCH 1:
VALIDATION
valid epoch balanced_accuracy: 0.450556
EPOCH 2:
VALIDATION
valid epoch balanced_accuracy: 0.531667
EPOCH 3:
VALIDATION
valid epoch balanced_accuracy: 0.527778
EPOCH 4:
VALIDATION
valid epoch balanced_accuracy: 0.569444
EPOCH 5:
VALIDATION
valid epoch balanced_accuracy: 0.475000
EPOCH 6:
VALIDATION
valid epoch balanced_accuracy: 0.593333
EPOCH 7:
VALIDATION
valid epoch balanced_accuracy: 0.606667
EPOCH 8:
VALIDATION
valid epoch balanced_accuracy: 0.516111
EPOCH 9:
VALIDATION
valid epoch balanced_accuracy: 0.563611
EPOCH 10:
VALIDATION
valid epoch balanced_accuracy: 0.520556
EPOCH 11:
VALIDATION
valid epoch balanced_accuracy: 0.509722
EPOCH 12:
VALIDATION
valid epoch balanced_accuracy: 0.468056
EPOCH 13:
VALIDATION
valid epoch balanced_accuracy: 0.494167
EPOCH 14:
VALIDATION
valid epoch balanced_accuracy: 0.581389
EPOCH 15:
VALIDATION
valid epoch balanced_accuracy: 0.562500
EPOCH 16:
VALIDATION
valid epoch balanced_accuracy: 0.581667
EPOCH 17:
VALIDATION
valid epoch balanced_accuracy: 0.542500
EPOCH 18:
VALIDATION
valid epoch balanced_accuracy: 0.476944
EPOCH 19:
VALIDATION
valid epoch balanced_accuracy: 0.439722
EPOCH 20:
VALIDATION
valid epoch balanced_accuracy: 0.487500
EPOCH 21:
VALIDATION
valid epoch balanced_accuracy: 0.521111
EPOCH 22:
VALIDATION
valid epoch balanced_accuracy: 0.570000
EPOCH 23:
VALIDATION
valid epoch balanced_accuracy: 0.490833
EPOCH 24:
VALIDATION
valid epoch balanced_accuracy: 0.390556
EPOCH 25:
VALIDATION
valid epoch balanced_accuracy: 0.541667
EPOCH 26:
VALIDATION
valid epoch balanced_accuracy: 0.515833
EPOCH 27:
VALIDATION
valid epoch balanced_accuracy: 0.443611
EPOCH 28:
VALIDATION
valid epoch balanced_accuracy: 0.565000
EPOCH 29:
VALIDATION
valid epoch balanced_accuracy: 0.541389
EPOCH 30:
VALIDATION
valid epoch balanced_accuracy: 0.540278
EPOCH 31:
VALIDATION
valid epoch balanced_accuracy: 0.411667
EPOCH 32:
VALIDATION
valid epoch balanced_accuracy: 0.417222
EPOCH 33:
VALIDATION
valid epoch balanced_accuracy: 0.548611
EPOCH 34:
VALIDATION
valid epoch balanced_accuracy: 0.471389
EPOCH 35:
VALIDATION
valid epoch balanced_accuracy: 0.501667
EPOCH 36:
VALIDATION
valid epoch balanced_accuracy: 0.544444
EPOCH 37:
VALIDATION
valid epoch balanced_accuracy: 0.573056
EPOCH 38:
VALIDATION
valid epoch balanced_accuracy: 0.463333
EPOCH 39:
VALIDATION
valid epoch balanced_accuracy: 0.493056
EPOCH 40:
VALIDATION
valid epoch balanced_accuracy: 0.482778
EPOCH 41:
VALIDATION
valid epoch balanced_accuracy: 0.514444
EPOCH 42:
VALIDATION
valid epoch balanced_accuracy: 0.561667
EPOCH 43:
VALIDATION
valid epoch balanced_accuracy: 0.469722
EPOCH 44:
VALIDATION
valid epoch balanced_accuracy: 0.418611
EPOCH 45:
VALIDATION
valid epoch balanced_accuracy: 0.545556
EPOCH 46:
VALIDATION
valid epoch balanced_accuracy: 0.435278
EPOCH 47:
VALIDATION
valid epoch balanced_accuracy: 0.542778
EPOCH 48:
VALIDATION
valid epoch balanced_accuracy: 0.532500
EPOCH 49:
VALIDATION
valid epoch balanced_accuracy: 0.435278
EPOCH 50:
VALIDATION
valid epoch balanced_accuracy: 0.552778
EPOCH 51:
VALIDATION
valid epoch balanced_accuracy: 0.482500
EPOCH 52:
VALIDATION
valid epoch balanced_accuracy: 0.452222
EPOCH 53:
VALIDATION
valid epoch balanced_accuracy: 0.407500
EPOCH 54:
VALIDATION
valid epoch balanced_accuracy: 0.498611
EPOCH 55:
VALIDATION
valid epoch balanced_accuracy: 0.526667
EPOCH 56:
VALIDATION
valid epoch balanced_accuracy: 0.456111
EPOCH 57:
VALIDATION
valid epoch balanced_accuracy: 0.448889
EPOCH 58:
VALIDATION
valid epoch balanced_accuracy: 0.595833
EPOCH 59:
VALIDATION
valid epoch balanced_accuracy: 0.482500
EPOCH 60:
VALIDATION
valid epoch balanced_accuracy: 0.526389
EPOCH 61:
VALIDATION
valid epoch balanced_accuracy: 0.504722
EPOCH 62:
VALIDATION
valid epoch balanced_accuracy: 0.391667
EPOCH 63:
VALIDATION
valid epoch balanced_accuracy: 0.438333
EPOCH 64:
VALIDATION
valid epoch balanced_accuracy: 0.391667
EPOCH 65:
VALIDATION
valid epoch balanced_accuracy: 0.458056
EPOCH 66:
VALIDATION
valid epoch balanced_accuracy: 0.532500
EPOCH 67:
VALIDATION
valid epoch balanced_accuracy: 0.490833
EPOCH 68:
VALIDATION
valid epoch balanced_accuracy: 0.480278
EPOCH 69:
VALIDATION
valid epoch balanced_accuracy: 0.535000
EPOCH 70:
VALIDATION
valid epoch balanced_accuracy: 0.476111
EPOCH 71:
VALIDATION
valid epoch balanced_accuracy: 0.470556
EPOCH 72:
VALIDATION
valid epoch balanced_accuracy: 0.552778
EPOCH 73:
VALIDATION
valid epoch balanced_accuracy: 0.445278
EPOCH 74:
VALIDATION
valid epoch balanced_accuracy: 0.476667
EPOCH 75:
VALIDATION
valid epoch balanced_accuracy: 0.520000
EPOCH 76:
VALIDATION
valid epoch balanced_accuracy: 0.503611
EPOCH 77:
VALIDATION
valid epoch balanced_accuracy: 0.466944
EPOCH 78:
VALIDATION
valid epoch balanced_accuracy: 0.453333
EPOCH 79:
VALIDATION
valid epoch balanced_accuracy: 0.514444
EPOCH 80:
VALIDATION
valid epoch balanced_accuracy: 0.479167
EPOCH 81:
VALIDATION
valid epoch balanced_accuracy: 0.521389
EPOCH 82:
VALIDATION
valid epoch balanced_accuracy: 0.453611
EPOCH 83:
VALIDATION
valid epoch balanced_accuracy: 0.490833
EPOCH 84:
VALIDATION
valid epoch balanced_accuracy: 0.511667
EPOCH 85:
VALIDATION
valid epoch balanced_accuracy: 0.483056
EPOCH 86:
VALIDATION
valid epoch balanced_accuracy: 0.479444
EPOCH 87:
VALIDATION
valid epoch balanced_accuracy: 0.471389
EPOCH 88:
VALIDATION
valid epoch balanced_accuracy: 0.467500
EPOCH 89:
VALIDATION
valid epoch balanced_accuracy: 0.447500
EPOCH 90:
VALIDATION
valid epoch balanced_accuracy: 0.486389
EPOCH 91:
VALIDATION
valid epoch balanced_accuracy: 0.476389
EPOCH 92:
VALIDATION
valid epoch balanced_accuracy: 0.504167
EPOCH 93:
VALIDATION
valid epoch balanced_accuracy: 0.608056
EPOCH 94:
VALIDATION
valid epoch balanced_accuracy: 0.621667
EPOCH 95:
VALIDATION
valid epoch balanced_accuracy: 0.570556
EPOCH 96:
VALIDATION
valid epoch balanced_accuracy: 0.500833
EPOCH 97:
VALIDATION
valid epoch balanced_accuracy: 0.590278
EPOCH 98:
VALIDATION
valid epoch balanced_accuracy: 0.518611
EPOCH 99:
VALIDATION
valid epoch balanced_accuracy: 0.537500
EPOCH 100:
VALIDATION
valid epoch balanced_accuracy: 0.576111
EPOCH 101:
VALIDATION
valid epoch balanced_accuracy: 0.545833
EPOCH 102:
VALIDATION
valid epoch balanced_accuracy: 0.506389
EPOCH 103:
VALIDATION
valid epoch balanced_accuracy: 0.541667
EPOCH 104:
VALIDATION
valid epoch balanced_accuracy: 0.560556
EPOCH 105:
VALIDATION
valid epoch balanced_accuracy: 0.557500
EPOCH 106:
VALIDATION
valid epoch balanced_accuracy: 0.612222
EPOCH 107:
VALIDATION
valid epoch balanced_accuracy: 0.550556
EPOCH 108:
VALIDATION
valid epoch balanced_accuracy: 0.543333
EPOCH 109:
VALIDATION
valid epoch balanced_accuracy: 0.553333
EPOCH 110:
VALIDATION
valid epoch balanced_accuracy: 0.538333
EPOCH 111:
VALIDATION
valid epoch balanced_accuracy: 0.544444
EPOCH 112:
VALIDATION
valid epoch balanced_accuracy: 0.529722
EPOCH 113:
VALIDATION
valid epoch balanced_accuracy: 0.574444
EPOCH 114:
VALIDATION
valid epoch balanced_accuracy: 0.547222
EPOCH 115:
VALIDATION
valid epoch balanced_accuracy: 0.593333
EPOCH 116:
VALIDATION
valid epoch balanced_accuracy: 0.603056
EPOCH 117:
VALIDATION
valid epoch balanced_accuracy: 0.585000
EPOCH 118:
VALIDATION
valid epoch balanced_accuracy: 0.566389
EPOCH 119:
VALIDATION
valid epoch balanced_accuracy: 0.583333
EPOCH 120:
VALIDATION
valid epoch balanced_accuracy: 0.601389
EPOCH 121:
VALIDATION
valid epoch balanced_accuracy: 0.538333
EPOCH 122:
VALIDATION
valid epoch balanced_accuracy: 0.582500
EPOCH 123:
VALIDATION
valid epoch balanced_accuracy: 0.541389
EPOCH 124:
VALIDATION
valid epoch balanced_accuracy: 0.543611
EPOCH 125:
VALIDATION
valid epoch balanced_accuracy: 0.543611
EPOCH 126:
VALIDATION
valid epoch balanced_accuracy: 0.560556
EPOCH 127:
VALIDATION
valid epoch balanced_accuracy: 0.544444
EPOCH 128:
VALIDATION
valid epoch balanced_accuracy: 0.537222
EPOCH 129:
VALIDATION
valid epoch balanced_accuracy: 0.568611
EPOCH 130:
VALIDATION
valid epoch balanced_accuracy: 0.536111
EPOCH 131:
VALIDATION
valid epoch balanced_accuracy: 0.557500
EPOCH 132:
VALIDATION
valid epoch balanced_accuracy: 0.547778
EPOCH 133:
VALIDATION
valid epoch balanced_accuracy: 0.601944
EPOCH 134:
VALIDATION
valid epoch balanced_accuracy: 0.532222
EPOCH 135:
VALIDATION
valid epoch balanced_accuracy: 0.549444
EPOCH 136:
VALIDATION
valid epoch balanced_accuracy: 0.563611
EPOCH 137:
VALIDATION
valid epoch balanced_accuracy: 0.552500
EPOCH 138:
VALIDATION
valid epoch balanced_accuracy: 0.584444
EPOCH 139:
VALIDATION
valid epoch balanced_accuracy: 0.610833
EPOCH 140:
VALIDATION
valid epoch balanced_accuracy: 0.622778
EPOCH 141:
VALIDATION
valid epoch balanced_accuracy: 0.569444
EPOCH 142:
VALIDATION
valid epoch balanced_accuracy: 0.565278
EPOCH 143:
VALIDATION
valid epoch balanced_accuracy: 0.596389
EPOCH 144:
VALIDATION
valid epoch balanced_accuracy: 0.636389
EPOCH 145:
VALIDATION
valid epoch balanced_accuracy: 0.652500
EPOCH 146:
VALIDATION
valid epoch balanced_accuracy: 0.601389
EPOCH 147:
VALIDATION
valid epoch balanced_accuracy: 0.635556
EPOCH 148:
VALIDATION
valid epoch balanced_accuracy: 0.644722
EPOCH 149:
VALIDATION
valid epoch balanced_accuracy: 0.635833
EPOCH 150:
VALIDATION
valid epoch balanced_accuracy: 0.636667
accuracy: 0.668605
sensitivity: 0.740385
precision: 0.719626
specificity: 0.558824
IoU: 0.574627
FAR: 0.441176
F1: 0.729858
balanced_accuracy: 0.649604
loss: 1.696680
Traceback (most recent call last):
  File "/home/kalinina/DL_project/./training/new_train.py", line 808, in <module>
    run_test(run_summary)
  File "/home/kalinina/DL_project/./training/new_train.py", line 736, in run_test
    append_metric(
  File "/home/kalinina/DL_project/append_metric_to_table.py", line 31, in append_metric
    upsert_row(table, row)
  File "/home/kalinina/DL_project/build_metrics_table.py", line 691, in upsert_row
    with _table_lock(table_path):
  File "/home/kalinina/.conda/envs/Kalinin_project_LP/lib/python3.10/contextlib.py", line 135, in __enter__
    return next(self.gen)
  File "/home/kalinina/DL_project/build_metrics_table.py", line 680, in _table_lock
    table_path.parent.mkdir(parents=True, exist_ok=True)
AttributeError: 'str' object has no attribute 'parent'
