Waiting for exclusive access to GPU GPU-dc4f9df4-a164-f5f6-51ef-afcfa186ef16.
=== GROUP: scp2 | VARIANT: nps3mlp_dpt01_gem_pool_lrsched_cpw8 | SEED: 2 | GPU: NVIDIA A100-PCIE-40GB ===

number of parameters : 1403984
train : (1246, 12)
valid : (42, 12)
test : (43, 12)
class weights : [1.1688555479049683, 0.8737727999687195]
data extracted
EPOCH 1:
VALIDATION
valid epoch balanced_accuracy: 0.500000
EPOCH 2:
VALIDATION
valid epoch balanced_accuracy: 0.609091
EPOCH 3:
VALIDATION
valid epoch balanced_accuracy: 0.675000
/home/kalinina/.conda/envs/Kalinin_project_LP/lib/python3.10/site-packages/torch/optim/lr_scheduler.py:243: UserWarning: The epoch parameter in `scheduler.step()` was not necessary and is being deprecated where possible. Please use `scheduler.step()` to step the scheduler. During the deprecation, if epoch is different from None, the closed form is used instead of the new chainable form, where available. Please open an issue if you are unable to replicate your use case: https://github.com/pytorch/pytorch/issues/new/choose.
  warnings.warn(EPOCH_DEPRECATION_WARNING, UserWarning)
EPOCH 4:
VALIDATION
valid epoch balanced_accuracy: 0.540909
EPOCH 5:
VALIDATION
valid epoch balanced_accuracy: 0.663636
EPOCH 6:
VALIDATION
valid epoch balanced_accuracy: 0.625000
EPOCH 7:
VALIDATION
valid epoch balanced_accuracy: 0.652273
EPOCH 8:
VALIDATION
valid epoch balanced_accuracy: 0.629545
EPOCH 9:
VALIDATION
valid epoch balanced_accuracy: 0.504545
EPOCH 10:
VALIDATION
valid epoch balanced_accuracy: 0.604545
EPOCH 11:
VALIDATION
valid epoch balanced_accuracy: 0.452273
EPOCH 12:
VALIDATION
valid epoch balanced_accuracy: 0.504545
EPOCH 13:
VALIDATION
valid epoch balanced_accuracy: 0.472727
EPOCH 14:
VALIDATION
valid epoch balanced_accuracy: 0.563636
EPOCH 15:
VALIDATION
valid epoch balanced_accuracy: 0.520455
EPOCH 16:
VALIDATION
valid epoch balanced_accuracy: 0.500000
EPOCH 17:
VALIDATION
valid epoch balanced_accuracy: 0.602273
EPOCH 18:
VALIDATION
valid epoch balanced_accuracy: 0.479545
EPOCH 19:
VALIDATION
valid epoch balanced_accuracy: 0.538636
EPOCH 20:
VALIDATION
valid epoch balanced_accuracy: 0.522727
EPOCH 21:
VALIDATION
valid epoch balanced_accuracy: 0.522727
EPOCH 22:
VALIDATION
valid epoch balanced_accuracy: 0.538636
EPOCH 23:
VALIDATION
valid epoch balanced_accuracy: 0.611364
EPOCH 24:
VALIDATION
valid epoch balanced_accuracy: 0.559091
EPOCH 25:
VALIDATION
valid epoch balanced_accuracy: 0.552273
EPOCH 26:
VALIDATION
valid epoch balanced_accuracy: 0.579545
EPOCH 27:
VALIDATION
valid epoch balanced_accuracy: 0.534091
EPOCH 28:
VALIDATION
valid epoch balanced_accuracy: 0.522727
EPOCH 29:
VALIDATION
valid epoch balanced_accuracy: 0.529545
EPOCH 30:
VALIDATION
valid epoch balanced_accuracy: 0.545455
EPOCH 31:
VALIDATION
valid epoch balanced_accuracy: 0.520455
EPOCH 32:
VALIDATION
valid epoch balanced_accuracy: 0.486364
EPOCH 33:
VALIDATION
valid epoch balanced_accuracy: 0.543182
EPOCH 34:
VALIDATION
valid epoch balanced_accuracy: 0.604545
EPOCH 35:
VALIDATION
valid epoch balanced_accuracy: 0.538636
EPOCH 36:
VALIDATION
valid epoch balanced_accuracy: 0.540909
EPOCH 37:
VALIDATION
valid epoch balanced_accuracy: 0.536364
EPOCH 38:
VALIDATION
valid epoch balanced_accuracy: 0.459091
EPOCH 39:
VALIDATION
valid epoch balanced_accuracy: 0.497727
EPOCH 40:
VALIDATION
valid epoch balanced_accuracy: 0.559091
EPOCH 41:
VALIDATION
valid epoch balanced_accuracy: 0.561364
EPOCH 42:
VALIDATION
valid epoch balanced_accuracy: 0.540909
EPOCH 43:
VALIDATION
valid epoch balanced_accuracy: 0.506818
EPOCH 44:
VALIDATION
valid epoch balanced_accuracy: 0.534091
EPOCH 45:
VALIDATION
valid epoch balanced_accuracy: 0.436364
EPOCH 46:
VALIDATION
valid epoch balanced_accuracy: 0.456818
EPOCH 47:
VALIDATION
valid epoch balanced_accuracy: 0.565909
EPOCH 48:
VALIDATION
valid epoch balanced_accuracy: 0.468182
EPOCH 49:
VALIDATION
valid epoch balanced_accuracy: 0.488636
EPOCH 50:
VALIDATION
valid epoch balanced_accuracy: 0.484091
EPOCH 51:
VALIDATION
valid epoch balanced_accuracy: 0.518182
EPOCH 52:
VALIDATION
valid epoch balanced_accuracy: 0.486364
EPOCH 53:
VALIDATION
valid epoch balanced_accuracy: 0.565909
EPOCH 54:
VALIDATION
valid epoch balanced_accuracy: 0.559091
EPOCH 55:
VALIDATION
valid epoch balanced_accuracy: 0.515909
EPOCH 56:
VALIDATION
valid epoch balanced_accuracy: 0.459091
EPOCH 57:
VALIDATION
valid epoch balanced_accuracy: 0.540909
EPOCH 58:
VALIDATION
valid epoch balanced_accuracy: 0.536364
EPOCH 59:
VALIDATION
valid epoch balanced_accuracy: 0.511364
EPOCH 60:
VALIDATION
valid epoch balanced_accuracy: 0.511364
EPOCH 61:
VALIDATION
valid epoch balanced_accuracy: 0.559091
EPOCH 62:
VALIDATION
valid epoch balanced_accuracy: 0.538636
EPOCH 63:
VALIDATION
valid epoch balanced_accuracy: 0.488636
EPOCH 64:
VALIDATION
valid epoch balanced_accuracy: 0.536364
EPOCH 65:
VALIDATION
valid epoch balanced_accuracy: 0.463636
EPOCH 66:
VALIDATION
valid epoch balanced_accuracy: 0.513636
EPOCH 67:
VALIDATION
valid epoch balanced_accuracy: 0.438636
EPOCH 68:
VALIDATION
valid epoch balanced_accuracy: 0.488636
EPOCH 69:
VALIDATION
valid epoch balanced_accuracy: 0.490909
EPOCH 70:
VALIDATION
valid epoch balanced_accuracy: 0.488636
EPOCH 71:
VALIDATION
valid epoch balanced_accuracy: 0.515909
EPOCH 72:
VALIDATION
valid epoch balanced_accuracy: 0.543182
EPOCH 73:
VALIDATION
valid epoch balanced_accuracy: 0.511364
EPOCH 74:
VALIDATION
valid epoch balanced_accuracy: 0.436364
EPOCH 75:
VALIDATION
valid epoch balanced_accuracy: 0.413636
EPOCH 76:
VALIDATION
valid epoch balanced_accuracy: 0.415909
EPOCH 77:
VALIDATION
valid epoch balanced_accuracy: 0.536364
EPOCH 78:
VALIDATION
valid epoch balanced_accuracy: 0.490909
EPOCH 79:
VALIDATION
valid epoch balanced_accuracy: 0.468182
EPOCH 80:
VALIDATION
valid epoch balanced_accuracy: 0.490909
EPOCH 81:
VALIDATION
valid epoch balanced_accuracy: 0.490909
EPOCH 82:
VALIDATION
valid epoch balanced_accuracy: 0.465909
EPOCH 83:
VALIDATION
valid epoch balanced_accuracy: 0.490909
EPOCH 84:
VALIDATION
valid epoch balanced_accuracy: 0.468182
EPOCH 85:
VALIDATION
valid epoch balanced_accuracy: 0.468182
EPOCH 86:
VALIDATION
valid epoch balanced_accuracy: 0.440909
EPOCH 87:
VALIDATION
valid epoch balanced_accuracy: 0.440909
EPOCH 88:
VALIDATION
valid epoch balanced_accuracy: 0.418182
EPOCH 89:
VALIDATION
valid epoch balanced_accuracy: 0.468182
EPOCH 90:
VALIDATION
valid epoch balanced_accuracy: 0.436364
EPOCH 91:
VALIDATION
valid epoch balanced_accuracy: 0.493182
EPOCH 92:
VALIDATION
valid epoch balanced_accuracy: 0.490909
EPOCH 93:
VALIDATION
valid epoch balanced_accuracy: 0.415909
EPOCH 94:
VALIDATION
valid epoch balanced_accuracy: 0.415909
EPOCH 95:
VALIDATION
valid epoch balanced_accuracy: 0.465909
EPOCH 96:
VALIDATION
valid epoch balanced_accuracy: 0.415909
EPOCH 97:
VALIDATION
valid epoch balanced_accuracy: 0.493182
EPOCH 98:
VALIDATION
valid epoch balanced_accuracy: 0.465909
EPOCH 99:
VALIDATION
valid epoch balanced_accuracy: 0.443182
EPOCH 100:
VALIDATION
valid epoch balanced_accuracy: 0.418182
EPOCH 101:
VALIDATION
valid epoch balanced_accuracy: 0.468182
EPOCH 102:
VALIDATION
valid epoch balanced_accuracy: 0.415909
EPOCH 103:
VALIDATION
valid epoch balanced_accuracy: 0.465909
EPOCH 104:
VALIDATION
valid epoch balanced_accuracy: 0.418182
EPOCH 105:
VALIDATION
valid epoch balanced_accuracy: 0.565909
EPOCH 106:
VALIDATION
valid epoch balanced_accuracy: 0.543182
EPOCH 107:
VALIDATION
valid epoch balanced_accuracy: 0.495455
EPOCH 108:
VALIDATION
valid epoch balanced_accuracy: 0.518182
EPOCH 109:
VALIDATION
valid epoch balanced_accuracy: 0.518182
EPOCH 110:
VALIDATION
valid epoch balanced_accuracy: 0.540909
EPOCH 111:
VALIDATION
valid epoch balanced_accuracy: 0.490909
EPOCH 112:
VALIDATION
valid epoch balanced_accuracy: 0.443182
EPOCH 113:
VALIDATION
valid epoch balanced_accuracy: 0.465909
EPOCH 114:
VALIDATION
valid epoch balanced_accuracy: 0.443182
EPOCH 115:
VALIDATION
valid epoch balanced_accuracy: 0.440909
EPOCH 116:
VALIDATION
valid epoch balanced_accuracy: 0.490909
EPOCH 117:
VALIDATION
valid epoch balanced_accuracy: 0.518182
EPOCH 118:
VALIDATION
valid epoch balanced_accuracy: 0.443182
EPOCH 119:
VALIDATION
valid epoch balanced_accuracy: 0.493182
EPOCH 120:
VALIDATION
valid epoch balanced_accuracy: 0.443182
EPOCH 121:
VALIDATION
valid epoch balanced_accuracy: 0.493182
EPOCH 122:
VALIDATION
valid epoch balanced_accuracy: 0.543182
EPOCH 123:
VALIDATION
valid epoch balanced_accuracy: 0.443182
EPOCH 124:
VALIDATION
valid epoch balanced_accuracy: 0.490909
EPOCH 125:
VALIDATION
valid epoch balanced_accuracy: 0.518182
EPOCH 126:
VALIDATION
valid epoch balanced_accuracy: 0.493182
EPOCH 127:
VALIDATION
valid epoch balanced_accuracy: 0.493182
EPOCH 128:
VALIDATION
valid epoch balanced_accuracy: 0.543182
EPOCH 129:
VALIDATION
valid epoch balanced_accuracy: 0.465909
EPOCH 130:
VALIDATION
valid epoch balanced_accuracy: 0.468182
EPOCH 131:
VALIDATION
valid epoch balanced_accuracy: 0.415909
EPOCH 132:
VALIDATION
valid epoch balanced_accuracy: 0.543182
EPOCH 133:
VALIDATION
valid epoch balanced_accuracy: 0.543182
EPOCH 134:
VALIDATION
valid epoch balanced_accuracy: 0.543182
EPOCH 135:
VALIDATION
valid epoch balanced_accuracy: 0.543182
EPOCH 136:
VALIDATION
valid epoch balanced_accuracy: 0.440909
EPOCH 137:
VALIDATION
valid epoch balanced_accuracy: 0.490909
EPOCH 138:
VALIDATION
valid epoch balanced_accuracy: 0.440909
EPOCH 139:
VALIDATION
valid epoch balanced_accuracy: 0.468182
EPOCH 140:
VALIDATION
valid epoch balanced_accuracy: 0.468182
EPOCH 141:
VALIDATION
valid epoch balanced_accuracy: 0.543182
EPOCH 142:
VALIDATION
valid epoch balanced_accuracy: 0.518182
EPOCH 143:
VALIDATION
valid epoch balanced_accuracy: 0.418182
EPOCH 144:
VALIDATION
valid epoch balanced_accuracy: 0.443182
EPOCH 145:
VALIDATION
valid epoch balanced_accuracy: 0.443182
EPOCH 146:
VALIDATION
valid epoch balanced_accuracy: 0.468182
EPOCH 147:
VALIDATION
valid epoch balanced_accuracy: 0.443182
EPOCH 148:
VALIDATION
valid epoch balanced_accuracy: 0.393182
EPOCH 149:
VALIDATION
valid epoch balanced_accuracy: 0.440909
EPOCH 150:
VALIDATION
valid epoch balanced_accuracy: 0.468182
accuracy: 0.558140
sensitivity: 0.565217
precision: 0.590909
specificity: 0.550000
IoU: 0.406250
FAR: 0.450000
F1: 0.577778
balanced_accuracy: 0.557609
loss: 0.754837
