
number of parameters : 1542278
train : (1104, 12)
valid : (204, 12)
test : (204, 12)
class weights : [1.0, 1.0]
balanced batches : 69 per epoch covering all 1104 train rows, target 8 positive + 8 unlabeled
data extracted
EPOCH 1:
VALIDATION
valid epoch balanced_accuracy: 0.397115
EPOCH 2:
VALIDATION
valid epoch balanced_accuracy: 0.422308
EPOCH 3:
VALIDATION
valid epoch balanced_accuracy: 0.618269
EPOCH 4:
VALIDATION
valid epoch balanced_accuracy: 0.685385
EPOCH 5:
VALIDATION
valid epoch balanced_accuracy: 0.348269
EPOCH 6:
VALIDATION
valid epoch balanced_accuracy: 0.714615
EPOCH 7:
VALIDATION
valid epoch balanced_accuracy: 0.339615
EPOCH 8:
VALIDATION
valid epoch balanced_accuracy: 0.496923
EPOCH 9:
VALIDATION
valid epoch balanced_accuracy: 0.384615
EPOCH 10:
VALIDATION
valid epoch balanced_accuracy: 0.328077
EPOCH 11:
VALIDATION
valid epoch balanced_accuracy: 0.362885
EPOCH 12:
VALIDATION
valid epoch balanced_accuracy: 0.353462
EPOCH 13:
VALIDATION
valid epoch balanced_accuracy: 0.349615
EPOCH 14:
VALIDATION
valid epoch balanced_accuracy: 0.398077
EPOCH 15:
VALIDATION
valid epoch balanced_accuracy: 0.438654
EPOCH 16:
VALIDATION
valid epoch balanced_accuracy: 0.401731
EPOCH 17:
VALIDATION
valid epoch balanced_accuracy: 0.343462
EPOCH 18:
VALIDATION
valid epoch balanced_accuracy: 0.463269
EPOCH 19:
VALIDATION
valid epoch balanced_accuracy: 0.485000
EPOCH 20:
VALIDATION
valid epoch balanced_accuracy: 0.472115
EPOCH 21:
VALIDATION
valid epoch balanced_accuracy: 0.445000
EPOCH 22:
VALIDATION
valid epoch balanced_accuracy: 0.570962
EPOCH 23:
VALIDATION
valid epoch balanced_accuracy: 0.472500
EPOCH 24:
VALIDATION
valid epoch balanced_accuracy: 0.391538
EPOCH 25:
VALIDATION
valid epoch balanced_accuracy: 0.457500
EPOCH 26:
VALIDATION
valid epoch balanced_accuracy: 0.436923
EPOCH 27:
VALIDATION
valid epoch balanced_accuracy: 0.501538
EPOCH 28:
VALIDATION
valid epoch balanced_accuracy: 0.422885
EPOCH 29:
VALIDATION
valid epoch balanced_accuracy: 0.445577
EPOCH 30:
VALIDATION
valid epoch balanced_accuracy: 0.407500
EPOCH 31:
VALIDATION
valid epoch balanced_accuracy: 0.433269
EPOCH 32:
VALIDATION
valid epoch balanced_accuracy: 0.469423
EPOCH 33:
VALIDATION
valid epoch balanced_accuracy: 0.500577
EPOCH 34:
VALIDATION
valid epoch balanced_accuracy: 0.429615
EPOCH 35:
VALIDATION
valid epoch balanced_accuracy: 0.518654
EPOCH 36:
VALIDATION
valid epoch balanced_accuracy: 0.404423
EPOCH 37:
VALIDATION
valid epoch balanced_accuracy: 0.665577
EPOCH 38:
VALIDATION
valid epoch balanced_accuracy: 0.454038
EPOCH 39:
VALIDATION
valid epoch balanced_accuracy: 0.703846
EPOCH 40:
VALIDATION
valid epoch balanced_accuracy: 0.407692
EPOCH 41:
VALIDATION
valid epoch balanced_accuracy: 0.465577
EPOCH 42:
VALIDATION
valid epoch balanced_accuracy: 0.442115
EPOCH 43:
VALIDATION
valid epoch balanced_accuracy: 0.484808
EPOCH 44:
VALIDATION
valid epoch balanced_accuracy: 0.387308
EPOCH 45:
VALIDATION
valid epoch balanced_accuracy: 0.387500
EPOCH 46:
VALIDATION
valid epoch balanced_accuracy: 0.368077
EPOCH 47:
VALIDATION
valid epoch balanced_accuracy: 0.651154
EPOCH 48:
VALIDATION
valid epoch balanced_accuracy: 0.477308
EPOCH 49:
VALIDATION
valid epoch balanced_accuracy: 0.463654
EPOCH 50:
VALIDATION
valid epoch balanced_accuracy: 0.433077
EPOCH 51:
VALIDATION
valid epoch balanced_accuracy: 0.422308
EPOCH 52:
VALIDATION
valid epoch balanced_accuracy: 0.431346
EPOCH 53:
VALIDATION
valid epoch balanced_accuracy: 0.395385
EPOCH 54:
VALIDATION
valid epoch balanced_accuracy: 0.410769
EPOCH 55:
VALIDATION
valid epoch balanced_accuracy: 0.442885
EPOCH 56:
VALIDATION
valid epoch balanced_accuracy: 0.615962
EPOCH 57:
VALIDATION
valid epoch balanced_accuracy: 0.606538
EPOCH 58:
VALIDATION
valid epoch balanced_accuracy: 0.433654
EPOCH 59:
VALIDATION
valid epoch balanced_accuracy: 0.456923
EPOCH 60:
VALIDATION
valid epoch balanced_accuracy: 0.398269
EPOCH 61:
VALIDATION
valid epoch balanced_accuracy: 0.575192
EPOCH 62:
VALIDATION
valid epoch balanced_accuracy: 0.473269
EPOCH 63:
VALIDATION
valid epoch balanced_accuracy: 0.447885
EPOCH 64:
VALIDATION
valid epoch balanced_accuracy: 0.544615
EPOCH 65:
VALIDATION
valid epoch balanced_accuracy: 0.448269
EPOCH 66:
VALIDATION
valid epoch balanced_accuracy: 0.441538
EPOCH 67:
VALIDATION
valid epoch balanced_accuracy: 0.432308
EPOCH 68:
VALIDATION
valid epoch balanced_accuracy: 0.461538
EPOCH 69:
VALIDATION
valid epoch balanced_accuracy: 0.404038
EPOCH 70:
VALIDATION
valid epoch balanced_accuracy: 0.399423
EPOCH 71:
VALIDATION
valid epoch balanced_accuracy: 0.376346
EPOCH 72:
VALIDATION
valid epoch balanced_accuracy: 0.452308
EPOCH 73:
VALIDATION
valid epoch balanced_accuracy: 0.447308
EPOCH 74:
VALIDATION
valid epoch balanced_accuracy: 0.416154
EPOCH 75:
VALIDATION
valid epoch balanced_accuracy: 0.452885
EPOCH 76:
VALIDATION
valid epoch balanced_accuracy: 0.472885
EPOCH 77:
VALIDATION
valid epoch balanced_accuracy: 0.453077
EPOCH 78:
VALIDATION
valid epoch balanced_accuracy: 0.486923
EPOCH 79:
VALIDATION
valid epoch balanced_accuracy: 0.415769
EPOCH 80:
VALIDATION
valid epoch balanced_accuracy: 0.447885
EPOCH 81:
VALIDATION
valid epoch balanced_accuracy: 0.447885
EPOCH 82:
VALIDATION
valid epoch balanced_accuracy: 0.365962
EPOCH 83:
VALIDATION
valid epoch balanced_accuracy: 0.381538
EPOCH 84:
VALIDATION
valid epoch balanced_accuracy: 0.381346
EPOCH 85:
VALIDATION
valid epoch balanced_accuracy: 0.451731
EPOCH 86:
VALIDATION
valid epoch balanced_accuracy: 0.419038
EPOCH 87:
VALIDATION
valid epoch balanced_accuracy: 0.452500
EPOCH 88:
VALIDATION
valid epoch balanced_accuracy: 0.466154
EPOCH 89:
VALIDATION
valid epoch balanced_accuracy: 0.432692
EPOCH 90:
VALIDATION
valid epoch balanced_accuracy: 0.420385
EPOCH 91:
VALIDATION
valid epoch balanced_accuracy: 0.465769
EPOCH 92:
VALIDATION
valid epoch balanced_accuracy: 0.417115
EPOCH 93:
VALIDATION
valid epoch balanced_accuracy: 0.444423
EPOCH 94:
VALIDATION
valid epoch balanced_accuracy: 0.454231
EPOCH 95:
VALIDATION
valid epoch balanced_accuracy: 0.472885
EPOCH 96:
VALIDATION
valid epoch balanced_accuracy: 0.441154
EPOCH 97:
VALIDATION
valid epoch balanced_accuracy: 0.473077
EPOCH 98:
VALIDATION
valid epoch balanced_accuracy: 0.414038
EPOCH 99:
VALIDATION
valid epoch balanced_accuracy: 0.442885
EPOCH 100:
VALIDATION
valid epoch balanced_accuracy: 0.390000
EPOCH 101:
VALIDATION
valid epoch balanced_accuracy: 0.410192
EPOCH 102:
VALIDATION
valid epoch balanced_accuracy: 0.443077
EPOCH 103:
VALIDATION
valid epoch balanced_accuracy: 0.495577
EPOCH 104:
VALIDATION
valid epoch balanced_accuracy: 0.437500
EPOCH 105:
VALIDATION
valid epoch balanced_accuracy: 0.437308
EPOCH 106:
VALIDATION
valid epoch balanced_accuracy: 0.452885
EPOCH 107:
VALIDATION
valid epoch balanced_accuracy: 0.473077
EPOCH 108:
VALIDATION
valid epoch balanced_accuracy: 0.427308
EPOCH 109:
VALIDATION
valid epoch balanced_accuracy: 0.410000
EPOCH 110:
VALIDATION
valid epoch balanced_accuracy: 0.447115
EPOCH 111:
VALIDATION
valid epoch balanced_accuracy: 0.443077
EPOCH 112:
VALIDATION
valid epoch balanced_accuracy: 0.446923
EPOCH 113:
VALIDATION
valid epoch balanced_accuracy: 0.428654
EPOCH 114:
VALIDATION
valid epoch balanced_accuracy: 0.488462
EPOCH 115:
VALIDATION
valid epoch balanced_accuracy: 0.398462
EPOCH 116:
VALIDATION
valid epoch balanced_accuracy: 0.401923
EPOCH 117:
VALIDATION
valid epoch balanced_accuracy: 0.433077
EPOCH 118:
VALIDATION
valid epoch balanced_accuracy: 0.418462
EPOCH 119:
VALIDATION
valid epoch balanced_accuracy: 0.439038
EPOCH 120:
VALIDATION
valid epoch balanced_accuracy: 0.525962
EPOCH 121:
VALIDATION
valid epoch balanced_accuracy: 0.441538
EPOCH 122:
VALIDATION
valid epoch balanced_accuracy: 0.428269
EPOCH 123:
VALIDATION
valid epoch balanced_accuracy: 0.428269
EPOCH 124:
VALIDATION
valid epoch balanced_accuracy: 0.428846
EPOCH 125:
VALIDATION
valid epoch balanced_accuracy: 0.423462
EPOCH 126:
VALIDATION
valid epoch balanced_accuracy: 0.580385
EPOCH 127:
VALIDATION
valid epoch balanced_accuracy: 0.450962
EPOCH 128:
VALIDATION
valid epoch balanced_accuracy: 0.450192
EPOCH 129:
VALIDATION
valid epoch balanced_accuracy: 0.429808
EPOCH 130:
VALIDATION
valid epoch balanced_accuracy: 0.432885
EPOCH 131:
VALIDATION
valid epoch balanced_accuracy: 0.442115
EPOCH 132:
VALIDATION
valid epoch balanced_accuracy: 0.423269
EPOCH 133:
VALIDATION
valid epoch balanced_accuracy: 0.464231
EPOCH 134:
VALIDATION
valid epoch balanced_accuracy: 0.418269
EPOCH 135:
VALIDATION
valid epoch balanced_accuracy: 0.440000
EPOCH 136:
VALIDATION
valid epoch balanced_accuracy: 0.485000
EPOCH 137:
VALIDATION
valid epoch balanced_accuracy: 0.437500
EPOCH 138:
VALIDATION
valid epoch balanced_accuracy: 0.468462
EPOCH 139:
VALIDATION
valid epoch balanced_accuracy: 0.427308
EPOCH 140:
VALIDATION
valid epoch balanced_accuracy: 0.441923
EPOCH 141:
VALIDATION
valid epoch balanced_accuracy: 0.441538
EPOCH 142:
VALIDATION
valid epoch balanced_accuracy: 0.404808
EPOCH 143:
VALIDATION
valid epoch balanced_accuracy: 0.455000
EPOCH 144:
VALIDATION
valid epoch balanced_accuracy: 0.425962
EPOCH 145:
VALIDATION
valid epoch balanced_accuracy: 0.448654
EPOCH 146:
VALIDATION
valid epoch balanced_accuracy: 0.421923
EPOCH 147:
VALIDATION
valid epoch balanced_accuracy: 0.434615
EPOCH 148:
VALIDATION
valid epoch balanced_accuracy: 0.453846
EPOCH 149:
VALIDATION
valid epoch balanced_accuracy: 0.509423
EPOCH 150:
VALIDATION
valid epoch balanced_accuracy: 0.432885
accuracy: 0.740196
sensitivity: 0.884615
precision: 0.691729
specificity: 0.590000
IoU: 0.634483
FAR: 0.410000
F1: 0.776371
balanced_accuracy: 0.737308
loss: 0.579504
