Waiting for exclusive access to GPU GPU-38eaf59c-ac40-2dca-8023-1fe983fb0570.
=== GROUP: GLTP | VARIANT: nps3mlp_dpt01 | SEED: 2 | GPU: NVIDIA A100-PCIE-40GB ===

number of parameters : 1403982
train : (1210, 12)
valid : (60, 12)
test : (61, 12)
class weights : [1.1308411359786987, 0.8962963223457336]
data extracted
EPOCH 1:
VALIDATION
valid epoch balanced_accuracy: 0.208601
EPOCH 2:
VALIDATION
valid epoch balanced_accuracy: 0.127728
EPOCH 3:
VALIDATION
valid epoch balanced_accuracy: 0.127728
EPOCH 4:
VALIDATION
valid epoch balanced_accuracy: 0.127728
EPOCH 5:
VALIDATION
valid epoch balanced_accuracy: 0.115533
EPOCH 6:
VALIDATION
valid epoch balanced_accuracy: 0.075096
EPOCH 7:
VALIDATION
valid epoch balanced_accuracy: 0.182285
EPOCH 8:
VALIDATION
valid epoch balanced_accuracy: 0.115533
EPOCH 9:
VALIDATION
valid epoch balanced_accuracy: 0.127728
EPOCH 10:
VALIDATION
valid epoch balanced_accuracy: 0.143774
EPOCH 11:
VALIDATION
valid epoch balanced_accuracy: 0.236842
EPOCH 12:
VALIDATION
valid epoch balanced_accuracy: 0.105263
EPOCH 13:
VALIDATION
valid epoch balanced_accuracy: 0.210526
EPOCH 14:
VALIDATION
valid epoch balanced_accuracy: 0.184211
EPOCH 15:
VALIDATION
valid epoch balanced_accuracy: 0.157895
EPOCH 16:
VALIDATION
valid epoch balanced_accuracy: 0.131579
EPOCH 17:
VALIDATION
valid epoch balanced_accuracy: 0.236842
EPOCH 18:
VALIDATION
valid epoch balanced_accuracy: 0.131579
EPOCH 19:
VALIDATION
valid epoch balanced_accuracy: 0.157895
EPOCH 20:
VALIDATION
valid epoch balanced_accuracy: 0.236842
EPOCH 21:
VALIDATION
valid epoch balanced_accuracy: 0.342105
EPOCH 22:
VALIDATION
valid epoch balanced_accuracy: 0.394737
EPOCH 23:
VALIDATION
valid epoch balanced_accuracy: 0.342105
EPOCH 24:
VALIDATION
valid epoch balanced_accuracy: 0.289474
EPOCH 25:
VALIDATION
valid epoch balanced_accuracy: 0.289474
EPOCH 26:
VALIDATION
valid epoch balanced_accuracy: 0.263158
EPOCH 27:
VALIDATION
valid epoch balanced_accuracy: 0.263158
EPOCH 28:
VALIDATION
valid epoch balanced_accuracy: 0.315789
EPOCH 29:
VALIDATION
valid epoch balanced_accuracy: 0.315789
EPOCH 30:
VALIDATION
valid epoch balanced_accuracy: 0.352375
EPOCH 31:
VALIDATION
valid epoch balanced_accuracy: 0.370988
EPOCH 32:
VALIDATION
valid epoch balanced_accuracy: 0.289474
EPOCH 33:
VALIDATION
valid epoch balanced_accuracy: 0.289474
EPOCH 34:
VALIDATION
valid epoch balanced_accuracy: 0.368421
EPOCH 35:
VALIDATION
valid epoch balanced_accuracy: 0.342105
EPOCH 36:
VALIDATION
valid epoch balanced_accuracy: 0.342105
EPOCH 37:
VALIDATION
valid epoch balanced_accuracy: 0.394737
EPOCH 38:
VALIDATION
valid epoch balanced_accuracy: 0.289474
EPOCH 39:
VALIDATION
valid epoch balanced_accuracy: 0.366496
EPOCH 40:
VALIDATION
valid epoch balanced_accuracy: 0.342105
EPOCH 41:
VALIDATION
valid epoch balanced_accuracy: 0.425546
EPOCH 42:
VALIDATION
valid epoch balanced_accuracy: 0.315789
EPOCH 43:
VALIDATION
valid epoch balanced_accuracy: 0.342105
EPOCH 44:
VALIDATION
valid epoch balanced_accuracy: 0.327985
EPOCH 45:
VALIDATION
valid epoch balanced_accuracy: 0.354300
EPOCH 46:
VALIDATION
valid epoch balanced_accuracy: 0.342105
EPOCH 47:
VALIDATION
valid epoch balanced_accuracy: 0.390886
EPOCH 48:
VALIDATION
valid epoch balanced_accuracy: 0.342105
EPOCH 49:
VALIDATION
valid epoch balanced_accuracy: 0.366496
EPOCH 50:
VALIDATION
valid epoch balanced_accuracy: 0.394737
EPOCH 51:
VALIDATION
valid epoch balanced_accuracy: 0.342105
EPOCH 52:
VALIDATION
valid epoch balanced_accuracy: 0.289474
EPOCH 53:
VALIDATION
valid epoch balanced_accuracy: 0.342105
EPOCH 54:
VALIDATION
valid epoch balanced_accuracy: 0.338254
EPOCH 55:
VALIDATION
valid epoch balanced_accuracy: 0.289474
EPOCH 56:
VALIDATION
valid epoch balanced_accuracy: 0.378691
EPOCH 57:
VALIDATION
valid epoch balanced_accuracy: 0.368421
EPOCH 58:
VALIDATION
valid epoch balanced_accuracy: 0.340180
EPOCH 59:
VALIDATION
valid epoch balanced_accuracy: 0.368421
EPOCH 60:
VALIDATION
valid epoch balanced_accuracy: 0.368421
EPOCH 61:
VALIDATION
valid epoch balanced_accuracy: 0.392811
EPOCH 62:
VALIDATION
valid epoch balanced_accuracy: 0.415276
EPOCH 63:
VALIDATION
valid epoch balanced_accuracy: 0.315789
EPOCH 64:
VALIDATION
valid epoch balanced_accuracy: 0.368421
EPOCH 65:
VALIDATION
valid epoch balanced_accuracy: 0.368421
EPOCH 66:
VALIDATION
valid epoch balanced_accuracy: 0.315789
EPOCH 67:
VALIDATION
valid epoch balanced_accuracy: 0.417202
EPOCH 68:
VALIDATION
valid epoch balanced_accuracy: 0.289474
EPOCH 69:
VALIDATION
valid epoch balanced_accuracy: 0.441592
EPOCH 70:
VALIDATION
valid epoch balanced_accuracy: 0.366496
EPOCH 71:
VALIDATION
valid epoch balanced_accuracy: 0.342105
EPOCH 72:
VALIDATION
valid epoch balanced_accuracy: 0.354300
EPOCH 73:
VALIDATION
valid epoch balanced_accuracy: 0.342105
EPOCH 74:
VALIDATION
valid epoch balanced_accuracy: 0.403081
EPOCH 75:
VALIDATION
valid epoch balanced_accuracy: 0.350449
EPOCH 76:
VALIDATION
valid epoch balanced_accuracy: 0.368421
EPOCH 77:
VALIDATION
valid epoch balanced_accuracy: 0.429397
EPOCH 78:
VALIDATION
valid epoch balanced_accuracy: 0.368421
EPOCH 79:
VALIDATION
valid epoch balanced_accuracy: 0.326059
EPOCH 80:
VALIDATION
valid epoch balanced_accuracy: 0.366496
EPOCH 81:
VALIDATION
valid epoch balanced_accuracy: 0.342105
EPOCH 82:
VALIDATION
valid epoch balanced_accuracy: 0.315789
EPOCH 83:
VALIDATION
valid epoch balanced_accuracy: 0.368421
EPOCH 84:
VALIDATION
valid epoch balanced_accuracy: 0.289474
EPOCH 85:
VALIDATION
valid epoch balanced_accuracy: 0.525032
EPOCH 86:
VALIDATION
valid epoch balanced_accuracy: 0.342105
EPOCH 87:
VALIDATION
valid epoch balanced_accuracy: 0.378691
EPOCH 88:
VALIDATION
valid epoch balanced_accuracy: 0.394737
EPOCH 89:
VALIDATION
valid epoch balanced_accuracy: 0.326059
EPOCH 90:
VALIDATION
valid epoch balanced_accuracy: 0.421053
EPOCH 91:
VALIDATION
valid epoch balanced_accuracy: 0.368421
EPOCH 92:
VALIDATION
valid epoch balanced_accuracy: 0.417202
EPOCH 93:
VALIDATION
valid epoch balanced_accuracy: 0.342105
EPOCH 94:
VALIDATION
valid epoch balanced_accuracy: 0.342105
EPOCH 95:
VALIDATION
valid epoch balanced_accuracy: 0.368421
EPOCH 96:
VALIDATION
valid epoch balanced_accuracy: 0.394737
EPOCH 97:
VALIDATION
valid epoch balanced_accuracy: 0.368421
EPOCH 98:
VALIDATION
valid epoch balanced_accuracy: 0.289474
EPOCH 99:
VALIDATION
valid epoch balanced_accuracy: 0.338254
EPOCH 100:
VALIDATION
valid epoch balanced_accuracy: 0.364570
EPOCH 101:
VALIDATION
valid epoch balanced_accuracy: 0.374840
EPOCH 102:
VALIDATION
valid epoch balanced_accuracy: 0.388960
EPOCH 103:
VALIDATION
valid epoch balanced_accuracy: 0.315789
EPOCH 104:
VALIDATION
valid epoch balanced_accuracy: 0.295892
EPOCH 105:
VALIDATION
valid epoch balanced_accuracy: 0.453787
EPOCH 106:
VALIDATION
valid epoch balanced_accuracy: 0.342105
EPOCH 107:
VALIDATION
valid epoch balanced_accuracy: 0.439666
EPOCH 108:
VALIDATION
valid epoch balanced_accuracy: 0.388960
EPOCH 109:
VALIDATION
valid epoch balanced_accuracy: 0.362644
EPOCH 110:
VALIDATION
valid epoch balanced_accuracy: 0.362644
EPOCH 111:
VALIDATION
valid epoch balanced_accuracy: 0.313864
EPOCH 112:
VALIDATION
valid epoch balanced_accuracy: 0.392811
EPOCH 113:
VALIDATION
valid epoch balanced_accuracy: 0.474326
EPOCH 114:
VALIDATION
valid epoch balanced_accuracy: 0.443517
EPOCH 115:
VALIDATION
valid epoch balanced_accuracy: 0.342105
EPOCH 116:
VALIDATION
valid epoch balanced_accuracy: 0.313864
EPOCH 117:
VALIDATION
valid epoch balanced_accuracy: 0.326059
EPOCH 118:
VALIDATION
valid epoch balanced_accuracy: 0.326059
EPOCH 119:
VALIDATION
valid epoch balanced_accuracy: 0.415276
EPOCH 120:
VALIDATION
valid epoch balanced_accuracy: 0.388960
EPOCH 121:
VALIDATION
valid epoch balanced_accuracy: 0.364570
EPOCH 122:
VALIDATION
valid epoch balanced_accuracy: 0.441592
EPOCH 123:
VALIDATION
valid epoch balanced_accuracy: 0.362644
EPOCH 124:
VALIDATION
valid epoch balanced_accuracy: 0.453787
EPOCH 125:
VALIDATION
valid epoch balanced_accuracy: 0.415276
EPOCH 126:
VALIDATION
valid epoch balanced_accuracy: 0.350449
EPOCH 127:
VALIDATION
valid epoch balanced_accuracy: 0.364570
EPOCH 128:
VALIDATION
valid epoch balanced_accuracy: 0.368421
EPOCH 129:
VALIDATION
valid epoch balanced_accuracy: 0.364570
EPOCH 130:
VALIDATION
valid epoch balanced_accuracy: 0.338254
EPOCH 131:
VALIDATION
valid epoch balanced_accuracy: 0.311938
EPOCH 132:
VALIDATION
valid epoch balanced_accuracy: 0.360719
EPOCH 133:
VALIDATION
valid epoch balanced_accuracy: 0.342105
EPOCH 134:
VALIDATION
valid epoch balanced_accuracy: 0.500642
EPOCH 135:
VALIDATION
valid epoch balanced_accuracy: 0.366496
EPOCH 136:
VALIDATION
valid epoch balanced_accuracy: 0.394737
EPOCH 137:
VALIDATION
valid epoch balanced_accuracy: 0.364570
EPOCH 138:
VALIDATION
valid epoch balanced_accuracy: 0.411425
EPOCH 139:
VALIDATION
valid epoch balanced_accuracy: 0.451861
EPOCH 140:
VALIDATION
valid epoch balanced_accuracy: 0.342105
EPOCH 141:
VALIDATION
valid epoch balanced_accuracy: 0.417202
EPOCH 142:
VALIDATION
valid epoch balanced_accuracy: 0.289474
EPOCH 143:
VALIDATION
valid epoch balanced_accuracy: 0.368421
EPOCH 144:
VALIDATION
valid epoch balanced_accuracy: 0.289474
EPOCH 145:
VALIDATION
valid epoch balanced_accuracy: 0.342105
EPOCH 146:
VALIDATION
valid epoch balanced_accuracy: 0.289474
EPOCH 147:
VALIDATION
valid epoch balanced_accuracy: 0.390886
EPOCH 148:
VALIDATION
valid epoch balanced_accuracy: 0.368421
EPOCH 149:
VALIDATION
valid epoch balanced_accuracy: 0.327985
EPOCH 150:
VALIDATION
valid epoch balanced_accuracy: 0.354300
accuracy: 0.278689
sensitivity: 0.075000
precision: 0.300000
specificity: 0.666667
IoU: 0.063830
FAR: 0.333333
F1: 0.120000
balanced_accuracy: 0.370833
loss: 6.188123
