
number of parameters : 1403982
train : (981, 12)
valid : (175, 12)
test : (175, 12)
class weights : [1.1433566808700562, 0.8885869383811951]
data extracted
EPOCH 1:
VALIDATION
valid epoch balanced_accuracy: 0.432489
EPOCH 2:
VALIDATION
valid epoch balanced_accuracy: 0.572048
EPOCH 3:
VALIDATION
valid epoch balanced_accuracy: 0.561078
EPOCH 4:
VALIDATION
valid epoch balanced_accuracy: 0.625068
EPOCH 5:
VALIDATION
valid epoch balanced_accuracy: 0.553494
EPOCH 6:
VALIDATION
valid epoch balanced_accuracy: 0.564261
EPOCH 7:
VALIDATION
valid epoch balanced_accuracy: 0.571709
EPOCH 8:
VALIDATION
valid epoch balanced_accuracy: 0.450163
EPOCH 9:
VALIDATION
valid epoch balanced_accuracy: 0.483478
EPOCH 10:
VALIDATION
valid epoch balanced_accuracy: 0.403778
EPOCH 11:
VALIDATION
valid epoch balanced_accuracy: 0.399851
EPOCH 12:
VALIDATION
valid epoch balanced_accuracy: 0.650867
EPOCH 13:
VALIDATION
valid epoch balanced_accuracy: 0.451381
EPOCH 14:
VALIDATION
valid epoch balanced_accuracy: 0.451720
EPOCH 15:
VALIDATION
valid epoch balanced_accuracy: 0.560739
EPOCH 16:
VALIDATION
valid epoch balanced_accuracy: 0.525190
EPOCH 17:
VALIDATION
valid epoch balanced_accuracy: 0.525190
EPOCH 18:
VALIDATION
valid epoch balanced_accuracy: 0.509412
EPOCH 19:
VALIDATION
valid epoch balanced_accuracy: 0.537243
EPOCH 20:
VALIDATION
valid epoch balanced_accuracy: 0.528101
EPOCH 21:
VALIDATION
valid epoch balanced_accuracy: 0.505620
EPOCH 22:
VALIDATION
valid epoch balanced_accuracy: 0.543743
EPOCH 23:
VALIDATION
valid epoch balanced_accuracy: 0.555255
EPOCH 24:
VALIDATION
valid epoch balanced_accuracy: 0.579632
EPOCH 25:
VALIDATION
valid epoch balanced_accuracy: 0.577600
EPOCH 26:
VALIDATION
valid epoch balanced_accuracy: 0.559521
EPOCH 27:
VALIDATION
valid epoch balanced_accuracy: 0.547332
EPOCH 28:
VALIDATION
valid epoch balanced_accuracy: 0.604009
EPOCH 29:
VALIDATION
valid epoch balanced_accuracy: 0.571912
EPOCH 30:
VALIDATION
valid epoch balanced_accuracy: 0.536701
EPOCH 31:
VALIDATION
valid epoch balanced_accuracy: 0.550108
EPOCH 32:
VALIDATION
valid epoch balanced_accuracy: 0.537581
EPOCH 33:
VALIDATION
valid epoch balanced_accuracy: 0.541170
EPOCH 34:
VALIDATION
valid epoch balanced_accuracy: 0.514897
EPOCH 35:
VALIDATION
valid epoch balanced_accuracy: 0.531555
EPOCH 36:
VALIDATION
valid epoch balanced_accuracy: 0.492077
EPOCH 37:
VALIDATION
valid epoch balanced_accuracy: 0.536024
EPOCH 38:
VALIDATION
valid epoch balanced_accuracy: 0.541509
EPOCH 39:
VALIDATION
valid epoch balanced_accuracy: 0.515236
EPOCH 40:
VALIDATION
valid epoch balanced_accuracy: 0.539274
EPOCH 41:
VALIDATION
valid epoch balanced_accuracy: 0.506501
EPOCH 42:
VALIDATION
valid epoch balanced_accuracy: 0.517809
EPOCH 43:
VALIDATION
valid epoch balanced_accuracy: 0.499594
EPOCH 44:
VALIDATION
valid epoch balanced_accuracy: 0.519908
EPOCH 45:
VALIDATION
valid epoch balanced_accuracy: 0.529320
EPOCH 46:
VALIDATION
valid epoch balanced_accuracy: 0.512663
EPOCH 47:
VALIDATION
valid epoch balanced_accuracy: 0.538258
EPOCH 48:
VALIDATION
valid epoch balanced_accuracy: 0.521939
EPOCH 49:
VALIDATION
valid epoch balanced_accuracy: 0.550108
EPOCH 50:
VALIDATION
valid epoch balanced_accuracy: 0.551124
EPOCH 51:
VALIDATION
valid epoch balanced_accuracy: 0.546316
EPOCH 52:
VALIDATION
valid epoch balanced_accuracy: 0.533112
EPOCH 53:
VALIDATION
valid epoch balanced_accuracy: 0.535482
EPOCH 54:
VALIDATION
valid epoch balanced_accuracy: 0.508871
EPOCH 55:
VALIDATION
valid epoch balanced_accuracy: 0.521939
EPOCH 56:
VALIDATION
valid epoch balanced_accuracy: 0.531555
EPOCH 57:
VALIDATION
valid epoch balanced_accuracy: 0.490859
EPOCH 58:
VALIDATION
valid epoch balanced_accuracy: 0.518824
EPOCH 59:
VALIDATION
valid epoch balanced_accuracy: 0.524986
EPOCH 60:
VALIDATION
valid epoch balanced_accuracy: 0.507855
EPOCH 61:
VALIDATION
valid epoch balanced_accuracy: 0.530878
EPOCH 62:
VALIDATION
valid epoch balanced_accuracy: 0.527086
EPOCH 63:
VALIDATION
valid epoch balanced_accuracy: 0.526408
EPOCH 64:
VALIDATION
valid epoch balanced_accuracy: 0.504063
EPOCH 65:
VALIDATION
valid epoch balanced_accuracy: 0.543743
EPOCH 66:
VALIDATION
valid epoch balanced_accuracy: 0.515777
EPOCH 67:
VALIDATION
valid epoch balanced_accuracy: 0.518012
EPOCH 68:
VALIDATION
valid epoch balanced_accuracy: 0.537040
EPOCH 69:
VALIDATION
valid epoch balanced_accuracy: 0.562297
EPOCH 70:
VALIDATION
valid epoch balanced_accuracy: 0.508193
EPOCH 71:
VALIDATION
valid epoch balanced_accuracy: 0.538597
EPOCH 72:
VALIDATION
valid epoch balanced_accuracy: 0.514897
EPOCH 73:
VALIDATION
valid epoch balanced_accuracy: 0.482462
EPOCH 74:
VALIDATION
valid epoch balanced_accuracy: 0.497021
EPOCH 75:
VALIDATION
valid epoch balanced_accuracy: 0.532570
EPOCH 76:
VALIDATION
valid epoch balanced_accuracy: 0.508193
EPOCH 77:
VALIDATION
valid epoch balanced_accuracy: 0.535144
EPOCH 78:
VALIDATION
valid epoch balanced_accuracy: 0.513001
EPOCH 79:
VALIDATION
valid epoch balanced_accuracy: 0.554916
EPOCH 80:
VALIDATION
valid epoch balanced_accuracy: 0.506297
EPOCH 81:
VALIDATION
valid epoch balanced_accuracy: 0.529320
EPOCH 82:
VALIDATION
valid epoch balanced_accuracy: 0.524174
EPOCH 83:
VALIDATION
valid epoch balanced_accuracy: 0.510428
EPOCH 84:
VALIDATION
valid epoch balanced_accuracy: 0.499458
EPOCH 85:
VALIDATION
valid epoch balanced_accuracy: 0.515574
EPOCH 86:
VALIDATION
valid epoch balanced_accuracy: 0.457002
EPOCH 87:
VALIDATION
valid epoch balanced_accuracy: 0.524716
EPOCH 88:
VALIDATION
valid epoch balanced_accuracy: 0.569339
EPOCH 89:
VALIDATION
valid epoch balanced_accuracy: 0.541509
EPOCH 90:
VALIDATION
valid epoch balanced_accuracy: 0.532774
EPOCH 91:
VALIDATION
valid epoch balanced_accuracy: 0.539274
EPOCH 92:
VALIDATION
valid epoch balanced_accuracy: 0.551124
EPOCH 93:
VALIDATION
valid epoch balanced_accuracy: 0.515913
EPOCH 94:
VALIDATION
valid epoch balanced_accuracy: 0.527086
EPOCH 95:
VALIDATION
valid epoch balanced_accuracy: 0.557828
EPOCH 96:
VALIDATION
valid epoch balanced_accuracy: 0.537920
EPOCH 97:
VALIDATION
valid epoch balanced_accuracy: 0.529659
EPOCH 98:
VALIDATION
valid epoch balanced_accuracy: 0.511444
EPOCH 99:
VALIDATION
valid epoch balanced_accuracy: 0.543066
EPOCH 100:
VALIDATION
valid epoch balanced_accuracy: 0.532232
EPOCH 101:
VALIDATION
valid epoch balanced_accuracy: 0.545978
EPOCH 102:
VALIDATION
valid epoch balanced_accuracy: 0.571574
EPOCH 103:
VALIDATION
valid epoch balanced_accuracy: 0.514897
EPOCH 104:
VALIDATION
valid epoch balanced_accuracy: 0.557489
EPOCH 105:
VALIDATION
valid epoch balanced_accuracy: 0.497224
EPOCH 106:
VALIDATION
valid epoch balanced_accuracy: 0.579293
EPOCH 107:
VALIDATION
valid epoch balanced_accuracy: 0.569136
EPOCH 108:
VALIDATION
valid epoch balanced_accuracy: 0.522616
EPOCH 109:
VALIDATION
valid epoch balanced_accuracy: 0.610374
EPOCH 110:
VALIDATION
valid epoch balanced_accuracy: 0.546655
EPOCH 111:
VALIDATION
valid epoch balanced_accuracy: 0.473998
EPOCH 112:
VALIDATION
valid epoch balanced_accuracy: 0.508735
EPOCH 113:
VALIDATION
valid epoch balanced_accuracy: 0.541170
EPOCH 114:
VALIDATION
valid epoch balanced_accuracy: 0.524851
EPOCH 115:
VALIDATION
valid epoch balanced_accuracy: 0.530336
EPOCH 116:
VALIDATION
valid epoch balanced_accuracy: 0.511647
EPOCH 117:
VALIDATION
valid epoch balanced_accuracy: 0.500813
EPOCH 118:
VALIDATION
valid epoch balanced_accuracy: 0.544420
EPOCH 119:
VALIDATION
valid epoch balanced_accuracy: 0.536024
EPOCH 120:
VALIDATION
valid epoch balanced_accuracy: 0.511647
EPOCH 121:
VALIDATION
valid epoch balanced_accuracy: 0.560401
EPOCH 122:
VALIDATION
valid epoch balanced_accuracy: 0.504266
EPOCH 123:
VALIDATION
valid epoch balanced_accuracy: 0.546316
EPOCH 124:
VALIDATION
valid epoch balanced_accuracy: 0.544420
EPOCH 125:
VALIDATION
valid epoch balanced_accuracy: 0.545639
EPOCH 126:
VALIDATION
valid epoch balanced_accuracy: 0.525867
EPOCH 127:
VALIDATION
valid epoch balanced_accuracy: 0.536024
EPOCH 128:
VALIDATION
valid epoch balanced_accuracy: 0.533112
EPOCH 129:
VALIDATION
valid epoch balanced_accuracy: 0.530336
EPOCH 130:
VALIDATION
valid epoch balanced_accuracy: 0.535685
EPOCH 131:
VALIDATION
valid epoch balanced_accuracy: 0.548889
EPOCH 132:
VALIDATION
valid epoch balanced_accuracy: 0.532232
EPOCH 133:
VALIDATION
valid epoch balanced_accuracy: 0.545639
EPOCH 134:
VALIDATION
valid epoch balanced_accuracy: 0.560062
EPOCH 135:
VALIDATION
valid epoch balanced_accuracy: 0.536024
EPOCH 136:
VALIDATION
valid epoch balanced_accuracy: 0.514355
EPOCH 137:
VALIDATION
valid epoch balanced_accuracy: 0.483478
EPOCH 138:
VALIDATION
valid epoch balanced_accuracy: 0.568323
EPOCH 139:
VALIDATION
valid epoch balanced_accuracy: 0.517132
EPOCH 140:
VALIDATION
valid epoch balanced_accuracy: 0.515913
EPOCH 141:
VALIDATION
valid epoch balanced_accuracy: 0.513881
EPOCH 142:
VALIDATION
valid epoch balanced_accuracy: 0.533586
EPOCH 143:
VALIDATION
valid epoch balanced_accuracy: 0.533789
EPOCH 144:
VALIDATION
valid epoch balanced_accuracy: 0.531555
EPOCH 145:
VALIDATION
valid epoch balanced_accuracy: 0.564531
EPOCH 146:
VALIDATION
valid epoch balanced_accuracy: 0.563651
EPOCH 147:
VALIDATION
valid epoch balanced_accuracy: 0.527966
EPOCH 148:
VALIDATION
valid epoch balanced_accuracy: 0.547874
EPOCH 149:
VALIDATION
valid epoch balanced_accuracy: 0.514897
EPOCH 150:
VALIDATION
valid epoch balanced_accuracy: 0.520924
accuracy: 0.628571
sensitivity: 0.890000
precision: 0.622378
specificity: 0.280000
IoU: 0.577922
FAR: 0.720000
F1: 0.732510
balanced_accuracy: 0.585000
loss: 0.703577
