Waiting for exclusive access to GPU GPU-db1286d2-1756-1fab-7ed7-e31603635604.
=== GROUP: GLTP | VARIANT: bbp_nps3mlp_dpt01_gm_mlpplmopt | SEED: 1 | GPU: NVIDIA H200 ===

number of parameters : 4501286
train : (1350, 12)
valid : (81, 12)
test : (81, 12)
class weights : [1.0, 1.0]
balanced batches : 85 per epoch covering all 1350 train rows, target 8 positive + 8 unlabeled
data extracted
EPOCH 1:
VALIDATION
valid epoch balanced_accuracy: 0.172256
EPOCH 2:
VALIDATION
valid epoch balanced_accuracy: 0.184146
EPOCH 3:
VALIDATION
valid epoch balanced_accuracy: 0.232622
EPOCH 4:
VALIDATION
valid epoch balanced_accuracy: 0.184146
EPOCH 5:
VALIDATION
valid epoch balanced_accuracy: 0.305793
EPOCH 6:
VALIDATION
valid epoch balanced_accuracy: 0.293598
EPOCH 7:
VALIDATION
valid epoch balanced_accuracy: 0.281098
EPOCH 8:
VALIDATION
valid epoch balanced_accuracy: 0.317683
EPOCH 9:
VALIDATION
valid epoch balanced_accuracy: 0.366463
EPOCH 10:
VALIDATION
valid epoch balanced_accuracy: 0.342378
EPOCH 11:
VALIDATION
valid epoch balanced_accuracy: 0.318598
EPOCH 12:
VALIDATION
valid epoch balanced_accuracy: 0.342378
EPOCH 13:
VALIDATION
valid epoch balanced_accuracy: 0.342073
EPOCH 14:
VALIDATION
valid epoch balanced_accuracy: 0.342378
EPOCH 15:
VALIDATION
valid epoch balanced_accuracy: 0.354573
EPOCH 16:
VALIDATION
valid epoch balanced_accuracy: 0.378659
EPOCH 17:
VALIDATION
valid epoch balanced_accuracy: 0.403354
EPOCH 18:
VALIDATION
valid epoch balanced_accuracy: 0.269512
EPOCH 19:
VALIDATION
valid epoch balanced_accuracy: 0.293902
EPOCH 20:
VALIDATION
valid epoch balanced_accuracy: 0.378354
EPOCH 21:
VALIDATION
valid epoch balanced_accuracy: 0.367073
EPOCH 22:
VALIDATION
valid epoch balanced_accuracy: 0.329573
EPOCH 23:
VALIDATION
valid epoch balanced_accuracy: 0.390854
EPOCH 24:
VALIDATION
valid epoch balanced_accuracy: 0.427134
EPOCH 25:
VALIDATION
valid epoch balanced_accuracy: 0.366768
EPOCH 26:
VALIDATION
valid epoch balanced_accuracy: 0.390549
EPOCH 27:
VALIDATION
valid epoch balanced_accuracy: 0.366463
EPOCH 28:
VALIDATION
valid epoch balanced_accuracy: 0.403354
EPOCH 29:
VALIDATION
valid epoch balanced_accuracy: 0.402439
EPOCH 30:
VALIDATION
valid epoch balanced_accuracy: 0.329878
EPOCH 31:
VALIDATION
valid epoch balanced_accuracy: 0.342073
EPOCH 32:
VALIDATION
valid epoch balanced_accuracy: 0.330183
EPOCH 33:
VALIDATION
valid epoch balanced_accuracy: 0.415244
EPOCH 34:
VALIDATION
valid epoch balanced_accuracy: 0.403963
EPOCH 35:
VALIDATION
valid epoch balanced_accuracy: 0.428354
EPOCH 36:
VALIDATION
valid epoch balanced_accuracy: 0.440549
EPOCH 37:
VALIDATION
valid epoch balanced_accuracy: 0.379573
EPOCH 38:
VALIDATION
valid epoch balanced_accuracy: 0.427134
EPOCH 39:
VALIDATION
valid epoch balanced_accuracy: 0.452744
EPOCH 40:
VALIDATION
valid epoch balanced_accuracy: 0.439939
EPOCH 41:
VALIDATION
valid epoch balanced_accuracy: 0.489024
EPOCH 42:
VALIDATION
valid epoch balanced_accuracy: 0.378963
EPOCH 43:
VALIDATION
valid epoch balanced_accuracy: 0.391768
EPOCH 44:
VALIDATION
valid epoch balanced_accuracy: 0.403354
EPOCH 45:
VALIDATION
valid epoch balanced_accuracy: 0.427134
EPOCH 46:
VALIDATION
valid epoch balanced_accuracy: 0.415549
EPOCH 47:
VALIDATION
valid epoch balanced_accuracy: 0.415244
EPOCH 48:
VALIDATION
valid epoch balanced_accuracy: 0.415244
EPOCH 49:
VALIDATION
valid epoch balanced_accuracy: 0.415549
EPOCH 50:
VALIDATION
valid epoch balanced_accuracy: 0.500915
EPOCH 51:
VALIDATION
valid epoch balanced_accuracy: 0.329573
EPOCH 52:
VALIDATION
valid epoch balanced_accuracy: 0.415549
EPOCH 53:
VALIDATION
valid epoch balanced_accuracy: 0.415549
EPOCH 54:
VALIDATION
valid epoch balanced_accuracy: 0.403354
EPOCH 55:
VALIDATION
valid epoch balanced_accuracy: 0.391159
EPOCH 56:
VALIDATION
valid epoch balanced_accuracy: 0.391159
EPOCH 57:
VALIDATION
valid epoch balanced_accuracy: 0.439939
EPOCH 58:
VALIDATION
valid epoch balanced_accuracy: 0.391159
EPOCH 59:
VALIDATION
valid epoch balanced_accuracy: 0.402744
EPOCH 60:
VALIDATION
valid epoch balanced_accuracy: 0.378963
EPOCH 61:
VALIDATION
valid epoch balanced_accuracy: 0.416159
EPOCH 62:
VALIDATION
valid epoch balanced_accuracy: 0.366768
EPOCH 63:
VALIDATION
valid epoch balanced_accuracy: 0.366159
EPOCH 64:
VALIDATION
valid epoch balanced_accuracy: 0.392988
EPOCH 65:
VALIDATION
valid epoch balanced_accuracy: 0.378354
EPOCH 66:
VALIDATION
valid epoch balanced_accuracy: 0.378659
EPOCH 67:
VALIDATION
valid epoch balanced_accuracy: 0.414939
EPOCH 68:
VALIDATION
valid epoch balanced_accuracy: 0.366159
EPOCH 69:
VALIDATION
valid epoch balanced_accuracy: 0.366768
EPOCH 70:
VALIDATION
valid epoch balanced_accuracy: 0.366463
EPOCH 71:
VALIDATION
valid epoch balanced_accuracy: 0.354268
EPOCH 72:
VALIDATION
valid epoch balanced_accuracy: 0.378963
EPOCH 73:
VALIDATION
valid epoch balanced_accuracy: 0.391463
EPOCH 74:
VALIDATION
valid epoch balanced_accuracy: 0.380183
EPOCH 75:
VALIDATION
valid epoch balanced_accuracy: 0.392683
EPOCH 76:
VALIDATION
valid epoch balanced_accuracy: 0.329573
EPOCH 77:
VALIDATION
valid epoch balanced_accuracy: 0.441463
EPOCH 78:
VALIDATION
valid epoch balanced_accuracy: 0.402744
EPOCH 79:
VALIDATION
valid epoch balanced_accuracy: 0.541768
EPOCH 80:
VALIDATION
valid epoch balanced_accuracy: 0.392073
EPOCH 81:
VALIDATION
valid epoch balanced_accuracy: 0.390549
EPOCH 82:
VALIDATION
valid epoch balanced_accuracy: 0.419512
EPOCH 83:
VALIDATION
valid epoch balanced_accuracy: 0.455488
EPOCH 84:
VALIDATION
valid epoch balanced_accuracy: 0.395732
EPOCH 85:
VALIDATION
valid epoch balanced_accuracy: 0.391768
EPOCH 86:
VALIDATION
valid epoch balanced_accuracy: 0.405183
EPOCH 87:
VALIDATION
valid epoch balanced_accuracy: 0.366463
EPOCH 88:
VALIDATION
valid epoch balanced_accuracy: 0.392073
EPOCH 89:
VALIDATION
valid epoch balanced_accuracy: 0.519512
EPOCH 90:
VALIDATION
valid epoch balanced_accuracy: 0.443293
EPOCH 91:
VALIDATION
valid epoch balanced_accuracy: 0.330488
EPOCH 92:
VALIDATION
valid epoch balanced_accuracy: 0.406098
EPOCH 93:
VALIDATION
valid epoch balanced_accuracy: 0.479268
EPOCH 94:
VALIDATION
valid epoch balanced_accuracy: 0.390854
EPOCH 95:
VALIDATION
valid epoch balanced_accuracy: 0.343902
EPOCH 96:
VALIDATION
valid epoch balanced_accuracy: 0.355183
EPOCH 97:
VALIDATION
valid epoch balanced_accuracy: 0.392683
EPOCH 98:
VALIDATION
valid epoch balanced_accuracy: 0.480488
EPOCH 99:
VALIDATION
valid epoch balanced_accuracy: 0.479573
EPOCH 100:
VALIDATION
valid epoch balanced_accuracy: 0.380488
EPOCH 101:
VALIDATION
valid epoch balanced_accuracy: 0.403963
EPOCH 102:
VALIDATION
valid epoch balanced_accuracy: 0.380488
EPOCH 103:
VALIDATION
valid epoch balanced_accuracy: 0.392378
EPOCH 104:
VALIDATION
valid epoch balanced_accuracy: 0.455488
EPOCH 105:
VALIDATION
valid epoch balanced_accuracy: 0.519817
EPOCH 106:
VALIDATION
valid epoch balanced_accuracy: 0.342683
EPOCH 107:
VALIDATION
valid epoch balanced_accuracy: 0.394207
EPOCH 108:
VALIDATION
valid epoch balanced_accuracy: 0.280793
EPOCH 109:
VALIDATION
valid epoch balanced_accuracy: 0.406402
EPOCH 110:
VALIDATION
valid epoch balanced_accuracy: 0.342683
EPOCH 111:
VALIDATION
valid epoch balanced_accuracy: 0.381098
EPOCH 112:
VALIDATION
valid epoch balanced_accuracy: 0.427744
EPOCH 113:
VALIDATION
valid epoch balanced_accuracy: 0.391159
EPOCH 114:
VALIDATION
valid epoch balanced_accuracy: 0.378963
EPOCH 115:
VALIDATION
valid epoch balanced_accuracy: 0.378963
EPOCH 116:
VALIDATION
valid epoch balanced_accuracy: 0.305488
EPOCH 117:
VALIDATION
valid epoch balanced_accuracy: 0.366463
EPOCH 118:
VALIDATION
valid epoch balanced_accuracy: 0.342683
EPOCH 119:
VALIDATION
valid epoch balanced_accuracy: 0.354268
EPOCH 120:
VALIDATION
valid epoch balanced_accuracy: 0.354268
EPOCH 121:
VALIDATION
valid epoch balanced_accuracy: 0.354268
EPOCH 122:
VALIDATION
valid epoch balanced_accuracy: 0.402744
EPOCH 123:
VALIDATION
valid epoch balanced_accuracy: 0.366159
EPOCH 124:
VALIDATION
valid epoch balanced_accuracy: 0.342683
EPOCH 125:
VALIDATION
valid epoch balanced_accuracy: 0.414634
EPOCH 126:
VALIDATION
valid epoch balanced_accuracy: 0.391159
EPOCH 127:
VALIDATION
valid epoch balanced_accuracy: 0.391159
EPOCH 128:
VALIDATION
valid epoch balanced_accuracy: 0.329878
EPOCH 129:
VALIDATION
valid epoch balanced_accuracy: 0.366768
EPOCH 130:
VALIDATION
valid epoch balanced_accuracy: 0.354573
EPOCH 131:
VALIDATION
valid epoch balanced_accuracy: 0.366159
EPOCH 132:
VALIDATION
valid epoch balanced_accuracy: 0.379268
EPOCH 133:
VALIDATION
valid epoch balanced_accuracy: 0.403049
EPOCH 134:
VALIDATION
valid epoch balanced_accuracy: 0.414939
EPOCH 135:
VALIDATION
valid epoch balanced_accuracy: 0.390244
EPOCH 136:
VALIDATION
valid epoch balanced_accuracy: 0.403049
EPOCH 137:
VALIDATION
valid epoch balanced_accuracy: 0.464024
EPOCH 138:
VALIDATION
valid epoch balanced_accuracy: 0.354878
EPOCH 139:
VALIDATION
valid epoch balanced_accuracy: 0.366159
EPOCH 140:
VALIDATION
valid epoch balanced_accuracy: 0.427134
EPOCH 141:
VALIDATION
valid epoch balanced_accuracy: 0.439024
EPOCH 142:
VALIDATION
valid epoch balanced_accuracy: 0.366159
EPOCH 143:
VALIDATION
valid epoch balanced_accuracy: 0.415244
EPOCH 144:
VALIDATION
valid epoch balanced_accuracy: 0.378659
EPOCH 145:
VALIDATION
valid epoch balanced_accuracy: 0.378659
EPOCH 146:
VALIDATION
valid epoch balanced_accuracy: 0.390854
EPOCH 147:
VALIDATION
valid epoch balanced_accuracy: 0.366463
EPOCH 148:
VALIDATION
valid epoch balanced_accuracy: 0.390549
EPOCH 149:
VALIDATION
valid epoch balanced_accuracy: 0.427134
EPOCH 150:
VALIDATION
valid epoch balanced_accuracy: 0.353963
Discovered surviving group widths (pruned architecture):
  lipid1.attention.FFN.3: 362/384 active
  lipid1.attention.FFN.7: 291/384 active
  protein1.enc_plm.2: 505/768 active
  protein1.enc_plm.5: 151/256 active
  protein1.enc_plm.8: 43/64 active
  protein1.enc_plm.10: 32/32 active
  protein1.attention.FFN.3: 121/384 active
  protein1.attention.FFN.7: 124/384 active
  protein1.mlp.3: 185/384 active
  protein1.mlp.7: 211/384 active
  cross_attention1.lipFFN.3: 350/384 active
  cross_attention1.lipFFN.7: 265/384 active
  cross_attention1.protFFN.3: 194/384 active
  cross_attention1.protFFN.7: 153/384 active
  final_layer.binar.3: 363/384 active
  final_layer.binar.7: 325/384 active
accuracy: 0.407407
sensitivity: 0.365854
precision: 0.405405
specificity: 0.450000
IoU: 0.238095
FAR: 0.550000
F1: 0.384615
balanced_accuracy: 0.407927
loss: 1.185500
