Waiting for exclusive access to GPU GPU-3d901ca2-883a-b37a-1cb7-5e9c28415c30.
=== GROUP: CRAL-TRIO | VARIANT: no_post_sa_3mlp_gelu | SEED: 1 | GPU: Tesla V100-SXM2-32GB ===

number of parameters : 1403982
train : (970, 12)
valid : (180, 12)
test : (181, 12)
class weights : [1.1602870225906372, 0.8786231875419617]
data extracted
EPOCH 1:
VALIDATION
valid epoch balanced_accuracy: 0.401905
EPOCH 2:
VALIDATION
valid epoch balanced_accuracy: 0.449524
EPOCH 3:
VALIDATION
valid epoch balanced_accuracy: 0.523810
EPOCH 4:
VALIDATION
valid epoch balanced_accuracy: 0.608571
EPOCH 5:
VALIDATION
valid epoch balanced_accuracy: 0.580952
EPOCH 6:
VALIDATION
valid epoch balanced_accuracy: 0.636190
EPOCH 7:
VALIDATION
valid epoch balanced_accuracy: 0.574286
EPOCH 8:
VALIDATION
valid epoch balanced_accuracy: 0.615238
EPOCH 9:
VALIDATION
valid epoch balanced_accuracy: 0.699048
EPOCH 10:
VALIDATION
valid epoch balanced_accuracy: 0.682857
EPOCH 11:
VALIDATION
valid epoch balanced_accuracy: 0.675238
EPOCH 12:
VALIDATION
valid epoch balanced_accuracy: 0.588571
EPOCH 13:
VALIDATION
valid epoch balanced_accuracy: 0.532381
EPOCH 14:
VALIDATION
valid epoch balanced_accuracy: 0.612381
EPOCH 15:
VALIDATION
valid epoch balanced_accuracy: 0.505714
EPOCH 16:
VALIDATION
valid epoch balanced_accuracy: 0.661905
EPOCH 17:
VALIDATION
valid epoch balanced_accuracy: 0.546667
EPOCH 18:
VALIDATION
valid epoch balanced_accuracy: 0.674286
EPOCH 19:
VALIDATION
valid epoch balanced_accuracy: 0.502857
EPOCH 20:
VALIDATION
valid epoch balanced_accuracy: 0.581905
EPOCH 21:
VALIDATION
valid epoch balanced_accuracy: 0.632381
EPOCH 22:
VALIDATION
valid epoch balanced_accuracy: 0.695238
EPOCH 23:
VALIDATION
valid epoch balanced_accuracy: 0.675238
EPOCH 24:
VALIDATION
valid epoch balanced_accuracy: 0.614286
EPOCH 25:
VALIDATION
valid epoch balanced_accuracy: 0.653333
EPOCH 26:
VALIDATION
valid epoch balanced_accuracy: 0.613333
EPOCH 27:
VALIDATION
valid epoch balanced_accuracy: 0.552381
EPOCH 28:
VALIDATION
valid epoch balanced_accuracy: 0.628571
EPOCH 29:
VALIDATION
valid epoch balanced_accuracy: 0.554286
EPOCH 30:
VALIDATION
valid epoch balanced_accuracy: 0.660952
EPOCH 31:
VALIDATION
valid epoch balanced_accuracy: 0.719048
EPOCH 32:
VALIDATION
valid epoch balanced_accuracy: 0.699048
EPOCH 33:
VALIDATION
valid epoch balanced_accuracy: 0.679048
EPOCH 34:
VALIDATION
valid epoch balanced_accuracy: 0.645714
EPOCH 35:
VALIDATION
valid epoch balanced_accuracy: 0.692381
EPOCH 36:
VALIDATION
valid epoch balanced_accuracy: 0.681905
EPOCH 37:
VALIDATION
valid epoch balanced_accuracy: 0.604762
EPOCH 38:
VALIDATION
valid epoch balanced_accuracy: 0.640000
EPOCH 39:
VALIDATION
valid epoch balanced_accuracy: 0.607619
EPOCH 40:
VALIDATION
valid epoch balanced_accuracy: 0.677143
EPOCH 41:
VALIDATION
valid epoch balanced_accuracy: 0.658095
EPOCH 42:
VALIDATION
valid epoch balanced_accuracy: 0.611429
EPOCH 43:
VALIDATION
valid epoch balanced_accuracy: 0.629524
EPOCH 44:
VALIDATION
valid epoch balanced_accuracy: 0.616190
EPOCH 45:
VALIDATION
valid epoch balanced_accuracy: 0.683810
EPOCH 46:
VALIDATION
valid epoch balanced_accuracy: 0.600000
EPOCH 47:
VALIDATION
valid epoch balanced_accuracy: 0.607619
EPOCH 48:
VALIDATION
valid epoch balanced_accuracy: 0.645714
EPOCH 49:
VALIDATION
valid epoch balanced_accuracy: 0.648571
EPOCH 50:
VALIDATION
valid epoch balanced_accuracy: 0.623810
EPOCH 51:
VALIDATION
valid epoch balanced_accuracy: 0.625714
EPOCH 52:
VALIDATION
valid epoch balanced_accuracy: 0.662857
EPOCH 53:
VALIDATION
valid epoch balanced_accuracy: 0.703810
EPOCH 54:
VALIDATION
valid epoch balanced_accuracy: 0.654286
EPOCH 55:
VALIDATION
valid epoch balanced_accuracy: 0.616190
EPOCH 56:
VALIDATION
valid epoch balanced_accuracy: 0.651429
EPOCH 57:
VALIDATION
valid epoch balanced_accuracy: 0.636190
EPOCH 58:
VALIDATION
valid epoch balanced_accuracy: 0.648571
EPOCH 59:
VALIDATION
valid epoch balanced_accuracy: 0.649524
EPOCH 60:
VALIDATION
valid epoch balanced_accuracy: 0.663810
EPOCH 61:
VALIDATION
valid epoch balanced_accuracy: 0.536190
EPOCH 62:
VALIDATION
valid epoch balanced_accuracy: 0.718095
EPOCH 63:
VALIDATION
valid epoch balanced_accuracy: 0.559048
EPOCH 64:
VALIDATION
valid epoch balanced_accuracy: 0.605714
EPOCH 65:
VALIDATION
valid epoch balanced_accuracy: 0.669524
EPOCH 66:
VALIDATION
valid epoch balanced_accuracy: 0.644762
EPOCH 67:
VALIDATION
valid epoch balanced_accuracy: 0.641905
EPOCH 68:
VALIDATION
valid epoch balanced_accuracy: 0.632381
EPOCH 69:
VALIDATION
valid epoch balanced_accuracy: 0.643810
EPOCH 70:
VALIDATION
valid epoch balanced_accuracy: 0.611429
EPOCH 71:
VALIDATION
valid epoch balanced_accuracy: 0.631429
EPOCH 72:
VALIDATION
valid epoch balanced_accuracy: 0.665714
EPOCH 73:
VALIDATION
valid epoch balanced_accuracy: 0.585714
EPOCH 74:
VALIDATION
valid epoch balanced_accuracy: 0.658095
EPOCH 75:
VALIDATION
valid epoch balanced_accuracy: 0.623810
EPOCH 76:
VALIDATION
valid epoch balanced_accuracy: 0.620952
EPOCH 77:
VALIDATION
valid epoch balanced_accuracy: 0.586667
EPOCH 78:
VALIDATION
valid epoch balanced_accuracy: 0.533333
EPOCH 79:
VALIDATION
valid epoch balanced_accuracy: 0.586667
EPOCH 80:
VALIDATION
valid epoch balanced_accuracy: 0.665714
EPOCH 81:
VALIDATION
valid epoch balanced_accuracy: 0.603810
EPOCH 82:
VALIDATION
valid epoch balanced_accuracy: 0.640952
EPOCH 83:
VALIDATION
valid epoch balanced_accuracy: 0.651429
EPOCH 84:
VALIDATION
valid epoch balanced_accuracy: 0.660952
EPOCH 85:
VALIDATION
valid epoch balanced_accuracy: 0.622857
EPOCH 86:
VALIDATION
valid epoch balanced_accuracy: 0.591429
EPOCH 87:
VALIDATION
valid epoch balanced_accuracy: 0.621905
EPOCH 88:
VALIDATION
valid epoch balanced_accuracy: 0.634286
EPOCH 89:
VALIDATION
valid epoch balanced_accuracy: 0.603810
EPOCH 90:
VALIDATION
valid epoch balanced_accuracy: 0.584762
EPOCH 91:
VALIDATION
valid epoch balanced_accuracy: 0.594286
EPOCH 92:
VALIDATION
valid epoch balanced_accuracy: 0.632381
EPOCH 93:
VALIDATION
valid epoch balanced_accuracy: 0.678095
EPOCH 94:
VALIDATION
valid epoch balanced_accuracy: 0.666667
EPOCH 95:
VALIDATION
valid epoch balanced_accuracy: 0.593333
EPOCH 96:
VALIDATION
valid epoch balanced_accuracy: 0.596190
EPOCH 97:
VALIDATION
valid epoch balanced_accuracy: 0.670476
EPOCH 98:
VALIDATION
valid epoch balanced_accuracy: 0.649524
EPOCH 99:
VALIDATION
valid epoch balanced_accuracy: 0.642857
EPOCH 100:
VALIDATION
valid epoch balanced_accuracy: 0.651429
EPOCH 101:
VALIDATION
valid epoch balanced_accuracy: 0.636190
EPOCH 102:
VALIDATION
valid epoch balanced_accuracy: 0.646667
EPOCH 103:
VALIDATION
valid epoch balanced_accuracy: 0.644762
EPOCH 104:
VALIDATION
valid epoch balanced_accuracy: 0.619048
EPOCH 105:
VALIDATION
valid epoch balanced_accuracy: 0.624762
EPOCH 106:
VALIDATION
valid epoch balanced_accuracy: 0.663810
EPOCH 107:
VALIDATION
valid epoch balanced_accuracy: 0.639048
EPOCH 108:
VALIDATION
valid epoch balanced_accuracy: 0.623810
EPOCH 109:
VALIDATION
valid epoch balanced_accuracy: 0.633333
EPOCH 110:
VALIDATION
valid epoch balanced_accuracy: 0.644762
EPOCH 111:
VALIDATION
valid epoch balanced_accuracy: 0.639048
EPOCH 112:
VALIDATION
valid epoch balanced_accuracy: 0.650476
EPOCH 113:
VALIDATION
valid epoch balanced_accuracy: 0.601905
EPOCH 114:
VALIDATION
valid epoch balanced_accuracy: 0.646667
EPOCH 115:
VALIDATION
valid epoch balanced_accuracy: 0.604762
EPOCH 116:
VALIDATION
valid epoch balanced_accuracy: 0.609524
EPOCH 117:
VALIDATION
valid epoch balanced_accuracy: 0.632381
EPOCH 118:
VALIDATION
valid epoch balanced_accuracy: 0.657143
EPOCH 119:
VALIDATION
valid epoch balanced_accuracy: 0.619048
EPOCH 120:
VALIDATION
valid epoch balanced_accuracy: 0.662857
EPOCH 121:
VALIDATION
valid epoch balanced_accuracy: 0.621905
EPOCH 122:
VALIDATION
valid epoch balanced_accuracy: 0.635238
EPOCH 123:
VALIDATION
valid epoch balanced_accuracy: 0.640000
EPOCH 124:
VALIDATION
valid epoch balanced_accuracy: 0.633333
EPOCH 125:
VALIDATION
valid epoch balanced_accuracy: 0.632381
EPOCH 126:
VALIDATION
valid epoch balanced_accuracy: 0.626667
EPOCH 127:
VALIDATION
valid epoch balanced_accuracy: 0.632381
EPOCH 128:
VALIDATION
valid epoch balanced_accuracy: 0.625714
EPOCH 129:
VALIDATION
valid epoch balanced_accuracy: 0.600952
EPOCH 130:
VALIDATION
valid epoch balanced_accuracy: 0.641905
EPOCH 131:
VALIDATION
valid epoch balanced_accuracy: 0.628571
EPOCH 132:
VALIDATION
valid epoch balanced_accuracy: 0.640000
EPOCH 133:
VALIDATION
valid epoch balanced_accuracy: 0.623810
EPOCH 134:
VALIDATION
valid epoch balanced_accuracy: 0.639048
EPOCH 135:
VALIDATION
valid epoch balanced_accuracy: 0.659048
EPOCH 136:
VALIDATION
valid epoch balanced_accuracy: 0.627619
EPOCH 137:
VALIDATION
valid epoch balanced_accuracy: 0.614286
EPOCH 138:
VALIDATION
valid epoch balanced_accuracy: 0.621905
EPOCH 139:
VALIDATION
valid epoch balanced_accuracy: 0.642857
EPOCH 140:
VALIDATION
valid epoch balanced_accuracy: 0.628571
EPOCH 141:
VALIDATION
valid epoch balanced_accuracy: 0.664762
EPOCH 142:
VALIDATION
valid epoch balanced_accuracy: 0.573333
EPOCH 143:
VALIDATION
valid epoch balanced_accuracy: 0.691429
EPOCH 144:
VALIDATION
valid epoch balanced_accuracy: 0.669524
EPOCH 145:
VALIDATION
valid epoch balanced_accuracy: 0.640000
EPOCH 146:
VALIDATION
valid epoch balanced_accuracy: 0.642857
EPOCH 147:
VALIDATION
valid epoch balanced_accuracy: 0.680000
EPOCH 148:
VALIDATION
valid epoch balanced_accuracy: 0.672381
EPOCH 149:
VALIDATION
valid epoch balanced_accuracy: 0.671429
EPOCH 150:
VALIDATION
valid epoch balanced_accuracy: 0.619048
accuracy: 0.707182
sensitivity: 0.686869
precision: 0.755556
specificity: 0.731707
IoU: 0.561983
FAR: 0.268293
F1: 0.719577
balanced_accuracy: 0.709288
loss: 0.769191
