Waiting for exclusive access to GPU GPU-d5bb7f78-734e-955a-e73d-007c399f84e6.
=== RERUN | GROUP: GLTP | VARIANT: wd1e5 | SEED: 0 | WEIGHT_DECAY: 0.00001 | GPU: Tesla V100-SXM2-32GB ===

number of parameters : 1075406
train : (1224, 12)
valid : (55, 12)
test : (55, 12)
class weights : [1.1147540807724, 0.9066666960716248]
data extracted
EPOCH 1:
VALIDATION
valid epoch balanced_accuracy: 0.217033
EPOCH 2:
VALIDATION
valid epoch balanced_accuracy: 0.136447
EPOCH 3:
VALIDATION
valid epoch balanced_accuracy: 0.136447
EPOCH 4:
VALIDATION
valid epoch balanced_accuracy: 0.136447
EPOCH 5:
VALIDATION
valid epoch balanced_accuracy: 0.174908
EPOCH 6:
VALIDATION
valid epoch balanced_accuracy: 0.136447
EPOCH 7:
VALIDATION
valid epoch balanced_accuracy: 0.136447
EPOCH 8:
VALIDATION
valid epoch balanced_accuracy: 0.148352
EPOCH 9:
VALIDATION
valid epoch balanced_accuracy: 0.136447
EPOCH 10:
VALIDATION
valid epoch balanced_accuracy: 0.213370
EPOCH 11:
VALIDATION
valid epoch balanced_accuracy: 0.343407
EPOCH 12:
VALIDATION
valid epoch balanced_accuracy: 0.174908
EPOCH 13:
VALIDATION
valid epoch balanced_accuracy: 0.189560
EPOCH 14:
VALIDATION
valid epoch balanced_accuracy: 0.254579
EPOCH 15:
VALIDATION
valid epoch balanced_accuracy: 0.112637
EPOCH 16:
VALIDATION
valid epoch balanced_accuracy: 0.269231
EPOCH 17:
VALIDATION
valid epoch balanced_accuracy: 0.139194
EPOCH 18:
VALIDATION
valid epoch balanced_accuracy: 0.307692
EPOCH 19:
VALIDATION
valid epoch balanced_accuracy: 0.346154
EPOCH 20:
VALIDATION
valid epoch balanced_accuracy: 0.384615
EPOCH 21:
VALIDATION
valid epoch balanced_accuracy: 0.269231
EPOCH 22:
VALIDATION
valid epoch balanced_accuracy: 0.281136
EPOCH 23:
VALIDATION
valid epoch balanced_accuracy: 0.319597
EPOCH 24:
VALIDATION
valid epoch balanced_accuracy: 0.384615
EPOCH 25:
VALIDATION
valid epoch balanced_accuracy: 0.165751
EPOCH 26:
VALIDATION
valid epoch balanced_accuracy: 0.346154
EPOCH 27:
VALIDATION
valid epoch balanced_accuracy: 0.230769
EPOCH 28:
VALIDATION
valid epoch balanced_accuracy: 0.242674
EPOCH 29:
VALIDATION
valid epoch balanced_accuracy: 0.269231
EPOCH 30:
VALIDATION
valid epoch balanced_accuracy: 0.204212
EPOCH 31:
VALIDATION
valid epoch balanced_accuracy: 0.358059
EPOCH 32:
VALIDATION
valid epoch balanced_accuracy: 0.319597
EPOCH 33:
VALIDATION
valid epoch balanced_accuracy: 0.319597
EPOCH 34:
VALIDATION
valid epoch balanced_accuracy: 0.242674
EPOCH 35:
VALIDATION
valid epoch balanced_accuracy: 0.319597
EPOCH 36:
VALIDATION
valid epoch balanced_accuracy: 0.242674
EPOCH 37:
VALIDATION
valid epoch balanced_accuracy: 0.319597
EPOCH 38:
VALIDATION
valid epoch balanced_accuracy: 0.242674
EPOCH 39:
VALIDATION
valid epoch balanced_accuracy: 0.204212
EPOCH 40:
VALIDATION
valid epoch balanced_accuracy: 0.254579
EPOCH 41:
VALIDATION
valid epoch balanced_accuracy: 0.281136
EPOCH 42:
VALIDATION
valid epoch balanced_accuracy: 0.319597
EPOCH 43:
VALIDATION
valid epoch balanced_accuracy: 0.307692
EPOCH 44:
VALIDATION
valid epoch balanced_accuracy: 0.307692
EPOCH 45:
VALIDATION
valid epoch balanced_accuracy: 0.319597
EPOCH 46:
VALIDATION
valid epoch balanced_accuracy: 0.281136
EPOCH 47:
VALIDATION
valid epoch balanced_accuracy: 0.242674
EPOCH 48:
VALIDATION
valid epoch balanced_accuracy: 0.242674
EPOCH 49:
VALIDATION
valid epoch balanced_accuracy: 0.281136
EPOCH 50:
VALIDATION
valid epoch balanced_accuracy: 0.281136
EPOCH 51:
VALIDATION
valid epoch balanced_accuracy: 0.281136
EPOCH 52:
VALIDATION
valid epoch balanced_accuracy: 0.307692
EPOCH 53:
VALIDATION
valid epoch balanced_accuracy: 0.307692
EPOCH 54:
VALIDATION
valid epoch balanced_accuracy: 0.307692
EPOCH 55:
VALIDATION
valid epoch balanced_accuracy: 0.242674
EPOCH 56:
VALIDATION
valid epoch balanced_accuracy: 0.281136
EPOCH 57:
VALIDATION
valid epoch balanced_accuracy: 0.281136
EPOCH 58:
VALIDATION
valid epoch balanced_accuracy: 0.242674
EPOCH 59:
VALIDATION
valid epoch balanced_accuracy: 0.281136
EPOCH 60:
VALIDATION
valid epoch balanced_accuracy: 0.319597
EPOCH 61:
VALIDATION
valid epoch balanced_accuracy: 0.269231
EPOCH 62:
VALIDATION
valid epoch balanced_accuracy: 0.281136
EPOCH 63:
VALIDATION
valid epoch balanced_accuracy: 0.242674
EPOCH 64:
VALIDATION
valid epoch balanced_accuracy: 0.281136
EPOCH 65:
VALIDATION
valid epoch balanced_accuracy: 0.281136
EPOCH 66:
VALIDATION
valid epoch balanced_accuracy: 0.230769
EPOCH 67:
VALIDATION
valid epoch balanced_accuracy: 0.307692
EPOCH 68:
VALIDATION
valid epoch balanced_accuracy: 0.346154
EPOCH 69:
VALIDATION
valid epoch balanced_accuracy: 0.319597
EPOCH 70:
VALIDATION
valid epoch balanced_accuracy: 0.346154
EPOCH 71:
VALIDATION
valid epoch balanced_accuracy: 0.269231
EPOCH 72:
VALIDATION
valid epoch balanced_accuracy: 0.384615
EPOCH 73:
VALIDATION
valid epoch balanced_accuracy: 0.307692
EPOCH 74:
VALIDATION
valid epoch balanced_accuracy: 0.384615
EPOCH 75:
VALIDATION
valid epoch balanced_accuracy: 0.319597
EPOCH 76:
VALIDATION
valid epoch balanced_accuracy: 0.281136
EPOCH 77:
VALIDATION
valid epoch balanced_accuracy: 0.242674
EPOCH 78:
VALIDATION
valid epoch balanced_accuracy: 0.269231
EPOCH 79:
VALIDATION
valid epoch balanced_accuracy: 0.346154
EPOCH 80:
VALIDATION
valid epoch balanced_accuracy: 0.269231
EPOCH 81:
VALIDATION
valid epoch balanced_accuracy: 0.307692
EPOCH 82:
VALIDATION
valid epoch balanced_accuracy: 0.307692
EPOCH 83:
VALIDATION
valid epoch balanced_accuracy: 0.230769
EPOCH 84:
VALIDATION
valid epoch balanced_accuracy: 0.319597
EPOCH 85:
VALIDATION
valid epoch balanced_accuracy: 0.281136
EPOCH 86:
VALIDATION
valid epoch balanced_accuracy: 0.269231
EPOCH 87:
VALIDATION
valid epoch balanced_accuracy: 0.346154
EPOCH 88:
VALIDATION
valid epoch balanced_accuracy: 0.346154
EPOCH 89:
VALIDATION
valid epoch balanced_accuracy: 0.384615
EPOCH 90:
VALIDATION
valid epoch balanced_accuracy: 0.307692
EPOCH 91:
VALIDATION
valid epoch balanced_accuracy: 0.242674
EPOCH 92:
VALIDATION
valid epoch balanced_accuracy: 0.242674
EPOCH 93:
VALIDATION
valid epoch balanced_accuracy: 0.281136
EPOCH 94:
VALIDATION
valid epoch balanced_accuracy: 0.346154
EPOCH 95:
VALIDATION
valid epoch balanced_accuracy: 0.281136
EPOCH 96:
VALIDATION
valid epoch balanced_accuracy: 0.281136
EPOCH 97:
VALIDATION
valid epoch balanced_accuracy: 0.307692
EPOCH 98:
VALIDATION
valid epoch balanced_accuracy: 0.307692
EPOCH 99:
VALIDATION
valid epoch balanced_accuracy: 0.307692
EPOCH 100:
VALIDATION
valid epoch balanced_accuracy: 0.307692
EPOCH 101:
VALIDATION
valid epoch balanced_accuracy: 0.346154
EPOCH 102:
VALIDATION
valid epoch balanced_accuracy: 0.281136
EPOCH 103:
VALIDATION
valid epoch balanced_accuracy: 0.242674
EPOCH 104:
VALIDATION
valid epoch balanced_accuracy: 0.307692
EPOCH 105:
VALIDATION
valid epoch balanced_accuracy: 0.307692
EPOCH 106:
VALIDATION
valid epoch balanced_accuracy: 0.281136
EPOCH 107:
VALIDATION
valid epoch balanced_accuracy: 0.242674
EPOCH 108:
VALIDATION
valid epoch balanced_accuracy: 0.307692
EPOCH 109:
VALIDATION
valid epoch balanced_accuracy: 0.281136
EPOCH 110:
VALIDATION
valid epoch balanced_accuracy: 0.307692
EPOCH 111:
VALIDATION
valid epoch balanced_accuracy: 0.307692
EPOCH 112:
VALIDATION
valid epoch balanced_accuracy: 0.307692
EPOCH 113:
VALIDATION
valid epoch balanced_accuracy: 0.346154
EPOCH 114:
VALIDATION
valid epoch balanced_accuracy: 0.269231
EPOCH 115:
VALIDATION
valid epoch balanced_accuracy: 0.384615
EPOCH 116:
VALIDATION
valid epoch balanced_accuracy: 0.204212
EPOCH 117:
VALIDATION
valid epoch balanced_accuracy: 0.269231
EPOCH 118:
VALIDATION
valid epoch balanced_accuracy: 0.165751
EPOCH 119:
VALIDATION
valid epoch balanced_accuracy: 0.307692
EPOCH 120:
VALIDATION
valid epoch balanced_accuracy: 0.269231
EPOCH 121:
VALIDATION
valid epoch balanced_accuracy: 0.384615
EPOCH 122:
VALIDATION
valid epoch balanced_accuracy: 0.384615
EPOCH 123:
VALIDATION
valid epoch balanced_accuracy: 0.346154
EPOCH 124:
VALIDATION
valid epoch balanced_accuracy: 0.269231
EPOCH 125:
VALIDATION
valid epoch balanced_accuracy: 0.346154
EPOCH 126:
VALIDATION
valid epoch balanced_accuracy: 0.346154
EPOCH 127:
VALIDATION
valid epoch balanced_accuracy: 0.307692
EPOCH 128:
VALIDATION
valid epoch balanced_accuracy: 0.269231
EPOCH 129:
VALIDATION
valid epoch balanced_accuracy: 0.346154
EPOCH 130:
VALIDATION
valid epoch balanced_accuracy: 0.281136
EPOCH 131:
VALIDATION
valid epoch balanced_accuracy: 0.269231
EPOCH 132:
VALIDATION
valid epoch balanced_accuracy: 0.242674
EPOCH 133:
VALIDATION
valid epoch balanced_accuracy: 0.269231
EPOCH 134:
VALIDATION
valid epoch balanced_accuracy: 0.346154
EPOCH 135:
VALIDATION
valid epoch balanced_accuracy: 0.346154
EPOCH 136:
VALIDATION
valid epoch balanced_accuracy: 0.269231
EPOCH 137:
VALIDATION
valid epoch balanced_accuracy: 0.319597
EPOCH 138:
VALIDATION
valid epoch balanced_accuracy: 0.346154
EPOCH 139:
VALIDATION
valid epoch balanced_accuracy: 0.307692
EPOCH 140:
VALIDATION
valid epoch balanced_accuracy: 0.319597
EPOCH 141:
VALIDATION
valid epoch balanced_accuracy: 0.307692
EPOCH 142:
VALIDATION
valid epoch balanced_accuracy: 0.346154
EPOCH 143:
VALIDATION
valid epoch balanced_accuracy: 0.281136
EPOCH 144:
VALIDATION
valid epoch balanced_accuracy: 0.269231
EPOCH 145:
VALIDATION
valid epoch balanced_accuracy: 0.165751
EPOCH 146:
VALIDATION
valid epoch balanced_accuracy: 0.423077
EPOCH 147:
VALIDATION
valid epoch balanced_accuracy: 0.269231
EPOCH 148:
VALIDATION
valid epoch balanced_accuracy: 0.192308
EPOCH 149:
VALIDATION
valid epoch balanced_accuracy: 0.269231
EPOCH 150:
VALIDATION
valid epoch balanced_accuracy: 0.204212
accuracy: 0.236364
sensitivity: 0.000000
precision: 0.000000
specificity: 0.812500
IoU: 0.000000
FAR: 0.187500
F1: 0.000000
balanced_accuracy: 0.406250
loss: 9.231755
