Waiting for exclusive access to GPU GPU-dc4f9df4-a164-f5f6-51ef-afcfa186ef16.
=== GROUP: LBP_BPI_CETP | VARIANT: dropout005 | SEED: 0 | FINAL_DROPOUT: 0.05 | WEIGHT_DECAY: 1e-5 | GPU: NVIDIA A100-PCIE-40GB ===

number of parameters : 1075406
train : (1257, 12)
valid : (38, 12)
test : (39, 12)
class weights : [1.1303956508636475, 0.8965763449668884]
data extracted
EPOCH 1:
VALIDATION
valid epoch balanced_accuracy: 0.500000
EPOCH 2:
VALIDATION
valid epoch balanced_accuracy: 0.500000
EPOCH 3:
VALIDATION
valid epoch balanced_accuracy: 0.685714
EPOCH 4:
VALIDATION
valid epoch balanced_accuracy: 0.500000
EPOCH 5:
VALIDATION
valid epoch balanced_accuracy: 0.650000
EPOCH 6:
VALIDATION
valid epoch balanced_accuracy: 0.500000
EPOCH 7:
VALIDATION
valid epoch balanced_accuracy: 0.750000
EPOCH 8:
VALIDATION
valid epoch balanced_accuracy: 0.700000
EPOCH 9:
VALIDATION
valid epoch balanced_accuracy: 0.500000
EPOCH 10:
VALIDATION
valid epoch balanced_accuracy: 0.750000
EPOCH 11:
VALIDATION
valid epoch balanced_accuracy: 0.564286
EPOCH 12:
VALIDATION
valid epoch balanced_accuracy: 0.600000
EPOCH 13:
VALIDATION
valid epoch balanced_accuracy: 0.864286
EPOCH 14:
VALIDATION
valid epoch balanced_accuracy: 0.782143
EPOCH 15:
VALIDATION
valid epoch balanced_accuracy: 0.842857
EPOCH 16:
VALIDATION
valid epoch balanced_accuracy: 0.864286
EPOCH 17:
VALIDATION
valid epoch balanced_accuracy: 0.828571
EPOCH 18:
VALIDATION
valid epoch balanced_accuracy: 0.864286
EPOCH 19:
VALIDATION
valid epoch balanced_accuracy: 0.775000
EPOCH 20:
VALIDATION
valid epoch balanced_accuracy: 0.828571
EPOCH 21:
VALIDATION
valid epoch balanced_accuracy: 0.864286
EPOCH 22:
VALIDATION
valid epoch balanced_accuracy: 0.860714
EPOCH 23:
VALIDATION
valid epoch balanced_accuracy: 0.860714
EPOCH 24:
VALIDATION
valid epoch balanced_accuracy: 0.575000
EPOCH 25:
VALIDATION
valid epoch balanced_accuracy: 0.814286
EPOCH 26:
VALIDATION
valid epoch balanced_accuracy: 0.796429
EPOCH 27:
VALIDATION
valid epoch balanced_accuracy: 0.846429
EPOCH 28:
VALIDATION
valid epoch balanced_accuracy: 0.846429
EPOCH 29:
VALIDATION
valid epoch balanced_accuracy: 0.810714
EPOCH 30:
VALIDATION
valid epoch balanced_accuracy: 0.775000
EPOCH 31:
VALIDATION
valid epoch balanced_accuracy: 0.810714
EPOCH 32:
VALIDATION
valid epoch balanced_accuracy: 0.792857
EPOCH 33:
VALIDATION
valid epoch balanced_accuracy: 0.860714
EPOCH 34:
VALIDATION
valid epoch balanced_accuracy: 0.810714
EPOCH 35:
VALIDATION
valid epoch balanced_accuracy: 0.878571
EPOCH 36:
VALIDATION
valid epoch balanced_accuracy: 0.760714
EPOCH 37:
VALIDATION
valid epoch balanced_accuracy: 0.775000
EPOCH 38:
VALIDATION
valid epoch balanced_accuracy: 0.725000
EPOCH 39:
VALIDATION
valid epoch balanced_accuracy: 0.771429
EPOCH 40:
VALIDATION
valid epoch balanced_accuracy: 0.864286
EPOCH 41:
VALIDATION
valid epoch balanced_accuracy: 0.725000
EPOCH 42:
VALIDATION
valid epoch balanced_accuracy: 0.846429
EPOCH 43:
VALIDATION
valid epoch balanced_accuracy: 0.792857
EPOCH 44:
VALIDATION
valid epoch balanced_accuracy: 0.828571
EPOCH 45:
VALIDATION
valid epoch balanced_accuracy: 0.728571
EPOCH 46:
VALIDATION
valid epoch balanced_accuracy: 0.728571
EPOCH 47:
VALIDATION
valid epoch balanced_accuracy: 0.742857
EPOCH 48:
VALIDATION
valid epoch balanced_accuracy: 0.760714
EPOCH 49:
VALIDATION
valid epoch balanced_accuracy: 0.825000
EPOCH 50:
VALIDATION
valid epoch balanced_accuracy: 0.757143
EPOCH 51:
VALIDATION
valid epoch balanced_accuracy: 0.810714
EPOCH 52:
VALIDATION
valid epoch balanced_accuracy: 0.775000
EPOCH 53:
VALIDATION
valid epoch balanced_accuracy: 0.642857
EPOCH 54:
VALIDATION
valid epoch balanced_accuracy: 0.810714
EPOCH 55:
VALIDATION
valid epoch balanced_accuracy: 0.775000
EPOCH 56:
VALIDATION
valid epoch balanced_accuracy: 0.675000
EPOCH 57:
VALIDATION
valid epoch balanced_accuracy: 0.807143
EPOCH 58:
VALIDATION
valid epoch balanced_accuracy: 0.660714
EPOCH 59:
VALIDATION
valid epoch balanced_accuracy: 0.757143
EPOCH 60:
VALIDATION
valid epoch balanced_accuracy: 0.775000
EPOCH 61:
VALIDATION
valid epoch balanced_accuracy: 0.675000
EPOCH 62:
VALIDATION
valid epoch balanced_accuracy: 0.725000
EPOCH 63:
VALIDATION
valid epoch balanced_accuracy: 0.807143
EPOCH 64:
VALIDATION
valid epoch balanced_accuracy: 0.775000
EPOCH 65:
VALIDATION
valid epoch balanced_accuracy: 0.710714
EPOCH 66:
VALIDATION
valid epoch balanced_accuracy: 0.842857
EPOCH 67:
VALIDATION
valid epoch balanced_accuracy: 0.825000
EPOCH 68:
VALIDATION
valid epoch balanced_accuracy: 0.675000
EPOCH 69:
VALIDATION
valid epoch balanced_accuracy: 0.725000
EPOCH 70:
VALIDATION
valid epoch balanced_accuracy: 0.825000
EPOCH 71:
VALIDATION
valid epoch balanced_accuracy: 0.775000
EPOCH 72:
VALIDATION
valid epoch balanced_accuracy: 0.825000
EPOCH 73:
VALIDATION
valid epoch balanced_accuracy: 0.842857
EPOCH 74:
VALIDATION
valid epoch balanced_accuracy: 0.807143
EPOCH 75:
VALIDATION
valid epoch balanced_accuracy: 0.739286
EPOCH 76:
VALIDATION
valid epoch balanced_accuracy: 0.842857
EPOCH 77:
VALIDATION
valid epoch balanced_accuracy: 0.789286
EPOCH 78:
VALIDATION
valid epoch balanced_accuracy: 0.660714
EPOCH 79:
VALIDATION
valid epoch balanced_accuracy: 0.789286
EPOCH 80:
VALIDATION
valid epoch balanced_accuracy: 0.703571
EPOCH 81:
VALIDATION
valid epoch balanced_accuracy: 0.707143
EPOCH 82:
VALIDATION
valid epoch balanced_accuracy: 0.825000
EARLY STOPPING: rolling validation balanced accuracy did not improve for 60 epochs and validation loss increased over the same window.
accuracy: 0.846154
sensitivity: 0.814815
precision: 0.956522
specificity: 0.916667
IoU: 0.785714
FAR: 0.083333
F1: 0.880000
balanced_accuracy: 0.865741
loss: 0.429299
