Waiting for exclusive access to GPU GPU-03552530-e0ea-aba8-6e58-1c63bbaea5f4.
=== GROUP: lipocalin | VARIANT: bidir_edges_standard | SEED: 3 | GPU: Tesla V100-SXM2-32GB ===

number of parameters : 1075406
train : (1069, 12)
valid : (131, 12)
test : (131, 12)
class weights : [1.3263027667999268, 0.8025525808334351]
data extracted
EPOCH 1:
VALIDATION
valid epoch balanced_accuracy: 0.500000
EPOCH 2:
VALIDATION
valid epoch balanced_accuracy: 0.528740
EPOCH 3:
VALIDATION
valid epoch balanced_accuracy: 0.465236
EPOCH 4:
VALIDATION
valid epoch balanced_accuracy: 0.513931
EPOCH 5:
VALIDATION
valid epoch balanced_accuracy: 0.492093
EPOCH 6:
VALIDATION
valid epoch balanced_accuracy: 0.541290
EPOCH 7:
VALIDATION
valid epoch balanced_accuracy: 0.610442
EPOCH 8:
VALIDATION
valid epoch balanced_accuracy: 0.516566
EPOCH 9:
VALIDATION
valid epoch balanced_accuracy: 0.564383
EPOCH 10:
VALIDATION
valid epoch balanced_accuracy: 0.599900
EPOCH 11:
VALIDATION
valid epoch balanced_accuracy: 0.622992
EPOCH 12:
VALIDATION
valid epoch balanced_accuracy: 0.612701
EPOCH 13:
VALIDATION
valid epoch balanced_accuracy: 0.615838
EPOCH 14:
VALIDATION
valid epoch balanced_accuracy: 0.640060
EPOCH 15:
VALIDATION
valid epoch balanced_accuracy: 0.643825
EPOCH 16:
VALIDATION
valid epoch balanced_accuracy: 0.604920
EPOCH 17:
VALIDATION
valid epoch balanced_accuracy: 0.617595
EPOCH 18:
VALIDATION
valid epoch balanced_accuracy: 0.665663
EPOCH 19:
VALIDATION
valid epoch balanced_accuracy: 0.626883
EPOCH 20:
VALIDATION
valid epoch balanced_accuracy: 0.666290
EPOCH 21:
VALIDATION
valid epoch balanced_accuracy: 0.598896
EPOCH 22:
VALIDATION
valid epoch balanced_accuracy: 0.641064
EPOCH 23:
VALIDATION
valid epoch balanced_accuracy: 0.627385
EPOCH 24:
VALIDATION
valid epoch balanced_accuracy: 0.642696
EPOCH 25:
VALIDATION
valid epoch balanced_accuracy: 0.583584
EPOCH 26:
VALIDATION
valid epoch balanced_accuracy: 0.603288
EPOCH 27:
VALIDATION
valid epoch balanced_accuracy: 0.583459
EPOCH 28:
VALIDATION
valid epoch balanced_accuracy: 0.602661
EPOCH 29:
VALIDATION
valid epoch balanced_accuracy: 0.646461
EPOCH 30:
VALIDATION
valid epoch balanced_accuracy: 0.595633
EPOCH 31:
VALIDATION
valid epoch balanced_accuracy: 0.606551
EPOCH 32:
VALIDATION
valid epoch balanced_accuracy: 0.638931
EPOCH 33:
VALIDATION
valid epoch balanced_accuracy: 0.602159
EPOCH 34:
VALIDATION
valid epoch balanced_accuracy: 0.638303
EPOCH 35:
VALIDATION
valid epoch balanced_accuracy: 0.625126
EPOCH 36:
VALIDATION
valid epoch balanced_accuracy: 0.614709
EPOCH 37:
VALIDATION
valid epoch balanced_accuracy: 0.558358
EPOCH 38:
VALIDATION
valid epoch balanced_accuracy: 0.617470
EPOCH 39:
VALIDATION
valid epoch balanced_accuracy: 0.580823
EPOCH 40:
VALIDATION
valid epoch balanced_accuracy: 0.644829
EPOCH 41:
VALIDATION
valid epoch balanced_accuracy: 0.626883
EPOCH 42:
VALIDATION
valid epoch balanced_accuracy: 0.598896
EPOCH 43:
VALIDATION
valid epoch balanced_accuracy: 0.614207
EPOCH 44:
VALIDATION
valid epoch balanced_accuracy: 0.604292
EPOCH 45:
VALIDATION
valid epoch balanced_accuracy: 0.584086
EPOCH 46:
VALIDATION
valid epoch balanced_accuracy: 0.661396
EPOCH 47:
VALIDATION
valid epoch balanced_accuracy: 0.606551
EPOCH 48:
VALIDATION
valid epoch balanced_accuracy: 0.563755
EPOCH 49:
VALIDATION
valid epoch balanced_accuracy: 0.590612
EPOCH 50:
VALIDATION
valid epoch balanced_accuracy: 0.621360
EPOCH 51:
VALIDATION
valid epoch balanced_accuracy: 0.617470
EPOCH 52:
VALIDATION
valid epoch balanced_accuracy: 0.619101
EPOCH 53:
VALIDATION
valid epoch balanced_accuracy: 0.664157
EPOCH 54:
VALIDATION
valid epoch balanced_accuracy: 0.547942
EPOCH 55:
VALIDATION
valid epoch balanced_accuracy: 0.642696
EPOCH 56:
VALIDATION
valid epoch balanced_accuracy: 0.606551
EPOCH 57:
VALIDATION
valid epoch balanced_accuracy: 0.610944
EPOCH 58:
VALIDATION
valid epoch balanced_accuracy: 0.613705
EPOCH 59:
VALIDATION
valid epoch balanced_accuracy: 0.588479
EPOCH 60:
VALIDATION
valid epoch balanced_accuracy: 0.605422
EPOCH 61:
VALIDATION
valid epoch balanced_accuracy: 0.612575
EPOCH 62:
VALIDATION
valid epoch balanced_accuracy: 0.636672
EPOCH 63:
VALIDATION
valid epoch balanced_accuracy: 0.610944
EPOCH 64:
VALIDATION
valid epoch balanced_accuracy: 0.600527
EPOCH 65:
VALIDATION
valid epoch balanced_accuracy: 0.603288
EPOCH 66:
VALIDATION
valid epoch balanced_accuracy: 0.588479
EPOCH 67:
VALIDATION
valid epoch balanced_accuracy: 0.609312
EPOCH 68:
VALIDATION
valid epoch balanced_accuracy: 0.627385
EPOCH 69:
VALIDATION
valid epoch balanced_accuracy: 0.546310
EPOCH 70:
VALIDATION
valid epoch balanced_accuracy: 0.532003
EPOCH 71:
VALIDATION
valid epoch balanced_accuracy: 0.618599
EPOCH 72:
VALIDATION
valid epoch balanced_accuracy: 0.603790
EPOCH 73:
VALIDATION
valid epoch balanced_accuracy: 0.647716
EPOCH 74:
VALIDATION
valid epoch balanced_accuracy: 0.661898
EPOCH 75:
VALIDATION
valid epoch balanced_accuracy: 0.616968
EPOCH 76:
VALIDATION
valid epoch balanced_accuracy: 0.638931
EPOCH 77:
VALIDATION
valid epoch balanced_accuracy: 0.630648
EPOCH 78:
VALIDATION
valid epoch balanced_accuracy: 0.619729
EPOCH 79:
VALIDATION
valid epoch balanced_accuracy: 0.632907
EPOCH 80:
VALIDATION
valid epoch balanced_accuracy: 0.625753
EPOCH 81:
VALIDATION
valid epoch balanced_accuracy: 0.650979
EPOCH 82:
VALIDATION
valid epoch balanced_accuracy: 0.648218
EARLY STOPPING: rolling validation balanced accuracy did not improve for 60 epochs and validation loss increased over the same window.
accuracy: 0.633588
sensitivity: 0.452381
precision: 0.431818
specificity: 0.719101
IoU: 0.283582
FAR: 0.280899
F1: 0.441860
balanced_accuracy: 0.585741
loss: 0.820938
