Waiting for exclusive access to GPU GPU-1f970a8d-5ea1-9387-78d9-ee2cd6dc4bab.
=== GROUP: CRAL-TRIO | VARIANT: nps3mlp_nprs | SEED: 4 | GPU: Tesla V100-SXM2-32GB ===

number of parameters : 756358
train : (988, 12)
valid : (172, 12)
test : (171, 12)
class weights : [1.1330275535583496, 0.8949275612831116]
data extracted
EPOCH 1:
VALIDATION
valid epoch balanced_accuracy: 0.500000
EPOCH 2:
VALIDATION
valid epoch balanced_accuracy: 0.514085
EPOCH 3:
VALIDATION
valid epoch balanced_accuracy: 0.552433
EPOCH 4:
VALIDATION
valid epoch balanced_accuracy: 0.644052
EPOCH 5:
VALIDATION
valid epoch balanced_accuracy: 0.576419
EPOCH 6:
VALIDATION
valid epoch balanced_accuracy: 0.569377
EPOCH 7:
VALIDATION
valid epoch balanced_accuracy: 0.600823
EPOCH 8:
VALIDATION
valid epoch balanced_accuracy: 0.543718
EPOCH 9:
VALIDATION
valid epoch balanced_accuracy: 0.553758
EPOCH 10:
VALIDATION
valid epoch balanced_accuracy: 0.575861
EPOCH 11:
VALIDATION
valid epoch balanced_accuracy: 0.575861
EPOCH 12:
VALIDATION
valid epoch balanced_accuracy: 0.629759
EPOCH 13:
VALIDATION
valid epoch balanced_accuracy: 0.529773
EPOCH 14:
VALIDATION
valid epoch balanced_accuracy: 0.560382
EPOCH 15:
VALIDATION
valid epoch balanced_accuracy: 0.601171
EPOCH 16:
VALIDATION
valid epoch balanced_accuracy: 0.503486
EPOCH 17:
VALIDATION
valid epoch balanced_accuracy: 0.584786
EPOCH 18:
VALIDATION
valid epoch balanced_accuracy: 0.665179
EPOCH 19:
VALIDATION
valid epoch balanced_accuracy: 0.577535
EPOCH 20:
VALIDATION
valid epoch balanced_accuracy: 0.531864
EPOCH 21:
VALIDATION
valid epoch balanced_accuracy: 0.546716
EPOCH 22:
VALIDATION
valid epoch balanced_accuracy: 0.542881
EPOCH 23:
VALIDATION
valid epoch balanced_accuracy: 0.557384
EPOCH 24:
VALIDATION
valid epoch balanced_accuracy: 0.492818
EPOCH 25:
VALIDATION
valid epoch balanced_accuracy: 0.587645
EPOCH 26:
VALIDATION
valid epoch balanced_accuracy: 0.621531
EPOCH 27:
VALIDATION
valid epoch balanced_accuracy: 0.628016
EPOCH 28:
VALIDATION
valid epoch balanced_accuracy: 0.551109
EPOCH 29:
VALIDATION
valid epoch balanced_accuracy: 0.600404
EPOCH 30:
VALIDATION
valid epoch balanced_accuracy: 0.559266
EPOCH 31:
VALIDATION
valid epoch balanced_accuracy: 0.545949
EPOCH 32:
VALIDATION
valid epoch balanced_accuracy: 0.649352
EPOCH 33:
VALIDATION
valid epoch balanced_accuracy: 0.594129
EPOCH 34:
VALIDATION
valid epoch balanced_accuracy: 0.540998
EPOCH 35:
VALIDATION
valid epoch balanced_accuracy: 0.586111
EPOCH 36:
VALIDATION
valid epoch balanced_accuracy: 0.556059
EPOCH 37:
VALIDATION
valid epoch balanced_accuracy: 0.575861
EPOCH 38:
VALIDATION
valid epoch balanced_accuracy: 0.586529
EPOCH 39:
VALIDATION
valid epoch balanced_accuracy: 0.574885
EPOCH 40:
VALIDATION
valid epoch balanced_accuracy: 0.594129
EPOCH 41:
VALIDATION
valid epoch balanced_accuracy: 0.491494
EPOCH 42:
VALIDATION
valid epoch balanced_accuracy: 0.605355
EPOCH 43:
VALIDATION
valid epoch balanced_accuracy: 0.590503
EPOCH 44:
VALIDATION
valid epoch balanced_accuracy: 0.604797
EPOCH 45:
VALIDATION
valid epoch balanced_accuracy: 0.436271
EPOCH 46:
VALIDATION
valid epoch balanced_accuracy: 0.599080
EPOCH 47:
VALIDATION
valid epoch balanced_accuracy: 0.613722
EPOCH 48:
VALIDATION
valid epoch balanced_accuracy: 0.530330
EPOCH 49:
VALIDATION
valid epoch balanced_accuracy: 0.535281
EPOCH 50:
VALIDATION
valid epoch balanced_accuracy: 0.501952
EPOCH 51:
VALIDATION
valid epoch balanced_accuracy: 0.611839
EPOCH 52:
VALIDATION
valid epoch balanced_accuracy: 0.570701
EPOCH 53:
VALIDATION
valid epoch balanced_accuracy: 0.563659
EPOCH 54:
VALIDATION
valid epoch balanced_accuracy: 0.526147
EPOCH 55:
VALIDATION
valid epoch balanced_accuracy: 0.533398
EPOCH 56:
VALIDATION
valid epoch balanced_accuracy: 0.497769
EPOCH 57:
VALIDATION
valid epoch balanced_accuracy: 0.565751
EPOCH 58:
VALIDATION
valid epoch balanced_accuracy: 0.550899
EPOCH 59:
VALIDATION
valid epoch balanced_accuracy: 0.595663
EPOCH 60:
VALIDATION
valid epoch balanced_accuracy: 0.607447
EPOCH 61:
VALIDATION
valid epoch balanced_accuracy: 0.564426
EPOCH 62:
VALIDATION
valid epoch balanced_accuracy: 0.592037
EPOCH 63:
VALIDATION
valid epoch balanced_accuracy: 0.485009
EPOCH 64:
VALIDATION
valid epoch balanced_accuracy: 0.627249
EPOCH 65:
VALIDATION
valid epoch balanced_accuracy: 0.660577
EPOCH 66:
VALIDATION
valid epoch balanced_accuracy: 0.658486
EPOCH 67:
VALIDATION
valid epoch balanced_accuracy: 0.569934
EPOCH 68:
VALIDATION
valid epoch balanced_accuracy: 0.616023
EPOCH 69:
VALIDATION
valid epoch balanced_accuracy: 0.590503
EPOCH 70:
VALIDATION
valid epoch balanced_accuracy: 0.635825
EPOCH 71:
VALIDATION
valid epoch balanced_accuracy: 0.573351
EPOCH 72:
VALIDATION
valid epoch balanced_accuracy: 0.591061
EPOCH 73:
VALIDATION
valid epoch balanced_accuracy: 0.617905
EPOCH 74:
VALIDATION
valid epoch balanced_accuracy: 0.489960
EPOCH 75:
VALIDATION
valid epoch balanced_accuracy: 0.616790
EPOCH 76:
VALIDATION
valid epoch balanced_accuracy: 0.550690
EPOCH 77:
VALIDATION
valid epoch balanced_accuracy: 0.597336
EPOCH 78:
VALIDATION
valid epoch balanced_accuracy: 0.561358
EPOCH 79:
VALIDATION
valid epoch balanced_accuracy: 0.478734
EPOCH 80:
VALIDATION
valid epoch balanced_accuracy: 0.583461
EPOCH 81:
VALIDATION
valid epoch balanced_accuracy: 0.611839
EPOCH 82:
VALIDATION
valid epoch balanced_accuracy: 0.613931
EPOCH 83:
VALIDATION
valid epoch balanced_accuracy: 0.582694
EPOCH 84:
VALIDATION
valid epoch balanced_accuracy: 0.526147
EPOCH 85:
VALIDATION
valid epoch balanced_accuracy: 0.541765
EPOCH 86:
VALIDATION
valid epoch balanced_accuracy: 0.587087
EPOCH 87:
VALIDATION
valid epoch balanced_accuracy: 0.583461
EPOCH 88:
VALIDATION
valid epoch balanced_accuracy: 0.511295
EPOCH 89:
VALIDATION
valid epoch balanced_accuracy: 0.486543
EPOCH 90:
VALIDATION
valid epoch balanced_accuracy: 0.593362
EPOCH 91:
VALIDATION
valid epoch balanced_accuracy: 0.492818
EPOCH 92:
VALIDATION
valid epoch balanced_accuracy: 0.489402
EPOCH 93:
VALIDATION
valid epoch balanced_accuracy: 0.602148
EPOCH 94:
VALIDATION
valid epoch balanced_accuracy: 0.606122
EPOCH 95:
VALIDATION
valid epoch balanced_accuracy: 0.506903
EPOCH 96:
VALIDATION
valid epoch balanced_accuracy: 0.573560
EPOCH 97:
VALIDATION
valid epoch balanced_accuracy: 0.640218
EPOCH 98:
VALIDATION
valid epoch balanced_accuracy: 0.566518
EPOCH 99:
VALIDATION
valid epoch balanced_accuracy: 0.553758
EPOCH 100:
VALIDATION
valid epoch balanced_accuracy: 0.559476
EPOCH 101:
VALIDATION
valid epoch balanced_accuracy: 0.555850
EPOCH 102:
VALIDATION
valid epoch balanced_accuracy: 0.563659
EPOCH 103:
VALIDATION
valid epoch balanced_accuracy: 0.503486
EPOCH 104:
VALIDATION
valid epoch balanced_accuracy: 0.526147
EPOCH 105:
VALIDATION
valid epoch balanced_accuracy: 0.570911
EPOCH 106:
VALIDATION
valid epoch balanced_accuracy: 0.551109
EPOCH 107:
VALIDATION
valid epoch balanced_accuracy: 0.540231
EPOCH 108:
VALIDATION
valid epoch balanced_accuracy: 0.497211
EPOCH 109:
VALIDATION
valid epoch balanced_accuracy: 0.454190
EPOCH 110:
VALIDATION
valid epoch balanced_accuracy: 0.556617
EPOCH 111:
VALIDATION
valid epoch balanced_accuracy: 0.561567
EPOCH 112:
VALIDATION
valid epoch balanced_accuracy: 0.576419
EPOCH 113:
VALIDATION
valid epoch balanced_accuracy: 0.581369
EPOCH 114:
VALIDATION
valid epoch balanced_accuracy: 0.521196
EPOCH 115:
VALIDATION
valid epoch balanced_accuracy: 0.556617
EPOCH 116:
VALIDATION
valid epoch balanced_accuracy: 0.536815
EPOCH 117:
VALIDATION
valid epoch balanced_accuracy: 0.542532
EPOCH 118:
VALIDATION
valid epoch balanced_accuracy: 0.506903
EPOCH 119:
VALIDATION
valid epoch balanced_accuracy: 0.551457
EPOCH 120:
VALIDATION
valid epoch balanced_accuracy: 0.516246
EPOCH 121:
VALIDATION
valid epoch balanced_accuracy: 0.545949
EPOCH 122:
VALIDATION
valid epoch balanced_accuracy: 0.493585
EPOCH 123:
VALIDATION
valid epoch balanced_accuracy: 0.620416
EPOCH 124:
VALIDATION
valid epoch balanced_accuracy: 0.598313
EPOCH 125:
VALIDATION
valid epoch balanced_accuracy: 0.449589
EPOCH 126:
VALIDATION
valid epoch balanced_accuracy: 0.432645
EPOCH 127:
VALIDATION
valid epoch balanced_accuracy: 0.540789
EPOCH 128:
VALIDATION
valid epoch balanced_accuracy: 0.480826
EPOCH 129:
VALIDATION
valid epoch balanced_accuracy: 0.549575
EPOCH 130:
VALIDATION
valid epoch balanced_accuracy: 0.553758
EPOCH 131:
VALIDATION
valid epoch balanced_accuracy: 0.477967
EPOCH 132:
VALIDATION
valid epoch balanced_accuracy: 0.599080
EPOCH 133:
VALIDATION
valid epoch balanced_accuracy: 0.476642
EPOCH 134:
VALIDATION
valid epoch balanced_accuracy: 0.504811
EPOCH 135:
VALIDATION
valid epoch balanced_accuracy: 0.480826
EPOCH 136:
VALIDATION
valid epoch balanced_accuracy: 0.549365
EPOCH 137:
VALIDATION
valid epoch balanced_accuracy: 0.568401
EPOCH 138:
VALIDATION
valid epoch balanced_accuracy: 0.499861
EPOCH 139:
VALIDATION
valid epoch balanced_accuracy: 0.574327
EPOCH 140:
VALIDATION
valid epoch balanced_accuracy: 0.491494
EPOCH 141:
VALIDATION
valid epoch balanced_accuracy: 0.567843
EPOCH 142:
VALIDATION
valid epoch balanced_accuracy: 0.591270
EPOCH 143:
VALIDATION
valid epoch balanced_accuracy: 0.582903
EPOCH 144:
VALIDATION
valid epoch balanced_accuracy: 0.509762
EPOCH 145:
VALIDATION
valid epoch balanced_accuracy: 0.558709
EPOCH 146:
VALIDATION
valid epoch balanced_accuracy: 0.492818
EPOCH 147:
VALIDATION
valid epoch balanced_accuracy: 0.584995
EPOCH 148:
VALIDATION
valid epoch balanced_accuracy: 0.541765
EPOCH 149:
VALIDATION
valid epoch balanced_accuracy: 0.489193
EPOCH 150:
VALIDATION
valid epoch balanced_accuracy: 0.558360
accuracy: 0.596491
sensitivity: 0.543689
precision: 0.717949
specificity: 0.676471
IoU: 0.448000
FAR: 0.323529
F1: 0.618785
balanced_accuracy: 0.610080
loss: 1.449925
