
number of parameters : 756358
train : (970, 12)
valid : (180, 12)
test : (181, 12)
class weights : [1.1602870225906372, 0.8786231875419617]
data extracted
EPOCH 1:
VALIDATION
valid epoch balanced_accuracy: 0.563810
EPOCH 2:
VALIDATION
valid epoch balanced_accuracy: 0.382857
EPOCH 3:
VALIDATION
valid epoch balanced_accuracy: 0.516190
EPOCH 4:
VALIDATION
valid epoch balanced_accuracy: 0.521905
EPOCH 5:
VALIDATION
valid epoch balanced_accuracy: 0.602857
EPOCH 6:
VALIDATION
valid epoch balanced_accuracy: 0.592381
EPOCH 7:
VALIDATION
valid epoch balanced_accuracy: 0.565714
EPOCH 8:
VALIDATION
valid epoch balanced_accuracy: 0.634286
EPOCH 9:
VALIDATION
valid epoch balanced_accuracy: 0.631429
EPOCH 10:
VALIDATION
valid epoch balanced_accuracy: 0.625714
EPOCH 11:
VALIDATION
valid epoch balanced_accuracy: 0.585714
EPOCH 12:
VALIDATION
valid epoch balanced_accuracy: 0.694286
EPOCH 13:
VALIDATION
valid epoch balanced_accuracy: 0.520952
EPOCH 14:
VALIDATION
valid epoch balanced_accuracy: 0.654286
EPOCH 15:
VALIDATION
valid epoch balanced_accuracy: 0.710476
EPOCH 16:
VALIDATION
valid epoch balanced_accuracy: 0.622857
EPOCH 17:
VALIDATION
valid epoch balanced_accuracy: 0.657143
EPOCH 18:
VALIDATION
valid epoch balanced_accuracy: 0.680000
EPOCH 19:
VALIDATION
valid epoch balanced_accuracy: 0.646667
EPOCH 20:
VALIDATION
valid epoch balanced_accuracy: 0.691429
EPOCH 21:
VALIDATION
valid epoch balanced_accuracy: 0.614286
EPOCH 22:
VALIDATION
valid epoch balanced_accuracy: 0.742857
EPOCH 23:
VALIDATION
valid epoch balanced_accuracy: 0.683810
EPOCH 24:
VALIDATION
valid epoch balanced_accuracy: 0.654286
EPOCH 25:
VALIDATION
valid epoch balanced_accuracy: 0.707619
EPOCH 26:
VALIDATION
valid epoch balanced_accuracy: 0.610476
EPOCH 27:
VALIDATION
valid epoch balanced_accuracy: 0.681905
EPOCH 28:
VALIDATION
valid epoch balanced_accuracy: 0.609524
EPOCH 29:
VALIDATION
valid epoch balanced_accuracy: 0.583810
EPOCH 30:
VALIDATION
valid epoch balanced_accuracy: 0.630476
EPOCH 31:
VALIDATION
valid epoch balanced_accuracy: 0.606667
EPOCH 32:
VALIDATION
valid epoch balanced_accuracy: 0.661905
EPOCH 33:
VALIDATION
valid epoch balanced_accuracy: 0.638095
EPOCH 34:
VALIDATION
valid epoch balanced_accuracy: 0.610476
EPOCH 35:
VALIDATION
valid epoch balanced_accuracy: 0.714286
EPOCH 36:
VALIDATION
valid epoch balanced_accuracy: 0.700000
EPOCH 37:
VALIDATION
valid epoch balanced_accuracy: 0.644762
EPOCH 38:
VALIDATION
valid epoch balanced_accuracy: 0.549524
EPOCH 39:
VALIDATION
valid epoch balanced_accuracy: 0.593333
EPOCH 40:
VALIDATION
valid epoch balanced_accuracy: 0.643810
EPOCH 41:
VALIDATION
valid epoch balanced_accuracy: 0.629524
EPOCH 42:
VALIDATION
valid epoch balanced_accuracy: 0.631429
EPOCH 43:
VALIDATION
valid epoch balanced_accuracy: 0.704762
EPOCH 44:
VALIDATION
valid epoch balanced_accuracy: 0.650476
EPOCH 45:
VALIDATION
valid epoch balanced_accuracy: 0.667619
EPOCH 46:
VALIDATION
valid epoch balanced_accuracy: 0.624762
EPOCH 47:
VALIDATION
valid epoch balanced_accuracy: 0.568571
EPOCH 48:
VALIDATION
valid epoch balanced_accuracy: 0.591429
EPOCH 49:
VALIDATION
valid epoch balanced_accuracy: 0.685714
EPOCH 50:
VALIDATION
valid epoch balanced_accuracy: 0.679048
EPOCH 51:
VALIDATION
valid epoch balanced_accuracy: 0.639048
EPOCH 52:
VALIDATION
valid epoch balanced_accuracy: 0.623810
EPOCH 53:
VALIDATION
valid epoch balanced_accuracy: 0.613333
EPOCH 54:
VALIDATION
valid epoch balanced_accuracy: 0.748571
EPOCH 55:
VALIDATION
valid epoch balanced_accuracy: 0.606667
EPOCH 56:
VALIDATION
valid epoch balanced_accuracy: 0.589524
EPOCH 57:
VALIDATION
valid epoch balanced_accuracy: 0.603810
EPOCH 58:
VALIDATION
valid epoch balanced_accuracy: 0.636190
EPOCH 59:
VALIDATION
valid epoch balanced_accuracy: 0.640000
EPOCH 60:
VALIDATION
valid epoch balanced_accuracy: 0.604762
EPOCH 61:
VALIDATION
valid epoch balanced_accuracy: 0.680952
EPOCH 62:
VALIDATION
valid epoch balanced_accuracy: 0.679048
EPOCH 63:
VALIDATION
valid epoch balanced_accuracy: 0.622857
EPOCH 64:
VALIDATION
valid epoch balanced_accuracy: 0.656190
EPOCH 65:
VALIDATION
valid epoch balanced_accuracy: 0.676190
EPOCH 66:
VALIDATION
valid epoch balanced_accuracy: 0.654286
EPOCH 67:
VALIDATION
valid epoch balanced_accuracy: 0.546667
EPOCH 68:
VALIDATION
valid epoch balanced_accuracy: 0.640000
EPOCH 69:
VALIDATION
valid epoch balanced_accuracy: 0.561905
EPOCH 70:
VALIDATION
valid epoch balanced_accuracy: 0.601905
EPOCH 71:
VALIDATION
valid epoch balanced_accuracy: 0.551429
EPOCH 72:
VALIDATION
valid epoch balanced_accuracy: 0.624762
EPOCH 73:
VALIDATION
valid epoch balanced_accuracy: 0.579048
EPOCH 74:
VALIDATION
valid epoch balanced_accuracy: 0.582857
EPOCH 75:
VALIDATION
valid epoch balanced_accuracy: 0.549524
EPOCH 76:
VALIDATION
valid epoch balanced_accuracy: 0.583810
EPOCH 77:
VALIDATION
valid epoch balanced_accuracy: 0.651429
EPOCH 78:
VALIDATION
valid epoch balanced_accuracy: 0.661905
EPOCH 79:
VALIDATION
valid epoch balanced_accuracy: 0.580000
EPOCH 80:
VALIDATION
valid epoch balanced_accuracy: 0.625714
EPOCH 81:
VALIDATION
valid epoch balanced_accuracy: 0.630476
EPOCH 82:
VALIDATION
valid epoch balanced_accuracy: 0.650476
EPOCH 83:
VALIDATION
valid epoch balanced_accuracy: 0.624762
EPOCH 84:
VALIDATION
valid epoch balanced_accuracy: 0.648571
EPOCH 85:
VALIDATION
valid epoch balanced_accuracy: 0.640000
EPOCH 86:
VALIDATION
valid epoch balanced_accuracy: 0.573333
EPOCH 87:
VALIDATION
valid epoch balanced_accuracy: 0.528571
EPOCH 88:
VALIDATION
valid epoch balanced_accuracy: 0.639048
EPOCH 89:
VALIDATION
valid epoch balanced_accuracy: 0.607619
EPOCH 90:
VALIDATION
valid epoch balanced_accuracy: 0.560000
EPOCH 91:
VALIDATION
valid epoch balanced_accuracy: 0.593333
EPOCH 92:
VALIDATION
valid epoch balanced_accuracy: 0.675238
EPOCH 93:
VALIDATION
valid epoch balanced_accuracy: 0.640952
EPOCH 94:
VALIDATION
valid epoch balanced_accuracy: 0.660000
EPOCH 95:
VALIDATION
valid epoch balanced_accuracy: 0.642857
EPOCH 96:
VALIDATION
valid epoch balanced_accuracy: 0.682857
EPOCH 97:
VALIDATION
valid epoch balanced_accuracy: 0.672381
EPOCH 98:
VALIDATION
valid epoch balanced_accuracy: 0.646667
EPOCH 99:
VALIDATION
valid epoch balanced_accuracy: 0.626667
EPOCH 100:
VALIDATION
valid epoch balanced_accuracy: 0.625714
EPOCH 101:
VALIDATION
valid epoch balanced_accuracy: 0.609524
EPOCH 102:
VALIDATION
valid epoch balanced_accuracy: 0.615238
EPOCH 103:
VALIDATION
valid epoch balanced_accuracy: 0.650476
EPOCH 104:
VALIDATION
valid epoch balanced_accuracy: 0.586667
EPOCH 105:
VALIDATION
valid epoch balanced_accuracy: 0.648571
EPOCH 106:
VALIDATION
valid epoch balanced_accuracy: 0.678095
EPOCH 107:
VALIDATION
valid epoch balanced_accuracy: 0.587619
EPOCH 108:
VALIDATION
valid epoch balanced_accuracy: 0.572381
EPOCH 109:
VALIDATION
valid epoch balanced_accuracy: 0.672381
EPOCH 110:
VALIDATION
valid epoch balanced_accuracy: 0.614286
EPOCH 111:
VALIDATION
valid epoch balanced_accuracy: 0.686667
EPOCH 112:
VALIDATION
valid epoch balanced_accuracy: 0.636190
EPOCH 113:
VALIDATION
valid epoch balanced_accuracy: 0.652381
EPOCH 114:
VALIDATION
valid epoch balanced_accuracy: 0.688571
EPOCH 115:
VALIDATION
valid epoch balanced_accuracy: 0.650476
EPOCH 116:
VALIDATION
valid epoch balanced_accuracy: 0.631429
EPOCH 117:
VALIDATION
valid epoch balanced_accuracy: 0.572381
EPOCH 118:
VALIDATION
valid epoch balanced_accuracy: 0.610476
EPOCH 119:
VALIDATION
valid epoch balanced_accuracy: 0.688571
EPOCH 120:
VALIDATION
valid epoch balanced_accuracy: 0.660952
EPOCH 121:
VALIDATION
valid epoch balanced_accuracy: 0.529524
EPOCH 122:
VALIDATION
valid epoch balanced_accuracy: 0.673333
EPOCH 123:
VALIDATION
valid epoch balanced_accuracy: 0.659048
EPOCH 124:
VALIDATION
valid epoch balanced_accuracy: 0.639048
EPOCH 125:
VALIDATION
valid epoch balanced_accuracy: 0.629524
EPOCH 126:
VALIDATION
valid epoch balanced_accuracy: 0.676190
EPOCH 127:
VALIDATION
valid epoch balanced_accuracy: 0.604762
EPOCH 128:
VALIDATION
valid epoch balanced_accuracy: 0.615238
EPOCH 129:
VALIDATION
valid epoch balanced_accuracy: 0.592381
EPOCH 130:
VALIDATION
valid epoch balanced_accuracy: 0.601905
EPOCH 131:
VALIDATION
valid epoch balanced_accuracy: 0.667619
EPOCH 132:
VALIDATION
valid epoch balanced_accuracy: 0.602857
EPOCH 133:
VALIDATION
valid epoch balanced_accuracy: 0.677143
EPOCH 134:
VALIDATION
valid epoch balanced_accuracy: 0.555238
EPOCH 135:
VALIDATION
valid epoch balanced_accuracy: 0.649524
EPOCH 136:
VALIDATION
valid epoch balanced_accuracy: 0.645714
EPOCH 137:
VALIDATION
valid epoch balanced_accuracy: 0.585714
EPOCH 138:
VALIDATION
valid epoch balanced_accuracy: 0.640952
EPOCH 139:
VALIDATION
valid epoch balanced_accuracy: 0.642857
EPOCH 140:
VALIDATION
valid epoch balanced_accuracy: 0.639048
EPOCH 141:
VALIDATION
valid epoch balanced_accuracy: 0.662857
EPOCH 142:
VALIDATION
valid epoch balanced_accuracy: 0.616190
EPOCH 143:
VALIDATION
valid epoch balanced_accuracy: 0.540952
EPOCH 144:
VALIDATION
valid epoch balanced_accuracy: 0.644762
EPOCH 145:
VALIDATION
valid epoch balanced_accuracy: 0.625714
EPOCH 146:
VALIDATION
valid epoch balanced_accuracy: 0.582857
EPOCH 147:
VALIDATION
valid epoch balanced_accuracy: 0.610476
EPOCH 148:
VALIDATION
valid epoch balanced_accuracy: 0.618095
EPOCH 149:
VALIDATION
valid epoch balanced_accuracy: 0.620952
EPOCH 150:
VALIDATION
valid epoch balanced_accuracy: 0.560952
accuracy: 0.756906
sensitivity: 0.818182
precision: 0.757009
specificity: 0.682927
IoU: 0.648000
FAR: 0.317073
F1: 0.786408
balanced_accuracy: 0.750554
loss: 0.712693
