
number of parameters : 1542278
train : (1332, 12)
valid : (90, 12)
test : (90, 12)
class weights : [1.0, 1.0]
balanced batches : 84 per epoch covering all 1332 train rows, target 8 positive + 8 unlabeled
data extracted
EPOCH 1:
VALIDATION
valid epoch balanced_accuracy: 0.485671
EPOCH 2:
VALIDATION
valid epoch balanced_accuracy: 0.584465
EPOCH 3:
VALIDATION
valid epoch balanced_accuracy: 0.548265
EPOCH 4:
VALIDATION
valid epoch balanced_accuracy: 0.576169
EPOCH 5:
VALIDATION
valid epoch balanced_accuracy: 0.587481
EPOCH 6:
VALIDATION
valid epoch balanced_accuracy: 0.588989
EPOCH 7:
VALIDATION
valid epoch balanced_accuracy: 0.542986
EPOCH 8:
VALIDATION
valid epoch balanced_accuracy: 0.559578
EPOCH 9:
VALIDATION
valid epoch balanced_accuracy: 0.600302
EPOCH 10:
VALIDATION
valid epoch balanced_accuracy: 0.525641
EPOCH 11:
VALIDATION
valid epoch balanced_accuracy: 0.564103
EPOCH 12:
VALIDATION
valid epoch balanced_accuracy: 0.598793
EPOCH 13:
VALIDATION
valid epoch balanced_accuracy: 0.690045
EPOCH 14:
VALIDATION
valid epoch balanced_accuracy: 0.625189
EPOCH 15:
VALIDATION
valid epoch balanced_accuracy: 0.667421
EPOCH 16:
VALIDATION
valid epoch balanced_accuracy: 0.649321
EPOCH 17:
VALIDATION
valid epoch balanced_accuracy: 0.626697
EPOCH 18:
VALIDATION
valid epoch balanced_accuracy: 0.779035
EPOCH 19:
VALIDATION
valid epoch balanced_accuracy: 0.714178
EPOCH 20:
VALIDATION
valid epoch balanced_accuracy: 0.741327
EPOCH 21:
VALIDATION
valid epoch balanced_accuracy: 0.664404
EPOCH 22:
VALIDATION
valid epoch balanced_accuracy: 0.715686
EPOCH 23:
VALIDATION
valid epoch balanced_accuracy: 0.667421
EPOCH 24:
VALIDATION
valid epoch balanced_accuracy: 0.658371
EPOCH 25:
VALIDATION
valid epoch balanced_accuracy: 0.792609
EPOCH 26:
VALIDATION
valid epoch balanced_accuracy: 0.779789
EPOCH 27:
VALIDATION
valid epoch balanced_accuracy: 0.740573
EPOCH 28:
VALIDATION
valid epoch balanced_accuracy: 0.821267
EPOCH 29:
VALIDATION
valid epoch balanced_accuracy: 0.677225
EPOCH 30:
VALIDATION
valid epoch balanced_accuracy: 0.639517
EPOCH 31:
VALIDATION
valid epoch balanced_accuracy: 0.671192
EPOCH 32:
VALIDATION
valid epoch balanced_accuracy: 0.677979
EPOCH 33:
VALIDATION
valid epoch balanced_accuracy: 0.674208
EPOCH 34:
VALIDATION
valid epoch balanced_accuracy: 0.690045
EPOCH 35:
VALIDATION
valid epoch balanced_accuracy: 0.751131
EPOCH 36:
VALIDATION
valid epoch balanced_accuracy: 0.622926
EPOCH 37:
VALIDATION
valid epoch balanced_accuracy: 0.690045
EPOCH 38:
VALIDATION
valid epoch balanced_accuracy: 0.649321
EPOCH 39:
VALIDATION
valid epoch balanced_accuracy: 0.684766
EPOCH 40:
VALIDATION
valid epoch balanced_accuracy: 0.674208
EPOCH 41:
VALIDATION
valid epoch balanced_accuracy: 0.702866
EPOCH 42:
VALIDATION
valid epoch balanced_accuracy: 0.660633
EPOCH 43:
VALIDATION
valid epoch balanced_accuracy: 0.654600
EPOCH 44:
VALIDATION
valid epoch balanced_accuracy: 0.753394
EPOCH 45:
VALIDATION
valid epoch balanced_accuracy: 0.680241
EPOCH 46:
VALIDATION
valid epoch balanced_accuracy: 0.665158
EPOCH 47:
VALIDATION
valid epoch balanced_accuracy: 0.668175
EPOCH 48:
VALIDATION
valid epoch balanced_accuracy: 0.693816
EPOCH 49:
VALIDATION
valid epoch balanced_accuracy: 0.699095
EPOCH 50:
VALIDATION
valid epoch balanced_accuracy: 0.785068
EPOCH 51:
VALIDATION
valid epoch balanced_accuracy: 0.684012
EPOCH 52:
VALIDATION
valid epoch balanced_accuracy: 0.674962
EPOCH 53:
VALIDATION
valid epoch balanced_accuracy: 0.680995
EPOCH 54:
VALIDATION
valid epoch balanced_accuracy: 0.649321
EPOCH 55:
VALIDATION
valid epoch balanced_accuracy: 0.738311
EPOCH 56:
VALIDATION
valid epoch balanced_accuracy: 0.645551
EPOCH 57:
VALIDATION
valid epoch balanced_accuracy: 0.674208
EPOCH 58:
VALIDATION
valid epoch balanced_accuracy: 0.728507
EPOCH 59:
VALIDATION
valid epoch balanced_accuracy: 0.721719
EPOCH 60:
VALIDATION
valid epoch balanced_accuracy: 0.680995
EPOCH 61:
VALIDATION
valid epoch balanced_accuracy: 0.712670
EPOCH 62:
VALIDATION
valid epoch balanced_accuracy: 0.702866
EPOCH 63:
VALIDATION
valid epoch balanced_accuracy: 0.754148
EPOCH 64:
VALIDATION
valid epoch balanced_accuracy: 0.667421
EPOCH 65:
VALIDATION
valid epoch balanced_accuracy: 0.696078
EPOCH 66:
VALIDATION
valid epoch balanced_accuracy: 0.665158
EPOCH 67:
VALIDATION
valid epoch balanced_accuracy: 0.741327
EPOCH 68:
VALIDATION
valid epoch balanced_accuracy: 0.718703
EPOCH 69:
VALIDATION
valid epoch balanced_accuracy: 0.773002
EPOCH 70:
VALIDATION
valid epoch balanced_accuracy: 0.664404
EPOCH 71:
VALIDATION
valid epoch balanced_accuracy: 0.655354
EPOCH 72:
VALIDATION
valid epoch balanced_accuracy: 0.718703
EPOCH 73:
VALIDATION
valid epoch balanced_accuracy: 0.705882
EPOCH 74:
VALIDATION
valid epoch balanced_accuracy: 0.626697
EPOCH 75:
VALIDATION
valid epoch balanced_accuracy: 0.687029
EPOCH 76:
VALIDATION
valid epoch balanced_accuracy: 0.687029
EPOCH 77:
VALIDATION
valid epoch balanced_accuracy: 0.652338
EPOCH 78:
VALIDATION
valid epoch balanced_accuracy: 0.687029
EPOCH 79:
VALIDATION
valid epoch balanced_accuracy: 0.658371
EPOCH 80:
VALIDATION
valid epoch balanced_accuracy: 0.677979
EPOCH 81:
VALIDATION
valid epoch balanced_accuracy: 0.696833
EPOCH 82:
VALIDATION
valid epoch balanced_accuracy: 0.655354
EPOCH 83:
VALIDATION
valid epoch balanced_accuracy: 0.642534
EPOCH 84:
VALIDATION
valid epoch balanced_accuracy: 0.734540
EPOCH 85:
VALIDATION
valid epoch balanced_accuracy: 0.683258
EPOCH 86:
VALIDATION
valid epoch balanced_accuracy: 0.610106
EPOCH 87:
VALIDATION
valid epoch balanced_accuracy: 0.725490
EPOCH 88:
VALIDATION
valid epoch balanced_accuracy: 0.635747
EPOCH 89:
VALIDATION
valid epoch balanced_accuracy: 0.645551
EPOCH 90:
VALIDATION
valid epoch balanced_accuracy: 0.601056
EPOCH 91:
VALIDATION
valid epoch balanced_accuracy: 0.664404
EPOCH 92:
VALIDATION
valid epoch balanced_accuracy: 0.697587
EPOCH 93:
VALIDATION
valid epoch balanced_accuracy: 0.625943
EPOCH 94:
VALIDATION
valid epoch balanced_accuracy: 0.680241
EPOCH 95:
VALIDATION
valid epoch balanced_accuracy: 0.671192
EPOCH 96:
VALIDATION
valid epoch balanced_accuracy: 0.680995
EPOCH 97:
VALIDATION
valid epoch balanced_accuracy: 0.699849
EPOCH 98:
VALIDATION
valid epoch balanced_accuracy: 0.690045
EPOCH 99:
VALIDATION
valid epoch balanced_accuracy: 0.680241
EPOCH 100:
VALIDATION
valid epoch balanced_accuracy: 0.680241
EPOCH 101:
VALIDATION
valid epoch balanced_accuracy: 0.681750
EPOCH 102:
VALIDATION
valid epoch balanced_accuracy: 0.680995
EPOCH 103:
VALIDATION
valid epoch balanced_accuracy: 0.785822
EPOCH 104:
VALIDATION
valid epoch balanced_accuracy: 0.693062
EPOCH 105:
VALIDATION
valid epoch balanced_accuracy: 0.687029
EPOCH 106:
VALIDATION
valid epoch balanced_accuracy: 0.671192
EPOCH 107:
VALIDATION
valid epoch balanced_accuracy: 0.654600
EPOCH 108:
VALIDATION
valid epoch balanced_accuracy: 0.708899
EPOCH 109:
VALIDATION
valid epoch balanced_accuracy: 0.671192
EPOCH 110:
VALIDATION
valid epoch balanced_accuracy: 0.677225
EPOCH 111:
VALIDATION
valid epoch balanced_accuracy: 0.750377
EPOCH 112:
VALIDATION
valid epoch balanced_accuracy: 0.619910
EPOCH 113:
VALIDATION
valid epoch balanced_accuracy: 0.623680
EPOCH 114:
VALIDATION
valid epoch balanced_accuracy: 0.642534
EPOCH 115:
VALIDATION
valid epoch balanced_accuracy: 0.648567
EPOCH 116:
VALIDATION
valid epoch balanced_accuracy: 0.690045
EPOCH 117:
VALIDATION
valid epoch balanced_accuracy: 0.687783
EPOCH 118:
VALIDATION
valid epoch balanced_accuracy: 0.648567
EPOCH 119:
VALIDATION
valid epoch balanced_accuracy: 0.641780
EPOCH 120:
VALIDATION
valid epoch balanced_accuracy: 0.709653
EPOCH 121:
VALIDATION
valid epoch balanced_accuracy: 0.715686
EPOCH 122:
VALIDATION
valid epoch balanced_accuracy: 0.715686
EPOCH 123:
VALIDATION
valid epoch balanced_accuracy: 0.693816
EPOCH 124:
VALIDATION
valid epoch balanced_accuracy: 0.725490
EPOCH 125:
VALIDATION
valid epoch balanced_accuracy: 0.616139
EPOCH 126:
VALIDATION
valid epoch balanced_accuracy: 0.655354
EPOCH 127:
VALIDATION
valid epoch balanced_accuracy: 0.712670
EPOCH 128:
VALIDATION
valid epoch balanced_accuracy: 0.667421
EPOCH 129:
VALIDATION
valid epoch balanced_accuracy: 0.642534
EPOCH 130:
VALIDATION
valid epoch balanced_accuracy: 0.683258
EPOCH 131:
VALIDATION
valid epoch balanced_accuracy: 0.684012
EPOCH 132:
VALIDATION
valid epoch balanced_accuracy: 0.644796
EPOCH 133:
VALIDATION
valid epoch balanced_accuracy: 0.708899
EPOCH 134:
VALIDATION
valid epoch balanced_accuracy: 0.702866
EPOCH 135:
VALIDATION
valid epoch balanced_accuracy: 0.670437
EPOCH 136:
VALIDATION
valid epoch balanced_accuracy: 0.686275
EPOCH 137:
VALIDATION
valid epoch balanced_accuracy: 0.693062
EPOCH 138:
VALIDATION
valid epoch balanced_accuracy: 0.664404
EPOCH 139:
VALIDATION
valid epoch balanced_accuracy: 0.628959
EPOCH 140:
VALIDATION
valid epoch balanced_accuracy: 0.667421
EPOCH 141:
VALIDATION
valid epoch balanced_accuracy: 0.636501
EPOCH 142:
VALIDATION
valid epoch balanced_accuracy: 0.558824
EPOCH 143:
VALIDATION
valid epoch balanced_accuracy: 0.638763
EPOCH 144:
VALIDATION
valid epoch balanced_accuracy: 0.705882
EPOCH 145:
VALIDATION
valid epoch balanced_accuracy: 0.680241
EPOCH 146:
VALIDATION
valid epoch balanced_accuracy: 0.628959
EPOCH 147:
VALIDATION
valid epoch balanced_accuracy: 0.687029
EPOCH 148:
VALIDATION
valid epoch balanced_accuracy: 0.667421
EPOCH 149:
VALIDATION
valid epoch balanced_accuracy: 0.683258
EPOCH 150:
VALIDATION
valid epoch balanced_accuracy: 0.590498
accuracy: 0.644444
sensitivity: 0.588235
precision: 0.731707
specificity: 0.717949
IoU: 0.483871
FAR: 0.282051
F1: 0.652174
balanced_accuracy: 0.653092
loss: 0.998323
