
number of parameters : 1403984
train : (1083, 12)
valid : (124, 12)
test : (124, 12)
class weights : [1.0275142192840576, 0.9739208817481995]
data extracted
EPOCH 1:
VALIDATION
valid epoch balanced_accuracy: 0.500000
EPOCH 2:
VALIDATION
valid epoch balanced_accuracy: 0.444196
EPOCH 3:
VALIDATION
valid epoch balanced_accuracy: 0.401786
EPOCH 4:
VALIDATION
valid epoch balanced_accuracy: 0.593750
EPOCH 5:
VALIDATION
valid epoch balanced_accuracy: 0.610119
EPOCH 6:
VALIDATION
valid epoch balanced_accuracy: 0.408482
EPOCH 7:
VALIDATION
valid epoch balanced_accuracy: 0.399554
EPOCH 8:
VALIDATION
valid epoch balanced_accuracy: 0.447917
EPOCH 9:
VALIDATION
valid epoch balanced_accuracy: 0.644345
EPOCH 10:
VALIDATION
valid epoch balanced_accuracy: 0.623512
EPOCH 11:
VALIDATION
valid epoch balanced_accuracy: 0.511905
EPOCH 12:
VALIDATION
valid epoch balanced_accuracy: 0.480655
EPOCH 13:
VALIDATION
valid epoch balanced_accuracy: 0.449405
EPOCH 14:
VALIDATION
valid epoch balanced_accuracy: 0.427827
EPOCH 15:
VALIDATION
valid epoch balanced_accuracy: 0.497024
EPOCH 16:
VALIDATION
valid epoch balanced_accuracy: 0.523065
EPOCH 17:
VALIDATION
valid epoch balanced_accuracy: 0.544643
EPOCH 18:
VALIDATION
valid epoch balanced_accuracy: 0.506696
EPOCH 19:
VALIDATION
valid epoch balanced_accuracy: 0.481399
EPOCH 20:
VALIDATION
valid epoch balanced_accuracy: 0.549107
EPOCH 21:
VALIDATION
valid epoch balanced_accuracy: 0.546875
EPOCH 22:
VALIDATION
valid epoch balanced_accuracy: 0.492560
EPOCH 23:
VALIDATION
valid epoch balanced_accuracy: 0.564732
EPOCH 24:
VALIDATION
valid epoch balanced_accuracy: 0.427083
EPOCH 25:
VALIDATION
valid epoch balanced_accuracy: 0.456101
EPOCH 26:
VALIDATION
valid epoch balanced_accuracy: 0.449405
EPOCH 27:
VALIDATION
valid epoch balanced_accuracy: 0.467262
EPOCH 28:
VALIDATION
valid epoch balanced_accuracy: 0.426339
EPOCH 29:
VALIDATION
valid epoch balanced_accuracy: 0.491071
EPOCH 30:
VALIDATION
valid epoch balanced_accuracy: 0.456101
EPOCH 31:
VALIDATION
valid epoch balanced_accuracy: 0.486607
EPOCH 32:
VALIDATION
valid epoch balanced_accuracy: 0.570685
EPOCH 33:
VALIDATION
valid epoch balanced_accuracy: 0.529762
EPOCH 34:
VALIDATION
valid epoch balanced_accuracy: 0.484375
EPOCH 35:
VALIDATION
valid epoch balanced_accuracy: 0.427083
EPOCH 36:
VALIDATION
valid epoch balanced_accuracy: 0.502232
EPOCH 37:
VALIDATION
valid epoch balanced_accuracy: 0.466518
EPOCH 38:
VALIDATION
valid epoch balanced_accuracy: 0.471726
EPOCH 39:
VALIDATION
valid epoch balanced_accuracy: 0.456101
EPOCH 40:
VALIDATION
valid epoch balanced_accuracy: 0.473958
EPOCH 41:
VALIDATION
valid epoch balanced_accuracy: 0.520833
EPOCH 42:
VALIDATION
valid epoch balanced_accuracy: 0.468750
EPOCH 43:
VALIDATION
valid epoch balanced_accuracy: 0.513393
EPOCH 44:
VALIDATION
valid epoch balanced_accuracy: 0.502232
EPOCH 45:
VALIDATION
valid epoch balanced_accuracy: 0.597470
EPOCH 46:
VALIDATION
valid epoch balanced_accuracy: 0.518601
EPOCH 47:
VALIDATION
valid epoch balanced_accuracy: 0.552083
EPOCH 48:
VALIDATION
valid epoch balanced_accuracy: 0.463542
EPOCH 49:
VALIDATION
valid epoch balanced_accuracy: 0.529018
EPOCH 50:
VALIDATION
valid epoch balanced_accuracy: 0.489583
EPOCH 51:
VALIDATION
valid epoch balanced_accuracy: 0.601935
EPOCH 52:
VALIDATION
valid epoch balanced_accuracy: 0.570685
EPOCH 53:
VALIDATION
valid epoch balanced_accuracy: 0.441220
EPOCH 54:
VALIDATION
valid epoch balanced_accuracy: 0.497768
EPOCH 55:
VALIDATION
valid epoch balanced_accuracy: 0.520833
EPOCH 56:
VALIDATION
valid epoch balanced_accuracy: 0.521577
EPOCH 57:
VALIDATION
valid epoch balanced_accuracy: 0.489583
EPOCH 58:
VALIDATION
valid epoch balanced_accuracy: 0.492560
EPOCH 59:
VALIDATION
valid epoch balanced_accuracy: 0.479167
EPOCH 60:
VALIDATION
valid epoch balanced_accuracy: 0.442708
EPOCH 61:
VALIDATION
valid epoch balanced_accuracy: 0.442708
EPOCH 62:
VALIDATION
valid epoch balanced_accuracy: 0.500000
EPOCH 63:
VALIDATION
valid epoch balanced_accuracy: 0.460565
EPOCH 64:
VALIDATION
valid epoch balanced_accuracy: 0.505952
EPOCH 65:
VALIDATION
valid epoch balanced_accuracy: 0.456845
EPOCH 66:
VALIDATION
valid epoch balanced_accuracy: 0.529018
EPOCH 67:
VALIDATION
valid epoch balanced_accuracy: 0.518601
EPOCH 68:
VALIDATION
valid epoch balanced_accuracy: 0.500000
EPOCH 69:
VALIDATION
valid epoch balanced_accuracy: 0.494792
EPOCH 70:
VALIDATION
valid epoch balanced_accuracy: 0.456101
EPOCH 71:
VALIDATION
valid epoch balanced_accuracy: 0.458333
EPOCH 72:
VALIDATION
valid epoch balanced_accuracy: 0.513393
EPOCH 73:
VALIDATION
valid epoch balanced_accuracy: 0.625744
EPOCH 74:
VALIDATION
valid epoch balanced_accuracy: 0.596726
EPOCH 75:
VALIDATION
valid epoch balanced_accuracy: 0.494792
EPOCH 76:
VALIDATION
valid epoch balanced_accuracy: 0.518601
EPOCH 77:
VALIDATION
valid epoch balanced_accuracy: 0.497768
EPOCH 78:
VALIDATION
valid epoch balanced_accuracy: 0.508185
EPOCH 79:
VALIDATION
valid epoch balanced_accuracy: 0.497768
EPOCH 80:
VALIDATION
valid epoch balanced_accuracy: 0.544643
EPOCH 81:
VALIDATION
valid epoch balanced_accuracy: 0.489583
EPOCH 82:
VALIDATION
valid epoch balanced_accuracy: 0.478423
EPOCH 83:
VALIDATION
valid epoch balanced_accuracy: 0.454613
EPOCH 84:
VALIDATION
valid epoch balanced_accuracy: 0.487351
EPOCH 85:
VALIDATION
valid epoch balanced_accuracy: 0.492560
EPOCH 86:
VALIDATION
valid epoch balanced_accuracy: 0.482143
EPOCH 87:
VALIDATION
valid epoch balanced_accuracy: 0.466518
EPOCH 88:
VALIDATION
valid epoch balanced_accuracy: 0.508185
EPOCH 89:
VALIDATION
valid epoch balanced_accuracy: 0.486607
EPOCH 90:
VALIDATION
valid epoch balanced_accuracy: 0.489583
EPOCH 91:
VALIDATION
valid epoch balanced_accuracy: 0.487351
EPOCH 92:
VALIDATION
valid epoch balanced_accuracy: 0.568452
EPOCH 93:
VALIDATION
valid epoch balanced_accuracy: 0.470982
EPOCH 94:
VALIDATION
valid epoch balanced_accuracy: 0.549851
EPOCH 95:
VALIDATION
valid epoch balanced_accuracy: 0.566964
EPOCH 96:
VALIDATION
valid epoch balanced_accuracy: 0.529018
EPOCH 97:
VALIDATION
valid epoch balanced_accuracy: 0.482887
EPOCH 98:
VALIDATION
valid epoch balanced_accuracy: 0.510417
EPOCH 99:
VALIDATION
valid epoch balanced_accuracy: 0.510417
EPOCH 100:
VALIDATION
valid epoch balanced_accuracy: 0.518601
EPOCH 101:
VALIDATION
valid epoch balanced_accuracy: 0.536458
EPOCH 102:
VALIDATION
valid epoch balanced_accuracy: 0.497024
EPOCH 103:
VALIDATION
valid epoch balanced_accuracy: 0.450893
EPOCH 104:
VALIDATION
valid epoch balanced_accuracy: 0.493304
EPOCH 105:
VALIDATION
valid epoch balanced_accuracy: 0.544643
EPOCH 106:
VALIDATION
valid epoch balanced_accuracy: 0.523810
EPOCH 107:
VALIDATION
valid epoch balanced_accuracy: 0.531250
EPOCH 108:
VALIDATION
valid epoch balanced_accuracy: 0.513393
EPOCH 109:
VALIDATION
valid epoch balanced_accuracy: 0.502976
EPOCH 110:
VALIDATION
valid epoch balanced_accuracy: 0.513393
EPOCH 111:
VALIDATION
valid epoch balanced_accuracy: 0.513393
EPOCH 112:
VALIDATION
valid epoch balanced_accuracy: 0.510417
EPOCH 113:
VALIDATION
valid epoch balanced_accuracy: 0.508185
EPOCH 114:
VALIDATION
valid epoch balanced_accuracy: 0.510417
EPOCH 115:
VALIDATION
valid epoch balanced_accuracy: 0.502976
EPOCH 116:
VALIDATION
valid epoch balanced_accuracy: 0.513393
EPOCH 117:
VALIDATION
valid epoch balanced_accuracy: 0.492560
EPOCH 118:
VALIDATION
valid epoch balanced_accuracy: 0.508185
EPOCH 119:
VALIDATION
valid epoch balanced_accuracy: 0.508185
EPOCH 120:
VALIDATION
valid epoch balanced_accuracy: 0.508185
EPOCH 121:
VALIDATION
valid epoch balanced_accuracy: 0.500000
EPOCH 122:
VALIDATION
valid epoch balanced_accuracy: 0.494792
EPOCH 123:
VALIDATION
valid epoch balanced_accuracy: 0.468750
EPOCH 124:
VALIDATION
valid epoch balanced_accuracy: 0.450893
EPOCH 125:
VALIDATION
valid epoch balanced_accuracy: 0.445685
EPOCH 126:
VALIDATION
valid epoch balanced_accuracy: 0.476935
EPOCH 127:
VALIDATION
valid epoch balanced_accuracy: 0.456101
EPOCH 128:
VALIDATION
valid epoch balanced_accuracy: 0.473958
EPOCH 129:
VALIDATION
valid epoch balanced_accuracy: 0.500744
EPOCH 130:
VALIDATION
valid epoch balanced_accuracy: 0.489583
EPOCH 131:
VALIDATION
valid epoch balanced_accuracy: 0.487351
EPOCH 132:
VALIDATION
valid epoch balanced_accuracy: 0.474702
EPOCH 133:
VALIDATION
valid epoch balanced_accuracy: 0.492560
EPOCH 134:
VALIDATION
valid epoch balanced_accuracy: 0.492560
EPOCH 135:
VALIDATION
valid epoch balanced_accuracy: 0.469494
EPOCH 136:
VALIDATION
valid epoch balanced_accuracy: 0.489583
EPOCH 137:
VALIDATION
valid epoch balanced_accuracy: 0.500744
EPOCH 138:
VALIDATION
valid epoch balanced_accuracy: 0.457589
EPOCH 139:
VALIDATION
valid epoch balanced_accuracy: 0.487351
EPOCH 140:
VALIDATION
valid epoch balanced_accuracy: 0.513393
EPOCH 141:
VALIDATION
valid epoch balanced_accuracy: 0.526042
EPOCH 142:
VALIDATION
valid epoch balanced_accuracy: 0.427083
EPOCH 143:
VALIDATION
valid epoch balanced_accuracy: 0.486607
EPOCH 144:
VALIDATION
valid epoch balanced_accuracy: 0.456101
EPOCH 145:
VALIDATION
valid epoch balanced_accuracy: 0.476935
EPOCH 146:
VALIDATION
valid epoch balanced_accuracy: 0.473958
EPOCH 147:
VALIDATION
valid epoch balanced_accuracy: 0.497768
EPOCH 148:
VALIDATION
valid epoch balanced_accuracy: 0.492560
EPOCH 149:
VALIDATION
valid epoch balanced_accuracy: 0.497768
EPOCH 150:
VALIDATION
valid epoch balanced_accuracy: 0.487351
accuracy: 0.370968
sensitivity: 0.288462
precision: 0.882353
specificity: 0.800000
IoU: 0.277778
FAR: 0.200000
F1: 0.434783
balanced_accuracy: 0.544231
loss: 3.744265
