
number of parameters : 1403984
train : (1095, 12)
valid : (118, 12)
test : (118, 12)
class weights : [1.0157699584960938, 0.9847122430801392]
data extracted
EPOCH 1:
VALIDATION
valid epoch balanced_accuracy: 0.500000
EPOCH 2:
VALIDATION
valid epoch balanced_accuracy: 0.483456
EPOCH 3:
VALIDATION
valid epoch balanced_accuracy: 0.473652
EPOCH 4:
VALIDATION
valid epoch balanced_accuracy: 0.447304
EPOCH 5:
VALIDATION
valid epoch balanced_accuracy: 0.435662
EPOCH 6:
VALIDATION
valid epoch balanced_accuracy: 0.464461
EPOCH 7:
VALIDATION
valid epoch balanced_accuracy: 0.360294
EPOCH 8:
VALIDATION
valid epoch balanced_accuracy: 0.453431
EPOCH 9:
VALIDATION
valid epoch balanced_accuracy: 0.408701
EPOCH 10:
VALIDATION
valid epoch balanced_accuracy: 0.453431
EPOCH 11:
VALIDATION
valid epoch balanced_accuracy: 0.426471
EPOCH 12:
VALIDATION
valid epoch balanced_accuracy: 0.438725
EPOCH 13:
VALIDATION
valid epoch balanced_accuracy: 0.411152
EPOCH 14:
VALIDATION
valid epoch balanced_accuracy: 0.434436
EPOCH 15:
VALIDATION
valid epoch balanced_accuracy: 0.457108
EPOCH 16:
VALIDATION
valid epoch balanced_accuracy: 0.494485
EPOCH 17:
VALIDATION
valid epoch balanced_accuracy: 0.424632
EPOCH 18:
VALIDATION
valid epoch balanced_accuracy: 0.493873
EPOCH 19:
VALIDATION
valid epoch balanced_accuracy: 0.471814
EPOCH 20:
VALIDATION
valid epoch balanced_accuracy: 0.471814
EPOCH 21:
VALIDATION
valid epoch balanced_accuracy: 0.450368
EPOCH 22:
VALIDATION
valid epoch balanced_accuracy: 0.478554
EPOCH 23:
VALIDATION
valid epoch balanced_accuracy: 0.550858
EPOCH 24:
VALIDATION
valid epoch balanced_accuracy: 0.552696
EPOCH 25:
VALIDATION
valid epoch balanced_accuracy: 0.499387
EPOCH 26:
VALIDATION
valid epoch balanced_accuracy: 0.503064
EPOCH 27:
VALIDATION
valid epoch balanced_accuracy: 0.463848
EPOCH 28:
VALIDATION
valid epoch balanced_accuracy: 0.466912
EPOCH 29:
VALIDATION
valid epoch balanced_accuracy: 0.501225
EPOCH 30:
VALIDATION
valid epoch balanced_accuracy: 0.449142
EPOCH 31:
VALIDATION
valid epoch balanced_accuracy: 0.506740
EPOCH 32:
VALIDATION
valid epoch balanced_accuracy: 0.468750
EPOCH 33:
VALIDATION
valid epoch balanced_accuracy: 0.429534
EPOCH 34:
VALIDATION
valid epoch balanced_accuracy: 0.596814
EPOCH 35:
VALIDATION
valid epoch balanced_accuracy: 0.452206
EPOCH 36:
VALIDATION
valid epoch balanced_accuracy: 0.411765
EPOCH 37:
VALIDATION
valid epoch balanced_accuracy: 0.477328
EPOCH 38:
VALIDATION
valid epoch balanced_accuracy: 0.444240
EPOCH 39:
VALIDATION
valid epoch balanced_accuracy: 0.449142
EPOCH 40:
VALIDATION
valid epoch balanced_accuracy: 0.541054
EPOCH 41:
VALIDATION
valid epoch balanced_accuracy: 0.428309
EPOCH 42:
VALIDATION
valid epoch balanced_accuracy: 0.520221
EPOCH 43:
VALIDATION
valid epoch balanced_accuracy: 0.538603
EPOCH 44:
VALIDATION
valid epoch balanced_accuracy: 0.520221
EPOCH 45:
VALIDATION
valid epoch balanced_accuracy: 0.536765
EPOCH 46:
VALIDATION
valid epoch balanced_accuracy: 0.450368
EPOCH 47:
VALIDATION
valid epoch balanced_accuracy: 0.520221
EPOCH 48:
VALIDATION
valid epoch balanced_accuracy: 0.495711
EPOCH 49:
VALIDATION
valid epoch balanced_accuracy: 0.498775
EPOCH 50:
VALIDATION
valid epoch balanced_accuracy: 0.518382
EPOCH 51:
VALIDATION
valid epoch balanced_accuracy: 0.555760
EPOCH 52:
VALIDATION
valid epoch balanced_accuracy: 0.528799
EPOCH 53:
VALIDATION
valid epoch balanced_accuracy: 0.534926
EPOCH 54:
VALIDATION
valid epoch balanced_accuracy: 0.527574
EPOCH 55:
VALIDATION
valid epoch balanced_accuracy: 0.526961
EPOCH 56:
VALIDATION
valid epoch balanced_accuracy: 0.467525
EPOCH 57:
VALIDATION
valid epoch balanced_accuracy: 0.521446
EPOCH 58:
VALIDATION
valid epoch balanced_accuracy: 0.575980
EPOCH 59:
VALIDATION
valid epoch balanced_accuracy: 0.523284
EPOCH 60:
VALIDATION
valid epoch balanced_accuracy: 0.459559
EPOCH 61:
VALIDATION
valid epoch balanced_accuracy: 0.481005
EPOCH 62:
VALIDATION
valid epoch balanced_accuracy: 0.518995
EPOCH 63:
VALIDATION
valid epoch balanced_accuracy: 0.572917
EPOCH 64:
VALIDATION
valid epoch balanced_accuracy: 0.510417
EPOCH 65:
VALIDATION
valid epoch balanced_accuracy: 0.520221
EPOCH 66:
VALIDATION
valid epoch balanced_accuracy: 0.558824
EPOCH 67:
VALIDATION
valid epoch balanced_accuracy: 0.503676
EPOCH 68:
VALIDATION
valid epoch balanced_accuracy: 0.500000
EPOCH 69:
VALIDATION
valid epoch balanced_accuracy: 0.520221
EPOCH 70:
VALIDATION
valid epoch balanced_accuracy: 0.549632
EPOCH 71:
VALIDATION
valid epoch balanced_accuracy: 0.545956
EPOCH 72:
VALIDATION
valid epoch balanced_accuracy: 0.479167
EPOCH 73:
VALIDATION
valid epoch balanced_accuracy: 0.501838
EPOCH 74:
VALIDATION
valid epoch balanced_accuracy: 0.589461
EPOCH 75:
VALIDATION
valid epoch balanced_accuracy: 0.484069
EPOCH 76:
VALIDATION
valid epoch balanced_accuracy: 0.496936
EPOCH 77:
VALIDATION
valid epoch balanced_accuracy: 0.416667
EPOCH 78:
VALIDATION
valid epoch balanced_accuracy: 0.530025
EPOCH 79:
VALIDATION
valid epoch balanced_accuracy: 0.505515
EPOCH 80:
VALIDATION
valid epoch balanced_accuracy: 0.564951
EPOCH 81:
VALIDATION
valid epoch balanced_accuracy: 0.506740
EPOCH 82:
VALIDATION
valid epoch balanced_accuracy: 0.482230
EPOCH 83:
VALIDATION
valid epoch balanced_accuracy: 0.521446
EPOCH 84:
VALIDATION
valid epoch balanced_accuracy: 0.541054
EPOCH 85:
VALIDATION
valid epoch balanced_accuracy: 0.496936
EPOCH 86:
VALIDATION
valid epoch balanced_accuracy: 0.568015
EPOCH 87:
VALIDATION
valid epoch balanced_accuracy: 0.551471
EPOCH 88:
VALIDATION
valid epoch balanced_accuracy: 0.466299
EPOCH 89:
VALIDATION
valid epoch balanced_accuracy: 0.472426
EPOCH 90:
VALIDATION
valid epoch balanced_accuracy: 0.425858
EPOCH 91:
VALIDATION
valid epoch balanced_accuracy: 0.425858
EPOCH 92:
VALIDATION
valid epoch balanced_accuracy: 0.455882
EPOCH 93:
VALIDATION
valid epoch balanced_accuracy: 0.446078
EPOCH 94:
VALIDATION
valid epoch balanced_accuracy: 0.506740
EPOCH 95:
VALIDATION
valid epoch balanced_accuracy: 0.506740
EPOCH 96:
VALIDATION
valid epoch balanced_accuracy: 0.480392
EPOCH 97:
VALIDATION
valid epoch balanced_accuracy: 0.544730
EPOCH 98:
VALIDATION
valid epoch balanced_accuracy: 0.475490
EPOCH 99:
VALIDATION
valid epoch balanced_accuracy: 0.480392
EPOCH 100:
VALIDATION
valid epoch balanced_accuracy: 0.473652
EPOCH 101:
VALIDATION
valid epoch balanced_accuracy: 0.459559
EPOCH 102:
VALIDATION
valid epoch balanced_accuracy: 0.496936
EPOCH 103:
VALIDATION
valid epoch balanced_accuracy: 0.459559
EPOCH 104:
VALIDATION
valid epoch balanced_accuracy: 0.550858
EPOCH 105:
VALIDATION
valid epoch balanced_accuracy: 0.537990
EPOCH 106:
VALIDATION
valid epoch balanced_accuracy: 0.496936
EPOCH 107:
VALIDATION
valid epoch balanced_accuracy: 0.471814
EPOCH 108:
VALIDATION
valid epoch balanced_accuracy: 0.518382
EPOCH 109:
VALIDATION
valid epoch balanced_accuracy: 0.495711
EPOCH 110:
VALIDATION
valid epoch balanced_accuracy: 0.493873
EPOCH 111:
VALIDATION
valid epoch balanced_accuracy: 0.518382
EPOCH 112:
VALIDATION
valid epoch balanced_accuracy: 0.470588
EPOCH 113:
VALIDATION
valid epoch balanced_accuracy: 0.511642
EPOCH 114:
VALIDATION
valid epoch balanced_accuracy: 0.466912
EPOCH 115:
VALIDATION
valid epoch balanced_accuracy: 0.518995
EPOCH 116:
VALIDATION
valid epoch balanced_accuracy: 0.465074
EPOCH 117:
VALIDATION
valid epoch balanced_accuracy: 0.520221
EPOCH 118:
VALIDATION
valid epoch balanced_accuracy: 0.518382
EPOCH 119:
VALIDATION
valid epoch balanced_accuracy: 0.528186
EPOCH 120:
VALIDATION
valid epoch balanced_accuracy: 0.508578
EPOCH 121:
VALIDATION
valid epoch balanced_accuracy: 0.594363
EPOCH 122:
VALIDATION
valid epoch balanced_accuracy: 0.559436
EPOCH 123:
VALIDATION
valid epoch balanced_accuracy: 0.485907
EPOCH 124:
VALIDATION
valid epoch balanced_accuracy: 0.541667
EPOCH 125:
VALIDATION
valid epoch balanced_accuracy: 0.587623
EPOCH 126:
VALIDATION
valid epoch balanced_accuracy: 0.559436
EPOCH 127:
VALIDATION
valid epoch balanced_accuracy: 0.523284
EPOCH 128:
VALIDATION
valid epoch balanced_accuracy: 0.545956
EPOCH 129:
VALIDATION
valid epoch balanced_accuracy: 0.571078
EPOCH 130:
VALIDATION
valid epoch balanced_accuracy: 0.475490
EPOCH 131:
VALIDATION
valid epoch balanced_accuracy: 0.526348
EPOCH 132:
VALIDATION
valid epoch balanced_accuracy: 0.615196
EPOCH 133:
VALIDATION
valid epoch balanced_accuracy: 0.523284
EPOCH 134:
VALIDATION
valid epoch balanced_accuracy: 0.550858
EPOCH 135:
VALIDATION
valid epoch balanced_accuracy: 0.549020
EPOCH 136:
VALIDATION
valid epoch balanced_accuracy: 0.505515
EPOCH 137:
VALIDATION
valid epoch balanced_accuracy: 0.574142
EPOCH 138:
VALIDATION
valid epoch balanced_accuracy: 0.546569
EPOCH 139:
VALIDATION
valid epoch balanced_accuracy: 0.557598
EPOCH 140:
VALIDATION
valid epoch balanced_accuracy: 0.566176
EPOCH 141:
VALIDATION
valid epoch balanced_accuracy: 0.525123
EPOCH 142:
VALIDATION
valid epoch balanced_accuracy: 0.549632
EPOCH 143:
VALIDATION
valid epoch balanced_accuracy: 0.534926
EPOCH 144:
VALIDATION
valid epoch balanced_accuracy: 0.536765
EPOCH 145:
VALIDATION
valid epoch balanced_accuracy: 0.530025
EPOCH 146:
VALIDATION
valid epoch balanced_accuracy: 0.510417
EPOCH 147:
VALIDATION
valid epoch balanced_accuracy: 0.523284
EPOCH 148:
VALIDATION
valid epoch balanced_accuracy: 0.534926
EPOCH 149:
VALIDATION
valid epoch balanced_accuracy: 0.561275
EPOCH 150:
VALIDATION
valid epoch balanced_accuracy: 0.518382
accuracy: 0.516949
sensitivity: 0.418367
precision: 1.000000
specificity: 1.000000
IoU: 0.418367
FAR: 0.000000
F1: 0.589928
balanced_accuracy: 0.709184
loss: 3.308629
