Waiting for exclusive access to GPU GPU-cbe650a6-6a01-7ee8-8bcf-15459195dc19.
=== GROUP: CRAL-TRIO | VARIANT: wd1e4 | SEED: 1 | WEIGHT_DECAY: 0.0001 | GPU: Tesla V100-SXM2-32GB ===

number of parameters : 1075406
train : (974, 12)
valid : (180, 12)
test : (180, 12)
class weights : [1.1540284156799316, 0.8822463750839233]
data extracted
EPOCH 1:
VALIDATION
valid epoch balanced_accuracy: 0.580000
EPOCH 2:
VALIDATION
valid epoch balanced_accuracy: 0.590476
EPOCH 3:
VALIDATION
valid epoch balanced_accuracy: 0.611429
EPOCH 4:
VALIDATION
valid epoch balanced_accuracy: 0.640000
EPOCH 5:
VALIDATION
valid epoch balanced_accuracy: 0.635238
EPOCH 6:
VALIDATION
valid epoch balanced_accuracy: 0.576190
EPOCH 7:
VALIDATION
valid epoch balanced_accuracy: 0.628571
EPOCH 8:
VALIDATION
valid epoch balanced_accuracy: 0.646667
EPOCH 9:
VALIDATION
valid epoch balanced_accuracy: 0.672381
EPOCH 10:
VALIDATION
valid epoch balanced_accuracy: 0.663810
EPOCH 11:
VALIDATION
valid epoch balanced_accuracy: 0.613333
EPOCH 12:
VALIDATION
valid epoch balanced_accuracy: 0.665714
EPOCH 13:
VALIDATION
valid epoch balanced_accuracy: 0.635238
EPOCH 14:
VALIDATION
valid epoch balanced_accuracy: 0.657143
EPOCH 15:
VALIDATION
valid epoch balanced_accuracy: 0.678095
EPOCH 16:
VALIDATION
valid epoch balanced_accuracy: 0.716190
EPOCH 17:
VALIDATION
valid epoch balanced_accuracy: 0.618095
EPOCH 18:
VALIDATION
valid epoch balanced_accuracy: 0.645714
EPOCH 19:
VALIDATION
valid epoch balanced_accuracy: 0.649524
EPOCH 20:
VALIDATION
valid epoch balanced_accuracy: 0.654286
EPOCH 21:
VALIDATION
valid epoch balanced_accuracy: 0.628571
EPOCH 22:
VALIDATION
valid epoch balanced_accuracy: 0.566667
EPOCH 23:
VALIDATION
valid epoch balanced_accuracy: 0.653333
EPOCH 24:
VALIDATION
valid epoch balanced_accuracy: 0.617143
EPOCH 25:
VALIDATION
valid epoch balanced_accuracy: 0.611429
EPOCH 26:
VALIDATION
valid epoch balanced_accuracy: 0.606667
EPOCH 27:
VALIDATION
valid epoch balanced_accuracy: 0.562857
EPOCH 28:
VALIDATION
valid epoch balanced_accuracy: 0.549524
EPOCH 29:
VALIDATION
valid epoch balanced_accuracy: 0.660000
EPOCH 30:
VALIDATION
valid epoch balanced_accuracy: 0.653333
EPOCH 31:
VALIDATION
valid epoch balanced_accuracy: 0.617143
EPOCH 32:
VALIDATION
valid epoch balanced_accuracy: 0.639048
EPOCH 33:
VALIDATION
valid epoch balanced_accuracy: 0.645714
EPOCH 34:
VALIDATION
valid epoch balanced_accuracy: 0.521905
EPOCH 35:
VALIDATION
valid epoch balanced_accuracy: 0.607619
EPOCH 36:
VALIDATION
valid epoch balanced_accuracy: 0.636190
EPOCH 37:
VALIDATION
valid epoch balanced_accuracy: 0.529524
EPOCH 38:
VALIDATION
valid epoch balanced_accuracy: 0.570476
EPOCH 39:
VALIDATION
valid epoch balanced_accuracy: 0.640952
EPOCH 40:
VALIDATION
valid epoch balanced_accuracy: 0.585714
EPOCH 41:
VALIDATION
valid epoch balanced_accuracy: 0.569524
EPOCH 42:
VALIDATION
valid epoch balanced_accuracy: 0.521905
EPOCH 43:
VALIDATION
valid epoch balanced_accuracy: 0.565714
EPOCH 44:
VALIDATION
valid epoch balanced_accuracy: 0.533333
EPOCH 45:
VALIDATION
valid epoch balanced_accuracy: 0.582857
EPOCH 46:
VALIDATION
valid epoch balanced_accuracy: 0.637143
EPOCH 47:
VALIDATION
valid epoch balanced_accuracy: 0.633333
EPOCH 48:
VALIDATION
valid epoch balanced_accuracy: 0.594286
EPOCH 49:
VALIDATION
valid epoch balanced_accuracy: 0.591429
EPOCH 50:
VALIDATION
valid epoch balanced_accuracy: 0.635238
EPOCH 51:
VALIDATION
valid epoch balanced_accuracy: 0.520952
EPOCH 52:
VALIDATION
valid epoch balanced_accuracy: 0.660000
EPOCH 53:
VALIDATION
valid epoch balanced_accuracy: 0.589524
EPOCH 54:
VALIDATION
valid epoch balanced_accuracy: 0.535238
EPOCH 55:
VALIDATION
valid epoch balanced_accuracy: 0.562857
EPOCH 56:
VALIDATION
valid epoch balanced_accuracy: 0.595238
EPOCH 57:
VALIDATION
valid epoch balanced_accuracy: 0.603810
EPOCH 58:
VALIDATION
valid epoch balanced_accuracy: 0.587619
EPOCH 59:
VALIDATION
valid epoch balanced_accuracy: 0.558095
EPOCH 60:
VALIDATION
valid epoch balanced_accuracy: 0.627619
EPOCH 61:
VALIDATION
valid epoch balanced_accuracy: 0.572381
EPOCH 62:
VALIDATION
valid epoch balanced_accuracy: 0.594286
EPOCH 63:
VALIDATION
valid epoch balanced_accuracy: 0.634286
EPOCH 64:
VALIDATION
valid epoch balanced_accuracy: 0.530476
EPOCH 65:
VALIDATION
valid epoch balanced_accuracy: 0.560952
EPOCH 66:
VALIDATION
valid epoch balanced_accuracy: 0.564762
EPOCH 67:
VALIDATION
valid epoch balanced_accuracy: 0.545714
EPOCH 68:
VALIDATION
valid epoch balanced_accuracy: 0.541905
EPOCH 69:
VALIDATION
valid epoch balanced_accuracy: 0.576190
EPOCH 70:
VALIDATION
valid epoch balanced_accuracy: 0.560000
EPOCH 71:
VALIDATION
valid epoch balanced_accuracy: 0.586667
EPOCH 72:
VALIDATION
valid epoch balanced_accuracy: 0.569524
EPOCH 73:
VALIDATION
valid epoch balanced_accuracy: 0.579048
EPOCH 74:
VALIDATION
valid epoch balanced_accuracy: 0.579048
EPOCH 75:
VALIDATION
valid epoch balanced_accuracy: 0.566667
EPOCH 76:
VALIDATION
valid epoch balanced_accuracy: 0.566667
EARLY STOPPING: rolling validation balanced accuracy did not improve for 60 epochs and validation loss increased over the same window.
accuracy: 0.727778
sensitivity: 0.767677
precision: 0.745098
specificity: 0.679012
IoU: 0.608000
FAR: 0.320988
F1: 0.756219
balanced_accuracy: 0.723345
loss: 0.577750
