Waiting for exclusive access to GPU GPU-686f887c-83d7-400a-ba3f-d0dab41dcc04.
=== GROUP: CRAL-TRIO | VARIANT: wd1e5 | SEED: 1 | WEIGHT_DECAY: 0.00001 | GPU: Tesla V100-SXM2-32GB ===

number of parameters : 1075406
train : (974, 12)
valid : (180, 12)
test : (180, 12)
class weights : [1.1540284156799316, 0.8822463750839233]
data extracted
EPOCH 1:
VALIDATION
valid epoch balanced_accuracy: 0.594286
EPOCH 2:
VALIDATION
valid epoch balanced_accuracy: 0.587619
EPOCH 3:
VALIDATION
valid epoch balanced_accuracy: 0.518095
EPOCH 4:
VALIDATION
valid epoch balanced_accuracy: 0.606667
EPOCH 5:
VALIDATION
valid epoch balanced_accuracy: 0.627619
EPOCH 6:
VALIDATION
valid epoch balanced_accuracy: 0.588571
EPOCH 7:
VALIDATION
valid epoch balanced_accuracy: 0.619048
EPOCH 8:
VALIDATION
valid epoch balanced_accuracy: 0.646667
EPOCH 9:
VALIDATION
valid epoch balanced_accuracy: 0.638095
EPOCH 10:
VALIDATION
valid epoch balanced_accuracy: 0.612381
EPOCH 11:
VALIDATION
valid epoch balanced_accuracy: 0.460952
EPOCH 12:
VALIDATION
valid epoch balanced_accuracy: 0.657143
EPOCH 13:
VALIDATION
valid epoch balanced_accuracy: 0.503810
EPOCH 14:
VALIDATION
valid epoch balanced_accuracy: 0.536190
EPOCH 15:
VALIDATION
valid epoch balanced_accuracy: 0.507619
EPOCH 16:
VALIDATION
valid epoch balanced_accuracy: 0.639048
EPOCH 17:
VALIDATION
valid epoch balanced_accuracy: 0.423810
EPOCH 18:
VALIDATION
valid epoch balanced_accuracy: 0.477143
EPOCH 19:
VALIDATION
valid epoch balanced_accuracy: 0.539048
EPOCH 20:
VALIDATION
valid epoch balanced_accuracy: 0.581905
EPOCH 21:
VALIDATION
valid epoch balanced_accuracy: 0.590476
EPOCH 22:
VALIDATION
valid epoch balanced_accuracy: 0.628571
EPOCH 23:
VALIDATION
valid epoch balanced_accuracy: 0.562857
EPOCH 24:
VALIDATION
valid epoch balanced_accuracy: 0.623810
EPOCH 25:
VALIDATION
valid epoch balanced_accuracy: 0.590476
EPOCH 26:
VALIDATION
valid epoch balanced_accuracy: 0.546667
EPOCH 27:
VALIDATION
valid epoch balanced_accuracy: 0.513333
EPOCH 28:
VALIDATION
valid epoch balanced_accuracy: 0.533333
EPOCH 29:
VALIDATION
valid epoch balanced_accuracy: 0.512381
EPOCH 30:
VALIDATION
valid epoch balanced_accuracy: 0.566667
EPOCH 31:
VALIDATION
valid epoch balanced_accuracy: 0.546667
EPOCH 32:
VALIDATION
valid epoch balanced_accuracy: 0.514286
EPOCH 33:
VALIDATION
valid epoch balanced_accuracy: 0.547619
EPOCH 34:
VALIDATION
valid epoch balanced_accuracy: 0.561905
EPOCH 35:
VALIDATION
valid epoch balanced_accuracy: 0.574286
EPOCH 36:
VALIDATION
valid epoch balanced_accuracy: 0.566667
EPOCH 37:
VALIDATION
valid epoch balanced_accuracy: 0.470476
EPOCH 38:
VALIDATION
valid epoch balanced_accuracy: 0.500000
EPOCH 39:
VALIDATION
valid epoch balanced_accuracy: 0.561905
EPOCH 40:
VALIDATION
valid epoch balanced_accuracy: 0.558095
EPOCH 41:
VALIDATION
valid epoch balanced_accuracy: 0.612381
EPOCH 42:
VALIDATION
valid epoch balanced_accuracy: 0.521905
EPOCH 43:
VALIDATION
valid epoch balanced_accuracy: 0.460000
EPOCH 44:
VALIDATION
valid epoch balanced_accuracy: 0.474286
EPOCH 45:
VALIDATION
valid epoch balanced_accuracy: 0.579048
EPOCH 46:
VALIDATION
valid epoch balanced_accuracy: 0.524762
EPOCH 47:
VALIDATION
valid epoch balanced_accuracy: 0.544762
EPOCH 48:
VALIDATION
valid epoch balanced_accuracy: 0.567619
EPOCH 49:
VALIDATION
valid epoch balanced_accuracy: 0.455238
EPOCH 50:
VALIDATION
valid epoch balanced_accuracy: 0.553333
EPOCH 51:
VALIDATION
valid epoch balanced_accuracy: 0.434286
EPOCH 52:
VALIDATION
valid epoch balanced_accuracy: 0.519048
EPOCH 53:
VALIDATION
valid epoch balanced_accuracy: 0.574286
EPOCH 54:
VALIDATION
valid epoch balanced_accuracy: 0.479048
EPOCH 55:
VALIDATION
valid epoch balanced_accuracy: 0.395238
EPOCH 56:
VALIDATION
valid epoch balanced_accuracy: 0.525714
EPOCH 57:
VALIDATION
valid epoch balanced_accuracy: 0.559048
EPOCH 58:
VALIDATION
valid epoch balanced_accuracy: 0.536190
EPOCH 59:
VALIDATION
valid epoch balanced_accuracy: 0.513333
EPOCH 60:
VALIDATION
valid epoch balanced_accuracy: 0.553333
EPOCH 61:
VALIDATION
valid epoch balanced_accuracy: 0.513333
EPOCH 62:
VALIDATION
valid epoch balanced_accuracy: 0.535238
EPOCH 63:
VALIDATION
valid epoch balanced_accuracy: 0.568571
EPOCH 64:
VALIDATION
valid epoch balanced_accuracy: 0.477143
EPOCH 65:
VALIDATION
valid epoch balanced_accuracy: 0.562857
EPOCH 66:
VALIDATION
valid epoch balanced_accuracy: 0.497143
EPOCH 67:
VALIDATION
valid epoch balanced_accuracy: 0.495238
EPOCH 68:
VALIDATION
valid epoch balanced_accuracy: 0.567619
EPOCH 69:
VALIDATION
valid epoch balanced_accuracy: 0.540000
EARLY STOPPING: rolling validation balanced accuracy did not improve for 60 epochs and validation loss increased over the same window.
accuracy: 0.650000
sensitivity: 0.858586
precision: 0.634328
specificity: 0.395062
IoU: 0.574324
FAR: 0.604938
F1: 0.729614
balanced_accuracy: 0.626824
loss: 0.608277
