Waiting for exclusive access to GPU GPU-c501d8bb-1814-a6f7-4de0-b116bc3a36bc.
=== GROUP: GLTP | VARIANT: bbp_nps3mlp_dpt01_gm_mlpopt_y001 | SEED: 1 | GPU: NVIDIA H100 ===

number of parameters : 3087866
train : (1350, 12)
valid : (81, 12)
test : (81, 12)
class weights : [1.0, 1.0]
balanced batches : 85 per epoch covering all 1350 train rows, target 8 positive + 8 unlabeled
data extracted
EPOCH 1:
VALIDATION
valid epoch balanced_accuracy: 0.147866
EPOCH 2:
VALIDATION
valid epoch balanced_accuracy: 0.196341
EPOCH 3:
VALIDATION
valid epoch balanced_accuracy: 0.257012
EPOCH 4:
VALIDATION
valid epoch balanced_accuracy: 0.208537
EPOCH 5:
VALIDATION
valid epoch balanced_accuracy: 0.342683
EPOCH 6:
VALIDATION
valid epoch balanced_accuracy: 0.403049
EPOCH 7:
VALIDATION
valid epoch balanced_accuracy: 0.342073
EPOCH 8:
VALIDATION
valid epoch balanced_accuracy: 0.366768
EPOCH 9:
VALIDATION
valid epoch balanced_accuracy: 0.439634
EPOCH 10:
VALIDATION
valid epoch balanced_accuracy: 0.427439
EPOCH 11:
VALIDATION
valid epoch balanced_accuracy: 0.317988
EPOCH 12:
VALIDATION
valid epoch balanced_accuracy: 0.403354
EPOCH 13:
VALIDATION
valid epoch balanced_accuracy: 0.354573
EPOCH 14:
VALIDATION
valid epoch balanced_accuracy: 0.354573
EPOCH 15:
VALIDATION
valid epoch balanced_accuracy: 0.317988
EPOCH 16:
VALIDATION
valid epoch balanced_accuracy: 0.391159
EPOCH 17:
VALIDATION
valid epoch balanced_accuracy: 0.403354
EPOCH 18:
VALIDATION
valid epoch balanced_accuracy: 0.403354
EPOCH 19:
VALIDATION
valid epoch balanced_accuracy: 0.330793
EPOCH 20:
VALIDATION
valid epoch balanced_accuracy: 0.416159
EPOCH 21:
VALIDATION
valid epoch balanced_accuracy: 0.367378
EPOCH 22:
VALIDATION
valid epoch balanced_accuracy: 0.379573
EPOCH 23:
VALIDATION
valid epoch balanced_accuracy: 0.317988
EPOCH 24:
VALIDATION
valid epoch balanced_accuracy: 0.378963
EPOCH 25:
VALIDATION
valid epoch balanced_accuracy: 0.355183
EPOCH 26:
VALIDATION
valid epoch balanced_accuracy: 0.391159
EPOCH 27:
VALIDATION
valid epoch balanced_accuracy: 0.379573
EPOCH 28:
VALIDATION
valid epoch balanced_accuracy: 0.403963
EPOCH 29:
VALIDATION
valid epoch balanced_accuracy: 0.428354
EPOCH 30:
VALIDATION
valid epoch balanced_accuracy: 0.367073
EPOCH 31:
VALIDATION
valid epoch balanced_accuracy: 0.329878
EPOCH 32:
VALIDATION
valid epoch balanced_accuracy: 0.391463
EPOCH 33:
VALIDATION
valid epoch balanced_accuracy: 0.391463
EPOCH 34:
VALIDATION
valid epoch balanced_accuracy: 0.318598
EPOCH 35:
VALIDATION
valid epoch balanced_accuracy: 0.342683
EPOCH 36:
VALIDATION
valid epoch balanced_accuracy: 0.354878
EPOCH 37:
VALIDATION
valid epoch balanced_accuracy: 0.330183
EPOCH 38:
VALIDATION
valid epoch balanced_accuracy: 0.403963
EPOCH 39:
VALIDATION
valid epoch balanced_accuracy: 0.367073
EPOCH 40:
VALIDATION
valid epoch balanced_accuracy: 0.354878
EPOCH 41:
VALIDATION
valid epoch balanced_accuracy: 0.403659
EPOCH 42:
VALIDATION
valid epoch balanced_accuracy: 0.366463
EPOCH 43:
VALIDATION
valid epoch balanced_accuracy: 0.330488
EPOCH 44:
VALIDATION
valid epoch balanced_accuracy: 0.379268
EPOCH 45:
VALIDATION
valid epoch balanced_accuracy: 0.367073
EPOCH 46:
VALIDATION
valid epoch balanced_accuracy: 0.354878
EPOCH 47:
VALIDATION
valid epoch balanced_accuracy: 0.415854
EPOCH 48:
VALIDATION
valid epoch balanced_accuracy: 0.379268
EPOCH 49:
VALIDATION
valid epoch balanced_accuracy: 0.391463
EPOCH 50:
VALIDATION
valid epoch balanced_accuracy: 0.378963
EPOCH 51:
VALIDATION
valid epoch balanced_accuracy: 0.281707
EPOCH 52:
VALIDATION
valid epoch balanced_accuracy: 0.317988
EPOCH 53:
VALIDATION
valid epoch balanced_accuracy: 0.415549
EPOCH 54:
VALIDATION
valid epoch balanced_accuracy: 0.379268
EPOCH 55:
VALIDATION
valid epoch balanced_accuracy: 0.305793
EPOCH 56:
VALIDATION
valid epoch balanced_accuracy: 0.342683
EPOCH 57:
VALIDATION
valid epoch balanced_accuracy: 0.293902
EPOCH 58:
VALIDATION
valid epoch balanced_accuracy: 0.329268
EPOCH 59:
VALIDATION
valid epoch balanced_accuracy: 0.342683
EPOCH 60:
VALIDATION
valid epoch balanced_accuracy: 0.281098
EPOCH 61:
VALIDATION
valid epoch balanced_accuracy: 0.293902
EPOCH 62:
VALIDATION
valid epoch balanced_accuracy: 0.367073
EPOCH 63:
VALIDATION
valid epoch balanced_accuracy: 0.342378
EPOCH 64:
VALIDATION
valid epoch balanced_accuracy: 0.208537
EPOCH 65:
VALIDATION
valid epoch balanced_accuracy: 0.367073
EPOCH 66:
VALIDATION
valid epoch balanced_accuracy: 0.330488
EPOCH 67:
VALIDATION
valid epoch balanced_accuracy: 0.366768
EPOCH 68:
VALIDATION
valid epoch balanced_accuracy: 0.208537
EPOCH 69:
VALIDATION
valid epoch balanced_accuracy: 0.342683
EPOCH 70:
VALIDATION
valid epoch balanced_accuracy: 0.415854
EPOCH 71:
VALIDATION
valid epoch balanced_accuracy: 0.330488
EPOCH 72:
VALIDATION
valid epoch balanced_accuracy: 0.354878
EPOCH 73:
VALIDATION
valid epoch balanced_accuracy: 0.367073
EPOCH 74:
VALIDATION
valid epoch balanced_accuracy: 0.159756
EPOCH 75:
VALIDATION
valid epoch balanced_accuracy: 0.135366
EPOCH 76:
VALIDATION
valid epoch balanced_accuracy: 0.220732
EPOCH 77:
VALIDATION
valid epoch balanced_accuracy: 0.210366
EPOCH 78:
VALIDATION
valid epoch balanced_accuracy: 0.411890
EPOCH 79:
VALIDATION
valid epoch balanced_accuracy: 0.500000
EPOCH 80:
VALIDATION
valid epoch balanced_accuracy: 0.500000
EPOCH 81:
VALIDATION
valid epoch balanced_accuracy: 0.500000
EPOCH 82:
VALIDATION
valid epoch balanced_accuracy: 0.500000
EPOCH 83:
VALIDATION
valid epoch balanced_accuracy: 0.500000
EPOCH 84:
VALIDATION
valid epoch balanced_accuracy: 0.500000
EPOCH 85:
VALIDATION
valid epoch balanced_accuracy: 0.500000
EPOCH 86:
VALIDATION
valid epoch balanced_accuracy: 0.500000
EPOCH 87:
VALIDATION
valid epoch balanced_accuracy: 0.500000
EPOCH 88:
VALIDATION
valid epoch balanced_accuracy: 0.500000
EPOCH 89:
VALIDATION
valid epoch balanced_accuracy: 0.500000
EPOCH 90:
VALIDATION
valid epoch balanced_accuracy: 0.500000
EPOCH 91:
VALIDATION
valid epoch balanced_accuracy: 0.500000
EPOCH 92:
VALIDATION
valid epoch balanced_accuracy: 0.500000
EPOCH 93:
VALIDATION
valid epoch balanced_accuracy: 0.500000
EPOCH 94:
VALIDATION
valid epoch balanced_accuracy: 0.500000
EPOCH 95:
VALIDATION
valid epoch balanced_accuracy: 0.500000
EPOCH 96:
VALIDATION
valid epoch balanced_accuracy: 0.500000
EPOCH 97:
VALIDATION
valid epoch balanced_accuracy: 0.500000
EPOCH 98:
VALIDATION
valid epoch balanced_accuracy: 0.500000
EPOCH 99:
VALIDATION
valid epoch balanced_accuracy: 0.500000
EPOCH 100:
VALIDATION
valid epoch balanced_accuracy: 0.500000
EPOCH 101:
VALIDATION
valid epoch balanced_accuracy: 0.500000
EPOCH 102:
VALIDATION
valid epoch balanced_accuracy: 0.500000
EPOCH 103:
VALIDATION
valid epoch balanced_accuracy: 0.500000
EPOCH 104:
VALIDATION
valid epoch balanced_accuracy: 0.500000
EPOCH 105:
VALIDATION
valid epoch balanced_accuracy: 0.500000
EPOCH 106:
VALIDATION
valid epoch balanced_accuracy: 0.500000
EPOCH 107:
VALIDATION
valid epoch balanced_accuracy: 0.500000
EPOCH 108:
VALIDATION
valid epoch balanced_accuracy: 0.500000
EPOCH 109:
VALIDATION
valid epoch balanced_accuracy: 0.500000
EPOCH 110:
VALIDATION
valid epoch balanced_accuracy: 0.500000
EPOCH 111:
VALIDATION
valid epoch balanced_accuracy: 0.500000
EPOCH 112:
VALIDATION
valid epoch balanced_accuracy: 0.500000
EPOCH 113:
VALIDATION
valid epoch balanced_accuracy: 0.500000
EPOCH 114:
VALIDATION
valid epoch balanced_accuracy: 0.500000
EPOCH 115:
VALIDATION
valid epoch balanced_accuracy: 0.500000
EPOCH 116:
VALIDATION
valid epoch balanced_accuracy: 0.500000
EPOCH 117:
VALIDATION
valid epoch balanced_accuracy: 0.500000
EPOCH 118:
VALIDATION
valid epoch balanced_accuracy: 0.500000
EPOCH 119:
VALIDATION
valid epoch balanced_accuracy: 0.500000
EPOCH 120:
VALIDATION
valid epoch balanced_accuracy: 0.500000
EPOCH 121:
VALIDATION
valid epoch balanced_accuracy: 0.500000
EPOCH 122:
VALIDATION
valid epoch balanced_accuracy: 0.500000
EPOCH 123:
VALIDATION
valid epoch balanced_accuracy: 0.500000
EPOCH 124:
VALIDATION
valid epoch balanced_accuracy: 0.500000
EPOCH 125:
VALIDATION
valid epoch balanced_accuracy: 0.500000
EPOCH 126:
VALIDATION
valid epoch balanced_accuracy: 0.500000
EPOCH 127:
VALIDATION
valid epoch balanced_accuracy: 0.500000
EPOCH 128:
VALIDATION
valid epoch balanced_accuracy: 0.500000
EPOCH 129:
VALIDATION
valid epoch balanced_accuracy: 0.500000
EPOCH 130:
VALIDATION
valid epoch balanced_accuracy: 0.500000
EPOCH 131:
VALIDATION
valid epoch balanced_accuracy: 0.500000
EPOCH 132:
VALIDATION
valid epoch balanced_accuracy: 0.500000
EPOCH 133:
VALIDATION
valid epoch balanced_accuracy: 0.500000
EPOCH 134:
VALIDATION
valid epoch balanced_accuracy: 0.500000
EPOCH 135:
VALIDATION
valid epoch balanced_accuracy: 0.500000
EPOCH 136:
VALIDATION
valid epoch balanced_accuracy: 0.500000
EPOCH 137:
VALIDATION
valid epoch balanced_accuracy: 0.500000
EPOCH 138:
VALIDATION
valid epoch balanced_accuracy: 0.500000
EPOCH 139:
VALIDATION
valid epoch balanced_accuracy: 0.500000
EPOCH 140:
VALIDATION
valid epoch balanced_accuracy: 0.500000
EPOCH 141:
VALIDATION
valid epoch balanced_accuracy: 0.500000
EPOCH 142:
VALIDATION
valid epoch balanced_accuracy: 0.500000
EPOCH 143:
VALIDATION
valid epoch balanced_accuracy: 0.500000
EPOCH 144:
VALIDATION
valid epoch balanced_accuracy: 0.500000
EPOCH 145:
VALIDATION
valid epoch balanced_accuracy: 0.500000
EPOCH 146:
VALIDATION
valid epoch balanced_accuracy: 0.500000
EPOCH 147:
VALIDATION
valid epoch balanced_accuracy: 0.500000
EPOCH 148:
VALIDATION
valid epoch balanced_accuracy: 0.500000
EPOCH 149:
VALIDATION
valid epoch balanced_accuracy: 0.500000
EPOCH 150:
VALIDATION
valid epoch balanced_accuracy: 0.500000
Discovered surviving group widths (pruned architecture):
  lipid1.attention.FFN.0: 21/96 active
  lipid1.attention.FFN.4: 13/384 active
  lipid1.attention.FFN.8: 9/384 active
  lipid1.attention.FFN.11: 24/96 active
  protein1.enc_plm.1: 10/10 active
  protein1.attention.FFN.0: 0/96 active
  protein1.attention.FFN.4: 0/384 active
  protein1.attention.FFN.8: 1/384 active
  protein1.attention.FFN.11: 8/96 active
  protein1.mlp.0: 25/768 active
  protein1.mlp.4: 60/384 active
  protein1.mlp.8: 85/384 active
  protein1.mlp.12: 55/96 active
  cross_attention1.lipFFN.0: 2/96 active
  cross_attention1.lipFFN.4: 0/384 active
  cross_attention1.lipFFN.8: 0/384 active
  cross_attention1.lipFFN.11: 2/96 active
  cross_attention1.protFFN.0: 8/96 active
  cross_attention1.protFFN.4: 0/384 active
  cross_attention1.protFFN.8: 0/384 active
  cross_attention1.protFFN.11: 1/96 active
  final_layer.binar.0: 173/192 active
  final_layer.binar.4: 155/384 active
  final_layer.binar.8: 56/384 active
  final_layer.binar.12: 44/96 active
accuracy: 0.506173
sensitivity: 1.000000
precision: 0.506173
specificity: 0.000000
IoU: 0.506173
FAR: 1.000000
F1: 0.672131
balanced_accuracy: 0.500000
loss: 0.706937
