Waiting for exclusive access to GPU GPU-4683556c-5acd-0f78-3cbe-ba46309d4ede.
=== GROUP: IP_trans | VARIANT: nps3mlp_dpt01_gem_pool_lrsched_cpw8 | SEED: 0 | GPU: Tesla V100-SXM2-32GB ===

number of parameters : 1403984
train : (1202, 12)
valid : (64, 12)
test : (65, 12)
class weights : [1.1761252880096436, 0.8697539567947388]
data extracted
EPOCH 1:
VALIDATION
valid epoch balanced_accuracy: 0.500000
EPOCH 2:
VALIDATION
valid epoch balanced_accuracy: 0.500000
EPOCH 3:
VALIDATION
valid epoch balanced_accuracy: 0.500000
/home/kalinina/.conda/envs/Kalinin_project_LP/lib/python3.10/site-packages/torch/optim/lr_scheduler.py:243: UserWarning: The epoch parameter in `scheduler.step()` was not necessary and is being deprecated where possible. Please use `scheduler.step()` to step the scheduler. During the deprecation, if epoch is different from None, the closed form is used instead of the new chainable form, where available. Please open an issue if you are unable to replicate your use case: https://github.com/pytorch/pytorch/issues/new/choose.
  warnings.warn(EPOCH_DEPRECATION_WARNING, UserWarning)
EPOCH 4:
VALIDATION
valid epoch balanced_accuracy: 0.592118
EPOCH 5:
VALIDATION
valid epoch balanced_accuracy: 0.603448
EPOCH 6:
VALIDATION
valid epoch balanced_accuracy: 0.603448
EPOCH 7:
VALIDATION
valid epoch balanced_accuracy: 0.589163
EPOCH 8:
VALIDATION
valid epoch balanced_accuracy: 0.500985
EPOCH 9:
VALIDATION
valid epoch balanced_accuracy: 0.623645
EPOCH 10:
VALIDATION
valid epoch balanced_accuracy: 0.623645
EPOCH 11:
VALIDATION
valid epoch balanced_accuracy: 0.603448
EPOCH 12:
VALIDATION
valid epoch balanced_accuracy: 0.569458
EPOCH 13:
VALIDATION
valid epoch balanced_accuracy: 0.535468
EPOCH 14:
VALIDATION
valid epoch balanced_accuracy: 0.558128
EPOCH 15:
VALIDATION
valid epoch balanced_accuracy: 0.641379
EPOCH 16:
VALIDATION
valid epoch balanced_accuracy: 0.609360
EPOCH 17:
VALIDATION
valid epoch balanced_accuracy: 0.547291
EPOCH 18:
VALIDATION
valid epoch balanced_accuracy: 0.449754
EPOCH 19:
VALIDATION
valid epoch balanced_accuracy: 0.424138
EPOCH 20:
VALIDATION
valid epoch balanced_accuracy: 0.615764
EPOCH 21:
VALIDATION
valid epoch balanced_accuracy: 0.518227
EPOCH 22:
VALIDATION
valid epoch balanced_accuracy: 0.450246
EPOCH 23:
VALIDATION
valid epoch balanced_accuracy: 0.641379
EPOCH 24:
VALIDATION
valid epoch balanced_accuracy: 0.516256
EPOCH 25:
VALIDATION
valid epoch balanced_accuracy: 0.493103
EPOCH 26:
VALIDATION
valid epoch balanced_accuracy: 0.522167
EPOCH 27:
VALIDATION
valid epoch balanced_accuracy: 0.538916
EPOCH 28:
VALIDATION
valid epoch balanced_accuracy: 0.564532
EPOCH 29:
VALIDATION
valid epoch balanced_accuracy: 0.539409
EPOCH 30:
VALIDATION
valid epoch balanced_accuracy: 0.612808
EPOCH 31:
VALIDATION
valid epoch balanced_accuracy: 0.487192
EPOCH 32:
VALIDATION
valid epoch balanced_accuracy: 0.624138
EPOCH 33:
VALIDATION
valid epoch balanced_accuracy: 0.644335
EPOCH 34:
VALIDATION
valid epoch balanced_accuracy: 0.575862
EPOCH 35:
VALIDATION
valid epoch balanced_accuracy: 0.624138
EPOCH 36:
VALIDATION
valid epoch balanced_accuracy: 0.616256
EPOCH 37:
VALIDATION
valid epoch balanced_accuracy: 0.664532
EPOCH 38:
VALIDATION
valid epoch balanced_accuracy: 0.664532
EPOCH 39:
VALIDATION
valid epoch balanced_accuracy: 0.607389
EPOCH 40:
VALIDATION
valid epoch balanced_accuracy: 0.515764
EPOCH 41:
VALIDATION
valid epoch balanced_accuracy: 0.584236
EPOCH 42:
VALIDATION
valid epoch balanced_accuracy: 0.610345
EPOCH 43:
VALIDATION
valid epoch balanced_accuracy: 0.555665
EPOCH 44:
VALIDATION
valid epoch balanced_accuracy: 0.627586
EPOCH 45:
VALIDATION
valid epoch balanced_accuracy: 0.655665
EPOCH 46:
VALIDATION
valid epoch balanced_accuracy: 0.590148
EPOCH 47:
VALIDATION
valid epoch balanced_accuracy: 0.696059
EPOCH 48:
VALIDATION
valid epoch balanced_accuracy: 0.572906
EPOCH 49:
VALIDATION
valid epoch balanced_accuracy: 0.684729
EPOCH 50:
VALIDATION
valid epoch balanced_accuracy: 0.619212
EPOCH 51:
VALIDATION
valid epoch balanced_accuracy: 0.633005
EPOCH 52:
VALIDATION
valid epoch balanced_accuracy: 0.658621
EPOCH 53:
VALIDATION
valid epoch balanced_accuracy: 0.621675
EPOCH 54:
VALIDATION
valid epoch balanced_accuracy: 0.616256
EPOCH 55:
VALIDATION
valid epoch balanced_accuracy: 0.661576
EPOCH 56:
VALIDATION
valid epoch balanced_accuracy: 0.621675
EPOCH 57:
VALIDATION
valid epoch balanced_accuracy: 0.624631
EPOCH 58:
VALIDATION
valid epoch balanced_accuracy: 0.650739
EPOCH 59:
VALIDATION
valid epoch balanced_accuracy: 0.647291
EPOCH 60:
VALIDATION
valid epoch balanced_accuracy: 0.647291
EPOCH 61:
VALIDATION
valid epoch balanced_accuracy: 0.619212
EPOCH 62:
VALIDATION
valid epoch balanced_accuracy: 0.621675
EPOCH 63:
VALIDATION
valid epoch balanced_accuracy: 0.647783
EPOCH 64:
VALIDATION
valid epoch balanced_accuracy: 0.630049
EPOCH 65:
VALIDATION
valid epoch balanced_accuracy: 0.630049
EPOCH 66:
VALIDATION
valid epoch balanced_accuracy: 0.612808
EPOCH 67:
VALIDATION
valid epoch balanced_accuracy: 0.647291
EPOCH 68:
VALIDATION
valid epoch balanced_accuracy: 0.590148
EPOCH 69:
VALIDATION
valid epoch balanced_accuracy: 0.604433
EPOCH 70:
VALIDATION
valid epoch balanced_accuracy: 0.644335
EPOCH 71:
VALIDATION
valid epoch balanced_accuracy: 0.613300
EPOCH 72:
VALIDATION
valid epoch balanced_accuracy: 0.618719
EPOCH 73:
VALIDATION
valid epoch balanced_accuracy: 0.641379
EPOCH 74:
VALIDATION
valid epoch balanced_accuracy: 0.578818
EPOCH 75:
VALIDATION
valid epoch balanced_accuracy: 0.630049
EPOCH 76:
VALIDATION
valid epoch balanced_accuracy: 0.587192
EPOCH 77:
VALIDATION
valid epoch balanced_accuracy: 0.622167
EPOCH 78:
VALIDATION
valid epoch balanced_accuracy: 0.593103
EPOCH 79:
VALIDATION
valid epoch balanced_accuracy: 0.635961
EPOCH 80:
VALIDATION
valid epoch balanced_accuracy: 0.610345
EPOCH 81:
VALIDATION
valid epoch balanced_accuracy: 0.615764
EPOCH 82:
VALIDATION
valid epoch balanced_accuracy: 0.644335
EPOCH 83:
VALIDATION
valid epoch balanced_accuracy: 0.633005
EPOCH 84:
VALIDATION
valid epoch balanced_accuracy: 0.630049
EPOCH 85:
VALIDATION
valid epoch balanced_accuracy: 0.615764
EPOCH 86:
VALIDATION
valid epoch balanced_accuracy: 0.604433
EPOCH 87:
VALIDATION
valid epoch balanced_accuracy: 0.630049
EPOCH 88:
VALIDATION
valid epoch balanced_accuracy: 0.601478
EPOCH 89:
VALIDATION
valid epoch balanced_accuracy: 0.615764
EPOCH 90:
VALIDATION
valid epoch balanced_accuracy: 0.612808
EPOCH 91:
VALIDATION
valid epoch balanced_accuracy: 0.615764
EPOCH 92:
VALIDATION
valid epoch balanced_accuracy: 0.615764
EPOCH 93:
VALIDATION
valid epoch balanced_accuracy: 0.615764
EPOCH 94:
VALIDATION
valid epoch balanced_accuracy: 0.604433
EPOCH 95:
VALIDATION
valid epoch balanced_accuracy: 0.593103
EPOCH 96:
VALIDATION
valid epoch balanced_accuracy: 0.601478
EPOCH 97:
VALIDATION
valid epoch balanced_accuracy: 0.604433
EPOCH 98:
VALIDATION
valid epoch balanced_accuracy: 0.633005
EPOCH 99:
VALIDATION
valid epoch balanced_accuracy: 0.630049
EPOCH 100:
VALIDATION
valid epoch balanced_accuracy: 0.641379
EPOCH 101:
VALIDATION
valid epoch balanced_accuracy: 0.627094
EPOCH 102:
VALIDATION
valid epoch balanced_accuracy: 0.630049
EPOCH 103:
VALIDATION
valid epoch balanced_accuracy: 0.641379
EPOCH 104:
VALIDATION
valid epoch balanced_accuracy: 0.572906
EPOCH 105:
VALIDATION
valid epoch balanced_accuracy: 0.630049
EPOCH 106:
VALIDATION
valid epoch balanced_accuracy: 0.639409
EPOCH 107:
VALIDATION
valid epoch balanced_accuracy: 0.641872
EPOCH 108:
VALIDATION
valid epoch balanced_accuracy: 0.610345
EPOCH 109:
VALIDATION
valid epoch balanced_accuracy: 0.647291
EPOCH 110:
VALIDATION
valid epoch balanced_accuracy: 0.633005
EPOCH 111:
VALIDATION
valid epoch balanced_accuracy: 0.618719
EPOCH 112:
VALIDATION
valid epoch balanced_accuracy: 0.593103
EPOCH 113:
VALIDATION
valid epoch balanced_accuracy: 0.598522
EPOCH 114:
VALIDATION
valid epoch balanced_accuracy: 0.607389
EPOCH 115:
VALIDATION
valid epoch balanced_accuracy: 0.615764
EPOCH 116:
VALIDATION
valid epoch balanced_accuracy: 0.607389
EPOCH 117:
VALIDATION
valid epoch balanced_accuracy: 0.604433
EPOCH 118:
VALIDATION
valid epoch balanced_accuracy: 0.627094
EPOCH 119:
VALIDATION
valid epoch balanced_accuracy: 0.615764
EPOCH 120:
VALIDATION
valid epoch balanced_accuracy: 0.633005
EPOCH 121:
VALIDATION
valid epoch balanced_accuracy: 0.618719
EPOCH 122:
VALIDATION
valid epoch balanced_accuracy: 0.627094
EPOCH 123:
VALIDATION
valid epoch balanced_accuracy: 0.615764
EPOCH 124:
VALIDATION
valid epoch balanced_accuracy: 0.641379
EPOCH 125:
VALIDATION
valid epoch balanced_accuracy: 0.630049
EPOCH 126:
VALIDATION
valid epoch balanced_accuracy: 0.615764
EPOCH 127:
VALIDATION
valid epoch balanced_accuracy: 0.630049
EPOCH 128:
VALIDATION
valid epoch balanced_accuracy: 0.612808
EPOCH 129:
VALIDATION
valid epoch balanced_accuracy: 0.587192
EPOCH 130:
VALIDATION
valid epoch balanced_accuracy: 0.630049
EPOCH 131:
VALIDATION
valid epoch balanced_accuracy: 0.615764
EPOCH 132:
VALIDATION
valid epoch balanced_accuracy: 0.604433
EPOCH 133:
VALIDATION
valid epoch balanced_accuracy: 0.615764
EPOCH 134:
VALIDATION
valid epoch balanced_accuracy: 0.604433
EPOCH 135:
VALIDATION
valid epoch balanced_accuracy: 0.641379
EPOCH 136:
VALIDATION
valid epoch balanced_accuracy: 0.633005
EPOCH 137:
VALIDATION
valid epoch balanced_accuracy: 0.630049
EPOCH 138:
VALIDATION
valid epoch balanced_accuracy: 0.615764
EPOCH 139:
VALIDATION
valid epoch balanced_accuracy: 0.587192
EPOCH 140:
VALIDATION
valid epoch balanced_accuracy: 0.615764
EPOCH 141:
VALIDATION
valid epoch balanced_accuracy: 0.630049
EPOCH 142:
VALIDATION
valid epoch balanced_accuracy: 0.615764
EPOCH 143:
VALIDATION
valid epoch balanced_accuracy: 0.618719
EPOCH 144:
VALIDATION
valid epoch balanced_accuracy: 0.633005
EPOCH 145:
VALIDATION
valid epoch balanced_accuracy: 0.604433
EPOCH 146:
VALIDATION
valid epoch balanced_accuracy: 0.615764
EPOCH 147:
VALIDATION
valid epoch balanced_accuracy: 0.610345
EPOCH 148:
VALIDATION
valid epoch balanced_accuracy: 0.647291
EPOCH 149:
VALIDATION
valid epoch balanced_accuracy: 0.630049
EPOCH 150:
VALIDATION
valid epoch balanced_accuracy: 0.630049
accuracy: 0.630769
sensitivity: 0.633333
precision: 0.593750
specificity: 0.628571
IoU: 0.441860
FAR: 0.371429
F1: 0.612903
balanced_accuracy: 0.630952
loss: 1.705068
