
number of parameters : 428678
train : (970, 12)
valid : (180, 12)
test : (181, 12)
class weights : [1.1602870225906372, 0.8786231875419617]
data extracted
EPOCH 1:
VALIDATION
valid epoch balanced_accuracy: 0.618095
EPOCH 2:
VALIDATION
valid epoch balanced_accuracy: 0.618095
EPOCH 3:
VALIDATION
valid epoch balanced_accuracy: 0.619048
EPOCH 4:
VALIDATION
valid epoch balanced_accuracy: 0.568571
EPOCH 5:
VALIDATION
valid epoch balanced_accuracy: 0.680952
EPOCH 6:
VALIDATION
valid epoch balanced_accuracy: 0.630476
EPOCH 7:
VALIDATION
valid epoch balanced_accuracy: 0.623810
EPOCH 8:
VALIDATION
valid epoch balanced_accuracy: 0.645714
EPOCH 9:
VALIDATION
valid epoch balanced_accuracy: 0.652381
EPOCH 10:
VALIDATION
valid epoch balanced_accuracy: 0.678095
EPOCH 11:
VALIDATION
valid epoch balanced_accuracy: 0.644762
EPOCH 12:
VALIDATION
valid epoch balanced_accuracy: 0.684762
EPOCH 13:
VALIDATION
valid epoch balanced_accuracy: 0.617143
EPOCH 14:
VALIDATION
valid epoch balanced_accuracy: 0.720952
EPOCH 15:
VALIDATION
valid epoch balanced_accuracy: 0.718095
EPOCH 16:
VALIDATION
valid epoch balanced_accuracy: 0.679048
EPOCH 17:
VALIDATION
valid epoch balanced_accuracy: 0.675238
EPOCH 18:
VALIDATION
valid epoch balanced_accuracy: 0.666667
EPOCH 19:
VALIDATION
valid epoch balanced_accuracy: 0.703810
EPOCH 20:
VALIDATION
valid epoch balanced_accuracy: 0.578095
EPOCH 21:
VALIDATION
valid epoch balanced_accuracy: 0.612381
EPOCH 22:
VALIDATION
valid epoch balanced_accuracy: 0.698095
EPOCH 23:
VALIDATION
valid epoch balanced_accuracy: 0.747619
EPOCH 24:
VALIDATION
valid epoch balanced_accuracy: 0.612381
EPOCH 25:
VALIDATION
valid epoch balanced_accuracy: 0.697143
EPOCH 26:
VALIDATION
valid epoch balanced_accuracy: 0.600000
EPOCH 27:
VALIDATION
valid epoch balanced_accuracy: 0.747619
EPOCH 28:
VALIDATION
valid epoch balanced_accuracy: 0.681905
EPOCH 29:
VALIDATION
valid epoch balanced_accuracy: 0.717143
EPOCH 30:
VALIDATION
valid epoch balanced_accuracy: 0.684762
EPOCH 31:
VALIDATION
valid epoch balanced_accuracy: 0.620000
EPOCH 32:
VALIDATION
valid epoch balanced_accuracy: 0.685714
EPOCH 33:
VALIDATION
valid epoch balanced_accuracy: 0.619048
EPOCH 34:
VALIDATION
valid epoch balanced_accuracy: 0.693333
EPOCH 35:
VALIDATION
valid epoch balanced_accuracy: 0.706667
EPOCH 36:
VALIDATION
valid epoch balanced_accuracy: 0.714286
EPOCH 37:
VALIDATION
valid epoch balanced_accuracy: 0.706667
EPOCH 38:
VALIDATION
valid epoch balanced_accuracy: 0.699048
EPOCH 39:
VALIDATION
valid epoch balanced_accuracy: 0.621905
EPOCH 40:
VALIDATION
valid epoch balanced_accuracy: 0.740952
EPOCH 41:
VALIDATION
valid epoch balanced_accuracy: 0.651429
EPOCH 42:
VALIDATION
valid epoch balanced_accuracy: 0.681905
EPOCH 43:
VALIDATION
valid epoch balanced_accuracy: 0.676190
EPOCH 44:
VALIDATION
valid epoch balanced_accuracy: 0.664762
EPOCH 45:
VALIDATION
valid epoch balanced_accuracy: 0.713333
EPOCH 46:
VALIDATION
valid epoch balanced_accuracy: 0.722857
EPOCH 47:
VALIDATION
valid epoch balanced_accuracy: 0.721905
EPOCH 48:
VALIDATION
valid epoch balanced_accuracy: 0.653333
EPOCH 49:
VALIDATION
valid epoch balanced_accuracy: 0.770476
EPOCH 50:
VALIDATION
valid epoch balanced_accuracy: 0.707619
EPOCH 51:
VALIDATION
valid epoch balanced_accuracy: 0.687619
EPOCH 52:
VALIDATION
valid epoch balanced_accuracy: 0.683810
EPOCH 53:
VALIDATION
valid epoch balanced_accuracy: 0.674286
EPOCH 54:
VALIDATION
valid epoch balanced_accuracy: 0.647619
EPOCH 55:
VALIDATION
valid epoch balanced_accuracy: 0.681905
EPOCH 56:
VALIDATION
valid epoch balanced_accuracy: 0.659048
EPOCH 57:
VALIDATION
valid epoch balanced_accuracy: 0.675238
EPOCH 58:
VALIDATION
valid epoch balanced_accuracy: 0.676190
EPOCH 59:
VALIDATION
valid epoch balanced_accuracy: 0.698095
EPOCH 60:
VALIDATION
valid epoch balanced_accuracy: 0.675238
EPOCH 61:
VALIDATION
valid epoch balanced_accuracy: 0.676190
EPOCH 62:
VALIDATION
valid epoch balanced_accuracy: 0.688571
EPOCH 63:
VALIDATION
valid epoch balanced_accuracy: 0.711429
EPOCH 64:
VALIDATION
valid epoch balanced_accuracy: 0.688571
EPOCH 65:
VALIDATION
valid epoch balanced_accuracy: 0.779048
EPOCH 66:
VALIDATION
valid epoch balanced_accuracy: 0.682857
EPOCH 67:
VALIDATION
valid epoch balanced_accuracy: 0.651429
EPOCH 68:
VALIDATION
valid epoch balanced_accuracy: 0.673333
EPOCH 69:
VALIDATION
valid epoch balanced_accuracy: 0.658095
EPOCH 70:
VALIDATION
valid epoch balanced_accuracy: 0.633333
EPOCH 71:
VALIDATION
valid epoch balanced_accuracy: 0.606667
EPOCH 72:
VALIDATION
valid epoch balanced_accuracy: 0.627619
EPOCH 73:
VALIDATION
valid epoch balanced_accuracy: 0.636190
EPOCH 74:
VALIDATION
valid epoch balanced_accuracy: 0.651429
EPOCH 75:
VALIDATION
valid epoch balanced_accuracy: 0.618095
EPOCH 76:
VALIDATION
valid epoch balanced_accuracy: 0.617143
EPOCH 77:
VALIDATION
valid epoch balanced_accuracy: 0.702857
EPOCH 78:
VALIDATION
valid epoch balanced_accuracy: 0.667619
EPOCH 79:
VALIDATION
valid epoch balanced_accuracy: 0.627619
EPOCH 80:
VALIDATION
valid epoch balanced_accuracy: 0.694286
EPOCH 81:
VALIDATION
valid epoch balanced_accuracy: 0.700952
EPOCH 82:
VALIDATION
valid epoch balanced_accuracy: 0.653333
EPOCH 83:
VALIDATION
valid epoch balanced_accuracy: 0.631429
EPOCH 84:
VALIDATION
valid epoch balanced_accuracy: 0.742857
EPOCH 85:
VALIDATION
valid epoch balanced_accuracy: 0.640952
EPOCH 86:
VALIDATION
valid epoch balanced_accuracy: 0.654286
EPOCH 87:
VALIDATION
valid epoch balanced_accuracy: 0.640000
EPOCH 88:
VALIDATION
valid epoch balanced_accuracy: 0.675238
EPOCH 89:
VALIDATION
valid epoch balanced_accuracy: 0.661905
EPOCH 90:
VALIDATION
valid epoch balanced_accuracy: 0.640000
EPOCH 91:
VALIDATION
valid epoch balanced_accuracy: 0.588571
EPOCH 92:
VALIDATION
valid epoch balanced_accuracy: 0.665714
EPOCH 93:
VALIDATION
valid epoch balanced_accuracy: 0.697143
EPOCH 94:
VALIDATION
valid epoch balanced_accuracy: 0.698095
EPOCH 95:
VALIDATION
valid epoch balanced_accuracy: 0.654286
EPOCH 96:
VALIDATION
valid epoch balanced_accuracy: 0.668571
EPOCH 97:
VALIDATION
valid epoch balanced_accuracy: 0.661905
EPOCH 98:
VALIDATION
valid epoch balanced_accuracy: 0.682857
EPOCH 99:
VALIDATION
valid epoch balanced_accuracy: 0.676190
EPOCH 100:
VALIDATION
valid epoch balanced_accuracy: 0.655238
EPOCH 101:
VALIDATION
valid epoch balanced_accuracy: 0.648571
EPOCH 102:
VALIDATION
valid epoch balanced_accuracy: 0.665714
EPOCH 103:
VALIDATION
valid epoch balanced_accuracy: 0.666667
EPOCH 104:
VALIDATION
valid epoch balanced_accuracy: 0.680000
EPOCH 105:
VALIDATION
valid epoch balanced_accuracy: 0.688571
EPOCH 106:
VALIDATION
valid epoch balanced_accuracy: 0.586667
EPOCH 107:
VALIDATION
valid epoch balanced_accuracy: 0.614286
EPOCH 108:
VALIDATION
valid epoch balanced_accuracy: 0.624762
EPOCH 109:
VALIDATION
valid epoch balanced_accuracy: 0.647619
EPOCH 110:
VALIDATION
valid epoch balanced_accuracy: 0.688571
EPOCH 111:
VALIDATION
valid epoch balanced_accuracy: 0.644762
EPOCH 112:
VALIDATION
valid epoch balanced_accuracy: 0.665714
EPOCH 113:
VALIDATION
valid epoch balanced_accuracy: 0.620952
EPOCH 114:
VALIDATION
valid epoch balanced_accuracy: 0.669524
EPOCH 115:
VALIDATION
valid epoch balanced_accuracy: 0.632381
EPOCH 116:
VALIDATION
valid epoch balanced_accuracy: 0.645714
EPOCH 117:
VALIDATION
valid epoch balanced_accuracy: 0.654286
EPOCH 118:
VALIDATION
valid epoch balanced_accuracy: 0.625714
EPOCH 119:
VALIDATION
valid epoch balanced_accuracy: 0.703810
EPOCH 120:
VALIDATION
valid epoch balanced_accuracy: 0.695238
EPOCH 121:
VALIDATION
valid epoch balanced_accuracy: 0.641905
EPOCH 122:
VALIDATION
valid epoch balanced_accuracy: 0.631429
EPOCH 123:
VALIDATION
valid epoch balanced_accuracy: 0.672381
EPOCH 124:
VALIDATION
valid epoch balanced_accuracy: 0.632381
EPOCH 125:
VALIDATION
valid epoch balanced_accuracy: 0.620000
EPOCH 126:
VALIDATION
valid epoch balanced_accuracy: 0.670476
EPOCH 127:
VALIDATION
valid epoch balanced_accuracy: 0.641905
EPOCH 128:
VALIDATION
valid epoch balanced_accuracy: 0.639048
EPOCH 129:
VALIDATION
valid epoch balanced_accuracy: 0.634286
EPOCH 130:
VALIDATION
valid epoch balanced_accuracy: 0.639048
EPOCH 131:
VALIDATION
valid epoch balanced_accuracy: 0.656190
EPOCH 132:
VALIDATION
valid epoch balanced_accuracy: 0.622857
EPOCH 133:
VALIDATION
valid epoch balanced_accuracy: 0.660952
EPOCH 134:
VALIDATION
valid epoch balanced_accuracy: 0.658095
EPOCH 135:
VALIDATION
valid epoch balanced_accuracy: 0.652381
EPOCH 136:
VALIDATION
valid epoch balanced_accuracy: 0.702857
EPOCH 137:
VALIDATION
valid epoch balanced_accuracy: 0.657143
EPOCH 138:
VALIDATION
valid epoch balanced_accuracy: 0.656190
EPOCH 139:
VALIDATION
valid epoch balanced_accuracy: 0.677143
EPOCH 140:
VALIDATION
valid epoch balanced_accuracy: 0.661905
EPOCH 141:
VALIDATION
valid epoch balanced_accuracy: 0.670476
EPOCH 142:
VALIDATION
valid epoch balanced_accuracy: 0.655238
EPOCH 143:
VALIDATION
valid epoch balanced_accuracy: 0.641905
EPOCH 144:
VALIDATION
valid epoch balanced_accuracy: 0.674286
EPOCH 145:
VALIDATION
valid epoch balanced_accuracy: 0.601905
EPOCH 146:
VALIDATION
valid epoch balanced_accuracy: 0.482857
EPOCH 147:
VALIDATION
valid epoch balanced_accuracy: 0.584762
EPOCH 148:
VALIDATION
valid epoch balanced_accuracy: 0.627619
EPOCH 149:
VALIDATION
valid epoch balanced_accuracy: 0.610476
EPOCH 150:
VALIDATION
valid epoch balanced_accuracy: 0.654286
accuracy: 0.729282
sensitivity: 0.777778
precision: 0.740385
specificity: 0.670732
IoU: 0.611111
FAR: 0.329268
F1: 0.758621
balanced_accuracy: 0.724255
loss: 1.022113
