
number of parameters : 1403984
train : (1059, 12)
valid : (136, 12)
test : (136, 12)
class weights : [1.3473281860351562, 0.795045018196106]
data extracted
EPOCH 1:
VALIDATION
valid epoch balanced_accuracy: 0.500000
EPOCH 2:
VALIDATION
valid epoch balanced_accuracy: 0.567633
EPOCH 3:
VALIDATION
valid epoch balanced_accuracy: 0.567633
EPOCH 4:
VALIDATION
valid epoch balanced_accuracy: 0.573188
EPOCH 5:
VALIDATION
valid epoch balanced_accuracy: 0.578744
EPOCH 6:
VALIDATION
valid epoch balanced_accuracy: 0.541063
EPOCH 7:
VALIDATION
valid epoch balanced_accuracy: 0.557488
EPOCH 8:
VALIDATION
valid epoch balanced_accuracy: 0.562560
EPOCH 9:
VALIDATION
valid epoch balanced_accuracy: 0.579227
EPOCH 10:
VALIDATION
valid epoch balanced_accuracy: 0.557488
EPOCH 11:
VALIDATION
valid epoch balanced_accuracy: 0.573430
EPOCH 12:
VALIDATION
valid epoch balanced_accuracy: 0.573430
EPOCH 13:
VALIDATION
valid epoch balanced_accuracy: 0.579227
EPOCH 14:
VALIDATION
valid epoch balanced_accuracy: 0.563043
EPOCH 15:
VALIDATION
valid epoch balanced_accuracy: 0.579469
EPOCH 16:
VALIDATION
valid epoch balanced_accuracy: 0.562560
EPOCH 17:
VALIDATION
valid epoch balanced_accuracy: 0.584783
EPOCH 18:
VALIDATION
valid epoch balanced_accuracy: 0.591063
EPOCH 19:
VALIDATION
valid epoch balanced_accuracy: 0.574155
EPOCH 20:
VALIDATION
valid epoch balanced_accuracy: 0.547101
EPOCH 21:
VALIDATION
valid epoch balanced_accuracy: 0.590338
EPOCH 22:
VALIDATION
valid epoch balanced_accuracy: 0.606280
EPOCH 23:
VALIDATION
valid epoch balanced_accuracy: 0.595894
EPOCH 24:
VALIDATION
valid epoch balanced_accuracy: 0.584783
EPOCH 25:
VALIDATION
valid epoch balanced_accuracy: 0.584058
EPOCH 26:
VALIDATION
valid epoch balanced_accuracy: 0.601449
EPOCH 27:
VALIDATION
valid epoch balanced_accuracy: 0.585024
EPOCH 28:
VALIDATION
valid epoch balanced_accuracy: 0.563043
EPOCH 29:
VALIDATION
valid epoch balanced_accuracy: 0.552174
EPOCH 30:
VALIDATION
valid epoch balanced_accuracy: 0.638647
EPOCH 31:
VALIDATION
valid epoch balanced_accuracy: 0.551449
EPOCH 32:
VALIDATION
valid epoch balanced_accuracy: 0.530918
EPOCH 33:
VALIDATION
valid epoch balanced_accuracy: 0.601691
EPOCH 34:
VALIDATION
valid epoch balanced_accuracy: 0.606280
EPOCH 35:
VALIDATION
valid epoch balanced_accuracy: 0.557488
EPOCH 36:
VALIDATION
valid epoch balanced_accuracy: 0.590580
EPOCH 37:
VALIDATION
valid epoch balanced_accuracy: 0.621981
EPOCH 38:
VALIDATION
valid epoch balanced_accuracy: 0.622705
EPOCH 39:
VALIDATION
valid epoch balanced_accuracy: 0.623430
EPOCH 40:
VALIDATION
valid epoch balanced_accuracy: 0.590580
EPOCH 41:
VALIDATION
valid epoch balanced_accuracy: 0.649275
EPOCH 42:
VALIDATION
valid epoch balanced_accuracy: 0.643720
EPOCH 43:
VALIDATION
valid epoch balanced_accuracy: 0.638406
EPOCH 44:
VALIDATION
valid epoch balanced_accuracy: 0.563043
EPOCH 45:
VALIDATION
valid epoch balanced_accuracy: 0.622464
EPOCH 46:
VALIDATION
valid epoch balanced_accuracy: 0.644203
EPOCH 47:
VALIDATION
valid epoch balanced_accuracy: 0.579469
EPOCH 48:
VALIDATION
valid epoch balanced_accuracy: 0.557729
EPOCH 49:
VALIDATION
valid epoch balanced_accuracy: 0.677053
EPOCH 50:
VALIDATION
valid epoch balanced_accuracy: 0.633575
EPOCH 51:
VALIDATION
valid epoch balanced_accuracy: 0.617150
EPOCH 52:
VALIDATION
valid epoch balanced_accuracy: 0.693237
EPOCH 53:
VALIDATION
valid epoch balanced_accuracy: 0.632609
EPOCH 54:
VALIDATION
valid epoch balanced_accuracy: 0.600966
EPOCH 55:
VALIDATION
valid epoch balanced_accuracy: 0.660386
EPOCH 56:
VALIDATION
valid epoch balanced_accuracy: 0.627295
EPOCH 57:
VALIDATION
valid epoch balanced_accuracy: 0.649517
EPOCH 58:
VALIDATION
valid epoch balanced_accuracy: 0.634058
EPOCH 59:
VALIDATION
valid epoch balanced_accuracy: 0.660386
EPOCH 60:
VALIDATION
valid epoch balanced_accuracy: 0.627778
EPOCH 61:
VALIDATION
valid epoch balanced_accuracy: 0.682126
EPOCH 62:
VALIDATION
valid epoch balanced_accuracy: 0.617874
EPOCH 63:
VALIDATION
valid epoch balanced_accuracy: 0.638406
EPOCH 64:
VALIDATION
valid epoch balanced_accuracy: 0.675604
EPOCH 65:
VALIDATION
valid epoch balanced_accuracy: 0.720048
EPOCH 66:
VALIDATION
valid epoch balanced_accuracy: 0.584541
EPOCH 67:
VALIDATION
valid epoch balanced_accuracy: 0.675845
EPOCH 68:
VALIDATION
valid epoch balanced_accuracy: 0.627778
EPOCH 69:
VALIDATION
valid epoch balanced_accuracy: 0.687440
EPOCH 70:
VALIDATION
valid epoch balanced_accuracy: 0.616908
EPOCH 71:
VALIDATION
valid epoch balanced_accuracy: 0.643720
EPOCH 72:
VALIDATION
valid epoch balanced_accuracy: 0.671498
EPOCH 73:
VALIDATION
valid epoch balanced_accuracy: 0.622705
EPOCH 74:
VALIDATION
valid epoch balanced_accuracy: 0.584058
EPOCH 75:
VALIDATION
valid epoch balanced_accuracy: 0.644928
EPOCH 76:
VALIDATION
valid epoch balanced_accuracy: 0.676329
EPOCH 77:
VALIDATION
valid epoch balanced_accuracy: 0.676329
EPOCH 78:
VALIDATION
valid epoch balanced_accuracy: 0.670290
EPOCH 79:
VALIDATION
valid epoch balanced_accuracy: 0.633092
EPOCH 80:
VALIDATION
valid epoch balanced_accuracy: 0.607246
EPOCH 81:
VALIDATION
valid epoch balanced_accuracy: 0.563043
EPOCH 82:
VALIDATION
valid epoch balanced_accuracy: 0.665459
EPOCH 83:
VALIDATION
valid epoch balanced_accuracy: 0.616425
EPOCH 84:
VALIDATION
valid epoch balanced_accuracy: 0.671014
EPOCH 85:
VALIDATION
valid epoch balanced_accuracy: 0.655314
EPOCH 86:
VALIDATION
valid epoch balanced_accuracy: 0.609903
EPOCH 87:
VALIDATION
valid epoch balanced_accuracy: 0.567874
EPOCH 88:
VALIDATION
valid epoch balanced_accuracy: 0.610628
EPOCH 89:
VALIDATION
valid epoch balanced_accuracy: 0.611594
EPOCH 90:
VALIDATION
valid epoch balanced_accuracy: 0.590338
EPOCH 91:
VALIDATION
valid epoch balanced_accuracy: 0.627778
EPOCH 92:
VALIDATION
valid epoch balanced_accuracy: 0.595411
EPOCH 93:
VALIDATION
valid epoch balanced_accuracy: 0.638164
EPOCH 94:
VALIDATION
valid epoch balanced_accuracy: 0.600242
EPOCH 95:
VALIDATION
valid epoch balanced_accuracy: 0.687681
EPOCH 96:
VALIDATION
valid epoch balanced_accuracy: 0.572947
EPOCH 97:
VALIDATION
valid epoch balanced_accuracy: 0.633092
EPOCH 98:
VALIDATION
valid epoch balanced_accuracy: 0.600725
EPOCH 99:
VALIDATION
valid epoch balanced_accuracy: 0.701208
EPOCH 100:
VALIDATION
valid epoch balanced_accuracy: 0.540338
EPOCH 101:
VALIDATION
valid epoch balanced_accuracy: 0.528986
EPOCH 102:
VALIDATION
valid epoch balanced_accuracy: 0.578744
EPOCH 103:
VALIDATION
valid epoch balanced_accuracy: 0.551208
EPOCH 104:
VALIDATION
valid epoch balanced_accuracy: 0.529469
EPOCH 105:
VALIDATION
valid epoch balanced_accuracy: 0.610386
EPOCH 106:
VALIDATION
valid epoch balanced_accuracy: 0.583816
EPOCH 107:
VALIDATION
valid epoch balanced_accuracy: 0.676329
EPOCH 108:
VALIDATION
valid epoch balanced_accuracy: 0.659420
EPOCH 109:
VALIDATION
valid epoch balanced_accuracy: 0.637440
EPOCH 110:
VALIDATION
valid epoch balanced_accuracy: 0.633092
EPOCH 111:
VALIDATION
valid epoch balanced_accuracy: 0.638164
EPOCH 112:
VALIDATION
valid epoch balanced_accuracy: 0.670048
EPOCH 113:
VALIDATION
valid epoch balanced_accuracy: 0.649034
EPOCH 114:
VALIDATION
valid epoch balanced_accuracy: 0.610628
EPOCH 115:
VALIDATION
valid epoch balanced_accuracy: 0.659662
EPOCH 116:
VALIDATION
valid epoch balanced_accuracy: 0.563768
EPOCH 117:
VALIDATION
valid epoch balanced_accuracy: 0.621981
EPOCH 118:
VALIDATION
valid epoch balanced_accuracy: 0.692512
EPOCH 119:
VALIDATION
valid epoch balanced_accuracy: 0.648551
EPOCH 120:
VALIDATION
valid epoch balanced_accuracy: 0.687198
EPOCH 121:
VALIDATION
valid epoch balanced_accuracy: 0.637923
EPOCH 122:
VALIDATION
valid epoch balanced_accuracy: 0.665459
EPOCH 123:
VALIDATION
valid epoch balanced_accuracy: 0.659903
EPOCH 124:
VALIDATION
valid epoch balanced_accuracy: 0.654831
EPOCH 125:
VALIDATION
valid epoch balanced_accuracy: 0.622222
EPOCH 126:
VALIDATION
valid epoch balanced_accuracy: 0.687198
EPOCH 127:
VALIDATION
valid epoch balanced_accuracy: 0.654348
EPOCH 128:
VALIDATION
valid epoch balanced_accuracy: 0.648792
EPOCH 129:
VALIDATION
valid epoch balanced_accuracy: 0.659662
EPOCH 130:
VALIDATION
valid epoch balanced_accuracy: 0.681884
EPOCH 131:
VALIDATION
valid epoch balanced_accuracy: 0.703140
EPOCH 132:
VALIDATION
valid epoch balanced_accuracy: 0.595652
EPOCH 133:
VALIDATION
valid epoch balanced_accuracy: 0.572464
EPOCH 134:
VALIDATION
valid epoch balanced_accuracy: 0.556280
EPOCH 135:
VALIDATION
valid epoch balanced_accuracy: 0.655072
EPOCH 136:
VALIDATION
valid epoch balanced_accuracy: 0.616184
EPOCH 137:
VALIDATION
valid epoch balanced_accuracy: 0.605314
EPOCH 138:
VALIDATION
valid epoch balanced_accuracy: 0.627778
EPOCH 139:
VALIDATION
valid epoch balanced_accuracy: 0.600483
EPOCH 140:
VALIDATION
valid epoch balanced_accuracy: 0.610628
EPOCH 141:
VALIDATION
valid epoch balanced_accuracy: 0.562560
EPOCH 142:
VALIDATION
valid epoch balanced_accuracy: 0.605797
EPOCH 143:
VALIDATION
valid epoch balanced_accuracy: 0.616425
EPOCH 144:
VALIDATION
valid epoch balanced_accuracy: 0.622222
EPOCH 145:
VALIDATION
valid epoch balanced_accuracy: 0.621498
EPOCH 146:
VALIDATION
valid epoch balanced_accuracy: 0.588889
EPOCH 147:
VALIDATION
valid epoch balanced_accuracy: 0.604589
EPOCH 148:
VALIDATION
valid epoch balanced_accuracy: 0.589130
EPOCH 149:
VALIDATION
valid epoch balanced_accuracy: 0.610628
EPOCH 150:
VALIDATION
valid epoch balanced_accuracy: 0.616184
accuracy: 0.698529
sensitivity: 0.568182
precision: 0.531915
specificity: 0.760870
IoU: 0.378788
FAR: 0.239130
F1: 0.549451
balanced_accuracy: 0.664526
loss: 1.555114
