
number of parameters : 1075406
train : (1212, 12)
valid : (61, 12)
test : (61, 12)
class weights : [1.1631478071212769, 0.8769898414611816]
data extracted
EPOCH 1:
VALIDATION
valid epoch balanced_accuracy: 0.500000
EPOCH 2:
VALIDATION
valid epoch balanced_accuracy: 0.682651
EPOCH 3:
VALIDATION
valid epoch balanced_accuracy: 0.500000
EPOCH 4:
VALIDATION
valid epoch balanced_accuracy: 0.580819
EPOCH 5:
VALIDATION
valid epoch balanced_accuracy: 0.637392
EPOCH 6:
VALIDATION
valid epoch balanced_accuracy: 0.522091
EPOCH 7:
VALIDATION
valid epoch balanced_accuracy: 0.677802
EPOCH 8:
VALIDATION
valid epoch balanced_accuracy: 0.536638
EPOCH 9:
VALIDATION
valid epoch balanced_accuracy: 0.573815
EPOCH 10:
VALIDATION
valid epoch balanced_accuracy: 0.682651
EPOCH 11:
VALIDATION
valid epoch balanced_accuracy: 0.679418
EPOCH 12:
VALIDATION
valid epoch balanced_accuracy: 0.535022
EPOCH 13:
VALIDATION
valid epoch balanced_accuracy: 0.533405
EPOCH 14:
VALIDATION
valid epoch balanced_accuracy: 0.729526
EPOCH 15:
VALIDATION
valid epoch balanced_accuracy: 0.657328
EPOCH 16:
VALIDATION
valid epoch balanced_accuracy: 0.588362
EPOCH 17:
VALIDATION
valid epoch balanced_accuracy: 0.581897
EPOCH 18:
VALIDATION
valid epoch balanced_accuracy: 0.668103
EPOCH 19:
VALIDATION
valid epoch balanced_accuracy: 0.550647
EPOCH 20:
VALIDATION
valid epoch balanced_accuracy: 0.585129
EPOCH 21:
VALIDATION
valid epoch balanced_accuracy: 0.547414
EPOCH 22:
VALIDATION
valid epoch balanced_accuracy: 0.549030
EPOCH 23:
VALIDATION
valid epoch balanced_accuracy: 0.569504
EPOCH 24:
VALIDATION
valid epoch balanced_accuracy: 0.531789
EPOCH 25:
VALIDATION
valid epoch balanced_accuracy: 0.597522
EPOCH 26:
VALIDATION
valid epoch balanced_accuracy: 0.538254
EPOCH 27:
VALIDATION
valid epoch balanced_accuracy: 0.663254
EPOCH 28:
VALIDATION
valid epoch balanced_accuracy: 0.509698
EPOCH 29:
VALIDATION
valid epoch balanced_accuracy: 0.563039
EPOCH 30:
VALIDATION
valid epoch balanced_accuracy: 0.514547
EPOCH 31:
VALIDATION
valid epoch balanced_accuracy: 0.531789
EPOCH 32:
VALIDATION
valid epoch balanced_accuracy: 0.652478
EPOCH 33:
VALIDATION
valid epoch balanced_accuracy: 0.622845
EPOCH 34:
VALIDATION
valid epoch balanced_accuracy: 0.509698
EPOCH 35:
VALIDATION
valid epoch balanced_accuracy: 0.640086
EPOCH 36:
VALIDATION
valid epoch balanced_accuracy: 0.679418
EPOCH 37:
VALIDATION
valid epoch balanced_accuracy: 0.583513
EPOCH 38:
VALIDATION
valid epoch balanced_accuracy: 0.621228
EPOCH 39:
VALIDATION
valid epoch balanced_accuracy: 0.567888
EPOCH 40:
VALIDATION
valid epoch balanced_accuracy: 0.669720
EPOCH 41:
VALIDATION
valid epoch balanced_accuracy: 0.602371
EPOCH 42:
VALIDATION
valid epoch balanced_accuracy: 0.555496
EPOCH 43:
VALIDATION
valid epoch balanced_accuracy: 0.616379
EPOCH 44:
VALIDATION
valid epoch balanced_accuracy: 0.652478
EPOCH 45:
VALIDATION
valid epoch balanced_accuracy: 0.512931
EPOCH 46:
VALIDATION
valid epoch balanced_accuracy: 0.498922
EPOCH 47:
VALIDATION
valid epoch balanced_accuracy: 0.509698
EPOCH 48:
VALIDATION
valid epoch balanced_accuracy: 0.605603
EPOCH 49:
VALIDATION
valid epoch balanced_accuracy: 0.638470
EPOCH 50:
VALIDATION
valid epoch balanced_accuracy: 0.526940
EPOCH 51:
VALIDATION
valid epoch balanced_accuracy: 0.555496
EPOCH 52:
VALIDATION
valid epoch balanced_accuracy: 0.539871
EPOCH 53:
VALIDATION
valid epoch balanced_accuracy: 0.572737
EPOCH 54:
VALIDATION
valid epoch balanced_accuracy: 0.456358
EPOCH 55:
VALIDATION
valid epoch balanced_accuracy: 0.476832
EPOCH 56:
VALIDATION
valid epoch balanced_accuracy: 0.566272
EPOCH 57:
VALIDATION
valid epoch balanced_accuracy: 0.498922
EPOCH 58:
VALIDATION
valid epoch balanced_accuracy: 0.433190
EPOCH 59:
VALIDATION
valid epoch balanced_accuracy: 0.533405
EPOCH 60:
VALIDATION
valid epoch balanced_accuracy: 0.536638
EPOCH 61:
VALIDATION
valid epoch balanced_accuracy: 0.535022
EPOCH 62:
VALIDATION
valid epoch balanced_accuracy: 0.549030
EPOCH 63:
VALIDATION
valid epoch balanced_accuracy: 0.567888
EPOCH 64:
VALIDATION
valid epoch balanced_accuracy: 0.552263
EPOCH 65:
VALIDATION
valid epoch balanced_accuracy: 0.539871
EPOCH 66:
VALIDATION
valid epoch balanced_accuracy: 0.533405
EPOCH 67:
VALIDATION
valid epoch balanced_accuracy: 0.531789
EPOCH 68:
VALIDATION
valid epoch balanced_accuracy: 0.531789
EPOCH 69:
VALIDATION
valid epoch balanced_accuracy: 0.585129
EPOCH 70:
VALIDATION
valid epoch balanced_accuracy: 0.514547
EPOCH 71:
VALIDATION
valid epoch balanced_accuracy: 0.621228
EPOCH 72:
VALIDATION
valid epoch balanced_accuracy: 0.540948
EPOCH 73:
VALIDATION
valid epoch balanced_accuracy: 0.567888
EPOCH 74:
VALIDATION
valid epoch balanced_accuracy: 0.495690
EPOCH 75:
VALIDATION
valid epoch balanced_accuracy: 0.483297
EPOCH 76:
VALIDATION
valid epoch balanced_accuracy: 0.480065
EPOCH 77:
VALIDATION
valid epoch balanced_accuracy: 0.654095
EPOCH 78:
VALIDATION
valid epoch balanced_accuracy: 0.502155
EARLY STOPPING: rolling validation balanced accuracy did not improve for 60 epochs and validation loss increased over the same window.
accuracy: 0.639344
sensitivity: 0.611111
precision: 0.733333
specificity: 0.680000
IoU: 0.500000
FAR: 0.320000
F1: 0.666667
balanced_accuracy: 0.645556
loss: 0.855257
