
number of parameters : 1075406
train : (1212, 12)
valid : (61, 12)
test : (61, 12)
class weights : [1.1631478071212769, 0.8769898414611816]
data extracted
EPOCH 1:
VALIDATION
valid epoch balanced_accuracy: 0.500000
EPOCH 2:
VALIDATION
valid epoch balanced_accuracy: 0.644935
EPOCH 3:
VALIDATION
valid epoch balanced_accuracy: 0.500000
EPOCH 4:
VALIDATION
valid epoch balanced_accuracy: 0.648168
EPOCH 5:
VALIDATION
valid epoch balanced_accuracy: 0.654634
EPOCH 6:
VALIDATION
valid epoch balanced_accuracy: 0.626078
EPOCH 7:
VALIDATION
valid epoch balanced_accuracy: 0.709052
EPOCH 8:
VALIDATION
valid epoch balanced_accuracy: 0.605603
EPOCH 9:
VALIDATION
valid epoch balanced_accuracy: 0.668103
EPOCH 10:
VALIDATION
valid epoch balanced_accuracy: 0.647629
EPOCH 11:
VALIDATION
valid epoch balanced_accuracy: 0.732759
EPOCH 12:
VALIDATION
valid epoch balanced_accuracy: 0.578664
EPOCH 13:
VALIDATION
valid epoch balanced_accuracy: 0.635237
EPOCH 14:
VALIDATION
valid epoch balanced_accuracy: 0.619612
EPOCH 15:
VALIDATION
valid epoch balanced_accuracy: 0.633621
EPOCH 16:
VALIDATION
valid epoch balanced_accuracy: 0.516164
EPOCH 17:
VALIDATION
valid epoch balanced_accuracy: 0.578664
EPOCH 18:
VALIDATION
valid epoch balanced_accuracy: 0.595905
EPOCH 19:
VALIDATION
valid epoch balanced_accuracy: 0.702586
EPOCH 20:
VALIDATION
valid epoch balanced_accuracy: 0.628772
EPOCH 21:
VALIDATION
valid epoch balanced_accuracy: 0.550647
EPOCH 22:
VALIDATION
valid epoch balanced_accuracy: 0.671336
EPOCH 23:
VALIDATION
valid epoch balanced_accuracy: 0.636853
EPOCH 24:
VALIDATION
valid epoch balanced_accuracy: 0.740302
EPOCH 25:
VALIDATION
valid epoch balanced_accuracy: 0.580280
EPOCH 26:
VALIDATION
valid epoch balanced_accuracy: 0.581897
EPOCH 27:
VALIDATION
valid epoch balanced_accuracy: 0.586746
EPOCH 28:
VALIDATION
valid epoch balanced_accuracy: 0.583513
EPOCH 29:
VALIDATION
valid epoch balanced_accuracy: 0.594289
EPOCH 30:
VALIDATION
valid epoch balanced_accuracy: 0.688578
EPOCH 31:
VALIDATION
valid epoch balanced_accuracy: 0.704203
EPOCH 32:
VALIDATION
valid epoch balanced_accuracy: 0.702586
EPOCH 33:
VALIDATION
valid epoch balanced_accuracy: 0.712284
EPOCH 34:
VALIDATION
valid epoch balanced_accuracy: 0.540948
EPOCH 35:
VALIDATION
valid epoch balanced_accuracy: 0.553879
EPOCH 36:
VALIDATION
valid epoch balanced_accuracy: 0.636853
EPOCH 37:
VALIDATION
valid epoch balanced_accuracy: 0.633621
EPOCH 38:
VALIDATION
valid epoch balanced_accuracy: 0.842134
EPOCH 39:
VALIDATION
valid epoch balanced_accuracy: 0.580280
EPOCH 40:
VALIDATION
valid epoch balanced_accuracy: 0.685345
EPOCH 41:
VALIDATION
valid epoch balanced_accuracy: 0.657328
EPOCH 42:
VALIDATION
valid epoch balanced_accuracy: 0.696659
EPOCH 43:
VALIDATION
valid epoch balanced_accuracy: 0.622845
EPOCH 44:
VALIDATION
valid epoch balanced_accuracy: 0.741918
EPOCH 45:
VALIDATION
valid epoch balanced_accuracy: 0.594289
EPOCH 46:
VALIDATION
valid epoch balanced_accuracy: 0.519397
EPOCH 47:
VALIDATION
valid epoch balanced_accuracy: 0.672953
EPOCH 48:
VALIDATION
valid epoch balanced_accuracy: 0.723060
EPOCH 49:
VALIDATION
valid epoch balanced_accuracy: 0.632004
EPOCH 50:
VALIDATION
valid epoch balanced_accuracy: 0.572198
EPOCH 51:
VALIDATION
valid epoch balanced_accuracy: 0.592672
EPOCH 52:
VALIDATION
valid epoch balanced_accuracy: 0.697737
EPOCH 53:
VALIDATION
valid epoch balanced_accuracy: 0.680496
EPOCH 54:
VALIDATION
valid epoch balanced_accuracy: 0.621228
EPOCH 55:
VALIDATION
valid epoch balanced_accuracy: 0.636853
EPOCH 56:
VALIDATION
valid epoch balanced_accuracy: 0.650862
EPOCH 57:
VALIDATION
valid epoch balanced_accuracy: 0.652478
EPOCH 58:
VALIDATION
valid epoch balanced_accuracy: 0.611530
EPOCH 59:
VALIDATION
valid epoch balanced_accuracy: 0.676185
EPOCH 60:
VALIDATION
valid epoch balanced_accuracy: 0.658944
EPOCH 61:
VALIDATION
valid epoch balanced_accuracy: 0.628772
EPOCH 62:
VALIDATION
valid epoch balanced_accuracy: 0.658405
EPOCH 63:
VALIDATION
valid epoch balanced_accuracy: 0.602371
EPOCH 64:
VALIDATION
valid epoch balanced_accuracy: 0.542565
EPOCH 65:
VALIDATION
valid epoch balanced_accuracy: 0.575431
EPOCH 66:
VALIDATION
valid epoch balanced_accuracy: 0.669720
EPOCH 67:
VALIDATION
valid epoch balanced_accuracy: 0.671336
EPOCH 68:
VALIDATION
valid epoch balanced_accuracy: 0.682112
EPOCH 69:
VALIDATION
valid epoch balanced_accuracy: 0.666487
EPOCH 70:
VALIDATION
valid epoch balanced_accuracy: 0.632004
EPOCH 71:
VALIDATION
valid epoch balanced_accuracy: 0.698276
EPOCH 72:
VALIDATION
valid epoch balanced_accuracy: 0.759159
EPOCH 73:
VALIDATION
valid epoch balanced_accuracy: 0.632004
EPOCH 74:
VALIDATION
valid epoch balanced_accuracy: 0.718211
EPOCH 75:
VALIDATION
valid epoch balanced_accuracy: 0.696659
EPOCH 76:
VALIDATION
valid epoch balanced_accuracy: 0.636853
EPOCH 77:
VALIDATION
valid epoch balanced_accuracy: 0.674569
EPOCH 78:
VALIDATION
valid epoch balanced_accuracy: 0.635237
EPOCH 79:
VALIDATION
valid epoch balanced_accuracy: 0.666487
EPOCH 80:
VALIDATION
valid epoch balanced_accuracy: 0.636853
EPOCH 81:
VALIDATION
valid epoch balanced_accuracy: 0.712284
EPOCH 82:
VALIDATION
valid epoch balanced_accuracy: 0.718211
EPOCH 83:
VALIDATION
valid epoch balanced_accuracy: 0.517780
EPOCH 84:
VALIDATION
valid epoch balanced_accuracy: 0.692888
EPOCH 85:
VALIDATION
valid epoch balanced_accuracy: 0.616379
EPOCH 86:
VALIDATION
valid epoch balanced_accuracy: 0.668103
EPOCH 87:
VALIDATION
valid epoch balanced_accuracy: 0.595905
EPOCH 88:
VALIDATION
valid epoch balanced_accuracy: 0.668103
EPOCH 89:
VALIDATION
valid epoch balanced_accuracy: 0.757543
EPOCH 90:
VALIDATION
valid epoch balanced_accuracy: 0.628772
EPOCH 91:
VALIDATION
valid epoch balanced_accuracy: 0.723060
EPOCH 92:
VALIDATION
valid epoch balanced_accuracy: 0.820043
EPOCH 93:
VALIDATION
valid epoch balanced_accuracy: 0.749461
EPOCH 94:
VALIDATION
valid epoch balanced_accuracy: 0.697737
EPOCH 95:
VALIDATION
valid epoch balanced_accuracy: 0.608297
EPOCH 96:
VALIDATION
valid epoch balanced_accuracy: 0.776401
EPOCH 97:
VALIDATION
valid epoch balanced_accuracy: 0.683728
EPOCH 98:
VALIDATION
valid epoch balanced_accuracy: 0.751078
EPOCH 99:
VALIDATION
valid epoch balanced_accuracy: 0.771552
EPOCH 100:
VALIDATION
valid epoch balanced_accuracy: 0.740302
EPOCH 101:
VALIDATION
valid epoch balanced_accuracy: 0.782328
EPOCH 102:
VALIDATION
valid epoch balanced_accuracy: 0.769935
EPOCH 103:
VALIDATION
valid epoch balanced_accuracy: 0.783944
EPOCH 104:
VALIDATION
valid epoch balanced_accuracy: 0.644397
EPOCH 105:
VALIDATION
valid epoch balanced_accuracy: 0.733836
EPOCH 106:
VALIDATION
valid epoch balanced_accuracy: 0.783944
EPOCH 107:
VALIDATION
valid epoch balanced_accuracy: 0.737069
EPOCH 108:
VALIDATION
valid epoch balanced_accuracy: 0.751078
EPOCH 109:
VALIDATION
valid epoch balanced_accuracy: 0.751078
EPOCH 110:
VALIDATION
valid epoch balanced_accuracy: 0.749461
EPOCH 111:
VALIDATION
valid epoch balanced_accuracy: 0.713362
EPOCH 112:
VALIDATION
valid epoch balanced_accuracy: 0.713362
EPOCH 113:
VALIDATION
valid epoch balanced_accuracy: 0.773168
EPOCH 114:
VALIDATION
valid epoch balanced_accuracy: 0.696121
EPOCH 115:
VALIDATION
valid epoch balanced_accuracy: 0.754310
EPOCH 116:
VALIDATION
valid epoch balanced_accuracy: 0.682112
EPOCH 117:
VALIDATION
valid epoch balanced_accuracy: 0.533405
EPOCH 118:
VALIDATION
valid epoch balanced_accuracy: 0.471983
EPOCH 119:
VALIDATION
valid epoch balanced_accuracy: 0.705819
EPOCH 120:
VALIDATION
valid epoch balanced_accuracy: 0.666487
EPOCH 121:
VALIDATION
valid epoch balanced_accuracy: 0.788793
EPOCH 122:
VALIDATION
valid epoch balanced_accuracy: 0.804418
EPOCH 123:
VALIDATION
valid epoch balanced_accuracy: 0.682112
EPOCH 124:
VALIDATION
valid epoch balanced_accuracy: 0.787177
EPOCH 125:
VALIDATION
valid epoch balanced_accuracy: 0.642780
EPOCH 126:
VALIDATION
valid epoch balanced_accuracy: 0.719828
EPOCH 127:
VALIDATION
valid epoch balanced_accuracy: 0.644397
EPOCH 128:
VALIDATION
valid epoch balanced_accuracy: 0.628772
EPOCH 129:
VALIDATION
valid epoch balanced_accuracy: 0.704203
EPOCH 130:
VALIDATION
valid epoch balanced_accuracy: 0.733836
EPOCH 131:
VALIDATION
valid epoch balanced_accuracy: 0.649246
EPOCH 132:
VALIDATION
valid epoch balanced_accuracy: 0.611530
EPOCH 133:
VALIDATION
valid epoch balanced_accuracy: 0.735453
EPOCH 134:
VALIDATION
valid epoch balanced_accuracy: 0.694504
EPOCH 135:
VALIDATION
valid epoch balanced_accuracy: 0.644397
EPOCH 136:
VALIDATION
valid epoch balanced_accuracy: 0.702586
EPOCH 137:
VALIDATION
valid epoch balanced_accuracy: 0.685345
EPOCH 138:
VALIDATION
valid epoch balanced_accuracy: 0.661638
EPOCH 139:
VALIDATION
valid epoch balanced_accuracy: 0.738685
EPOCH 140:
VALIDATION
valid epoch balanced_accuracy: 0.642780
EPOCH 141:
VALIDATION
valid epoch balanced_accuracy: 0.660022
EPOCH 142:
VALIDATION
valid epoch balanced_accuracy: 0.625539
EPOCH 143:
VALIDATION
valid epoch balanced_accuracy: 0.664871
EPOCH 144:
VALIDATION
valid epoch balanced_accuracy: 0.685345
EPOCH 145:
VALIDATION
valid epoch balanced_accuracy: 0.642780
EPOCH 146:
VALIDATION
valid epoch balanced_accuracy: 0.672953
EPOCH 147:
VALIDATION
valid epoch balanced_accuracy: 0.661638
EPOCH 148:
VALIDATION
valid epoch balanced_accuracy: 0.523707
EPOCH 149:
VALIDATION
valid epoch balanced_accuracy: 0.609914
EPOCH 150:
VALIDATION
valid epoch balanced_accuracy: 0.650862
accuracy: 0.639344
sensitivity: 0.666667
precision: 0.705882
specificity: 0.600000
IoU: 0.521739
FAR: 0.400000
F1: 0.685714
balanced_accuracy: 0.633333
loss: 1.528415
