Waiting for exclusive access to GPU GPU-8611554b-859f-58b4-a571-c96dd3f6b059.
=== GROUP: OSBP | VARIANT: single_gat_layer | SEED: 3 | FINAL_DROPOUT: 0.0 | WEIGHT_DECAY: 1e-5 | GPU: Tesla V100-SXM2-32GB ===

number of parameters : 1075406
train : (1296, 12)
valid : (18, 12)
test : (17, 12)
class weights : [1.1824817657470703, 0.866310179233551]
data extracted
EPOCH 1:
VALIDATION
valid epoch balanced_accuracy: 0.500000
EPOCH 2:
VALIDATION
valid epoch balanced_accuracy: 0.500000
EPOCH 3:
VALIDATION
valid epoch balanced_accuracy: 0.500000
EPOCH 4:
VALIDATION
valid epoch balanced_accuracy: 0.714286
EPOCH 5:
VALIDATION
valid epoch balanced_accuracy: 0.428571
EPOCH 6:
VALIDATION
valid epoch balanced_accuracy: 0.500000
EPOCH 7:
VALIDATION
valid epoch balanced_accuracy: 0.464286
EPOCH 8:
VALIDATION
valid epoch balanced_accuracy: 0.357143
EPOCH 9:
VALIDATION
valid epoch balanced_accuracy: 0.357143
EPOCH 10:
VALIDATION
valid epoch balanced_accuracy: 0.464286
EPOCH 11:
VALIDATION
valid epoch balanced_accuracy: 0.392857
EPOCH 12:
VALIDATION
valid epoch balanced_accuracy: 0.535714
EPOCH 13:
VALIDATION
valid epoch balanced_accuracy: 0.428571
EPOCH 14:
VALIDATION
valid epoch balanced_accuracy: 0.392857
EPOCH 15:
VALIDATION
valid epoch balanced_accuracy: 0.357143
EPOCH 16:
VALIDATION
valid epoch balanced_accuracy: 0.535714
EPOCH 17:
VALIDATION
valid epoch balanced_accuracy: 0.607143
EPOCH 18:
VALIDATION
valid epoch balanced_accuracy: 0.428571
EPOCH 19:
VALIDATION
valid epoch balanced_accuracy: 0.428571
EPOCH 20:
VALIDATION
valid epoch balanced_accuracy: 0.482143
EPOCH 21:
VALIDATION
valid epoch balanced_accuracy: 0.321429
EPOCH 22:
VALIDATION
valid epoch balanced_accuracy: 0.589286
EPOCH 23:
VALIDATION
valid epoch balanced_accuracy: 0.535714
EPOCH 24:
VALIDATION
valid epoch balanced_accuracy: 0.500000
EPOCH 25:
VALIDATION
valid epoch balanced_accuracy: 0.535714
EPOCH 26:
VALIDATION
valid epoch balanced_accuracy: 0.571429
EPOCH 27:
VALIDATION
valid epoch balanced_accuracy: 0.517857
EPOCH 28:
VALIDATION
valid epoch balanced_accuracy: 0.357143
EPOCH 29:
VALIDATION
valid epoch balanced_accuracy: 0.410714
EPOCH 30:
VALIDATION
valid epoch balanced_accuracy: 0.392857
EPOCH 31:
VALIDATION
valid epoch balanced_accuracy: 0.500000
EPOCH 32:
VALIDATION
valid epoch balanced_accuracy: 0.446429
EPOCH 33:
VALIDATION
valid epoch balanced_accuracy: 0.375000
EPOCH 34:
VALIDATION
valid epoch balanced_accuracy: 0.482143
EPOCH 35:
VALIDATION
valid epoch balanced_accuracy: 0.500000
EPOCH 36:
VALIDATION
valid epoch balanced_accuracy: 0.357143
EPOCH 37:
VALIDATION
valid epoch balanced_accuracy: 0.357143
EPOCH 38:
VALIDATION
valid epoch balanced_accuracy: 0.410714
EPOCH 39:
VALIDATION
valid epoch balanced_accuracy: 0.446429
EPOCH 40:
VALIDATION
valid epoch balanced_accuracy: 0.446429
EPOCH 41:
VALIDATION
valid epoch balanced_accuracy: 0.428571
EPOCH 42:
VALIDATION
valid epoch balanced_accuracy: 0.357143
EPOCH 43:
VALIDATION
valid epoch balanced_accuracy: 0.357143
EPOCH 44:
VALIDATION
valid epoch balanced_accuracy: 0.571429
EPOCH 45:
VALIDATION
valid epoch balanced_accuracy: 0.357143
EPOCH 46:
VALIDATION
valid epoch balanced_accuracy: 0.410714
EPOCH 47:
VALIDATION
valid epoch balanced_accuracy: 0.410714
EPOCH 48:
VALIDATION
valid epoch balanced_accuracy: 0.375000
EPOCH 49:
VALIDATION
valid epoch balanced_accuracy: 0.446429
EPOCH 50:
VALIDATION
valid epoch balanced_accuracy: 0.482143
EPOCH 51:
VALIDATION
valid epoch balanced_accuracy: 0.678571
EPOCH 52:
VALIDATION
valid epoch balanced_accuracy: 0.410714
EPOCH 53:
VALIDATION
valid epoch balanced_accuracy: 0.517857
EPOCH 54:
VALIDATION
valid epoch balanced_accuracy: 0.410714
EPOCH 55:
VALIDATION
valid epoch balanced_accuracy: 0.410714
EPOCH 56:
VALIDATION
valid epoch balanced_accuracy: 0.482143
EPOCH 57:
VALIDATION
valid epoch balanced_accuracy: 0.339286
EPOCH 58:
VALIDATION
valid epoch balanced_accuracy: 0.517857
EPOCH 59:
VALIDATION
valid epoch balanced_accuracy: 0.482143
EPOCH 60:
VALIDATION
valid epoch balanced_accuracy: 0.428571
EPOCH 61:
VALIDATION
valid epoch balanced_accuracy: 0.607143
EPOCH 62:
VALIDATION
valid epoch balanced_accuracy: 0.571429
EPOCH 63:
VALIDATION
valid epoch balanced_accuracy: 0.446429
EPOCH 64:
VALIDATION
valid epoch balanced_accuracy: 0.392857
EARLY STOPPING: rolling validation balanced accuracy did not improve for 60 epochs and validation loss increased over the same window.
accuracy: 0.705882
sensitivity: 0.250000
precision: 0.333333
specificity: 0.846154
IoU: 0.166667
FAR: 0.153846
F1: 0.285714
balanced_accuracy: 0.548077
loss: 0.620413
