Waiting for exclusive access to GPU GPU-38a38518-f06f-f0c5-4f93-1f42b9a43f98.
=== GROUP: LBP_BPI_CETP | VARIANT: nps3mlp_dpt015 | SEED: 1 | GPU: NVIDIA A100-PCIE-40GB ===

number of parameters : 1403982
train : (1230, 12)
valid : (50, 12)
test : (51, 12)
class weights : [1.162570834159851, 0.8773181438446045]
data extracted
EPOCH 1:
VALIDATION
valid epoch balanced_accuracy: 0.512821
EPOCH 2:
VALIDATION
valid epoch balanced_accuracy: 0.666667
EPOCH 3:
VALIDATION
valid epoch balanced_accuracy: 0.674679
EPOCH 4:
VALIDATION
valid epoch balanced_accuracy: 0.645833
EPOCH 5:
VALIDATION
valid epoch balanced_accuracy: 0.666667
EPOCH 6:
VALIDATION
valid epoch balanced_accuracy: 0.666667
EPOCH 7:
VALIDATION
valid epoch balanced_accuracy: 0.666667
EPOCH 8:
VALIDATION
valid epoch balanced_accuracy: 0.645833
EPOCH 9:
VALIDATION
valid epoch balanced_accuracy: 0.666667
EPOCH 10:
VALIDATION
valid epoch balanced_accuracy: 0.666667
EPOCH 11:
VALIDATION
valid epoch balanced_accuracy: 0.666667
EPOCH 12:
VALIDATION
valid epoch balanced_accuracy: 0.604167
EPOCH 13:
VALIDATION
valid epoch balanced_accuracy: 0.541667
EPOCH 14:
VALIDATION
valid epoch balanced_accuracy: 0.625000
EPOCH 15:
VALIDATION
valid epoch balanced_accuracy: 0.669872
EPOCH 16:
VALIDATION
valid epoch balanced_accuracy: 0.586538
EPOCH 17:
VALIDATION
valid epoch balanced_accuracy: 0.692308
EPOCH 18:
VALIDATION
valid epoch balanced_accuracy: 0.605769
EPOCH 19:
VALIDATION
valid epoch balanced_accuracy: 0.548077
EPOCH 20:
VALIDATION
valid epoch balanced_accuracy: 0.626603
EPOCH 21:
VALIDATION
valid epoch balanced_accuracy: 0.697115
EPOCH 22:
VALIDATION
valid epoch balanced_accuracy: 0.631410
EPOCH 23:
VALIDATION
valid epoch balanced_accuracy: 0.674679
EPOCH 24:
VALIDATION
valid epoch balanced_accuracy: 0.653846
EPOCH 25:
VALIDATION
valid epoch balanced_accuracy: 0.608974
EPOCH 26:
VALIDATION
valid epoch balanced_accuracy: 0.636218
EPOCH 27:
VALIDATION
valid epoch balanced_accuracy: 0.612179
EPOCH 28:
VALIDATION
valid epoch balanced_accuracy: 0.572115
EPOCH 29:
VALIDATION
valid epoch balanced_accuracy: 0.490385
EPOCH 30:
VALIDATION
valid epoch balanced_accuracy: 0.676282
EPOCH 31:
VALIDATION
valid epoch balanced_accuracy: 0.608974
EPOCH 32:
VALIDATION
valid epoch balanced_accuracy: 0.544872
EPOCH 33:
VALIDATION
valid epoch balanced_accuracy: 0.480769
EPOCH 34:
VALIDATION
valid epoch balanced_accuracy: 0.498397
EPOCH 35:
VALIDATION
valid epoch balanced_accuracy: 0.524038
EPOCH 36:
VALIDATION
valid epoch balanced_accuracy: 0.661859
EPOCH 37:
VALIDATION
valid epoch balanced_accuracy: 0.657051
EPOCH 38:
VALIDATION
valid epoch balanced_accuracy: 0.538462
EPOCH 39:
VALIDATION
valid epoch balanced_accuracy: 0.588141
EPOCH 40:
VALIDATION
valid epoch balanced_accuracy: 0.570513
EPOCH 41:
VALIDATION
valid epoch balanced_accuracy: 0.522436
EPOCH 42:
VALIDATION
valid epoch balanced_accuracy: 0.517628
EPOCH 43:
VALIDATION
valid epoch balanced_accuracy: 0.594551
EPOCH 44:
VALIDATION
valid epoch balanced_accuracy: 0.549679
EPOCH 45:
VALIDATION
valid epoch balanced_accuracy: 0.608974
EPOCH 46:
VALIDATION
valid epoch balanced_accuracy: 0.528846
EPOCH 47:
VALIDATION
valid epoch balanced_accuracy: 0.501603
EPOCH 48:
VALIDATION
valid epoch balanced_accuracy: 0.413462
EPOCH 49:
VALIDATION
valid epoch balanced_accuracy: 0.557692
EPOCH 50:
VALIDATION
valid epoch balanced_accuracy: 0.525641
EPOCH 51:
VALIDATION
valid epoch balanced_accuracy: 0.621795
EPOCH 52:
VALIDATION
valid epoch balanced_accuracy: 0.570513
EPOCH 53:
VALIDATION
valid epoch balanced_accuracy: 0.552885
EPOCH 54:
VALIDATION
valid epoch balanced_accuracy: 0.578526
EPOCH 55:
VALIDATION
valid epoch balanced_accuracy: 0.493590
EPOCH 56:
VALIDATION
valid epoch balanced_accuracy: 0.501603
EPOCH 57:
VALIDATION
valid epoch balanced_accuracy: 0.605769
EPOCH 58:
VALIDATION
valid epoch balanced_accuracy: 0.456731
EPOCH 59:
VALIDATION
valid epoch balanced_accuracy: 0.540064
EPOCH 60:
VALIDATION
valid epoch balanced_accuracy: 0.564103
EPOCH 61:
VALIDATION
valid epoch balanced_accuracy: 0.535256
EPOCH 62:
VALIDATION
valid epoch balanced_accuracy: 0.503205
EPOCH 63:
VALIDATION
valid epoch balanced_accuracy: 0.564103
EPOCH 64:
VALIDATION
valid epoch balanced_accuracy: 0.482372
EPOCH 65:
VALIDATION
valid epoch balanced_accuracy: 0.560897
EPOCH 66:
VALIDATION
valid epoch balanced_accuracy: 0.556090
EPOCH 67:
VALIDATION
valid epoch balanced_accuracy: 0.581731
EPOCH 68:
VALIDATION
valid epoch balanced_accuracy: 0.658654
EPOCH 69:
VALIDATION
valid epoch balanced_accuracy: 0.448718
EPOCH 70:
VALIDATION
valid epoch balanced_accuracy: 0.504808
EPOCH 71:
VALIDATION
valid epoch balanced_accuracy: 0.541667
EPOCH 72:
VALIDATION
valid epoch balanced_accuracy: 0.615385
EPOCH 73:
VALIDATION
valid epoch balanced_accuracy: 0.573718
EPOCH 74:
VALIDATION
valid epoch balanced_accuracy: 0.503205
EPOCH 75:
VALIDATION
valid epoch balanced_accuracy: 0.520833
EPOCH 76:
VALIDATION
valid epoch balanced_accuracy: 0.408654
EPOCH 77:
VALIDATION
valid epoch balanced_accuracy: 0.522436
EPOCH 78:
VALIDATION
valid epoch balanced_accuracy: 0.447115
EPOCH 79:
VALIDATION
valid epoch balanced_accuracy: 0.541667
EPOCH 80:
VALIDATION
valid epoch balanced_accuracy: 0.522436
EPOCH 81:
VALIDATION
valid epoch balanced_accuracy: 0.391026
EPOCH 82:
VALIDATION
valid epoch balanced_accuracy: 0.540064
EPOCH 83:
VALIDATION
valid epoch balanced_accuracy: 0.389423
EPOCH 84:
VALIDATION
valid epoch balanced_accuracy: 0.520833
EPOCH 85:
VALIDATION
valid epoch balanced_accuracy: 0.522436
EPOCH 86:
VALIDATION
valid epoch balanced_accuracy: 0.504808
EPOCH 87:
VALIDATION
valid epoch balanced_accuracy: 0.522436
EPOCH 88:
VALIDATION
valid epoch balanced_accuracy: 0.540064
EPOCH 89:
VALIDATION
valid epoch balanced_accuracy: 0.501603
EPOCH 90:
VALIDATION
valid epoch balanced_accuracy: 0.541667
EPOCH 91:
VALIDATION
valid epoch balanced_accuracy: 0.522436
EPOCH 92:
VALIDATION
valid epoch balanced_accuracy: 0.520833
EPOCH 93:
VALIDATION
valid epoch balanced_accuracy: 0.540064
EPOCH 94:
VALIDATION
valid epoch balanced_accuracy: 0.448718
EPOCH 95:
VALIDATION
valid epoch balanced_accuracy: 0.503205
EPOCH 96:
VALIDATION
valid epoch balanced_accuracy: 0.407051
EPOCH 97:
VALIDATION
valid epoch balanced_accuracy: 0.413462
EPOCH 98:
VALIDATION
valid epoch balanced_accuracy: 0.370192
EPOCH 99:
VALIDATION
valid epoch balanced_accuracy: 0.580128
EPOCH 100:
VALIDATION
valid epoch balanced_accuracy: 0.522436
EPOCH 101:
VALIDATION
valid epoch balanced_accuracy: 0.466346
EPOCH 102:
VALIDATION
valid epoch balanced_accuracy: 0.501603
EPOCH 103:
VALIDATION
valid epoch balanced_accuracy: 0.504808
EPOCH 104:
VALIDATION
valid epoch balanced_accuracy: 0.541667
EPOCH 105:
VALIDATION
valid epoch balanced_accuracy: 0.483974
EPOCH 106:
VALIDATION
valid epoch balanced_accuracy: 0.520833
EPOCH 107:
VALIDATION
valid epoch balanced_accuracy: 0.464744
EPOCH 108:
VALIDATION
valid epoch balanced_accuracy: 0.504808
EPOCH 109:
VALIDATION
valid epoch balanced_accuracy: 0.503205
EPOCH 110:
VALIDATION
valid epoch balanced_accuracy: 0.559295
EPOCH 111:
VALIDATION
valid epoch balanced_accuracy: 0.543269
EPOCH 112:
VALIDATION
valid epoch balanced_accuracy: 0.483974
EPOCH 113:
VALIDATION
valid epoch balanced_accuracy: 0.504808
EPOCH 114:
VALIDATION
valid epoch balanced_accuracy: 0.466346
EPOCH 115:
VALIDATION
valid epoch balanced_accuracy: 0.543269
EPOCH 116:
VALIDATION
valid epoch balanced_accuracy: 0.407051
EPOCH 117:
VALIDATION
valid epoch balanced_accuracy: 0.641026
EPOCH 118:
VALIDATION
valid epoch balanced_accuracy: 0.448718
EPOCH 119:
VALIDATION
valid epoch balanced_accuracy: 0.464744
EPOCH 120:
VALIDATION
valid epoch balanced_accuracy: 0.600962
EPOCH 121:
VALIDATION
valid epoch balanced_accuracy: 0.613782
EPOCH 122:
VALIDATION
valid epoch balanced_accuracy: 0.557692
EPOCH 123:
VALIDATION
valid epoch balanced_accuracy: 0.525641
EPOCH 124:
VALIDATION
valid epoch balanced_accuracy: 0.538462
EPOCH 125:
VALIDATION
valid epoch balanced_accuracy: 0.501603
EPOCH 126:
VALIDATION
valid epoch balanced_accuracy: 0.536859
EPOCH 127:
VALIDATION
valid epoch balanced_accuracy: 0.557692
EPOCH 128:
VALIDATION
valid epoch balanced_accuracy: 0.480769
EPOCH 129:
VALIDATION
valid epoch balanced_accuracy: 0.576923
EPOCH 130:
VALIDATION
valid epoch balanced_accuracy: 0.482372
EPOCH 131:
VALIDATION
valid epoch balanced_accuracy: 0.559295
EPOCH 132:
VALIDATION
valid epoch balanced_accuracy: 0.500000
EPOCH 133:
VALIDATION
valid epoch balanced_accuracy: 0.544872
EPOCH 134:
VALIDATION
valid epoch balanced_accuracy: 0.503205
EPOCH 135:
VALIDATION
valid epoch balanced_accuracy: 0.520833
EPOCH 136:
VALIDATION
valid epoch balanced_accuracy: 0.520833
EPOCH 137:
VALIDATION
valid epoch balanced_accuracy: 0.559295
EPOCH 138:
VALIDATION
valid epoch balanced_accuracy: 0.524038
EPOCH 139:
VALIDATION
valid epoch balanced_accuracy: 0.482372
EPOCH 140:
VALIDATION
valid epoch balanced_accuracy: 0.557692
EPOCH 141:
VALIDATION
valid epoch balanced_accuracy: 0.592949
EPOCH 142:
VALIDATION
valid epoch balanced_accuracy: 0.480769
EPOCH 143:
VALIDATION
valid epoch balanced_accuracy: 0.522436
EPOCH 144:
VALIDATION
valid epoch balanced_accuracy: 0.557692
EPOCH 145:
VALIDATION
valid epoch balanced_accuracy: 0.447115
EPOCH 146:
VALIDATION
valid epoch balanced_accuracy: 0.544872
EPOCH 147:
VALIDATION
valid epoch balanced_accuracy: 0.519231
EPOCH 148:
VALIDATION
valid epoch balanced_accuracy: 0.541667
EPOCH 149:
VALIDATION
valid epoch balanced_accuracy: 0.424679
EPOCH 150:
VALIDATION
valid epoch balanced_accuracy: 0.403846
accuracy: 0.686275
sensitivity: 1.000000
precision: 0.644444
specificity: 0.272727
IoU: 0.644444
FAR: 0.727273
F1: 0.783784
balanced_accuracy: 0.636364
loss: 0.549273
