
number of parameters : 1614030
train : (1069, 12)
valid : (131, 12)
test : (131, 12)
class weights : [1.3263027667999268, 0.8025525808334351]
data extracted
EPOCH 1:
VALIDATION
valid epoch balanced_accuracy: 0.500000
EPOCH 2:
VALIDATION
valid epoch balanced_accuracy: 0.509036
EPOCH 3:
VALIDATION
valid epoch balanced_accuracy: 0.550075
EPOCH 4:
VALIDATION
valid epoch balanced_accuracy: 0.550075
EPOCH 5:
VALIDATION
valid epoch balanced_accuracy: 0.577435
EPOCH 6:
VALIDATION
valid epoch balanced_accuracy: 0.535141
EPOCH 7:
VALIDATION
valid epoch balanced_accuracy: 0.563128
EPOCH 8:
VALIDATION
valid epoch balanced_accuracy: 0.589483
EPOCH 9:
VALIDATION
valid epoch balanced_accuracy: 0.614709
EPOCH 10:
VALIDATION
valid epoch balanced_accuracy: 0.604794
EPOCH 11:
VALIDATION
valid epoch balanced_accuracy: 0.642068
EPOCH 12:
VALIDATION
valid epoch balanced_accuracy: 0.717244
EPOCH 13:
VALIDATION
valid epoch balanced_accuracy: 0.655873
EPOCH 14:
VALIDATION
valid epoch balanced_accuracy: 0.647716
EPOCH 15:
VALIDATION
valid epoch balanced_accuracy: 0.673946
EPOCH 16:
VALIDATION
valid epoch balanced_accuracy: 0.649849
EPOCH 17:
VALIDATION
valid epoch balanced_accuracy: 0.675577
EPOCH 18:
VALIDATION
valid epoch balanced_accuracy: 0.660141
EPOCH 19:
VALIDATION
valid epoch balanced_accuracy: 0.631777
EPOCH 20:
VALIDATION
valid epoch balanced_accuracy: 0.625753
EPOCH 21:
VALIDATION
valid epoch balanced_accuracy: 0.577560
EPOCH 22:
VALIDATION
valid epoch balanced_accuracy: 0.654744
EPOCH 23:
VALIDATION
valid epoch balanced_accuracy: 0.635542
EPOCH 24:
VALIDATION
valid epoch balanced_accuracy: 0.702435
EPOCH 25:
VALIDATION
valid epoch balanced_accuracy: 0.670683
EPOCH 26:
VALIDATION
valid epoch balanced_accuracy: 0.610944
EPOCH 27:
VALIDATION
valid epoch balanced_accuracy: 0.619603
EPOCH 28:
VALIDATION
valid epoch balanced_accuracy: 0.619603
EPOCH 29:
VALIDATION
valid epoch balanced_accuracy: 0.621235
EPOCH 30:
VALIDATION
valid epoch balanced_accuracy: 0.618097
EPOCH 31:
VALIDATION
valid epoch balanced_accuracy: 0.684362
EPOCH 32:
VALIDATION
valid epoch balanced_accuracy: 0.635542
EPOCH 33:
VALIDATION
valid epoch balanced_accuracy: 0.684864
EPOCH 34:
VALIDATION
valid epoch balanced_accuracy: 0.666290
EPOCH 35:
VALIDATION
valid epoch balanced_accuracy: 0.699674
EPOCH 36:
VALIDATION
valid epoch balanced_accuracy: 0.654116
EPOCH 37:
VALIDATION
valid epoch balanced_accuracy: 0.659639
EPOCH 38:
VALIDATION
valid epoch balanced_accuracy: 0.634915
EPOCH 39:
VALIDATION
valid epoch balanced_accuracy: 0.682731
EPOCH 40:
VALIDATION
valid epoch balanced_accuracy: 0.653614
EPOCH 41:
VALIDATION
valid epoch balanced_accuracy: 0.617470
EPOCH 42:
VALIDATION
valid epoch balanced_accuracy: 0.639935
EPOCH 43:
VALIDATION
valid epoch balanced_accuracy: 0.554970
EPOCH 44:
VALIDATION
valid epoch balanced_accuracy: 0.700803
EPOCH 45:
VALIDATION
valid epoch balanced_accuracy: 0.650351
EPOCH 46:
VALIDATION
valid epoch balanced_accuracy: 0.631150
EPOCH 47:
VALIDATION
valid epoch balanced_accuracy: 0.647088
EPOCH 48:
VALIDATION
valid epoch balanced_accuracy: 0.616842
EPOCH 49:
VALIDATION
valid epoch balanced_accuracy: 0.668424
EPOCH 50:
VALIDATION
valid epoch balanced_accuracy: 0.684362
EPOCH 51:
VALIDATION
valid epoch balanced_accuracy: 0.651481
EPOCH 52:
VALIDATION
valid epoch balanced_accuracy: 0.613077
EPOCH 53:
VALIDATION
valid epoch balanced_accuracy: 0.619101
EPOCH 54:
VALIDATION
valid epoch balanced_accuracy: 0.643825
EPOCH 55:
VALIDATION
valid epoch balanced_accuracy: 0.596637
EPOCH 56:
VALIDATION
valid epoch balanced_accuracy: 0.601029
EPOCH 57:
VALIDATION
valid epoch balanced_accuracy: 0.598268
EPOCH 58:
VALIDATION
valid epoch balanced_accuracy: 0.620231
EPOCH 59:
VALIDATION
valid epoch balanced_accuracy: 0.635040
EPOCH 60:
VALIDATION
valid epoch balanced_accuracy: 0.624623
EPOCH 61:
VALIDATION
valid epoch balanced_accuracy: 0.640437
EPOCH 62:
VALIDATION
valid epoch balanced_accuracy: 0.614207
EPOCH 63:
VALIDATION
valid epoch balanced_accuracy: 0.612575
EPOCH 64:
VALIDATION
valid epoch balanced_accuracy: 0.654242
EPOCH 65:
VALIDATION
valid epoch balanced_accuracy: 0.608183
EPOCH 66:
VALIDATION
valid epoch balanced_accuracy: 0.669553
EPOCH 67:
VALIDATION
valid epoch balanced_accuracy: 0.681099
EPOCH 68:
VALIDATION
valid epoch balanced_accuracy: 0.685994
EPOCH 69:
VALIDATION
valid epoch balanced_accuracy: 0.629518
EPOCH 70:
VALIDATION
valid epoch balanced_accuracy: 0.635542
EPOCH 71:
VALIDATION
valid epoch balanced_accuracy: 0.651481
EPOCH 72:
VALIDATION
valid epoch balanced_accuracy: 0.647590
EPOCH 73:
VALIDATION
valid epoch balanced_accuracy: 0.631777
EPOCH 74:
VALIDATION
valid epoch balanced_accuracy: 0.616340
EPOCH 75:
VALIDATION
valid epoch balanced_accuracy: 0.694779
EPOCH 76:
VALIDATION
valid epoch balanced_accuracy: 0.602661
EPOCH 77:
VALIDATION
valid epoch balanced_accuracy: 0.612575
EPOCH 78:
VALIDATION
valid epoch balanced_accuracy: 0.565889
EPOCH 79:
VALIDATION
valid epoch balanced_accuracy: 0.616968
EPOCH 80:
VALIDATION
valid epoch balanced_accuracy: 0.666792
EPOCH 81:
VALIDATION
valid epoch balanced_accuracy: 0.588981
EPOCH 82:
VALIDATION
valid epoch balanced_accuracy: 0.630146
EPOCH 83:
VALIDATION
valid epoch balanced_accuracy: 0.631150
EPOCH 84:
VALIDATION
valid epoch balanced_accuracy: 0.605422
EPOCH 85:
VALIDATION
valid epoch balanced_accuracy: 0.602661
EPOCH 86:
VALIDATION
valid epoch balanced_accuracy: 0.653614
EPOCH 87:
VALIDATION
valid epoch balanced_accuracy: 0.608183
EPOCH 88:
VALIDATION
valid epoch balanced_accuracy: 0.618599
EPOCH 89:
VALIDATION
valid epoch balanced_accuracy: 0.647088
EPOCH 90:
VALIDATION
valid epoch balanced_accuracy: 0.637801
EPOCH 91:
VALIDATION
valid epoch balanced_accuracy: 0.654242
EPOCH 92:
VALIDATION
valid epoch balanced_accuracy: 0.622992
EPOCH 93:
VALIDATION
valid epoch balanced_accuracy: 0.618599
EPOCH 94:
VALIDATION
valid epoch balanced_accuracy: 0.654744
EPOCH 95:
VALIDATION
valid epoch balanced_accuracy: 0.659639
EARLY STOPPING: rolling validation balanced accuracy did not improve for 60 epochs and validation loss increased over the same window.
accuracy: 0.740458
sensitivity: 0.380952
precision: 0.666667
specificity: 0.910112
IoU: 0.320000
FAR: 0.089888
F1: 0.484848
balanced_accuracy: 0.645532
loss: 0.881556
