Waiting for exclusive access to GPU GPU-921bd90d-c98b-84ba-5b27-e17315d3441a.
=== GROUP: lipocalin | VARIANT: single_gat_transformer | SEED: 4 | FINAL_DROPOUT: 0.0 | WEIGHT_DECAY: 1e-5 | GPU: Tesla V100-SXM2-32GB ===

number of parameters : 1614030
train : (1076, 12)
valid : (128, 12)
test : (127, 12)
class weights : [1.312195062637329, 0.8078078031539917]
data extracted
EPOCH 1:
VALIDATION
valid epoch balanced_accuracy: 0.479167
EPOCH 2:
VALIDATION
valid epoch balanced_accuracy: 0.518750
EPOCH 3:
VALIDATION
valid epoch balanced_accuracy: 0.491667
EPOCH 4:
VALIDATION
valid epoch balanced_accuracy: 0.533333
EPOCH 5:
VALIDATION
valid epoch balanced_accuracy: 0.537500
EPOCH 6:
VALIDATION
valid epoch balanced_accuracy: 0.556250
EPOCH 7:
VALIDATION
valid epoch balanced_accuracy: 0.552083
EPOCH 8:
VALIDATION
valid epoch balanced_accuracy: 0.537500
EPOCH 9:
VALIDATION
valid epoch balanced_accuracy: 0.479167
EPOCH 10:
VALIDATION
valid epoch balanced_accuracy: 0.572917
EPOCH 11:
VALIDATION
valid epoch balanced_accuracy: 0.602083
EPOCH 12:
VALIDATION
valid epoch balanced_accuracy: 0.581250
EPOCH 13:
VALIDATION
valid epoch balanced_accuracy: 0.604167
EPOCH 14:
VALIDATION
valid epoch balanced_accuracy: 0.660417
EPOCH 15:
VALIDATION
valid epoch balanced_accuracy: 0.562500
EPOCH 16:
VALIDATION
valid epoch balanced_accuracy: 0.568750
EPOCH 17:
VALIDATION
valid epoch balanced_accuracy: 0.625000
EPOCH 18:
VALIDATION
valid epoch balanced_accuracy: 0.708333
EPOCH 19:
VALIDATION
valid epoch balanced_accuracy: 0.731250
EPOCH 20:
VALIDATION
valid epoch balanced_accuracy: 0.758333
EPOCH 21:
VALIDATION
valid epoch balanced_accuracy: 0.637500
EPOCH 22:
VALIDATION
valid epoch balanced_accuracy: 0.697917
EPOCH 23:
VALIDATION
valid epoch balanced_accuracy: 0.681250
EPOCH 24:
VALIDATION
valid epoch balanced_accuracy: 0.687500
EPOCH 25:
VALIDATION
valid epoch balanced_accuracy: 0.675000
EPOCH 26:
VALIDATION
valid epoch balanced_accuracy: 0.716667
EPOCH 27:
VALIDATION
valid epoch balanced_accuracy: 0.714583
EPOCH 28:
VALIDATION
valid epoch balanced_accuracy: 0.714583
EPOCH 29:
VALIDATION
valid epoch balanced_accuracy: 0.670833
EPOCH 30:
VALIDATION
valid epoch balanced_accuracy: 0.587500
EPOCH 31:
VALIDATION
valid epoch balanced_accuracy: 0.668750
EPOCH 32:
VALIDATION
valid epoch balanced_accuracy: 0.625000
EPOCH 33:
VALIDATION
valid epoch balanced_accuracy: 0.664583
EPOCH 34:
VALIDATION
valid epoch balanced_accuracy: 0.595833
EPOCH 35:
VALIDATION
valid epoch balanced_accuracy: 0.685417
EPOCH 36:
VALIDATION
valid epoch balanced_accuracy: 0.670833
EPOCH 37:
VALIDATION
valid epoch balanced_accuracy: 0.645833
EPOCH 38:
VALIDATION
valid epoch balanced_accuracy: 0.652083
EPOCH 39:
VALIDATION
valid epoch balanced_accuracy: 0.604167
EPOCH 40:
VALIDATION
valid epoch balanced_accuracy: 0.631250
EPOCH 41:
VALIDATION
valid epoch balanced_accuracy: 0.597917
EPOCH 42:
VALIDATION
valid epoch balanced_accuracy: 0.589583
EPOCH 43:
VALIDATION
valid epoch balanced_accuracy: 0.597917
EPOCH 44:
VALIDATION
valid epoch balanced_accuracy: 0.550000
EPOCH 45:
VALIDATION
valid epoch balanced_accuracy: 0.664583
EPOCH 46:
VALIDATION
valid epoch balanced_accuracy: 0.589583
EPOCH 47:
VALIDATION
valid epoch balanced_accuracy: 0.631250
EPOCH 48:
VALIDATION
valid epoch balanced_accuracy: 0.591667
EPOCH 49:
VALIDATION
valid epoch balanced_accuracy: 0.635417
EPOCH 50:
VALIDATION
valid epoch balanced_accuracy: 0.666667
EPOCH 51:
VALIDATION
valid epoch balanced_accuracy: 0.702083
EPOCH 52:
VALIDATION
valid epoch balanced_accuracy: 0.650000
EPOCH 53:
VALIDATION
valid epoch balanced_accuracy: 0.575000
EPOCH 54:
VALIDATION
valid epoch balanced_accuracy: 0.577083
EPOCH 55:
VALIDATION
valid epoch balanced_accuracy: 0.537500
EPOCH 56:
VALIDATION
valid epoch balanced_accuracy: 0.614583
EPOCH 57:
VALIDATION
valid epoch balanced_accuracy: 0.672917
EPOCH 58:
VALIDATION
valid epoch balanced_accuracy: 0.610417
EPOCH 59:
VALIDATION
valid epoch balanced_accuracy: 0.618750
EPOCH 60:
VALIDATION
valid epoch balanced_accuracy: 0.670833
EPOCH 61:
VALIDATION
valid epoch balanced_accuracy: 0.620833
EPOCH 62:
VALIDATION
valid epoch balanced_accuracy: 0.616667
EPOCH 63:
VALIDATION
valid epoch balanced_accuracy: 0.656250
EPOCH 64:
VALIDATION
valid epoch balanced_accuracy: 0.660417
EPOCH 65:
VALIDATION
valid epoch balanced_accuracy: 0.650000
EPOCH 66:
VALIDATION
valid epoch balanced_accuracy: 0.591667
EPOCH 67:
VALIDATION
valid epoch balanced_accuracy: 0.618750
EPOCH 68:
VALIDATION
valid epoch balanced_accuracy: 0.662500
EPOCH 69:
VALIDATION
valid epoch balanced_accuracy: 0.666667
EPOCH 70:
VALIDATION
valid epoch balanced_accuracy: 0.658333
EPOCH 71:
VALIDATION
valid epoch balanced_accuracy: 0.635417
EPOCH 72:
VALIDATION
valid epoch balanced_accuracy: 0.570833
EPOCH 73:
VALIDATION
valid epoch balanced_accuracy: 0.589583
EPOCH 74:
VALIDATION
valid epoch balanced_accuracy: 0.606250
EPOCH 75:
VALIDATION
valid epoch balanced_accuracy: 0.652083
EPOCH 76:
VALIDATION
valid epoch balanced_accuracy: 0.602083
EPOCH 77:
VALIDATION
valid epoch balanced_accuracy: 0.608333
EPOCH 78:
VALIDATION
valid epoch balanced_accuracy: 0.633333
EPOCH 79:
VALIDATION
valid epoch balanced_accuracy: 0.645833
EPOCH 80:
VALIDATION
valid epoch balanced_accuracy: 0.625000
EPOCH 81:
VALIDATION
valid epoch balanced_accuracy: 0.620833
EPOCH 82:
VALIDATION
valid epoch balanced_accuracy: 0.602083
EARLY STOPPING: rolling validation balanced accuracy did not improve for 60 epochs and validation loss increased over the same window.
accuracy: 0.748031
sensitivity: 0.476190
precision: 0.666667
specificity: 0.882353
IoU: 0.384615
FAR: 0.117647
F1: 0.555556
balanced_accuracy: 0.679272
loss: 0.555366
