Waiting for exclusive access to GPU GPU-263f55be-a11c-81be-8af6-e948471cb954.
=== GROUP: LBP_BPI_CETP | VARIANT: no_post_sa_mlp_standard | SEED: 1 | GPU: Tesla V100-SXM2-32GB ===

number of parameters : 1009230
train : (1230, 12)
valid : (50, 12)
test : (51, 12)
class weights : [1.162570834159851, 0.8773181438446045]
data extracted
EPOCH 1:
VALIDATION
valid epoch balanced_accuracy: 0.647436
EPOCH 2:
VALIDATION
valid epoch balanced_accuracy: 0.687500
EPOCH 3:
VALIDATION
valid epoch balanced_accuracy: 0.791667
EPOCH 4:
VALIDATION
valid epoch balanced_accuracy: 0.666667
EPOCH 5:
VALIDATION
valid epoch balanced_accuracy: 0.708333
EPOCH 6:
VALIDATION
valid epoch balanced_accuracy: 0.660256
EPOCH 7:
VALIDATION
valid epoch balanced_accuracy: 0.709936
EPOCH 8:
VALIDATION
valid epoch balanced_accuracy: 0.695513
EPOCH 9:
VALIDATION
valid epoch balanced_accuracy: 0.717949
EPOCH 10:
VALIDATION
valid epoch balanced_accuracy: 0.695513
EPOCH 11:
VALIDATION
valid epoch balanced_accuracy: 0.764423
EPOCH 12:
VALIDATION
valid epoch balanced_accuracy: 0.676282
EPOCH 13:
VALIDATION
valid epoch balanced_accuracy: 0.693910
EPOCH 14:
VALIDATION
valid epoch balanced_accuracy: 0.695513
EPOCH 15:
VALIDATION
valid epoch balanced_accuracy: 0.634615
EPOCH 16:
VALIDATION
valid epoch balanced_accuracy: 0.738782
EPOCH 17:
VALIDATION
valid epoch balanced_accuracy: 0.692308
EPOCH 18:
VALIDATION
valid epoch balanced_accuracy: 0.676282
EPOCH 19:
VALIDATION
valid epoch balanced_accuracy: 0.743590
EPOCH 20:
VALIDATION
valid epoch balanced_accuracy: 0.759615
EPOCH 21:
VALIDATION
valid epoch balanced_accuracy: 0.786859
EPOCH 22:
VALIDATION
valid epoch balanced_accuracy: 0.750000
EPOCH 23:
VALIDATION
valid epoch balanced_accuracy: 0.695513
EPOCH 24:
VALIDATION
valid epoch balanced_accuracy: 0.697115
EPOCH 25:
VALIDATION
valid epoch balanced_accuracy: 0.657051
EPOCH 26:
VALIDATION
valid epoch balanced_accuracy: 0.761218
EPOCH 27:
VALIDATION
valid epoch balanced_accuracy: 0.655449
EPOCH 28:
VALIDATION
valid epoch balanced_accuracy: 0.738782
EPOCH 29:
VALIDATION
valid epoch balanced_accuracy: 0.676282
EPOCH 30:
VALIDATION
valid epoch balanced_accuracy: 0.633013
EPOCH 31:
VALIDATION
valid epoch balanced_accuracy: 0.657051
EPOCH 32:
VALIDATION
valid epoch balanced_accuracy: 0.721154
EPOCH 33:
VALIDATION
valid epoch balanced_accuracy: 0.722756
EPOCH 34:
VALIDATION
valid epoch balanced_accuracy: 0.697115
EPOCH 35:
VALIDATION
valid epoch balanced_accuracy: 0.703526
EPOCH 36:
VALIDATION
valid epoch balanced_accuracy: 0.783654
EPOCH 37:
VALIDATION
valid epoch balanced_accuracy: 0.700321
EPOCH 38:
VALIDATION
valid epoch balanced_accuracy: 0.676282
EPOCH 39:
VALIDATION
valid epoch balanced_accuracy: 0.719551
EPOCH 40:
VALIDATION
valid epoch balanced_accuracy: 0.695513
EPOCH 41:
VALIDATION
valid epoch balanced_accuracy: 0.719551
EPOCH 42:
VALIDATION
valid epoch balanced_accuracy: 0.679487
EPOCH 43:
VALIDATION
valid epoch balanced_accuracy: 0.679487
EPOCH 44:
VALIDATION
valid epoch balanced_accuracy: 0.679487
EPOCH 45:
VALIDATION
valid epoch balanced_accuracy: 0.697115
EPOCH 46:
VALIDATION
valid epoch balanced_accuracy: 0.745192
EPOCH 47:
VALIDATION
valid epoch balanced_accuracy: 0.741987
EPOCH 48:
VALIDATION
valid epoch balanced_accuracy: 0.698718
EPOCH 49:
VALIDATION
valid epoch balanced_accuracy: 0.737179
EPOCH 50:
VALIDATION
valid epoch balanced_accuracy: 0.721154
EPOCH 51:
VALIDATION
valid epoch balanced_accuracy: 0.657051
EPOCH 52:
VALIDATION
valid epoch balanced_accuracy: 0.679487
EPOCH 53:
VALIDATION
valid epoch balanced_accuracy: 0.679487
EPOCH 54:
VALIDATION
valid epoch balanced_accuracy: 0.658654
EPOCH 55:
VALIDATION
valid epoch balanced_accuracy: 0.679487
EPOCH 56:
VALIDATION
valid epoch balanced_accuracy: 0.657051
EPOCH 57:
VALIDATION
valid epoch balanced_accuracy: 0.721154
EPOCH 58:
VALIDATION
valid epoch balanced_accuracy: 0.721154
EPOCH 59:
VALIDATION
valid epoch balanced_accuracy: 0.700321
EPOCH 60:
VALIDATION
valid epoch balanced_accuracy: 0.762821
EPOCH 61:
VALIDATION
valid epoch balanced_accuracy: 0.745192
EPOCH 62:
VALIDATION
valid epoch balanced_accuracy: 0.700321
EPOCH 63:
VALIDATION
valid epoch balanced_accuracy: 0.700321
EPOCH 64:
VALIDATION
valid epoch balanced_accuracy: 0.679487
EPOCH 65:
VALIDATION
valid epoch balanced_accuracy: 0.721154
EPOCH 66:
VALIDATION
valid epoch balanced_accuracy: 0.741987
EPOCH 67:
VALIDATION
valid epoch balanced_accuracy: 0.705128
EPOCH 68:
VALIDATION
valid epoch balanced_accuracy: 0.698718
EPOCH 69:
VALIDATION
valid epoch balanced_accuracy: 0.719551
EPOCH 70:
VALIDATION
valid epoch balanced_accuracy: 0.679487
EPOCH 71:
VALIDATION
valid epoch balanced_accuracy: 0.762821
EPOCH 72:
VALIDATION
valid epoch balanced_accuracy: 0.724359
EPOCH 73:
VALIDATION
valid epoch balanced_accuracy: 0.700321
EPOCH 74:
VALIDATION
valid epoch balanced_accuracy: 0.677885
EPOCH 75:
VALIDATION
valid epoch balanced_accuracy: 0.657051
EPOCH 76:
VALIDATION
valid epoch balanced_accuracy: 0.738782
EPOCH 77:
VALIDATION
valid epoch balanced_accuracy: 0.658654
EPOCH 78:
VALIDATION
valid epoch balanced_accuracy: 0.783654
EPOCH 79:
VALIDATION
valid epoch balanced_accuracy: 0.783654
EPOCH 80:
VALIDATION
valid epoch balanced_accuracy: 0.721154
EPOCH 81:
VALIDATION
valid epoch balanced_accuracy: 0.764423
EPOCH 82:
VALIDATION
valid epoch balanced_accuracy: 0.700321
EPOCH 83:
VALIDATION
valid epoch balanced_accuracy: 0.762821
EPOCH 84:
VALIDATION
valid epoch balanced_accuracy: 0.762821
EPOCH 85:
VALIDATION
valid epoch balanced_accuracy: 0.700321
EPOCH 86:
VALIDATION
valid epoch balanced_accuracy: 0.741987
EPOCH 87:
VALIDATION
valid epoch balanced_accuracy: 0.700321
EPOCH 88:
VALIDATION
valid epoch balanced_accuracy: 0.698718
EPOCH 89:
VALIDATION
valid epoch balanced_accuracy: 0.700321
EPOCH 90:
VALIDATION
valid epoch balanced_accuracy: 0.721154
EPOCH 91:
VALIDATION
valid epoch balanced_accuracy: 0.658654
EPOCH 92:
VALIDATION
valid epoch balanced_accuracy: 0.762821
EPOCH 93:
VALIDATION
valid epoch balanced_accuracy: 0.658654
EPOCH 94:
VALIDATION
valid epoch balanced_accuracy: 0.668269
EPOCH 95:
VALIDATION
valid epoch balanced_accuracy: 0.698718
EPOCH 96:
VALIDATION
valid epoch balanced_accuracy: 0.556090
EPOCH 97:
VALIDATION
valid epoch balanced_accuracy: 0.741987
EPOCH 98:
VALIDATION
valid epoch balanced_accuracy: 0.841346
EPOCH 99:
VALIDATION
valid epoch balanced_accuracy: 0.719551
EPOCH 100:
VALIDATION
valid epoch balanced_accuracy: 0.677885
EPOCH 101:
VALIDATION
valid epoch balanced_accuracy: 0.721154
EPOCH 102:
VALIDATION
valid epoch balanced_accuracy: 0.637821
EPOCH 103:
VALIDATION
valid epoch balanced_accuracy: 0.721154
EPOCH 104:
VALIDATION
valid epoch balanced_accuracy: 0.658654
EPOCH 105:
VALIDATION
valid epoch balanced_accuracy: 0.677885
EPOCH 106:
VALIDATION
valid epoch balanced_accuracy: 0.637821
EPOCH 107:
VALIDATION
valid epoch balanced_accuracy: 0.700321
EPOCH 108:
VALIDATION
valid epoch balanced_accuracy: 0.658654
EPOCH 109:
VALIDATION
valid epoch balanced_accuracy: 0.679487
EPOCH 110:
VALIDATION
valid epoch balanced_accuracy: 0.658654
EPOCH 111:
VALIDATION
valid epoch balanced_accuracy: 0.658654
EPOCH 112:
VALIDATION
valid epoch balanced_accuracy: 0.700321
EPOCH 113:
VALIDATION
valid epoch balanced_accuracy: 0.698718
EPOCH 114:
VALIDATION
valid epoch balanced_accuracy: 0.714744
EPOCH 115:
VALIDATION
valid epoch balanced_accuracy: 0.700321
EPOCH 116:
VALIDATION
valid epoch balanced_accuracy: 0.679487
EPOCH 117:
VALIDATION
valid epoch balanced_accuracy: 0.783654
EPOCH 118:
VALIDATION
valid epoch balanced_accuracy: 0.786859
EPOCH 119:
VALIDATION
valid epoch balanced_accuracy: 0.721154
EPOCH 120:
VALIDATION
valid epoch balanced_accuracy: 0.762821
EPOCH 121:
VALIDATION
valid epoch balanced_accuracy: 0.721154
EPOCH 122:
VALIDATION
valid epoch balanced_accuracy: 0.762821
EPOCH 123:
VALIDATION
valid epoch balanced_accuracy: 0.762821
EPOCH 124:
VALIDATION
valid epoch balanced_accuracy: 0.679487
EPOCH 125:
VALIDATION
valid epoch balanced_accuracy: 0.700321
EPOCH 126:
VALIDATION
valid epoch balanced_accuracy: 0.679487
EPOCH 127:
VALIDATION
valid epoch balanced_accuracy: 0.679487
EPOCH 128:
VALIDATION
valid epoch balanced_accuracy: 0.721154
EPOCH 129:
VALIDATION
valid epoch balanced_accuracy: 0.721154
EPOCH 130:
VALIDATION
valid epoch balanced_accuracy: 0.783654
EPOCH 131:
VALIDATION
valid epoch balanced_accuracy: 0.741987
EPOCH 132:
VALIDATION
valid epoch balanced_accuracy: 0.682692
EPOCH 133:
VALIDATION
valid epoch balanced_accuracy: 0.697115
EPOCH 134:
VALIDATION
valid epoch balanced_accuracy: 0.701923
EPOCH 135:
VALIDATION
valid epoch balanced_accuracy: 0.762821
EPOCH 136:
VALIDATION
valid epoch balanced_accuracy: 0.741987
EPOCH 137:
VALIDATION
valid epoch balanced_accuracy: 0.719551
EPOCH 138:
VALIDATION
valid epoch balanced_accuracy: 0.782051
EPOCH 139:
VALIDATION
valid epoch balanced_accuracy: 0.719551
EPOCH 140:
VALIDATION
valid epoch balanced_accuracy: 0.719551
EPOCH 141:
VALIDATION
valid epoch balanced_accuracy: 0.717949
EPOCH 142:
VALIDATION
valid epoch balanced_accuracy: 0.719551
EPOCH 143:
VALIDATION
valid epoch balanced_accuracy: 0.698718
EPOCH 144:
VALIDATION
valid epoch balanced_accuracy: 0.698718
EPOCH 145:
VALIDATION
valid epoch balanced_accuracy: 0.698718
EPOCH 146:
VALIDATION
valid epoch balanced_accuracy: 0.697115
EPOCH 147:
VALIDATION
valid epoch balanced_accuracy: 0.698718
EPOCH 148:
VALIDATION
valid epoch balanced_accuracy: 0.698718
EPOCH 149:
VALIDATION
valid epoch balanced_accuracy: 0.700321
EPOCH 150:
VALIDATION
valid epoch balanced_accuracy: 0.698718
accuracy: 0.745098
sensitivity: 0.655172
precision: 0.863636
specificity: 0.863636
IoU: 0.593750
FAR: 0.136364
F1: 0.745098
balanced_accuracy: 0.759404
loss: 1.263070
