
number of parameters : 1550858
train : (1350, 12)
valid : (81, 12)
test : (81, 12)
class weights : [1.0, 1.0]
balanced batches : 85 per epoch covering all 1350 train rows, target 8 positive + 8 unlabeled
data extracted
EPOCH 1:
VALIDATION
valid epoch balanced_accuracy: 0.183232
EPOCH 2:
VALIDATION
valid epoch balanced_accuracy: 0.487500
EPOCH 3:
VALIDATION
valid epoch balanced_accuracy: 0.285976
EPOCH 4:
VALIDATION
valid epoch balanced_accuracy: 0.183841
EPOCH 5:
VALIDATION
valid epoch balanced_accuracy: 0.281402
EPOCH 6:
VALIDATION
valid epoch balanced_accuracy: 0.281707
EPOCH 7:
VALIDATION
valid epoch balanced_accuracy: 0.232927
EPOCH 8:
VALIDATION
valid epoch balanced_accuracy: 0.257012
EPOCH 9:
VALIDATION
valid epoch balanced_accuracy: 0.172256
EPOCH 10:
VALIDATION
valid epoch balanced_accuracy: 0.293902
EPOCH 11:
VALIDATION
valid epoch balanced_accuracy: 0.257012
EPOCH 12:
VALIDATION
valid epoch balanced_accuracy: 0.293598
EPOCH 13:
VALIDATION
valid epoch balanced_accuracy: 0.281707
EPOCH 14:
VALIDATION
valid epoch balanced_accuracy: 0.305793
EPOCH 15:
VALIDATION
valid epoch balanced_accuracy: 0.245122
EPOCH 16:
VALIDATION
valid epoch balanced_accuracy: 0.317988
EPOCH 17:
VALIDATION
valid epoch balanced_accuracy: 0.305793
EPOCH 18:
VALIDATION
valid epoch balanced_accuracy: 0.257317
EPOCH 19:
VALIDATION
valid epoch balanced_accuracy: 0.233841
EPOCH 20:
VALIDATION
valid epoch balanced_accuracy: 0.293598
EPOCH 21:
VALIDATION
valid epoch balanced_accuracy: 0.293902
EPOCH 22:
VALIDATION
valid epoch balanced_accuracy: 0.245122
EPOCH 23:
VALIDATION
valid epoch balanced_accuracy: 0.342073
EPOCH 24:
VALIDATION
valid epoch balanced_accuracy: 0.257317
EPOCH 25:
VALIDATION
valid epoch balanced_accuracy: 0.317988
EPOCH 26:
VALIDATION
valid epoch balanced_accuracy: 0.257012
EPOCH 27:
VALIDATION
valid epoch balanced_accuracy: 0.257012
EPOCH 28:
VALIDATION
valid epoch balanced_accuracy: 0.305793
EPOCH 29:
VALIDATION
valid epoch balanced_accuracy: 0.342378
EPOCH 30:
VALIDATION
valid epoch balanced_accuracy: 0.342378
EPOCH 31:
VALIDATION
valid epoch balanced_accuracy: 0.305793
EPOCH 32:
VALIDATION
valid epoch balanced_accuracy: 0.269512
EPOCH 33:
VALIDATION
valid epoch balanced_accuracy: 0.330183
EPOCH 34:
VALIDATION
valid epoch balanced_accuracy: 0.148171
EPOCH 35:
VALIDATION
valid epoch balanced_accuracy: 0.269512
EPOCH 36:
VALIDATION
valid epoch balanced_accuracy: 0.257317
EPOCH 37:
VALIDATION
valid epoch balanced_accuracy: 0.354268
EPOCH 38:
VALIDATION
valid epoch balanced_accuracy: 0.305793
EPOCH 39:
VALIDATION
valid epoch balanced_accuracy: 0.317988
EPOCH 40:
VALIDATION
valid epoch balanced_accuracy: 0.343598
EPOCH 41:
VALIDATION
valid epoch balanced_accuracy: 0.294512
EPOCH 42:
VALIDATION
valid epoch balanced_accuracy: 0.305793
EPOCH 43:
VALIDATION
valid epoch balanced_accuracy: 0.269512
EPOCH 44:
VALIDATION
valid epoch balanced_accuracy: 0.305793
EPOCH 45:
VALIDATION
valid epoch balanced_accuracy: 0.294512
EPOCH 46:
VALIDATION
valid epoch balanced_accuracy: 0.270427
EPOCH 47:
VALIDATION
valid epoch balanced_accuracy: 0.342683
EPOCH 48:
VALIDATION
valid epoch balanced_accuracy: 0.331098
EPOCH 49:
VALIDATION
valid epoch balanced_accuracy: 0.342683
EPOCH 50:
VALIDATION
valid epoch balanced_accuracy: 0.415854
EPOCH 51:
VALIDATION
valid epoch balanced_accuracy: 0.293598
EPOCH 52:
VALIDATION
valid epoch balanced_accuracy: 0.354878
EPOCH 53:
VALIDATION
valid epoch balanced_accuracy: 0.294817
EPOCH 54:
VALIDATION
valid epoch balanced_accuracy: 0.367378
EPOCH 55:
VALIDATION
valid epoch balanced_accuracy: 0.355183
EPOCH 56:
VALIDATION
valid epoch balanced_accuracy: 0.415549
EPOCH 57:
VALIDATION
valid epoch balanced_accuracy: 0.379573
EPOCH 58:
VALIDATION
valid epoch balanced_accuracy: 0.378963
EPOCH 59:
VALIDATION
valid epoch balanced_accuracy: 0.306098
EPOCH 60:
VALIDATION
valid epoch balanced_accuracy: 0.282012
EPOCH 61:
VALIDATION
valid epoch balanced_accuracy: 0.342988
EPOCH 62:
VALIDATION
valid epoch balanced_accuracy: 0.391159
EPOCH 63:
VALIDATION
valid epoch balanced_accuracy: 0.451524
EPOCH 64:
VALIDATION
valid epoch balanced_accuracy: 0.355183
EPOCH 65:
VALIDATION
valid epoch balanced_accuracy: 0.403659
EPOCH 66:
VALIDATION
valid epoch balanced_accuracy: 0.342683
EPOCH 67:
VALIDATION
valid epoch balanced_accuracy: 0.427134
EPOCH 68:
VALIDATION
valid epoch balanced_accuracy: 0.342378
EPOCH 69:
VALIDATION
valid epoch balanced_accuracy: 0.367073
EPOCH 70:
VALIDATION
valid epoch balanced_accuracy: 0.330793
EPOCH 71:
VALIDATION
valid epoch balanced_accuracy: 0.367378
EPOCH 72:
VALIDATION
valid epoch balanced_accuracy: 0.366768
EPOCH 73:
VALIDATION
valid epoch balanced_accuracy: 0.269817
EPOCH 74:
VALIDATION
valid epoch balanced_accuracy: 0.427744
EPOCH 75:
VALIDATION
valid epoch balanced_accuracy: 0.402744
EPOCH 76:
VALIDATION
valid epoch balanced_accuracy: 0.378963
EPOCH 77:
VALIDATION
valid epoch balanced_accuracy: 0.330183
EPOCH 78:
VALIDATION
valid epoch balanced_accuracy: 0.427439
EPOCH 79:
VALIDATION
valid epoch balanced_accuracy: 0.354268
EPOCH 80:
VALIDATION
valid epoch balanced_accuracy: 0.403354
EPOCH 81:
VALIDATION
valid epoch balanced_accuracy: 0.378354
EPOCH 82:
VALIDATION
valid epoch balanced_accuracy: 0.342073
EPOCH 83:
VALIDATION
valid epoch balanced_accuracy: 0.354573
EPOCH 84:
VALIDATION
valid epoch balanced_accuracy: 0.378659
EPOCH 85:
VALIDATION
valid epoch balanced_accuracy: 0.366768
EPOCH 86:
VALIDATION
valid epoch balanced_accuracy: 0.391159
EPOCH 87:
VALIDATION
valid epoch balanced_accuracy: 0.390854
EPOCH 88:
VALIDATION
valid epoch balanced_accuracy: 0.354268
EPOCH 89:
VALIDATION
valid epoch balanced_accuracy: 0.427744
EPOCH 90:
VALIDATION
valid epoch balanced_accuracy: 0.366768
EPOCH 91:
VALIDATION
valid epoch balanced_accuracy: 0.390854
EPOCH 92:
VALIDATION
valid epoch balanced_accuracy: 0.354268
EPOCH 93:
VALIDATION
valid epoch balanced_accuracy: 0.378659
EPOCH 94:
VALIDATION
valid epoch balanced_accuracy: 0.390854
EPOCH 95:
VALIDATION
valid epoch balanced_accuracy: 0.378354
EPOCH 96:
VALIDATION
valid epoch balanced_accuracy: 0.366463
EPOCH 97:
VALIDATION
valid epoch balanced_accuracy: 0.317683
EPOCH 98:
VALIDATION
valid epoch balanced_accuracy: 0.366159
EPOCH 99:
VALIDATION
valid epoch balanced_accuracy: 0.402744
EPOCH 100:
VALIDATION
valid epoch balanced_accuracy: 0.427439
EPOCH 101:
VALIDATION
valid epoch balanced_accuracy: 0.390854
EPOCH 102:
VALIDATION
valid epoch balanced_accuracy: 0.342073
EPOCH 103:
VALIDATION
valid epoch balanced_accuracy: 0.366463
EPOCH 104:
VALIDATION
valid epoch balanced_accuracy: 0.366463
EPOCH 105:
VALIDATION
valid epoch balanced_accuracy: 0.342073
EPOCH 106:
VALIDATION
valid epoch balanced_accuracy: 0.366463
EPOCH 107:
VALIDATION
valid epoch balanced_accuracy: 0.378659
EPOCH 108:
VALIDATION
valid epoch balanced_accuracy: 0.342683
EPOCH 109:
VALIDATION
valid epoch balanced_accuracy: 0.354573
EPOCH 110:
VALIDATION
valid epoch balanced_accuracy: 0.415244
EPOCH 111:
VALIDATION
valid epoch balanced_accuracy: 0.342073
EPOCH 112:
VALIDATION
valid epoch balanced_accuracy: 0.378659
EPOCH 113:
VALIDATION
valid epoch balanced_accuracy: 0.305488
EPOCH 114:
VALIDATION
valid epoch balanced_accuracy: 0.353963
EPOCH 115:
VALIDATION
valid epoch balanced_accuracy: 0.367683
EPOCH 116:
VALIDATION
valid epoch balanced_accuracy: 0.415549
EPOCH 117:
VALIDATION
valid epoch balanced_accuracy: 0.342073
EPOCH 118:
VALIDATION
valid epoch balanced_accuracy: 0.329878
EPOCH 119:
VALIDATION
valid epoch balanced_accuracy: 0.342073
EPOCH 120:
VALIDATION
valid epoch balanced_accuracy: 0.378659
EPOCH 121:
VALIDATION
valid epoch balanced_accuracy: 0.366463
EPOCH 122:
VALIDATION
valid epoch balanced_accuracy: 0.317378
EPOCH 123:
VALIDATION
valid epoch balanced_accuracy: 0.354268
EPOCH 124:
VALIDATION
valid epoch balanced_accuracy: 0.317988
EPOCH 125:
VALIDATION
valid epoch balanced_accuracy: 0.354268
EPOCH 126:
VALIDATION
valid epoch balanced_accuracy: 0.317683
EPOCH 127:
VALIDATION
valid epoch balanced_accuracy: 0.341768
EPOCH 128:
VALIDATION
valid epoch balanced_accuracy: 0.366463
EPOCH 129:
VALIDATION
valid epoch balanced_accuracy: 0.354268
EPOCH 130:
VALIDATION
valid epoch balanced_accuracy: 0.402744
EPOCH 131:
VALIDATION
valid epoch balanced_accuracy: 0.353963
EPOCH 132:
VALIDATION
valid epoch balanced_accuracy: 0.342073
EPOCH 133:
VALIDATION
valid epoch balanced_accuracy: 0.366463
EPOCH 134:
VALIDATION
valid epoch balanced_accuracy: 0.353963
EPOCH 135:
VALIDATION
valid epoch balanced_accuracy: 0.354268
EPOCH 136:
VALIDATION
valid epoch balanced_accuracy: 0.305488
EPOCH 137:
VALIDATION
valid epoch balanced_accuracy: 0.329573
EPOCH 138:
VALIDATION
valid epoch balanced_accuracy: 0.390549
EPOCH 139:
VALIDATION
valid epoch balanced_accuracy: 0.366159
EPOCH 140:
VALIDATION
valid epoch balanced_accuracy: 0.304878
EPOCH 141:
VALIDATION
valid epoch balanced_accuracy: 0.342073
EPOCH 142:
VALIDATION
valid epoch balanced_accuracy: 0.329878
EPOCH 143:
VALIDATION
valid epoch balanced_accuracy: 0.366463
EPOCH 144:
VALIDATION
valid epoch balanced_accuracy: 0.378659
EPOCH 145:
VALIDATION
valid epoch balanced_accuracy: 0.378659
EPOCH 146:
VALIDATION
valid epoch balanced_accuracy: 0.366463
EPOCH 147:
VALIDATION
valid epoch balanced_accuracy: 0.353963
EPOCH 148:
VALIDATION
valid epoch balanced_accuracy: 0.378659
EPOCH 149:
VALIDATION
valid epoch balanced_accuracy: 0.354268
EPOCH 150:
VALIDATION
valid epoch balanced_accuracy: 0.329878
accuracy: 0.456790
sensitivity: 0.073171
precision: 0.333333
specificity: 0.850000
IoU: 0.063830
FAR: 0.150000
F1: 0.120000
balanced_accuracy: 0.461585
loss: 1.775145
