Waiting for exclusive access to GPU GPU-86f9f34b-a38e-a8e8-7d40-fdd06b86d437.
=== GROUP: lipocalin | VARIANT: pu_rho030 | SEED: 4 | PU_RHO: 0.30 | GPU: Tesla V100-SXM2-32GB ===

number of parameters : 1075406
train : (1076, 12)
valid : (128, 12)
test : (127, 12)
PU rho : 0.300000
class weights : disabled
data extracted
EPOCH 1:
VALIDATION
valid epoch balanced_accuracy: 0.500000
EPOCH 2:
VALIDATION
valid epoch balanced_accuracy: 0.493750
EPOCH 3:
VALIDATION
valid epoch balanced_accuracy: 0.579167
EPOCH 4:
VALIDATION
valid epoch balanced_accuracy: 0.585417
EPOCH 5:
VALIDATION
valid epoch balanced_accuracy: 0.512500
EPOCH 6:
VALIDATION
valid epoch balanced_accuracy: 0.554167
EPOCH 7:
VALIDATION
valid epoch balanced_accuracy: 0.512500
EPOCH 8:
VALIDATION
valid epoch balanced_accuracy: 0.502083
EPOCH 9:
VALIDATION
valid epoch balanced_accuracy: 0.506250
EPOCH 10:
VALIDATION
valid epoch balanced_accuracy: 0.562500
EPOCH 11:
VALIDATION
valid epoch balanced_accuracy: 0.516667
EPOCH 12:
VALIDATION
valid epoch balanced_accuracy: 0.500000
EPOCH 13:
VALIDATION
valid epoch balanced_accuracy: 0.587500
EPOCH 14:
VALIDATION
valid epoch balanced_accuracy: 0.635417
EPOCH 15:
VALIDATION
valid epoch balanced_accuracy: 0.608333
EPOCH 16:
VALIDATION
valid epoch balanced_accuracy: 0.545833
EPOCH 17:
VALIDATION
valid epoch balanced_accuracy: 0.520833
EPOCH 18:
VALIDATION
valid epoch balanced_accuracy: 0.631250
EPOCH 19:
VALIDATION
valid epoch balanced_accuracy: 0.637500
EPOCH 20:
VALIDATION
valid epoch balanced_accuracy: 0.652083
EPOCH 21:
VALIDATION
valid epoch balanced_accuracy: 0.595833
EPOCH 22:
VALIDATION
valid epoch balanced_accuracy: 0.600000
EPOCH 23:
VALIDATION
valid epoch balanced_accuracy: 0.731250
EPOCH 24:
VALIDATION
valid epoch balanced_accuracy: 0.581250
EPOCH 25:
VALIDATION
valid epoch balanced_accuracy: 0.652083
EPOCH 26:
VALIDATION
valid epoch balanced_accuracy: 0.585417
EPOCH 27:
VALIDATION
valid epoch balanced_accuracy: 0.616667
EPOCH 28:
VALIDATION
valid epoch balanced_accuracy: 0.633333
EPOCH 29:
VALIDATION
valid epoch balanced_accuracy: 0.670833
EPOCH 30:
VALIDATION
valid epoch balanced_accuracy: 0.631250
EPOCH 31:
VALIDATION
valid epoch balanced_accuracy: 0.585417
EPOCH 32:
VALIDATION
valid epoch balanced_accuracy: 0.550000
EPOCH 33:
VALIDATION
valid epoch balanced_accuracy: 0.577083
EPOCH 34:
VALIDATION
valid epoch balanced_accuracy: 0.631250
EPOCH 35:
VALIDATION
valid epoch balanced_accuracy: 0.625000
EPOCH 36:
VALIDATION
valid epoch balanced_accuracy: 0.625000
EPOCH 37:
VALIDATION
valid epoch balanced_accuracy: 0.664583
EPOCH 38:
VALIDATION
valid epoch balanced_accuracy: 0.604167
EPOCH 39:
VALIDATION
valid epoch balanced_accuracy: 0.652083
EPOCH 40:
VALIDATION
valid epoch balanced_accuracy: 0.510417
EPOCH 41:
VALIDATION
valid epoch balanced_accuracy: 0.583333
EPOCH 42:
VALIDATION
valid epoch balanced_accuracy: 0.652083
EPOCH 43:
VALIDATION
valid epoch balanced_accuracy: 0.554167
EPOCH 44:
VALIDATION
valid epoch balanced_accuracy: 0.643750
EPOCH 45:
VALIDATION
valid epoch balanced_accuracy: 0.566667
EPOCH 46:
VALIDATION
valid epoch balanced_accuracy: 0.581250
EPOCH 47:
VALIDATION
valid epoch balanced_accuracy: 0.658333
EPOCH 48:
VALIDATION
valid epoch balanced_accuracy: 0.547917
EPOCH 49:
VALIDATION
valid epoch balanced_accuracy: 0.568750
EPOCH 50:
VALIDATION
valid epoch balanced_accuracy: 0.545833
EPOCH 51:
VALIDATION
valid epoch balanced_accuracy: 0.625000
EPOCH 52:
VALIDATION
valid epoch balanced_accuracy: 0.566667
EPOCH 53:
VALIDATION
valid epoch balanced_accuracy: 0.654167
EPOCH 54:
VALIDATION
valid epoch balanced_accuracy: 0.543750
EPOCH 55:
VALIDATION
valid epoch balanced_accuracy: 0.550000
EPOCH 56:
VALIDATION
valid epoch balanced_accuracy: 0.610417
EPOCH 57:
VALIDATION
valid epoch balanced_accuracy: 0.520833
EPOCH 58:
VALIDATION
valid epoch balanced_accuracy: 0.654167
EPOCH 59:
VALIDATION
valid epoch balanced_accuracy: 0.591667
EPOCH 60:
VALIDATION
valid epoch balanced_accuracy: 0.604167
EPOCH 61:
VALIDATION
valid epoch balanced_accuracy: 0.612500
EPOCH 62:
VALIDATION
valid epoch balanced_accuracy: 0.650000
EPOCH 63:
VALIDATION
valid epoch balanced_accuracy: 0.666667
EPOCH 64:
VALIDATION
valid epoch balanced_accuracy: 0.556250
EPOCH 65:
VALIDATION
valid epoch balanced_accuracy: 0.562500
EPOCH 66:
VALIDATION
valid epoch balanced_accuracy: 0.610417
EPOCH 67:
VALIDATION
valid epoch balanced_accuracy: 0.570833
EPOCH 68:
VALIDATION
valid epoch balanced_accuracy: 0.470833
EPOCH 69:
VALIDATION
valid epoch balanced_accuracy: 0.541667
EPOCH 70:
VALIDATION
valid epoch balanced_accuracy: 0.691667
EPOCH 71:
VALIDATION
valid epoch balanced_accuracy: 0.516667
EPOCH 72:
VALIDATION
valid epoch balanced_accuracy: 0.591667
EPOCH 73:
VALIDATION
valid epoch balanced_accuracy: 0.535417
EPOCH 74:
VALIDATION
valid epoch balanced_accuracy: 0.664583
EPOCH 75:
VALIDATION
valid epoch balanced_accuracy: 0.652083
EPOCH 76:
VALIDATION
valid epoch balanced_accuracy: 0.516667
EPOCH 77:
VALIDATION
valid epoch balanced_accuracy: 0.604167
EPOCH 78:
VALIDATION
valid epoch balanced_accuracy: 0.516667
EPOCH 79:
VALIDATION
valid epoch balanced_accuracy: 0.612500
EPOCH 80:
VALIDATION
valid epoch balanced_accuracy: 0.625000
EPOCH 81:
VALIDATION
valid epoch balanced_accuracy: 0.606250
EPOCH 82:
VALIDATION
valid epoch balanced_accuracy: 0.512500
EPOCH 83:
VALIDATION
valid epoch balanced_accuracy: 0.777083
EARLY STOPPING: rolling validation balanced accuracy did not improve for 60 epochs and validation loss increased over the same window.
accuracy: 0.700787
sensitivity: 0.666667
precision: 0.538462
specificity: 0.717647
IoU: 0.424242
FAR: 0.282353
F1: 0.595745
balanced_accuracy: 0.692157
loss: 0.436003
