Waiting for exclusive access to GPU GPU-4683556c-5acd-0f78-3cbe-ba46309d4ede.
=== GROUP: lipocalin | VARIANT: pu_rho010 | SEED: 3 | PU_RHO: 0.10 | GPU: Tesla V100-SXM2-32GB ===

number of parameters : 1075406
train : (1069, 12)
valid : (131, 12)
test : (131, 12)
PU rho : 0.100000
class weights : disabled
data extracted
EPOCH 1:
VALIDATION
valid epoch balanced_accuracy: 0.500000
EPOCH 2:
VALIDATION
valid epoch balanced_accuracy: 0.500000
EPOCH 3:
VALIDATION
valid epoch balanced_accuracy: 0.500000
EPOCH 4:
VALIDATION
valid epoch balanced_accuracy: 0.500000
EPOCH 5:
VALIDATION
valid epoch balanced_accuracy: 0.500000
EPOCH 6:
VALIDATION
valid epoch balanced_accuracy: 0.500000
EPOCH 7:
VALIDATION
valid epoch balanced_accuracy: 0.493976
EPOCH 8:
VALIDATION
valid epoch balanced_accuracy: 0.514809
EPOCH 9:
VALIDATION
valid epoch balanced_accuracy: 0.517570
EPOCH 10:
VALIDATION
valid epoch balanced_accuracy: 0.519202
EPOCH 11:
VALIDATION
valid epoch balanced_accuracy: 0.519202
EPOCH 12:
VALIDATION
valid epoch balanced_accuracy: 0.526355
EPOCH 13:
VALIDATION
valid epoch balanced_accuracy: 0.529618
EPOCH 14:
VALIDATION
valid epoch balanced_accuracy: 0.603665
EPOCH 15:
VALIDATION
valid epoch balanced_accuracy: 0.500000
EPOCH 16:
VALIDATION
valid epoch balanced_accuracy: 0.501130
EPOCH 17:
VALIDATION
valid epoch balanced_accuracy: 0.508785
EPOCH 18:
VALIDATION
valid epoch balanced_accuracy: 0.578439
EPOCH 19:
VALIDATION
valid epoch balanced_accuracy: 0.529618
EPOCH 20:
VALIDATION
valid epoch balanced_accuracy: 0.529618
EPOCH 21:
VALIDATION
valid epoch balanced_accuracy: 0.517570
EPOCH 22:
VALIDATION
valid epoch balanced_accuracy: 0.493976
EPOCH 23:
VALIDATION
valid epoch balanced_accuracy: 0.529618
EPOCH 24:
VALIDATION
valid epoch balanced_accuracy: 0.610818
EPOCH 25:
VALIDATION
valid epoch balanced_accuracy: 0.519202
EPOCH 26:
VALIDATION
valid epoch balanced_accuracy: 0.598770
EPOCH 27:
VALIDATION
valid epoch balanced_accuracy: 0.611320
EPOCH 28:
VALIDATION
valid epoch balanced_accuracy: 0.546059
EPOCH 29:
VALIDATION
valid epoch balanced_accuracy: 0.519202
EPOCH 30:
VALIDATION
valid epoch balanced_accuracy: 0.504393
EPOCH 31:
VALIDATION
valid epoch balanced_accuracy: 0.500000
EPOCH 32:
VALIDATION
valid epoch balanced_accuracy: 0.504393
EPOCH 33:
VALIDATION
valid epoch balanced_accuracy: 0.550452
EPOCH 34:
VALIDATION
valid epoch balanced_accuracy: 0.534011
EPOCH 35:
VALIDATION
valid epoch balanced_accuracy: 0.493976
EPOCH 36:
VALIDATION
valid epoch balanced_accuracy: 0.500000
EPOCH 37:
VALIDATION
valid epoch balanced_accuracy: 0.559237
EPOCH 38:
VALIDATION
valid epoch balanced_accuracy: 0.500000
EPOCH 39:
VALIDATION
valid epoch balanced_accuracy: 0.519202
EPOCH 40:
VALIDATION
valid epoch balanced_accuracy: 0.514809
EPOCH 41:
VALIDATION
valid epoch balanced_accuracy: 0.496737
EPOCH 42:
VALIDATION
valid epoch balanced_accuracy: 0.547189
EPOCH 43:
VALIDATION
valid epoch balanced_accuracy: 0.493976
EPOCH 44:
VALIDATION
valid epoch balanced_accuracy: 0.540663
EPOCH 45:
VALIDATION
valid epoch balanced_accuracy: 0.625126
EPOCH 46:
VALIDATION
valid epoch balanced_accuracy: 0.565261
EPOCH 47:
VALIDATION
valid epoch balanced_accuracy: 0.519202
EPOCH 48:
VALIDATION
valid epoch balanced_accuracy: 0.578439
EPOCH 49:
VALIDATION
valid epoch balanced_accuracy: 0.487952
EPOCH 50:
VALIDATION
valid epoch balanced_accuracy: 0.540035
EPOCH 51:
VALIDATION
valid epoch balanced_accuracy: 0.549950
EPOCH 52:
VALIDATION
valid epoch balanced_accuracy: 0.559237
EPOCH 53:
VALIDATION
valid epoch balanced_accuracy: 0.493976
EPOCH 54:
VALIDATION
valid epoch balanced_accuracy: 0.527987
EPOCH 55:
VALIDATION
valid epoch balanced_accuracy: 0.529618
EPOCH 56:
VALIDATION
valid epoch balanced_accuracy: 0.563128
EPOCH 57:
VALIDATION
valid epoch balanced_accuracy: 0.574674
EPOCH 58:
VALIDATION
valid epoch balanced_accuracy: 0.575678
EPOCH 59:
VALIDATION
valid epoch balanced_accuracy: 0.637676
EPOCH 60:
VALIDATION
valid epoch balanced_accuracy: 0.554342
EPOCH 61:
VALIDATION
valid epoch balanced_accuracy: 0.492344
EPOCH 62:
VALIDATION
valid epoch balanced_accuracy: 0.532380
EPOCH 63:
VALIDATION
valid epoch balanced_accuracy: 0.598268
EPOCH 64:
VALIDATION
valid epoch balanced_accuracy: 0.576305
EPOCH 65:
VALIDATION
valid epoch balanced_accuracy: 0.549950
EPOCH 66:
VALIDATION
valid epoch balanced_accuracy: 0.554342
EPOCH 67:
VALIDATION
valid epoch balanced_accuracy: 0.542796
EPOCH 68:
VALIDATION
valid epoch balanced_accuracy: 0.534011
EPOCH 69:
VALIDATION
valid epoch balanced_accuracy: 0.606426
EPOCH 70:
VALIDATION
valid epoch balanced_accuracy: 0.588353
EPOCH 71:
VALIDATION
valid epoch balanced_accuracy: 0.630020
EPOCH 72:
VALIDATION
valid epoch balanced_accuracy: 0.554342
EPOCH 73:
VALIDATION
valid epoch balanced_accuracy: 0.524724
EPOCH 74:
VALIDATION
valid epoch balanced_accuracy: 0.549950
EPOCH 75:
VALIDATION
valid epoch balanced_accuracy: 0.537902
EPOCH 76:
VALIDATION
valid epoch balanced_accuracy: 0.530748
EPOCH 77:
VALIDATION
valid epoch balanced_accuracy: 0.534011
EPOCH 78:
VALIDATION
valid epoch balanced_accuracy: 0.507154
EPOCH 79:
VALIDATION
valid epoch balanced_accuracy: 0.536772
EPOCH 80:
VALIDATION
valid epoch balanced_accuracy: 0.518198
EPOCH 81:
VALIDATION
valid epoch balanced_accuracy: 0.541165
EPOCH 82:
VALIDATION
valid epoch balanced_accuracy: 0.536270
EPOCH 83:
VALIDATION
valid epoch balanced_accuracy: 0.529744
EPOCH 84:
VALIDATION
valid epoch balanced_accuracy: 0.543424
EPOCH 85:
VALIDATION
valid epoch balanced_accuracy: 0.526355
EPOCH 86:
VALIDATION
valid epoch balanced_accuracy: 0.526983
EPOCH 87:
VALIDATION
valid epoch balanced_accuracy: 0.523594
EPOCH 88:
VALIDATION
valid epoch balanced_accuracy: 0.564257
EPOCH 89:
VALIDATION
valid epoch balanced_accuracy: 0.594378
EPOCH 90:
VALIDATION
valid epoch balanced_accuracy: 0.536270
EPOCH 91:
VALIDATION
valid epoch balanced_accuracy: 0.559864
EPOCH 92:
VALIDATION
valid epoch balanced_accuracy: 0.540035
EPOCH 93:
VALIDATION
valid epoch balanced_accuracy: 0.541165
EPOCH 94:
VALIDATION
valid epoch balanced_accuracy: 0.539533
EPOCH 95:
VALIDATION
valid epoch balanced_accuracy: 0.528614
EPOCH 96:
VALIDATION
valid epoch balanced_accuracy: 0.557103
EPOCH 97:
VALIDATION
valid epoch balanced_accuracy: 0.543926
EPOCH 98:
VALIDATION
valid epoch balanced_accuracy: 0.541165
EPOCH 99:
VALIDATION
valid epoch balanced_accuracy: 0.579066
EPOCH 100:
VALIDATION
valid epoch balanced_accuracy: 0.502259
EPOCH 101:
VALIDATION
valid epoch balanced_accuracy: 0.577435
EPOCH 102:
VALIDATION
valid epoch balanced_accuracy: 0.561998
EPOCH 103:
VALIDATION
valid epoch balanced_accuracy: 0.535141
EPOCH 104:
VALIDATION
valid epoch balanced_accuracy: 0.478665
EPOCH 105:
VALIDATION
valid epoch balanced_accuracy: 0.505522
EPOCH 106:
VALIDATION
valid epoch balanced_accuracy: 0.560366
EPOCH 107:
VALIDATION
valid epoch balanced_accuracy: 0.518198
EPOCH 108:
VALIDATION
valid epoch balanced_accuracy: 0.561496
EPOCH 109:
VALIDATION
valid epoch balanced_accuracy: 0.564759
EPOCH 110:
VALIDATION
valid epoch balanced_accuracy: 0.573544
EPOCH 111:
VALIDATION
valid epoch balanced_accuracy: 0.542294
EPOCH 112:
VALIDATION
valid epoch balanced_accuracy: 0.526983
EPOCH 113:
VALIDATION
valid epoch balanced_accuracy: 0.526983
EPOCH 114:
VALIDATION
valid epoch balanced_accuracy: 0.523720
EPOCH 115:
VALIDATION
valid epoch balanced_accuracy: 0.551079
EPOCH 116:
VALIDATION
valid epoch balanced_accuracy: 0.564759
EPOCH 117:
VALIDATION
valid epoch balanced_accuracy: 0.511546
EPOCH 118:
VALIDATION
valid epoch balanced_accuracy: 0.517570
EPOCH 119:
VALIDATION
valid epoch balanced_accuracy: 0.529116
EPOCH 120:
VALIDATION
valid epoch balanced_accuracy: 0.516566
EPOCH 121:
VALIDATION
valid epoch balanced_accuracy: 0.530246
EPOCH 122:
VALIDATION
valid epoch balanced_accuracy: 0.564257
EPOCH 123:
VALIDATION
valid epoch balanced_accuracy: 0.573544
EPOCH 124:
VALIDATION
valid epoch balanced_accuracy: 0.574674
EPOCH 125:
VALIDATION
valid epoch balanced_accuracy: 0.607555
EPOCH 126:
VALIDATION
valid epoch balanced_accuracy: 0.559362
EPOCH 127:
VALIDATION
valid epoch balanced_accuracy: 0.552711
EPOCH 128:
VALIDATION
valid epoch balanced_accuracy: 0.571913
EPOCH 129:
VALIDATION
valid epoch balanced_accuracy: 0.521963
EPOCH 130:
VALIDATION
valid epoch balanced_accuracy: 0.603163
EPOCH 131:
VALIDATION
valid epoch balanced_accuracy: 0.564257
EPOCH 132:
VALIDATION
valid epoch balanced_accuracy: 0.514307
EARLY STOPPING: rolling validation balanced accuracy did not improve for 60 epochs and validation loss increased over the same window.
accuracy: 0.702290
sensitivity: 0.142857
precision: 0.666667
specificity: 0.966292
IoU: 0.133333
FAR: 0.033708
F1: 0.235294
balanced_accuracy: 0.554575
loss: 0.303264
