
number of parameters : 1075406
train : (1058, 12)
valid : (136, 12)
test : (137, 12)
PU rho : 0.100000
class weights : disabled
data extracted
EPOCH 1:
VALIDATION
valid epoch balanced_accuracy: 0.500000
EPOCH 2:
VALIDATION
valid epoch balanced_accuracy: 0.500000
EPOCH 3:
VALIDATION
valid epoch balanced_accuracy: 0.500000
EPOCH 4:
VALIDATION
valid epoch balanced_accuracy: 0.500000
EPOCH 5:
VALIDATION
valid epoch balanced_accuracy: 0.504167
EPOCH 6:
VALIDATION
valid epoch balanced_accuracy: 0.500000
EPOCH 7:
VALIDATION
valid epoch balanced_accuracy: 0.497917
EPOCH 8:
VALIDATION
valid epoch balanced_accuracy: 0.496875
EPOCH 9:
VALIDATION
valid epoch balanced_accuracy: 0.571875
EPOCH 10:
VALIDATION
valid epoch balanced_accuracy: 0.502083
EPOCH 11:
VALIDATION
valid epoch balanced_accuracy: 0.491667
EPOCH 12:
VALIDATION
valid epoch balanced_accuracy: 0.502083
EPOCH 13:
VALIDATION
valid epoch balanced_accuracy: 0.516667
EPOCH 14:
VALIDATION
valid epoch balanced_accuracy: 0.500000
EPOCH 15:
VALIDATION
valid epoch balanced_accuracy: 0.567708
EPOCH 16:
VALIDATION
valid epoch balanced_accuracy: 0.532292
EPOCH 17:
VALIDATION
valid epoch balanced_accuracy: 0.525000
EPOCH 18:
VALIDATION
valid epoch balanced_accuracy: 0.548958
EPOCH 19:
VALIDATION
valid epoch balanced_accuracy: 0.496875
EPOCH 20:
VALIDATION
valid epoch balanced_accuracy: 0.575000
EPOCH 21:
VALIDATION
valid epoch balanced_accuracy: 0.476042
EPOCH 22:
VALIDATION
valid epoch balanced_accuracy: 0.491667
EPOCH 23:
VALIDATION
valid epoch balanced_accuracy: 0.481250
EPOCH 24:
VALIDATION
valid epoch balanced_accuracy: 0.514583
EPOCH 25:
VALIDATION
valid epoch balanced_accuracy: 0.601042
EPOCH 26:
VALIDATION
valid epoch balanced_accuracy: 0.576042
EPOCH 27:
VALIDATION
valid epoch balanced_accuracy: 0.512500
EPOCH 28:
VALIDATION
valid epoch balanced_accuracy: 0.510417
EPOCH 29:
VALIDATION
valid epoch balanced_accuracy: 0.478125
EPOCH 30:
VALIDATION
valid epoch balanced_accuracy: 0.632292
EPOCH 31:
VALIDATION
valid epoch balanced_accuracy: 0.562500
EPOCH 32:
VALIDATION
valid epoch balanced_accuracy: 0.550000
EPOCH 33:
VALIDATION
valid epoch balanced_accuracy: 0.498958
EPOCH 34:
VALIDATION
valid epoch balanced_accuracy: 0.641667
EPOCH 35:
VALIDATION
valid epoch balanced_accuracy: 0.619792
EPOCH 36:
VALIDATION
valid epoch balanced_accuracy: 0.583333
EPOCH 37:
VALIDATION
valid epoch balanced_accuracy: 0.608333
EPOCH 38:
VALIDATION
valid epoch balanced_accuracy: 0.583333
EPOCH 39:
VALIDATION
valid epoch balanced_accuracy: 0.539583
EPOCH 40:
VALIDATION
valid epoch balanced_accuracy: 0.562500
EPOCH 41:
VALIDATION
valid epoch balanced_accuracy: 0.603125
EPOCH 42:
VALIDATION
valid epoch balanced_accuracy: 0.489583
EPOCH 43:
VALIDATION
valid epoch balanced_accuracy: 0.554167
EPOCH 44:
VALIDATION
valid epoch balanced_accuracy: 0.554167
EPOCH 45:
VALIDATION
valid epoch balanced_accuracy: 0.539583
EPOCH 46:
VALIDATION
valid epoch balanced_accuracy: 0.494792
EPOCH 47:
VALIDATION
valid epoch balanced_accuracy: 0.508333
EPOCH 48:
VALIDATION
valid epoch balanced_accuracy: 0.516667
EPOCH 49:
VALIDATION
valid epoch balanced_accuracy: 0.491667
EPOCH 50:
VALIDATION
valid epoch balanced_accuracy: 0.475000
EPOCH 51:
VALIDATION
valid epoch balanced_accuracy: 0.478125
EPOCH 52:
VALIDATION
valid epoch balanced_accuracy: 0.521875
EPOCH 53:
VALIDATION
valid epoch balanced_accuracy: 0.551042
EPOCH 54:
VALIDATION
valid epoch balanced_accuracy: 0.496875
EPOCH 55:
VALIDATION
valid epoch balanced_accuracy: 0.493750
EPOCH 56:
VALIDATION
valid epoch balanced_accuracy: 0.530208
EPOCH 57:
VALIDATION
valid epoch balanced_accuracy: 0.584375
EPOCH 58:
VALIDATION
valid epoch balanced_accuracy: 0.583333
EPOCH 59:
VALIDATION
valid epoch balanced_accuracy: 0.562500
EPOCH 60:
VALIDATION
valid epoch balanced_accuracy: 0.554167
EPOCH 61:
VALIDATION
valid epoch balanced_accuracy: 0.635417
EPOCH 62:
VALIDATION
valid epoch balanced_accuracy: 0.492708
EPOCH 63:
VALIDATION
valid epoch balanced_accuracy: 0.578125
EPOCH 64:
VALIDATION
valid epoch balanced_accuracy: 0.507292
EPOCH 65:
VALIDATION
valid epoch balanced_accuracy: 0.615625
EPOCH 66:
VALIDATION
valid epoch balanced_accuracy: 0.542708
EPOCH 67:
VALIDATION
valid epoch balanced_accuracy: 0.550000
EPOCH 68:
VALIDATION
valid epoch balanced_accuracy: 0.550000
EPOCH 69:
VALIDATION
valid epoch balanced_accuracy: 0.501042
EPOCH 70:
VALIDATION
valid epoch balanced_accuracy: 0.533333
EPOCH 71:
VALIDATION
valid epoch balanced_accuracy: 0.513542
EPOCH 72:
VALIDATION
valid epoch balanced_accuracy: 0.481250
EPOCH 73:
VALIDATION
valid epoch balanced_accuracy: 0.521875
EPOCH 74:
VALIDATION
valid epoch balanced_accuracy: 0.501042
EPOCH 75:
VALIDATION
valid epoch balanced_accuracy: 0.510417
EPOCH 76:
VALIDATION
valid epoch balanced_accuracy: 0.506250
EPOCH 77:
VALIDATION
valid epoch balanced_accuracy: 0.496875
EPOCH 78:
VALIDATION
valid epoch balanced_accuracy: 0.473958
EPOCH 79:
VALIDATION
valid epoch balanced_accuracy: 0.519792
EPOCH 80:
VALIDATION
valid epoch balanced_accuracy: 0.504167
EPOCH 81:
VALIDATION
valid epoch balanced_accuracy: 0.501042
EPOCH 82:
VALIDATION
valid epoch balanced_accuracy: 0.537500
EPOCH 83:
VALIDATION
valid epoch balanced_accuracy: 0.546875
EPOCH 84:
VALIDATION
valid epoch balanced_accuracy: 0.505208
EPOCH 85:
VALIDATION
valid epoch balanced_accuracy: 0.532292
EPOCH 86:
VALIDATION
valid epoch balanced_accuracy: 0.519792
EPOCH 87:
VALIDATION
valid epoch balanced_accuracy: 0.516667
EPOCH 88:
VALIDATION
valid epoch balanced_accuracy: 0.565625
EPOCH 89:
VALIDATION
valid epoch balanced_accuracy: 0.490625
EPOCH 90:
VALIDATION
valid epoch balanced_accuracy: 0.513542
EPOCH 91:
VALIDATION
valid epoch balanced_accuracy: 0.523958
EPOCH 92:
VALIDATION
valid epoch balanced_accuracy: 0.516667
EPOCH 93:
VALIDATION
valid epoch balanced_accuracy: 0.482292
EPOCH 94:
VALIDATION
valid epoch balanced_accuracy: 0.547917
EPOCH 95:
VALIDATION
valid epoch balanced_accuracy: 0.487500
EPOCH 96:
VALIDATION
valid epoch balanced_accuracy: 0.487500
EPOCH 97:
VALIDATION
valid epoch balanced_accuracy: 0.502083
EPOCH 98:
VALIDATION
valid epoch balanced_accuracy: 0.521875
EARLY STOPPING: rolling validation balanced accuracy did not improve for 60 epochs and validation loss increased over the same window.
accuracy: 0.656934
sensitivity: 0.100000
precision: 0.714286
specificity: 0.977011
IoU: 0.096154
FAR: 0.022989
F1: 0.175439
balanced_accuracy: 0.538506
loss: 0.341406
