Waiting for exclusive access to GPU GPU-22cd2240-8dba-e9e1-0c24-d655222e9df8.
=== GROUP: lipocalin | VARIANT: pu_rho030 | SEED: 1 | PU_RHO: 0.30 | GPU: Tesla V100-SXM2-32GB ===

number of parameters : 1075406
train : (1085, 12)
valid : (123, 12)
test : (123, 12)
PU rho : 0.300000
class weights : disabled
data extracted
EPOCH 1:
VALIDATION
valid epoch balanced_accuracy: 0.500000
EPOCH 2:
VALIDATION
valid epoch balanced_accuracy: 0.541571
EPOCH 3:
VALIDATION
valid epoch balanced_accuracy: 0.494678
EPOCH 4:
VALIDATION
valid epoch balanced_accuracy: 0.492232
EPOCH 5:
VALIDATION
valid epoch balanced_accuracy: 0.500863
EPOCH 6:
VALIDATION
valid epoch balanced_accuracy: 0.489787
EPOCH 7:
VALIDATION
valid epoch balanced_accuracy: 0.528625
EPOCH 8:
VALIDATION
valid epoch balanced_accuracy: 0.523734
EPOCH 9:
VALIDATION
valid epoch balanced_accuracy: 0.481876
EPOCH 10:
VALIDATION
valid epoch balanced_accuracy: 0.570196
EPOCH 11:
VALIDATION
valid epoch balanced_accuracy: 0.526180
EPOCH 12:
VALIDATION
valid epoch balanced_accuracy: 0.581703
EPOCH 13:
VALIDATION
valid epoch balanced_accuracy: 0.572785
EPOCH 14:
VALIDATION
valid epoch balanced_accuracy: 0.588032
EPOCH 15:
VALIDATION
valid epoch balanced_accuracy: 0.549051
EPOCH 16:
VALIDATION
valid epoch balanced_accuracy: 0.587888
EPOCH 17:
VALIDATION
valid epoch balanced_accuracy: 0.521433
EPOCH 18:
VALIDATION
valid epoch balanced_accuracy: 0.564010
EPOCH 19:
VALIDATION
valid epoch balanced_accuracy: 0.537831
EPOCH 20:
VALIDATION
valid epoch balanced_accuracy: 0.518700
EPOCH 21:
VALIDATION
valid epoch balanced_accuracy: 0.574079
EPOCH 22:
VALIDATION
valid epoch balanced_accuracy: 0.576812
EPOCH 23:
VALIDATION
valid epoch balanced_accuracy: 0.526323
EPOCH 24:
VALIDATION
valid epoch balanced_accuracy: 0.505898
EPOCH 25:
VALIDATION
valid epoch balanced_accuracy: 0.551496
EPOCH 26:
VALIDATION
valid epoch balanced_accuracy: 0.570339
EPOCH 27:
VALIDATION
valid epoch balanced_accuracy: 0.515104
EPOCH 28:
VALIDATION
valid epoch balanced_accuracy: 0.532077
EPOCH 29:
VALIDATION
valid epoch balanced_accuracy: 0.570339
EPOCH 30:
VALIDATION
valid epoch balanced_accuracy: 0.550201
EPOCH 31:
VALIDATION
valid epoch balanced_accuracy: 0.647440
EPOCH 32:
VALIDATION
valid epoch balanced_accuracy: 0.601985
EPOCH 33:
VALIDATION
valid epoch balanced_accuracy: 0.554085
EPOCH 34:
VALIDATION
valid epoch balanced_accuracy: 0.527762
EPOCH 35:
VALIDATION
valid epoch balanced_accuracy: 0.613493
EPOCH 36:
VALIDATION
valid epoch balanced_accuracy: 0.573072
EPOCH 37:
VALIDATION
valid epoch balanced_accuracy: 0.585587
EPOCH 38:
VALIDATION
valid epoch balanced_accuracy: 0.610759
EPOCH 39:
VALIDATION
valid epoch balanced_accuracy: 0.610759
EPOCH 40:
VALIDATION
valid epoch balanced_accuracy: 0.579258
EPOCH 41:
VALIDATION
valid epoch balanced_accuracy: 0.623705
EPOCH 42:
VALIDATION
valid epoch balanced_accuracy: 0.482020
EPOCH 43:
VALIDATION
valid epoch balanced_accuracy: 0.600690
EPOCH 44:
VALIDATION
valid epoch balanced_accuracy: 0.520138
EPOCH 45:
VALIDATION
valid epoch balanced_accuracy: 0.531358
EPOCH 46:
VALIDATION
valid epoch balanced_accuracy: 0.506041
EPOCH 47:
VALIDATION
valid epoch balanced_accuracy: 0.549051
EPOCH 48:
VALIDATION
valid epoch balanced_accuracy: 0.548907
EPOCH 49:
VALIDATION
valid epoch balanced_accuracy: 0.583142
EPOCH 50:
VALIDATION
valid epoch balanced_accuracy: 0.647440
EPOCH 51:
VALIDATION
valid epoch balanced_accuracy: 0.562860
EPOCH 52:
VALIDATION
valid epoch balanced_accuracy: 0.578107
EPOCH 53:
VALIDATION
valid epoch balanced_accuracy: 0.509925
EPOCH 54:
VALIDATION
valid epoch balanced_accuracy: 0.637371
EPOCH 55:
VALIDATION
valid epoch balanced_accuracy: 0.488493
EPOCH 56:
VALIDATION
valid epoch balanced_accuracy: 0.564298
EPOCH 57:
VALIDATION
valid epoch balanced_accuracy: 0.586881
EPOCH 58:
VALIDATION
valid epoch balanced_accuracy: 0.632336
EPOCH 59:
VALIDATION
valid epoch balanced_accuracy: 0.534810
EPOCH 60:
VALIDATION
valid epoch balanced_accuracy: 0.473245
EPOCH 61:
VALIDATION
valid epoch balanced_accuracy: 0.532509
EPOCH 62:
VALIDATION
valid epoch balanced_accuracy: 0.456415
EPOCH 63:
VALIDATION
valid epoch balanced_accuracy: 0.480581
EPOCH 64:
VALIDATION
valid epoch balanced_accuracy: 0.612342
EPOCH 65:
VALIDATION
valid epoch balanced_accuracy: 0.445339
EPOCH 66:
VALIDATION
valid epoch balanced_accuracy: 0.506041
EPOCH 67:
VALIDATION
valid epoch balanced_accuracy: 0.493239
EPOCH 68:
VALIDATION
valid epoch balanced_accuracy: 0.521145
EPOCH 69:
VALIDATION
valid epoch balanced_accuracy: 0.564010
EPOCH 70:
VALIDATION
valid epoch balanced_accuracy: 0.551496
EPOCH 71:
VALIDATION
valid epoch balanced_accuracy: 0.503596
EPOCH 72:
VALIDATION
valid epoch balanced_accuracy: 0.566743
EPOCH 73:
VALIDATION
valid epoch balanced_accuracy: 0.586738
EPOCH 74:
VALIDATION
valid epoch balanced_accuracy: 0.508199
EPOCH 75:
VALIDATION
valid epoch balanced_accuracy: 0.615938
EPOCH 76:
VALIDATION
valid epoch balanced_accuracy: 0.560414
EPOCH 77:
VALIDATION
valid epoch balanced_accuracy: 0.535098
EPOCH 78:
VALIDATION
valid epoch balanced_accuracy: 0.490794
EPOCH 79:
VALIDATION
valid epoch balanced_accuracy: 0.586881
EPOCH 80:
VALIDATION
valid epoch balanced_accuracy: 0.556387
EPOCH 81:
VALIDATION
valid epoch balanced_accuracy: 0.454114
EPOCH 82:
VALIDATION
valid epoch balanced_accuracy: 0.528625
EPOCH 83:
VALIDATION
valid epoch balanced_accuracy: 0.571778
EPOCH 84:
VALIDATION
valid epoch balanced_accuracy: 0.524885
EPOCH 85:
VALIDATION
valid epoch balanced_accuracy: 0.517261
EPOCH 86:
VALIDATION
valid epoch balanced_accuracy: 0.525892
EPOCH 87:
VALIDATION
valid epoch balanced_accuracy: 0.565305
EPOCH 88:
VALIDATION
valid epoch balanced_accuracy: 0.509781
EPOCH 89:
VALIDATION
valid epoch balanced_accuracy: 0.507480
EPOCH 90:
VALIDATION
valid epoch balanced_accuracy: 0.524885
EPOCH 91:
VALIDATION
valid epoch balanced_accuracy: 0.510932
EPOCH 92:
VALIDATION
valid epoch balanced_accuracy: 0.572929
EPOCH 93:
VALIDATION
valid epoch balanced_accuracy: 0.488205
EPOCH 94:
VALIDATION
valid epoch balanced_accuracy: 0.510932
EPOCH 95:
VALIDATION
valid epoch balanced_accuracy: 0.575374
EPOCH 96:
VALIDATION
valid epoch balanced_accuracy: 0.598245
EPOCH 97:
VALIDATION
valid epoch balanced_accuracy: 0.548619
EPOCH 98:
VALIDATION
valid epoch balanced_accuracy: 0.553654
EPOCH 99:
VALIDATION
valid epoch balanced_accuracy: 0.556674
EPOCH 100:
VALIDATION
valid epoch balanced_accuracy: 0.579402
EPOCH 101:
VALIDATION
valid epoch balanced_accuracy: 0.643700
EARLY STOPPING: rolling validation balanced accuracy did not improve for 60 epochs and validation loss increased over the same window.
accuracy: 0.723577
sensitivity: 0.369565
precision: 0.772727
specificity: 0.935065
IoU: 0.333333
FAR: 0.064935
F1: 0.500000
balanced_accuracy: 0.652315
loss: 0.387234
