
number of parameters : 1075406
train : (1058, 12)
valid : (136, 12)
test : (137, 12)
PU rho : 0.200000
class weights : disabled
data extracted
EPOCH 1:
VALIDATION
valid epoch balanced_accuracy: 0.500000
EPOCH 2:
VALIDATION
valid epoch balanced_accuracy: 0.500000
EPOCH 3:
VALIDATION
valid epoch balanced_accuracy: 0.500000
EPOCH 4:
VALIDATION
valid epoch balanced_accuracy: 0.531250
EPOCH 5:
VALIDATION
valid epoch balanced_accuracy: 0.478125
EPOCH 6:
VALIDATION
valid epoch balanced_accuracy: 0.488542
EPOCH 7:
VALIDATION
valid epoch balanced_accuracy: 0.573958
EPOCH 8:
VALIDATION
valid epoch balanced_accuracy: 0.562500
EPOCH 9:
VALIDATION
valid epoch balanced_accuracy: 0.582292
EPOCH 10:
VALIDATION
valid epoch balanced_accuracy: 0.593750
EPOCH 11:
VALIDATION
valid epoch balanced_accuracy: 0.583333
EPOCH 12:
VALIDATION
valid epoch balanced_accuracy: 0.534375
EPOCH 13:
VALIDATION
valid epoch balanced_accuracy: 0.578125
EPOCH 14:
VALIDATION
valid epoch balanced_accuracy: 0.567708
EPOCH 15:
VALIDATION
valid epoch balanced_accuracy: 0.572917
EPOCH 16:
VALIDATION
valid epoch balanced_accuracy: 0.550000
EPOCH 17:
VALIDATION
valid epoch balanced_accuracy: 0.566667
EPOCH 18:
VALIDATION
valid epoch balanced_accuracy: 0.557292
EPOCH 19:
VALIDATION
valid epoch balanced_accuracy: 0.511458
EPOCH 20:
VALIDATION
valid epoch balanced_accuracy: 0.523958
EPOCH 21:
VALIDATION
valid epoch balanced_accuracy: 0.562500
EPOCH 22:
VALIDATION
valid epoch balanced_accuracy: 0.547917
EPOCH 23:
VALIDATION
valid epoch balanced_accuracy: 0.536458
EPOCH 24:
VALIDATION
valid epoch balanced_accuracy: 0.575000
EPOCH 25:
VALIDATION
valid epoch balanced_accuracy: 0.556250
EPOCH 26:
VALIDATION
valid epoch balanced_accuracy: 0.559375
EPOCH 27:
VALIDATION
valid epoch balanced_accuracy: 0.600000
EPOCH 28:
VALIDATION
valid epoch balanced_accuracy: 0.590625
EPOCH 29:
VALIDATION
valid epoch balanced_accuracy: 0.550000
EPOCH 30:
VALIDATION
valid epoch balanced_accuracy: 0.590625
EPOCH 31:
VALIDATION
valid epoch balanced_accuracy: 0.538542
EPOCH 32:
VALIDATION
valid epoch balanced_accuracy: 0.565625
EPOCH 33:
VALIDATION
valid epoch balanced_accuracy: 0.546875
EPOCH 34:
VALIDATION
valid epoch balanced_accuracy: 0.582292
EPOCH 35:
VALIDATION
valid epoch balanced_accuracy: 0.541667
EPOCH 36:
VALIDATION
valid epoch balanced_accuracy: 0.529167
EPOCH 37:
VALIDATION
valid epoch balanced_accuracy: 0.561458
EPOCH 38:
VALIDATION
valid epoch balanced_accuracy: 0.531250
EPOCH 39:
VALIDATION
valid epoch balanced_accuracy: 0.548958
EPOCH 40:
VALIDATION
valid epoch balanced_accuracy: 0.543750
EPOCH 41:
VALIDATION
valid epoch balanced_accuracy: 0.547917
EPOCH 42:
VALIDATION
valid epoch balanced_accuracy: 0.526042
EPOCH 43:
VALIDATION
valid epoch balanced_accuracy: 0.562500
EPOCH 44:
VALIDATION
valid epoch balanced_accuracy: 0.535417
EPOCH 45:
VALIDATION
valid epoch balanced_accuracy: 0.562500
EPOCH 46:
VALIDATION
valid epoch balanced_accuracy: 0.543750
EPOCH 47:
VALIDATION
valid epoch balanced_accuracy: 0.553125
EPOCH 48:
VALIDATION
valid epoch balanced_accuracy: 0.568750
EPOCH 49:
VALIDATION
valid epoch balanced_accuracy: 0.519792
EPOCH 50:
VALIDATION
valid epoch balanced_accuracy: 0.535417
EPOCH 51:
VALIDATION
valid epoch balanced_accuracy: 0.580208
EPOCH 52:
VALIDATION
valid epoch balanced_accuracy: 0.518750
EPOCH 53:
VALIDATION
valid epoch balanced_accuracy: 0.522917
EPOCH 54:
VALIDATION
valid epoch balanced_accuracy: 0.562500
EPOCH 55:
VALIDATION
valid epoch balanced_accuracy: 0.588542
EPOCH 56:
VALIDATION
valid epoch balanced_accuracy: 0.580208
EPOCH 57:
VALIDATION
valid epoch balanced_accuracy: 0.606250
EPOCH 58:
VALIDATION
valid epoch balanced_accuracy: 0.529167
EPOCH 59:
VALIDATION
valid epoch balanced_accuracy: 0.489583
EPOCH 60:
VALIDATION
valid epoch balanced_accuracy: 0.601042
EPOCH 61:
VALIDATION
valid epoch balanced_accuracy: 0.534375
EPOCH 62:
VALIDATION
valid epoch balanced_accuracy: 0.598958
EPOCH 63:
VALIDATION
valid epoch balanced_accuracy: 0.536458
EPOCH 64:
VALIDATION
valid epoch balanced_accuracy: 0.505208
EPOCH 65:
VALIDATION
valid epoch balanced_accuracy: 0.572917
EPOCH 66:
VALIDATION
valid epoch balanced_accuracy: 0.584375
EPOCH 67:
VALIDATION
valid epoch balanced_accuracy: 0.497917
EPOCH 68:
VALIDATION
valid epoch balanced_accuracy: 0.518750
EPOCH 69:
VALIDATION
valid epoch balanced_accuracy: 0.456250
EPOCH 70:
VALIDATION
valid epoch balanced_accuracy: 0.562500
EPOCH 71:
VALIDATION
valid epoch balanced_accuracy: 0.479167
EARLY STOPPING: rolling validation balanced accuracy did not improve for 60 epochs and validation loss increased over the same window.
accuracy: 0.693431
sensitivity: 0.320000
precision: 0.666667
specificity: 0.908046
IoU: 0.275862
FAR: 0.091954
F1: 0.432432
balanced_accuracy: 0.614023
loss: 0.429429
