
number of parameters : 2801870
train : (1224, 12)
valid : (55, 12)
test : (55, 12)
class weights : [1.1147540807724, 0.9066666960716248]
data extracted
EPOCH 1:
VALIDATION
valid epoch balanced_accuracy: 0.174908
EPOCH 2:
VALIDATION
valid epoch balanced_accuracy: 0.523810
EPOCH 3:
VALIDATION
valid epoch balanced_accuracy: 0.523810
EPOCH 4:
VALIDATION
valid epoch balanced_accuracy: 0.458791
EPOCH 5:
VALIDATION
valid epoch balanced_accuracy: 0.523810
EPOCH 6:
VALIDATION
valid epoch balanced_accuracy: 0.523810
EPOCH 7:
VALIDATION
valid epoch balanced_accuracy: 0.367216
EPOCH 8:
VALIDATION
valid epoch balanced_accuracy: 0.328755
EPOCH 9:
VALIDATION
valid epoch balanced_accuracy: 0.461538
EPOCH 10:
VALIDATION
valid epoch balanced_accuracy: 0.384615
EPOCH 11:
VALIDATION
valid epoch balanced_accuracy: 0.500000
EPOCH 12:
VALIDATION
valid epoch balanced_accuracy: 0.307692
EPOCH 13:
VALIDATION
valid epoch balanced_accuracy: 0.500000
EPOCH 14:
VALIDATION
valid epoch balanced_accuracy: 0.500000
EPOCH 15:
VALIDATION
valid epoch balanced_accuracy: 0.500000
EPOCH 16:
VALIDATION
valid epoch balanced_accuracy: 0.423077
EPOCH 17:
VALIDATION
valid epoch balanced_accuracy: 0.384615
EPOCH 18:
VALIDATION
valid epoch balanced_accuracy: 0.500000
EPOCH 19:
VALIDATION
valid epoch balanced_accuracy: 0.423077
EPOCH 20:
VALIDATION
valid epoch balanced_accuracy: 0.500000
EPOCH 21:
VALIDATION
valid epoch balanced_accuracy: 0.384615
EPOCH 22:
VALIDATION
valid epoch balanced_accuracy: 0.461538
EPOCH 23:
VALIDATION
valid epoch balanced_accuracy: 0.384615
EPOCH 24:
VALIDATION
valid epoch balanced_accuracy: 0.500000
EPOCH 25:
VALIDATION
valid epoch balanced_accuracy: 0.423077
EPOCH 26:
VALIDATION
valid epoch balanced_accuracy: 0.461538
EPOCH 27:
VALIDATION
valid epoch balanced_accuracy: 0.423077
EPOCH 28:
VALIDATION
valid epoch balanced_accuracy: 0.384615
EPOCH 29:
VALIDATION
valid epoch balanced_accuracy: 0.461538
EPOCH 30:
VALIDATION
valid epoch balanced_accuracy: 0.384615
EPOCH 31:
VALIDATION
valid epoch balanced_accuracy: 0.500000
EPOCH 32:
VALIDATION
valid epoch balanced_accuracy: 0.423077
EPOCH 33:
VALIDATION
valid epoch balanced_accuracy: 0.500000
EPOCH 34:
VALIDATION
valid epoch balanced_accuracy: 0.500000
EPOCH 35:
VALIDATION
valid epoch balanced_accuracy: 0.423077
EPOCH 36:
VALIDATION
valid epoch balanced_accuracy: 0.423077
EPOCH 37:
VALIDATION
valid epoch balanced_accuracy: 0.423077
EPOCH 38:
VALIDATION
valid epoch balanced_accuracy: 0.500000
EPOCH 39:
VALIDATION
valid epoch balanced_accuracy: 0.461538
EPOCH 40:
VALIDATION
valid epoch balanced_accuracy: 0.423077
EPOCH 41:
VALIDATION
valid epoch balanced_accuracy: 0.346154
EPOCH 42:
VALIDATION
valid epoch balanced_accuracy: 0.461538
EPOCH 43:
VALIDATION
valid epoch balanced_accuracy: 0.500000
EPOCH 44:
VALIDATION
valid epoch balanced_accuracy: 0.384615
EPOCH 45:
VALIDATION
valid epoch balanced_accuracy: 0.500000
EPOCH 46:
VALIDATION
valid epoch balanced_accuracy: 0.384615
EPOCH 47:
VALIDATION
valid epoch balanced_accuracy: 0.384615
EPOCH 48:
VALIDATION
valid epoch balanced_accuracy: 0.423077
EPOCH 49:
VALIDATION
valid epoch balanced_accuracy: 0.461538
EPOCH 50:
VALIDATION
valid epoch balanced_accuracy: 0.500000
EPOCH 51:
VALIDATION
valid epoch balanced_accuracy: 0.346154
EPOCH 52:
VALIDATION
valid epoch balanced_accuracy: 0.384615
EPOCH 53:
VALIDATION
valid epoch balanced_accuracy: 0.423077
EPOCH 54:
VALIDATION
valid epoch balanced_accuracy: 0.461538
EPOCH 55:
VALIDATION
valid epoch balanced_accuracy: 0.384615
EPOCH 56:
VALIDATION
valid epoch balanced_accuracy: 0.346154
EPOCH 57:
VALIDATION
valid epoch balanced_accuracy: 0.384615
EPOCH 58:
VALIDATION
valid epoch balanced_accuracy: 0.384615
EPOCH 59:
VALIDATION
valid epoch balanced_accuracy: 0.423077
EPOCH 60:
VALIDATION
valid epoch balanced_accuracy: 0.423077
EPOCH 61:
VALIDATION
valid epoch balanced_accuracy: 0.346154
EPOCH 62:
VALIDATION
valid epoch balanced_accuracy: 0.423077
EPOCH 63:
VALIDATION
valid epoch balanced_accuracy: 0.384615
EPOCH 64:
VALIDATION
valid epoch balanced_accuracy: 0.423077
EPOCH 65:
VALIDATION
valid epoch balanced_accuracy: 0.346154
EPOCH 66:
VALIDATION
valid epoch balanced_accuracy: 0.461538
EARLY STOPPING: rolling validation balanced accuracy did not improve for 60 epochs and validation loss increased over the same window.
accuracy: 0.327273
sensitivity: 0.051282
precision: 1.000000
specificity: 1.000000
IoU: 0.051282
FAR: 0.000000
F1: 0.097561
balanced_accuracy: 0.525641
loss: 3.069758
