
number of parameters : 1075406
train : (1302, 12)
valid : (16, 12)
test : (16, 12)
class weights : [1.1708632707595825, 0.872654139995575]
data extracted
EPOCH 1:
VALIDATION
valid epoch balanced_accuracy: 0.461538
EPOCH 2:
VALIDATION
valid epoch balanced_accuracy: 0.500000
EPOCH 3:
VALIDATION
valid epoch balanced_accuracy: 0.269231
EPOCH 4:
VALIDATION
valid epoch balanced_accuracy: 0.435897
EPOCH 5:
VALIDATION
valid epoch balanced_accuracy: 0.525641
EPOCH 6:
VALIDATION
valid epoch balanced_accuracy: 0.384615
EPOCH 7:
VALIDATION
valid epoch balanced_accuracy: 0.487179
EPOCH 8:
VALIDATION
valid epoch balanced_accuracy: 0.474359
EPOCH 9:
VALIDATION
valid epoch balanced_accuracy: 0.448718
EPOCH 10:
VALIDATION
valid epoch balanced_accuracy: 0.448718
EPOCH 11:
VALIDATION
valid epoch balanced_accuracy: 0.512821
EPOCH 12:
VALIDATION
valid epoch balanced_accuracy: 0.410256
EPOCH 13:
VALIDATION
valid epoch balanced_accuracy: 0.512821
EPOCH 14:
VALIDATION
valid epoch balanced_accuracy: 0.641026
EPOCH 15:
VALIDATION
valid epoch balanced_accuracy: 0.410256
EPOCH 16:
VALIDATION
valid epoch balanced_accuracy: 0.512821
EPOCH 17:
VALIDATION
valid epoch balanced_accuracy: 0.410256
EPOCH 18:
VALIDATION
valid epoch balanced_accuracy: 0.435897
EPOCH 19:
VALIDATION
valid epoch balanced_accuracy: 0.474359
EPOCH 20:
VALIDATION
valid epoch balanced_accuracy: 0.487179
EPOCH 21:
VALIDATION
valid epoch balanced_accuracy: 0.474359
EPOCH 22:
VALIDATION
valid epoch balanced_accuracy: 0.397436
EPOCH 23:
VALIDATION
valid epoch balanced_accuracy: 0.435897
EPOCH 24:
VALIDATION
valid epoch balanced_accuracy: 0.448718
EPOCH 25:
VALIDATION
valid epoch balanced_accuracy: 0.525641
EPOCH 26:
VALIDATION
valid epoch balanced_accuracy: 0.448718
EPOCH 27:
VALIDATION
valid epoch balanced_accuracy: 0.397436
EPOCH 28:
VALIDATION
valid epoch balanced_accuracy: 0.525641
EPOCH 29:
VALIDATION
valid epoch balanced_accuracy: 0.564103
EPOCH 30:
VALIDATION
valid epoch balanced_accuracy: 0.564103
EPOCH 31:
VALIDATION
valid epoch balanced_accuracy: 0.602564
EPOCH 32:
VALIDATION
valid epoch balanced_accuracy: 0.435897
EPOCH 33:
VALIDATION
valid epoch balanced_accuracy: 0.602564
EPOCH 34:
VALIDATION
valid epoch balanced_accuracy: 0.435897
EPOCH 35:
VALIDATION
valid epoch balanced_accuracy: 0.487179
EPOCH 36:
VALIDATION
valid epoch balanced_accuracy: 0.564103
EPOCH 37:
VALIDATION
valid epoch balanced_accuracy: 0.564103
EPOCH 38:
VALIDATION
valid epoch balanced_accuracy: 0.564103
EPOCH 39:
VALIDATION
valid epoch balanced_accuracy: 0.564103
EPOCH 40:
VALIDATION
valid epoch balanced_accuracy: 0.602564
EPOCH 41:
VALIDATION
valid epoch balanced_accuracy: 0.602564
EPOCH 42:
VALIDATION
valid epoch balanced_accuracy: 0.564103
EPOCH 43:
VALIDATION
valid epoch balanced_accuracy: 0.564103
EPOCH 44:
VALIDATION
valid epoch balanced_accuracy: 0.602564
EPOCH 45:
VALIDATION
valid epoch balanced_accuracy: 0.641026
EPOCH 46:
VALIDATION
valid epoch balanced_accuracy: 0.602564
EPOCH 47:
VALIDATION
valid epoch balanced_accuracy: 0.602564
EPOCH 48:
VALIDATION
valid epoch balanced_accuracy: 0.602564
EPOCH 49:
VALIDATION
valid epoch balanced_accuracy: 0.512821
EPOCH 50:
VALIDATION
valid epoch balanced_accuracy: 0.602564
EPOCH 51:
VALIDATION
valid epoch balanced_accuracy: 0.602564
EPOCH 52:
VALIDATION
valid epoch balanced_accuracy: 0.564103
EPOCH 53:
VALIDATION
valid epoch balanced_accuracy: 0.564103
EPOCH 54:
VALIDATION
valid epoch balanced_accuracy: 0.602564
EPOCH 55:
VALIDATION
valid epoch balanced_accuracy: 0.564103
EPOCH 56:
VALIDATION
valid epoch balanced_accuracy: 0.564103
EPOCH 57:
VALIDATION
valid epoch balanced_accuracy: 0.564103
EPOCH 58:
VALIDATION
valid epoch balanced_accuracy: 0.641026
EPOCH 59:
VALIDATION
valid epoch balanced_accuracy: 0.564103
EPOCH 60:
VALIDATION
valid epoch balanced_accuracy: 0.564103
EPOCH 61:
VALIDATION
valid epoch balanced_accuracy: 0.564103
EPOCH 62:
VALIDATION
valid epoch balanced_accuracy: 0.564103
EPOCH 63:
VALIDATION
valid epoch balanced_accuracy: 0.525641
EPOCH 64:
VALIDATION
valid epoch balanced_accuracy: 0.564103
EPOCH 65:
VALIDATION
valid epoch balanced_accuracy: 0.602564
EPOCH 66:
VALIDATION
valid epoch balanced_accuracy: 0.602564
EPOCH 67:
VALIDATION
valid epoch balanced_accuracy: 0.564103
EPOCH 68:
VALIDATION
valid epoch balanced_accuracy: 0.564103
EPOCH 69:
VALIDATION
valid epoch balanced_accuracy: 0.397436
EPOCH 70:
VALIDATION
valid epoch balanced_accuracy: 0.602564
EPOCH 71:
VALIDATION
valid epoch balanced_accuracy: 0.602564
EPOCH 72:
VALIDATION
valid epoch balanced_accuracy: 0.602564
EPOCH 73:
VALIDATION
valid epoch balanced_accuracy: 0.602564
EPOCH 74:
VALIDATION
valid epoch balanced_accuracy: 0.602564
EPOCH 75:
VALIDATION
valid epoch balanced_accuracy: 0.602564
EPOCH 76:
VALIDATION
valid epoch balanced_accuracy: 0.602564
EPOCH 77:
VALIDATION
valid epoch balanced_accuracy: 0.602564
EPOCH 78:
VALIDATION
valid epoch balanced_accuracy: 0.602564
EPOCH 79:
VALIDATION
valid epoch balanced_accuracy: 0.564103
EPOCH 80:
VALIDATION
valid epoch balanced_accuracy: 0.564103
EPOCH 81:
VALIDATION
valid epoch balanced_accuracy: 0.564103
EPOCH 82:
VALIDATION
valid epoch balanced_accuracy: 0.602564
EPOCH 83:
VALIDATION
valid epoch balanced_accuracy: 0.564103
EPOCH 84:
VALIDATION
valid epoch balanced_accuracy: 0.602564
EPOCH 85:
VALIDATION
valid epoch balanced_accuracy: 0.602564
EPOCH 86:
VALIDATION
valid epoch balanced_accuracy: 0.602564
EPOCH 87:
VALIDATION
valid epoch balanced_accuracy: 0.602564
EPOCH 88:
VALIDATION
valid epoch balanced_accuracy: 0.641026
EPOCH 89:
VALIDATION
valid epoch balanced_accuracy: 0.602564
EPOCH 90:
VALIDATION
valid epoch balanced_accuracy: 0.602564
EPOCH 91:
VALIDATION
valid epoch balanced_accuracy: 0.602564
EPOCH 92:
VALIDATION
valid epoch balanced_accuracy: 0.641026
EPOCH 93:
VALIDATION
valid epoch balanced_accuracy: 0.602564
EPOCH 94:
VALIDATION
valid epoch balanced_accuracy: 0.641026
EPOCH 95:
VALIDATION
valid epoch balanced_accuracy: 0.641026
EPOCH 96:
VALIDATION
valid epoch balanced_accuracy: 0.602564
EPOCH 97:
VALIDATION
valid epoch balanced_accuracy: 0.641026
EPOCH 98:
VALIDATION
valid epoch balanced_accuracy: 0.564103
EPOCH 99:
VALIDATION
valid epoch balanced_accuracy: 0.602564
EPOCH 100:
VALIDATION
valid epoch balanced_accuracy: 0.602564
EPOCH 101:
VALIDATION
valid epoch balanced_accuracy: 0.602564
EPOCH 102:
VALIDATION
valid epoch balanced_accuracy: 0.602564
EPOCH 103:
VALIDATION
valid epoch balanced_accuracy: 0.602564
EPOCH 104:
VALIDATION
valid epoch balanced_accuracy: 0.564103
EPOCH 105:
VALIDATION
valid epoch balanced_accuracy: 0.564103
EPOCH 106:
VALIDATION
valid epoch balanced_accuracy: 0.602564
EPOCH 107:
VALIDATION
valid epoch balanced_accuracy: 0.602564
EPOCH 108:
VALIDATION
valid epoch balanced_accuracy: 0.602564
EPOCH 109:
VALIDATION
valid epoch balanced_accuracy: 0.641026
EPOCH 110:
VALIDATION
valid epoch balanced_accuracy: 0.602564
EPOCH 111:
VALIDATION
valid epoch balanced_accuracy: 0.602564
EPOCH 112:
VALIDATION
valid epoch balanced_accuracy: 0.602564
EPOCH 113:
VALIDATION
valid epoch balanced_accuracy: 0.602564
EPOCH 114:
VALIDATION
valid epoch balanced_accuracy: 0.564103
EPOCH 115:
VALIDATION
valid epoch balanced_accuracy: 0.602564
EPOCH 116:
VALIDATION
valid epoch balanced_accuracy: 0.641026
EPOCH 117:
VALIDATION
valid epoch balanced_accuracy: 0.564103
EPOCH 118:
VALIDATION
valid epoch balanced_accuracy: 0.641026
EPOCH 119:
VALIDATION
valid epoch balanced_accuracy: 0.602564
EPOCH 120:
VALIDATION
valid epoch balanced_accuracy: 0.602564
EPOCH 121:
VALIDATION
valid epoch balanced_accuracy: 0.602564
EPOCH 122:
VALIDATION
valid epoch balanced_accuracy: 0.641026
EPOCH 123:
VALIDATION
valid epoch balanced_accuracy: 0.602564
EPOCH 124:
VALIDATION
valid epoch balanced_accuracy: 0.641026
EPOCH 125:
VALIDATION
valid epoch balanced_accuracy: 0.641026
EPOCH 126:
VALIDATION
valid epoch balanced_accuracy: 0.641026
EPOCH 127:
VALIDATION
valid epoch balanced_accuracy: 0.641026
EPOCH 128:
VALIDATION
valid epoch balanced_accuracy: 0.602564
EPOCH 129:
VALIDATION
valid epoch balanced_accuracy: 0.641026
EPOCH 130:
VALIDATION
valid epoch balanced_accuracy: 0.435897
EPOCH 131:
VALIDATION
valid epoch balanced_accuracy: 0.564103
EPOCH 132:
VALIDATION
valid epoch balanced_accuracy: 0.602564
EPOCH 133:
VALIDATION
valid epoch balanced_accuracy: 0.641026
EPOCH 134:
VALIDATION
valid epoch balanced_accuracy: 0.641026
EPOCH 135:
VALIDATION
valid epoch balanced_accuracy: 0.641026
EPOCH 136:
VALIDATION
valid epoch balanced_accuracy: 0.641026
EPOCH 137:
VALIDATION
valid epoch balanced_accuracy: 0.641026
EPOCH 138:
VALIDATION
valid epoch balanced_accuracy: 0.602564
EPOCH 139:
VALIDATION
valid epoch balanced_accuracy: 0.641026
EPOCH 140:
VALIDATION
valid epoch balanced_accuracy: 0.641026
EPOCH 141:
VALIDATION
valid epoch balanced_accuracy: 0.641026
EPOCH 142:
VALIDATION
valid epoch balanced_accuracy: 0.641026
EPOCH 143:
VALIDATION
valid epoch balanced_accuracy: 0.641026
EPOCH 144:
VALIDATION
valid epoch balanced_accuracy: 0.602564
EPOCH 145:
VALIDATION
valid epoch balanced_accuracy: 0.679487
EPOCH 146:
VALIDATION
valid epoch balanced_accuracy: 0.602564
EPOCH 147:
VALIDATION
valid epoch balanced_accuracy: 0.602564
EPOCH 148:
VALIDATION
valid epoch balanced_accuracy: 0.641026
EPOCH 149:
VALIDATION
valid epoch balanced_accuracy: 0.602564
EPOCH 150:
VALIDATION
valid epoch balanced_accuracy: 0.641026
accuracy: 0.625000
sensitivity: 0.285714
precision: 0.666667
specificity: 0.888889
IoU: 0.250000
FAR: 0.111111
F1: 0.400000
balanced_accuracy: 0.587302
loss: 2.649382
