
number of parameters : 1075406
train : (1242, 12)
valid : (44, 12)
test : (45, 12)
class weights : [1.1739130020141602, 0.8709677457809448]
data extracted
EPOCH 1:
VALIDATION
valid epoch balanced_accuracy: 0.624211
EPOCH 2:
VALIDATION
valid epoch balanced_accuracy: 0.623158
EPOCH 3:
VALIDATION
valid epoch balanced_accuracy: 0.426316
EPOCH 4:
VALIDATION
valid epoch balanced_accuracy: 0.517895
EPOCH 5:
VALIDATION
valid epoch balanced_accuracy: 0.445263
EPOCH 6:
VALIDATION
valid epoch balanced_accuracy: 0.485263
EPOCH 7:
VALIDATION
valid epoch balanced_accuracy: 0.472632
EPOCH 8:
VALIDATION
valid epoch balanced_accuracy: 0.497895
EPOCH 9:
VALIDATION
valid epoch balanced_accuracy: 0.471579
EPOCH 10:
VALIDATION
valid epoch balanced_accuracy: 0.464211
EPOCH 11:
VALIDATION
valid epoch balanced_accuracy: 0.523158
EPOCH 12:
VALIDATION
valid epoch balanced_accuracy: 0.491579
EPOCH 13:
VALIDATION
valid epoch balanced_accuracy: 0.538947
EPOCH 14:
VALIDATION
valid epoch balanced_accuracy: 0.471579
EPOCH 15:
VALIDATION
valid epoch balanced_accuracy: 0.477895
EPOCH 16:
VALIDATION
valid epoch balanced_accuracy: 0.491579
EPOCH 17:
VALIDATION
valid epoch balanced_accuracy: 0.417895
EPOCH 18:
VALIDATION
valid epoch balanced_accuracy: 0.485263
EPOCH 19:
VALIDATION
valid epoch balanced_accuracy: 0.456842
EPOCH 20:
VALIDATION
valid epoch balanced_accuracy: 0.485263
EPOCH 21:
VALIDATION
valid epoch balanced_accuracy: 0.484211
EPOCH 22:
VALIDATION
valid epoch balanced_accuracy: 0.470526
EPOCH 23:
VALIDATION
valid epoch balanced_accuracy: 0.483158
EPOCH 24:
VALIDATION
valid epoch balanced_accuracy: 0.464211
EPOCH 25:
VALIDATION
valid epoch balanced_accuracy: 0.464211
EPOCH 26:
VALIDATION
valid epoch balanced_accuracy: 0.405263
EPOCH 27:
VALIDATION
valid epoch balanced_accuracy: 0.457895
EPOCH 28:
VALIDATION
valid epoch balanced_accuracy: 0.498947
EPOCH 29:
VALIDATION
valid epoch balanced_accuracy: 0.438947
EPOCH 30:
VALIDATION
valid epoch balanced_accuracy: 0.505263
EPOCH 31:
VALIDATION
valid epoch balanced_accuracy: 0.491579
EPOCH 32:
VALIDATION
valid epoch balanced_accuracy: 0.465263
EPOCH 33:
VALIDATION
valid epoch balanced_accuracy: 0.530526
EPOCH 34:
VALIDATION
valid epoch balanced_accuracy: 0.451579
EPOCH 35:
VALIDATION
valid epoch balanced_accuracy: 0.445263
EPOCH 36:
VALIDATION
valid epoch balanced_accuracy: 0.398947
EPOCH 37:
VALIDATION
valid epoch balanced_accuracy: 0.491579
EPOCH 38:
VALIDATION
valid epoch balanced_accuracy: 0.372632
EPOCH 39:
VALIDATION
valid epoch balanced_accuracy: 0.478947
EPOCH 40:
VALIDATION
valid epoch balanced_accuracy: 0.537895
EPOCH 41:
VALIDATION
valid epoch balanced_accuracy: 0.484211
EPOCH 42:
VALIDATION
valid epoch balanced_accuracy: 0.485263
EPOCH 43:
VALIDATION
valid epoch balanced_accuracy: 0.556842
EPOCH 44:
VALIDATION
valid epoch balanced_accuracy: 0.484211
EPOCH 45:
VALIDATION
valid epoch balanced_accuracy: 0.412632
EPOCH 46:
VALIDATION
valid epoch balanced_accuracy: 0.505263
EPOCH 47:
VALIDATION
valid epoch balanced_accuracy: 0.484211
EPOCH 48:
VALIDATION
valid epoch balanced_accuracy: 0.538947
EPOCH 49:
VALIDATION
valid epoch balanced_accuracy: 0.511579
EPOCH 50:
VALIDATION
valid epoch balanced_accuracy: 0.518947
EPOCH 51:
VALIDATION
valid epoch balanced_accuracy: 0.478947
EPOCH 52:
VALIDATION
valid epoch balanced_accuracy: 0.557895
EPOCH 53:
VALIDATION
valid epoch balanced_accuracy: 0.564211
EPOCH 54:
VALIDATION
valid epoch balanced_accuracy: 0.525263
EPOCH 55:
VALIDATION
valid epoch balanced_accuracy: 0.525263
EPOCH 56:
VALIDATION
valid epoch balanced_accuracy: 0.471579
EPOCH 57:
VALIDATION
valid epoch balanced_accuracy: 0.458947
EPOCH 58:
VALIDATION
valid epoch balanced_accuracy: 0.491579
EPOCH 59:
VALIDATION
valid epoch balanced_accuracy: 0.518947
EPOCH 60:
VALIDATION
valid epoch balanced_accuracy: 0.438947
EPOCH 61:
VALIDATION
valid epoch balanced_accuracy: 0.478947
EARLY STOPPING: rolling validation balanced accuracy did not improve for 60 epochs and validation loss increased over the same window.
accuracy: 0.711111
sensitivity: 0.500000
precision: 0.923077
specificity: 0.952381
IoU: 0.480000
FAR: 0.047619
F1: 0.648649
balanced_accuracy: 0.726190
loss: 0.602433
