Waiting for exclusive access to GPU GPU-921bd90d-c98b-84ba-5b27-e17315d3441a.
=== GROUP: IP_trans | VARIANT: pu_prior020 | SEED: 0 | PU_PRIOR: 0.20 | GPU: Tesla V100-SXM2-32GB ===

number of parameters : 1075406
train : (1212, 12)
valid : (61, 12)
test : (61, 12)
PU prior : 0.200000
class weights : [1.1631478071212769, 0.8769898414611816]
data extracted
EPOCH 1:
VALIDATION
valid epoch balanced_accuracy: 0.500000
EPOCH 2:
VALIDATION
valid epoch balanced_accuracy: 0.500000
EPOCH 3:
VALIDATION
valid epoch balanced_accuracy: 0.481481
EPOCH 4:
VALIDATION
valid epoch balanced_accuracy: 0.529412
EPOCH 5:
VALIDATION
valid epoch balanced_accuracy: 0.481481
EPOCH 6:
VALIDATION
valid epoch balanced_accuracy: 0.500000
EPOCH 7:
VALIDATION
valid epoch balanced_accuracy: 0.481481
EPOCH 8:
VALIDATION
valid epoch balanced_accuracy: 0.500000
EPOCH 9:
VALIDATION
valid epoch balanced_accuracy: 0.481481
EPOCH 10:
VALIDATION
valid epoch balanced_accuracy: 0.500000
EPOCH 11:
VALIDATION
valid epoch balanced_accuracy: 0.481481
EPOCH 12:
