
number of parameters : 1945087
train : (1202, 12)
valid : (64, 12)
test : (65, 12)
class weights : [1.1761252880096436, 0.8697539567947388]
data extracted
EPOCH 1:
VALIDATION
valid epoch balanced_accuracy: 0.490148
EPOCH 2:
VALIDATION
valid epoch balanced_accuracy: 0.482759
EPOCH 3:
VALIDATION
valid epoch balanced_accuracy: 0.465517
EPOCH 4:
VALIDATION
valid epoch balanced_accuracy: 0.615271
EPOCH 5:
VALIDATION
valid epoch balanced_accuracy: 0.555665
EPOCH 6:
VALIDATION
valid epoch balanced_accuracy: 0.547291
EPOCH 7:
VALIDATION
valid epoch balanced_accuracy: 0.603448
EPOCH 8:
VALIDATION
valid epoch balanced_accuracy: 0.596059
EPOCH 9:
VALIDATION
valid epoch balanced_accuracy: 0.615271
EPOCH 10:
VALIDATION
valid epoch balanced_accuracy: 0.576355
EPOCH 11:
VALIDATION
valid epoch balanced_accuracy: 0.676355
EPOCH 12:
VALIDATION
valid epoch balanced_accuracy: 0.603448
EPOCH 13:
VALIDATION
valid epoch balanced_accuracy: 0.620690
EPOCH 14:
VALIDATION
valid epoch balanced_accuracy: 0.563547
EPOCH 15:
VALIDATION
valid epoch balanced_accuracy: 0.673399
EPOCH 16:
VALIDATION
valid epoch balanced_accuracy: 0.603448
EPOCH 17:
VALIDATION
valid epoch balanced_accuracy: 0.620690
EPOCH 18:
VALIDATION
valid epoch balanced_accuracy: 0.627094
EPOCH 19:
VALIDATION
valid epoch balanced_accuracy: 0.637931
EPOCH 20:
VALIDATION
valid epoch balanced_accuracy: 0.655172
EPOCH 21:
VALIDATION
valid epoch balanced_accuracy: 0.606404
EPOCH 22:
VALIDATION
valid epoch balanced_accuracy: 0.672414
EPOCH 23:
VALIDATION
valid epoch balanced_accuracy: 0.632512
EPOCH 24:
VALIDATION
valid epoch balanced_accuracy: 0.643842
EPOCH 25:
VALIDATION
valid epoch balanced_accuracy: 0.612315
EPOCH 26:
VALIDATION
valid epoch balanced_accuracy: 0.655172
EPOCH 27:
VALIDATION
valid epoch balanced_accuracy: 0.658128
EPOCH 28:
VALIDATION
valid epoch balanced_accuracy: 0.603941
EPOCH 29:
VALIDATION
valid epoch balanced_accuracy: 0.669951
EPOCH 30:
VALIDATION
valid epoch balanced_accuracy: 0.618227
EPOCH 31:
VALIDATION
valid epoch balanced_accuracy: 0.502463
EPOCH 32:
VALIDATION
valid epoch balanced_accuracy: 0.603448
EPOCH 33:
VALIDATION
valid epoch balanced_accuracy: 0.615271
EPOCH 34:
VALIDATION
valid epoch balanced_accuracy: 0.658128
EPOCH 35:
VALIDATION
valid epoch balanced_accuracy: 0.583744
EPOCH 36:
VALIDATION
valid epoch balanced_accuracy: 0.650739
EPOCH 37:
VALIDATION
valid epoch balanced_accuracy: 0.612315
EPOCH 38:
VALIDATION
valid epoch balanced_accuracy: 0.635961
EPOCH 39:
VALIDATION
valid epoch balanced_accuracy: 0.661084
EPOCH 40:
VALIDATION
valid epoch balanced_accuracy: 0.689655
EPOCH 41:
VALIDATION
valid epoch balanced_accuracy: 0.618227
EPOCH 42:
VALIDATION
valid epoch balanced_accuracy: 0.715764
EPOCH 43:
VALIDATION
valid epoch balanced_accuracy: 0.647783
EPOCH 44:
VALIDATION
valid epoch balanced_accuracy: 0.669951
EPOCH 45:
VALIDATION
valid epoch balanced_accuracy: 0.626601
EPOCH 46:
VALIDATION
valid epoch balanced_accuracy: 0.629557
EPOCH 47:
VALIDATION
valid epoch balanced_accuracy: 0.643842
EPOCH 48:
VALIDATION
valid epoch balanced_accuracy: 0.678325
EPOCH 49:
VALIDATION
valid epoch balanced_accuracy: 0.655172
EPOCH 50:
VALIDATION
valid epoch balanced_accuracy: 0.692611
EPOCH 51:
VALIDATION
valid epoch balanced_accuracy: 0.672414
EPOCH 52:
VALIDATION
valid epoch balanced_accuracy: 0.609360
EPOCH 53:
VALIDATION
valid epoch balanced_accuracy: 0.652709
EPOCH 54:
VALIDATION
valid epoch balanced_accuracy: 0.598030
EPOCH 55:
VALIDATION
valid epoch balanced_accuracy: 0.696059
EPOCH 56:
VALIDATION
valid epoch balanced_accuracy: 0.638916
EPOCH 57:
VALIDATION
valid epoch balanced_accuracy: 0.495567
EPOCH 58:
VALIDATION
valid epoch balanced_accuracy: 0.629557
EPOCH 59:
VALIDATION
valid epoch balanced_accuracy: 0.698522
EPOCH 60:
VALIDATION
valid epoch balanced_accuracy: 0.555172
EPOCH 61:
VALIDATION
valid epoch balanced_accuracy: 0.633005
EPOCH 62:
VALIDATION
valid epoch balanced_accuracy: 0.587192
EPOCH 63:
VALIDATION
valid epoch balanced_accuracy: 0.649754
EPOCH 64:
VALIDATION
valid epoch balanced_accuracy: 0.609360
EPOCH 65:
VALIDATION
valid epoch balanced_accuracy: 0.615764
EPOCH 66:
VALIDATION
valid epoch balanced_accuracy: 0.624138
EPOCH 67:
VALIDATION
valid epoch balanced_accuracy: 0.626601
EPOCH 68:
VALIDATION
valid epoch balanced_accuracy: 0.669951
EPOCH 69:
VALIDATION
valid epoch balanced_accuracy: 0.564039
EPOCH 70:
VALIDATION
valid epoch balanced_accuracy: 0.601478
EPOCH 71:
VALIDATION
valid epoch balanced_accuracy: 0.630049
EPOCH 72:
VALIDATION
valid epoch balanced_accuracy: 0.624138
EPOCH 73:
VALIDATION
valid epoch balanced_accuracy: 0.540887
EPOCH 74:
VALIDATION
valid epoch balanced_accuracy: 0.558128
EPOCH 75:
VALIDATION
valid epoch balanced_accuracy: 0.583744
EPOCH 76:
VALIDATION
valid epoch balanced_accuracy: 0.541379
EPOCH 77:
VALIDATION
valid epoch balanced_accuracy: 0.592118
EPOCH 78:
VALIDATION
valid epoch balanced_accuracy: 0.643842
EPOCH 79:
VALIDATION
valid epoch balanced_accuracy: 0.596552
EPOCH 80:
VALIDATION
valid epoch balanced_accuracy: 0.612315
EPOCH 81:
VALIDATION
valid epoch balanced_accuracy: 0.641379
EPOCH 82:
VALIDATION
valid epoch balanced_accuracy: 0.623645
EPOCH 83:
VALIDATION
valid epoch balanced_accuracy: 0.612315
EPOCH 84:
VALIDATION
valid epoch balanced_accuracy: 0.624138
EPOCH 85:
VALIDATION
valid epoch balanced_accuracy: 0.629557
EPOCH 86:
VALIDATION
valid epoch balanced_accuracy: 0.626601
EPOCH 87:
VALIDATION
valid epoch balanced_accuracy: 0.612315
EPOCH 88:
VALIDATION
valid epoch balanced_accuracy: 0.612315
EPOCH 89:
VALIDATION
valid epoch balanced_accuracy: 0.609360
EPOCH 90:
VALIDATION
valid epoch balanced_accuracy: 0.609360
EPOCH 91:
VALIDATION
valid epoch balanced_accuracy: 0.609360
EPOCH 92:
VALIDATION
valid epoch balanced_accuracy: 0.609360
EPOCH 93:
VALIDATION
valid epoch balanced_accuracy: 0.609360
EPOCH 94:
VALIDATION
valid epoch balanced_accuracy: 0.609360
EPOCH 95:
VALIDATION
valid epoch balanced_accuracy: 0.655665
EPOCH 96:
VALIDATION
valid epoch balanced_accuracy: 0.575369
EPOCH 97:
VALIDATION
valid epoch balanced_accuracy: 0.609360
EPOCH 98:
VALIDATION
valid epoch balanced_accuracy: 0.600985
EPOCH 99:
VALIDATION
valid epoch balanced_accuracy: 0.618227
EPOCH 100:
VALIDATION
valid epoch balanced_accuracy: 0.623645
EPOCH 101:
VALIDATION
valid epoch balanced_accuracy: 0.606897
EPOCH 102:
VALIDATION
valid epoch balanced_accuracy: 0.609360
EPOCH 103:
VALIDATION
valid epoch balanced_accuracy: 0.583744
EPOCH 104:
VALIDATION
valid epoch balanced_accuracy: 0.624138
EPOCH 105:
VALIDATION
valid epoch balanced_accuracy: 0.638424
EPOCH 106:
VALIDATION
valid epoch balanced_accuracy: 0.696059
EPOCH 107:
VALIDATION
valid epoch balanced_accuracy: 0.664039
EPOCH 108:
VALIDATION
valid epoch balanced_accuracy: 0.681773
EPOCH 109:
VALIDATION
valid epoch balanced_accuracy: 0.681281
EPOCH 110:
VALIDATION
valid epoch balanced_accuracy: 0.641379
EPOCH 111:
VALIDATION
valid epoch balanced_accuracy: 0.661576
EPOCH 112:
VALIDATION
valid epoch balanced_accuracy: 0.696059
EPOCH 113:
VALIDATION
valid epoch balanced_accuracy: 0.624138
EPOCH 114:
VALIDATION
valid epoch balanced_accuracy: 0.713793
EPOCH 115:
VALIDATION
valid epoch balanced_accuracy: 0.627094
EPOCH 116:
VALIDATION
valid epoch balanced_accuracy: 0.710345
EPOCH 117:
VALIDATION
valid epoch balanced_accuracy: 0.667488
EPOCH 118:
VALIDATION
valid epoch balanced_accuracy: 0.687685
EPOCH 119:
VALIDATION
valid epoch balanced_accuracy: 0.667488
EPOCH 120:
VALIDATION
valid epoch balanced_accuracy: 0.710345
EPOCH 121:
VALIDATION
valid epoch balanced_accuracy: 0.667980
EPOCH 122:
VALIDATION
valid epoch balanced_accuracy: 0.639409
EPOCH 123:
VALIDATION
valid epoch balanced_accuracy: 0.670443
EPOCH 124:
VALIDATION
valid epoch balanced_accuracy: 0.730542
EPOCH 125:
VALIDATION
valid epoch balanced_accuracy: 0.672906
EPOCH 126:
VALIDATION
valid epoch balanced_accuracy: 0.727586
EPOCH 127:
VALIDATION
valid epoch balanced_accuracy: 0.687192
EPOCH 128:
VALIDATION
valid epoch balanced_accuracy: 0.693103
EPOCH 129:
VALIDATION
valid epoch balanced_accuracy: 0.727586
EPOCH 130:
VALIDATION
valid epoch balanced_accuracy: 0.672906
EPOCH 131:
VALIDATION
valid epoch balanced_accuracy: 0.693103
EPOCH 132:
VALIDATION
valid epoch balanced_accuracy: 0.655665
EPOCH 133:
VALIDATION
valid epoch balanced_accuracy: 0.741872
EPOCH 134:
VALIDATION
valid epoch balanced_accuracy: 0.696059
EPOCH 135:
VALIDATION
valid epoch balanced_accuracy: 0.681281
EPOCH 136:
VALIDATION
valid epoch balanced_accuracy: 0.727586
EPOCH 137:
VALIDATION
valid epoch balanced_accuracy: 0.713300
EPOCH 138:
VALIDATION
valid epoch balanced_accuracy: 0.727586
EPOCH 139:
VALIDATION
valid epoch balanced_accuracy: 0.596552
EPOCH 140:
VALIDATION
valid epoch balanced_accuracy: 0.733005
EPOCH 141:
VALIDATION
valid epoch balanced_accuracy: 0.664039
EPOCH 142:
VALIDATION
valid epoch balanced_accuracy: 0.747291
EPOCH 143:
VALIDATION
valid epoch balanced_accuracy: 0.712808
EPOCH 144:
VALIDATION
valid epoch balanced_accuracy: 0.784729
EPOCH 145:
VALIDATION
valid epoch balanced_accuracy: 0.685222
EPOCH 146:
VALIDATION
valid epoch balanced_accuracy: 0.710345
EPOCH 147:
VALIDATION
valid epoch balanced_accuracy: 0.511330
EPOCH 148:
VALIDATION
valid epoch balanced_accuracy: 0.550739
EPOCH 149:
VALIDATION
valid epoch balanced_accuracy: 0.565025
EPOCH 150:
VALIDATION
valid epoch balanced_accuracy: 0.644828
accuracy: 0.630769
sensitivity: 0.666667
precision: 0.588235
specificity: 0.600000
IoU: 0.454545
FAR: 0.400000
F1: 0.625000
balanced_accuracy: 0.633333
loss: 1.704843
