
number of parameters : 1403982
train : (1243, 12)
valid : (44, 12)
test : (44, 12)
class weights : [1.1466789245605469, 0.8865906000137329]
data extracted
EPOCH 1:
VALIDATION
valid epoch balanced_accuracy: 0.520000
EPOCH 2:
VALIDATION
valid epoch balanced_accuracy: 0.500000
EPOCH 3:
VALIDATION
valid epoch balanced_accuracy: 0.473684
EPOCH 4:
VALIDATION
valid epoch balanced_accuracy: 0.575789
EPOCH 5:
VALIDATION
valid epoch balanced_accuracy: 0.473684
EPOCH 6:
VALIDATION
valid epoch balanced_accuracy: 0.529474
EPOCH 7:
VALIDATION
valid epoch balanced_accuracy: 0.616842
EPOCH 8:
VALIDATION
valid epoch balanced_accuracy: 0.556842
EPOCH 9:
VALIDATION
valid epoch balanced_accuracy: 0.609474
EPOCH 10:
VALIDATION
valid epoch balanced_accuracy: 0.530526
EPOCH 11:
VALIDATION
valid epoch balanced_accuracy: 0.549474
EPOCH 12:
VALIDATION
valid epoch balanced_accuracy: 0.788421
EPOCH 13:
VALIDATION
valid epoch balanced_accuracy: 0.753684
EPOCH 14:
VALIDATION
valid epoch balanced_accuracy: 0.793684
EPOCH 15:
VALIDATION
valid epoch balanced_accuracy: 0.561053
EPOCH 16:
VALIDATION
valid epoch balanced_accuracy: 0.549474
EPOCH 17:
VALIDATION
valid epoch balanced_accuracy: 0.707368
EPOCH 18:
VALIDATION
valid epoch balanced_accuracy: 0.861053
EPOCH 19:
VALIDATION
valid epoch balanced_accuracy: 0.574737
EPOCH 20:
VALIDATION
valid epoch balanced_accuracy: 0.682105
EPOCH 21:
VALIDATION
valid epoch balanced_accuracy: 0.847368
EPOCH 22:
VALIDATION
valid epoch balanced_accuracy: 0.496842
EPOCH 23:
VALIDATION
valid epoch balanced_accuracy: 0.841053
EPOCH 24:
VALIDATION
valid epoch balanced_accuracy: 0.655789
EPOCH 25:
VALIDATION
valid epoch balanced_accuracy: 0.722105
EPOCH 26:
VALIDATION
valid epoch balanced_accuracy: 0.682105
EPOCH 27:
VALIDATION
valid epoch balanced_accuracy: 0.649474
EPOCH 28:
VALIDATION
valid epoch balanced_accuracy: 0.595789
EPOCH 29:
VALIDATION
valid epoch balanced_accuracy: 0.543158
EPOCH 30:
VALIDATION
valid epoch balanced_accuracy: 0.661053
EPOCH 31:
VALIDATION
valid epoch balanced_accuracy: 0.815789
EPOCH 32:
VALIDATION
valid epoch balanced_accuracy: 0.787368
EPOCH 33:
VALIDATION
valid epoch balanced_accuracy: 0.754737
EPOCH 34:
VALIDATION
valid epoch balanced_accuracy: 0.483158
EPOCH 35:
VALIDATION
valid epoch balanced_accuracy: 0.629474
EPOCH 36:
VALIDATION
valid epoch balanced_accuracy: 0.622105
EPOCH 37:
VALIDATION
valid epoch balanced_accuracy: 0.616842
EPOCH 38:
VALIDATION
valid epoch balanced_accuracy: 0.509474
EPOCH 39:
VALIDATION
valid epoch balanced_accuracy: 0.695789
EPOCH 40:
VALIDATION
valid epoch balanced_accuracy: 0.668421
EPOCH 41:
VALIDATION
valid epoch balanced_accuracy: 0.615789
EPOCH 42:
VALIDATION
valid epoch balanced_accuracy: 0.603158
EPOCH 43:
VALIDATION
valid epoch balanced_accuracy: 0.589474
EPOCH 44:
VALIDATION
valid epoch balanced_accuracy: 0.615789
EPOCH 45:
VALIDATION
valid epoch balanced_accuracy: 0.575789
EPOCH 46:
VALIDATION
valid epoch balanced_accuracy: 0.714737
EPOCH 47:
VALIDATION
valid epoch balanced_accuracy: 0.761053
EPOCH 48:
VALIDATION
valid epoch balanced_accuracy: 0.629474
EPOCH 49:
VALIDATION
valid epoch balanced_accuracy: 0.602105
EPOCH 50:
VALIDATION
valid epoch balanced_accuracy: 0.681053
EPOCH 51:
VALIDATION
valid epoch balanced_accuracy: 0.583158
EPOCH 52:
VALIDATION
valid epoch balanced_accuracy: 0.575789
EPOCH 53:
VALIDATION
valid epoch balanced_accuracy: 0.609474
EPOCH 54:
VALIDATION
valid epoch balanced_accuracy: 0.615789
EPOCH 55:
VALIDATION
valid epoch balanced_accuracy: 0.569474
EPOCH 56:
VALIDATION
valid epoch balanced_accuracy: 0.741053
EPOCH 57:
VALIDATION
valid epoch balanced_accuracy: 0.416842
EPOCH 58:
VALIDATION
valid epoch balanced_accuracy: 0.696842
EPOCH 59:
VALIDATION
valid epoch balanced_accuracy: 0.629474
EPOCH 60:
VALIDATION
valid epoch balanced_accuracy: 0.595789
EPOCH 61:
VALIDATION
valid epoch balanced_accuracy: 0.648421
EPOCH 62:
VALIDATION
valid epoch balanced_accuracy: 0.688421
EPOCH 63:
VALIDATION
valid epoch balanced_accuracy: 0.549474
EPOCH 64:
VALIDATION
valid epoch balanced_accuracy: 0.569474
EPOCH 65:
VALIDATION
valid epoch balanced_accuracy: 0.555789
EPOCH 66:
VALIDATION
valid epoch balanced_accuracy: 0.642105
EPOCH 67:
VALIDATION
valid epoch balanced_accuracy: 0.509474
EPOCH 68:
VALIDATION
valid epoch balanced_accuracy: 0.569474
EPOCH 69:
VALIDATION
valid epoch balanced_accuracy: 0.489474
EPOCH 70:
VALIDATION
valid epoch balanced_accuracy: 0.609474
EPOCH 71:
VALIDATION
valid epoch balanced_accuracy: 0.648421
EPOCH 72:
VALIDATION
valid epoch balanced_accuracy: 0.608421
EPOCH 73:
VALIDATION
valid epoch balanced_accuracy: 0.555789
EPOCH 74:
VALIDATION
valid epoch balanced_accuracy: 0.734737
EPOCH 75:
VALIDATION
valid epoch balanced_accuracy: 0.575789
EPOCH 76:
VALIDATION
valid epoch balanced_accuracy: 0.628421
EPOCH 77:
VALIDATION
valid epoch balanced_accuracy: 0.562105
EPOCH 78:
VALIDATION
valid epoch balanced_accuracy: 0.549474
EPOCH 79:
VALIDATION
valid epoch balanced_accuracy: 0.529474
EPOCH 80:
VALIDATION
valid epoch balanced_accuracy: 0.423158
EPOCH 81:
VALIDATION
valid epoch balanced_accuracy: 0.582105
EPOCH 82:
VALIDATION
valid epoch balanced_accuracy: 0.529474
EPOCH 83:
VALIDATION
valid epoch balanced_accuracy: 0.529474
EPOCH 84:
VALIDATION
valid epoch balanced_accuracy: 0.648421
EPOCH 85:
VALIDATION
valid epoch balanced_accuracy: 0.529474
EPOCH 86:
VALIDATION
valid epoch balanced_accuracy: 0.549474
EPOCH 87:
VALIDATION
valid epoch balanced_accuracy: 0.409474
EPOCH 88:
VALIDATION
valid epoch balanced_accuracy: 0.529474
EPOCH 89:
VALIDATION
valid epoch balanced_accuracy: 0.503158
EPOCH 90:
VALIDATION
valid epoch balanced_accuracy: 0.509474
EPOCH 91:
VALIDATION
valid epoch balanced_accuracy: 0.429474
EPOCH 92:
VALIDATION
valid epoch balanced_accuracy: 0.563158
EPOCH 93:
VALIDATION
valid epoch balanced_accuracy: 0.602105
EPOCH 94:
VALIDATION
valid epoch balanced_accuracy: 0.509474
EPOCH 95:
VALIDATION
valid epoch balanced_accuracy: 0.529474
EPOCH 96:
VALIDATION
valid epoch balanced_accuracy: 0.529474
EPOCH 97:
VALIDATION
valid epoch balanced_accuracy: 0.563158
EPOCH 98:
VALIDATION
valid epoch balanced_accuracy: 0.609474
EPOCH 99:
VALIDATION
valid epoch balanced_accuracy: 0.529474
EPOCH 100:
VALIDATION
valid epoch balanced_accuracy: 0.535789
EPOCH 101:
VALIDATION
valid epoch balanced_accuracy: 0.569474
EPOCH 102:
VALIDATION
valid epoch balanced_accuracy: 0.529474
EPOCH 103:
VALIDATION
valid epoch balanced_accuracy: 0.555789
EPOCH 104:
VALIDATION
valid epoch balanced_accuracy: 0.529474
EPOCH 105:
VALIDATION
valid epoch balanced_accuracy: 0.529474
EPOCH 106:
VALIDATION
valid epoch balanced_accuracy: 0.303158
EPOCH 107:
VALIDATION
valid epoch balanced_accuracy: 0.655789
EPOCH 108:
VALIDATION
valid epoch balanced_accuracy: 0.490526
EPOCH 109:
VALIDATION
valid epoch balanced_accuracy: 0.489474
EPOCH 110:
VALIDATION
valid epoch balanced_accuracy: 0.555789
EPOCH 111:
VALIDATION
valid epoch balanced_accuracy: 0.529474
EPOCH 112:
VALIDATION
valid epoch balanced_accuracy: 0.529474
EPOCH 113:
VALIDATION
valid epoch balanced_accuracy: 0.549474
EPOCH 114:
VALIDATION
valid epoch balanced_accuracy: 0.529474
EPOCH 115:
VALIDATION
valid epoch balanced_accuracy: 0.549474
EPOCH 116:
VALIDATION
valid epoch balanced_accuracy: 0.543158
EPOCH 117:
VALIDATION
valid epoch balanced_accuracy: 0.529474
EPOCH 118:
VALIDATION
valid epoch balanced_accuracy: 0.549474
EPOCH 119:
VALIDATION
valid epoch balanced_accuracy: 0.529474
EPOCH 120:
VALIDATION
valid epoch balanced_accuracy: 0.529474
EPOCH 121:
VALIDATION
valid epoch balanced_accuracy: 0.529474
EPOCH 122:
VALIDATION
valid epoch balanced_accuracy: 0.529474
EPOCH 123:
VALIDATION
valid epoch balanced_accuracy: 0.549474
EPOCH 124:
VALIDATION
valid epoch balanced_accuracy: 0.529474
EPOCH 125:
VALIDATION
valid epoch balanced_accuracy: 0.529474
EPOCH 126:
VALIDATION
valid epoch balanced_accuracy: 0.555789
EPOCH 127:
VALIDATION
valid epoch balanced_accuracy: 0.549474
EPOCH 128:
VALIDATION
valid epoch balanced_accuracy: 0.589474
EPOCH 129:
VALIDATION
valid epoch balanced_accuracy: 0.609474
EPOCH 130:
VALIDATION
valid epoch balanced_accuracy: 0.649474
EPOCH 131:
VALIDATION
valid epoch balanced_accuracy: 0.476842
EPOCH 132:
VALIDATION
valid epoch balanced_accuracy: 0.595789
EPOCH 133:
VALIDATION
valid epoch balanced_accuracy: 0.588421
EPOCH 134:
VALIDATION
valid epoch balanced_accuracy: 0.543158
EPOCH 135:
VALIDATION
valid epoch balanced_accuracy: 0.523158
EPOCH 136:
VALIDATION
valid epoch balanced_accuracy: 0.575789
EPOCH 137:
VALIDATION
valid epoch balanced_accuracy: 0.622105
EPOCH 138:
VALIDATION
valid epoch balanced_accuracy: 0.543158
EPOCH 139:
VALIDATION
valid epoch balanced_accuracy: 0.569474
EPOCH 140:
VALIDATION
valid epoch balanced_accuracy: 0.622105
EPOCH 141:
VALIDATION
valid epoch balanced_accuracy: 0.549474
EPOCH 142:
VALIDATION
valid epoch balanced_accuracy: 0.543158
EPOCH 143:
VALIDATION
valid epoch balanced_accuracy: 0.569474
EPOCH 144:
VALIDATION
valid epoch balanced_accuracy: 0.563158
EPOCH 145:
VALIDATION
valid epoch balanced_accuracy: 0.569474
EPOCH 146:
VALIDATION
valid epoch balanced_accuracy: 0.595789
EPOCH 147:
VALIDATION
valid epoch balanced_accuracy: 0.563158
EPOCH 148:
VALIDATION
valid epoch balanced_accuracy: 0.563158
EPOCH 149:
VALIDATION
valid epoch balanced_accuracy: 0.587368
EPOCH 150:
VALIDATION
valid epoch balanced_accuracy: 0.782105
accuracy: 0.772727
sensitivity: 0.800000
precision: 0.857143
specificity: 0.714286
IoU: 0.705882
FAR: 0.285714
F1: 0.827586
balanced_accuracy: 0.757143
loss: 0.590454
