
number of parameters : 1403982
train : (988, 12)
valid : (172, 12)
test : (171, 12)
class weights : [1.1330275535583496, 0.8949275612831116]
data extracted
EPOCH 1:
VALIDATION
valid epoch balanced_accuracy: 0.523810
EPOCH 2:
VALIDATION
valid epoch balanced_accuracy: 0.552133
EPOCH 3:
VALIDATION
valid epoch balanced_accuracy: 0.599971
EPOCH 4:
VALIDATION
valid epoch balanced_accuracy: 0.589413
EPOCH 5:
VALIDATION
valid epoch balanced_accuracy: 0.514490
EPOCH 6:
VALIDATION
valid epoch balanced_accuracy: 0.564511
EPOCH 7:
VALIDATION
valid epoch balanced_accuracy: 0.607689
EPOCH 8:
VALIDATION
valid epoch balanced_accuracy: 0.694335
EPOCH 9:
VALIDATION
valid epoch balanced_accuracy: 0.491918
EPOCH 10:
VALIDATION
valid epoch balanced_accuracy: 0.678753
EPOCH 11:
VALIDATION
valid epoch balanced_accuracy: 0.502330
EPOCH 12:
VALIDATION
valid epoch balanced_accuracy: 0.649119
EPOCH 13:
VALIDATION
valid epoch balanced_accuracy: 0.443061
EPOCH 14:
VALIDATION
valid epoch balanced_accuracy: 0.534440
EPOCH 15:
VALIDATION
valid epoch balanced_accuracy: 0.654070
EPOCH 16:
VALIDATION
valid epoch balanced_accuracy: 0.673657
EPOCH 17:
VALIDATION
valid epoch balanced_accuracy: 0.657929
EPOCH 18:
VALIDATION
valid epoch balanced_accuracy: 0.684942
EPOCH 19:
VALIDATION
valid epoch balanced_accuracy: 0.707514
EPOCH 20:
VALIDATION
valid epoch balanced_accuracy: 0.677516
EPOCH 21:
VALIDATION
valid epoch balanced_accuracy: 0.634120
EPOCH 22:
VALIDATION
valid epoch balanced_accuracy: 0.686180
EPOCH 23:
VALIDATION
valid epoch balanced_accuracy: 0.635722
EPOCH 24:
VALIDATION
valid epoch balanced_accuracy: 0.585263
EPOCH 25:
VALIDATION
valid epoch balanced_accuracy: 0.658657
EPOCH 26:
VALIDATION
valid epoch balanced_accuracy: 0.653706
EPOCH 27:
VALIDATION
valid epoch balanced_accuracy: 0.712975
EPOCH 28:
VALIDATION
valid epoch balanced_accuracy: 0.684578
EPOCH 29:
VALIDATION
valid epoch balanced_accuracy: 0.634338
EPOCH 30:
VALIDATION
valid epoch balanced_accuracy: 0.468108
EPOCH 31:
VALIDATION
valid epoch balanced_accuracy: 0.612422
EPOCH 32:
VALIDATION
valid epoch balanced_accuracy: 0.606597
EPOCH 33:
VALIDATION
valid epoch balanced_accuracy: 0.690767
EPOCH 34:
VALIDATION
valid epoch balanced_accuracy: 0.641182
EPOCH 35:
VALIDATION
valid epoch balanced_accuracy: 0.624436
EPOCH 36:
VALIDATION
valid epoch balanced_accuracy: 0.646862
EPOCH 37:
VALIDATION
valid epoch balanced_accuracy: 0.618975
EPOCH 38:
VALIDATION
valid epoch balanced_accuracy: 0.549803
EPOCH 39:
VALIDATION
valid epoch balanced_accuracy: 0.588976
EPOCH 40:
VALIDATION
valid epoch balanced_accuracy: 0.593709
EPOCH 41:
VALIDATION
valid epoch balanced_accuracy: 0.684942
EPOCH 42:
VALIDATION
valid epoch balanced_accuracy: 0.681593
EPOCH 43:
VALIDATION
valid epoch balanced_accuracy: 0.677370
EPOCH 44:
VALIDATION
valid epoch balanced_accuracy: 0.657420
EPOCH 45:
VALIDATION
valid epoch balanced_accuracy: 0.652468
EPOCH 46:
VALIDATION
valid epoch balanced_accuracy: 0.652832
EPOCH 47:
VALIDATION
valid epoch balanced_accuracy: 0.634993
EPOCH 48:
VALIDATION
valid epoch balanced_accuracy: 0.686690
EPOCH 49:
VALIDATION
valid epoch balanced_accuracy: 0.667468
EPOCH 50:
VALIDATION
valid epoch balanced_accuracy: 0.675768
EPOCH 51:
VALIDATION
valid epoch balanced_accuracy: 0.664992
EPOCH 52:
VALIDATION
valid epoch balanced_accuracy: 0.600408
EPOCH 53:
VALIDATION
valid epoch balanced_accuracy: 0.674166
EPOCH 54:
VALIDATION
valid epoch balanced_accuracy: 0.629533
EPOCH 55:
VALIDATION
valid epoch balanced_accuracy: 0.653706
EPOCH 56:
VALIDATION
valid epoch balanced_accuracy: 0.644896
EPOCH 57:
VALIDATION
valid epoch balanced_accuracy: 0.606087
EPOCH 58:
VALIDATION
valid epoch balanced_accuracy: 0.659021
EPOCH 59:
VALIDATION
valid epoch balanced_accuracy: 0.659167
EPOCH 60:
VALIDATION
valid epoch balanced_accuracy: 0.668341
EPOCH 61:
VALIDATION
valid epoch balanced_accuracy: 0.637833
EPOCH 62:
VALIDATION
valid epoch balanced_accuracy: 0.659895
EPOCH 63:
VALIDATION
valid epoch balanced_accuracy: 0.622324
EPOCH 64:
VALIDATION
valid epoch balanced_accuracy: 0.712829
EPOCH 65:
VALIDATION
valid epoch balanced_accuracy: 0.655162
EPOCH 66:
VALIDATION
valid epoch balanced_accuracy: 0.789573
EPOCH 67:
VALIDATION
valid epoch balanced_accuracy: 0.702053
EPOCH 68:
VALIDATION
valid epoch balanced_accuracy: 0.727465
EPOCH 69:
VALIDATION
valid epoch balanced_accuracy: 0.729576
EPOCH 70:
VALIDATION
valid epoch balanced_accuracy: 0.707514
EPOCH 71:
VALIDATION
valid epoch balanced_accuracy: 0.700451
EPOCH 72:
VALIDATION
valid epoch balanced_accuracy: 0.698340
EPOCH 73:
VALIDATION
valid epoch balanced_accuracy: 0.715815
EPOCH 74:
VALIDATION
valid epoch balanced_accuracy: 0.735037
EPOCH 75:
VALIDATION
valid epoch balanced_accuracy: 0.722513
EPOCH 76:
VALIDATION
valid epoch balanced_accuracy: 0.704165
EPOCH 77:
VALIDATION
valid epoch balanced_accuracy: 0.727101
EPOCH 78:
VALIDATION
valid epoch balanced_accuracy: 0.721276
EPOCH 79:
VALIDATION
valid epoch balanced_accuracy: 0.693389
EPOCH 80:
VALIDATION
valid epoch balanced_accuracy: 0.710718
EPOCH 81:
VALIDATION
valid epoch balanced_accuracy: 0.735401
EPOCH 82:
VALIDATION
valid epoch balanced_accuracy: 0.722878
EPOCH 83:
VALIDATION
valid epoch balanced_accuracy: 0.680355
EPOCH 84:
VALIDATION
valid epoch balanced_accuracy: 0.715451
EPOCH 85:
VALIDATION
valid epoch balanced_accuracy: 0.721276
EPOCH 86:
VALIDATION
valid epoch balanced_accuracy: 0.719164
EPOCH 87:
VALIDATION
valid epoch balanced_accuracy: 0.715815
EPOCH 88:
VALIDATION
valid epoch balanced_accuracy: 0.720402
EPOCH 89:
VALIDATION
valid epoch balanced_accuracy: 0.737513
EPOCH 90:
VALIDATION
valid epoch balanced_accuracy: 0.742100
EPOCH 91:
VALIDATION
valid epoch balanced_accuracy: 0.683705
EPOCH 92:
VALIDATION
valid epoch balanced_accuracy: 0.728702
EPOCH 93:
VALIDATION
valid epoch balanced_accuracy: 0.707005
EPOCH 94:
VALIDATION
valid epoch balanced_accuracy: 0.720766
EPOCH 95:
VALIDATION
valid epoch balanced_accuracy: 0.715451
EPOCH 96:
VALIDATION
valid epoch balanced_accuracy: 0.721640
EPOCH 97:
VALIDATION
valid epoch balanced_accuracy: 0.729576
EPOCH 98:
VALIDATION
valid epoch balanced_accuracy: 0.735037
EPOCH 99:
VALIDATION
valid epoch balanced_accuracy: 0.713703
EPOCH 100:
VALIDATION
valid epoch balanced_accuracy: 0.739624
EPOCH 101:
VALIDATION
valid epoch balanced_accuracy: 0.702417
EPOCH 102:
VALIDATION
valid epoch balanced_accuracy: 0.707878
EPOCH 103:
VALIDATION
valid epoch balanced_accuracy: 0.727101
EPOCH 104:
VALIDATION
valid epoch balanced_accuracy: 0.667468
EPOCH 105:
VALIDATION
valid epoch balanced_accuracy: 0.571137
EPOCH 106:
VALIDATION
valid epoch balanced_accuracy: 0.662371
EPOCH 107:
VALIDATION
valid epoch balanced_accuracy: 0.588248
EPOCH 108:
VALIDATION
valid epoch balanced_accuracy: 0.722004
EPOCH 109:
VALIDATION
valid epoch balanced_accuracy: 0.715451
EPOCH 110:
VALIDATION
valid epoch balanced_accuracy: 0.699942
EPOCH 111:
VALIDATION
valid epoch balanced_accuracy: 0.689530
EPOCH 112:
VALIDATION
valid epoch balanced_accuracy: 0.711592
EPOCH 113:
VALIDATION
valid epoch balanced_accuracy: 0.703291
EPOCH 114:
VALIDATION
valid epoch balanced_accuracy: 0.699942
EPOCH 115:
VALIDATION
valid epoch balanced_accuracy: 0.703291
EPOCH 116:
VALIDATION
valid epoch balanced_accuracy: 0.714941
EPOCH 117:
VALIDATION
valid epoch balanced_accuracy: 0.695355
EPOCH 118:
VALIDATION
valid epoch balanced_accuracy: 0.725353
EPOCH 119:
VALIDATION
valid epoch balanced_accuracy: 0.690767
EPOCH 120:
VALIDATION
valid epoch balanced_accuracy: 0.695719
EPOCH 121:
VALIDATION
valid epoch balanced_accuracy: 0.721640
EPOCH 122:
VALIDATION
valid epoch balanced_accuracy: 0.711956
EPOCH 123:
VALIDATION
valid epoch balanced_accuracy: 0.712465
EPOCH 124:
VALIDATION
valid epoch balanced_accuracy: 0.710354
EPOCH 125:
VALIDATION
valid epoch balanced_accuracy: 0.687418
EPOCH 126:
VALIDATION
valid epoch balanced_accuracy: 0.704893
EPOCH 127:
VALIDATION
valid epoch balanced_accuracy: 0.707005
EPOCH 128:
VALIDATION
valid epoch balanced_accuracy: 0.705767
EPOCH 129:
VALIDATION
valid epoch balanced_accuracy: 0.691131
EPOCH 130:
VALIDATION
valid epoch balanced_accuracy: 0.707878
EPOCH 131:
VALIDATION
valid epoch balanced_accuracy: 0.686180
EPOCH 132:
VALIDATION
valid epoch balanced_accuracy: 0.699942
EPOCH 133:
VALIDATION
valid epoch balanced_accuracy: 0.688656
EPOCH 134:
VALIDATION
valid epoch balanced_accuracy: 0.702927
EPOCH 135:
VALIDATION
valid epoch balanced_accuracy: 0.695355
EPOCH 136:
VALIDATION
valid epoch balanced_accuracy: 0.717926
EPOCH 137:
VALIDATION
valid epoch balanced_accuracy: 0.709990
EPOCH 138:
VALIDATION
valid epoch balanced_accuracy: 0.724479
EPOCH 139:
VALIDATION
valid epoch balanced_accuracy: 0.732052
EPOCH 140:
VALIDATION
valid epoch balanced_accuracy: 0.708242
EPOCH 141:
VALIDATION
valid epoch balanced_accuracy: 0.727829
EPOCH 142:
VALIDATION
valid epoch balanced_accuracy: 0.715305
EPOCH 143:
VALIDATION
valid epoch balanced_accuracy: 0.715305
EPOCH 144:
VALIDATION
valid epoch balanced_accuracy: 0.707369
EPOCH 145:
VALIDATION
valid epoch balanced_accuracy: 0.708242
EPOCH 146:
VALIDATION
valid epoch balanced_accuracy: 0.722004
EPOCH 147:
VALIDATION
valid epoch balanced_accuracy: 0.704893
EPOCH 148:
VALIDATION
valid epoch balanced_accuracy: 0.719018
EPOCH 149:
VALIDATION
valid epoch balanced_accuracy: 0.718654
EPOCH 150:
VALIDATION
valid epoch balanced_accuracy: 0.710718
accuracy: 0.555556
sensitivity: 0.410526
precision: 0.661017
specificity: 0.736842
IoU: 0.339130
FAR: 0.263158
F1: 0.506494
balanced_accuracy: 0.573684
loss: 1.661537
