
number of parameters : 1403982
train : (1083, 12)
valid : (124, 12)
test : (124, 12)
class weights : [1.0275142192840576, 0.9739208817481995]
data extracted
EPOCH 1:
VALIDATION
valid epoch balanced_accuracy: 0.432727
EPOCH 2:
VALIDATION
valid epoch balanced_accuracy: 0.416162
EPOCH 3:
VALIDATION
valid epoch balanced_accuracy: 0.523434
EPOCH 4:
VALIDATION
valid epoch balanced_accuracy: 0.410909
EPOCH 5:
VALIDATION
valid epoch balanced_accuracy: 0.588081
EPOCH 6:
VALIDATION
valid epoch balanced_accuracy: 0.446263
EPOCH 7:
VALIDATION
valid epoch balanced_accuracy: 0.487677
EPOCH 8:
VALIDATION
valid epoch balanced_accuracy: 0.476970
EPOCH 9:
VALIDATION
valid epoch balanced_accuracy: 0.551515
EPOCH 10:
VALIDATION
valid epoch balanced_accuracy: 0.526869
EPOCH 11:
VALIDATION
valid epoch balanced_accuracy: 0.491717
EPOCH 12:
VALIDATION
valid epoch balanced_accuracy: 0.546869
EPOCH 13:
VALIDATION
valid epoch balanced_accuracy: 0.490909
EPOCH 14:
VALIDATION
valid epoch balanced_accuracy: 0.562020
EPOCH 15:
VALIDATION
valid epoch balanced_accuracy: 0.506061
EPOCH 16:
VALIDATION
valid epoch balanced_accuracy: 0.475758
EPOCH 17:
VALIDATION
valid epoch balanced_accuracy: 0.501414
EPOCH 18:
VALIDATION
valid epoch balanced_accuracy: 0.566465
EPOCH 19:
VALIDATION
valid epoch balanced_accuracy: 0.526667
EPOCH 20:
VALIDATION
valid epoch balanced_accuracy: 0.541818
EPOCH 21:
VALIDATION
valid epoch balanced_accuracy: 0.567273
EPOCH 22:
VALIDATION
valid epoch balanced_accuracy: 0.581818
EPOCH 23:
VALIDATION
valid epoch balanced_accuracy: 0.556566
EPOCH 24:
VALIDATION
valid epoch balanced_accuracy: 0.561414
EPOCH 25:
VALIDATION
valid epoch balanced_accuracy: 0.562424
EPOCH 26:
VALIDATION
valid epoch balanced_accuracy: 0.526667
EPOCH 27:
VALIDATION
valid epoch balanced_accuracy: 0.551515
EPOCH 28:
VALIDATION
valid epoch balanced_accuracy: 0.616970
EPOCH 29:
VALIDATION
valid epoch balanced_accuracy: 0.572121
EPOCH 30:
VALIDATION
valid epoch balanced_accuracy: 0.571919
EPOCH 31:
VALIDATION
valid epoch balanced_accuracy: 0.597172
EPOCH 32:
VALIDATION
valid epoch balanced_accuracy: 0.576364
EPOCH 33:
VALIDATION
valid epoch balanced_accuracy: 0.596970
EPOCH 34:
VALIDATION
valid epoch balanced_accuracy: 0.561414
EPOCH 35:
VALIDATION
valid epoch balanced_accuracy: 0.526061
EPOCH 36:
VALIDATION
valid epoch balanced_accuracy: 0.511313
EPOCH 37:
VALIDATION
valid epoch balanced_accuracy: 0.546061
EPOCH 38:
VALIDATION
valid epoch balanced_accuracy: 0.566465
EPOCH 39:
VALIDATION
valid epoch balanced_accuracy: 0.596768
EPOCH 40:
VALIDATION
valid epoch balanced_accuracy: 0.571717
EPOCH 41:
VALIDATION
valid epoch balanced_accuracy: 0.576970
EPOCH 42:
VALIDATION
valid epoch balanced_accuracy: 0.495556
EPOCH 43:
VALIDATION
valid epoch balanced_accuracy: 0.546869
EPOCH 44:
VALIDATION
valid epoch balanced_accuracy: 0.601616
EPOCH 45:
VALIDATION
valid epoch balanced_accuracy: 0.566263
EPOCH 46:
VALIDATION
valid epoch balanced_accuracy: 0.606667
EPOCH 47:
VALIDATION
valid epoch balanced_accuracy: 0.581616
EPOCH 48:
VALIDATION
valid epoch balanced_accuracy: 0.541010
EPOCH 49:
VALIDATION
valid epoch balanced_accuracy: 0.521010
EPOCH 50:
VALIDATION
valid epoch balanced_accuracy: 0.525657
EPOCH 51:
VALIDATION
valid epoch balanced_accuracy: 0.536364
EPOCH 52:
VALIDATION
valid epoch balanced_accuracy: 0.576768
EPOCH 53:
VALIDATION
valid epoch balanced_accuracy: 0.515960
EPOCH 54:
VALIDATION
valid epoch balanced_accuracy: 0.490303
EPOCH 55:
VALIDATION
valid epoch balanced_accuracy: 0.510909
EPOCH 56:
VALIDATION
valid epoch balanced_accuracy: 0.506061
EPOCH 57:
VALIDATION
valid epoch balanced_accuracy: 0.506465
EPOCH 58:
VALIDATION
valid epoch balanced_accuracy: 0.531717
EPOCH 59:
VALIDATION
valid epoch balanced_accuracy: 0.541212
EPOCH 60:
VALIDATION
valid epoch balanced_accuracy: 0.587071
EPOCH 61:
VALIDATION
valid epoch balanced_accuracy: 0.546869
EPOCH 62:
VALIDATION
valid epoch balanced_accuracy: 0.607071
EPOCH 63:
VALIDATION
valid epoch balanced_accuracy: 0.551515
EPOCH 64:
VALIDATION
valid epoch balanced_accuracy: 0.566869
EPOCH 65:
VALIDATION
valid epoch balanced_accuracy: 0.481010
EPOCH 66:
VALIDATION
valid epoch balanced_accuracy: 0.450909
EPOCH 67:
VALIDATION
valid epoch balanced_accuracy: 0.480808
EPOCH 68:
VALIDATION
valid epoch balanced_accuracy: 0.536768
EPOCH 69:
VALIDATION
valid epoch balanced_accuracy: 0.571313
EPOCH 70:
VALIDATION
valid epoch balanced_accuracy: 0.556162
EPOCH 71:
VALIDATION
valid epoch balanced_accuracy: 0.506263
EPOCH 72:
VALIDATION
valid epoch balanced_accuracy: 0.607475
EPOCH 73:
VALIDATION
valid epoch balanced_accuracy: 0.536364
EPOCH 74:
VALIDATION
valid epoch balanced_accuracy: 0.607475
EPOCH 75:
VALIDATION
valid epoch balanced_accuracy: 0.561818
EPOCH 76:
VALIDATION
valid epoch balanced_accuracy: 0.556364
EPOCH 77:
VALIDATION
valid epoch balanced_accuracy: 0.561616
EPOCH 78:
VALIDATION
valid epoch balanced_accuracy: 0.561818
EPOCH 79:
VALIDATION
valid epoch balanced_accuracy: 0.556162
EPOCH 80:
VALIDATION
valid epoch balanced_accuracy: 0.551919
EPOCH 81:
VALIDATION
valid epoch balanced_accuracy: 0.531919
EPOCH 82:
VALIDATION
valid epoch balanced_accuracy: 0.571717
EPOCH 83:
VALIDATION
valid epoch balanced_accuracy: 0.561818
EPOCH 84:
VALIDATION
valid epoch balanced_accuracy: 0.587071
EPOCH 85:
VALIDATION
valid epoch balanced_accuracy: 0.586667
EPOCH 86:
VALIDATION
valid epoch balanced_accuracy: 0.596768
EPOCH 87:
VALIDATION
valid epoch balanced_accuracy: 0.501212
EPOCH 88:
VALIDATION
valid epoch balanced_accuracy: 0.515758
EPOCH 89:
VALIDATION
valid epoch balanced_accuracy: 0.521212
EPOCH 90:
VALIDATION
valid epoch balanced_accuracy: 0.500808
EPOCH 91:
VALIDATION
valid epoch balanced_accuracy: 0.561212
EPOCH 92:
VALIDATION
valid epoch balanced_accuracy: 0.526869
EPOCH 93:
VALIDATION
valid epoch balanced_accuracy: 0.551111
EPOCH 94:
VALIDATION
valid epoch balanced_accuracy: 0.556364
EPOCH 95:
VALIDATION
valid epoch balanced_accuracy: 0.546263
EPOCH 96:
VALIDATION
valid epoch balanced_accuracy: 0.516768
EPOCH 97:
VALIDATION
valid epoch balanced_accuracy: 0.541212
EPOCH 98:
VALIDATION
valid epoch balanced_accuracy: 0.586869
EPOCH 99:
VALIDATION
valid epoch balanced_accuracy: 0.571515
EPOCH 100:
VALIDATION
valid epoch balanced_accuracy: 0.556566
EPOCH 101:
VALIDATION
valid epoch balanced_accuracy: 0.550909
EPOCH 102:
VALIDATION
valid epoch balanced_accuracy: 0.481010
EPOCH 103:
VALIDATION
valid epoch balanced_accuracy: 0.490909
EPOCH 104:
VALIDATION
valid epoch balanced_accuracy: 0.486061
EPOCH 105:
VALIDATION
valid epoch balanced_accuracy: 0.495960
EPOCH 106:
VALIDATION
valid epoch balanced_accuracy: 0.481010
EPOCH 107:
VALIDATION
valid epoch balanced_accuracy: 0.531515
EPOCH 108:
VALIDATION
valid epoch balanced_accuracy: 0.596768
EPOCH 109:
VALIDATION
valid epoch balanced_accuracy: 0.587071
EPOCH 110:
VALIDATION
valid epoch balanced_accuracy: 0.551919
EPOCH 111:
VALIDATION
valid epoch balanced_accuracy: 0.596566
EPOCH 112:
VALIDATION
valid epoch balanced_accuracy: 0.511313
EPOCH 113:
VALIDATION
valid epoch balanced_accuracy: 0.536162
EPOCH 114:
VALIDATION
valid epoch balanced_accuracy: 0.511313
EPOCH 115:
VALIDATION
valid epoch balanced_accuracy: 0.486061
EPOCH 116:
VALIDATION
valid epoch balanced_accuracy: 0.506263
EPOCH 117:
VALIDATION
valid epoch balanced_accuracy: 0.521414
EPOCH 118:
VALIDATION
valid epoch balanced_accuracy: 0.541414
EPOCH 119:
VALIDATION
valid epoch balanced_accuracy: 0.506263
EPOCH 120:
VALIDATION
valid epoch balanced_accuracy: 0.486061
EPOCH 121:
VALIDATION
valid epoch balanced_accuracy: 0.571515
EPOCH 122:
VALIDATION
valid epoch balanced_accuracy: 0.546667
EPOCH 123:
VALIDATION
valid epoch balanced_accuracy: 0.505859
EPOCH 124:
VALIDATION
valid epoch balanced_accuracy: 0.546465
EPOCH 125:
VALIDATION
valid epoch balanced_accuracy: 0.496162
EPOCH 126:
VALIDATION
valid epoch balanced_accuracy: 0.541616
EPOCH 127:
VALIDATION
valid epoch balanced_accuracy: 0.526263
EPOCH 128:
VALIDATION
valid epoch balanced_accuracy: 0.511111
EPOCH 129:
VALIDATION
valid epoch balanced_accuracy: 0.541616
EPOCH 130:
VALIDATION
valid epoch balanced_accuracy: 0.521414
EPOCH 131:
VALIDATION
valid epoch balanced_accuracy: 0.516162
EPOCH 132:
VALIDATION
valid epoch balanced_accuracy: 0.541414
EPOCH 133:
VALIDATION
valid epoch balanced_accuracy: 0.485455
EPOCH 134:
VALIDATION
valid epoch balanced_accuracy: 0.526061
EPOCH 135:
VALIDATION
valid epoch balanced_accuracy: 0.490505
EPOCH 136:
VALIDATION
valid epoch balanced_accuracy: 0.531515
EPOCH 137:
VALIDATION
valid epoch balanced_accuracy: 0.566465
EPOCH 138:
VALIDATION
valid epoch balanced_accuracy: 0.556768
EPOCH 139:
VALIDATION
valid epoch balanced_accuracy: 0.556768
EPOCH 140:
VALIDATION
valid epoch balanced_accuracy: 0.576566
EPOCH 141:
VALIDATION
valid epoch balanced_accuracy: 0.526465
EPOCH 142:
VALIDATION
valid epoch balanced_accuracy: 0.566667
EPOCH 143:
VALIDATION
valid epoch balanced_accuracy: 0.546667
EPOCH 144:
VALIDATION
valid epoch balanced_accuracy: 0.566465
EPOCH 145:
VALIDATION
valid epoch balanced_accuracy: 0.546667
EPOCH 146:
VALIDATION
valid epoch balanced_accuracy: 0.551313
EPOCH 147:
VALIDATION
valid epoch balanced_accuracy: 0.541616
EPOCH 148:
VALIDATION
valid epoch balanced_accuracy: 0.511313
EPOCH 149:
VALIDATION
valid epoch balanced_accuracy: 0.551515
EPOCH 150:
VALIDATION
valid epoch balanced_accuracy: 0.511313
accuracy: 0.467742
sensitivity: 0.396040
precision: 0.888889
specificity: 0.782609
IoU: 0.377358
FAR: 0.217391
F1: 0.547945
balanced_accuracy: 0.589324
loss: 2.019408
