
number of parameters : 1404622
train : (1246, 12)
valid : (42, 12)
test : (43, 12)
class weights : [1.1688555479049683, 0.8737727999687195]
data extracted
EPOCH 1:
VALIDATION
valid epoch balanced_accuracy: 0.500000
EPOCH 2:
VALIDATION
valid epoch balanced_accuracy: 0.531250
EPOCH 3:
VALIDATION
valid epoch balanced_accuracy: 0.536058
EPOCH 4:
VALIDATION
valid epoch balanced_accuracy: 0.567308
EPOCH 5:
VALIDATION
valid epoch balanced_accuracy: 0.509615
EPOCH 6:
VALIDATION
valid epoch balanced_accuracy: 0.528846
EPOCH 7:
VALIDATION
valid epoch balanced_accuracy: 0.543269
EPOCH 8:
VALIDATION
valid epoch balanced_accuracy: 0.536058
EPOCH 9:
VALIDATION
valid epoch balanced_accuracy: 0.500000
EPOCH 10:
VALIDATION
valid epoch balanced_accuracy: 0.492788
EPOCH 11:
VALIDATION
valid epoch balanced_accuracy: 0.579327
EPOCH 12:
VALIDATION
valid epoch balanced_accuracy: 0.524038
EPOCH 13:
VALIDATION
valid epoch balanced_accuracy: 0.586538
EPOCH 14:
VALIDATION
valid epoch balanced_accuracy: 0.480769
EPOCH 15:
VALIDATION
valid epoch balanced_accuracy: 0.536058
EPOCH 16:
VALIDATION
valid epoch balanced_accuracy: 0.500000
EPOCH 17:
VALIDATION
valid epoch balanced_accuracy: 0.567308
EPOCH 18:
VALIDATION
valid epoch balanced_accuracy: 0.423077
EPOCH 19:
VALIDATION
valid epoch balanced_accuracy: 0.500000
EPOCH 20:
VALIDATION
valid epoch balanced_accuracy: 0.567308
EPOCH 21:
VALIDATION
valid epoch balanced_accuracy: 0.461538
EPOCH 22:
VALIDATION
valid epoch balanced_accuracy: 0.492788
EPOCH 23:
VALIDATION
valid epoch balanced_accuracy: 0.461538
EPOCH 24:
VALIDATION
valid epoch balanced_accuracy: 0.492788
EPOCH 25:
VALIDATION
valid epoch balanced_accuracy: 0.461538
EPOCH 26:
VALIDATION
valid epoch balanced_accuracy: 0.485577
EPOCH 27:
VALIDATION
valid epoch balanced_accuracy: 0.500000
EPOCH 28:
VALIDATION
valid epoch balanced_accuracy: 0.473558
EPOCH 29:
VALIDATION
valid epoch balanced_accuracy: 0.492788
EPOCH 30:
VALIDATION
valid epoch balanced_accuracy: 0.512019
EPOCH 31:
VALIDATION
valid epoch balanced_accuracy: 0.516827
EPOCH 32:
VALIDATION
valid epoch balanced_accuracy: 0.548077
EPOCH 33:
VALIDATION
valid epoch balanced_accuracy: 0.480769
EPOCH 34:
VALIDATION
valid epoch balanced_accuracy: 0.536058
EPOCH 35:
VALIDATION
valid epoch balanced_accuracy: 0.512019
EPOCH 36:
VALIDATION
valid epoch balanced_accuracy: 0.461538
EPOCH 37:
VALIDATION
valid epoch balanced_accuracy: 0.524038
EPOCH 38:
VALIDATION
valid epoch balanced_accuracy: 0.509615
EPOCH 39:
VALIDATION
valid epoch balanced_accuracy: 0.480769
EPOCH 40:
VALIDATION
valid epoch balanced_accuracy: 0.560096
EPOCH 41:
VALIDATION
valid epoch balanced_accuracy: 0.579327
EPOCH 42:
VALIDATION
valid epoch balanced_accuracy: 0.516827
EPOCH 43:
VALIDATION
valid epoch balanced_accuracy: 0.536058
EPOCH 44:
VALIDATION
valid epoch balanced_accuracy: 0.572115
EPOCH 45:
VALIDATION
valid epoch balanced_accuracy: 0.512019
EPOCH 46:
VALIDATION
valid epoch balanced_accuracy: 0.512019
EPOCH 47:
VALIDATION
valid epoch balanced_accuracy: 0.603365
EPOCH 48:
VALIDATION
valid epoch balanced_accuracy: 0.567308
EPOCH 49:
VALIDATION
valid epoch balanced_accuracy: 0.512019
EPOCH 50:
VALIDATION
valid epoch balanced_accuracy: 0.512019
EPOCH 51:
VALIDATION
valid epoch balanced_accuracy: 0.586538
EPOCH 52:
VALIDATION
valid epoch balanced_accuracy: 0.512019
EPOCH 53:
VALIDATION
valid epoch balanced_accuracy: 0.548077
EPOCH 54:
VALIDATION
valid epoch balanced_accuracy: 0.473558
EPOCH 55:
VALIDATION
valid epoch balanced_accuracy: 0.485577
EPOCH 56:
VALIDATION
valid epoch balanced_accuracy: 0.591346
EPOCH 57:
VALIDATION
valid epoch balanced_accuracy: 0.579327
EPOCH 58:
VALIDATION
valid epoch balanced_accuracy: 0.536058
EPOCH 59:
VALIDATION
valid epoch balanced_accuracy: 0.567308
EPOCH 60:
VALIDATION
valid epoch balanced_accuracy: 0.560096
EPOCH 61:
VALIDATION
valid epoch balanced_accuracy: 0.560096
EPOCH 62:
VALIDATION
valid epoch balanced_accuracy: 0.504808
EPOCH 63:
VALIDATION
valid epoch balanced_accuracy: 0.560096
EPOCH 64:
VALIDATION
valid epoch balanced_accuracy: 0.555288
EPOCH 65:
VALIDATION
valid epoch balanced_accuracy: 0.560096
EPOCH 66:
VALIDATION
valid epoch balanced_accuracy: 0.586538
EPOCH 67:
VALIDATION
valid epoch balanced_accuracy: 0.473558
EPOCH 68:
VALIDATION
valid epoch balanced_accuracy: 0.579327
EPOCH 69:
VALIDATION
valid epoch balanced_accuracy: 0.516827
EPOCH 70:
VALIDATION
valid epoch balanced_accuracy: 0.540865
EPOCH 71:
VALIDATION
valid epoch balanced_accuracy: 0.524038
EPOCH 72:
VALIDATION
valid epoch balanced_accuracy: 0.473558
EPOCH 73:
VALIDATION
valid epoch balanced_accuracy: 0.560096
EPOCH 74:
VALIDATION
valid epoch balanced_accuracy: 0.572115
EPOCH 75:
VALIDATION
valid epoch balanced_accuracy: 0.567308
EPOCH 76:
VALIDATION
valid epoch balanced_accuracy: 0.567308
EPOCH 77:
VALIDATION
valid epoch balanced_accuracy: 0.572115
EPOCH 78:
VALIDATION
valid epoch balanced_accuracy: 0.516827
EPOCH 79:
VALIDATION
valid epoch balanced_accuracy: 0.548077
EPOCH 80:
VALIDATION
valid epoch balanced_accuracy: 0.548077
EPOCH 81:
VALIDATION
valid epoch balanced_accuracy: 0.536058
EPOCH 82:
VALIDATION
valid epoch balanced_accuracy: 0.579327
EPOCH 83:
VALIDATION
valid epoch balanced_accuracy: 0.548077
EPOCH 84:
VALIDATION
valid epoch balanced_accuracy: 0.548077
EPOCH 85:
VALIDATION
valid epoch balanced_accuracy: 0.516827
EPOCH 86:
VALIDATION
valid epoch balanced_accuracy: 0.516827
EPOCH 87:
VALIDATION
valid epoch balanced_accuracy: 0.567308
EPOCH 88:
VALIDATION
valid epoch balanced_accuracy: 0.548077
EPOCH 89:
VALIDATION
valid epoch balanced_accuracy: 0.548077
EPOCH 90:
VALIDATION
valid epoch balanced_accuracy: 0.567308
EPOCH 91:
VALIDATION
valid epoch balanced_accuracy: 0.598558
EPOCH 92:
VALIDATION
valid epoch balanced_accuracy: 0.586538
EPOCH 93:
VALIDATION
valid epoch balanced_accuracy: 0.567308
EPOCH 94:
VALIDATION
valid epoch balanced_accuracy: 0.567308
EPOCH 95:
VALIDATION
valid epoch balanced_accuracy: 0.560096
EPOCH 96:
VALIDATION
valid epoch balanced_accuracy: 0.504808
EPOCH 97:
VALIDATION
valid epoch balanced_accuracy: 0.555288
EPOCH 98:
VALIDATION
valid epoch balanced_accuracy: 0.531250
EPOCH 99:
VALIDATION
valid epoch balanced_accuracy: 0.661058
EPOCH 100:
VALIDATION
valid epoch balanced_accuracy: 0.492788
EPOCH 101:
VALIDATION
valid epoch balanced_accuracy: 0.512019
EPOCH 102:
VALIDATION
valid epoch balanced_accuracy: 0.524038
EPOCH 103:
VALIDATION
valid epoch balanced_accuracy: 0.543269
EPOCH 104:
VALIDATION
valid epoch balanced_accuracy: 0.567308
EPOCH 105:
VALIDATION
valid epoch balanced_accuracy: 0.567308
EPOCH 106:
VALIDATION
valid epoch balanced_accuracy: 0.567308
EPOCH 107:
VALIDATION
valid epoch balanced_accuracy: 0.567308
EPOCH 108:
VALIDATION
valid epoch balanced_accuracy: 0.598558
EPOCH 109:
VALIDATION
valid epoch balanced_accuracy: 0.524038
EPOCH 110:
VALIDATION
valid epoch balanced_accuracy: 0.531250
EPOCH 111:
VALIDATION
valid epoch balanced_accuracy: 0.543269
EPOCH 112:
VALIDATION
valid epoch balanced_accuracy: 0.500000
EPOCH 113:
VALIDATION
valid epoch balanced_accuracy: 0.531250
EPOCH 114:
VALIDATION
valid epoch balanced_accuracy: 0.512019
EPOCH 115:
VALIDATION
valid epoch balanced_accuracy: 0.461538
EPOCH 116:
VALIDATION
valid epoch balanced_accuracy: 0.536058
EPOCH 117:
VALIDATION
valid epoch balanced_accuracy: 0.524038
EPOCH 118:
VALIDATION
valid epoch balanced_accuracy: 0.524038
EPOCH 119:
VALIDATION
valid epoch balanced_accuracy: 0.524038
EPOCH 120:
VALIDATION
valid epoch balanced_accuracy: 0.524038
EPOCH 121:
VALIDATION
valid epoch balanced_accuracy: 0.524038
EPOCH 122:
VALIDATION
valid epoch balanced_accuracy: 0.524038
EPOCH 123:
VALIDATION
valid epoch balanced_accuracy: 0.524038
EPOCH 124:
VALIDATION
valid epoch balanced_accuracy: 0.492788
EPOCH 125:
VALIDATION
valid epoch balanced_accuracy: 0.524038
EPOCH 126:
VALIDATION
valid epoch balanced_accuracy: 0.492788
EPOCH 127:
VALIDATION
valid epoch balanced_accuracy: 0.524038
EPOCH 128:
VALIDATION
valid epoch balanced_accuracy: 0.524038
EPOCH 129:
VALIDATION
valid epoch balanced_accuracy: 0.524038
EPOCH 130:
VALIDATION
valid epoch balanced_accuracy: 0.492788
EPOCH 131:
VALIDATION
valid epoch balanced_accuracy: 0.524038
EPOCH 132:
VALIDATION
valid epoch balanced_accuracy: 0.524038
EPOCH 133:
VALIDATION
valid epoch balanced_accuracy: 0.524038
EPOCH 134:
VALIDATION
valid epoch balanced_accuracy: 0.524038
EPOCH 135:
VALIDATION
valid epoch balanced_accuracy: 0.524038
EPOCH 136:
VALIDATION
valid epoch balanced_accuracy: 0.524038
EPOCH 137:
VALIDATION
valid epoch balanced_accuracy: 0.524038
EPOCH 138:
VALIDATION
valid epoch balanced_accuracy: 0.524038
EPOCH 139:
VALIDATION
valid epoch balanced_accuracy: 0.524038
EPOCH 140:
VALIDATION
valid epoch balanced_accuracy: 0.492788
EPOCH 141:
VALIDATION
valid epoch balanced_accuracy: 0.524038
EPOCH 142:
VALIDATION
valid epoch balanced_accuracy: 0.524038
EPOCH 143:
VALIDATION
valid epoch balanced_accuracy: 0.492788
EPOCH 144:
VALIDATION
valid epoch balanced_accuracy: 0.492788
EPOCH 145:
VALIDATION
valid epoch balanced_accuracy: 0.524038
EPOCH 146:
VALIDATION
valid epoch balanced_accuracy: 0.492788
EPOCH 147:
VALIDATION
valid epoch balanced_accuracy: 0.461538
EPOCH 148:
VALIDATION
valid epoch balanced_accuracy: 0.473558
EPOCH 149:
VALIDATION
valid epoch balanced_accuracy: 0.591346
EPOCH 150:
VALIDATION
valid epoch balanced_accuracy: 0.528846
accuracy: 0.441860
sensitivity: 0.185185
precision: 0.714286
specificity: 0.875000
IoU: 0.172414
FAR: 0.125000
F1: 0.294118
balanced_accuracy: 0.530093
loss: 4.663824
