
number of parameters : 1798734
train : (1244, 12)
valid : (44, 12)
test : (43, 12)
class weights : [1.1454880237579346, 0.8873038291931152]
data extracted
EPOCH 1:
VALIDATION
valid epoch balanced_accuracy: 0.657952
EPOCH 2:
VALIDATION
valid epoch balanced_accuracy: 0.608932
EPOCH 3:
VALIDATION
valid epoch balanced_accuracy: 0.500000
EPOCH 4:
VALIDATION
valid epoch balanced_accuracy: 0.676471
EPOCH 5:
VALIDATION
valid epoch balanced_accuracy: 0.690632
EPOCH 6:
VALIDATION
valid epoch balanced_accuracy: 0.805011
EPOCH 7:
VALIDATION
valid epoch balanced_accuracy: 0.633987
EPOCH 8:
VALIDATION
valid epoch balanced_accuracy: 0.730937
EPOCH 9:
VALIDATION
valid epoch balanced_accuracy: 0.715686
EPOCH 10:
VALIDATION
valid epoch balanced_accuracy: 0.782135
EPOCH 11:
VALIDATION
valid epoch balanced_accuracy: 0.771242
EPOCH 12:
VALIDATION
valid epoch balanced_accuracy: 0.723312
EPOCH 13:
VALIDATION
valid epoch balanced_accuracy: 0.623094
EPOCH 14:
VALIDATION
valid epoch balanced_accuracy: 0.671024
EPOCH 15:
VALIDATION
valid epoch balanced_accuracy: 0.672113
EPOCH 16:
VALIDATION
valid epoch balanced_accuracy: 0.793028
EPOCH 17:
VALIDATION
valid epoch balanced_accuracy: 0.800654
EPOCH 18:
VALIDATION
valid epoch balanced_accuracy: 0.811547
EPOCH 19:
VALIDATION
valid epoch balanced_accuracy: 0.526144
EPOCH 20:
VALIDATION
valid epoch balanced_accuracy: 0.830065
EPOCH 21:
VALIDATION
valid epoch balanced_accuracy: 0.822440
EPOCH 22:
VALIDATION
valid epoch balanced_accuracy: 0.692810
EPOCH 23:
VALIDATION
valid epoch balanced_accuracy: 0.803922
EPOCH 24:
VALIDATION
valid epoch balanced_accuracy: 0.767974
EPOCH 25:
VALIDATION
valid epoch balanced_accuracy: 0.785403
EPOCH 26:
VALIDATION
valid epoch balanced_accuracy: 0.720044
EPOCH 27:
VALIDATION
valid epoch balanced_accuracy: 0.848584
EPOCH 28:
VALIDATION
valid epoch balanced_accuracy: 0.631808
EPOCH 29:
VALIDATION
valid epoch balanced_accuracy: 0.649237
EPOCH 30:
VALIDATION
valid epoch balanced_accuracy: 0.811547
EPOCH 31:
VALIDATION
valid epoch balanced_accuracy: 0.800654
EPOCH 32:
VALIDATION
valid epoch balanced_accuracy: 0.785403
EPOCH 33:
VALIDATION
valid epoch balanced_accuracy: 0.811547
EPOCH 34:
VALIDATION
valid epoch balanced_accuracy: 0.611111
EPOCH 35:
VALIDATION
valid epoch balanced_accuracy: 0.718954
EPOCH 36:
VALIDATION
valid epoch balanced_accuracy: 0.833333
EPOCH 37:
VALIDATION
valid epoch balanced_accuracy: 0.574074
EPOCH 38:
VALIDATION
valid epoch balanced_accuracy: 0.708061
EPOCH 39:
VALIDATION
valid epoch balanced_accuracy: 0.785403
EPOCH 40:
VALIDATION
valid epoch balanced_accuracy: 0.833333
EPOCH 41:
VALIDATION
valid epoch balanced_accuracy: 0.851852
EPOCH 42:
VALIDATION
valid epoch balanced_accuracy: 0.748366
EPOCH 43:
VALIDATION
valid epoch balanced_accuracy: 0.774510
EPOCH 44:
VALIDATION
valid epoch balanced_accuracy: 0.740741
EPOCH 45:
VALIDATION
valid epoch balanced_accuracy: 0.759259
EPOCH 46:
VALIDATION
valid epoch balanced_accuracy: 0.648148
EPOCH 47:
VALIDATION
valid epoch balanced_accuracy: 0.766885
EPOCH 48:
VALIDATION
valid epoch balanced_accuracy: 0.755991
EPOCH 49:
VALIDATION
valid epoch balanced_accuracy: 0.648148
EPOCH 50:
VALIDATION
valid epoch balanced_accuracy: 0.774510
EPOCH 51:
VALIDATION
valid epoch balanced_accuracy: 0.774510
EPOCH 52:
VALIDATION
valid epoch balanced_accuracy: 0.629630
EPOCH 53:
VALIDATION
valid epoch balanced_accuracy: 0.703704
EPOCH 54:
VALIDATION
valid epoch balanced_accuracy: 0.789760
EPOCH 55:
VALIDATION
valid epoch balanced_accuracy: 0.811547
EPOCH 56:
VALIDATION
valid epoch balanced_accuracy: 0.737473
EPOCH 57:
VALIDATION
valid epoch balanced_accuracy: 0.748366
EPOCH 58:
VALIDATION
valid epoch balanced_accuracy: 0.785403
EPOCH 59:
VALIDATION
valid epoch balanced_accuracy: 0.796296
EPOCH 60:
VALIDATION
valid epoch balanced_accuracy: 0.785403
EPOCH 61:
VALIDATION
valid epoch balanced_accuracy: 0.763617
EPOCH 62:
VALIDATION
valid epoch balanced_accuracy: 0.840959
EPOCH 63:
VALIDATION
valid epoch balanced_accuracy: 0.793028
EPOCH 64:
VALIDATION
valid epoch balanced_accuracy: 0.574074
EPOCH 65:
VALIDATION
valid epoch balanced_accuracy: 0.720044
EPOCH 66:
VALIDATION
valid epoch balanced_accuracy: 0.760349
EPOCH 67:
VALIDATION
valid epoch balanced_accuracy: 0.574074
EPOCH 68:
VALIDATION
valid epoch balanced_accuracy: 0.723312
EPOCH 69:
VALIDATION
valid epoch balanced_accuracy: 0.563181
EPOCH 70:
VALIDATION
valid epoch balanced_accuracy: 0.803922
EPOCH 71:
VALIDATION
valid epoch balanced_accuracy: 0.667756
EPOCH 72:
VALIDATION
valid epoch balanced_accuracy: 0.748366
EPOCH 73:
VALIDATION
valid epoch balanced_accuracy: 0.531590
EPOCH 74:
VALIDATION
valid epoch balanced_accuracy: 0.708061
EPOCH 75:
VALIDATION
valid epoch balanced_accuracy: 0.703704
EPOCH 76:
VALIDATION
valid epoch balanced_accuracy: 0.579521
EPOCH 77:
VALIDATION
valid epoch balanced_accuracy: 0.656863
EPOCH 78:
VALIDATION
valid epoch balanced_accuracy: 0.766885
EPOCH 79:
VALIDATION
valid epoch balanced_accuracy: 0.703704
EPOCH 80:
VALIDATION
valid epoch balanced_accuracy: 0.759259
EPOCH 81:
VALIDATION
valid epoch balanced_accuracy: 0.766885
EPOCH 82:
VALIDATION
valid epoch balanced_accuracy: 0.814815
EPOCH 83:
VALIDATION
valid epoch balanced_accuracy: 0.686275
EPOCH 84:
VALIDATION
valid epoch balanced_accuracy: 0.722222
EPOCH 85:
VALIDATION
valid epoch balanced_accuracy: 0.759259
EPOCH 86:
VALIDATION
valid epoch balanced_accuracy: 0.579521
EPOCH 87:
VALIDATION
valid epoch balanced_accuracy: 0.708061
EPOCH 88:
VALIDATION
valid epoch balanced_accuracy: 0.697168
EPOCH 89:
VALIDATION
valid epoch balanced_accuracy: 0.685185
EPOCH 90:
VALIDATION
valid epoch balanced_accuracy: 0.697168
EPOCH 91:
VALIDATION
valid epoch balanced_accuracy: 0.430283
EPOCH 92:
VALIDATION
valid epoch balanced_accuracy: 0.674292
EPOCH 93:
VALIDATION
valid epoch balanced_accuracy: 0.748366
EPOCH 94:
VALIDATION
valid epoch balanced_accuracy: 0.785403
EPOCH 95:
VALIDATION
valid epoch balanced_accuracy: 0.700436
EPOCH 96:
VALIDATION
valid epoch balanced_accuracy: 0.644880
EPOCH 97:
VALIDATION
valid epoch balanced_accuracy: 0.615468
EPOCH 98:
VALIDATION
valid epoch balanced_accuracy: 0.655773
EPOCH 99:
VALIDATION
valid epoch balanced_accuracy: 0.729847
EPOCH 100:
VALIDATION
valid epoch balanced_accuracy: 0.785403
EPOCH 101:
VALIDATION
valid epoch balanced_accuracy: 0.748366
EPOCH 102:
VALIDATION
valid epoch balanced_accuracy: 0.729847
EPOCH 103:
VALIDATION
valid epoch balanced_accuracy: 0.737473
EPOCH 104:
VALIDATION
valid epoch balanced_accuracy: 0.822440
EPOCH 105:
VALIDATION
valid epoch balanced_accuracy: 0.811547
EPOCH 106:
VALIDATION
valid epoch balanced_accuracy: 0.729847
EPOCH 107:
VALIDATION
valid epoch balanced_accuracy: 0.748366
EPOCH 108:
VALIDATION
valid epoch balanced_accuracy: 0.748366
EPOCH 109:
VALIDATION
valid epoch balanced_accuracy: 0.718954
EPOCH 110:
VALIDATION
valid epoch balanced_accuracy: 0.729847
EPOCH 111:
VALIDATION
valid epoch balanced_accuracy: 0.689542
EPOCH 112:
VALIDATION
valid epoch balanced_accuracy: 0.718954
EPOCH 113:
VALIDATION
valid epoch balanced_accuracy: 0.755991
EPOCH 114:
VALIDATION
valid epoch balanced_accuracy: 0.718954
EPOCH 115:
VALIDATION
valid epoch balanced_accuracy: 0.729847
EPOCH 116:
VALIDATION
valid epoch balanced_accuracy: 0.785403
EPOCH 117:
VALIDATION
valid epoch balanced_accuracy: 0.593682
EPOCH 118:
VALIDATION
valid epoch balanced_accuracy: 0.774510
EPOCH 119:
VALIDATION
valid epoch balanced_accuracy: 0.789760
EPOCH 120:
VALIDATION
valid epoch balanced_accuracy: 0.755991
EPOCH 121:
VALIDATION
valid epoch balanced_accuracy: 0.766885
EPOCH 122:
VALIDATION
valid epoch balanced_accuracy: 0.467320
EPOCH 123:
VALIDATION
valid epoch balanced_accuracy: 0.848584
EPOCH 124:
VALIDATION
valid epoch balanced_accuracy: 0.734205
EPOCH 125:
VALIDATION
valid epoch balanced_accuracy: 0.726580
EPOCH 126:
VALIDATION
valid epoch balanced_accuracy: 0.803922
EPOCH 127:
VALIDATION
valid epoch balanced_accuracy: 0.745098
EPOCH 128:
VALIDATION
valid epoch balanced_accuracy: 0.748366
EPOCH 129:
VALIDATION
valid epoch balanced_accuracy: 0.774510
EPOCH 130:
VALIDATION
valid epoch balanced_accuracy: 0.774510
EPOCH 131:
VALIDATION
valid epoch balanced_accuracy: 0.745098
EPOCH 132:
VALIDATION
valid epoch balanced_accuracy: 0.774510
EPOCH 133:
VALIDATION
valid epoch balanced_accuracy: 0.774510
EPOCH 134:
VALIDATION
valid epoch balanced_accuracy: 0.774510
EPOCH 135:
VALIDATION
valid epoch balanced_accuracy: 0.745098
EPOCH 136:
VALIDATION
valid epoch balanced_accuracy: 0.774510
EPOCH 137:
VALIDATION
valid epoch balanced_accuracy: 0.745098
EPOCH 138:
VALIDATION
valid epoch balanced_accuracy: 0.774510
EPOCH 139:
VALIDATION
valid epoch balanced_accuracy: 0.745098
EPOCH 140:
VALIDATION
valid epoch balanced_accuracy: 0.774510
EPOCH 141:
VALIDATION
valid epoch balanced_accuracy: 0.774510
EPOCH 142:
VALIDATION
valid epoch balanced_accuracy: 0.774510
EPOCH 143:
VALIDATION
valid epoch balanced_accuracy: 0.774510
EPOCH 144:
VALIDATION
valid epoch balanced_accuracy: 0.774510
EPOCH 145:
VALIDATION
valid epoch balanced_accuracy: 0.774510
EPOCH 146:
VALIDATION
valid epoch balanced_accuracy: 0.755991
EPOCH 147:
VALIDATION
valid epoch balanced_accuracy: 0.755991
EPOCH 148:
VALIDATION
valid epoch balanced_accuracy: 0.755991
EPOCH 149:
VALIDATION
valid epoch balanced_accuracy: 0.755991
EPOCH 150:
VALIDATION
valid epoch balanced_accuracy: 0.774510
accuracy: 0.697674
sensitivity: 0.642857
precision: 0.857143
specificity: 0.800000
IoU: 0.580645
FAR: 0.200000
F1: 0.734694
balanced_accuracy: 0.721429
loss: 1.058232
