Waiting for exclusive access to GPU GPU-38a38518-f06f-f0c5-4f93-1f42b9a43f98.
=== GROUP: IP_trans | VARIANT: no_post_sa_3rd_layer_mlp_hiddim80 | SEED: 3 | GPU: NVIDIA A100-PCIE-40GB ===

number of parameters : 2160734
train : (1209, 12)
valid : (61, 12)
test : (61, 12)
class weights : [1.1669883728027344, 0.8748190999031067]
data extracted
EPOCH 1:
VALIDATION
valid epoch balanced_accuracy: 0.500000
EPOCH 2:
VALIDATION
valid epoch balanced_accuracy: 0.500000
EPOCH 3:
VALIDATION
valid epoch balanced_accuracy: 0.500000
EPOCH 4:
VALIDATION
valid epoch balanced_accuracy: 0.539785
EPOCH 5:
VALIDATION
valid epoch balanced_accuracy: 0.566667
EPOCH 6:
VALIDATION
valid epoch balanced_accuracy: 0.483871
EPOCH 7:
VALIDATION
valid epoch balanced_accuracy: 0.574731
EPOCH 8:
VALIDATION
valid epoch balanced_accuracy: 0.518817
EPOCH 9:
VALIDATION
valid epoch balanced_accuracy: 0.540860
EPOCH 10:
VALIDATION
valid epoch balanced_accuracy: 0.533333
EPOCH 11:
VALIDATION
valid epoch balanced_accuracy: 0.583333
EPOCH 12:
VALIDATION
valid epoch balanced_accuracy: 0.658602
EPOCH 13:
VALIDATION
valid epoch balanced_accuracy: 0.521505
EPOCH 14:
VALIDATION
valid epoch balanced_accuracy: 0.567742
EPOCH 15:
VALIDATION
valid epoch balanced_accuracy: 0.639785
EPOCH 16:
VALIDATION
valid epoch balanced_accuracy: 0.552688
EPOCH 17:
VALIDATION
valid epoch balanced_accuracy: 0.584409
EPOCH 18:
VALIDATION
valid epoch balanced_accuracy: 0.651613
EPOCH 19:
VALIDATION
valid epoch balanced_accuracy: 0.570430
EPOCH 20:
VALIDATION
valid epoch balanced_accuracy: 0.586022
EPOCH 21:
VALIDATION
valid epoch balanced_accuracy: 0.635484
EPOCH 22:
VALIDATION
valid epoch balanced_accuracy: 0.550538
EPOCH 23:
VALIDATION
valid epoch balanced_accuracy: 0.636022
EPOCH 24:
VALIDATION
valid epoch balanced_accuracy: 0.701075
EPOCH 25:
VALIDATION
valid epoch balanced_accuracy: 0.703226
EPOCH 26:
VALIDATION
valid epoch balanced_accuracy: 0.638172
EPOCH 27:
VALIDATION
valid epoch balanced_accuracy: 0.617742
EPOCH 28:
VALIDATION
valid epoch balanced_accuracy: 0.633871
EPOCH 29:
VALIDATION
valid epoch balanced_accuracy: 0.618280
EPOCH 30:
VALIDATION
valid epoch balanced_accuracy: 0.651075
EPOCH 31:
VALIDATION
valid epoch balanced_accuracy: 0.600538
EPOCH 32:
VALIDATION
valid epoch balanced_accuracy: 0.636022
EPOCH 33:
VALIDATION
valid epoch balanced_accuracy: 0.652151
EPOCH 34:
VALIDATION
valid epoch balanced_accuracy: 0.584946
EPOCH 35:
VALIDATION
valid epoch balanced_accuracy: 0.617204
EPOCH 36:
VALIDATION
valid epoch balanced_accuracy: 0.667204
EPOCH 37:
VALIDATION
valid epoch balanced_accuracy: 0.567204
EPOCH 38:
VALIDATION
valid epoch balanced_accuracy: 0.722043
EPOCH 39:
VALIDATION
valid epoch balanced_accuracy: 0.669355
EPOCH 40:
VALIDATION
valid epoch balanced_accuracy: 0.651075
EPOCH 41:
VALIDATION
valid epoch balanced_accuracy: 0.667742
EPOCH 42:
VALIDATION
valid epoch balanced_accuracy: 0.751613
EPOCH 43:
VALIDATION
valid epoch balanced_accuracy: 0.667742
EPOCH 44:
VALIDATION
valid epoch balanced_accuracy: 0.736559
EPOCH 45:
VALIDATION
valid epoch balanced_accuracy: 0.700538
EPOCH 46:
VALIDATION
valid epoch balanced_accuracy: 0.651613
EPOCH 47:
VALIDATION
valid epoch balanced_accuracy: 0.701613
EPOCH 48:
VALIDATION
valid epoch balanced_accuracy: 0.752688
EPOCH 49:
VALIDATION
valid epoch balanced_accuracy: 0.719892
EPOCH 50:
VALIDATION
valid epoch balanced_accuracy: 0.702151
EPOCH 51:
VALIDATION
valid epoch balanced_accuracy: 0.734946
EPOCH 52:
VALIDATION
valid epoch balanced_accuracy: 0.584409
EPOCH 53:
VALIDATION
valid epoch balanced_accuracy: 0.722581
EPOCH 54:
VALIDATION
valid epoch balanced_accuracy: 0.718817
EPOCH 55:
VALIDATION
valid epoch balanced_accuracy: 0.687634
EPOCH 56:
VALIDATION
valid epoch balanced_accuracy: 0.683333
EPOCH 57:
VALIDATION
valid epoch balanced_accuracy: 0.701613
EPOCH 58:
VALIDATION
valid epoch balanced_accuracy: 0.700000
EPOCH 59:
VALIDATION
valid epoch balanced_accuracy: 0.718280
EPOCH 60:
VALIDATION
valid epoch balanced_accuracy: 0.751613
EPOCH 61:
VALIDATION
valid epoch balanced_accuracy: 0.633871
EPOCH 62:
VALIDATION
valid epoch balanced_accuracy: 0.533333
EPOCH 63:
VALIDATION
valid epoch balanced_accuracy: 0.668817
EPOCH 64:
VALIDATION
valid epoch balanced_accuracy: 0.636022
EPOCH 65:
VALIDATION
valid epoch balanced_accuracy: 0.722043
EPOCH 66:
VALIDATION
valid epoch balanced_accuracy: 0.620430
EPOCH 67:
VALIDATION
valid epoch balanced_accuracy: 0.651075
EPOCH 68:
VALIDATION
valid epoch balanced_accuracy: 0.718280
EPOCH 69:
VALIDATION
valid epoch balanced_accuracy: 0.717742
EPOCH 70:
VALIDATION
valid epoch balanced_accuracy: 0.735484
EPOCH 71:
VALIDATION
valid epoch balanced_accuracy: 0.668280
EPOCH 72:
VALIDATION
valid epoch balanced_accuracy: 0.686559
EPOCH 73:
VALIDATION
valid epoch balanced_accuracy: 0.683871
EPOCH 74:
VALIDATION
valid epoch balanced_accuracy: 0.717742
EPOCH 75:
VALIDATION
valid epoch balanced_accuracy: 0.684409
EPOCH 76:
VALIDATION
valid epoch balanced_accuracy: 0.650538
EPOCH 77:
VALIDATION
valid epoch balanced_accuracy: 0.702151
EPOCH 78:
VALIDATION
valid epoch balanced_accuracy: 0.702688
EPOCH 79:
VALIDATION
valid epoch balanced_accuracy: 0.667204
EPOCH 80:
VALIDATION
valid epoch balanced_accuracy: 0.684946
EPOCH 81:
VALIDATION
valid epoch balanced_accuracy: 0.517742
EPOCH 82:
VALIDATION
valid epoch balanced_accuracy: 0.719355
EPOCH 83:
VALIDATION
valid epoch balanced_accuracy: 0.667204
EPOCH 84:
VALIDATION
valid epoch balanced_accuracy: 0.684946
EPOCH 85:
VALIDATION
valid epoch balanced_accuracy: 0.669355
EPOCH 86:
VALIDATION
valid epoch balanced_accuracy: 0.754301
EPOCH 87:
VALIDATION
valid epoch balanced_accuracy: 0.701613
EPOCH 88:
VALIDATION
valid epoch balanced_accuracy: 0.734946
EPOCH 89:
VALIDATION
valid epoch balanced_accuracy: 0.701613
EPOCH 90:
VALIDATION
valid epoch balanced_accuracy: 0.702151
EPOCH 91:
VALIDATION
valid epoch balanced_accuracy: 0.717742
EPOCH 92:
VALIDATION
valid epoch balanced_accuracy: 0.718280
EPOCH 93:
VALIDATION
valid epoch balanced_accuracy: 0.718280
EPOCH 94:
VALIDATION
valid epoch balanced_accuracy: 0.701613
EPOCH 95:
VALIDATION
valid epoch balanced_accuracy: 0.734946
EPOCH 96:
VALIDATION
valid epoch balanced_accuracy: 0.634946
EPOCH 97:
VALIDATION
valid epoch balanced_accuracy: 0.618280
EPOCH 98:
VALIDATION
valid epoch balanced_accuracy: 0.672581
EPOCH 99:
VALIDATION
valid epoch balanced_accuracy: 0.602688
EPOCH 100:
VALIDATION
valid epoch balanced_accuracy: 0.719892
EPOCH 101:
VALIDATION
valid epoch balanced_accuracy: 0.684409
EPOCH 102:
VALIDATION
valid epoch balanced_accuracy: 0.717204
EPOCH 103:
VALIDATION
valid epoch balanced_accuracy: 0.683871
EPOCH 104:
VALIDATION
valid epoch balanced_accuracy: 0.667204
EPOCH 105:
VALIDATION
valid epoch balanced_accuracy: 0.717204
EPOCH 106:
VALIDATION
valid epoch balanced_accuracy: 0.683871
EPOCH 107:
VALIDATION
valid epoch balanced_accuracy: 0.719355
EPOCH 108:
VALIDATION
valid epoch balanced_accuracy: 0.683871
EPOCH 109:
VALIDATION
valid epoch balanced_accuracy: 0.717204
EPOCH 110:
VALIDATION
valid epoch balanced_accuracy: 0.702151
EPOCH 111:
VALIDATION
valid epoch balanced_accuracy: 0.651075
EPOCH 112:
VALIDATION
valid epoch balanced_accuracy: 0.650538
EPOCH 113:
VALIDATION
valid epoch balanced_accuracy: 0.735484
EPOCH 114:
VALIDATION
valid epoch balanced_accuracy: 0.700538
EPOCH 115:
VALIDATION
valid epoch balanced_accuracy: 0.667204
EPOCH 116:
VALIDATION
valid epoch balanced_accuracy: 0.718817
EPOCH 117:
VALIDATION
valid epoch balanced_accuracy: 0.701613
EPOCH 118:
VALIDATION
valid epoch balanced_accuracy: 0.735484
EPOCH 119:
VALIDATION
valid epoch balanced_accuracy: 0.701075
EPOCH 120:
VALIDATION
valid epoch balanced_accuracy: 0.650538
EPOCH 121:
VALIDATION
valid epoch balanced_accuracy: 0.703226
EPOCH 122:
VALIDATION
valid epoch balanced_accuracy: 0.701613
EPOCH 123:
VALIDATION
valid epoch balanced_accuracy: 0.656989
EPOCH 124:
VALIDATION
valid epoch balanced_accuracy: 0.620430
EPOCH 125:
VALIDATION
valid epoch balanced_accuracy: 0.654301
EPOCH 126:
VALIDATION
valid epoch balanced_accuracy: 0.673118
EPOCH 127:
VALIDATION
valid epoch balanced_accuracy: 0.669892
EPOCH 128:
VALIDATION
valid epoch balanced_accuracy: 0.704839
EPOCH 129:
VALIDATION
valid epoch balanced_accuracy: 0.653763
EPOCH 130:
VALIDATION
valid epoch balanced_accuracy: 0.686022
EPOCH 131:
VALIDATION
valid epoch balanced_accuracy: 0.687097
EPOCH 132:
VALIDATION
valid epoch balanced_accuracy: 0.670968
EPOCH 133:
VALIDATION
valid epoch balanced_accuracy: 0.718817
EPOCH 134:
VALIDATION
valid epoch balanced_accuracy: 0.718817
EPOCH 135:
VALIDATION
valid epoch balanced_accuracy: 0.670430
EPOCH 136:
VALIDATION
valid epoch balanced_accuracy: 0.671505
EPOCH 137:
VALIDATION
valid epoch balanced_accuracy: 0.667742
EPOCH 138:
VALIDATION
valid epoch balanced_accuracy: 0.703226
EPOCH 139:
VALIDATION
valid epoch balanced_accuracy: 0.653763
EPOCH 140:
VALIDATION
valid epoch balanced_accuracy: 0.670430
EPOCH 141:
VALIDATION
valid epoch balanced_accuracy: 0.735484
EPOCH 142:
VALIDATION
valid epoch balanced_accuracy: 0.670430
EPOCH 143:
VALIDATION
valid epoch balanced_accuracy: 0.638710
EPOCH 144:
VALIDATION
valid epoch balanced_accuracy: 0.702151
EPOCH 145:
VALIDATION
valid epoch balanced_accuracy: 0.687097
EPOCH 146:
VALIDATION
valid epoch balanced_accuracy: 0.655376
EPOCH 147:
VALIDATION
valid epoch balanced_accuracy: 0.670968
EPOCH 148:
VALIDATION
valid epoch balanced_accuracy: 0.688172
EPOCH 149:
VALIDATION
valid epoch balanced_accuracy: 0.687097
EPOCH 150:
VALIDATION
valid epoch balanced_accuracy: 0.667742
accuracy: 0.721311
sensitivity: 0.628571
precision: 0.846154
specificity: 0.846154
IoU: 0.564103
FAR: 0.153846
F1: 0.721311
balanced_accuracy: 0.737363
loss: 0.909016
