
/home/kalinina/ltp/DL_project/dataloader/New_dataloader.py:76: UserWarning: The given NumPy array is not writable, and PyTorch does not support non-writable tensors. This means writing to this tensor will result in undefined behavior. You may want to copy the array to protect its data or make it writable before converting it to a tensor. This type of warning will be suppressed for the rest of this program. (Triggered internally at /pytorch/torch/csrc/utils/tensor_numpy.cpp:213.)
  self.train_orig_indexes = torch.as_tensor(self.csvtrain["pair_id"].values, dtype=torch.long)
train : (1104, 12)
valid : (204, 12)
test : (204, 12)
number of parameters : 1014406
class weights : [1.0, 1.0]
balanced batches : 138 per epoch covering all 1104 train rows, target 4 positive + 4 unlabeled
cache warmed : 35 proteins, 410 lipid encodings, 0 lipid graphs, 131 MiB
source artifacts released : ['csvt', 'smiles_encoding']
data extracted
EPOCH 1:
VALIDATION
valid epoch balanced_accuracy: 0.368269
EPOCH 2:
VALIDATION
valid epoch balanced_accuracy: 0.358654
EPOCH 3:
VALIDATION
valid epoch balanced_accuracy: 0.455577
EPOCH 4:
VALIDATION
valid epoch balanced_accuracy: 0.520962
EPOCH 5:
