
number of parameters : 1075406
train : (1212, 12)
valid : (60, 12)
test : (59, 12)
PU rho : 0.300000
class weights : disabled
data extracted
EPOCH 1:
VALIDATION
valid epoch balanced_accuracy: 0.500000
EPOCH 2:
VALIDATION
valid epoch balanced_accuracy: 0.487500
EPOCH 3:
VALIDATION
valid epoch balanced_accuracy: 0.437500
EPOCH 4:
VALIDATION
valid epoch balanced_accuracy: 0.537500
EPOCH 5:
VALIDATION
valid epoch balanced_accuracy: 0.362500
EPOCH 6:
VALIDATION
valid epoch balanced_accuracy: 0.375000
EPOCH 7:
VALIDATION
valid epoch balanced_accuracy: 0.437500
EPOCH 8:
VALIDATION
valid epoch balanced_accuracy: 0.425000
EPOCH 9:
VALIDATION
valid epoch balanced_accuracy: 0.475000
EPOCH 10:
VALIDATION
valid epoch balanced_accuracy: 0.425000
EPOCH 11:
VALIDATION
valid epoch balanced_accuracy: 0.325000
EPOCH 12:
VALIDATION
valid epoch balanced_accuracy: 0.475000
EPOCH 13:
VALIDATION
valid epoch balanced_accuracy: 0.375000
EPOCH 14:
VALIDATION
valid epoch balanced_accuracy: 0.400000
EPOCH 15:
VALIDATION
valid epoch balanced_accuracy: 0.287500
EPOCH 16:
VALIDATION
valid epoch balanced_accuracy: 0.375000
EPOCH 17:
VALIDATION
valid epoch balanced_accuracy: 0.450000
EPOCH 18:
VALIDATION
valid epoch balanced_accuracy: 0.425000
EPOCH 19:
VALIDATION
valid epoch balanced_accuracy: 0.400000
EPOCH 20:
VALIDATION
valid epoch balanced_accuracy: 0.475000
EPOCH 21:
VALIDATION
valid epoch balanced_accuracy: 0.450000
EPOCH 22:
VALIDATION
valid epoch balanced_accuracy: 0.437500
EPOCH 23:
VALIDATION
valid epoch balanced_accuracy: 0.475000
EPOCH 24:
VALIDATION
valid epoch balanced_accuracy: 0.512500
EPOCH 25:
VALIDATION
valid epoch balanced_accuracy: 0.450000
EPOCH 26:
VALIDATION
valid epoch balanced_accuracy: 0.475000
EPOCH 27:
VALIDATION
valid epoch balanced_accuracy: 0.400000
EPOCH 28:
VALIDATION
valid epoch balanced_accuracy: 0.412500
EPOCH 29:
VALIDATION
valid epoch balanced_accuracy: 0.475000
EPOCH 30:
VALIDATION
valid epoch balanced_accuracy: 0.425000
EPOCH 31:
VALIDATION
valid epoch balanced_accuracy: 0.450000
EPOCH 32:
VALIDATION
valid epoch balanced_accuracy: 0.350000
EPOCH 33:
VALIDATION
valid epoch balanced_accuracy: 0.425000
EPOCH 34:
VALIDATION
valid epoch balanced_accuracy: 0.425000
EPOCH 35:
VALIDATION
valid epoch balanced_accuracy: 0.287500
EPOCH 36:
VALIDATION
valid epoch balanced_accuracy: 0.450000
EPOCH 37:
VALIDATION
valid epoch balanced_accuracy: 0.400000
EPOCH 38:
VALIDATION
valid epoch balanced_accuracy: 0.412500
EPOCH 39:
VALIDATION
valid epoch balanced_accuracy: 0.425000
EPOCH 40:
VALIDATION
valid epoch balanced_accuracy: 0.387500
EPOCH 41:
VALIDATION
valid epoch balanced_accuracy: 0.450000
EPOCH 42:
VALIDATION
valid epoch balanced_accuracy: 0.337500
EPOCH 43:
VALIDATION
valid epoch balanced_accuracy: 0.362500
EPOCH 44:
VALIDATION
valid epoch balanced_accuracy: 0.362500
EPOCH 45:
VALIDATION
valid epoch balanced_accuracy: 0.400000
EPOCH 46:
VALIDATION
valid epoch balanced_accuracy: 0.387500
EPOCH 47:
VALIDATION
valid epoch balanced_accuracy: 0.375000
EPOCH 48:
VALIDATION
valid epoch balanced_accuracy: 0.425000
EPOCH 49:
VALIDATION
valid epoch balanced_accuracy: 0.412500
EPOCH 50:
VALIDATION
valid epoch balanced_accuracy: 0.400000
EPOCH 51:
VALIDATION
valid epoch balanced_accuracy: 0.425000
EPOCH 52:
VALIDATION
valid epoch balanced_accuracy: 0.450000
EPOCH 53:
VALIDATION
valid epoch balanced_accuracy: 0.350000
EPOCH 54:
VALIDATION
valid epoch balanced_accuracy: 0.412500
EPOCH 55:
VALIDATION
valid epoch balanced_accuracy: 0.287500
EPOCH 56:
VALIDATION
valid epoch balanced_accuracy: 0.375000
EPOCH 57:
VALIDATION
valid epoch balanced_accuracy: 0.400000
EPOCH 58:
VALIDATION
valid epoch balanced_accuracy: 0.425000
EPOCH 59:
VALIDATION
valid epoch balanced_accuracy: 0.337500
EPOCH 60:
VALIDATION
valid epoch balanced_accuracy: 0.400000
EPOCH 61:
VALIDATION
valid epoch balanced_accuracy: 0.350000
EPOCH 62:
VALIDATION
valid epoch balanced_accuracy: 0.400000
EPOCH 63:
VALIDATION
valid epoch balanced_accuracy: 0.400000
EPOCH 64:
VALIDATION
valid epoch balanced_accuracy: 0.425000
EPOCH 65:
VALIDATION
valid epoch balanced_accuracy: 0.375000
EPOCH 66:
VALIDATION
valid epoch balanced_accuracy: 0.375000
EPOCH 67:
VALIDATION
valid epoch balanced_accuracy: 0.475000
EPOCH 68:
VALIDATION
valid epoch balanced_accuracy: 0.387500
EPOCH 69:
VALIDATION
valid epoch balanced_accuracy: 0.400000
EPOCH 70:
VALIDATION
valid epoch balanced_accuracy: 0.475000
EPOCH 71:
VALIDATION
valid epoch balanced_accuracy: 0.325000
EPOCH 72:
VALIDATION
valid epoch balanced_accuracy: 0.400000
EPOCH 73:
VALIDATION
valid epoch balanced_accuracy: 0.300000
EPOCH 74:
VALIDATION
valid epoch balanced_accuracy: 0.475000
EPOCH 75:
VALIDATION
valid epoch balanced_accuracy: 0.287500
EPOCH 76:
VALIDATION
valid epoch balanced_accuracy: 0.350000
EPOCH 77:
VALIDATION
valid epoch balanced_accuracy: 0.400000
EPOCH 78:
VALIDATION
valid epoch balanced_accuracy: 0.287500
EPOCH 79:
VALIDATION
valid epoch balanced_accuracy: 0.400000
EPOCH 80:
VALIDATION
valid epoch balanced_accuracy: 0.400000
EPOCH 81:
VALIDATION
valid epoch balanced_accuracy: 0.375000
EPOCH 82:
VALIDATION
valid epoch balanced_accuracy: 0.450000
EPOCH 83:
VALIDATION
valid epoch balanced_accuracy: 0.450000
EPOCH 84:
VALIDATION
valid epoch balanced_accuracy: 0.300000
EPOCH 85:
VALIDATION
valid epoch balanced_accuracy: 0.300000
EPOCH 86:
VALIDATION
valid epoch balanced_accuracy: 0.450000
EPOCH 87:
VALIDATION
valid epoch balanced_accuracy: 0.225000
EPOCH 88:
VALIDATION
valid epoch balanced_accuracy: 0.400000
EPOCH 89:
VALIDATION
valid epoch balanced_accuracy: 0.237500
EPOCH 90:
VALIDATION
valid epoch balanced_accuracy: 0.275000
EPOCH 91:
VALIDATION
valid epoch balanced_accuracy: 0.350000
EPOCH 92:
VALIDATION
valid epoch balanced_accuracy: 0.350000
EPOCH 93:
VALIDATION
valid epoch balanced_accuracy: 0.350000
EPOCH 94:
VALIDATION
valid epoch balanced_accuracy: 0.400000
EPOCH 95:
VALIDATION
valid epoch balanced_accuracy: 0.387500
EARLY STOPPING: rolling validation balanced accuracy did not improve for 60 epochs and validation loss increased over the same window.
accuracy: 0.305085
sensitivity: 0.000000
precision: undefined
specificity: 1.000000
IoU: 0.000000
FAR: 0.000000
F1: 0.000000
balanced_accuracy: 0.500000
loss: 0.845975
