Waiting for exclusive access to GPU GPU-6df3662d-f25f-4e85-f491-9dffe06d9102.
=== GROUP: START | VARIANT: no_post_sa_3mlp_addpool | SEED: 4 | GPU: Tesla V100-SXM2-32GB ===

number of parameters : 1403982
train : (1078, 12)
valid : (126, 12)
test : (127, 12)
class weights : [1.032567024230957, 0.9694244861602783]
data extracted
EPOCH 1:
VALIDATION
valid epoch balanced_accuracy: 0.448958
EPOCH 2:
VALIDATION
valid epoch balanced_accuracy: 0.563542
EPOCH 3:
VALIDATION
valid epoch balanced_accuracy: 0.462500
EPOCH 4:
VALIDATION
valid epoch balanced_accuracy: 0.556250
EPOCH 5:
VALIDATION
valid epoch balanced_accuracy: 0.545833
EPOCH 6:
VALIDATION
valid epoch balanced_accuracy: 0.592708
EPOCH 7:
VALIDATION
valid epoch balanced_accuracy: 0.696875
EPOCH 8:
VALIDATION
valid epoch balanced_accuracy: 0.596875
EPOCH 9:
VALIDATION
valid epoch balanced_accuracy: 0.678125
EPOCH 10:
VALIDATION
valid epoch balanced_accuracy: 0.614583
EPOCH 11:
VALIDATION
valid epoch balanced_accuracy: 0.592708
EPOCH 12:
VALIDATION
valid epoch balanced_accuracy: 0.587500
EPOCH 13:
VALIDATION
valid epoch balanced_accuracy: 0.640625
EPOCH 14:
VALIDATION
valid epoch balanced_accuracy: 0.517708
EPOCH 15:
VALIDATION
valid epoch balanced_accuracy: 0.631250
EPOCH 16:
VALIDATION
valid epoch balanced_accuracy: 0.608333
EPOCH 17:
VALIDATION
valid epoch balanced_accuracy: 0.573958
EPOCH 18:
VALIDATION
valid epoch balanced_accuracy: 0.569792
EPOCH 19:
VALIDATION
valid epoch balanced_accuracy: 0.656250
EPOCH 20:
VALIDATION
valid epoch balanced_accuracy: 0.596875
EPOCH 21:
VALIDATION
valid epoch balanced_accuracy: 0.644792
EPOCH 22:
VALIDATION
valid epoch balanced_accuracy: 0.613542
EPOCH 23:
VALIDATION
valid epoch balanced_accuracy: 0.461458
EPOCH 24:
VALIDATION
valid epoch balanced_accuracy: 0.662500
EPOCH 25:
VALIDATION
valid epoch balanced_accuracy: 0.651042
EPOCH 26:
VALIDATION
valid epoch balanced_accuracy: 0.661458
EPOCH 27:
VALIDATION
valid epoch balanced_accuracy: 0.593750
EPOCH 28:
VALIDATION
valid epoch balanced_accuracy: 0.597917
EPOCH 29:
VALIDATION
valid epoch balanced_accuracy: 0.721875
EPOCH 30:
VALIDATION
valid epoch balanced_accuracy: 0.723958
EPOCH 31:
VALIDATION
valid epoch balanced_accuracy: 0.600000
EPOCH 32:
VALIDATION
valid epoch balanced_accuracy: 0.657292
EPOCH 33:
VALIDATION
valid epoch balanced_accuracy: 0.619792
EPOCH 34:
VALIDATION
valid epoch balanced_accuracy: 0.622917
EPOCH 35:
VALIDATION
valid epoch balanced_accuracy: 0.627083
EPOCH 36:
VALIDATION
valid epoch balanced_accuracy: 0.573958
EPOCH 37:
VALIDATION
valid epoch balanced_accuracy: 0.572917
EPOCH 38:
VALIDATION
valid epoch balanced_accuracy: 0.614583
EPOCH 39:
VALIDATION
valid epoch balanced_accuracy: 0.629167
EPOCH 40:
VALIDATION
valid epoch balanced_accuracy: 0.604167
EPOCH 41:
VALIDATION
valid epoch balanced_accuracy: 0.688542
EPOCH 42:
VALIDATION
valid epoch balanced_accuracy: 0.627083
EPOCH 43:
VALIDATION
valid epoch balanced_accuracy: 0.672917
EPOCH 44:
VALIDATION
valid epoch balanced_accuracy: 0.618750
EPOCH 45:
VALIDATION
valid epoch balanced_accuracy: 0.712500
EPOCH 46:
VALIDATION
valid epoch balanced_accuracy: 0.645833
EPOCH 47:
VALIDATION
valid epoch balanced_accuracy: 0.654167
EPOCH 48:
VALIDATION
valid epoch balanced_accuracy: 0.632292
EPOCH 49:
VALIDATION
valid epoch balanced_accuracy: 0.647917
EPOCH 50:
VALIDATION
valid epoch balanced_accuracy: 0.684375
EPOCH 51:
VALIDATION
valid epoch balanced_accuracy: 0.663542
EPOCH 52:
VALIDATION
valid epoch balanced_accuracy: 0.634375
EPOCH 53:
VALIDATION
valid epoch balanced_accuracy: 0.662500
EPOCH 54:
VALIDATION
valid epoch balanced_accuracy: 0.661458
EPOCH 55:
VALIDATION
valid epoch balanced_accuracy: 0.631250
EPOCH 56:
VALIDATION
valid epoch balanced_accuracy: 0.616667
EPOCH 57:
VALIDATION
valid epoch balanced_accuracy: 0.639583
EPOCH 58:
VALIDATION
valid epoch balanced_accuracy: 0.616667
EPOCH 59:
VALIDATION
valid epoch balanced_accuracy: 0.606250
EPOCH 60:
VALIDATION
valid epoch balanced_accuracy: 0.611458
EPOCH 61:
VALIDATION
valid epoch balanced_accuracy: 0.621875
EPOCH 62:
VALIDATION
valid epoch balanced_accuracy: 0.645833
EPOCH 63:
VALIDATION
valid epoch balanced_accuracy: 0.612500
EPOCH 64:
VALIDATION
valid epoch balanced_accuracy: 0.638542
EPOCH 65:
VALIDATION
valid epoch balanced_accuracy: 0.637500
EPOCH 66:
VALIDATION
valid epoch balanced_accuracy: 0.708333
EPOCH 67:
VALIDATION
valid epoch balanced_accuracy: 0.650000
EPOCH 68:
VALIDATION
valid epoch balanced_accuracy: 0.621875
EPOCH 69:
VALIDATION
valid epoch balanced_accuracy: 0.654167
EPOCH 70:
VALIDATION
valid epoch balanced_accuracy: 0.675000
EPOCH 71:
VALIDATION
valid epoch balanced_accuracy: 0.602083
EPOCH 72:
VALIDATION
valid epoch balanced_accuracy: 0.578125
EPOCH 73:
VALIDATION
valid epoch balanced_accuracy: 0.622917
EPOCH 74:
VALIDATION
valid epoch balanced_accuracy: 0.611458
EPOCH 75:
VALIDATION
valid epoch balanced_accuracy: 0.611458
EPOCH 76:
VALIDATION
valid epoch balanced_accuracy: 0.636458
EPOCH 77:
VALIDATION
valid epoch balanced_accuracy: 0.719792
EPOCH 78:
VALIDATION
valid epoch balanced_accuracy: 0.647917
EPOCH 79:
VALIDATION
valid epoch balanced_accuracy: 0.642708
EPOCH 80:
VALIDATION
valid epoch balanced_accuracy: 0.653125
EPOCH 81:
VALIDATION
valid epoch balanced_accuracy: 0.637500
EPOCH 82:
VALIDATION
valid epoch balanced_accuracy: 0.636458
EPOCH 83:
VALIDATION
valid epoch balanced_accuracy: 0.606250
EPOCH 84:
VALIDATION
valid epoch balanced_accuracy: 0.606250
EPOCH 85:
VALIDATION
valid epoch balanced_accuracy: 0.587500
EPOCH 86:
VALIDATION
valid epoch balanced_accuracy: 0.657292
EPOCH 87:
VALIDATION
valid epoch balanced_accuracy: 0.644792
EPOCH 88:
VALIDATION
valid epoch balanced_accuracy: 0.627083
EPOCH 89:
VALIDATION
valid epoch balanced_accuracy: 0.642708
EPOCH 90:
VALIDATION
valid epoch balanced_accuracy: 0.705208
EPOCH 91:
VALIDATION
valid epoch balanced_accuracy: 0.593750
EPOCH 92:
VALIDATION
valid epoch balanced_accuracy: 0.595833
EPOCH 93:
VALIDATION
valid epoch balanced_accuracy: 0.656250
EPOCH 94:
VALIDATION
valid epoch balanced_accuracy: 0.646875
EPOCH 95:
VALIDATION
valid epoch balanced_accuracy: 0.641667
EPOCH 96:
VALIDATION
valid epoch balanced_accuracy: 0.665625
EPOCH 97:
VALIDATION
valid epoch balanced_accuracy: 0.627083
EPOCH 98:
VALIDATION
valid epoch balanced_accuracy: 0.647917
EPOCH 99:
VALIDATION
valid epoch balanced_accuracy: 0.635417
EPOCH 100:
VALIDATION
valid epoch balanced_accuracy: 0.651042
EPOCH 101:
VALIDATION
valid epoch balanced_accuracy: 0.647917
EPOCH 102:
VALIDATION
valid epoch balanced_accuracy: 0.657292
EPOCH 103:
VALIDATION
valid epoch balanced_accuracy: 0.647917
EPOCH 104:
VALIDATION
valid epoch balanced_accuracy: 0.625000
EPOCH 105:
VALIDATION
valid epoch balanced_accuracy: 0.645833
EPOCH 106:
VALIDATION
valid epoch balanced_accuracy: 0.626042
EPOCH 107:
VALIDATION
valid epoch balanced_accuracy: 0.630208
EPOCH 108:
VALIDATION
valid epoch balanced_accuracy: 0.694792
EPOCH 109:
VALIDATION
valid epoch balanced_accuracy: 0.594792
EPOCH 110:
VALIDATION
valid epoch balanced_accuracy: 0.664583
EPOCH 111:
VALIDATION
valid epoch balanced_accuracy: 0.726042
EPOCH 112:
VALIDATION
valid epoch balanced_accuracy: 0.673958
EPOCH 113:
VALIDATION
valid epoch balanced_accuracy: 0.650000
EPOCH 114:
VALIDATION
valid epoch balanced_accuracy: 0.660417
EPOCH 115:
VALIDATION
valid epoch balanced_accuracy: 0.647917
EPOCH 116:
VALIDATION
valid epoch balanced_accuracy: 0.689583
EPOCH 117:
VALIDATION
valid epoch balanced_accuracy: 0.637500
EPOCH 118:
VALIDATION
valid epoch balanced_accuracy: 0.577083
EPOCH 119:
VALIDATION
valid epoch balanced_accuracy: 0.511458
EPOCH 120:
VALIDATION
valid epoch balanced_accuracy: 0.629167
EPOCH 121:
VALIDATION
valid epoch balanced_accuracy: 0.692708
EPOCH 122:
VALIDATION
valid epoch balanced_accuracy: 0.646875
EPOCH 123:
VALIDATION
valid epoch balanced_accuracy: 0.626042
EPOCH 124:
VALIDATION
valid epoch balanced_accuracy: 0.642708
EPOCH 125:
VALIDATION
valid epoch balanced_accuracy: 0.604167
EPOCH 126:
VALIDATION
valid epoch balanced_accuracy: 0.652083
EPOCH 127:
VALIDATION
valid epoch balanced_accuracy: 0.669792
EPOCH 128:
VALIDATION
valid epoch balanced_accuracy: 0.647917
EPOCH 129:
VALIDATION
valid epoch balanced_accuracy: 0.641667
EPOCH 130:
VALIDATION
valid epoch balanced_accuracy: 0.637500
EPOCH 131:
VALIDATION
valid epoch balanced_accuracy: 0.629167
EPOCH 132:
VALIDATION
valid epoch balanced_accuracy: 0.643750
EPOCH 133:
VALIDATION
valid epoch balanced_accuracy: 0.645833
EPOCH 134:
VALIDATION
valid epoch balanced_accuracy: 0.632292
EPOCH 135:
VALIDATION
valid epoch balanced_accuracy: 0.653125
EPOCH 136:
VALIDATION
valid epoch balanced_accuracy: 0.613542
EPOCH 137:
VALIDATION
valid epoch balanced_accuracy: 0.619792
EPOCH 138:
VALIDATION
valid epoch balanced_accuracy: 0.677083
EPOCH 139:
VALIDATION
valid epoch balanced_accuracy: 0.619792
EPOCH 140:
VALIDATION
valid epoch balanced_accuracy: 0.643750
EPOCH 141:
VALIDATION
valid epoch balanced_accuracy: 0.593750
EPOCH 142:
VALIDATION
valid epoch balanced_accuracy: 0.615625
EPOCH 143:
VALIDATION
valid epoch balanced_accuracy: 0.671875
EPOCH 144:
VALIDATION
valid epoch balanced_accuracy: 0.582292
EPOCH 145:
VALIDATION
valid epoch balanced_accuracy: 0.650000
EPOCH 146:
VALIDATION
valid epoch balanced_accuracy: 0.668750
EPOCH 147:
VALIDATION
valid epoch balanced_accuracy: 0.705208
EPOCH 148:
VALIDATION
valid epoch balanced_accuracy: 0.648958
EPOCH 149:
VALIDATION
valid epoch balanced_accuracy: 0.626042
EPOCH 150:
VALIDATION
valid epoch balanced_accuracy: 0.659375
accuracy: 0.425197
sensitivity: 0.336538
precision: 0.897436
specificity: 0.826087
IoU: 0.324074
FAR: 0.173913
F1: 0.489510
balanced_accuracy: 0.581313
loss: 3.790250
