Waiting for exclusive access to GPU GPU-e38fd50b-f28d-bca0-1506-1209c3351206.
=== GROUP: START | VARIANT: no_post_sa_3mlp_addpool | SEED: 3 | GPU: Tesla V100-SXM2-32GB ===

number of parameters : 1403982
train : (1083, 12)
valid : (124, 12)
test : (124, 12)
class weights : [1.0275142192840576, 0.9739208817481995]
data extracted
EPOCH 1:
VALIDATION
valid epoch balanced_accuracy: 0.500000
EPOCH 2:
VALIDATION
valid epoch balanced_accuracy: 0.556970
EPOCH 3:
VALIDATION
valid epoch balanced_accuracy: 0.485051
EPOCH 4:
VALIDATION
valid epoch balanced_accuracy: 0.576566
EPOCH 5:
VALIDATION
valid epoch balanced_accuracy: 0.557778
EPOCH 6:
VALIDATION
valid epoch balanced_accuracy: 0.607273
EPOCH 7:
VALIDATION
valid epoch balanced_accuracy: 0.587071
EPOCH 8:
VALIDATION
valid epoch balanced_accuracy: 0.638384
EPOCH 9:
VALIDATION
valid epoch balanced_accuracy: 0.548283
EPOCH 10:
VALIDATION
valid epoch balanced_accuracy: 0.571717
EPOCH 11:
VALIDATION
valid epoch balanced_accuracy: 0.478384
EPOCH 12:
VALIDATION
valid epoch balanced_accuracy: 0.688485
EPOCH 13:
VALIDATION
valid epoch balanced_accuracy: 0.627677
EPOCH 14:
VALIDATION
valid epoch balanced_accuracy: 0.612525
EPOCH 15:
VALIDATION
valid epoch balanced_accuracy: 0.526061
EPOCH 16:
VALIDATION
valid epoch balanced_accuracy: 0.551111
EPOCH 17:
VALIDATION
valid epoch balanced_accuracy: 0.707879
EPOCH 18:
VALIDATION
valid epoch balanced_accuracy: 0.530505
EPOCH 19:
VALIDATION
valid epoch balanced_accuracy: 0.545455
EPOCH 20:
VALIDATION
valid epoch balanced_accuracy: 0.617576
EPOCH 21:
VALIDATION
valid epoch balanced_accuracy: 0.627475
EPOCH 22:
VALIDATION
valid epoch balanced_accuracy: 0.526061
EPOCH 23:
VALIDATION
valid epoch balanced_accuracy: 0.627273
EPOCH 24:
VALIDATION
valid epoch balanced_accuracy: 0.602020
EPOCH 25:
VALIDATION
valid epoch balanced_accuracy: 0.602828
EPOCH 26:
VALIDATION
valid epoch balanced_accuracy: 0.566667
EPOCH 27:
VALIDATION
valid epoch balanced_accuracy: 0.581818
EPOCH 28:
VALIDATION
valid epoch balanced_accuracy: 0.566263
EPOCH 29:
VALIDATION
valid epoch balanced_accuracy: 0.603030
EPOCH 30:
VALIDATION
valid epoch balanced_accuracy: 0.607475
EPOCH 31:
VALIDATION
valid epoch balanced_accuracy: 0.668283
EPOCH 32:
VALIDATION
valid epoch balanced_accuracy: 0.631717
EPOCH 33:
VALIDATION
valid epoch balanced_accuracy: 0.656970
EPOCH 34:
VALIDATION
valid epoch balanced_accuracy: 0.627071
EPOCH 35:
VALIDATION
valid epoch balanced_accuracy: 0.566061
EPOCH 36:
VALIDATION
valid epoch balanced_accuracy: 0.500606
EPOCH 37:
VALIDATION
valid epoch balanced_accuracy: 0.642020
EPOCH 38:
VALIDATION
valid epoch balanced_accuracy: 0.571313
EPOCH 39:
VALIDATION
valid epoch balanced_accuracy: 0.667475
EPOCH 40:
VALIDATION
valid epoch balanced_accuracy: 0.622828
EPOCH 41:
VALIDATION
valid epoch balanced_accuracy: 0.596970
EPOCH 42:
VALIDATION
valid epoch balanced_accuracy: 0.606465
EPOCH 43:
VALIDATION
valid epoch balanced_accuracy: 0.652323
EPOCH 44:
VALIDATION
valid epoch balanced_accuracy: 0.658586
EPOCH 45:
VALIDATION
valid epoch balanced_accuracy: 0.657374
EPOCH 46:
VALIDATION
valid epoch balanced_accuracy: 0.607475
EPOCH 47:
VALIDATION
valid epoch balanced_accuracy: 0.646869
EPOCH 48:
VALIDATION
valid epoch balanced_accuracy: 0.576566
EPOCH 49:
VALIDATION
valid epoch balanced_accuracy: 0.596364
EPOCH 50:
VALIDATION
valid epoch balanced_accuracy: 0.530707
EPOCH 51:
VALIDATION
valid epoch balanced_accuracy: 0.601616
EPOCH 52:
VALIDATION
valid epoch balanced_accuracy: 0.586465
EPOCH 53:
VALIDATION
valid epoch balanced_accuracy: 0.626869
EPOCH 54:
VALIDATION
valid epoch balanced_accuracy: 0.612121
EPOCH 55:
VALIDATION
valid epoch balanced_accuracy: 0.556364
EPOCH 56:
VALIDATION
valid epoch balanced_accuracy: 0.556364
EPOCH 57:
VALIDATION
valid epoch balanced_accuracy: 0.596768
EPOCH 58:
VALIDATION
valid epoch balanced_accuracy: 0.622020
EPOCH 59:
VALIDATION
valid epoch balanced_accuracy: 0.566465
EPOCH 60:
VALIDATION
valid epoch balanced_accuracy: 0.632525
EPOCH 61:
VALIDATION
valid epoch balanced_accuracy: 0.571515
EPOCH 62:
VALIDATION
valid epoch balanced_accuracy: 0.576768
EPOCH 63:
VALIDATION
valid epoch balanced_accuracy: 0.561616
EPOCH 64:
VALIDATION
valid epoch balanced_accuracy: 0.530909
EPOCH 65:
VALIDATION
valid epoch balanced_accuracy: 0.561616
EPOCH 66:
VALIDATION
valid epoch balanced_accuracy: 0.601818
EPOCH 67:
VALIDATION
valid epoch balanced_accuracy: 0.561414
EPOCH 68:
VALIDATION
valid epoch balanced_accuracy: 0.596566
EPOCH 69:
VALIDATION
valid epoch balanced_accuracy: 0.526465
EPOCH 70:
VALIDATION
valid epoch balanced_accuracy: 0.647273
EPOCH 71:
VALIDATION
valid epoch balanced_accuracy: 0.601818
EPOCH 72:
VALIDATION
valid epoch balanced_accuracy: 0.571515
EPOCH 73:
VALIDATION
valid epoch balanced_accuracy: 0.561414
EPOCH 74:
VALIDATION
valid epoch balanced_accuracy: 0.591919
EPOCH 75:
VALIDATION
valid epoch balanced_accuracy: 0.622424
EPOCH 76:
VALIDATION
valid epoch balanced_accuracy: 0.638384
EPOCH 77:
VALIDATION
valid epoch balanced_accuracy: 0.616970
EPOCH 78:
VALIDATION
valid epoch balanced_accuracy: 0.586667
EPOCH 79:
VALIDATION
valid epoch balanced_accuracy: 0.566263
EPOCH 80:
VALIDATION
valid epoch balanced_accuracy: 0.601616
EPOCH 81:
VALIDATION
valid epoch balanced_accuracy: 0.596768
EPOCH 82:
VALIDATION
valid epoch balanced_accuracy: 0.586667
EPOCH 83:
VALIDATION
valid epoch balanced_accuracy: 0.571515
EPOCH 84:
VALIDATION
valid epoch balanced_accuracy: 0.541010
EPOCH 85:
VALIDATION
valid epoch balanced_accuracy: 0.561212
EPOCH 86:
VALIDATION
valid epoch balanced_accuracy: 0.631919
EPOCH 87:
VALIDATION
valid epoch balanced_accuracy: 0.601616
EPOCH 88:
VALIDATION
valid epoch balanced_accuracy: 0.596566
EPOCH 89:
VALIDATION
valid epoch balanced_accuracy: 0.601818
EPOCH 90:
VALIDATION
valid epoch balanced_accuracy: 0.586465
EPOCH 91:
VALIDATION
valid epoch balanced_accuracy: 0.591515
EPOCH 92:
VALIDATION
valid epoch balanced_accuracy: 0.582020
EPOCH 93:
VALIDATION
valid epoch balanced_accuracy: 0.515960
EPOCH 94:
VALIDATION
valid epoch balanced_accuracy: 0.647677
EPOCH 95:
VALIDATION
valid epoch balanced_accuracy: 0.577172
EPOCH 96:
VALIDATION
valid epoch balanced_accuracy: 0.566667
EPOCH 97:
VALIDATION
valid epoch balanced_accuracy: 0.536162
EPOCH 98:
VALIDATION
valid epoch balanced_accuracy: 0.561616
EPOCH 99:
VALIDATION
valid epoch balanced_accuracy: 0.576768
EPOCH 100:
VALIDATION
valid epoch balanced_accuracy: 0.536162
EPOCH 101:
VALIDATION
valid epoch balanced_accuracy: 0.546465
EPOCH 102:
VALIDATION
valid epoch balanced_accuracy: 0.551111
EPOCH 103:
VALIDATION
valid epoch balanced_accuracy: 0.652727
EPOCH 104:
VALIDATION
valid epoch balanced_accuracy: 0.572323
EPOCH 105:
VALIDATION
valid epoch balanced_accuracy: 0.495758
EPOCH 106:
VALIDATION
valid epoch balanced_accuracy: 0.601616
EPOCH 107:
VALIDATION
valid epoch balanced_accuracy: 0.622020
EPOCH 108:
VALIDATION
valid epoch balanced_accuracy: 0.581616
EPOCH 109:
VALIDATION
valid epoch balanced_accuracy: 0.556566
EPOCH 110:
VALIDATION
valid epoch balanced_accuracy: 0.631717
EPOCH 111:
VALIDATION
valid epoch balanced_accuracy: 0.566465
EPOCH 112:
VALIDATION
valid epoch balanced_accuracy: 0.586465
EPOCH 113:
VALIDATION
valid epoch balanced_accuracy: 0.576364
EPOCH 114:
VALIDATION
valid epoch balanced_accuracy: 0.566465
EPOCH 115:
VALIDATION
valid epoch balanced_accuracy: 0.546263
EPOCH 116:
VALIDATION
valid epoch balanced_accuracy: 0.581616
EPOCH 117:
VALIDATION
valid epoch balanced_accuracy: 0.611919
EPOCH 118:
VALIDATION
valid epoch balanced_accuracy: 0.611717
EPOCH 119:
VALIDATION
valid epoch balanced_accuracy: 0.571515
EPOCH 120:
VALIDATION
valid epoch balanced_accuracy: 0.642020
EPOCH 121:
VALIDATION
valid epoch balanced_accuracy: 0.566465
EPOCH 122:
VALIDATION
valid epoch balanced_accuracy: 0.621818
EPOCH 123:
VALIDATION
valid epoch balanced_accuracy: 0.591313
EPOCH 124:
VALIDATION
valid epoch balanced_accuracy: 0.515758
EPOCH 125:
VALIDATION
valid epoch balanced_accuracy: 0.556364
EPOCH 126:
VALIDATION
valid epoch balanced_accuracy: 0.501010
EPOCH 127:
VALIDATION
valid epoch balanced_accuracy: 0.596970
EPOCH 128:
VALIDATION
valid epoch balanced_accuracy: 0.607071
EPOCH 129:
VALIDATION
valid epoch balanced_accuracy: 0.611919
EPOCH 130:
VALIDATION
valid epoch balanced_accuracy: 0.631919
EPOCH 131:
VALIDATION
valid epoch balanced_accuracy: 0.662222
EPOCH 132:
VALIDATION
valid epoch balanced_accuracy: 0.576970
EPOCH 133:
VALIDATION
valid epoch balanced_accuracy: 0.586465
EPOCH 134:
VALIDATION
valid epoch balanced_accuracy: 0.627071
EPOCH 135:
VALIDATION
valid epoch balanced_accuracy: 0.586465
EPOCH 136:
VALIDATION
valid epoch balanced_accuracy: 0.642020
EPOCH 137:
VALIDATION
valid epoch balanced_accuracy: 0.596566
EPOCH 138:
VALIDATION
valid epoch balanced_accuracy: 0.621818
EPOCH 139:
VALIDATION
valid epoch balanced_accuracy: 0.626869
EPOCH 140:
VALIDATION
valid epoch balanced_accuracy: 0.616768
EPOCH 141:
VALIDATION
valid epoch balanced_accuracy: 0.586465
EPOCH 142:
VALIDATION
valid epoch balanced_accuracy: 0.556162
EPOCH 143:
VALIDATION
valid epoch balanced_accuracy: 0.652525
EPOCH 144:
VALIDATION
valid epoch balanced_accuracy: 0.637374
EPOCH 145:
VALIDATION
valid epoch balanced_accuracy: 0.581818
EPOCH 146:
VALIDATION
valid epoch balanced_accuracy: 0.596768
EPOCH 147:
VALIDATION
valid epoch balanced_accuracy: 0.606465
EPOCH 148:
VALIDATION
valid epoch balanced_accuracy: 0.581414
EPOCH 149:
VALIDATION
valid epoch balanced_accuracy: 0.596768
EPOCH 150:
VALIDATION
valid epoch balanced_accuracy: 0.621616
accuracy: 0.467742
sensitivity: 0.415842
precision: 0.857143
specificity: 0.695652
IoU: 0.388889
FAR: 0.304348
F1: 0.560000
balanced_accuracy: 0.555747
loss: 1.968714
