
number of parameters : 1542407
train : (1402, 12)
valid : (55, 12)
test : (55, 12)
class weights : [1.0, 1.0]
balanced batches : 88 per epoch covering all 1402 train rows, target 8 positive + 8 unlabeled
data extracted
EPOCH 1:
VALIDATION
valid epoch balanced_accuracy: 0.634409
EPOCH 2:
VALIDATION
valid epoch balanced_accuracy: 0.821909
EPOCH 3:
VALIDATION
valid epoch balanced_accuracy: 0.743280
EPOCH 4:
VALIDATION
valid epoch balanced_accuracy: 0.716398
EPOCH 5:
VALIDATION
valid epoch balanced_accuracy: 0.658602
EPOCH 6:
VALIDATION
valid epoch balanced_accuracy: 0.801747
EPOCH 7:
VALIDATION
valid epoch balanced_accuracy: 0.803763
EPOCH 8:
VALIDATION
valid epoch balanced_accuracy: 0.803763
EPOCH 9:
VALIDATION
valid epoch balanced_accuracy: 0.808468
EPOCH 10:
VALIDATION
valid epoch balanced_accuracy: 0.753360
EPOCH 11:
VALIDATION
valid epoch balanced_accuracy: 0.731855
EPOCH 12:
VALIDATION
valid epoch balanced_accuracy: 0.413978
EPOCH 13:
VALIDATION
valid epoch balanced_accuracy: 0.704973
EPOCH 14:
VALIDATION
valid epoch balanced_accuracy: 0.582661
EPOCH 15:
VALIDATION
valid epoch balanced_accuracy: 0.670027
EPOCH 16:
VALIDATION
valid epoch balanced_accuracy: 0.536290
EPOCH 17:
VALIDATION
valid epoch balanced_accuracy: 0.819892
EPOCH 18:
VALIDATION
valid epoch balanced_accuracy: 0.764785
EPOCH 19:
VALIDATION
valid epoch balanced_accuracy: 0.649194
EPOCH 20:
VALIDATION
valid epoch balanced_accuracy: 0.718414
EPOCH 21:
VALIDATION
valid epoch balanced_accuracy: 0.721102
EPOCH 22:
VALIDATION
valid epoch balanced_accuracy: 0.709005
EPOCH 23:
VALIDATION
valid epoch balanced_accuracy: 0.561828
EPOCH 24:
VALIDATION
valid epoch balanced_accuracy: 0.557124
EPOCH 25:
VALIDATION
valid epoch balanced_accuracy: 0.670027
EPOCH 26:
VALIDATION
valid epoch balanced_accuracy: 0.787634
EPOCH 27:
VALIDATION
valid epoch balanced_accuracy: 0.706989
EPOCH 28:
VALIDATION
valid epoch balanced_accuracy: 0.670027
EPOCH 29:
VALIDATION
valid epoch balanced_accuracy: 0.563844
EPOCH 30:
VALIDATION
valid epoch balanced_accuracy: 0.610215
EPOCH 31:
VALIDATION
valid epoch balanced_accuracy: 0.487903
EPOCH 32:
VALIDATION
valid epoch balanced_accuracy: 0.653898
EPOCH 33:
VALIDATION
valid epoch balanced_accuracy: 0.813172
EPOCH 34:
VALIDATION
valid epoch balanced_accuracy: 0.729839
EPOCH 35:
VALIDATION
valid epoch balanced_accuracy: 0.596102
EPOCH 36:
VALIDATION
valid epoch balanced_accuracy: 0.757392
EPOCH 37:
VALIDATION
valid epoch balanced_accuracy: 0.794355
EPOCH 38:
VALIDATION
valid epoch balanced_accuracy: 0.729839
EPOCH 39:
VALIDATION
valid epoch balanced_accuracy: 0.621640
EPOCH 40:
VALIDATION
valid epoch balanced_accuracy: 0.584677
EPOCH 41:
VALIDATION
valid epoch balanced_accuracy: 0.581989
EPOCH 42:
VALIDATION
valid epoch balanced_accuracy: 0.639785
EPOCH 43:
VALIDATION
valid epoch balanced_accuracy: 0.720430
EPOCH 44:
VALIDATION
valid epoch balanced_accuracy: 0.665323
EPOCH 45:
VALIDATION
valid epoch balanced_accuracy: 0.748656
EPOCH 46:
VALIDATION
valid epoch balanced_accuracy: 0.702285
EPOCH 47:
VALIDATION
valid epoch balanced_accuracy: 0.706989
EPOCH 48:
VALIDATION
valid epoch balanced_accuracy: 0.676747
EPOCH 49:
VALIDATION
valid epoch balanced_accuracy: 0.633065
EPOCH 50:
VALIDATION
valid epoch balanced_accuracy: 0.621640
EPOCH 51:
VALIDATION
valid epoch balanced_accuracy: 0.653898
EPOCH 52:
VALIDATION
valid epoch balanced_accuracy: 0.660618
EPOCH 53:
VALIDATION
valid epoch balanced_accuracy: 0.679435
EPOCH 54:
VALIDATION
valid epoch balanced_accuracy: 0.536290
EPOCH 55:
VALIDATION
valid epoch balanced_accuracy: 0.618952
EPOCH 56:
VALIDATION
valid epoch balanced_accuracy: 0.681452
EPOCH 57:
VALIDATION
valid epoch balanced_accuracy: 0.681452
EPOCH 58:
VALIDATION
valid epoch balanced_accuracy: 0.670027
EPOCH 59:
VALIDATION
valid epoch balanced_accuracy: 0.711694
EPOCH 60:
VALIDATION
valid epoch balanced_accuracy: 0.674731
EPOCH 61:
VALIDATION
valid epoch balanced_accuracy: 0.681452
EPOCH 62:
VALIDATION
valid epoch balanced_accuracy: 0.681452
EPOCH 63:
VALIDATION
valid epoch balanced_accuracy: 0.709005
EPOCH 64:
VALIDATION
valid epoch balanced_accuracy: 0.706989
EPOCH 65:
VALIDATION
valid epoch balanced_accuracy: 0.692876
EPOCH 66:
VALIDATION
valid epoch balanced_accuracy: 0.670027
EPOCH 67:
VALIDATION
valid epoch balanced_accuracy: 0.649194
EPOCH 68:
VALIDATION
valid epoch balanced_accuracy: 0.649194
EPOCH 69:
VALIDATION
valid epoch balanced_accuracy: 0.695565
EPOCH 70:
VALIDATION
valid epoch balanced_accuracy: 0.545699
EPOCH 71:
VALIDATION
valid epoch balanced_accuracy: 0.702285
EPOCH 72:
VALIDATION
valid epoch balanced_accuracy: 0.642473
EPOCH 73:
VALIDATION
valid epoch balanced_accuracy: 0.734543
EPOCH 74:
VALIDATION
valid epoch balanced_accuracy: 0.670027
EPOCH 75:
VALIDATION
valid epoch balanced_accuracy: 0.729839
EPOCH 76:
VALIDATION
valid epoch balanced_accuracy: 0.637769
EPOCH 77:
VALIDATION
valid epoch balanced_accuracy: 0.665323
EPOCH 78:
VALIDATION
valid epoch balanced_accuracy: 0.697581
EPOCH 79:
VALIDATION
valid epoch balanced_accuracy: 0.695565
EPOCH 80:
VALIDATION
valid epoch balanced_accuracy: 0.706989
EPOCH 81:
VALIDATION
valid epoch balanced_accuracy: 0.780914
EPOCH 82:
VALIDATION
valid epoch balanced_accuracy: 0.653898
EPOCH 83:
VALIDATION
valid epoch balanced_accuracy: 0.672043
EPOCH 84:
VALIDATION
valid epoch balanced_accuracy: 0.653898
EPOCH 85:
VALIDATION
valid epoch balanced_accuracy: 0.695565
EPOCH 86:
VALIDATION
valid epoch balanced_accuracy: 0.711694
EPOCH 87:
VALIDATION
valid epoch balanced_accuracy: 0.686156
EPOCH 88:
VALIDATION
valid epoch balanced_accuracy: 0.713710
EPOCH 89:
VALIDATION
valid epoch balanced_accuracy: 0.764785
EPOCH 90:
VALIDATION
valid epoch balanced_accuracy: 0.676747
EPOCH 91:
VALIDATION
valid epoch balanced_accuracy: 0.716398
EPOCH 92:
VALIDATION
valid epoch balanced_accuracy: 0.702285
EPOCH 93:
VALIDATION
valid epoch balanced_accuracy: 0.702285
EPOCH 94:
VALIDATION
valid epoch balanced_accuracy: 0.748656
EPOCH 95:
VALIDATION
valid epoch balanced_accuracy: 0.690860
EPOCH 96:
VALIDATION
valid epoch balanced_accuracy: 0.718414
EPOCH 97:
VALIDATION
valid epoch balanced_accuracy: 0.764785
EPOCH 98:
VALIDATION
valid epoch balanced_accuracy: 0.635081
EPOCH 99:
VALIDATION
valid epoch balanced_accuracy: 0.769489
EPOCH 100:
VALIDATION
valid epoch balanced_accuracy: 0.683468
EPOCH 101:
VALIDATION
valid epoch balanced_accuracy: 0.686156
EPOCH 102:
VALIDATION
valid epoch balanced_accuracy: 0.683468
EPOCH 103:
VALIDATION
valid epoch balanced_accuracy: 0.718414
EPOCH 104:
VALIDATION
valid epoch balanced_accuracy: 0.614247
EPOCH 105:
VALIDATION
valid epoch balanced_accuracy: 0.732527
EPOCH 106:
VALIDATION
valid epoch balanced_accuracy: 0.672043
EPOCH 107:
VALIDATION
valid epoch balanced_accuracy: 0.706989
EPOCH 108:
VALIDATION
valid epoch balanced_accuracy: 0.679435
EPOCH 109:
VALIDATION
valid epoch balanced_accuracy: 0.706989
EPOCH 110:
VALIDATION
valid epoch balanced_accuracy: 0.688172
EPOCH 111:
VALIDATION
valid epoch balanced_accuracy: 0.713710
EPOCH 112:
VALIDATION
valid epoch balanced_accuracy: 0.674731
EPOCH 113:
VALIDATION
valid epoch balanced_accuracy: 0.644489
EPOCH 114:
VALIDATION
valid epoch balanced_accuracy: 0.681452
EPOCH 115:
VALIDATION
valid epoch balanced_accuracy: 0.732527
EPOCH 116:
VALIDATION
valid epoch balanced_accuracy: 0.718414
EPOCH 117:
VALIDATION
valid epoch balanced_accuracy: 0.755376
EPOCH 118:
VALIDATION
valid epoch balanced_accuracy: 0.743952
EPOCH 119:
VALIDATION
valid epoch balanced_accuracy: 0.628360
EPOCH 120:
VALIDATION
valid epoch balanced_accuracy: 0.762097
EPOCH 121:
VALIDATION
valid epoch balanced_accuracy: 0.760081
EPOCH 122:
VALIDATION
valid epoch balanced_accuracy: 0.706989
EPOCH 123:
VALIDATION
valid epoch balanced_accuracy: 0.727823
EPOCH 124:
VALIDATION
valid epoch balanced_accuracy: 0.743952
EPOCH 125:
VALIDATION
valid epoch balanced_accuracy: 0.665323
EPOCH 126:
VALIDATION
valid epoch balanced_accuracy: 0.683468
EPOCH 127:
VALIDATION
valid epoch balanced_accuracy: 0.670027
EPOCH 128:
VALIDATION
valid epoch balanced_accuracy: 0.662634
EPOCH 129:
VALIDATION
valid epoch balanced_accuracy: 0.787634
EPOCH 130:
VALIDATION
valid epoch balanced_accuracy: 0.718414
EPOCH 131:
VALIDATION
valid epoch balanced_accuracy: 0.681452
EPOCH 132:
VALIDATION
valid epoch balanced_accuracy: 0.771505
EPOCH 133:
VALIDATION
valid epoch balanced_accuracy: 0.658602
EPOCH 134:
VALIDATION
valid epoch balanced_accuracy: 0.748656
EPOCH 135:
VALIDATION
valid epoch balanced_accuracy: 0.711694
EPOCH 136:
VALIDATION
valid epoch balanced_accuracy: 0.787634
EPOCH 137:
VALIDATION
valid epoch balanced_accuracy: 0.732527
EPOCH 138:
VALIDATION
valid epoch balanced_accuracy: 0.665323
EPOCH 139:
VALIDATION
valid epoch balanced_accuracy: 0.727823
EPOCH 140:
VALIDATION
valid epoch balanced_accuracy: 0.692876
EPOCH 141:
VALIDATION
valid epoch balanced_accuracy: 0.713710
EPOCH 142:
VALIDATION
valid epoch balanced_accuracy: 0.725134
EPOCH 143:
VALIDATION
valid epoch balanced_accuracy: 0.711694
EPOCH 144:
VALIDATION
valid epoch balanced_accuracy: 0.695565
EPOCH 145:
VALIDATION
valid epoch balanced_accuracy: 0.681452
EPOCH 146:
VALIDATION
valid epoch balanced_accuracy: 0.711694
EPOCH 147:
VALIDATION
valid epoch balanced_accuracy: 0.739247
EPOCH 148:
VALIDATION
valid epoch balanced_accuracy: 0.739247
EPOCH 149:
VALIDATION
valid epoch balanced_accuracy: 0.616935
EPOCH 150:
VALIDATION
valid epoch balanced_accuracy: 0.690860
accuracy: 0.872727
sensitivity: 0.750000
precision: 0.947368
specificity: 0.967742
IoU: 0.720000
FAR: 0.032258
F1: 0.837209
balanced_accuracy: 0.858871
loss: 0.406926
