
number of parameters : 895894
train : (1104, 12)
valid : (204, 12)
test : (204, 12)
class weights : [1.0, 1.0]
balanced batches : 69 per epoch covering all 1104 train rows, target 8 positive + 8 unlabeled
data extracted
EPOCH 1:
VALIDATION
valid epoch balanced_accuracy: 0.347308
EPOCH 2:
VALIDATION
valid epoch balanced_accuracy: 0.351923
EPOCH 3:
VALIDATION
valid epoch balanced_accuracy: 0.417308
EPOCH 4:
VALIDATION
valid epoch balanced_accuracy: 0.489615
EPOCH 5:
VALIDATION
valid epoch balanced_accuracy: 0.614231
EPOCH 6:
VALIDATION
valid epoch balanced_accuracy: 0.494038
EPOCH 7:
VALIDATION
valid epoch balanced_accuracy: 0.366538
EPOCH 8:
VALIDATION
valid epoch balanced_accuracy: 0.653462
EPOCH 9:
VALIDATION
valid epoch balanced_accuracy: 0.593654
EPOCH 10:
VALIDATION
valid epoch balanced_accuracy: 0.427885
EPOCH 11:
VALIDATION
valid epoch balanced_accuracy: 0.371154
EPOCH 12:
VALIDATION
valid epoch balanced_accuracy: 0.646538
EPOCH 13:
VALIDATION
valid epoch balanced_accuracy: 0.327885
EPOCH 14:
VALIDATION
valid epoch balanced_accuracy: 0.437308
EPOCH 15:
VALIDATION
valid epoch balanced_accuracy: 0.613462
EPOCH 16:
VALIDATION
valid epoch balanced_accuracy: 0.358462
EPOCH 17:
VALIDATION
valid epoch balanced_accuracy: 0.402885
EPOCH 18:
VALIDATION
valid epoch balanced_accuracy: 0.585769
EPOCH 19:
VALIDATION
valid epoch balanced_accuracy: 0.435577
EPOCH 20:
VALIDATION
valid epoch balanced_accuracy: 0.518654
EPOCH 21:
VALIDATION
valid epoch balanced_accuracy: 0.431923
EPOCH 22:
VALIDATION
valid epoch balanced_accuracy: 0.493462
EPOCH 23:
VALIDATION
valid epoch balanced_accuracy: 0.469231
EPOCH 24:
VALIDATION
valid epoch balanced_accuracy: 0.553269
EPOCH 25:
VALIDATION
valid epoch balanced_accuracy: 0.539423
EPOCH 26:
VALIDATION
valid epoch balanced_accuracy: 0.524038
EPOCH 27:
VALIDATION
valid epoch balanced_accuracy: 0.526731
EPOCH 28:
VALIDATION
valid epoch balanced_accuracy: 0.549808
EPOCH 29:
VALIDATION
valid epoch balanced_accuracy: 0.443077
EPOCH 30:
VALIDATION
valid epoch balanced_accuracy: 0.456154
EPOCH 31:
VALIDATION
valid epoch balanced_accuracy: 0.476923
EPOCH 32:
VALIDATION
valid epoch balanced_accuracy: 0.485192
EPOCH 33:
VALIDATION
valid epoch balanced_accuracy: 0.584808
EPOCH 34:
VALIDATION
valid epoch balanced_accuracy: 0.472885
EPOCH 35:
VALIDATION
valid epoch balanced_accuracy: 0.462500
EPOCH 36:
VALIDATION
valid epoch balanced_accuracy: 0.441346
EPOCH 37:
VALIDATION
valid epoch balanced_accuracy: 0.475962
EPOCH 38:
VALIDATION
valid epoch balanced_accuracy: 0.446154
EPOCH 39:
VALIDATION
valid epoch balanced_accuracy: 0.445000
EPOCH 40:
VALIDATION
valid epoch balanced_accuracy: 0.412885
EPOCH 41:
VALIDATION
valid epoch balanced_accuracy: 0.474423
EPOCH 42:
VALIDATION
valid epoch balanced_accuracy: 0.436731
EPOCH 43:
VALIDATION
valid epoch balanced_accuracy: 0.436154
EPOCH 44:
VALIDATION
valid epoch balanced_accuracy: 0.446154
EPOCH 45:
VALIDATION
valid epoch balanced_accuracy: 0.419423
EPOCH 46:
VALIDATION
valid epoch balanced_accuracy: 0.458462
EPOCH 47:
VALIDATION
valid epoch balanced_accuracy: 0.439615
EPOCH 48:
VALIDATION
valid epoch balanced_accuracy: 0.413077
EPOCH 49:
VALIDATION
valid epoch balanced_accuracy: 0.448654
EPOCH 50:
VALIDATION
valid epoch balanced_accuracy: 0.455769
EPOCH 51:
VALIDATION
valid epoch balanced_accuracy: 0.468462
EPOCH 52:
VALIDATION
valid epoch balanced_accuracy: 0.418077
EPOCH 53:
VALIDATION
valid epoch balanced_accuracy: 0.555769
EPOCH 54:
VALIDATION
valid epoch balanced_accuracy: 0.412500
EPOCH 55:
VALIDATION
valid epoch balanced_accuracy: 0.548462
EPOCH 56:
VALIDATION
valid epoch balanced_accuracy: 0.520962
EPOCH 57:
VALIDATION
valid epoch balanced_accuracy: 0.418077
EPOCH 58:
VALIDATION
valid epoch balanced_accuracy: 0.510192
EPOCH 59:
VALIDATION
valid epoch balanced_accuracy: 0.434038
EPOCH 60:
VALIDATION
valid epoch balanced_accuracy: 0.412308
EPOCH 61:
VALIDATION
valid epoch balanced_accuracy: 0.451538
EPOCH 62:
VALIDATION
valid epoch balanced_accuracy: 0.466538
EPOCH 63:
VALIDATION
valid epoch balanced_accuracy: 0.433846
EPOCH 64:
VALIDATION
valid epoch balanced_accuracy: 0.445769
EPOCH 65:
VALIDATION
valid epoch balanced_accuracy: 0.460192
EPOCH 66:
VALIDATION
valid epoch balanced_accuracy: 0.435000
EPOCH 67:
VALIDATION
valid epoch balanced_accuracy: 0.521538
EPOCH 68:
VALIDATION
valid epoch balanced_accuracy: 0.483462
EPOCH 69:
VALIDATION
valid epoch balanced_accuracy: 0.434038
EPOCH 70:
VALIDATION
valid epoch balanced_accuracy: 0.449038
EPOCH 71:
VALIDATION
valid epoch balanced_accuracy: 0.441154
EPOCH 72:
VALIDATION
valid epoch balanced_accuracy: 0.430577
EPOCH 73:
VALIDATION
valid epoch balanced_accuracy: 0.450577
EPOCH 74:
VALIDATION
valid epoch balanced_accuracy: 0.450577
EPOCH 75:
VALIDATION
valid epoch balanced_accuracy: 0.483846
EPOCH 76:
VALIDATION
valid epoch balanced_accuracy: 0.529038
EPOCH 77:
VALIDATION
valid epoch balanced_accuracy: 0.508654
EPOCH 78:
VALIDATION
valid epoch balanced_accuracy: 0.451154
EPOCH 79:
VALIDATION
valid epoch balanced_accuracy: 0.433269
EPOCH 80:
VALIDATION
valid epoch balanced_accuracy: 0.444038
EPOCH 81:
VALIDATION
valid epoch balanced_accuracy: 0.413077
EPOCH 82:
VALIDATION
valid epoch balanced_accuracy: 0.421731
EPOCH 83:
VALIDATION
valid epoch balanced_accuracy: 0.474038
EPOCH 84:
VALIDATION
valid epoch balanced_accuracy: 0.441731
EPOCH 85:
VALIDATION
valid epoch balanced_accuracy: 0.442692
EPOCH 86:
VALIDATION
valid epoch balanced_accuracy: 0.432308
EPOCH 87:
VALIDATION
valid epoch balanced_accuracy: 0.424038
EPOCH 88:
VALIDATION
valid epoch balanced_accuracy: 0.416731
EPOCH 89:
VALIDATION
valid epoch balanced_accuracy: 0.460385
EPOCH 90:
VALIDATION
valid epoch balanced_accuracy: 0.455769
EPOCH 91:
VALIDATION
valid epoch balanced_accuracy: 0.444808
EPOCH 92:
VALIDATION
valid epoch balanced_accuracy: 0.438654
EPOCH 93:
VALIDATION
valid epoch balanced_accuracy: 0.453654
EPOCH 94:
VALIDATION
valid epoch balanced_accuracy: 0.421923
EPOCH 95:
VALIDATION
valid epoch balanced_accuracy: 0.537692
EPOCH 96:
VALIDATION
valid epoch balanced_accuracy: 0.654038
EPOCH 97:
VALIDATION
valid epoch balanced_accuracy: 0.514423
EPOCH 98:
VALIDATION
valid epoch balanced_accuracy: 0.522885
EPOCH 99:
VALIDATION
valid epoch balanced_accuracy: 0.500000
EPOCH 100:
VALIDATION
valid epoch balanced_accuracy: 0.417885
EPOCH 101:
VALIDATION
valid epoch balanced_accuracy: 0.483654
EPOCH 102:
VALIDATION
valid epoch balanced_accuracy: 0.433654
EPOCH 103:
VALIDATION
valid epoch balanced_accuracy: 0.432308
EPOCH 104:
VALIDATION
valid epoch balanced_accuracy: 0.418462
EPOCH 105:
VALIDATION
valid epoch balanced_accuracy: 0.418462
EPOCH 106:
VALIDATION
valid epoch balanced_accuracy: 0.440769
EPOCH 107:
VALIDATION
valid epoch balanced_accuracy: 0.432115
EPOCH 108:
VALIDATION
valid epoch balanced_accuracy: 0.468654
EPOCH 109:
VALIDATION
valid epoch balanced_accuracy: 0.407308
EPOCH 110:
VALIDATION
valid epoch balanced_accuracy: 0.450769
EPOCH 111:
VALIDATION
valid epoch balanced_accuracy: 0.432115
EPOCH 112:
VALIDATION
valid epoch balanced_accuracy: 0.397885
EPOCH 113:
VALIDATION
valid epoch balanced_accuracy: 0.423462
EPOCH 114:
VALIDATION
valid epoch balanced_accuracy: 0.426923
EPOCH 115:
VALIDATION
valid epoch balanced_accuracy: 0.416346
EPOCH 116:
VALIDATION
valid epoch balanced_accuracy: 0.417692
EPOCH 117:
VALIDATION
valid epoch balanced_accuracy: 0.520769
EPOCH 118:
VALIDATION
valid epoch balanced_accuracy: 0.493462
EPOCH 119:
VALIDATION
valid epoch balanced_accuracy: 0.453654
EPOCH 120:
VALIDATION
valid epoch balanced_accuracy: 0.607308
EPOCH 121:
VALIDATION
valid epoch balanced_accuracy: 0.600577
EPOCH 122:
VALIDATION
valid epoch balanced_accuracy: 0.441346
EPOCH 123:
VALIDATION
valid epoch balanced_accuracy: 0.497500
EPOCH 124:
VALIDATION
valid epoch balanced_accuracy: 0.518846
EPOCH 125:
VALIDATION
valid epoch balanced_accuracy: 0.466538
EPOCH 126:
VALIDATION
valid epoch balanced_accuracy: 0.456731
EPOCH 127:
VALIDATION
valid epoch balanced_accuracy: 0.437308
EPOCH 128:
VALIDATION
valid epoch balanced_accuracy: 0.504038
EPOCH 129:
VALIDATION
valid epoch balanced_accuracy: 0.446731
EPOCH 130:
VALIDATION
valid epoch balanced_accuracy: 0.422308
EPOCH 131:
VALIDATION
valid epoch balanced_accuracy: 0.441538
EPOCH 132:
VALIDATION
valid epoch balanced_accuracy: 0.466154
EPOCH 133:
VALIDATION
valid epoch balanced_accuracy: 0.465192
EPOCH 134:
VALIDATION
valid epoch balanced_accuracy: 0.472692
EPOCH 135:
VALIDATION
valid epoch balanced_accuracy: 0.460962
EPOCH 136:
VALIDATION
valid epoch balanced_accuracy: 0.432500
EPOCH 137:
VALIDATION
valid epoch balanced_accuracy: 0.461731
EPOCH 138:
VALIDATION
valid epoch balanced_accuracy: 0.448269
EPOCH 139:
VALIDATION
valid epoch balanced_accuracy: 0.443269
EPOCH 140:
VALIDATION
valid epoch balanced_accuracy: 0.423462
EPOCH 141:
VALIDATION
valid epoch balanced_accuracy: 0.459038
EPOCH 142:
VALIDATION
valid epoch balanced_accuracy: 0.462308
EPOCH 143:
VALIDATION
valid epoch balanced_accuracy: 0.561731
EPOCH 144:
VALIDATION
valid epoch balanced_accuracy: 0.476346
EPOCH 145:
VALIDATION
valid epoch balanced_accuracy: 0.476538
EPOCH 146:
VALIDATION
valid epoch balanced_accuracy: 0.437115
EPOCH 147:
VALIDATION
valid epoch balanced_accuracy: 0.523269
EPOCH 148:
VALIDATION
valid epoch balanced_accuracy: 0.433269
EPOCH 149:
VALIDATION
valid epoch balanced_accuracy: 0.466731
EPOCH 150:
VALIDATION
valid epoch balanced_accuracy: 0.547308
accuracy: 0.411765
sensitivity: 0.140000
precision: 0.291667
specificity: 0.673077
IoU: 0.104478
FAR: 0.326923
F1: 0.189189
balanced_accuracy: 0.406538
loss: 3.638327
