Waiting for exclusive access to GPU GPU-9e4e2b6c-19ea-73ef-7026-00619f988787.
=== GROUP: CRAL-TRIO | VARIANT: bbp_nps3mlp_dpt01_gm_noffn_plm56_hid56 | SEED: 1 | GPU: Tesla V100-SXM2-32GB ===

number of parameters : 895894
train : (1104, 12)
valid : (204, 12)
test : (204, 12)
class weights : [1.0, 1.0]
balanced batches : 69 per epoch covering all 1104 train rows, target 8 positive + 8 unlabeled
data extracted
EPOCH 1:
VALIDATION
valid epoch balanced_accuracy: 0.373269
EPOCH 2:
VALIDATION
valid epoch balanced_accuracy: 0.416346
EPOCH 3:
VALIDATION
valid epoch balanced_accuracy: 0.508654
EPOCH 4:
VALIDATION
valid epoch balanced_accuracy: 0.616923
EPOCH 5:
VALIDATION
valid epoch balanced_accuracy: 0.355962
EPOCH 6:
VALIDATION
valid epoch balanced_accuracy: 0.661154
EPOCH 7:
VALIDATION
valid epoch balanced_accuracy: 0.747115
EPOCH 8:
VALIDATION
valid epoch balanced_accuracy: 0.648846
EPOCH 9:
VALIDATION
valid epoch balanced_accuracy: 0.520000
EPOCH 10:
VALIDATION
valid epoch balanced_accuracy: 0.358846
EPOCH 11:
VALIDATION
valid epoch balanced_accuracy: 0.407885
EPOCH 12:
VALIDATION
valid epoch balanced_accuracy: 0.376923
EPOCH 13:
VALIDATION
valid epoch balanced_accuracy: 0.486154
EPOCH 14:
VALIDATION
valid epoch balanced_accuracy: 0.422500
EPOCH 15:
VALIDATION
valid epoch balanced_accuracy: 0.570000
EPOCH 16:
VALIDATION
valid epoch balanced_accuracy: 0.397500
EPOCH 17:
VALIDATION
valid epoch balanced_accuracy: 0.387500
EPOCH 18:
VALIDATION
valid epoch balanced_accuracy: 0.673077
EPOCH 19:
VALIDATION
valid epoch balanced_accuracy: 0.504423
EPOCH 20:
VALIDATION
valid epoch balanced_accuracy: 0.480962
EPOCH 21:
VALIDATION
valid epoch balanced_accuracy: 0.648462
EPOCH 22:
VALIDATION
valid epoch balanced_accuracy: 0.585000
EPOCH 23:
VALIDATION
valid epoch balanced_accuracy: 0.581154
EPOCH 24:
VALIDATION
valid epoch balanced_accuracy: 0.532500
EPOCH 25:
VALIDATION
valid epoch balanced_accuracy: 0.416538
EPOCH 26:
VALIDATION
valid epoch balanced_accuracy: 0.528077
EPOCH 27:
VALIDATION
valid epoch balanced_accuracy: 0.503462
EPOCH 28:
VALIDATION
valid epoch balanced_accuracy: 0.387308
EPOCH 29:
VALIDATION
valid epoch balanced_accuracy: 0.537500
EPOCH 30:
VALIDATION
valid epoch balanced_accuracy: 0.540769
EPOCH 31:
VALIDATION
valid epoch balanced_accuracy: 0.723269
EPOCH 32:
VALIDATION
valid epoch balanced_accuracy: 0.723654
EPOCH 33:
VALIDATION
valid epoch balanced_accuracy: 0.539808
EPOCH 34:
VALIDATION
valid epoch balanced_accuracy: 0.450000
EPOCH 35:
VALIDATION
valid epoch balanced_accuracy: 0.615385
EPOCH 36:
VALIDATION
valid epoch balanced_accuracy: 0.501731
EPOCH 37:
VALIDATION
valid epoch balanced_accuracy: 0.589038
EPOCH 38:
VALIDATION
valid epoch balanced_accuracy: 0.494423
EPOCH 39:
VALIDATION
valid epoch balanced_accuracy: 0.600000
EPOCH 40:
VALIDATION
valid epoch balanced_accuracy: 0.538462
EPOCH 41:
VALIDATION
valid epoch balanced_accuracy: 0.613462
EPOCH 42:
VALIDATION
valid epoch balanced_accuracy: 0.451154
EPOCH 43:
VALIDATION
valid epoch balanced_accuracy: 0.569808
EPOCH 44:
VALIDATION
valid epoch balanced_accuracy: 0.560000
EPOCH 45:
VALIDATION
valid epoch balanced_accuracy: 0.549808
EPOCH 46:
VALIDATION
valid epoch balanced_accuracy: 0.580577
EPOCH 47:
VALIDATION
valid epoch balanced_accuracy: 0.663269
EPOCH 48:
VALIDATION
valid epoch balanced_accuracy: 0.575192
EPOCH 49:
VALIDATION
valid epoch balanced_accuracy: 0.496346
EPOCH 50:
VALIDATION
valid epoch balanced_accuracy: 0.603077
EPOCH 51:
VALIDATION
valid epoch balanced_accuracy: 0.654423
EPOCH 52:
VALIDATION
valid epoch balanced_accuracy: 0.525385
EPOCH 53:
VALIDATION
valid epoch balanced_accuracy: 0.527500
EPOCH 54:
VALIDATION
valid epoch balanced_accuracy: 0.558462
EPOCH 55:
VALIDATION
valid epoch balanced_accuracy: 0.544423
EPOCH 56:
VALIDATION
valid epoch balanced_accuracy: 0.674423
EPOCH 57:
VALIDATION
valid epoch balanced_accuracy: 0.664808
EPOCH 58:
VALIDATION
valid epoch balanced_accuracy: 0.664231
EPOCH 59:
VALIDATION
valid epoch balanced_accuracy: 0.618654
EPOCH 60:
VALIDATION
valid epoch balanced_accuracy: 0.664038
EPOCH 61:
VALIDATION
valid epoch balanced_accuracy: 0.541346
EPOCH 62:
VALIDATION
valid epoch balanced_accuracy: 0.590577
EPOCH 63:
VALIDATION
valid epoch balanced_accuracy: 0.497308
EPOCH 64:
VALIDATION
valid epoch balanced_accuracy: 0.554808
EPOCH 65:
VALIDATION
valid epoch balanced_accuracy: 0.531731
EPOCH 66:
VALIDATION
valid epoch balanced_accuracy: 0.608654
EPOCH 67:
VALIDATION
valid epoch balanced_accuracy: 0.518462
EPOCH 68:
VALIDATION
valid epoch balanced_accuracy: 0.518846
EPOCH 69:
VALIDATION
valid epoch balanced_accuracy: 0.499808
EPOCH 70:
VALIDATION
valid epoch balanced_accuracy: 0.518269
EPOCH 71:
VALIDATION
valid epoch balanced_accuracy: 0.483846
EPOCH 72:
VALIDATION
valid epoch balanced_accuracy: 0.652308
EPOCH 73:
VALIDATION
valid epoch balanced_accuracy: 0.568462
EPOCH 74:
VALIDATION
valid epoch balanced_accuracy: 0.618269
EPOCH 75:
VALIDATION
valid epoch balanced_accuracy: 0.608462
EPOCH 76:
VALIDATION
valid epoch balanced_accuracy: 0.702692
EPOCH 77:
VALIDATION
valid epoch balanced_accuracy: 0.594423
EPOCH 78:
VALIDATION
valid epoch balanced_accuracy: 0.543077
EPOCH 79:
VALIDATION
valid epoch balanced_accuracy: 0.587308
EPOCH 80:
VALIDATION
valid epoch balanced_accuracy: 0.589038
EPOCH 81:
VALIDATION
valid epoch balanced_accuracy: 0.543077
EPOCH 82:
VALIDATION
valid epoch balanced_accuracy: 0.575385
EPOCH 83:
VALIDATION
valid epoch balanced_accuracy: 0.572500
EPOCH 84:
VALIDATION
valid epoch balanced_accuracy: 0.673654
EPOCH 85:
VALIDATION
valid epoch balanced_accuracy: 0.533846
EPOCH 86:
VALIDATION
valid epoch balanced_accuracy: 0.569808
EPOCH 87:
VALIDATION
valid epoch balanced_accuracy: 0.553077
EPOCH 88:
VALIDATION
valid epoch balanced_accuracy: 0.541346
EPOCH 89:
VALIDATION
valid epoch balanced_accuracy: 0.533462
EPOCH 90:
VALIDATION
valid epoch balanced_accuracy: 0.664231
EPOCH 91:
VALIDATION
valid epoch balanced_accuracy: 0.597885
EPOCH 92:
VALIDATION
valid epoch balanced_accuracy: 0.494231
EPOCH 93:
VALIDATION
valid epoch balanced_accuracy: 0.574423
EPOCH 94:
VALIDATION
valid epoch balanced_accuracy: 0.569423
EPOCH 95:
VALIDATION
valid epoch balanced_accuracy: 0.560577
EPOCH 96:
VALIDATION
valid epoch balanced_accuracy: 0.554615
EPOCH 97:
VALIDATION
valid epoch balanced_accuracy: 0.550385
EPOCH 98:
VALIDATION
valid epoch balanced_accuracy: 0.587308
EPOCH 99:
VALIDATION
valid epoch balanced_accuracy: 0.609231
EPOCH 100:
VALIDATION
valid epoch balanced_accuracy: 0.517885
EPOCH 101:
VALIDATION
valid epoch balanced_accuracy: 0.567308
EPOCH 102:
VALIDATION
valid epoch balanced_accuracy: 0.517692
EPOCH 103:
VALIDATION
valid epoch balanced_accuracy: 0.673846
EPOCH 104:
VALIDATION
valid epoch balanced_accuracy: 0.538269
EPOCH 105:
VALIDATION
valid epoch balanced_accuracy: 0.499615
EPOCH 106:
VALIDATION
valid epoch balanced_accuracy: 0.519423
EPOCH 107:
VALIDATION
valid epoch balanced_accuracy: 0.589038
EPOCH 108:
VALIDATION
valid epoch balanced_accuracy: 0.638077
EPOCH 109:
VALIDATION
valid epoch balanced_accuracy: 0.602500
EPOCH 110:
VALIDATION
valid epoch balanced_accuracy: 0.559615
EPOCH 111:
VALIDATION
valid epoch balanced_accuracy: 0.568269
EPOCH 112:
VALIDATION
valid epoch balanced_accuracy: 0.607692
EPOCH 113:
VALIDATION
valid epoch balanced_accuracy: 0.622885
EPOCH 114:
VALIDATION
valid epoch balanced_accuracy: 0.564615
EPOCH 115:
VALIDATION
valid epoch balanced_accuracy: 0.653077
EPOCH 116:
VALIDATION
valid epoch balanced_accuracy: 0.617500
EPOCH 117:
VALIDATION
valid epoch balanced_accuracy: 0.642308
EPOCH 118:
VALIDATION
valid epoch balanced_accuracy: 0.550385
EPOCH 119:
VALIDATION
valid epoch balanced_accuracy: 0.568269
EPOCH 120:
VALIDATION
valid epoch balanced_accuracy: 0.613462
EPOCH 121:
VALIDATION
valid epoch balanced_accuracy: 0.544808
EPOCH 122:
VALIDATION
valid epoch balanced_accuracy: 0.643269
EPOCH 123:
VALIDATION
valid epoch balanced_accuracy: 0.565769
EPOCH 124:
VALIDATION
valid epoch balanced_accuracy: 0.584615
EPOCH 125:
VALIDATION
valid epoch balanced_accuracy: 0.445192
EPOCH 126:
VALIDATION
valid epoch balanced_accuracy: 0.516731
EPOCH 127:
VALIDATION
valid epoch balanced_accuracy: 0.658077
EPOCH 128:
VALIDATION
valid epoch balanced_accuracy: 0.540000
EPOCH 129:
VALIDATION
valid epoch balanced_accuracy: 0.668077
EPOCH 130:
VALIDATION
valid epoch balanced_accuracy: 0.431923
EPOCH 131:
VALIDATION
valid epoch balanced_accuracy: 0.613269
EPOCH 132:
VALIDATION
valid epoch balanced_accuracy: 0.622692
EPOCH 133:
VALIDATION
valid epoch balanced_accuracy: 0.618077
EPOCH 134:
VALIDATION
valid epoch balanced_accuracy: 0.644423
EPOCH 135:
VALIDATION
valid epoch balanced_accuracy: 0.689423
EPOCH 136:
VALIDATION
valid epoch balanced_accuracy: 0.603462
EPOCH 137:
VALIDATION
valid epoch balanced_accuracy: 0.628654
EPOCH 138:
VALIDATION
valid epoch balanced_accuracy: 0.632885
EPOCH 139:
VALIDATION
valid epoch balanced_accuracy: 0.622500
EPOCH 140:
VALIDATION
valid epoch balanced_accuracy: 0.611346
EPOCH 141:
VALIDATION
valid epoch balanced_accuracy: 0.608462
EPOCH 142:
VALIDATION
valid epoch balanced_accuracy: 0.607308
EPOCH 143:
VALIDATION
valid epoch balanced_accuracy: 0.553654
EPOCH 144:
VALIDATION
valid epoch balanced_accuracy: 0.508462
EPOCH 145:
VALIDATION
valid epoch balanced_accuracy: 0.608077
EPOCH 146:
VALIDATION
valid epoch balanced_accuracy: 0.589423
EPOCH 147:
VALIDATION
valid epoch balanced_accuracy: 0.623269
EPOCH 148:
VALIDATION
valid epoch balanced_accuracy: 0.549231
EPOCH 149:
VALIDATION
valid epoch balanced_accuracy: 0.523077
EPOCH 150:
VALIDATION
valid epoch balanced_accuracy: 0.558077
accuracy: 0.627451
sensitivity: 0.490385
precision: 0.689189
specificity: 0.770000
IoU: 0.401575
FAR: 0.230000
F1: 0.573034
balanced_accuracy: 0.630192
loss: 1.328904
