Waiting for exclusive access to GPU GPU-03552530-e0ea-aba8-6e58-1c63bbaea5f4.
=== GROUP: CRAL-TRIO | VARIANT: final_m2 | SEED: 1 | FINAL_M: 2 | GPU: Tesla V100-SXM2-32GB ===

number of parameters : 1050702
train : (974, 12)
valid : (180, 12)
test : (180, 12)
class weights : [1.1540284156799316, 0.8822463750839233]
data extracted
EPOCH 1:
VALIDATION
valid epoch balanced_accuracy: 0.562857
EPOCH 2:
VALIDATION
valid epoch balanced_accuracy: 0.555238
EPOCH 3:
VALIDATION
valid epoch balanced_accuracy: 0.559048
EPOCH 4:
VALIDATION
valid epoch balanced_accuracy: 0.563810
EPOCH 5:
VALIDATION
valid epoch balanced_accuracy: 0.560000
EPOCH 6:
VALIDATION
valid epoch balanced_accuracy: 0.560000
EPOCH 7:
VALIDATION
valid epoch balanced_accuracy: 0.571429
EPOCH 8:
VALIDATION
valid epoch balanced_accuracy: 0.600000
EPOCH 9:
VALIDATION
valid epoch balanced_accuracy: 0.631429
EPOCH 10:
VALIDATION
valid epoch balanced_accuracy: 0.625714
EPOCH 11:
VALIDATION
valid epoch balanced_accuracy: 0.520952
EPOCH 12:
VALIDATION
valid epoch balanced_accuracy: 0.631429
EPOCH 13:
VALIDATION
valid epoch balanced_accuracy: 0.618095
EPOCH 14:
VALIDATION
valid epoch balanced_accuracy: 0.565714
EPOCH 15:
VALIDATION
valid epoch balanced_accuracy: 0.609524
EPOCH 16:
VALIDATION
valid epoch balanced_accuracy: 0.634286
EPOCH 17:
VALIDATION
valid epoch balanced_accuracy: 0.412381
EPOCH 18:
VALIDATION
valid epoch balanced_accuracy: 0.548571
EPOCH 19:
VALIDATION
valid epoch balanced_accuracy: 0.543810
EPOCH 20:
VALIDATION
valid epoch balanced_accuracy: 0.628571
EPOCH 21:
VALIDATION
valid epoch balanced_accuracy: 0.619048
EPOCH 22:
VALIDATION
valid epoch balanced_accuracy: 0.541905
EPOCH 23:
VALIDATION
valid epoch balanced_accuracy: 0.561905
EPOCH 24:
VALIDATION
valid epoch balanced_accuracy: 0.585714
EPOCH 25:
VALIDATION
valid epoch balanced_accuracy: 0.553333
EPOCH 26:
VALIDATION
valid epoch balanced_accuracy: 0.574286
EPOCH 27:
VALIDATION
valid epoch balanced_accuracy: 0.549524
EPOCH 28:
VALIDATION
valid epoch balanced_accuracy: 0.581905
EPOCH 29:
VALIDATION
valid epoch balanced_accuracy: 0.601905
EPOCH 30:
VALIDATION
valid epoch balanced_accuracy: 0.566667
EPOCH 31:
VALIDATION
valid epoch balanced_accuracy: 0.582857
EPOCH 32:
VALIDATION
valid epoch balanced_accuracy: 0.572381
EPOCH 33:
VALIDATION
valid epoch balanced_accuracy: 0.539048
EPOCH 34:
VALIDATION
valid epoch balanced_accuracy: 0.511429
EPOCH 35:
VALIDATION
valid epoch balanced_accuracy: 0.614286
EPOCH 36:
VALIDATION
valid epoch balanced_accuracy: 0.521905
EPOCH 37:
VALIDATION
valid epoch balanced_accuracy: 0.630476
EPOCH 38:
VALIDATION
valid epoch balanced_accuracy: 0.559048
EPOCH 39:
VALIDATION
valid epoch balanced_accuracy: 0.640952
EPOCH 40:
VALIDATION
valid epoch balanced_accuracy: 0.540952
EPOCH 41:
VALIDATION
valid epoch balanced_accuracy: 0.573333
EPOCH 42:
VALIDATION
valid epoch balanced_accuracy: 0.635238
EPOCH 43:
VALIDATION
valid epoch balanced_accuracy: 0.568571
EPOCH 44:
VALIDATION
valid epoch balanced_accuracy: 0.623810
EPOCH 45:
VALIDATION
valid epoch balanced_accuracy: 0.606667
EPOCH 46:
VALIDATION
valid epoch balanced_accuracy: 0.567619
EPOCH 47:
VALIDATION
valid epoch balanced_accuracy: 0.629524
EPOCH 48:
VALIDATION
valid epoch balanced_accuracy: 0.562857
EPOCH 49:
VALIDATION
valid epoch balanced_accuracy: 0.549524
EPOCH 50:
VALIDATION
valid epoch balanced_accuracy: 0.560952
EPOCH 51:
VALIDATION
valid epoch balanced_accuracy: 0.500000
EPOCH 52:
VALIDATION
valid epoch balanced_accuracy: 0.541905
EPOCH 53:
VALIDATION
valid epoch balanced_accuracy: 0.589524
EPOCH 54:
VALIDATION
valid epoch balanced_accuracy: 0.524762
EPOCH 55:
VALIDATION
valid epoch balanced_accuracy: 0.527619
EPOCH 56:
VALIDATION
valid epoch balanced_accuracy: 0.547619
EPOCH 57:
VALIDATION
valid epoch balanced_accuracy: 0.569524
EPOCH 58:
VALIDATION
valid epoch balanced_accuracy: 0.542857
EPOCH 59:
VALIDATION
valid epoch balanced_accuracy: 0.595238
EPOCH 60:
VALIDATION
valid epoch balanced_accuracy: 0.554286
EPOCH 61:
VALIDATION
valid epoch balanced_accuracy: 0.580952
EPOCH 62:
VALIDATION
valid epoch balanced_accuracy: 0.607619
EPOCH 63:
VALIDATION
valid epoch balanced_accuracy: 0.582857
EPOCH 64:
VALIDATION
valid epoch balanced_accuracy: 0.543810
EPOCH 65:
VALIDATION
valid epoch balanced_accuracy: 0.611429
EPOCH 66:
VALIDATION
valid epoch balanced_accuracy: 0.673333
EPOCH 67:
VALIDATION
valid epoch balanced_accuracy: 0.598095
EPOCH 68:
VALIDATION
valid epoch balanced_accuracy: 0.533333
EPOCH 69:
VALIDATION
valid epoch balanced_accuracy: 0.633333
EPOCH 70:
VALIDATION
valid epoch balanced_accuracy: 0.558095
EPOCH 71:
VALIDATION
valid epoch balanced_accuracy: 0.626667
EPOCH 72:
VALIDATION
valid epoch balanced_accuracy: 0.637143
EPOCH 73:
VALIDATION
valid epoch balanced_accuracy: 0.597143
EPOCH 74:
VALIDATION
valid epoch balanced_accuracy: 0.639048
EPOCH 75:
VALIDATION
valid epoch balanced_accuracy: 0.632381
EPOCH 76:
VALIDATION
valid epoch balanced_accuracy: 0.642857
EPOCH 77:
VALIDATION
valid epoch balanced_accuracy: 0.619048
EPOCH 78:
VALIDATION
valid epoch balanced_accuracy: 0.624762
EPOCH 79:
VALIDATION
valid epoch balanced_accuracy: 0.623810
EPOCH 80:
VALIDATION
valid epoch balanced_accuracy: 0.614286
EPOCH 81:
VALIDATION
valid epoch balanced_accuracy: 0.616190
EPOCH 82:
VALIDATION
valid epoch balanced_accuracy: 0.603810
EPOCH 83:
VALIDATION
valid epoch balanced_accuracy: 0.608571
EPOCH 84:
VALIDATION
valid epoch balanced_accuracy: 0.616190
EPOCH 85:
VALIDATION
valid epoch balanced_accuracy: 0.609524
EPOCH 86:
VALIDATION
valid epoch balanced_accuracy: 0.615238
EPOCH 87:
VALIDATION
valid epoch balanced_accuracy: 0.628571
EPOCH 88:
VALIDATION
valid epoch balanced_accuracy: 0.610476
EPOCH 89:
VALIDATION
valid epoch balanced_accuracy: 0.592381
EPOCH 90:
VALIDATION
valid epoch balanced_accuracy: 0.621905
EPOCH 91:
VALIDATION
valid epoch balanced_accuracy: 0.590476
EPOCH 92:
VALIDATION
valid epoch balanced_accuracy: 0.634286
EPOCH 93:
VALIDATION
valid epoch balanced_accuracy: 0.603810
EPOCH 94:
VALIDATION
valid epoch balanced_accuracy: 0.618095
EPOCH 95:
VALIDATION
valid epoch balanced_accuracy: 0.607619
EPOCH 96:
VALIDATION
valid epoch balanced_accuracy: 0.591429
EPOCH 97:
VALIDATION
valid epoch balanced_accuracy: 0.633333
EPOCH 98:
VALIDATION
valid epoch balanced_accuracy: 0.636190
EPOCH 99:
VALIDATION
valid epoch balanced_accuracy: 0.403810
EPOCH 100:
VALIDATION
valid epoch balanced_accuracy: 0.438095
EPOCH 101:
VALIDATION
valid epoch balanced_accuracy: 0.417143
EPOCH 102:
VALIDATION
valid epoch balanced_accuracy: 0.473333
EPOCH 103:
VALIDATION
valid epoch balanced_accuracy: 0.539048
EPOCH 104:
VALIDATION
valid epoch balanced_accuracy: 0.471429
EPOCH 105:
VALIDATION
valid epoch balanced_accuracy: 0.479048
EPOCH 106:
VALIDATION
valid epoch balanced_accuracy: 0.466667
EPOCH 107:
VALIDATION
valid epoch balanced_accuracy: 0.485714
EPOCH 108:
VALIDATION
valid epoch balanced_accuracy: 0.507619
EPOCH 109:
VALIDATION
valid epoch balanced_accuracy: 0.514286
EPOCH 110:
VALIDATION
valid epoch balanced_accuracy: 0.500952
EPOCH 111:
VALIDATION
valid epoch balanced_accuracy: 0.519048
EPOCH 112:
VALIDATION
valid epoch balanced_accuracy: 0.510476
EPOCH 113:
VALIDATION
valid epoch balanced_accuracy: 0.511429
EPOCH 114:
VALIDATION
valid epoch balanced_accuracy: 0.489524
EPOCH 115:
VALIDATION
valid epoch balanced_accuracy: 0.501905
EPOCH 116:
VALIDATION
valid epoch balanced_accuracy: 0.516190
EPOCH 117:
VALIDATION
valid epoch balanced_accuracy: 0.504762
EPOCH 118:
VALIDATION
valid epoch balanced_accuracy: 0.492381
EPOCH 119:
VALIDATION
valid epoch balanced_accuracy: 0.494286
EPOCH 120:
VALIDATION
valid epoch balanced_accuracy: 0.494286
EPOCH 121:
VALIDATION
valid epoch balanced_accuracy: 0.498095
EPOCH 122:
VALIDATION
valid epoch balanced_accuracy: 0.505714
EPOCH 123:
VALIDATION
valid epoch balanced_accuracy: 0.507619
EPOCH 124:
VALIDATION
valid epoch balanced_accuracy: 0.509524
EPOCH 125:
VALIDATION
valid epoch balanced_accuracy: 0.498095
EPOCH 126:
VALIDATION
valid epoch balanced_accuracy: 0.509524
EPOCH 127:
VALIDATION
valid epoch balanced_accuracy: 0.510476
EPOCH 128:
VALIDATION
valid epoch balanced_accuracy: 0.494286
EPOCH 129:
VALIDATION
valid epoch balanced_accuracy: 0.500952
EPOCH 130:
VALIDATION
valid epoch balanced_accuracy: 0.509524
EPOCH 131:
VALIDATION
valid epoch balanced_accuracy: 0.504762
EPOCH 132:
VALIDATION
valid epoch balanced_accuracy: 0.506667
EPOCH 133:
VALIDATION
valid epoch balanced_accuracy: 0.500952
EPOCH 134:
VALIDATION
valid epoch balanced_accuracy: 0.500952
EPOCH 135:
VALIDATION
valid epoch balanced_accuracy: 0.569524
EPOCH 136:
VALIDATION
valid epoch balanced_accuracy: 0.480952
EPOCH 137:
VALIDATION
valid epoch balanced_accuracy: 0.560952
EPOCH 138:
VALIDATION
valid epoch balanced_accuracy: 0.421905
EARLY STOPPING: rolling validation balanced accuracy did not improve for 60 epochs and validation loss increased over the same window.
accuracy: 0.650000
sensitivity: 0.656566
precision: 0.691489
specificity: 0.641975
IoU: 0.507812
FAR: 0.358025
F1: 0.673575
balanced_accuracy: 0.649270
loss: 1.523153
