=== GROUP: START | VARIANT: bbp_fa_bng_nps3mlp_dpt01_wd0001_gm_plm64_hid64_GRL_dp_rmpft | SEED: 0 | GPU: NVIDIA H200 | SLOT: 6 ===

number of parameters : 1287306
train : (1112, 12)
valid : (200, 12)
test : (200, 12)
class weights : [1.0, 1.0]
balanced batches : 70 per epoch covering all 1112 train rows, target 8 positive + 8 unlabeled
cache warmed : 35 proteins, 409 lipid encodings, 0 lipid graphs, 134 MiB
data extracted
EPOCH 1:
VALIDATION
valid epoch balanced_accuracy: 0.499750
EPOCH 2:
VALIDATION
valid epoch balanced_accuracy: 0.514301
EPOCH 3:
VALIDATION
valid epoch balanced_accuracy: 0.516802
EPOCH 4:
VALIDATION
valid epoch balanced_accuracy: 0.494899
EPOCH 5:
VALIDATION
valid epoch balanced_accuracy: 0.499950
EPOCH 6:
VALIDATION
valid epoch balanced_accuracy: 0.495400
EPOCH 7:
VALIDATION
valid epoch balanced_accuracy: 0.479148
EPOCH 8:
VALIDATION
valid epoch balanced_accuracy: 0.510751
EPOCH 9:
VALIDATION
valid epoch balanced_accuracy: 0.489949
EPOCH 10:
VALIDATION
valid epoch balanced_accuracy: 0.494999
EPOCH 11:
VALIDATION
valid epoch balanced_accuracy: 0.541254
EPOCH 12:
VALIDATION
valid epoch balanced_accuracy: 0.488649
EPOCH 13:
VALIDATION
valid epoch balanced_accuracy: 0.504700
EPOCH 14:
VALIDATION
valid epoch balanced_accuracy: 0.514701
EPOCH 15:
VALIDATION
valid epoch balanced_accuracy: 0.500050
EPOCH 16:
VALIDATION
valid epoch balanced_accuracy: 0.494899
EPOCH 17:
VALIDATION
valid epoch balanced_accuracy: 0.544004
EPOCH 18:
VALIDATION
valid epoch balanced_accuracy: 0.565307
EPOCH 19:
VALIDATION
valid epoch balanced_accuracy: 0.606711
EPOCH 20:
VALIDATION
valid epoch balanced_accuracy: 0.544104
EPOCH 21:
VALIDATION
valid epoch balanced_accuracy: 0.550055
EPOCH 22:
VALIDATION
valid epoch balanced_accuracy: 0.535304
EPOCH 23:
VALIDATION
valid epoch balanced_accuracy: 0.552955
EPOCH 24:
VALIDATION
valid epoch balanced_accuracy: 0.556006
EPOCH 25:
VALIDATION
valid epoch balanced_accuracy: 0.545105
EPOCH 26:
VALIDATION
valid epoch balanced_accuracy: 0.500450
EPOCH 27:
VALIDATION
valid epoch balanced_accuracy: 0.485699
EPOCH 28:
VALIDATION
valid epoch balanced_accuracy: 0.490149
EPOCH 29:
VALIDATION
valid epoch balanced_accuracy: 0.509651
EPOCH 30:
VALIDATION
valid epoch balanced_accuracy: 0.506101
EPOCH 31:
VALIDATION
valid epoch balanced_accuracy: 0.545805
EPOCH 32:
VALIDATION
valid epoch balanced_accuracy: 0.452145
EPOCH 33:
VALIDATION
valid epoch balanced_accuracy: 0.487499
EPOCH 34:
VALIDATION
valid epoch balanced_accuracy: 0.510651
EPOCH 35:
VALIDATION
valid epoch balanced_accuracy: 0.487699
EPOCH 36:
VALIDATION
valid epoch balanced_accuracy: 0.446395
EPOCH 37:
VALIDATION
valid epoch balanced_accuracy: 0.489749
EPOCH 38:
VALIDATION
valid epoch balanced_accuracy: 0.486599
EPOCH 39:
VALIDATION
valid epoch balanced_accuracy: 0.465697
EPOCH 40:
VALIDATION
valid epoch balanced_accuracy: 0.476598
EPOCH 41:
VALIDATION
valid epoch balanced_accuracy: 0.507301
EPOCH 42:
VALIDATION
valid epoch balanced_accuracy: 0.501650
EPOCH 43:
VALIDATION
valid epoch balanced_accuracy: 0.517102
EPOCH 44:
VALIDATION
valid epoch balanced_accuracy: 0.507101
EPOCH 45:
VALIDATION
valid epoch balanced_accuracy: 0.445595
EPOCH 46:
VALIDATION
valid epoch balanced_accuracy: 0.502850
EPOCH 47:
VALIDATION
valid epoch balanced_accuracy: 0.501650
EPOCH 48:
VALIDATION
valid epoch balanced_accuracy: 0.501950
EPOCH 49:
VALIDATION
valid epoch balanced_accuracy: 0.502750
EPOCH 50:
VALIDATION
valid epoch balanced_accuracy: 0.542654
EPOCH 51:
VALIDATION
valid epoch balanced_accuracy: 0.476498
EPOCH 52:
VALIDATION
valid epoch balanced_accuracy: 0.522452
EPOCH 53:
VALIDATION
valid epoch balanced_accuracy: 0.521252
EPOCH 54:
VALIDATION
valid epoch balanced_accuracy: 0.502550
EPOCH 55:
VALIDATION
valid epoch balanced_accuracy: 0.517202
EPOCH 56:
VALIDATION
valid epoch balanced_accuracy: 0.527703
EPOCH 57:
VALIDATION
valid epoch balanced_accuracy: 0.527403
EPOCH 58:
VALIDATION
valid epoch balanced_accuracy: 0.466097
EPOCH 59:
VALIDATION
valid epoch balanced_accuracy: 0.542654
EPOCH 60:
VALIDATION
valid epoch balanced_accuracy: 0.496700
EPOCH 61:
VALIDATION
valid epoch balanced_accuracy: 0.481948
EPOCH 62:
VALIDATION
valid epoch balanced_accuracy: 0.537504
EPOCH 63:
VALIDATION
valid epoch balanced_accuracy: 0.476598
EPOCH 64:
VALIDATION
valid epoch balanced_accuracy: 0.462446
EPOCH 65:
VALIDATION
valid epoch balanced_accuracy: 0.532253
EPOCH 66:
VALIDATION
valid epoch balanced_accuracy: 0.476498
EPOCH 67:
VALIDATION
valid epoch balanced_accuracy: 0.481648
EPOCH 68:
VALIDATION
valid epoch balanced_accuracy: 0.481348
EPOCH 69:
VALIDATION
valid epoch balanced_accuracy: 0.547305
EPOCH 70:
VALIDATION
valid epoch balanced_accuracy: 0.461446
EPOCH 71:
VALIDATION
valid epoch balanced_accuracy: 0.476398
EPOCH 72:
VALIDATION
valid epoch balanced_accuracy: 0.542354
EPOCH 73:
VALIDATION
valid epoch balanced_accuracy: 0.562656
EPOCH 74:
VALIDATION
valid epoch balanced_accuracy: 0.512051
EPOCH 75:
VALIDATION
valid epoch balanced_accuracy: 0.471747
EPOCH 76:
VALIDATION
valid epoch balanced_accuracy: 0.506601
EPOCH 77:
VALIDATION
valid epoch balanced_accuracy: 0.547405
EPOCH 78:
VALIDATION
valid epoch balanced_accuracy: 0.456396
EPOCH 79:
VALIDATION
valid epoch balanced_accuracy: 0.516902
EPOCH 80:
VALIDATION
valid epoch balanced_accuracy: 0.496700
EPOCH 81:
VALIDATION
valid epoch balanced_accuracy: 0.491449
EPOCH 82:
VALIDATION
valid epoch balanced_accuracy: 0.542454
EPOCH 83:
VALIDATION
valid epoch balanced_accuracy: 0.491449
EPOCH 84:
VALIDATION
valid epoch balanced_accuracy: 0.456296
EPOCH 85:
VALIDATION
valid epoch balanced_accuracy: 0.516902
EPOCH 86:
VALIDATION
valid epoch balanced_accuracy: 0.547505
EPOCH 87:
VALIDATION
valid epoch balanced_accuracy: 0.572357
EPOCH 88:
VALIDATION
valid epoch balanced_accuracy: 0.527003
EPOCH 89:
VALIDATION
valid epoch balanced_accuracy: 0.496700
EPOCH 90:
VALIDATION
valid epoch balanced_accuracy: 0.496600
EPOCH 91:
VALIDATION
valid epoch balanced_accuracy: 0.457196
EPOCH 92:
VALIDATION
valid epoch balanced_accuracy: 0.496700
EPOCH 93:
VALIDATION
valid epoch balanced_accuracy: 0.451245
EPOCH 94:
VALIDATION
valid epoch balanced_accuracy: 0.497200
EPOCH 95:
VALIDATION
valid epoch balanced_accuracy: 0.451645
EPOCH 96:
VALIDATION
valid epoch balanced_accuracy: 0.562956
EPOCH 97:
VALIDATION
valid epoch balanced_accuracy: 0.451645
EPOCH 98:
VALIDATION
valid epoch balanced_accuracy: 0.466597
EPOCH 99:
VALIDATION
valid epoch balanced_accuracy: 0.527203
EPOCH 100:
VALIDATION
valid epoch balanced_accuracy: 0.436594
EPOCH 101:
VALIDATION
valid epoch balanced_accuracy: 0.431443
EPOCH 102:
VALIDATION
valid epoch balanced_accuracy: 0.481948
EPOCH 103:
VALIDATION
valid epoch balanced_accuracy: 0.497400
EPOCH 104:
VALIDATION
valid epoch balanced_accuracy: 0.486399
EPOCH 105:
VALIDATION
valid epoch balanced_accuracy: 0.451645
EPOCH 106:
VALIDATION
valid epoch balanced_accuracy: 0.496700
EPOCH 107:
VALIDATION
valid epoch balanced_accuracy: 0.441844
EPOCH 108:
VALIDATION
valid epoch balanced_accuracy: 0.486599
EPOCH 109:
VALIDATION
valid epoch balanced_accuracy: 0.471347
EPOCH 110:
VALIDATION
valid epoch balanced_accuracy: 0.481448
EPOCH 111:
VALIDATION
valid epoch balanced_accuracy: 0.446495
EPOCH 112:
VALIDATION
valid epoch balanced_accuracy: 0.461146
EPOCH 113:
VALIDATION
valid epoch balanced_accuracy: 0.446195
EPOCH 114:
VALIDATION
valid epoch balanced_accuracy: 0.441244
EPOCH 115:
VALIDATION
valid epoch balanced_accuracy: 0.446195
EPOCH 116:
VALIDATION
valid epoch balanced_accuracy: 0.466197
EPOCH 117:
VALIDATION
valid epoch balanced_accuracy: 0.537504
EPOCH 118:
VALIDATION
valid epoch balanced_accuracy: 0.461146
EPOCH 119:
VALIDATION
valid epoch balanced_accuracy: 0.496600
EPOCH 120:
VALIDATION
valid epoch balanced_accuracy: 0.452045
EPOCH 121:
VALIDATION
valid epoch balanced_accuracy: 0.451045
EPOCH 122:
VALIDATION
valid epoch balanced_accuracy: 0.456096
EPOCH 123:
VALIDATION
valid epoch balanced_accuracy: 0.446495
EPOCH 124:
VALIDATION
valid epoch balanced_accuracy: 0.481448
EPOCH 125:
VALIDATION
valid epoch balanced_accuracy: 0.461146
EPOCH 126:
VALIDATION
valid epoch balanced_accuracy: 0.466197
EPOCH 127:
VALIDATION
valid epoch balanced_accuracy: 0.502550
EPOCH 128:
VALIDATION
valid epoch balanced_accuracy: 0.461046
EPOCH 129:
VALIDATION
valid epoch balanced_accuracy: 0.481348
EPOCH 130:
VALIDATION
valid epoch balanced_accuracy: 0.506601
EPOCH 131:
VALIDATION
valid epoch balanced_accuracy: 0.506601
EPOCH 132:
VALIDATION
valid epoch balanced_accuracy: 0.476398
EPOCH 133:
VALIDATION
valid epoch balanced_accuracy: 0.465997
EPOCH 134:
VALIDATION
valid epoch balanced_accuracy: 0.496700
EPOCH 135:
VALIDATION
valid epoch balanced_accuracy: 0.491349
EPOCH 136:
VALIDATION
valid epoch balanced_accuracy: 0.465897
EPOCH 137:
VALIDATION
valid epoch balanced_accuracy: 0.471347
EPOCH 138:
VALIDATION
valid epoch balanced_accuracy: 0.486299
EPOCH 139:
VALIDATION
valid epoch balanced_accuracy: 0.486399
EPOCH 140:
VALIDATION
valid epoch balanced_accuracy: 0.460846
EPOCH 141:
VALIDATION
valid epoch balanced_accuracy: 0.501750
EPOCH 142:
VALIDATION
valid epoch balanced_accuracy: 0.501450
EPOCH 143:
VALIDATION
valid epoch balanced_accuracy: 0.466297
EPOCH 144:
VALIDATION
valid epoch balanced_accuracy: 0.471147
EPOCH 145:
VALIDATION
valid epoch balanced_accuracy: 0.481148
EPOCH 146:
VALIDATION
valid epoch balanced_accuracy: 0.486399
EPOCH 147:
VALIDATION
valid epoch balanced_accuracy: 0.532453
EPOCH 148:
VALIDATION
valid epoch balanced_accuracy: 0.476198
EPOCH 149:
VALIDATION
valid epoch balanced_accuracy: 0.476398
EPOCH 150:
VALIDATION
valid epoch balanced_accuracy: 0.466097
accuracy: 0.545000
sensitivity: 0.585859
precision: 0.537037
specificity: 0.504950
IoU: 0.389262
FAR: 0.495050
F1: 0.560386
balanced_accuracy: 0.545405
loss: 0.870657
