Waiting for exclusive access to GPU GPU-03552530-e0ea-aba8-6e58-1c63bbaea5f4.
=== GROUP: START | VARIANT: nps3mlp_dpt01_gm_balanced_family | SEED: 0 | GPU: Tesla V100-SXM2-32GB ===

number of parameters : 1403984
train : (1112, 12)
valid : (200, 12)
test : (200, 12)
class weights : [1.0, 1.0]
data extracted
EPOCH 1:
VALIDATION
valid epoch balanced_accuracy: 0.484848
EPOCH 2:
VALIDATION
valid epoch balanced_accuracy: 0.443044
EPOCH 3:
VALIDATION
valid epoch balanced_accuracy: 0.472797
EPOCH 4:
VALIDATION
valid epoch balanced_accuracy: 0.452895
EPOCH 5:
VALIDATION
valid epoch balanced_accuracy: 0.454795
EPOCH 6:
VALIDATION
valid epoch balanced_accuracy: 0.443794
EPOCH 7:
VALIDATION
valid epoch balanced_accuracy: 0.477948
EPOCH 8:
VALIDATION
valid epoch balanced_accuracy: 0.463496
EPOCH 9:
VALIDATION
valid epoch balanced_accuracy: 0.616112
EPOCH 10:
VALIDATION
valid epoch balanced_accuracy: 0.451045
EPOCH 11:
VALIDATION
valid epoch balanced_accuracy: 0.431843
EPOCH 12:
VALIDATION
valid epoch balanced_accuracy: 0.417692
EPOCH 13:
VALIDATION
valid epoch balanced_accuracy: 0.410941
EPOCH 14:
VALIDATION
valid epoch balanced_accuracy: 0.433043
EPOCH 15:
VALIDATION
valid epoch balanced_accuracy: 0.451345
EPOCH 16:
VALIDATION
valid epoch balanced_accuracy: 0.457896
EPOCH 17:
VALIDATION
valid epoch balanced_accuracy: 0.435694
EPOCH 18:
VALIDATION
valid epoch balanced_accuracy: 0.477898
EPOCH 19:
VALIDATION
valid epoch balanced_accuracy: 0.447095
EPOCH 20:
VALIDATION
valid epoch balanced_accuracy: 0.495600
EPOCH 21:
VALIDATION
valid epoch balanced_accuracy: 0.442744
EPOCH 22:
VALIDATION
valid epoch balanced_accuracy: 0.386089
EPOCH 23:
VALIDATION
valid epoch balanced_accuracy: 0.410841
EPOCH 24:
VALIDATION
valid epoch balanced_accuracy: 0.398490
EPOCH 25:
VALIDATION
valid epoch balanced_accuracy: 0.427093
EPOCH 26:
VALIDATION
valid epoch balanced_accuracy: 0.401240
EPOCH 27:
VALIDATION
valid epoch balanced_accuracy: 0.452345
EPOCH 28:
VALIDATION
valid epoch balanced_accuracy: 0.482648
EPOCH 29:
VALIDATION
valid epoch balanced_accuracy: 0.467197
EPOCH 30:
VALIDATION
valid epoch balanced_accuracy: 0.434993
EPOCH 31:
VALIDATION
valid epoch balanced_accuracy: 0.485099
EPOCH 32:
VALIDATION
valid epoch balanced_accuracy: 0.476498
EPOCH 33:
VALIDATION
valid epoch balanced_accuracy: 0.382138
EPOCH 34:
VALIDATION
valid epoch balanced_accuracy: 0.481948
EPOCH 35:
VALIDATION
valid epoch balanced_accuracy: 0.461946
EPOCH 36:
VALIDATION
valid epoch balanced_accuracy: 0.381738
EPOCH 37:
VALIDATION
valid epoch balanced_accuracy: 0.441444
EPOCH 38:
VALIDATION
valid epoch balanced_accuracy: 0.448095
EPOCH 39:
VALIDATION
valid epoch balanced_accuracy: 0.476298
EPOCH 40:
VALIDATION
valid epoch balanced_accuracy: 0.496200
EPOCH 41:
VALIDATION
valid epoch balanced_accuracy: 0.466997
EPOCH 42:
VALIDATION
valid epoch balanced_accuracy: 0.499550
EPOCH 43:
VALIDATION
valid epoch balanced_accuracy: 0.501050
EPOCH 44:
VALIDATION
valid epoch balanced_accuracy: 0.490549
EPOCH 45:
VALIDATION
valid epoch balanced_accuracy: 0.432443
EPOCH 46:
VALIDATION
valid epoch balanced_accuracy: 0.515602
EPOCH 47:
VALIDATION
valid epoch balanced_accuracy: 0.510951
EPOCH 48:
VALIDATION
valid epoch balanced_accuracy: 0.502150
EPOCH 49:
VALIDATION
valid epoch balanced_accuracy: 0.512351
EPOCH 50:
VALIDATION
valid epoch balanced_accuracy: 0.437494
EPOCH 51:
VALIDATION
valid epoch balanced_accuracy: 0.542254
EPOCH 52:
VALIDATION
valid epoch balanced_accuracy: 0.467797
EPOCH 53:
VALIDATION
valid epoch balanced_accuracy: 0.492349
EPOCH 54:
VALIDATION
valid epoch balanced_accuracy: 0.476998
EPOCH 55:
VALIDATION
valid epoch balanced_accuracy: 0.482748
EPOCH 56:
VALIDATION
valid epoch balanced_accuracy: 0.440844
EPOCH 57:
VALIDATION
valid epoch balanced_accuracy: 0.406091
EPOCH 58:
VALIDATION
valid epoch balanced_accuracy: 0.416892
EPOCH 59:
VALIDATION
valid epoch balanced_accuracy: 0.450745
EPOCH 60:
VALIDATION
valid epoch balanced_accuracy: 0.472647
EPOCH 61:
VALIDATION
valid epoch balanced_accuracy: 0.486799
EPOCH 62:
VALIDATION
valid epoch balanced_accuracy: 0.477598
EPOCH 63:
VALIDATION
valid epoch balanced_accuracy: 0.500850
EPOCH 64:
VALIDATION
valid epoch balanced_accuracy: 0.447895
EPOCH 65:
VALIDATION
valid epoch balanced_accuracy: 0.433143
EPOCH 66:
VALIDATION
valid epoch balanced_accuracy: 0.510951
EPOCH 67:
VALIDATION
valid epoch balanced_accuracy: 0.541454
EPOCH 68:
VALIDATION
valid epoch balanced_accuracy: 0.484998
EPOCH 69:
VALIDATION
valid epoch balanced_accuracy: 0.486699
EPOCH 70:
VALIDATION
valid epoch balanced_accuracy: 0.501350
EPOCH 71:
VALIDATION
valid epoch balanced_accuracy: 0.470947
EPOCH 72:
VALIDATION
valid epoch balanced_accuracy: 0.381338
EPOCH 73:
VALIDATION
valid epoch balanced_accuracy: 0.456996
EPOCH 74:
VALIDATION
valid epoch balanced_accuracy: 0.467197
EPOCH 75:
VALIDATION
valid epoch balanced_accuracy: 0.467697
EPOCH 76:
VALIDATION
valid epoch balanced_accuracy: 0.471247
EPOCH 77:
VALIDATION
valid epoch balanced_accuracy: 0.467197
EPOCH 78:
VALIDATION
valid epoch balanced_accuracy: 0.456396
EPOCH 79:
VALIDATION
valid epoch balanced_accuracy: 0.417692
EPOCH 80:
VALIDATION
valid epoch balanced_accuracy: 0.476398
EPOCH 81:
VALIDATION
valid epoch balanced_accuracy: 0.437594
EPOCH 82:
VALIDATION
valid epoch balanced_accuracy: 0.496500
EPOCH 83:
VALIDATION
valid epoch balanced_accuracy: 0.497200
EPOCH 84:
VALIDATION
valid epoch balanced_accuracy: 0.511251
EPOCH 85:
VALIDATION
valid epoch balanced_accuracy: 0.502050
EPOCH 86:
VALIDATION
valid epoch balanced_accuracy: 0.471447
EPOCH 87:
VALIDATION
valid epoch balanced_accuracy: 0.476798
EPOCH 88:
VALIDATION
valid epoch balanced_accuracy: 0.471247
EPOCH 89:
VALIDATION
valid epoch balanced_accuracy: 0.501550
EPOCH 90:
VALIDATION
valid epoch balanced_accuracy: 0.418392
EPOCH 91:
VALIDATION
valid epoch balanced_accuracy: 0.442444
EPOCH 92:
VALIDATION
valid epoch balanced_accuracy: 0.476798
EPOCH 93:
VALIDATION
valid epoch balanced_accuracy: 0.455796
EPOCH 94:
VALIDATION
valid epoch balanced_accuracy: 0.501850
EPOCH 95:
VALIDATION
valid epoch balanced_accuracy: 0.502050
EPOCH 96:
VALIDATION
valid epoch balanced_accuracy: 0.461146
EPOCH 97:
VALIDATION
valid epoch balanced_accuracy: 0.452745
EPOCH 98:
VALIDATION
valid epoch balanced_accuracy: 0.496700
EPOCH 99:
VALIDATION
valid epoch balanced_accuracy: 0.462146
EPOCH 100:
VALIDATION
valid epoch balanced_accuracy: 0.447695
EPOCH 101:
VALIDATION
valid epoch balanced_accuracy: 0.546805
EPOCH 102:
VALIDATION
valid epoch balanced_accuracy: 0.491249
EPOCH 103:
VALIDATION
valid epoch balanced_accuracy: 0.536504
EPOCH 104:
VALIDATION
valid epoch balanced_accuracy: 0.526703
EPOCH 105:
VALIDATION
valid epoch balanced_accuracy: 0.536204
EPOCH 106:
VALIDATION
valid epoch balanced_accuracy: 0.512051
EPOCH 107:
VALIDATION
valid epoch balanced_accuracy: 0.527003
EPOCH 108:
VALIDATION
valid epoch balanced_accuracy: 0.507101
EPOCH 109:
VALIDATION
valid epoch balanced_accuracy: 0.448395
EPOCH 110:
VALIDATION
valid epoch balanced_accuracy: 0.487299
EPOCH 111:
VALIDATION
valid epoch balanced_accuracy: 0.526903
EPOCH 112:
VALIDATION
valid epoch balanced_accuracy: 0.422542
EPOCH 113:
VALIDATION
valid epoch balanced_accuracy: 0.481848
EPOCH 114:
VALIDATION
valid epoch balanced_accuracy: 0.482148
EPOCH 115:
VALIDATION
valid epoch balanced_accuracy: 0.496500
EPOCH 116:
VALIDATION
valid epoch balanced_accuracy: 0.492149
EPOCH 117:
VALIDATION
valid epoch balanced_accuracy: 0.457296
EPOCH 118:
VALIDATION
valid epoch balanced_accuracy: 0.462346
EPOCH 119:
VALIDATION
valid epoch balanced_accuracy: 0.521652
EPOCH 120:
VALIDATION
valid epoch balanced_accuracy: 0.491449
EPOCH 121:
VALIDATION
valid epoch balanced_accuracy: 0.486199
EPOCH 122:
VALIDATION
valid epoch balanced_accuracy: 0.496800
EPOCH 123:
VALIDATION
valid epoch balanced_accuracy: 0.501750
EPOCH 124:
VALIDATION
valid epoch balanced_accuracy: 0.506201
EPOCH 125:
VALIDATION
valid epoch balanced_accuracy: 0.497400
EPOCH 126:
VALIDATION
valid epoch balanced_accuracy: 0.444044
EPOCH 127:
VALIDATION
valid epoch balanced_accuracy: 0.531453
EPOCH 128:
VALIDATION
valid epoch balanced_accuracy: 0.486799
EPOCH 129:
VALIDATION
valid epoch balanced_accuracy: 0.486699
EPOCH 130:
VALIDATION
valid epoch balanced_accuracy: 0.477298
EPOCH 131:
VALIDATION
valid epoch balanced_accuracy: 0.511351
EPOCH 132:
VALIDATION
valid epoch balanced_accuracy: 0.526203
EPOCH 133:
VALIDATION
valid epoch balanced_accuracy: 0.516802
EPOCH 134:
VALIDATION
valid epoch balanced_accuracy: 0.491849
EPOCH 135:
VALIDATION
valid epoch balanced_accuracy: 0.492049
EPOCH 136:
VALIDATION
valid epoch balanced_accuracy: 0.511251
EPOCH 137:
VALIDATION
valid epoch balanced_accuracy: 0.500250
EPOCH 138:
VALIDATION
valid epoch balanced_accuracy: 0.521652
EPOCH 139:
VALIDATION
valid epoch balanced_accuracy: 0.413041
EPOCH 140:
VALIDATION
valid epoch balanced_accuracy: 0.446995
EPOCH 141:
VALIDATION
valid epoch balanced_accuracy: 0.551555
EPOCH 142:
VALIDATION
valid epoch balanced_accuracy: 0.481248
EPOCH 143:
VALIDATION
valid epoch balanced_accuracy: 0.531553
EPOCH 144:
VALIDATION
valid epoch balanced_accuracy: 0.496900
EPOCH 145:
VALIDATION
valid epoch balanced_accuracy: 0.512251
EPOCH 146:
VALIDATION
valid epoch balanced_accuracy: 0.506901
EPOCH 147:
VALIDATION
valid epoch balanced_accuracy: 0.501550
EPOCH 148:
VALIDATION
valid epoch balanced_accuracy: 0.492049
EPOCH 149:
VALIDATION
valid epoch balanced_accuracy: 0.486699
EPOCH 150:
VALIDATION
valid epoch balanced_accuracy: 0.496400
accuracy: 0.575000
sensitivity: 0.333333
precision: 0.634615
specificity: 0.811881
IoU: 0.279661
FAR: 0.188119
F1: 0.437086
balanced_accuracy: 0.572607
loss: 3.526224
