
number of parameters : 1279114
/home/kalinina/ltp/DL_project/dataloader/New_dataloader.py:333: UserWarning: The given NumPy array is not writable, and PyTorch does not support non-writable tensors. This means writing to this tensor will result in undefined behavior. You may want to copy the array to protect its data or make it writable before converting it to a tensor. This type of warning will be suppressed for the rest of this program. (Triggered internally at /pytorch/torch/csrc/utils/tensor_numpy.cpp:213.)
  self.train_orig_indexes = torch.as_tensor(self.csvtrain["_tanimoto_orig_idx"].values, dtype=torch.long)
train : (1104, 12)
valid : (204, 12)
test : (204, 12)
class weights : [1.0, 1.0]
balanced batches : 69 per epoch covering all 1104 train rows, target 8 positive + 8 unlabeled
cache warmed : 35 proteins, 409 lipid encodings, 0 lipid graphs, 131 MiB
data extracted
EPOCH 1:
VALIDATION
valid epoch balanced_accuracy: 0.368269
EPOCH 2:
VALIDATION
valid epoch balanced_accuracy: 0.364038
EPOCH 3:
VALIDATION
valid epoch balanced_accuracy: 0.364038
EPOCH 4:
VALIDATION
valid epoch balanced_accuracy: 0.450577
EPOCH 5:
VALIDATION
valid epoch balanced_accuracy: 0.416346
EPOCH 6:
VALIDATION
valid epoch balanced_accuracy: 0.477308
EPOCH 7:
VALIDATION
valid epoch balanced_accuracy: 0.559615
EPOCH 8:
VALIDATION
valid epoch balanced_accuracy: 0.537885
EPOCH 9:
VALIDATION
valid epoch balanced_accuracy: 0.547885
EPOCH 10:
VALIDATION
valid epoch balanced_accuracy: 0.553654
EPOCH 11:
VALIDATION
valid epoch balanced_accuracy: 0.591731
EPOCH 12:
VALIDATION
valid epoch balanced_accuracy: 0.624231
EPOCH 13:
VALIDATION
valid epoch balanced_accuracy: 0.650577
EPOCH 14:
VALIDATION
valid epoch balanced_accuracy: 0.617308
EPOCH 15:
VALIDATION
valid epoch balanced_accuracy: 0.480769
EPOCH 16:
VALIDATION
valid epoch balanced_accuracy: 0.569615
EPOCH 17:
VALIDATION
valid epoch balanced_accuracy: 0.599808
EPOCH 18:
VALIDATION
valid epoch balanced_accuracy: 0.488269
EPOCH 19:
VALIDATION
valid epoch balanced_accuracy: 0.512115
EPOCH 20:
VALIDATION
valid epoch balanced_accuracy: 0.639231
EPOCH 21:
VALIDATION
valid epoch balanced_accuracy: 0.493654
EPOCH 22:
VALIDATION
valid epoch balanced_accuracy: 0.378462
EPOCH 23:
VALIDATION
valid epoch balanced_accuracy: 0.378462
EPOCH 24:
VALIDATION
valid epoch balanced_accuracy: 0.363462
EPOCH 25:
VALIDATION
valid epoch balanced_accuracy: 0.358269
EPOCH 26:
VALIDATION
valid epoch balanced_accuracy: 0.400000
EPOCH 27:
VALIDATION
valid epoch balanced_accuracy: 0.532692
EPOCH 28:
VALIDATION
valid epoch balanced_accuracy: 0.543654
EPOCH 29:
VALIDATION
valid epoch balanced_accuracy: 0.387885
EPOCH 30:
VALIDATION
valid epoch balanced_accuracy: 0.358462
EPOCH 31:
VALIDATION
valid epoch balanced_accuracy: 0.359231
EPOCH 32:
VALIDATION
valid epoch balanced_accuracy: 0.368462
EPOCH 33:
VALIDATION
valid epoch balanced_accuracy: 0.359231
EPOCH 34:
VALIDATION
valid epoch balanced_accuracy: 0.333462
EPOCH 35:
VALIDATION
valid epoch balanced_accuracy: 0.345192
EPOCH 36:
VALIDATION
valid epoch balanced_accuracy: 0.359423
EPOCH 37:
VALIDATION
valid epoch balanced_accuracy: 0.354615
EPOCH 38:
VALIDATION
valid epoch balanced_accuracy: 0.335000
EPOCH 39:
VALIDATION
valid epoch balanced_accuracy: 0.375577
EPOCH 40:
VALIDATION
valid epoch balanced_accuracy: 0.345385
EPOCH 41:
VALIDATION
valid epoch balanced_accuracy: 0.334231
EPOCH 42:
VALIDATION
valid epoch balanced_accuracy: 0.329231
EPOCH 43:
VALIDATION
valid epoch balanced_accuracy: 0.349423
EPOCH 44:
VALIDATION
valid epoch balanced_accuracy: 0.379423
EPOCH 45:
VALIDATION
valid epoch balanced_accuracy: 0.340385
EPOCH 46:
VALIDATION
valid epoch balanced_accuracy: 0.349808
EPOCH 47:
VALIDATION
valid epoch balanced_accuracy: 0.324808
EPOCH 48:
VALIDATION
valid epoch balanced_accuracy: 0.300962
EPOCH 49:
VALIDATION
valid epoch balanced_accuracy: 0.355769
EPOCH 50:
VALIDATION
valid epoch balanced_accuracy: 0.349808
EPOCH 51:
VALIDATION
valid epoch balanced_accuracy: 0.345000
EPOCH 52:
VALIDATION
valid epoch balanced_accuracy: 0.339231
EPOCH 53:
VALIDATION
valid epoch balanced_accuracy: 0.349423
EPOCH 54:
VALIDATION
valid epoch balanced_accuracy: 0.360192
EPOCH 55:
VALIDATION
valid epoch balanced_accuracy: 0.339615
EPOCH 56:
VALIDATION
valid epoch balanced_accuracy: 0.431154
EPOCH 57:
VALIDATION
valid epoch balanced_accuracy: 0.343654
EPOCH 58:
VALIDATION
valid epoch balanced_accuracy: 0.374808
EPOCH 59:
VALIDATION
valid epoch balanced_accuracy: 0.365192
EPOCH 60:
VALIDATION
valid epoch balanced_accuracy: 0.386923
EPOCH 61:
VALIDATION
valid epoch balanced_accuracy: 0.391923
EPOCH 62:
VALIDATION
valid epoch balanced_accuracy: 0.475000
EPOCH 63:
VALIDATION
valid epoch balanced_accuracy: 0.349615
EPOCH 64:
VALIDATION
valid epoch balanced_accuracy: 0.344038
EPOCH 65:
VALIDATION
valid epoch balanced_accuracy: 0.324615
EPOCH 66:
VALIDATION
valid epoch balanced_accuracy: 0.339038
EPOCH 67:
VALIDATION
valid epoch balanced_accuracy: 0.330769
EPOCH 68:
VALIDATION
valid epoch balanced_accuracy: 0.344231
EPOCH 69:
VALIDATION
valid epoch balanced_accuracy: 0.329808
EPOCH 70:
VALIDATION
valid epoch balanced_accuracy: 0.330192
EPOCH 71:
VALIDATION
valid epoch balanced_accuracy: 0.325577
EPOCH 72:
VALIDATION
valid epoch balanced_accuracy: 0.359231
EPOCH 73:
VALIDATION
valid epoch balanced_accuracy: 0.374615
EPOCH 74:
VALIDATION
valid epoch balanced_accuracy: 0.324615
EPOCH 75:
VALIDATION
valid epoch balanced_accuracy: 0.379808
EPOCH 76:
VALIDATION
valid epoch balanced_accuracy: 0.374423
EPOCH 77:
VALIDATION
valid epoch balanced_accuracy: 0.344038
EPOCH 78:
VALIDATION
valid epoch balanced_accuracy: 0.340192
EPOCH 79:
VALIDATION
valid epoch balanced_accuracy: 0.318846
EPOCH 80:
VALIDATION
valid epoch balanced_accuracy: 0.319615
EPOCH 81:
VALIDATION
valid epoch balanced_accuracy: 0.375385
EPOCH 82:
VALIDATION
valid epoch balanced_accuracy: 0.336154
EPOCH 83:
VALIDATION
valid epoch balanced_accuracy: 0.400769
EPOCH 84:
VALIDATION
valid epoch balanced_accuracy: 0.354808
EPOCH 85:
VALIDATION
valid epoch balanced_accuracy: 0.364808
EPOCH 86:
VALIDATION
valid epoch balanced_accuracy: 0.330769
EPOCH 87:
VALIDATION
valid epoch balanced_accuracy: 0.397308
EPOCH 88:
VALIDATION
valid epoch balanced_accuracy: 0.393654
EPOCH 89:
VALIDATION
valid epoch balanced_accuracy: 0.370577
EPOCH 90:
VALIDATION
valid epoch balanced_accuracy: 0.494808
EPOCH 91:
VALIDATION
valid epoch balanced_accuracy: 0.368846
EPOCH 92:
VALIDATION
valid epoch balanced_accuracy: 0.348077
EPOCH 93:
VALIDATION
valid epoch balanced_accuracy: 0.319231
EPOCH 94:
VALIDATION
valid epoch balanced_accuracy: 0.335769
EPOCH 95:
VALIDATION
valid epoch balanced_accuracy: 0.470769
EPOCH 96:
VALIDATION
valid epoch balanced_accuracy: 0.359615
EPOCH 97:
VALIDATION
valid epoch balanced_accuracy: 0.346346
EPOCH 98:
VALIDATION
valid epoch balanced_accuracy: 0.320769
EPOCH 99:
VALIDATION
valid epoch balanced_accuracy: 0.369615
EPOCH 100:
VALIDATION
valid epoch balanced_accuracy: 0.355192
EPOCH 101:
VALIDATION
valid epoch balanced_accuracy: 0.478269
EPOCH 102:
VALIDATION
valid epoch balanced_accuracy: 0.396346
EPOCH 103:
VALIDATION
valid epoch balanced_accuracy: 0.405000
EPOCH 104:
VALIDATION
valid epoch balanced_accuracy: 0.354808
EPOCH 105:
VALIDATION
valid epoch balanced_accuracy: 0.351154
EPOCH 106:
VALIDATION
valid epoch balanced_accuracy: 0.341346
EPOCH 107:
VALIDATION
valid epoch balanced_accuracy: 0.359808
EPOCH 108:
VALIDATION
valid epoch balanced_accuracy: 0.344615
EPOCH 109:
VALIDATION
valid epoch balanced_accuracy: 0.358462
EPOCH 110:
VALIDATION
valid epoch balanced_accuracy: 0.427500
EPOCH 111:
VALIDATION
valid epoch balanced_accuracy: 0.351346
EPOCH 112:
VALIDATION
valid epoch balanced_accuracy: 0.354808
EPOCH 113:
VALIDATION
valid epoch balanced_accuracy: 0.335000
EPOCH 114:
VALIDATION
valid epoch balanced_accuracy: 0.395962
EPOCH 115:
VALIDATION
valid epoch balanced_accuracy: 0.390385
EPOCH 116:
VALIDATION
valid epoch balanced_accuracy: 0.355769
EPOCH 117:
VALIDATION
valid epoch balanced_accuracy: 0.596538
EPOCH 118:
VALIDATION
valid epoch balanced_accuracy: 0.335577
EPOCH 119:
VALIDATION
valid epoch balanced_accuracy: 0.405769
EPOCH 120:
VALIDATION
valid epoch balanced_accuracy: 0.350577
EPOCH 121:
VALIDATION
valid epoch balanced_accuracy: 0.360385
EPOCH 122:
VALIDATION
valid epoch balanced_accuracy: 0.351538
EPOCH 123:
VALIDATION
valid epoch balanced_accuracy: 0.370962
EPOCH 124:
VALIDATION
valid epoch balanced_accuracy: 0.432308
EPOCH 125:
VALIDATION
valid epoch balanced_accuracy: 0.369231
EPOCH 126:
VALIDATION
valid epoch balanced_accuracy: 0.371346
EPOCH 127:
VALIDATION
valid epoch balanced_accuracy: 0.373269
EPOCH 128:
VALIDATION
valid epoch balanced_accuracy: 0.375192
EPOCH 129:
VALIDATION
valid epoch balanced_accuracy: 0.452885
EPOCH 130:
VALIDATION
valid epoch balanced_accuracy: 0.335385
EPOCH 131:
VALIDATION
valid epoch balanced_accuracy: 0.335385
EPOCH 132:
VALIDATION
valid epoch balanced_accuracy: 0.381538
EPOCH 133:
VALIDATION
valid epoch balanced_accuracy: 0.472500
EPOCH 134:
VALIDATION
valid epoch balanced_accuracy: 0.484038
EPOCH 135:
VALIDATION
valid epoch balanced_accuracy: 0.559038
EPOCH 136:
VALIDATION
valid epoch balanced_accuracy: 0.601923
EPOCH 137:
VALIDATION
valid epoch balanced_accuracy: 0.343462
EPOCH 138:
VALIDATION
valid epoch balanced_accuracy: 0.464808
EPOCH 139:
VALIDATION
valid epoch balanced_accuracy: 0.454615
EPOCH 140:
VALIDATION
valid epoch balanced_accuracy: 0.442308
EPOCH 141:
VALIDATION
valid epoch balanced_accuracy: 0.382115
EPOCH 142:
VALIDATION
valid epoch balanced_accuracy: 0.449808
EPOCH 143:
VALIDATION
valid epoch balanced_accuracy: 0.379808
EPOCH 144:
VALIDATION
valid epoch balanced_accuracy: 0.394423
EPOCH 145:
VALIDATION
valid epoch balanced_accuracy: 0.353654
EPOCH 146:
VALIDATION
valid epoch balanced_accuracy: 0.385000
EPOCH 147:
VALIDATION
valid epoch balanced_accuracy: 0.363462
EPOCH 148:
VALIDATION
valid epoch balanced_accuracy: 0.493654
EPOCH 149:
VALIDATION
valid epoch balanced_accuracy: 0.380192
EPOCH 150:
VALIDATION
valid epoch balanced_accuracy: 0.397692
accuracy: 0.632353
sensitivity: 0.673077
precision: 0.630631
specificity: 0.590000
IoU: 0.482759
FAR: 0.410000
F1: 0.651163
balanced_accuracy: 0.631538
loss: 0.651359
