
/home/andrei/DL_project_5/DL_project/dataloader/New_dataloader.py:73: UserWarning: The given NumPy array is not writable, and PyTorch does not support non-writable tensors. This means writing to this tensor will result in undefined behavior. You may want to copy the array to protect its data or make it writable before converting it to a tensor. This type of warning will be suppressed for the rest of this program. (Triggered internally at /pytorch/torch/csrc/utils/tensor_numpy.cpp:213.)
  self.train_orig_indexes = torch.as_tensor(self.csvtrain["_tanimoto_orig_idx"].values, dtype=torch.long)
train : (1104, 12)
valid : (204, 12)
test : (204, 12)
number of parameters : 819625
class weights : [1.0, 1.0]
balanced batches : 138 per epoch covering all 1104 train rows, target 4 positive + 4 unlabeled
cache warmed : 35 proteins, 410 lipid encodings, 0 lipid graphs, 90 MiB
source artifacts released : ['csvt', 'protein_tensor_cache', 'smiles_encoding', 'train_tanimoto_batch']
data extracted
EPOCH 1:
VALIDATION
valid epoch balanced_accuracy: 0.493846
EPOCH 2:
VALIDATION
valid epoch balanced_accuracy: 0.466731
EPOCH 3:
VALIDATION
valid epoch balanced_accuracy: 0.459038
EPOCH 4:
VALIDATION
valid epoch balanced_accuracy: 0.516731
EPOCH 5:
VALIDATION
valid epoch balanced_accuracy: 0.509038
EPOCH 6:
VALIDATION
valid epoch balanced_accuracy: 0.536346
EPOCH 7:
VALIDATION
valid epoch balanced_accuracy: 0.537692
EPOCH 8:
VALIDATION
valid epoch balanced_accuracy: 0.522692
EPOCH 9:
VALIDATION
valid epoch balanced_accuracy: 0.507692
EPOCH 10:
VALIDATION
valid epoch balanced_accuracy: 0.522692
EPOCH 11:
VALIDATION
valid epoch balanced_accuracy: 0.577500
EPOCH 12:
VALIDATION
valid epoch balanced_accuracy: 0.611923
EPOCH 13:
VALIDATION
valid epoch balanced_accuracy: 0.612692
EPOCH 14:
VALIDATION
valid epoch balanced_accuracy: 0.664038
EPOCH 15:
VALIDATION
valid epoch balanced_accuracy: 0.580385
EPOCH 16:
VALIDATION
valid epoch balanced_accuracy: 0.653269
EPOCH 17:
VALIDATION
valid epoch balanced_accuracy: 0.666731
EPOCH 18:
VALIDATION
valid epoch balanced_accuracy: 0.644808
EPOCH 19:
VALIDATION
valid epoch balanced_accuracy: 0.633077
EPOCH 20:
VALIDATION
valid epoch balanced_accuracy: 0.623654
EPOCH 21:
VALIDATION
valid epoch balanced_accuracy: 0.639231
EPOCH 22:
VALIDATION
valid epoch balanced_accuracy: 0.571154
EPOCH 23:
VALIDATION
valid epoch balanced_accuracy: 0.580962
EPOCH 24:
VALIDATION
valid epoch balanced_accuracy: 0.568269
EPOCH 25:
VALIDATION
valid epoch balanced_accuracy: 0.543846
EPOCH 26:
VALIDATION
valid epoch balanced_accuracy: 0.604423
EPOCH 27:
VALIDATION
valid epoch balanced_accuracy: 0.601923
EPOCH 28:
VALIDATION
valid epoch balanced_accuracy: 0.538077
EPOCH 29:
VALIDATION
valid epoch balanced_accuracy: 0.559038
EPOCH 30:
VALIDATION
valid epoch balanced_accuracy: 0.576731
EPOCH 31:
VALIDATION
valid epoch balanced_accuracy: 0.591154
EPOCH 32:
VALIDATION
valid epoch balanced_accuracy: 0.563654
EPOCH 33:
VALIDATION
valid epoch balanced_accuracy: 0.564038
EPOCH 34:
VALIDATION
valid epoch balanced_accuracy: 0.581346
EPOCH 35:
VALIDATION
valid epoch balanced_accuracy: 0.563654
EPOCH 36:
VALIDATION
valid epoch balanced_accuracy: 0.577500
EPOCH 37:
VALIDATION
valid epoch balanced_accuracy: 0.568846
EPOCH 38:
VALIDATION
valid epoch balanced_accuracy: 0.558846
EPOCH 39:
VALIDATION
valid epoch balanced_accuracy: 0.583462
EPOCH 40:
VALIDATION
valid epoch balanced_accuracy: 0.553077
EPOCH 41:
VALIDATION
valid epoch balanced_accuracy: 0.577692
EPOCH 42:
VALIDATION
valid epoch balanced_accuracy: 0.557500
EPOCH 43:
VALIDATION
valid epoch balanced_accuracy: 0.552308
EPOCH 44:
VALIDATION
valid epoch balanced_accuracy: 0.577500
EPOCH 45:
VALIDATION
valid epoch balanced_accuracy: 0.563654
EPOCH 46:
VALIDATION
valid epoch balanced_accuracy: 0.538846
EPOCH 47:
VALIDATION
valid epoch balanced_accuracy: 0.548654
EPOCH 48:
VALIDATION
valid epoch balanced_accuracy: 0.564038
EPOCH 49:
VALIDATION
valid epoch balanced_accuracy: 0.547500
EPOCH 50:
VALIDATION
valid epoch balanced_accuracy: 0.554038
EPOCH 51:
VALIDATION
valid epoch balanced_accuracy: 0.582885
EPOCH 52:
VALIDATION
valid epoch balanced_accuracy: 0.553462
EPOCH 53:
VALIDATION
valid epoch balanced_accuracy: 0.587885
EPOCH 54:
VALIDATION
valid epoch balanced_accuracy: 0.588077
EPOCH 55:
VALIDATION
valid epoch balanced_accuracy: 0.544808
EPOCH 56:
VALIDATION
valid epoch balanced_accuracy: 0.533462
EPOCH 57:
VALIDATION
valid epoch balanced_accuracy: 0.558846
EPOCH 58:
VALIDATION
valid epoch balanced_accuracy: 0.559038
EPOCH 59:
VALIDATION
valid epoch balanced_accuracy: 0.563654
EPOCH 60:
VALIDATION
valid epoch balanced_accuracy: 0.582692
EPOCH 61:
VALIDATION
valid epoch balanced_accuracy: 0.527692
EPOCH 62:
VALIDATION
valid epoch balanced_accuracy: 0.558846
EPOCH 63:
VALIDATION
valid epoch balanced_accuracy: 0.539231
EPOCH 64:
VALIDATION
valid epoch balanced_accuracy: 0.528654
EPOCH 65:
VALIDATION
valid epoch balanced_accuracy: 0.563654
EPOCH 66:
VALIDATION
valid epoch balanced_accuracy: 0.582885
EPOCH 67:
VALIDATION
valid epoch balanced_accuracy: 0.548846
EPOCH 68:
VALIDATION
valid epoch balanced_accuracy: 0.573269
EPOCH 69:
VALIDATION
valid epoch balanced_accuracy: 0.558269
EPOCH 70:
VALIDATION
valid epoch balanced_accuracy: 0.572692
EPOCH 71:
VALIDATION
valid epoch balanced_accuracy: 0.577500
EPOCH 72:
VALIDATION
valid epoch balanced_accuracy: 0.562308
EPOCH 73:
VALIDATION
valid epoch balanced_accuracy: 0.602692
EPOCH 74:
VALIDATION
valid epoch balanced_accuracy: 0.563269
EPOCH 75:
VALIDATION
valid epoch balanced_accuracy: 0.535000
EPOCH 76:
VALIDATION
valid epoch balanced_accuracy: 0.548654
EPOCH 77:
VALIDATION
valid epoch balanced_accuracy: 0.554038
EPOCH 78:
VALIDATION
valid epoch balanced_accuracy: 0.596731
EPOCH 79:
VALIDATION
valid epoch balanced_accuracy: 0.573269
EPOCH 80:
VALIDATION
valid epoch balanced_accuracy: 0.560192
EPOCH 81:
VALIDATION
valid epoch balanced_accuracy: 0.591731
EPOCH 82:
VALIDATION
valid epoch balanced_accuracy: 0.559231
EPOCH 83:
VALIDATION
valid epoch balanced_accuracy: 0.592500
EPOCH 84:
VALIDATION
valid epoch balanced_accuracy: 0.549038
EPOCH 85:
VALIDATION
valid epoch balanced_accuracy: 0.567885
EPOCH 86:
VALIDATION
valid epoch balanced_accuracy: 0.548462
EPOCH 87:
VALIDATION
valid epoch balanced_accuracy: 0.567692
EPOCH 88:
VALIDATION
valid epoch balanced_accuracy: 0.563077
EPOCH 89:
VALIDATION
valid epoch balanced_accuracy: 0.554231
EPOCH 90:
VALIDATION
valid epoch balanced_accuracy: 0.579038
EPOCH 91:
VALIDATION
valid epoch balanced_accuracy: 0.593846
EPOCH 92:
VALIDATION
valid epoch balanced_accuracy: 0.607885
EPOCH 93:
VALIDATION
valid epoch balanced_accuracy: 0.594038
EPOCH 94:
VALIDATION
valid epoch balanced_accuracy: 0.583462
EPOCH 95:
VALIDATION
valid epoch balanced_accuracy: 0.589231
EPOCH 96:
VALIDATION
valid epoch balanced_accuracy: 0.579808
EPOCH 97:
VALIDATION
valid epoch balanced_accuracy: 0.584038
EPOCH 98:
VALIDATION
valid epoch balanced_accuracy: 0.554231
EPOCH 99:
VALIDATION
valid epoch balanced_accuracy: 0.593269
EPOCH 100:
VALIDATION
valid epoch balanced_accuracy: 0.559038
EPOCH 101:
VALIDATION
valid epoch balanced_accuracy: 0.544615
EPOCH 102:
VALIDATION
valid epoch balanced_accuracy: 0.575000
EPOCH 103:
VALIDATION
valid epoch balanced_accuracy: 0.592308
EPOCH 104:
VALIDATION
valid epoch balanced_accuracy: 0.564423
EPOCH 105:
VALIDATION
valid epoch balanced_accuracy: 0.543462
EPOCH 106:
VALIDATION
valid epoch balanced_accuracy: 0.602692
EPOCH 107:
VALIDATION
valid epoch balanced_accuracy: 0.544615
EPOCH 108:
VALIDATION
valid epoch balanced_accuracy: 0.587692
EPOCH 109:
VALIDATION
valid epoch balanced_accuracy: 0.602500
EPOCH 110:
VALIDATION
valid epoch balanced_accuracy: 0.584231
EPOCH 111:
VALIDATION
valid epoch balanced_accuracy: 0.505385
EPOCH 112:
VALIDATION
valid epoch balanced_accuracy: 0.552692
EPOCH 113:
VALIDATION
valid epoch balanced_accuracy: 0.569615
EPOCH 114:
VALIDATION
valid epoch balanced_accuracy: 0.559038
EPOCH 115:
VALIDATION
valid epoch balanced_accuracy: 0.565192
EPOCH 116:
VALIDATION
valid epoch balanced_accuracy: 0.593654
EPOCH 117:
VALIDATION
valid epoch balanced_accuracy: 0.569615
EPOCH 118:
VALIDATION
valid epoch balanced_accuracy: 0.553462
EPOCH 119:
VALIDATION
valid epoch balanced_accuracy: 0.538462
EPOCH 120:
VALIDATION
valid epoch balanced_accuracy: 0.559615
EPOCH 121:
VALIDATION
valid epoch balanced_accuracy: 0.574808
EPOCH 122:
VALIDATION
valid epoch balanced_accuracy: 0.554808
EPOCH 123:
VALIDATION
valid epoch balanced_accuracy: 0.575000
EPOCH 124:
VALIDATION
valid epoch balanced_accuracy: 0.539423
EPOCH 125:
VALIDATION
valid epoch balanced_accuracy: 0.608077
EPOCH 126:
VALIDATION
valid epoch balanced_accuracy: 0.549808
EPOCH 127:
VALIDATION
valid epoch balanced_accuracy: 0.554423
EPOCH 128:
VALIDATION
valid epoch balanced_accuracy: 0.584038
EPOCH 129:
VALIDATION
valid epoch balanced_accuracy: 0.559231
EPOCH 130:
VALIDATION
valid epoch balanced_accuracy: 0.555385
EPOCH 131:
VALIDATION
valid epoch balanced_accuracy: 0.530000
EPOCH 132:
VALIDATION
valid epoch balanced_accuracy: 0.549808
EPOCH 133:
VALIDATION
valid epoch balanced_accuracy: 0.578462
EPOCH 134:
VALIDATION
valid epoch balanced_accuracy: 0.534808
EPOCH 135:
VALIDATION
valid epoch balanced_accuracy: 0.560000
EPOCH 136:
VALIDATION
valid epoch balanced_accuracy: 0.574423
EPOCH 137:
VALIDATION
valid epoch balanced_accuracy: 0.574615
EPOCH 138:
VALIDATION
valid epoch balanced_accuracy: 0.583269
EPOCH 139:
VALIDATION
valid epoch balanced_accuracy: 0.582885
EPOCH 140:
VALIDATION
valid epoch balanced_accuracy: 0.568654
EPOCH 141:
VALIDATION
valid epoch balanced_accuracy: 0.569615
EPOCH 142:
VALIDATION
valid epoch balanced_accuracy: 0.508077
EPOCH 143:
VALIDATION
valid epoch balanced_accuracy: 0.550000
EPOCH 144:
VALIDATION
valid epoch balanced_accuracy: 0.544038
EPOCH 145:
VALIDATION
valid epoch balanced_accuracy: 0.560000
EPOCH 146:
VALIDATION
valid epoch balanced_accuracy: 0.570000
EPOCH 147:
VALIDATION
valid epoch balanced_accuracy: 0.540000
EPOCH 148:
VALIDATION
valid epoch balanced_accuracy: 0.569423
EPOCH 149:
VALIDATION
valid epoch balanced_accuracy: 0.555962
EPOCH 150:
VALIDATION
valid epoch balanced_accuracy: 0.501538
accuracy: 0.632353
sensitivity: 0.590000
precision: 0.634409
specificity: 0.673077
IoU: 0.440299
FAR: 0.326923
F1: 0.611399
balanced_accuracy: 0.631538
loss: 0.788270
