Waiting for exclusive access to GPU GPU-4683556c-5acd-0f78-3cbe-ba46309d4ede.
=== GROUP: lipocalin | VARIANT: nps3mlp_gat_residual | SEED: 1 | GPU: Tesla V100-SXM2-32GB ===

number of parameters : 1411151
train : (1085, 12)
valid : (123, 12)
test : (123, 12)
class weights : [1.29474937915802, 0.81456458568573]
data extracted
EPOCH 1:
VALIDATION
valid epoch balanced_accuracy: 0.461306
EPOCH 2:
VALIDATION
valid epoch balanced_accuracy: 0.533659
EPOCH 3:
VALIDATION
valid epoch balanced_accuracy: 0.524741
EPOCH 4:
VALIDATION
valid epoch balanced_accuracy: 0.552647
EPOCH 5:
VALIDATION
valid epoch balanced_accuracy: 0.539988
EPOCH 6:
VALIDATION
valid epoch balanced_accuracy: 0.514672
EPOCH 7:
VALIDATION
valid epoch balanced_accuracy: 0.472814
EPOCH 8:
VALIDATION
valid epoch balanced_accuracy: 0.536105
EPOCH 9:
VALIDATION
valid epoch balanced_accuracy: 0.485472
EPOCH 10:
VALIDATION
valid epoch balanced_accuracy: 0.529776
EPOCH 11:
VALIDATION
valid epoch balanced_accuracy: 0.540132
EPOCH 12:
VALIDATION
valid epoch balanced_accuracy: 0.546461
EPOCH 13:
VALIDATION
valid epoch balanced_accuracy: 0.584436
EPOCH 14:
VALIDATION
valid epoch balanced_accuracy: 0.559120
EPOCH 15:
VALIDATION
valid epoch balanced_accuracy: 0.526180
EPOCH 16:
VALIDATION
valid epoch balanced_accuracy: 0.578107
EPOCH 17:
VALIDATION
valid epoch balanced_accuracy: 0.576812
EPOCH 18:
VALIDATION
valid epoch balanced_accuracy: 0.565449
EPOCH 19:
VALIDATION
valid epoch balanced_accuracy: 0.543728
EPOCH 20:
VALIDATION
valid epoch balanced_accuracy: 0.589471
EPOCH 21:
VALIDATION
valid epoch balanced_accuracy: 0.598245
EPOCH 22:
VALIDATION
valid epoch balanced_accuracy: 0.603423
EPOCH 23:
VALIDATION
valid epoch balanced_accuracy: 0.571778
EPOCH 24:
VALIDATION
valid epoch balanced_accuracy: 0.545023
EPOCH 25:
VALIDATION
valid epoch balanced_accuracy: 0.602129
EPOCH 26:
VALIDATION
valid epoch balanced_accuracy: 0.539988
EPOCH 27:
VALIDATION
valid epoch balanced_accuracy: 0.556530
EPOCH 28:
VALIDATION
valid epoch balanced_accuracy: 0.513377
EPOCH 29:
VALIDATION
valid epoch balanced_accuracy: 0.451812
EPOCH 30:
VALIDATION
valid epoch balanced_accuracy: 0.559120
EPOCH 31:
VALIDATION
valid epoch balanced_accuracy: 0.547612
EPOCH 32:
VALIDATION
valid epoch balanced_accuracy: 0.534954
EPOCH 33:
VALIDATION
valid epoch balanced_accuracy: 0.560270
EPOCH 34:
VALIDATION
valid epoch balanced_accuracy: 0.524885
EPOCH 35:
VALIDATION
valid epoch balanced_accuracy: 0.561565
EPOCH 36:
VALIDATION
valid epoch balanced_accuracy: 0.538694
EPOCH 37:
VALIDATION
valid epoch balanced_accuracy: 0.572785
EPOCH 38:
VALIDATION
valid epoch balanced_accuracy: 0.562860
EPOCH 39:
VALIDATION
valid epoch balanced_accuracy: 0.557825
EPOCH 40:
VALIDATION
valid epoch balanced_accuracy: 0.526180
EPOCH 41:
VALIDATION
valid epoch balanced_accuracy: 0.528913
EPOCH 42:
VALIDATION
valid epoch balanced_accuracy: 0.552791
EPOCH 43:
VALIDATION
valid epoch balanced_accuracy: 0.548907
EPOCH 44:
VALIDATION
valid epoch balanced_accuracy: 0.509638
EPOCH 45:
VALIDATION
valid epoch balanced_accuracy: 0.521145
EPOCH 46:
VALIDATION
valid epoch balanced_accuracy: 0.541283
EPOCH 47:
VALIDATION
valid epoch balanced_accuracy: 0.554085
EPOCH 48:
