Waiting for exclusive access to GPU GPU-45d882aa-be45-3db7-bd3a-06da9fcaf3b1.
=== GROUP: ML | VARIANT: wd1e5 | SEED: 0 | WEIGHT_DECAY: 0.00001 | GPU: NVIDIA A100-PCIE-40GB ===

number of parameters : 1075406
train : (1302, 12)
valid : (16, 12)
test : (16, 12)
class weights : [1.1708632707595825, 0.872654139995575]
data extracted
EPOCH 1:
VALIDATION
valid epoch balanced_accuracy: 0.474359
EPOCH 2:
VALIDATION
valid epoch balanced_accuracy: 0.615385
EPOCH 3:
VALIDATION
valid epoch balanced_accuracy: 0.538462
EPOCH 4:
VALIDATION
valid epoch balanced_accuracy: 0.564103
EPOCH 5:
VALIDATION
valid epoch balanced_accuracy: 0.487179
EPOCH 6:
VALIDATION
valid epoch balanced_accuracy: 0.576923
EPOCH 7:
VALIDATION
valid epoch balanced_accuracy: 0.538462
EPOCH 8:
VALIDATION
valid epoch balanced_accuracy: 0.576923
EPOCH 9:
VALIDATION
valid epoch balanced_accuracy: 0.653846
EPOCH 10:
VALIDATION
valid epoch balanced_accuracy: 0.653846
EPOCH 11:
VALIDATION
valid epoch balanced_accuracy: 0.679487
EPOCH 12:
VALIDATION
valid epoch balanced_accuracy: 0.487179
EPOCH 13:
VALIDATION
valid epoch balanced_accuracy: 0.435897
EPOCH 14:
VALIDATION
valid epoch balanced_accuracy: 0.512821
EPOCH 15:
VALIDATION
valid epoch balanced_accuracy: 0.602564
EPOCH 16:
VALIDATION
valid epoch balanced_accuracy: 0.602564
EPOCH 17:
VALIDATION
valid epoch balanced_accuracy: 0.525641
EPOCH 18:
VALIDATION
valid epoch balanced_accuracy: 0.474359
EPOCH 19:
VALIDATION
valid epoch balanced_accuracy: 0.474359
EPOCH 20:
VALIDATION
valid epoch balanced_accuracy: 0.602564
EPOCH 21:
VALIDATION
valid epoch balanced_accuracy: 0.397436
EPOCH 22:
VALIDATION
valid epoch balanced_accuracy: 0.435897
EPOCH 23:
VALIDATION
valid epoch balanced_accuracy: 0.474359
EPOCH 24:
VALIDATION
valid epoch balanced_accuracy: 0.435897
EPOCH 25:
VALIDATION
valid epoch balanced_accuracy: 0.564103
EPOCH 26:
VALIDATION
valid epoch balanced_accuracy: 0.397436
EPOCH 27:
VALIDATION
valid epoch balanced_accuracy: 0.564103
EPOCH 28:
VALIDATION
valid epoch balanced_accuracy: 0.397436
EPOCH 29:
VALIDATION
valid epoch balanced_accuracy: 0.435897
EPOCH 30:
VALIDATION
valid epoch balanced_accuracy: 0.641026
EPOCH 31:
VALIDATION
valid epoch balanced_accuracy: 0.564103
EPOCH 32:
VALIDATION
valid epoch balanced_accuracy: 0.474359
EPOCH 33:
VALIDATION
valid epoch balanced_accuracy: 0.474359
EPOCH 34:
VALIDATION
valid epoch balanced_accuracy: 0.474359
EPOCH 35:
VALIDATION
valid epoch balanced_accuracy: 0.602564
EPOCH 36:
VALIDATION
valid epoch balanced_accuracy: 0.435897
EPOCH 37:
VALIDATION
valid epoch balanced_accuracy: 0.474359
EPOCH 38:
VALIDATION
valid epoch balanced_accuracy: 0.474359
EPOCH 39:
VALIDATION
valid epoch balanced_accuracy: 0.397436
EPOCH 40:
VALIDATION
valid epoch balanced_accuracy: 0.602564
EPOCH 41:
VALIDATION
valid epoch balanced_accuracy: 0.512821
EPOCH 42:
VALIDATION
valid epoch balanced_accuracy: 0.512821
EPOCH 43:
VALIDATION
valid epoch balanced_accuracy: 0.435897
EPOCH 44:
VALIDATION
valid epoch balanced_accuracy: 0.512821
EPOCH 45:
VALIDATION
valid epoch balanced_accuracy: 0.474359
EPOCH 46:
VALIDATION
valid epoch balanced_accuracy: 0.435897
EPOCH 47:
VALIDATION
valid epoch balanced_accuracy: 0.512821
EPOCH 48:
VALIDATION
valid epoch balanced_accuracy: 0.474359
EPOCH 49:
VALIDATION
valid epoch balanced_accuracy: 0.474359
EPOCH 50:
VALIDATION
valid epoch balanced_accuracy: 0.512821
EPOCH 51:
VALIDATION
valid epoch balanced_accuracy: 0.512821
EPOCH 52:
VALIDATION
valid epoch balanced_accuracy: 0.435897
EPOCH 53:
VALIDATION
valid epoch balanced_accuracy: 0.641026
EPOCH 54:
VALIDATION
valid epoch balanced_accuracy: 0.512821
EPOCH 55:
VALIDATION
valid epoch balanced_accuracy: 0.602564
EPOCH 56:
VALIDATION
valid epoch balanced_accuracy: 0.641026
EPOCH 57:
VALIDATION
valid epoch balanced_accuracy: 0.641026
EPOCH 58:
VALIDATION
valid epoch balanced_accuracy: 0.474359
EPOCH 59:
VALIDATION
valid epoch balanced_accuracy: 0.435897
EPOCH 60:
VALIDATION
valid epoch balanced_accuracy: 0.435897
EPOCH 61:
VALIDATION
valid epoch balanced_accuracy: 0.474359
EPOCH 62:
VALIDATION
valid epoch balanced_accuracy: 0.474359
EPOCH 63:
VALIDATION
valid epoch balanced_accuracy: 0.512821
EPOCH 64:
VALIDATION
valid epoch balanced_accuracy: 0.679487
EPOCH 65:
VALIDATION
valid epoch balanced_accuracy: 0.551282
EPOCH 66:
VALIDATION
valid epoch balanced_accuracy: 0.512821
EPOCH 67:
VALIDATION
valid epoch balanced_accuracy: 0.512821
EPOCH 68:
VALIDATION
valid epoch balanced_accuracy: 0.474359
EPOCH 69:
VALIDATION
valid epoch balanced_accuracy: 0.512821
EPOCH 70:
VALIDATION
valid epoch balanced_accuracy: 0.641026
EPOCH 71:
VALIDATION
valid epoch balanced_accuracy: 0.397436
EARLY STOPPING: rolling validation balanced accuracy did not improve for 60 epochs and validation loss increased over the same window.
accuracy: 0.750000
sensitivity: 0.571429
precision: 0.800000
specificity: 0.888889
IoU: 0.500000
FAR: 0.111111
F1: 0.666667
balanced_accuracy: 0.730159
loss: 0.843941
