Waiting for exclusive access to GPU GPU-69db9281-b6cc-2928-3dcb-e62f96efbe2e.
=== GROUP: lipocalin | VARIANT: bbp_nps3mlp_dpt01_gm_mlpplmopt | SEED: 0 | GPU: NVIDIA H100 ===

number of parameters : 4501286
train : (1332, 12)
valid : (90, 12)
test : (90, 12)
class weights : [1.0, 1.0]
balanced batches : 84 per epoch covering all 1332 train rows, target 8 positive + 8 unlabeled
data extracted
EPOCH 1:
VALIDATION
valid epoch balanced_accuracy: 0.475867
EPOCH 2:
VALIDATION
valid epoch balanced_accuracy: 0.555053
EPOCH 3:
VALIDATION
valid epoch balanced_accuracy: 0.594268
EPOCH 4:
VALIDATION
valid epoch balanced_accuracy: 0.500000
EPOCH 5:
VALIDATION
valid epoch balanced_accuracy: 0.585219
EPOCH 6:
VALIDATION
valid epoch balanced_accuracy: 0.527903
EPOCH 7:
VALIDATION
valid epoch balanced_accuracy: 0.435143
EPOCH 8:
VALIDATION
valid epoch balanced_accuracy: 0.512066
EPOCH 9:
VALIDATION
valid epoch balanced_accuracy: 0.523379
EPOCH 10:
VALIDATION
valid epoch balanced_accuracy: 0.513575
EPOCH 11:
VALIDATION
valid epoch balanced_accuracy: 0.564857
EPOCH 12:
VALIDATION
valid epoch balanced_accuracy: 0.584465
EPOCH 13:
VALIDATION
valid epoch balanced_accuracy: 0.567873
EPOCH 14:
VALIDATION
valid epoch balanced_accuracy: 0.542232
EPOCH 15:
VALIDATION
valid epoch balanced_accuracy: 0.584465
EPOCH 16:
VALIDATION
valid epoch balanced_accuracy: 0.587481
EPOCH 17:
VALIDATION
valid epoch balanced_accuracy: 0.587481
EPOCH 18:
VALIDATION
valid epoch balanced_accuracy: 0.586727
EPOCH 19:
VALIDATION
valid epoch balanced_accuracy: 0.632730
EPOCH 20:
VALIDATION
valid epoch balanced_accuracy: 0.587481
EPOCH 21:
VALIDATION
valid epoch balanced_accuracy: 0.622926
EPOCH 22:
VALIDATION
valid epoch balanced_accuracy: 0.631976
EPOCH 23:
VALIDATION
valid epoch balanced_accuracy: 0.600302
EPOCH 24:
VALIDATION
valid epoch balanced_accuracy: 0.564857
EPOCH 25:
VALIDATION
valid epoch balanced_accuracy: 0.571644
EPOCH 26:
VALIDATION
valid epoch balanced_accuracy: 0.652338
EPOCH 27:
VALIDATION
valid epoch balanced_accuracy: 0.590498
EPOCH 28:
VALIDATION
valid epoch balanced_accuracy: 0.654600
EPOCH 29:
VALIDATION
valid epoch balanced_accuracy: 0.648567
EPOCH 30:
VALIDATION
valid epoch balanced_accuracy: 0.651584
EPOCH 31:
VALIDATION
valid epoch balanced_accuracy: 0.622172
EPOCH 32:
VALIDATION
valid epoch balanced_accuracy: 0.658371
EPOCH 33:
VALIDATION
valid epoch balanced_accuracy: 0.661388
EPOCH 34:
VALIDATION
valid epoch balanced_accuracy: 0.687029
EPOCH 35:
VALIDATION
valid epoch balanced_accuracy: 0.696833
EPOCH 36:
VALIDATION
valid epoch balanced_accuracy: 0.687029
EPOCH 37:
VALIDATION
valid epoch balanced_accuracy: 0.625943
EPOCH 38:
VALIDATION
valid epoch balanced_accuracy: 0.661388
EPOCH 39:
VALIDATION
valid epoch balanced_accuracy: 0.645551
EPOCH 40:
VALIDATION
valid epoch balanced_accuracy: 0.661388
EPOCH 41:
VALIDATION
valid epoch balanced_accuracy: 0.664404
EPOCH 42:
VALIDATION
valid epoch balanced_accuracy: 0.631976
EPOCH 43:
VALIDATION
valid epoch balanced_accuracy: 0.656863
EPOCH 44:
VALIDATION
valid epoch balanced_accuracy: 0.668175
EPOCH 45:
VALIDATION
valid epoch balanced_accuracy: 0.607089
EPOCH 46:
VALIDATION
valid epoch balanced_accuracy: 0.622926
EPOCH 47:
VALIDATION
valid epoch balanced_accuracy: 0.584465
EPOCH 48:
VALIDATION
valid epoch balanced_accuracy: 0.638009
EPOCH 49:
VALIDATION
valid epoch balanced_accuracy: 0.648567
EPOCH 50:
VALIDATION
valid epoch balanced_accuracy: 0.622926
EPOCH 51:
VALIDATION
valid epoch balanced_accuracy: 0.655354
EPOCH 52:
VALIDATION
valid epoch balanced_accuracy: 0.667421
EPOCH 53:
VALIDATION
valid epoch balanced_accuracy: 0.651584
EPOCH 54:
VALIDATION
valid epoch balanced_accuracy: 0.606335
EPOCH 55:
VALIDATION
valid epoch balanced_accuracy: 0.597285
EPOCH 56:
VALIDATION
valid epoch balanced_accuracy: 0.634992
EPOCH 57:
VALIDATION
valid epoch balanced_accuracy: 0.616139
EPOCH 58:
VALIDATION
valid epoch balanced_accuracy: 0.616139
EPOCH 59:
VALIDATION
valid epoch balanced_accuracy: 0.661388
EPOCH 60:
VALIDATION
valid epoch balanced_accuracy: 0.619910
EPOCH 61:
VALIDATION
valid epoch balanced_accuracy: 0.619155
EPOCH 62:
VALIDATION
valid epoch balanced_accuracy: 0.632730
EPOCH 63:
VALIDATION
valid epoch balanced_accuracy: 0.664404
EPOCH 64:
VALIDATION
valid epoch balanced_accuracy: 0.699849
EPOCH 65:
VALIDATION
valid epoch balanced_accuracy: 0.644796
EPOCH 66:
VALIDATION
valid epoch balanced_accuracy: 0.628959
EPOCH 67:
VALIDATION
valid epoch balanced_accuracy: 0.670437
EPOCH 68:
VALIDATION
valid epoch balanced_accuracy: 0.696833
EPOCH 69:
VALIDATION
valid epoch balanced_accuracy: 0.699849
EPOCH 70:
VALIDATION
valid epoch balanced_accuracy: 0.677225
EPOCH 71:
VALIDATION
valid epoch balanced_accuracy: 0.660633
EPOCH 72:
VALIDATION
valid epoch balanced_accuracy: 0.706637
EPOCH 73:
VALIDATION
valid epoch balanced_accuracy: 0.687029
EPOCH 74:
VALIDATION
valid epoch balanced_accuracy: 0.684012
EPOCH 75:
VALIDATION
valid epoch balanced_accuracy: 0.725490
EPOCH 76:
VALIDATION
valid epoch balanced_accuracy: 0.677225
EPOCH 77:
VALIDATION
valid epoch balanced_accuracy: 0.644796
EPOCH 78:
VALIDATION
valid epoch balanced_accuracy: 0.658371
EPOCH 79:
VALIDATION
valid epoch balanced_accuracy: 0.677225
EPOCH 80:
VALIDATION
valid epoch balanced_accuracy: 0.684012
EPOCH 81:
VALIDATION
valid epoch balanced_accuracy: 0.763198
EPOCH 82:
VALIDATION
valid epoch balanced_accuracy: 0.674208
EPOCH 83:
VALIDATION
valid epoch balanced_accuracy: 0.657617
EPOCH 84:
VALIDATION
valid epoch balanced_accuracy: 0.650830
EPOCH 85:
VALIDATION
valid epoch balanced_accuracy: 0.696078
EPOCH 86:
VALIDATION
valid epoch balanced_accuracy: 0.702866
EPOCH 87:
VALIDATION
valid epoch balanced_accuracy: 0.670437
EPOCH 88:
VALIDATION
valid epoch balanced_accuracy: 0.676471
EPOCH 89:
VALIDATION
valid epoch balanced_accuracy: 0.676471
EPOCH 90:
VALIDATION
valid epoch balanced_accuracy: 0.667421
EPOCH 91:
VALIDATION
valid epoch balanced_accuracy: 0.693062
EPOCH 92:
VALIDATION
valid epoch balanced_accuracy: 0.640271
EPOCH 93:
VALIDATION
valid epoch balanced_accuracy: 0.687029
EPOCH 94:
VALIDATION
valid epoch balanced_accuracy: 0.747360
EPOCH 95:
VALIDATION
valid epoch balanced_accuracy: 0.690045
EPOCH 96:
VALIDATION
valid epoch balanced_accuracy: 0.728507
EPOCH 97:
VALIDATION
valid epoch balanced_accuracy: 0.670437
EPOCH 98:
VALIDATION
valid epoch balanced_accuracy: 0.679487
EPOCH 99:
VALIDATION
valid epoch balanced_accuracy: 0.699095
EPOCH 100:
VALIDATION
valid epoch balanced_accuracy: 0.696078
EPOCH 101:
VALIDATION
valid epoch balanced_accuracy: 0.679487
EPOCH 102:
VALIDATION
valid epoch balanced_accuracy: 0.690045
EPOCH 103:
VALIDATION
valid epoch balanced_accuracy: 0.687029
EPOCH 104:
VALIDATION
valid epoch balanced_accuracy: 0.718703
EPOCH 105:
VALIDATION
valid epoch balanced_accuracy: 0.712670
EPOCH 106:
VALIDATION
valid epoch balanced_accuracy: 0.684012
EPOCH 107:
VALIDATION
valid epoch balanced_accuracy: 0.687029
EPOCH 108:
VALIDATION
valid epoch balanced_accuracy: 0.634992
EPOCH 109:
VALIDATION
valid epoch balanced_accuracy: 0.683258
EPOCH 110:
VALIDATION
valid epoch balanced_accuracy: 0.657617
EPOCH 111:
VALIDATION
valid epoch balanced_accuracy: 0.680241
EPOCH 112:
VALIDATION
valid epoch balanced_accuracy: 0.680241
EPOCH 113:
VALIDATION
valid epoch balanced_accuracy: 0.705882
EPOCH 114:
VALIDATION
valid epoch balanced_accuracy: 0.683258
EPOCH 115:
VALIDATION
valid epoch balanced_accuracy: 0.683258
EPOCH 116:
VALIDATION
valid epoch balanced_accuracy: 0.677225
EPOCH 117:
VALIDATION
valid epoch balanced_accuracy: 0.677225
EPOCH 118:
VALIDATION
valid epoch balanced_accuracy: 0.699849
EPOCH 119:
VALIDATION
valid epoch balanced_accuracy: 0.687029
EPOCH 120:
VALIDATION
valid epoch balanced_accuracy: 0.684012
EPOCH 121:
VALIDATION
valid epoch balanced_accuracy: 0.712670
EPOCH 122:
VALIDATION
valid epoch balanced_accuracy: 0.725490
EPOCH 123:
VALIDATION
valid epoch balanced_accuracy: 0.716440
EPOCH 124:
VALIDATION
valid epoch balanced_accuracy: 0.709653
EPOCH 125:
VALIDATION
valid epoch balanced_accuracy: 0.648567
EPOCH 126:
VALIDATION
valid epoch balanced_accuracy: 0.677225
EPOCH 127:
VALIDATION
valid epoch balanced_accuracy: 0.708899
EPOCH 128:
VALIDATION
valid epoch balanced_accuracy: 0.702866
EPOCH 129:
VALIDATION
valid epoch balanced_accuracy: 0.628959
EPOCH 130:
VALIDATION
valid epoch balanced_accuracy: 0.680241
EPOCH 131:
VALIDATION
valid epoch balanced_accuracy: 0.677225
EPOCH 132:
VALIDATION
valid epoch balanced_accuracy: 0.629713
EPOCH 133:
VALIDATION
valid epoch balanced_accuracy: 0.680995
EPOCH 134:
VALIDATION
valid epoch balanced_accuracy: 0.684012
EPOCH 135:
VALIDATION
valid epoch balanced_accuracy: 0.641780
EPOCH 136:
VALIDATION
valid epoch balanced_accuracy: 0.654600
EPOCH 137:
VALIDATION
valid epoch balanced_accuracy: 0.661388
EPOCH 138:
VALIDATION
valid epoch balanced_accuracy: 0.690045
EPOCH 139:
VALIDATION
valid epoch balanced_accuracy: 0.661388
EPOCH 140:
VALIDATION
valid epoch balanced_accuracy: 0.648567
EPOCH 141:
VALIDATION
valid epoch balanced_accuracy: 0.642534
EPOCH 142:
VALIDATION
valid epoch balanced_accuracy: 0.668175
EPOCH 143:
VALIDATION
valid epoch balanced_accuracy: 0.635747
EPOCH 144:
VALIDATION
valid epoch balanced_accuracy: 0.661388
EPOCH 145:
VALIDATION
valid epoch balanced_accuracy: 0.652338
EPOCH 146:
VALIDATION
valid epoch balanced_accuracy: 0.658371
EPOCH 147:
VALIDATION
valid epoch balanced_accuracy: 0.651584
EPOCH 148:
VALIDATION
valid epoch balanced_accuracy: 0.638763
EPOCH 149:
VALIDATION
valid epoch balanced_accuracy: 0.655354
EPOCH 150:
VALIDATION
valid epoch balanced_accuracy: 0.635747
Discovered surviving group widths (pruned architecture):
  lipid1.attention.FFN.3: 150/384 active
  lipid1.attention.FFN.7: 106/384 active
  protein1.enc_plm.2: 454/768 active
  protein1.enc_plm.5: 127/256 active
  protein1.enc_plm.8: 32/64 active
  protein1.enc_plm.10: 32/32 active
  protein1.attention.FFN.3: 47/384 active
  protein1.attention.FFN.7: 56/384 active
  protein1.mlp.3: 102/384 active
  protein1.mlp.7: 128/384 active
  cross_attention1.lipFFN.3: 84/384 active
  cross_attention1.lipFFN.7: 57/384 active
  cross_attention1.protFFN.3: 23/384 active
  cross_attention1.protFFN.7: 28/384 active
  final_layer.binar.3: 193/384 active
  final_layer.binar.7: 131/384 active
accuracy: 0.611111
sensitivity: 0.647059
precision: 0.660000
specificity: 0.564103
IoU: 0.485294
FAR: 0.435897
F1: 0.653465
balanced_accuracy: 0.605581
loss: 0.921543
