
number of parameters : 1075406
train : (1242, 12)
valid : (44, 12)
test : (45, 12)
PU rho : 0.100000
class weights : disabled
data extracted
EPOCH 1:
VALIDATION
valid epoch balanced_accuracy: 0.500000
EPOCH 2:
VALIDATION
valid epoch balanced_accuracy: 0.500000
EPOCH 3:
VALIDATION
valid epoch balanced_accuracy: 0.500000
EPOCH 4:
VALIDATION
valid epoch balanced_accuracy: 0.500000
EPOCH 5:
VALIDATION
valid epoch balanced_accuracy: 0.500000
EPOCH 6:
VALIDATION
valid epoch balanced_accuracy: 0.500000
EPOCH 7:
VALIDATION
valid epoch balanced_accuracy: 0.500000
EPOCH 8:
VALIDATION
valid epoch balanced_accuracy: 0.420000
EPOCH 9:
VALIDATION
valid epoch balanced_accuracy: 0.500000
EPOCH 10:
VALIDATION
valid epoch balanced_accuracy: 0.486316
EPOCH 11:
VALIDATION
valid epoch balanced_accuracy: 0.426316
EPOCH 12:
VALIDATION
valid epoch balanced_accuracy: 0.506316
EPOCH 13:
VALIDATION
valid epoch balanced_accuracy: 0.486316
EPOCH 14:
VALIDATION
valid epoch balanced_accuracy: 0.440000
EPOCH 15:
VALIDATION
valid epoch balanced_accuracy: 0.500000
EPOCH 16:
VALIDATION
valid epoch balanced_accuracy: 0.480000
EPOCH 17:
VALIDATION
valid epoch balanced_accuracy: 0.506316
EPOCH 18:
VALIDATION
valid epoch balanced_accuracy: 0.558947
EPOCH 19:
VALIDATION
valid epoch balanced_accuracy: 0.518947
EPOCH 20:
VALIDATION
valid epoch balanced_accuracy: 0.480000
EPOCH 21:
VALIDATION
valid epoch balanced_accuracy: 0.577895
EPOCH 22:
VALIDATION
valid epoch balanced_accuracy: 0.551579
EPOCH 23:
VALIDATION
valid epoch balanced_accuracy: 0.486316
EPOCH 24:
VALIDATION
valid epoch balanced_accuracy: 0.466316
EPOCH 25:
VALIDATION
valid epoch balanced_accuracy: 0.525263
EPOCH 26:
VALIDATION
valid epoch balanced_accuracy: 0.486316
EPOCH 27:
VALIDATION
valid epoch balanced_accuracy: 0.480000
EPOCH 28:
VALIDATION
valid epoch balanced_accuracy: 0.486316
EPOCH 29:
VALIDATION
valid epoch balanced_accuracy: 0.500000
EPOCH 30:
VALIDATION
valid epoch balanced_accuracy: 0.440000
EPOCH 31:
VALIDATION
valid epoch balanced_accuracy: 0.500000
EPOCH 32:
VALIDATION
valid epoch balanced_accuracy: 0.440000
EPOCH 33:
VALIDATION
valid epoch balanced_accuracy: 0.480000
EPOCH 34:
VALIDATION
valid epoch balanced_accuracy: 0.480000
EPOCH 35:
VALIDATION
valid epoch balanced_accuracy: 0.460000
EPOCH 36:
VALIDATION
valid epoch balanced_accuracy: 0.426316
EPOCH 37:
VALIDATION
valid epoch balanced_accuracy: 0.460000
EPOCH 38:
VALIDATION
valid epoch balanced_accuracy: 0.466316
EPOCH 39:
VALIDATION
valid epoch balanced_accuracy: 0.500000
EPOCH 40:
VALIDATION
valid epoch balanced_accuracy: 0.480000
EPOCH 41:
VALIDATION
valid epoch balanced_accuracy: 0.446316
EPOCH 42:
VALIDATION
valid epoch balanced_accuracy: 0.486316
EPOCH 43:
VALIDATION
valid epoch balanced_accuracy: 0.466316
EPOCH 44:
VALIDATION
valid epoch balanced_accuracy: 0.460000
EPOCH 45:
VALIDATION
valid epoch balanced_accuracy: 0.460000
EPOCH 46:
VALIDATION
valid epoch balanced_accuracy: 0.440000
EPOCH 47:
VALIDATION
valid epoch balanced_accuracy: 0.480000
EPOCH 48:
VALIDATION
valid epoch balanced_accuracy: 0.506316
EPOCH 49:
VALIDATION
valid epoch balanced_accuracy: 0.440000
EPOCH 50:
VALIDATION
valid epoch balanced_accuracy: 0.446316
EPOCH 51:
VALIDATION
valid epoch balanced_accuracy: 0.506316
EPOCH 52:
VALIDATION
valid epoch balanced_accuracy: 0.486316
EPOCH 53:
VALIDATION
valid epoch balanced_accuracy: 0.551579
EPOCH 54:
VALIDATION
valid epoch balanced_accuracy: 0.500000
EPOCH 55:
VALIDATION
valid epoch balanced_accuracy: 0.500000
EPOCH 56:
VALIDATION
valid epoch balanced_accuracy: 0.480000
EPOCH 57:
VALIDATION
valid epoch balanced_accuracy: 0.440000
EPOCH 58:
VALIDATION
valid epoch balanced_accuracy: 0.480000
EPOCH 59:
VALIDATION
valid epoch balanced_accuracy: 0.440000
EPOCH 60:
VALIDATION
valid epoch balanced_accuracy: 0.492632
EPOCH 61:
VALIDATION
valid epoch balanced_accuracy: 0.440000
EPOCH 62:
VALIDATION
valid epoch balanced_accuracy: 0.486316
EPOCH 63:
VALIDATION
valid epoch balanced_accuracy: 0.512632
EPOCH 64:
VALIDATION
valid epoch balanced_accuracy: 0.512632
EPOCH 65:
VALIDATION
valid epoch balanced_accuracy: 0.440000
EPOCH 66:
VALIDATION
valid epoch balanced_accuracy: 0.466316
EPOCH 67:
VALIDATION
valid epoch balanced_accuracy: 0.472632
EPOCH 68:
VALIDATION
valid epoch balanced_accuracy: 0.460000
EPOCH 69:
VALIDATION
valid epoch balanced_accuracy: 0.446316
EPOCH 70:
VALIDATION
valid epoch balanced_accuracy: 0.460000
EPOCH 71:
VALIDATION
valid epoch balanced_accuracy: 0.492632
EPOCH 72:
VALIDATION
valid epoch balanced_accuracy: 0.440000
EPOCH 73:
VALIDATION
valid epoch balanced_accuracy: 0.460000
EPOCH 74:
VALIDATION
valid epoch balanced_accuracy: 0.466316
EPOCH 75:
VALIDATION
valid epoch balanced_accuracy: 0.460000
EPOCH 76:
VALIDATION
valid epoch balanced_accuracy: 0.460000
EPOCH 77:
VALIDATION
valid epoch balanced_accuracy: 0.446316
EPOCH 78:
VALIDATION
valid epoch balanced_accuracy: 0.551579
EPOCH 79:
VALIDATION
valid epoch balanced_accuracy: 0.440000
EPOCH 80:
VALIDATION
valid epoch balanced_accuracy: 0.492632
EPOCH 81:
VALIDATION
valid epoch balanced_accuracy: 0.446316
EPOCH 82:
VALIDATION
valid epoch balanced_accuracy: 0.500000
EPOCH 83:
VALIDATION
valid epoch balanced_accuracy: 0.460000
EPOCH 84:
VALIDATION
valid epoch balanced_accuracy: 0.446316
EPOCH 85:
VALIDATION
valid epoch balanced_accuracy: 0.460000
EARLY STOPPING: rolling validation balanced accuracy did not improve for 60 epochs and validation loss increased over the same window.
accuracy: 0.444444
sensitivity: 0.083333
precision: 0.400000
specificity: 0.857143
IoU: 0.074074
FAR: 0.142857
F1: 0.137931
balanced_accuracy: 0.470238
loss: 0.420332
