Waiting for exclusive access to GPU GPU-4a1d133b-deaa-736c-306b-9a819cf45235.
=== GROUP: scp2 | VARIANT: pu_rho010 | SEED: 0 | PU_RHO: 0.10 | GPU: Tesla V100-SXM2-32GB ===

number of parameters : 1075406
train : (1236, 12)
valid : (48, 12)
test : (47, 12)
PU rho : 0.100000
class weights : disabled
data extracted
EPOCH 1:
VALIDATION
valid epoch balanced_accuracy: 0.500000
EPOCH 2:
VALIDATION
valid epoch balanced_accuracy: 0.500000
EPOCH 3:
VALIDATION
valid epoch balanced_accuracy: 0.500000
EPOCH 4:
VALIDATION
valid epoch balanced_accuracy: 0.480769
EPOCH 5:
VALIDATION
valid epoch balanced_accuracy: 0.500000
EPOCH 6:
VALIDATION
valid epoch balanced_accuracy: 0.500000
EPOCH 7:
VALIDATION
valid epoch balanced_accuracy: 0.500000
EPOCH 8:
VALIDATION
valid epoch balanced_accuracy: 0.522727
EPOCH 9:
VALIDATION
valid epoch balanced_accuracy: 0.480769
EPOCH 10:
VALIDATION
valid epoch balanced_accuracy: 0.500000
EPOCH 11:
VALIDATION
valid epoch balanced_accuracy: 0.500000
EPOCH 12:
VALIDATION
valid epoch balanced_accuracy: 0.659091
EPOCH 13:
VALIDATION
valid epoch balanced_accuracy: 0.545455
EPOCH 14:
VALIDATION
valid epoch balanced_accuracy: 0.590909
EPOCH 15:
VALIDATION
valid epoch balanced_accuracy: 0.522727
EPOCH 16:
VALIDATION
valid epoch balanced_accuracy: 0.522727
EPOCH 17:
VALIDATION
valid epoch balanced_accuracy: 0.613636
EPOCH 18:
VALIDATION
valid epoch balanced_accuracy: 0.545455
EPOCH 19:
VALIDATION
valid epoch balanced_accuracy: 0.522727
EPOCH 20:
VALIDATION
valid epoch balanced_accuracy: 0.522727
EPOCH 21:
VALIDATION
valid epoch balanced_accuracy: 0.522727
EPOCH 22:
VALIDATION
valid epoch balanced_accuracy: 0.568182
EPOCH 23:
VALIDATION
valid epoch balanced_accuracy: 0.617133
EPOCH 24:
VALIDATION
valid epoch balanced_accuracy: 0.545455
EPOCH 25:
VALIDATION
valid epoch balanced_accuracy: 0.522727
EPOCH 26:
VALIDATION
valid epoch balanced_accuracy: 0.500000
EPOCH 27:
VALIDATION
valid epoch balanced_accuracy: 0.522727
EPOCH 28:
VALIDATION
valid epoch balanced_accuracy: 0.522727
EPOCH 29:
VALIDATION
valid epoch balanced_accuracy: 0.590909
EPOCH 30:
VALIDATION
valid epoch balanced_accuracy: 0.590909
EPOCH 31:
VALIDATION
valid epoch balanced_accuracy: 0.568182
EPOCH 32:
VALIDATION
valid epoch balanced_accuracy: 0.522727
EPOCH 33:
VALIDATION
valid epoch balanced_accuracy: 0.500000
EPOCH 34:
VALIDATION
valid epoch balanced_accuracy: 0.522727
EPOCH 35:
VALIDATION
valid epoch balanced_accuracy: 0.500000
EPOCH 36:
VALIDATION
valid epoch balanced_accuracy: 0.522727
EPOCH 37:
VALIDATION
valid epoch balanced_accuracy: 0.522727
EPOCH 38:
VALIDATION
valid epoch balanced_accuracy: 0.500000
EPOCH 39:
VALIDATION
valid epoch balanced_accuracy: 0.522727
EPOCH 40:
VALIDATION
valid epoch balanced_accuracy: 0.522727
EPOCH 41:
VALIDATION
valid epoch balanced_accuracy: 0.500000
EPOCH 42:
VALIDATION
valid epoch balanced_accuracy: 0.500000
EPOCH 43:
VALIDATION
valid epoch balanced_accuracy: 0.522727
EPOCH 44:
VALIDATION
valid epoch balanced_accuracy: 0.522727
EPOCH 45:
VALIDATION
valid epoch balanced_accuracy: 0.522727
EPOCH 46:
VALIDATION
valid epoch balanced_accuracy: 0.500000
EPOCH 47:
VALIDATION
valid epoch balanced_accuracy: 0.522727
EPOCH 48:
VALIDATION
valid epoch balanced_accuracy: 0.503497
EPOCH 49:
VALIDATION
valid epoch balanced_accuracy: 0.500000
EPOCH 50:
VALIDATION
valid epoch balanced_accuracy: 0.522727
EPOCH 51:
VALIDATION
valid epoch balanced_accuracy: 0.522727
EPOCH 52:
VALIDATION
valid epoch balanced_accuracy: 0.522727
EPOCH 53:
VALIDATION
valid epoch balanced_accuracy: 0.522727
EPOCH 54:
VALIDATION
valid epoch balanced_accuracy: 0.522727
EPOCH 55:
VALIDATION
valid epoch balanced_accuracy: 0.500000
EPOCH 56:
VALIDATION
valid epoch balanced_accuracy: 0.503497
EPOCH 57:
VALIDATION
valid epoch balanced_accuracy: 0.500000
EPOCH 58:
VALIDATION
valid epoch balanced_accuracy: 0.503497
EPOCH 59:
VALIDATION
valid epoch balanced_accuracy: 0.500000
EPOCH 60:
VALIDATION
valid epoch balanced_accuracy: 0.500000
EPOCH 61:
VALIDATION
valid epoch balanced_accuracy: 0.500000
EPOCH 62:
VALIDATION
valid epoch balanced_accuracy: 0.480769
EPOCH 63:
VALIDATION
valid epoch balanced_accuracy: 0.503497
EPOCH 64:
VALIDATION
valid epoch balanced_accuracy: 0.590909
EPOCH 65:
VALIDATION
valid epoch balanced_accuracy: 0.480769
EPOCH 66:
VALIDATION
valid epoch balanced_accuracy: 0.487762
EPOCH 67:
VALIDATION
valid epoch balanced_accuracy: 0.522727
EPOCH 68:
VALIDATION
valid epoch balanced_accuracy: 0.500000
EPOCH 69:
VALIDATION
valid epoch balanced_accuracy: 0.500000
EPOCH 70:
VALIDATION
valid epoch balanced_accuracy: 0.613636
EPOCH 71:
VALIDATION
valid epoch balanced_accuracy: 0.480769
EPOCH 72:
VALIDATION
valid epoch balanced_accuracy: 0.522727
EPOCH 73:
VALIDATION
valid epoch balanced_accuracy: 0.503497
EPOCH 74:
VALIDATION
valid epoch balanced_accuracy: 0.500000
EPOCH 75:
VALIDATION
valid epoch balanced_accuracy: 0.503497
EPOCH 76:
VALIDATION
valid epoch balanced_accuracy: 0.503497
EARLY STOPPING: rolling validation balanced accuracy did not improve for 60 epochs and validation loss increased over the same window.
accuracy: 0.553191
sensitivity: 0.047619
precision: 0.500000
specificity: 0.961538
IoU: 0.045455
FAR: 0.038462
F1: 0.086957
balanced_accuracy: 0.504579
loss: 0.244459
