
number of parameters : 4501286
train : (1402, 12)
valid : (55, 12)
test : (55, 12)
class weights : [1.0, 1.0]
balanced batches : 88 per epoch covering all 1402 train rows, target 8 positive + 8 unlabeled
data extracted
EPOCH 1:
VALIDATION
valid epoch balanced_accuracy: 0.717742
EPOCH 2:
VALIDATION
valid epoch balanced_accuracy: 0.821909
EPOCH 3:
VALIDATION
valid epoch balanced_accuracy: 0.801075
EPOCH 4:
VALIDATION
valid epoch balanced_accuracy: 0.681452
EPOCH 5:
VALIDATION
valid epoch balanced_accuracy: 0.526882
EPOCH 6:
VALIDATION
valid epoch balanced_accuracy: 0.591398
EPOCH 7:
VALIDATION
valid epoch balanced_accuracy: 0.457661
EPOCH 8:
VALIDATION
valid epoch balanced_accuracy: 0.452957
EPOCH 9:
VALIDATION
valid epoch balanced_accuracy: 0.713710
EPOCH 10:
VALIDATION
valid epoch balanced_accuracy: 0.729839
EPOCH 11:
VALIDATION
valid epoch balanced_accuracy: 0.713710
EPOCH 12:
VALIDATION
valid epoch balanced_accuracy: 0.577957
EPOCH 13:
VALIDATION
valid epoch balanced_accuracy: 0.723118
EPOCH 14:
VALIDATION
valid epoch balanced_accuracy: 0.695565
EPOCH 15:
VALIDATION
valid epoch balanced_accuracy: 0.713710
EPOCH 16:
VALIDATION
valid epoch balanced_accuracy: 0.681452
EPOCH 17:
VALIDATION
valid epoch balanced_accuracy: 0.614919
EPOCH 18:
VALIDATION
valid epoch balanced_accuracy: 0.725134
EPOCH 19:
VALIDATION
valid epoch balanced_accuracy: 0.725134
EPOCH 20:
VALIDATION
valid epoch balanced_accuracy: 0.594086
EPOCH 21:
VALIDATION
valid epoch balanced_accuracy: 0.647177
EPOCH 22:
VALIDATION
valid epoch balanced_accuracy: 0.665323
EPOCH 23:
VALIDATION
valid epoch balanced_accuracy: 0.670027
EPOCH 24:
VALIDATION
valid epoch balanced_accuracy: 0.614919
EPOCH 25:
VALIDATION
valid epoch balanced_accuracy: 0.723118
EPOCH 26:
VALIDATION
valid epoch balanced_accuracy: 0.718414
EPOCH 27:
VALIDATION
valid epoch balanced_accuracy: 0.386425
EPOCH 28:
VALIDATION
valid epoch balanced_accuracy: 0.655914
EPOCH 29:
VALIDATION
valid epoch balanced_accuracy: 0.702285
EPOCH 30:
VALIDATION
valid epoch balanced_accuracy: 0.706989
EPOCH 31:
VALIDATION
valid epoch balanced_accuracy: 0.706989
EPOCH 32:
VALIDATION
valid epoch balanced_accuracy: 0.723118
EPOCH 33:
VALIDATION
valid epoch balanced_accuracy: 0.711694
EPOCH 34:
VALIDATION
valid epoch balanced_accuracy: 0.570565
EPOCH 35:
VALIDATION
valid epoch balanced_accuracy: 0.723118
EPOCH 36:
VALIDATION
valid epoch balanced_accuracy: 0.723118
EPOCH 37:
VALIDATION
valid epoch balanced_accuracy: 0.674731
EPOCH 38:
VALIDATION
valid epoch balanced_accuracy: 0.626344
EPOCH 39:
VALIDATION
valid epoch balanced_accuracy: 0.670027
EPOCH 40:
VALIDATION
valid epoch balanced_accuracy: 0.727823
EPOCH 41:
VALIDATION
valid epoch balanced_accuracy: 0.653898
EPOCH 42:
VALIDATION
valid epoch balanced_accuracy: 0.718414
EPOCH 43:
VALIDATION
valid epoch balanced_accuracy: 0.706989
EPOCH 44:
VALIDATION
valid epoch balanced_accuracy: 0.598790
EPOCH 45:
VALIDATION
valid epoch balanced_accuracy: 0.614919
EPOCH 46:
VALIDATION
valid epoch balanced_accuracy: 0.695565
EPOCH 47:
VALIDATION
valid epoch balanced_accuracy: 0.727823
EPOCH 48:
VALIDATION
valid epoch balanced_accuracy: 0.739247
EPOCH 49:
VALIDATION
valid epoch balanced_accuracy: 0.702285
EPOCH 50:
VALIDATION
valid epoch balanced_accuracy: 0.697581
EPOCH 51:
VALIDATION
valid epoch balanced_accuracy: 0.670027
EPOCH 52:
VALIDATION
valid epoch balanced_accuracy: 0.718414
EPOCH 53:
VALIDATION
valid epoch balanced_accuracy: 0.727823
EPOCH 54:
VALIDATION
valid epoch balanced_accuracy: 0.739247
EPOCH 55:
VALIDATION
valid epoch balanced_accuracy: 0.605511
EPOCH 56:
VALIDATION
valid epoch balanced_accuracy: 0.711694
EPOCH 57:
VALIDATION
valid epoch balanced_accuracy: 0.743952
EPOCH 58:
VALIDATION
valid epoch balanced_accuracy: 0.660618
EPOCH 59:
VALIDATION
valid epoch balanced_accuracy: 0.739247
EPOCH 60:
VALIDATION
valid epoch balanced_accuracy: 0.697581
EPOCH 61:
VALIDATION
valid epoch balanced_accuracy: 0.723118
EPOCH 62:
VALIDATION
valid epoch balanced_accuracy: 0.739247
EPOCH 63:
VALIDATION
valid epoch balanced_accuracy: 0.660618
EPOCH 64:
VALIDATION
valid epoch balanced_accuracy: 0.739247
EPOCH 65:
VALIDATION
valid epoch balanced_accuracy: 0.688172
EPOCH 66:
VALIDATION
valid epoch balanced_accuracy: 0.702285
EPOCH 67:
VALIDATION
valid epoch balanced_accuracy: 0.718414
EPOCH 68:
VALIDATION
valid epoch balanced_accuracy: 0.713710
EPOCH 69:
VALIDATION
valid epoch balanced_accuracy: 0.771505
EPOCH 70:
VALIDATION
valid epoch balanced_accuracy: 0.760081
EPOCH 71:
VALIDATION
valid epoch balanced_accuracy: 0.697581
EPOCH 72:
VALIDATION
valid epoch balanced_accuracy: 0.739247
EPOCH 73:
VALIDATION
valid epoch balanced_accuracy: 0.681452
EPOCH 74:
VALIDATION
valid epoch balanced_accuracy: 0.739247
EPOCH 75:
VALIDATION
valid epoch balanced_accuracy: 0.697581
EPOCH 76:
VALIDATION
valid epoch balanced_accuracy: 0.665323
EPOCH 77:
VALIDATION
valid epoch balanced_accuracy: 0.723118
EPOCH 78:
VALIDATION
valid epoch balanced_accuracy: 0.718414
EPOCH 79:
VALIDATION
valid epoch balanced_accuracy: 0.676747
EPOCH 80:
VALIDATION
valid epoch balanced_accuracy: 0.697581
EPOCH 81:
VALIDATION
valid epoch balanced_accuracy: 0.739247
EPOCH 82:
VALIDATION
valid epoch balanced_accuracy: 0.695565
EPOCH 83:
VALIDATION
valid epoch balanced_accuracy: 0.655914
EPOCH 84:
VALIDATION
valid epoch balanced_accuracy: 0.660618
EPOCH 85:
VALIDATION
valid epoch balanced_accuracy: 0.660618
EPOCH 86:
VALIDATION
valid epoch balanced_accuracy: 0.660618
EPOCH 87:
VALIDATION
valid epoch balanced_accuracy: 0.727823
EPOCH 88:
VALIDATION
valid epoch balanced_accuracy: 0.655914
EPOCH 89:
VALIDATION
valid epoch balanced_accuracy: 0.676747
EPOCH 90:
VALIDATION
valid epoch balanced_accuracy: 0.681452
EPOCH 91:
VALIDATION
valid epoch balanced_accuracy: 0.723118
EPOCH 92:
VALIDATION
valid epoch balanced_accuracy: 0.660618
EPOCH 93:
VALIDATION
valid epoch balanced_accuracy: 0.688172
EPOCH 94:
VALIDATION
valid epoch balanced_accuracy: 0.676747
EPOCH 95:
VALIDATION
valid epoch balanced_accuracy: 0.692876
EPOCH 96:
VALIDATION
valid epoch balanced_accuracy: 0.713710
EPOCH 97:
VALIDATION
valid epoch balanced_accuracy: 0.692876
EPOCH 98:
VALIDATION
valid epoch balanced_accuracy: 0.741263
EPOCH 99:
VALIDATION
valid epoch balanced_accuracy: 0.731855
EPOCH 100:
VALIDATION
valid epoch balanced_accuracy: 0.639785
EPOCH 101:
VALIDATION
valid epoch balanced_accuracy: 0.688172
EPOCH 102:
VALIDATION
valid epoch balanced_accuracy: 0.709005
EPOCH 103:
VALIDATION
valid epoch balanced_accuracy: 0.651210
EPOCH 104:
VALIDATION
valid epoch balanced_accuracy: 0.639785
EPOCH 105:
VALIDATION
valid epoch balanced_accuracy: 0.709005
EPOCH 106:
VALIDATION
valid epoch balanced_accuracy: 0.709005
EPOCH 107:
VALIDATION
valid epoch balanced_accuracy: 0.618952
EPOCH 108:
VALIDATION
valid epoch balanced_accuracy: 0.633065
EPOCH 109:
VALIDATION
valid epoch balanced_accuracy: 0.618952
EPOCH 110:
VALIDATION
valid epoch balanced_accuracy: 0.683468
EPOCH 111:
VALIDATION
valid epoch balanced_accuracy: 0.639785
EPOCH 112:
VALIDATION
valid epoch balanced_accuracy: 0.628360
EPOCH 113:
VALIDATION
valid epoch balanced_accuracy: 0.598118
EPOCH 114:
VALIDATION
valid epoch balanced_accuracy: 0.688172
EPOCH 115:
VALIDATION
valid epoch balanced_accuracy: 0.702285
EPOCH 116:
VALIDATION
valid epoch balanced_accuracy: 0.688172
EPOCH 117:
VALIDATION
valid epoch balanced_accuracy: 0.644489
EPOCH 118:
VALIDATION
valid epoch balanced_accuracy: 0.665323
EPOCH 119:
VALIDATION
valid epoch balanced_accuracy: 0.665323
EPOCH 120:
VALIDATION
valid epoch balanced_accuracy: 0.688172
EPOCH 121:
VALIDATION
valid epoch balanced_accuracy: 0.660618
EPOCH 122:
VALIDATION
valid epoch balanced_accuracy: 0.660618
EPOCH 123:
VALIDATION
valid epoch balanced_accuracy: 0.729839
EPOCH 124:
VALIDATION
valid epoch balanced_accuracy: 0.676747
EPOCH 125:
VALIDATION
valid epoch balanced_accuracy: 0.697581
EPOCH 126:
VALIDATION
valid epoch balanced_accuracy: 0.702285
EPOCH 127:
VALIDATION
valid epoch balanced_accuracy: 0.723118
EPOCH 128:
VALIDATION
valid epoch balanced_accuracy: 0.676747
EPOCH 129:
VALIDATION
valid epoch balanced_accuracy: 0.676747
EPOCH 130:
VALIDATION
valid epoch balanced_accuracy: 0.655914
EPOCH 131:
VALIDATION
valid epoch balanced_accuracy: 0.713710
EPOCH 132:
VALIDATION
valid epoch balanced_accuracy: 0.676747
EPOCH 133:
VALIDATION
valid epoch balanced_accuracy: 0.644489
EPOCH 134:
VALIDATION
valid epoch balanced_accuracy: 0.655914
EPOCH 135:
VALIDATION
valid epoch balanced_accuracy: 0.644489
EPOCH 136:
VALIDATION
valid epoch balanced_accuracy: 0.676747
EPOCH 137:
VALIDATION
valid epoch balanced_accuracy: 0.635081
EPOCH 138:
VALIDATION
valid epoch balanced_accuracy: 0.743952
EPOCH 139:
VALIDATION
valid epoch balanced_accuracy: 0.662634
EPOCH 140:
VALIDATION
valid epoch balanced_accuracy: 0.630376
EPOCH 141:
VALIDATION
valid epoch balanced_accuracy: 0.649194
EPOCH 142:
VALIDATION
valid epoch balanced_accuracy: 0.681452
EPOCH 143:
VALIDATION
valid epoch balanced_accuracy: 0.681452
EPOCH 144:
VALIDATION
valid epoch balanced_accuracy: 0.681452
EPOCH 145:
VALIDATION
valid epoch balanced_accuracy: 0.697581
EPOCH 146:
VALIDATION
valid epoch balanced_accuracy: 0.739247
EPOCH 147:
VALIDATION
valid epoch balanced_accuracy: 0.649194
EPOCH 148:
VALIDATION
valid epoch balanced_accuracy: 0.681452
EPOCH 149:
VALIDATION
valid epoch balanced_accuracy: 0.702285
EPOCH 150:
VALIDATION
valid epoch balanced_accuracy: 0.723118
Discovered surviving group widths (pruned architecture):
  lipid1.attention.FFN.3: 384/384 active
  lipid1.attention.FFN.7: 384/384 active
  protein1.enc_plm.2: 768/768 active
  protein1.enc_plm.5: 256/256 active
  protein1.enc_plm.8: 64/64 active
  protein1.enc_plm.10: 32/32 active
  protein1.attention.FFN.3: 384/384 active
  protein1.attention.FFN.7: 384/384 active
  protein1.mlp.3: 384/384 active
  protein1.mlp.7: 384/384 active
  cross_attention1.lipFFN.3: 384/384 active
  cross_attention1.lipFFN.7: 384/384 active
  cross_attention1.protFFN.3: 384/384 active
  cross_attention1.protFFN.7: 384/384 active
  final_layer.binar.3: 384/384 active
  final_layer.binar.7: 384/384 active
accuracy: 0.690909
sensitivity: 0.875000
precision: 0.600000
specificity: 0.548387
IoU: 0.552632
FAR: 0.451613
F1: 0.711864
balanced_accuracy: 0.711694
loss: 0.601835
