
number of parameters : 1038350
train : (1292, 12)
valid : (21, 12)
test : (21, 12)
class weights : [1.1875, 0.8636363744735718]
data extracted
EPOCH 1:
VALIDATION
valid epoch balanced_accuracy: 0.578947
EPOCH 2:
VALIDATION
valid epoch balanced_accuracy: 0.526316
EPOCH 3:
VALIDATION
valid epoch balanced_accuracy: 0.407895
EPOCH 4:
VALIDATION
valid epoch balanced_accuracy: 0.578947
EPOCH 5:
VALIDATION
valid epoch balanced_accuracy: 0.578947
EPOCH 6:
VALIDATION
valid epoch balanced_accuracy: 0.578947
EPOCH 7:
VALIDATION
valid epoch balanced_accuracy: 0.605263
EPOCH 8:
VALIDATION
valid epoch balanced_accuracy: 0.552632
EPOCH 9:
VALIDATION
valid epoch balanced_accuracy: 0.684211
EPOCH 10:
VALIDATION
valid epoch balanced_accuracy: 0.552632
EPOCH 11:
VALIDATION
valid epoch balanced_accuracy: 0.302632
EPOCH 12:
VALIDATION
valid epoch balanced_accuracy: 0.302632
EPOCH 13:
VALIDATION
valid epoch balanced_accuracy: 0.657895
EPOCH 14:
VALIDATION
valid epoch balanced_accuracy: 0.526316
EPOCH 15:
VALIDATION
valid epoch balanced_accuracy: 0.578947
EPOCH 16:
VALIDATION
valid epoch balanced_accuracy: 0.526316
EPOCH 17:
VALIDATION
valid epoch balanced_accuracy: 0.460526
EPOCH 18:
VALIDATION
valid epoch balanced_accuracy: 0.460526
EPOCH 19:
VALIDATION
valid epoch balanced_accuracy: 0.328947
EPOCH 20:
VALIDATION
valid epoch balanced_accuracy: 0.407895
EPOCH 21:
VALIDATION
valid epoch balanced_accuracy: 0.328947
EPOCH 22:
VALIDATION
valid epoch balanced_accuracy: 0.434211
EPOCH 23:
VALIDATION
valid epoch balanced_accuracy: 0.407895
EPOCH 24:
VALIDATION
valid epoch balanced_accuracy: 0.486842
EPOCH 25:
VALIDATION
valid epoch balanced_accuracy: 0.407895
EPOCH 26:
VALIDATION
valid epoch balanced_accuracy: 0.552632
EPOCH 27:
VALIDATION
valid epoch balanced_accuracy: 0.486842
EPOCH 28:
VALIDATION
valid epoch balanced_accuracy: 0.407895
EPOCH 29:
VALIDATION
valid epoch balanced_accuracy: 0.539474
EPOCH 30:
VALIDATION
valid epoch balanced_accuracy: 0.486842
EPOCH 31:
VALIDATION
valid epoch balanced_accuracy: 0.434211
EPOCH 32:
VALIDATION
valid epoch balanced_accuracy: 0.486842
EPOCH 33:
VALIDATION
valid epoch balanced_accuracy: 0.657895
EPOCH 34:
VALIDATION
valid epoch balanced_accuracy: 0.460526
EPOCH 35:
VALIDATION
valid epoch balanced_accuracy: 0.644737
EPOCH 36:
VALIDATION
valid epoch balanced_accuracy: 0.355263
EPOCH 37:
VALIDATION
valid epoch balanced_accuracy: 0.460526
EPOCH 38:
VALIDATION
valid epoch balanced_accuracy: 0.407895
EPOCH 39:
VALIDATION
valid epoch balanced_accuracy: 0.434211
EPOCH 40:
VALIDATION
valid epoch balanced_accuracy: 0.539474
EPOCH 41:
VALIDATION
valid epoch balanced_accuracy: 0.592105
EPOCH 42:
VALIDATION
valid epoch balanced_accuracy: 0.407895
EPOCH 43:
VALIDATION
valid epoch balanced_accuracy: 0.381579
EPOCH 44:
VALIDATION
valid epoch balanced_accuracy: 0.381579
EPOCH 45:
VALIDATION
valid epoch balanced_accuracy: 0.486842
EPOCH 46:
VALIDATION
valid epoch balanced_accuracy: 0.486842
EPOCH 47:
VALIDATION
valid epoch balanced_accuracy: 0.407895
EPOCH 48:
VALIDATION
valid epoch balanced_accuracy: 0.539474
EPOCH 49:
VALIDATION
valid epoch balanced_accuracy: 0.434211
EPOCH 50:
VALIDATION
valid epoch balanced_accuracy: 0.355263
EPOCH 51:
VALIDATION
valid epoch balanced_accuracy: 0.460526
EPOCH 52:
VALIDATION
valid epoch balanced_accuracy: 0.513158
EPOCH 53:
VALIDATION
valid epoch balanced_accuracy: 0.631579
EPOCH 54:
VALIDATION
valid epoch balanced_accuracy: 0.407895
EPOCH 55:
VALIDATION
valid epoch balanced_accuracy: 0.355263
EPOCH 56:
VALIDATION
valid epoch balanced_accuracy: 0.513158
EPOCH 57:
VALIDATION
valid epoch balanced_accuracy: 0.513158
EPOCH 58:
VALIDATION
valid epoch balanced_accuracy: 0.460526
EPOCH 59:
VALIDATION
valid epoch balanced_accuracy: 0.486842
EPOCH 60:
VALIDATION
valid epoch balanced_accuracy: 0.407895
EPOCH 61:
VALIDATION
valid epoch balanced_accuracy: 0.460526
EPOCH 62:
VALIDATION
valid epoch balanced_accuracy: 0.460526
EPOCH 63:
VALIDATION
valid epoch balanced_accuracy: 0.657895
EPOCH 64:
VALIDATION
valid epoch balanced_accuracy: 0.355263
EPOCH 65:
VALIDATION
valid epoch balanced_accuracy: 0.434211
EPOCH 66:
VALIDATION
valid epoch balanced_accuracy: 0.434211
EPOCH 67:
VALIDATION
valid epoch balanced_accuracy: 0.407895
EPOCH 68:
VALIDATION
valid epoch balanced_accuracy: 0.539474
EPOCH 69:
VALIDATION
valid epoch balanced_accuracy: 0.565789
EARLY STOPPING: rolling validation balanced accuracy did not improve for 60 epochs and validation loss increased over the same window.
accuracy: 0.523810
sensitivity: 0.833333
precision: 0.357143
specificity: 0.400000
IoU: 0.333333
FAR: 0.600000
F1: 0.500000
balanced_accuracy: 0.616667
loss: 0.759859
