
number of parameters : 1403984
train : (1240, 12)
valid : (46, 12)
test : (45, 12)
class weights : [1.1764706373214722, 0.8695651888847351]
data extracted
EPOCH 1:
VALIDATION
valid epoch balanced_accuracy: 0.500000
EPOCH 2:
VALIDATION
valid epoch balanced_accuracy: 0.586957
EPOCH 3:
VALIDATION
valid epoch balanced_accuracy: 0.521739
EPOCH 4:
VALIDATION
valid epoch balanced_accuracy: 0.521739
EPOCH 5:
VALIDATION
valid epoch balanced_accuracy: 0.500000
EPOCH 6:
VALIDATION
valid epoch balanced_accuracy: 0.521739
EPOCH 7:
VALIDATION
valid epoch balanced_accuracy: 0.565217
EPOCH 8:
VALIDATION
valid epoch balanced_accuracy: 0.500000
EPOCH 9:
VALIDATION
valid epoch balanced_accuracy: 0.608696
EPOCH 10:
VALIDATION
valid epoch balanced_accuracy: 0.456522
EPOCH 11:
VALIDATION
valid epoch balanced_accuracy: 0.652174
EPOCH 12:
VALIDATION
valid epoch balanced_accuracy: 0.652174
EPOCH 13:
VALIDATION
valid epoch balanced_accuracy: 0.673913
EPOCH 14:
VALIDATION
valid epoch balanced_accuracy: 0.608696
EPOCH 15:
VALIDATION
valid epoch balanced_accuracy: 0.652174
EPOCH 16:
VALIDATION
valid epoch balanced_accuracy: 0.565217
EPOCH 17:
VALIDATION
valid epoch balanced_accuracy: 0.543478
EPOCH 18:
VALIDATION
valid epoch balanced_accuracy: 0.630435
EPOCH 19:
VALIDATION
valid epoch balanced_accuracy: 0.673913
EPOCH 20:
VALIDATION
valid epoch balanced_accuracy: 0.673913
EPOCH 21:
VALIDATION
valid epoch balanced_accuracy: 0.630435
EPOCH 22:
VALIDATION
valid epoch balanced_accuracy: 0.608696
EPOCH 23:
VALIDATION
valid epoch balanced_accuracy: 0.608696
EPOCH 24:
VALIDATION
valid epoch balanced_accuracy: 0.695652
EPOCH 25:
VALIDATION
valid epoch balanced_accuracy: 0.673913
EPOCH 26:
VALIDATION
valid epoch balanced_accuracy: 0.652174
EPOCH 27:
VALIDATION
valid epoch balanced_accuracy: 0.586957
EPOCH 28:
VALIDATION
valid epoch balanced_accuracy: 0.586957
EPOCH 29:
VALIDATION
valid epoch balanced_accuracy: 0.586957
EPOCH 30:
VALIDATION
valid epoch balanced_accuracy: 0.695652
EPOCH 31:
VALIDATION
valid epoch balanced_accuracy: 0.586957
EPOCH 32:
VALIDATION
valid epoch balanced_accuracy: 0.586957
EPOCH 33:
VALIDATION
valid epoch balanced_accuracy: 0.586957
EPOCH 34:
VALIDATION
valid epoch balanced_accuracy: 0.630435
EPOCH 35:
VALIDATION
valid epoch balanced_accuracy: 0.652174
EPOCH 36:
VALIDATION
valid epoch balanced_accuracy: 0.586957
EPOCH 37:
VALIDATION
valid epoch balanced_accuracy: 0.565217
EPOCH 38:
VALIDATION
valid epoch balanced_accuracy: 0.630435
EPOCH 39:
VALIDATION
valid epoch balanced_accuracy: 0.673913
EPOCH 40:
VALIDATION
valid epoch balanced_accuracy: 0.586957
EPOCH 41:
VALIDATION
valid epoch balanced_accuracy: 0.630435
EPOCH 42:
VALIDATION
valid epoch balanced_accuracy: 0.630435
EPOCH 43:
VALIDATION
valid epoch balanced_accuracy: 0.586957
EPOCH 44:
VALIDATION
valid epoch balanced_accuracy: 0.586957
EPOCH 45:
VALIDATION
valid epoch balanced_accuracy: 0.652174
EPOCH 46:
VALIDATION
valid epoch balanced_accuracy: 0.630435
EPOCH 47:
VALIDATION
valid epoch balanced_accuracy: 0.608696
EPOCH 48:
VALIDATION
valid epoch balanced_accuracy: 0.586957
EPOCH 49:
VALIDATION
valid epoch balanced_accuracy: 0.673913
EPOCH 50:
VALIDATION
valid epoch balanced_accuracy: 0.586957
EPOCH 51:
VALIDATION
valid epoch balanced_accuracy: 0.630435
EPOCH 52:
VALIDATION
valid epoch balanced_accuracy: 0.608696
EPOCH 53:
VALIDATION
valid epoch balanced_accuracy: 0.608696
EPOCH 54:
VALIDATION
valid epoch balanced_accuracy: 0.630435
EPOCH 55:
VALIDATION
valid epoch balanced_accuracy: 0.586957
EPOCH 56:
VALIDATION
valid epoch balanced_accuracy: 0.608696
EPOCH 57:
VALIDATION
valid epoch balanced_accuracy: 0.543478
EPOCH 58:
VALIDATION
valid epoch balanced_accuracy: 0.652174
EPOCH 59:
VALIDATION
valid epoch balanced_accuracy: 0.565217
EPOCH 60:
VALIDATION
valid epoch balanced_accuracy: 0.695652
EPOCH 61:
VALIDATION
valid epoch balanced_accuracy: 0.630435
EPOCH 62:
VALIDATION
valid epoch balanced_accuracy: 0.630435
EPOCH 63:
VALIDATION
valid epoch balanced_accuracy: 0.652174
EPOCH 64:
VALIDATION
valid epoch balanced_accuracy: 0.565217
EPOCH 65:
VALIDATION
valid epoch balanced_accuracy: 0.673913
EPOCH 66:
VALIDATION
valid epoch balanced_accuracy: 0.630435
EPOCH 67:
VALIDATION
valid epoch balanced_accuracy: 0.543478
EPOCH 68:
VALIDATION
valid epoch balanced_accuracy: 0.543478
EPOCH 69:
VALIDATION
valid epoch balanced_accuracy: 0.586957
EPOCH 70:
VALIDATION
valid epoch balanced_accuracy: 0.543478
EPOCH 71:
VALIDATION
valid epoch balanced_accuracy: 0.586957
EPOCH 72:
VALIDATION
valid epoch balanced_accuracy: 0.586957
EPOCH 73:
VALIDATION
valid epoch balanced_accuracy: 0.565217
EPOCH 74:
VALIDATION
valid epoch balanced_accuracy: 0.652174
EPOCH 75:
VALIDATION
valid epoch balanced_accuracy: 0.652174
EPOCH 76:
VALIDATION
valid epoch balanced_accuracy: 0.543478
EPOCH 77:
VALIDATION
valid epoch balanced_accuracy: 0.630435
EPOCH 78:
VALIDATION
valid epoch balanced_accuracy: 0.478261
EPOCH 79:
VALIDATION
valid epoch balanced_accuracy: 0.586957
EPOCH 80:
VALIDATION
valid epoch balanced_accuracy: 0.630435
EPOCH 81:
VALIDATION
valid epoch balanced_accuracy: 0.673913
EPOCH 82:
VALIDATION
valid epoch balanced_accuracy: 0.673913
EPOCH 83:
VALIDATION
valid epoch balanced_accuracy: 0.608696
EPOCH 84:
VALIDATION
valid epoch balanced_accuracy: 0.608696
EPOCH 85:
VALIDATION
valid epoch balanced_accuracy: 0.565217
EPOCH 86:
VALIDATION
valid epoch balanced_accuracy: 0.565217
EPOCH 87:
VALIDATION
valid epoch balanced_accuracy: 0.652174
EPOCH 88:
VALIDATION
valid epoch balanced_accuracy: 0.630435
EPOCH 89:
VALIDATION
valid epoch balanced_accuracy: 0.717391
EPOCH 90:
VALIDATION
valid epoch balanced_accuracy: 0.521739
EPOCH 91:
VALIDATION
valid epoch balanced_accuracy: 0.608696
EPOCH 92:
VALIDATION
valid epoch balanced_accuracy: 0.608696
EPOCH 93:
VALIDATION
valid epoch balanced_accuracy: 0.608696
EPOCH 94:
VALIDATION
valid epoch balanced_accuracy: 0.586957
EPOCH 95:
VALIDATION
valid epoch balanced_accuracy: 0.630435
EPOCH 96:
VALIDATION
valid epoch balanced_accuracy: 0.630435
EPOCH 97:
VALIDATION
valid epoch balanced_accuracy: 0.586957
EPOCH 98:
VALIDATION
valid epoch balanced_accuracy: 0.608696
EPOCH 99:
VALIDATION
valid epoch balanced_accuracy: 0.586957
EPOCH 100:
VALIDATION
valid epoch balanced_accuracy: 0.608696
EPOCH 101:
VALIDATION
valid epoch balanced_accuracy: 0.630435
EPOCH 102:
VALIDATION
valid epoch balanced_accuracy: 0.630435
EPOCH 103:
VALIDATION
valid epoch balanced_accuracy: 0.630435
EPOCH 104:
VALIDATION
valid epoch balanced_accuracy: 0.608696
EPOCH 105:
VALIDATION
valid epoch balanced_accuracy: 0.652174
EPOCH 106:
VALIDATION
valid epoch balanced_accuracy: 0.608696
EPOCH 107:
VALIDATION
valid epoch balanced_accuracy: 0.521739
EPOCH 108:
VALIDATION
valid epoch balanced_accuracy: 0.565217
EPOCH 109:
VALIDATION
valid epoch balanced_accuracy: 0.586957
EPOCH 110:
VALIDATION
valid epoch balanced_accuracy: 0.608696
EPOCH 111:
VALIDATION
valid epoch balanced_accuracy: 0.630435
EPOCH 112:
VALIDATION
valid epoch balanced_accuracy: 0.630435
EPOCH 113:
VALIDATION
valid epoch balanced_accuracy: 0.630435
EPOCH 114:
VALIDATION
valid epoch balanced_accuracy: 0.608696
EPOCH 115:
VALIDATION
valid epoch balanced_accuracy: 0.608696
EPOCH 116:
VALIDATION
valid epoch balanced_accuracy: 0.673913
EPOCH 117:
VALIDATION
valid epoch balanced_accuracy: 0.586957
EPOCH 118:
VALIDATION
valid epoch balanced_accuracy: 0.673913
EPOCH 119:
VALIDATION
valid epoch balanced_accuracy: 0.543478
EPOCH 120:
VALIDATION
valid epoch balanced_accuracy: 0.521739
EPOCH 121:
VALIDATION
valid epoch balanced_accuracy: 0.543478
EPOCH 122:
VALIDATION
valid epoch balanced_accuracy: 0.565217
EPOCH 123:
VALIDATION
valid epoch balanced_accuracy: 0.565217
EPOCH 124:
VALIDATION
valid epoch balanced_accuracy: 0.586957
EPOCH 125:
VALIDATION
valid epoch balanced_accuracy: 0.521739
EPOCH 126:
VALIDATION
valid epoch balanced_accuracy: 0.608696
EPOCH 127:
VALIDATION
valid epoch balanced_accuracy: 0.543478
EPOCH 128:
VALIDATION
valid epoch balanced_accuracy: 0.586957
EPOCH 129:
VALIDATION
valid epoch balanced_accuracy: 0.565217
EPOCH 130:
VALIDATION
valid epoch balanced_accuracy: 0.586957
EPOCH 131:
VALIDATION
valid epoch balanced_accuracy: 0.630435
EPOCH 132:
VALIDATION
valid epoch balanced_accuracy: 0.586957
EPOCH 133:
VALIDATION
valid epoch balanced_accuracy: 0.608696
EPOCH 134:
VALIDATION
valid epoch balanced_accuracy: 0.630435
EPOCH 135:
VALIDATION
valid epoch balanced_accuracy: 0.608696
EPOCH 136:
VALIDATION
valid epoch balanced_accuracy: 0.608696
EPOCH 137:
VALIDATION
valid epoch balanced_accuracy: 0.608696
EPOCH 138:
VALIDATION
valid epoch balanced_accuracy: 0.608696
EPOCH 139:
VALIDATION
valid epoch balanced_accuracy: 0.608696
EPOCH 140:
VALIDATION
valid epoch balanced_accuracy: 0.608696
EPOCH 141:
VALIDATION
valid epoch balanced_accuracy: 0.608696
EPOCH 142:
VALIDATION
valid epoch balanced_accuracy: 0.608696
EPOCH 143:
VALIDATION
valid epoch balanced_accuracy: 0.608696
EPOCH 144:
VALIDATION
valid epoch balanced_accuracy: 0.500000
EPOCH 145:
VALIDATION
valid epoch balanced_accuracy: 0.586957
EPOCH 146:
VALIDATION
valid epoch balanced_accuracy: 0.608696
EPOCH 147:
VALIDATION
valid epoch balanced_accuracy: 0.608696
EPOCH 148:
VALIDATION
valid epoch balanced_accuracy: 0.586957
EPOCH 149:
VALIDATION
valid epoch balanced_accuracy: 0.608696
EPOCH 150:
VALIDATION
valid epoch balanced_accuracy: 0.608696
accuracy: 0.644444
sensitivity: 0.350000
precision: 0.700000
specificity: 0.880000
IoU: 0.304348
FAR: 0.120000
F1: 0.466667
balanced_accuracy: 0.615000
loss: 0.569971
