
number of parameters : 1022986
train : (1402, 12)
valid : (55, 12)
test : (55, 12)
class weights : [1.0, 1.0]
balanced batches : 88 per epoch covering all 1402 train rows, target 8 positive + 8 unlabeled
data extracted
EPOCH 1:
VALIDATION
valid epoch balanced_accuracy: 0.500000
EPOCH 2:
VALIDATION
valid epoch balanced_accuracy: 0.722446
EPOCH 3:
VALIDATION
valid epoch balanced_accuracy: 0.676075
EPOCH 4:
VALIDATION
valid epoch balanced_accuracy: 0.759409
EPOCH 5:
VALIDATION
valid epoch balanced_accuracy: 0.692876
EPOCH 6:
VALIDATION
valid epoch balanced_accuracy: 0.721102
EPOCH 7:
VALIDATION
valid epoch balanced_accuracy: 0.717742
EPOCH 8:
VALIDATION
valid epoch balanced_accuracy: 0.826613
EPOCH 9:
VALIDATION
valid epoch balanced_accuracy: 0.780242
EPOCH 10:
VALIDATION
valid epoch balanced_accuracy: 0.713710
EPOCH 11:
VALIDATION
valid epoch balanced_accuracy: 0.718414
EPOCH 12:
VALIDATION
valid epoch balanced_accuracy: 0.313844
EPOCH 13:
VALIDATION
valid epoch balanced_accuracy: 0.694892
EPOCH 14:
VALIDATION
valid epoch balanced_accuracy: 0.517473
EPOCH 15:
VALIDATION
valid epoch balanced_accuracy: 0.522177
EPOCH 16:
VALIDATION
valid epoch balanced_accuracy: 0.561828
EPOCH 17:
VALIDATION
valid epoch balanced_accuracy: 0.480511
EPOCH 18:
VALIDATION
valid epoch balanced_accuracy: 0.480511
EPOCH 19:
VALIDATION
valid epoch balanced_accuracy: 0.538306
EPOCH 20:
VALIDATION
valid epoch balanced_accuracy: 0.565860
EPOCH 21:
VALIDATION
valid epoch balanced_accuracy: 0.557124
EPOCH 22:
VALIDATION
valid epoch balanced_accuracy: 0.543011
EPOCH 23:
VALIDATION
valid epoch balanced_accuracy: 0.579973
EPOCH 24:
VALIDATION
valid epoch balanced_accuracy: 0.619624
EPOCH 25:
VALIDATION
valid epoch balanced_accuracy: 0.524194
EPOCH 26:
VALIDATION
valid epoch balanced_accuracy: 0.616263
EPOCH 27:
VALIDATION
valid epoch balanced_accuracy: 0.612231
EPOCH 28:
VALIDATION
valid epoch balanced_accuracy: 0.549731
EPOCH 29:
VALIDATION
valid epoch balanced_accuracy: 0.494624
EPOCH 30:
VALIDATION
valid epoch balanced_accuracy: 0.462366
EPOCH 31:
VALIDATION
valid epoch balanced_accuracy: 0.434812
EPOCH 32:
VALIDATION
valid epoch balanced_accuracy: 0.478495
EPOCH 33:
VALIDATION
valid epoch balanced_accuracy: 0.494624
EPOCH 34:
VALIDATION
valid epoch balanced_accuracy: 0.489919
EPOCH 35:
VALIDATION
valid epoch balanced_accuracy: 0.510753
EPOCH 36:
VALIDATION
valid epoch balanced_accuracy: 0.538306
EPOCH 37:
VALIDATION
valid epoch balanced_accuracy: 0.494624
EPOCH 38:
VALIDATION
valid epoch balanced_accuracy: 0.522177
EPOCH 39:
VALIDATION
valid epoch balanced_accuracy: 0.504032
EPOCH 40:
VALIDATION
valid epoch balanced_accuracy: 0.483199
EPOCH 41:
VALIDATION
valid epoch balanced_accuracy: 0.515457
EPOCH 42:
VALIDATION
valid epoch balanced_accuracy: 0.483199
EPOCH 43:
VALIDATION
valid epoch balanced_accuracy: 0.483199
EPOCH 44:
VALIDATION
valid epoch balanced_accuracy: 0.430108
EPOCH 45:
VALIDATION
valid epoch balanced_accuracy: 0.552419
EPOCH 46:
VALIDATION
valid epoch balanced_accuracy: 0.540995
EPOCH 47:
VALIDATION
valid epoch balanced_accuracy: 0.425403
EPOCH 48:
VALIDATION
valid epoch balanced_accuracy: 0.510753
EPOCH 49:
VALIDATION
valid epoch balanced_accuracy: 0.536290
EPOCH 50:
VALIDATION
valid epoch balanced_accuracy: 0.557124
EPOCH 51:
VALIDATION
valid epoch balanced_accuracy: 0.557124
EPOCH 52:
VALIDATION
valid epoch balanced_accuracy: 0.540995
EPOCH 53:
VALIDATION
valid epoch balanced_accuracy: 0.557124
EPOCH 54:
VALIDATION
valid epoch balanced_accuracy: 0.543011
EPOCH 55:
VALIDATION
valid epoch balanced_accuracy: 0.457661
EPOCH 56:
VALIDATION
valid epoch balanced_accuracy: 0.471774
EPOCH 57:
VALIDATION
valid epoch balanced_accuracy: 0.415995
EPOCH 58:
VALIDATION
valid epoch balanced_accuracy: 0.483199
EPOCH 59:
VALIDATION
valid epoch balanced_accuracy: 0.600806
EPOCH 60:
VALIDATION
valid epoch balanced_accuracy: 0.596102
EPOCH 61:
VALIDATION
valid epoch balanced_accuracy: 0.441532
EPOCH 62:
VALIDATION
valid epoch balanced_accuracy: 0.579973
EPOCH 63:
VALIDATION
valid epoch balanced_accuracy: 0.506048
EPOCH 64:
VALIDATION
valid epoch balanced_accuracy: 0.552419
EPOCH 65:
VALIDATION
valid epoch balanced_accuracy: 0.471774
EPOCH 66:
VALIDATION
valid epoch balanced_accuracy: 0.497312
EPOCH 67:
VALIDATION
valid epoch balanced_accuracy: 0.450941
EPOCH 68:
VALIDATION
valid epoch balanced_accuracy: 0.460349
EPOCH 69:
VALIDATION
valid epoch balanced_accuracy: 0.444220
EPOCH 70:
VALIDATION
valid epoch balanced_accuracy: 0.397849
EPOCH 71:
VALIDATION
valid epoch balanced_accuracy: 0.455645
EPOCH 72:
VALIDATION
valid epoch balanced_accuracy: 0.386425
EPOCH 73:
VALIDATION
valid epoch balanced_accuracy: 0.476478
EPOCH 74:
VALIDATION
valid epoch balanced_accuracy: 0.540995
EPOCH 75:
VALIDATION
valid epoch balanced_accuracy: 0.529570
EPOCH 76:
VALIDATION
valid epoch balanced_accuracy: 0.524866
EPOCH 77:
VALIDATION
valid epoch balanced_accuracy: 0.596102
EPOCH 78:
VALIDATION
valid epoch balanced_accuracy: 0.460349
EPOCH 79:
VALIDATION
valid epoch balanced_accuracy: 0.434812
EPOCH 80:
VALIDATION
valid epoch balanced_accuracy: 0.589382
EPOCH 81:
VALIDATION
valid epoch balanced_accuracy: 0.497312
EPOCH 82:
VALIDATION
valid epoch balanced_accuracy: 0.502016
EPOCH 83:
VALIDATION
valid epoch balanced_accuracy: 0.497312
EPOCH 84:
VALIDATION
valid epoch balanced_accuracy: 0.504032
EPOCH 85:
VALIDATION
valid epoch balanced_accuracy: 0.460349
EPOCH 86:
VALIDATION
valid epoch balanced_accuracy: 0.460349
EPOCH 87:
VALIDATION
valid epoch balanced_accuracy: 0.555108
EPOCH 88:
VALIDATION
valid epoch balanced_accuracy: 0.476478
EPOCH 89:
VALIDATION
valid epoch balanced_accuracy: 0.439516
EPOCH 90:
VALIDATION
valid epoch balanced_accuracy: 0.434812
EPOCH 91:
VALIDATION
valid epoch balanced_accuracy: 0.515457
EPOCH 92:
VALIDATION
valid epoch balanced_accuracy: 0.497312
EPOCH 93:
VALIDATION
valid epoch balanced_accuracy: 0.418683
EPOCH 94:
VALIDATION
valid epoch balanced_accuracy: 0.497312
EPOCH 95:
VALIDATION
valid epoch balanced_accuracy: 0.465054
EPOCH 96:
VALIDATION
valid epoch balanced_accuracy: 0.534274
EPOCH 97:
VALIDATION
valid epoch balanced_accuracy: 0.497312
EPOCH 98:
VALIDATION
valid epoch balanced_accuracy: 0.439516
EPOCH 99:
VALIDATION
valid epoch balanced_accuracy: 0.524866
EPOCH 100:
VALIDATION
valid epoch balanced_accuracy: 0.492608
EPOCH 101:
VALIDATION
valid epoch balanced_accuracy: 0.492608
EPOCH 102:
VALIDATION
valid epoch balanced_accuracy: 0.508737
EPOCH 103:
VALIDATION
valid epoch balanced_accuracy: 0.522177
EPOCH 104:
VALIDATION
valid epoch balanced_accuracy: 0.504032
EPOCH 105:
VALIDATION
valid epoch balanced_accuracy: 0.529570
EPOCH 106:
VALIDATION
valid epoch balanced_accuracy: 0.504032
EPOCH 107:
VALIDATION
valid epoch balanced_accuracy: 0.522177
EPOCH 108:
VALIDATION
valid epoch balanced_accuracy: 0.631048
EPOCH 109:
VALIDATION
valid epoch balanced_accuracy: 0.568548
EPOCH 110:
VALIDATION
valid epoch balanced_accuracy: 0.605511
EPOCH 111:
VALIDATION
valid epoch balanced_accuracy: 0.565860
EPOCH 112:
VALIDATION
valid epoch balanced_accuracy: 0.557124
EPOCH 113:
VALIDATION
valid epoch balanced_accuracy: 0.536290
EPOCH 114:
VALIDATION
valid epoch balanced_accuracy: 0.513441
EPOCH 115:
VALIDATION
valid epoch balanced_accuracy: 0.534274
EPOCH 116:
VALIDATION
valid epoch balanced_accuracy: 0.684140
EPOCH 117:
VALIDATION
valid epoch balanced_accuracy: 0.524866
EPOCH 118:
VALIDATION
valid epoch balanced_accuracy: 0.596102
EPOCH 119:
VALIDATION
valid epoch balanced_accuracy: 0.504032
EPOCH 120:
VALIDATION
valid epoch balanced_accuracy: 0.518145
EPOCH 121:
VALIDATION
valid epoch balanced_accuracy: 0.476478
EPOCH 122:
VALIDATION
valid epoch balanced_accuracy: 0.455645
EPOCH 123:
VALIDATION
valid epoch balanced_accuracy: 0.450941
EPOCH 124:
VALIDATION
valid epoch balanced_accuracy: 0.536290
EPOCH 125:
VALIDATION
valid epoch balanced_accuracy: 0.600806
EPOCH 126:
VALIDATION
valid epoch balanced_accuracy: 0.531586
EPOCH 127:
VALIDATION
valid epoch balanced_accuracy: 0.534274
EPOCH 128:
VALIDATION
valid epoch balanced_accuracy: 0.508737
EPOCH 129:
VALIDATION
valid epoch balanced_accuracy: 0.547715
EPOCH 130:
VALIDATION
valid epoch balanced_accuracy: 0.504032
EPOCH 131:
VALIDATION
valid epoch balanced_accuracy: 0.455645
EPOCH 132:
VALIDATION
valid epoch balanced_accuracy: 0.524866
EPOCH 133:
VALIDATION
valid epoch balanced_accuracy: 0.513441
EPOCH 134:
VALIDATION
valid epoch balanced_accuracy: 0.492608
EPOCH 135:
VALIDATION
valid epoch balanced_accuracy: 0.610215
EPOCH 136:
VALIDATION
valid epoch balanced_accuracy: 0.483199
EPOCH 137:
VALIDATION
valid epoch balanced_accuracy: 0.573253
EPOCH 138:
VALIDATION
valid epoch balanced_accuracy: 0.504032
EPOCH 139:
VALIDATION
valid epoch balanced_accuracy: 0.526882
EPOCH 140:
VALIDATION
valid epoch balanced_accuracy: 0.520161
EPOCH 141:
VALIDATION
valid epoch balanced_accuracy: 0.487903
EPOCH 142:
VALIDATION
valid epoch balanced_accuracy: 0.513441
EPOCH 143:
VALIDATION
valid epoch balanced_accuracy: 0.492608
EPOCH 144:
VALIDATION
valid epoch balanced_accuracy: 0.492608
EPOCH 145:
VALIDATION
valid epoch balanced_accuracy: 0.471774
EPOCH 146:
VALIDATION
valid epoch balanced_accuracy: 0.467070
EPOCH 147:
VALIDATION
valid epoch balanced_accuracy: 0.555108
EPOCH 148:
VALIDATION
valid epoch balanced_accuracy: 0.446237
EPOCH 149:
VALIDATION
valid epoch balanced_accuracy: 0.455645
EPOCH 150:
VALIDATION
valid epoch balanced_accuracy: 0.471774
accuracy: 0.745455
sensitivity: 0.708333
precision: 0.708333
specificity: 0.774194
IoU: 0.548387
FAR: 0.225806
F1: 0.708333
balanced_accuracy: 0.741263
loss: 0.602008
