Waiting for exclusive access to GPU GPU-c950f105-ca64-53ba-9e6d-341a3e74bf3c.
=== GROUP: OSBP | VARIANT: esm3_compression_19 | SEED: 2 | GPU: Tesla V100-SXM2-32GB ===

number of parameters : 1098455
train : (1288, 12)
valid : (22, 12)
test : (21, 12)
class weights : [1.1925926208496094, 0.8609625697135925]
data extracted
EPOCH 1:
VALIDATION
valid epoch balanced_accuracy: 0.666667
EPOCH 2:
VALIDATION
valid epoch balanced_accuracy: 0.500000
EPOCH 3:
VALIDATION
valid epoch balanced_accuracy: 0.842105
EPOCH 4:
VALIDATION
valid epoch balanced_accuracy: 0.473684
EPOCH 5:
VALIDATION
valid epoch balanced_accuracy: 0.868421
EPOCH 6:
VALIDATION
valid epoch balanced_accuracy: 0.473684
EPOCH 7:
VALIDATION
valid epoch balanced_accuracy: 0.473684
EPOCH 8:
VALIDATION
valid epoch balanced_accuracy: 0.500000
EPOCH 9:
VALIDATION
valid epoch balanced_accuracy: 0.473684
EPOCH 10:
VALIDATION
valid epoch balanced_accuracy: 0.500000
EPOCH 11:
VALIDATION
valid epoch balanced_accuracy: 0.447368
EPOCH 12:
VALIDATION
valid epoch balanced_accuracy: 0.947368
EPOCH 13:
VALIDATION
valid epoch balanced_accuracy: 0.894737
EPOCH 14:
VALIDATION
valid epoch balanced_accuracy: 0.500000
EPOCH 15:
VALIDATION
valid epoch balanced_accuracy: 0.447368
EPOCH 16:
VALIDATION
valid epoch balanced_accuracy: 0.473684
EPOCH 17:
VALIDATION
valid epoch balanced_accuracy: 0.780702
EPOCH 18:
VALIDATION
valid epoch balanced_accuracy: 0.473684
EPOCH 19:
VALIDATION
valid epoch balanced_accuracy: 0.921053
EPOCH 20:
VALIDATION
valid epoch balanced_accuracy: 0.947368
EPOCH 21:
VALIDATION
valid epoch balanced_accuracy: 0.500000
EPOCH 22:
VALIDATION
valid epoch balanced_accuracy: 0.500000
EPOCH 23:
VALIDATION
valid epoch balanced_accuracy: 0.780702
EPOCH 24:
VALIDATION
valid epoch balanced_accuracy: 0.473684
EPOCH 25:
VALIDATION
valid epoch balanced_accuracy: 0.780702
EPOCH 26:
VALIDATION
valid epoch balanced_accuracy: 0.921053
EPOCH 27:
VALIDATION
valid epoch balanced_accuracy: 0.421053
EPOCH 28:
VALIDATION
valid epoch balanced_accuracy: 0.947368
EPOCH 29:
VALIDATION
valid epoch balanced_accuracy: 0.421053
EPOCH 30:
VALIDATION
valid epoch balanced_accuracy: 0.447368
EPOCH 31:
VALIDATION
valid epoch balanced_accuracy: 0.500000
EPOCH 32:
VALIDATION
valid epoch balanced_accuracy: 0.473684
EPOCH 33:
VALIDATION
valid epoch balanced_accuracy: 0.447368
EPOCH 34:
VALIDATION
valid epoch balanced_accuracy: 0.473684
EPOCH 35:
VALIDATION
valid epoch balanced_accuracy: 0.921053
EPOCH 36:
VALIDATION
valid epoch balanced_accuracy: 0.780702
EPOCH 37:
VALIDATION
valid epoch balanced_accuracy: 0.473684
EPOCH 38:
VALIDATION
valid epoch balanced_accuracy: 0.421053
EPOCH 39:
VALIDATION
valid epoch balanced_accuracy: 0.868421
EPOCH 40:
VALIDATION
valid epoch balanced_accuracy: 0.754386
EPOCH 41:
VALIDATION
valid epoch balanced_accuracy: 0.754386
EPOCH 42:
VALIDATION
valid epoch balanced_accuracy: 0.947368
EPOCH 43:
VALIDATION
valid epoch balanced_accuracy: 0.473684
EPOCH 44:
VALIDATION
valid epoch balanced_accuracy: 0.921053
EPOCH 45:
VALIDATION
valid epoch balanced_accuracy: 0.473684
EPOCH 46:
VALIDATION
valid epoch balanced_accuracy: 0.500000
EPOCH 47:
VALIDATION
valid epoch balanced_accuracy: 0.473684
EPOCH 48:
VALIDATION
valid epoch balanced_accuracy: 0.473684
EPOCH 49:
VALIDATION
valid epoch balanced_accuracy: 0.473684
EPOCH 50:
VALIDATION
valid epoch balanced_accuracy: 0.473684
EPOCH 51:
VALIDATION
valid epoch balanced_accuracy: 0.473684
EPOCH 52:
VALIDATION
valid epoch balanced_accuracy: 0.640351
EPOCH 53:
VALIDATION
valid epoch balanced_accuracy: 0.342105
EPOCH 54:
VALIDATION
valid epoch balanced_accuracy: 0.473684
EPOCH 55:
VALIDATION
valid epoch balanced_accuracy: 0.473684
EPOCH 56:
VALIDATION
valid epoch balanced_accuracy: 0.473684
EPOCH 57:
VALIDATION
valid epoch balanced_accuracy: 0.473684
EPOCH 58:
VALIDATION
valid epoch balanced_accuracy: 0.447368
EPOCH 59:
VALIDATION
valid epoch balanced_accuracy: 0.473684
EPOCH 60:
VALIDATION
valid epoch balanced_accuracy: 0.640351
EPOCH 61:
VALIDATION
valid epoch balanced_accuracy: 0.587719
EPOCH 62:
VALIDATION
valid epoch balanced_accuracy: 0.447368
EPOCH 63:
VALIDATION
valid epoch balanced_accuracy: 0.780702
EPOCH 64:
VALIDATION
valid epoch balanced_accuracy: 0.614035
EPOCH 65:
VALIDATION
valid epoch balanced_accuracy: 0.473684
EPOCH 66:
VALIDATION
valid epoch balanced_accuracy: 0.780702
EPOCH 67:
VALIDATION
valid epoch balanced_accuracy: 0.473684
EPOCH 68:
VALIDATION
valid epoch balanced_accuracy: 0.614035
EPOCH 69:
VALIDATION
valid epoch balanced_accuracy: 0.614035
EPOCH 70:
VALIDATION
valid epoch balanced_accuracy: 0.894737
EPOCH 71:
VALIDATION
valid epoch balanced_accuracy: 0.780702
EPOCH 72:
VALIDATION
valid epoch balanced_accuracy: 0.473684
EPOCH 73:
VALIDATION
valid epoch balanced_accuracy: 0.447368
EPOCH 74:
VALIDATION
valid epoch balanced_accuracy: 0.447368
EPOCH 75:
VALIDATION
valid epoch balanced_accuracy: 0.780702
EPOCH 76:
VALIDATION
valid epoch balanced_accuracy: 0.473684
EPOCH 77:
VALIDATION
valid epoch balanced_accuracy: 0.473684
EPOCH 78:
VALIDATION
valid epoch balanced_accuracy: 0.473684
EPOCH 79:
VALIDATION
valid epoch balanced_accuracy: 0.394737
EPOCH 80:
VALIDATION
valid epoch balanced_accuracy: 0.368421
EPOCH 81:
VALIDATION
valid epoch balanced_accuracy: 0.508772
EPOCH 82:
VALIDATION
valid epoch balanced_accuracy: 0.473684
EPOCH 83:
VALIDATION
valid epoch balanced_accuracy: 0.614035
EPOCH 84:
VALIDATION
valid epoch balanced_accuracy: 0.447368
EPOCH 85:
VALIDATION
valid epoch balanced_accuracy: 0.421053
EPOCH 86:
VALIDATION
valid epoch balanced_accuracy: 0.894737
EPOCH 87:
VALIDATION
valid epoch balanced_accuracy: 0.421053
EPOCH 88:
VALIDATION
valid epoch balanced_accuracy: 0.780702
EPOCH 89:
VALIDATION
valid epoch balanced_accuracy: 0.421053
EPOCH 90:
VALIDATION
valid epoch balanced_accuracy: 0.421053
EPOCH 91:
VALIDATION
valid epoch balanced_accuracy: 0.447368
EPOCH 92:
VALIDATION
valid epoch balanced_accuracy: 0.473684
EPOCH 93:
VALIDATION
valid epoch balanced_accuracy: 0.421053
EPOCH 94:
VALIDATION
valid epoch balanced_accuracy: 0.447368
EPOCH 95:
VALIDATION
valid epoch balanced_accuracy: 0.447368
EPOCH 96:
VALIDATION
valid epoch balanced_accuracy: 0.447368
EPOCH 97:
VALIDATION
valid epoch balanced_accuracy: 0.421053
EPOCH 98:
VALIDATION
valid epoch balanced_accuracy: 0.342105
EPOCH 99:
VALIDATION
valid epoch balanced_accuracy: 0.649123
EPOCH 100:
VALIDATION
valid epoch balanced_accuracy: 0.421053
EPOCH 101:
VALIDATION
valid epoch balanced_accuracy: 0.473684
EPOCH 102:
VALIDATION
valid epoch balanced_accuracy: 0.447368
EPOCH 103:
VALIDATION
valid epoch balanced_accuracy: 0.447368
EPOCH 104:
VALIDATION
valid epoch balanced_accuracy: 0.368421
EPOCH 105:
VALIDATION
valid epoch balanced_accuracy: 0.447368
EPOCH 106:
VALIDATION
valid epoch balanced_accuracy: 0.447368
EPOCH 107:
VALIDATION
valid epoch balanced_accuracy: 0.447368
EPOCH 108:
VALIDATION
valid epoch balanced_accuracy: 0.421053
EPOCH 109:
VALIDATION
valid epoch balanced_accuracy: 0.421053
EPOCH 110:
VALIDATION
valid epoch balanced_accuracy: 0.394737
EPOCH 111:
VALIDATION
valid epoch balanced_accuracy: 0.447368
EPOCH 112:
VALIDATION
valid epoch balanced_accuracy: 0.394737
EPOCH 113:
VALIDATION
valid epoch balanced_accuracy: 0.421053
EPOCH 114:
VALIDATION
valid epoch balanced_accuracy: 0.421053
EPOCH 115:
VALIDATION
valid epoch balanced_accuracy: 0.447368
EPOCH 116:
VALIDATION
valid epoch balanced_accuracy: 0.447368
EPOCH 117:
VALIDATION
valid epoch balanced_accuracy: 0.614035
EPOCH 118:
VALIDATION
valid epoch balanced_accuracy: 0.614035
EPOCH 119:
VALIDATION
valid epoch balanced_accuracy: 0.447368
EPOCH 120:
VALIDATION
valid epoch balanced_accuracy: 0.447368
EPOCH 121:
VALIDATION
valid epoch balanced_accuracy: 0.447368
EPOCH 122:
VALIDATION
valid epoch balanced_accuracy: 0.421053
EPOCH 123:
VALIDATION
valid epoch balanced_accuracy: 0.447368
EPOCH 124:
VALIDATION
valid epoch balanced_accuracy: 0.587719
EPOCH 125:
VALIDATION
valid epoch balanced_accuracy: 0.701754
EPOCH 126:
VALIDATION
valid epoch balanced_accuracy: 0.368421
EPOCH 127:
VALIDATION
valid epoch balanced_accuracy: 0.868421
EPOCH 128:
VALIDATION
valid epoch balanced_accuracy: 0.447368
EPOCH 129:
VALIDATION
valid epoch balanced_accuracy: 0.421053
EPOCH 130:
VALIDATION
valid epoch balanced_accuracy: 0.640351
EPOCH 131:
VALIDATION
valid epoch balanced_accuracy: 0.947368
EPOCH 132:
VALIDATION
valid epoch balanced_accuracy: 0.614035
EPOCH 133:
VALIDATION
valid epoch balanced_accuracy: 0.614035
EPOCH 134:
VALIDATION
valid epoch balanced_accuracy: 0.473684
EPOCH 135:
VALIDATION
valid epoch balanced_accuracy: 0.473684
EPOCH 136:
VALIDATION
valid epoch balanced_accuracy: 0.473684
EPOCH 137:
VALIDATION
valid epoch balanced_accuracy: 0.640351
EPOCH 138:
VALIDATION
valid epoch balanced_accuracy: 0.473684
EPOCH 139:
VALIDATION
valid epoch balanced_accuracy: 0.473684
EPOCH 140:
VALIDATION
valid epoch balanced_accuracy: 0.473684
EPOCH 141:
VALIDATION
valid epoch balanced_accuracy: 0.447368
EPOCH 142:
VALIDATION
valid epoch balanced_accuracy: 0.473684
EPOCH 143:
VALIDATION
valid epoch balanced_accuracy: 0.473684
EPOCH 144:
VALIDATION
valid epoch balanced_accuracy: 0.947368
EPOCH 145:
VALIDATION
valid epoch balanced_accuracy: 0.614035
EPOCH 146:
VALIDATION
valid epoch balanced_accuracy: 0.447368
EPOCH 147:
VALIDATION
valid epoch balanced_accuracy: 0.780702
EPOCH 148:
VALIDATION
valid epoch balanced_accuracy: 0.447368
EPOCH 149:
VALIDATION
valid epoch balanced_accuracy: 0.473684
EPOCH 150:
VALIDATION
valid epoch balanced_accuracy: 0.473684
accuracy: 0.523810
sensitivity: 0.000000
precision: 0.000000
specificity: 0.687500
IoU: 0.000000
FAR: 0.312500
F1: 0.000000
balanced_accuracy: 0.343750
loss: 0.963080
Traceback (most recent call last):
  File "/home/kalinina/DL_project/./training/new_train.py", line 808, in <module>
    run_test(run_summary)
  File "/home/kalinina/DL_project/./training/new_train.py", line 736, in run_test
    append_metric(
  File "/home/kalinina/DL_project/append_metric_to_table.py", line 31, in append_metric
    upsert_row(table, row)
  File "/home/kalinina/DL_project/build_metrics_table.py", line 691, in upsert_row
    with _table_lock(table_path):
  File "/home/kalinina/.conda/envs/Kalinin_project_LP/lib/python3.10/contextlib.py", line 135, in __enter__
    return next(self.gen)
  File "/home/kalinina/DL_project/build_metrics_table.py", line 680, in _table_lock
    table_path.parent.mkdir(parents=True, exist_ok=True)
AttributeError: 'str' object has no attribute 'parent'
