
number of parameters : 1075406
train : (1246, 12)
valid : (42, 12)
test : (43, 12)
class weights : [1.1688555479049683, 0.8737727999687195]
data extracted
EPOCH 1:
VALIDATION
valid epoch balanced_accuracy: 0.636364
EPOCH 2:
VALIDATION
valid epoch balanced_accuracy: 0.631818
EPOCH 3:
VALIDATION
valid epoch balanced_accuracy: 0.565909
EPOCH 4:
VALIDATION
valid epoch balanced_accuracy: 0.627273
EPOCH 5:
VALIDATION
valid epoch balanced_accuracy: 0.554545
EPOCH 6:
VALIDATION
valid epoch balanced_accuracy: 0.559091
EPOCH 7:
VALIDATION
valid epoch balanced_accuracy: 0.552273
EPOCH 8:
VALIDATION
valid epoch balanced_accuracy: 0.525000
EPOCH 9:
VALIDATION
valid epoch balanced_accuracy: 0.584091
EPOCH 10:
VALIDATION
valid epoch balanced_accuracy: 0.468182
EPOCH 11:
VALIDATION
valid epoch balanced_accuracy: 0.554545
EPOCH 12:
VALIDATION
valid epoch balanced_accuracy: 0.563636
EPOCH 13:
VALIDATION
valid epoch balanced_accuracy: 0.563636
EPOCH 14:
VALIDATION
valid epoch balanced_accuracy: 0.502273
EPOCH 15:
VALIDATION
valid epoch balanced_accuracy: 0.411364
EPOCH 16:
VALIDATION
valid epoch balanced_accuracy: 0.550000
EPOCH 17:
VALIDATION
valid epoch balanced_accuracy: 0.593182
EPOCH 18:
VALIDATION
valid epoch balanced_accuracy: 0.502273
EPOCH 19:
VALIDATION
valid epoch balanced_accuracy: 0.525000
EPOCH 20:
VALIDATION
valid epoch balanced_accuracy: 0.536364
EPOCH 21:
VALIDATION
valid epoch balanced_accuracy: 0.488636
EPOCH 22:
VALIDATION
valid epoch balanced_accuracy: 0.584091
EPOCH 23:
VALIDATION
valid epoch balanced_accuracy: 0.513636
EPOCH 24:
VALIDATION
valid epoch balanced_accuracy: 0.600000
EPOCH 25:
VALIDATION
valid epoch balanced_accuracy: 0.511364
EPOCH 26:
VALIDATION
valid epoch balanced_accuracy: 0.609091
EPOCH 27:
VALIDATION
valid epoch balanced_accuracy: 0.502273
EPOCH 28:
VALIDATION
valid epoch balanced_accuracy: 0.568182
EPOCH 29:
VALIDATION
valid epoch balanced_accuracy: 0.584091
EPOCH 30:
VALIDATION
valid epoch balanced_accuracy: 0.609091
EPOCH 31:
VALIDATION
valid epoch balanced_accuracy: 0.472727
EPOCH 32:
VALIDATION
valid epoch balanced_accuracy: 0.529545
EPOCH 33:
VALIDATION
valid epoch balanced_accuracy: 0.584091
EPOCH 34:
VALIDATION
valid epoch balanced_accuracy: 0.559091
EPOCH 35:
VALIDATION
valid epoch balanced_accuracy: 0.559091
EPOCH 36:
VALIDATION
valid epoch balanced_accuracy: 0.511364
EPOCH 37:
VALIDATION
valid epoch balanced_accuracy: 0.534091
EPOCH 38:
VALIDATION
valid epoch balanced_accuracy: 0.538636
EPOCH 39:
VALIDATION
valid epoch balanced_accuracy: 0.531818
EPOCH 40:
VALIDATION
valid epoch balanced_accuracy: 0.527273
EPOCH 41:
VALIDATION
valid epoch balanced_accuracy: 0.504545
EPOCH 42:
VALIDATION
valid epoch balanced_accuracy: 0.611364
EPOCH 43:
VALIDATION
valid epoch balanced_accuracy: 0.563636
EPOCH 44:
VALIDATION
valid epoch balanced_accuracy: 0.536364
EPOCH 45:
VALIDATION
valid epoch balanced_accuracy: 0.609091
EPOCH 46:
VALIDATION
valid epoch balanced_accuracy: 0.581818
EPOCH 47:
VALIDATION
valid epoch balanced_accuracy: 0.481818
EPOCH 48:
VALIDATION
valid epoch balanced_accuracy: 0.593182
EPOCH 49:
VALIDATION
valid epoch balanced_accuracy: 0.584091
EPOCH 50:
VALIDATION
valid epoch balanced_accuracy: 0.634091
EPOCH 51:
VALIDATION
valid epoch balanced_accuracy: 0.613636
EPOCH 52:
VALIDATION
valid epoch balanced_accuracy: 0.529545
EPOCH 53:
VALIDATION
valid epoch balanced_accuracy: 0.636364
EPOCH 54:
VALIDATION
valid epoch balanced_accuracy: 0.606818
EPOCH 55:
VALIDATION
valid epoch balanced_accuracy: 0.531818
EPOCH 56:
VALIDATION
valid epoch balanced_accuracy: 0.584091
EPOCH 57:
VALIDATION
valid epoch balanced_accuracy: 0.559091
EPOCH 58:
VALIDATION
valid epoch balanced_accuracy: 0.586364
EPOCH 59:
VALIDATION
valid epoch balanced_accuracy: 0.606818
EPOCH 60:
VALIDATION
valid epoch balanced_accuracy: 0.563636
EPOCH 61:
VALIDATION
valid epoch balanced_accuracy: 0.659091
EARLY STOPPING: rolling validation balanced accuracy did not improve for 60 epochs and validation loss increased over the same window.
accuracy: 0.674419
sensitivity: 1.000000
precision: 0.621622
specificity: 0.300000
IoU: 0.621622
FAR: 0.700000
F1: 0.766667
balanced_accuracy: 0.650000
loss: 0.653049
