Waiting for exclusive access to GPU GPU-9e4e2b6c-19ea-73ef-7026-00619f988787.
=== GROUP: scp2 | VARIANT: single_gat_layer | SEED: 0 | FINAL_DROPOUT: 0.0 | WEIGHT_DECAY: 1e-5 | GPU: Tesla V100-SXM2-32GB ===

number of parameters : 1075406
train : (1236, 12)
valid : (48, 12)
test : (47, 12)
class weights : [1.181644320487976, 0.8667601943016052]
data extracted
EPOCH 1:
VALIDATION
valid epoch balanced_accuracy: 0.500000
EPOCH 2:
VALIDATION
valid epoch balanced_accuracy: 0.659091
EPOCH 3:
VALIDATION
valid epoch balanced_accuracy: 0.756993
EPOCH 4:
VALIDATION
valid epoch balanced_accuracy: 0.548951
EPOCH 5:
VALIDATION
valid epoch balanced_accuracy: 0.711538
EPOCH 6:
VALIDATION
valid epoch balanced_accuracy: 0.737762
EPOCH 7:
VALIDATION
valid epoch balanced_accuracy: 0.503497
EPOCH 8:
VALIDATION
valid epoch balanced_accuracy: 0.632867
EPOCH 9:
VALIDATION
valid epoch balanced_accuracy: 0.666084
EPOCH 10:
VALIDATION
valid epoch balanced_accuracy: 0.559441
EPOCH 11:
VALIDATION
valid epoch balanced_accuracy: 0.503497
EPOCH 12:
VALIDATION
valid epoch balanced_accuracy: 0.725524
EPOCH 13:
VALIDATION
valid epoch balanced_accuracy: 0.506993
EPOCH 14:
VALIDATION
valid epoch balanced_accuracy: 0.489510
EPOCH 15:
VALIDATION
valid epoch balanced_accuracy: 0.526224
EPOCH 16:
VALIDATION
valid epoch balanced_accuracy: 0.624126
EPOCH 17:
VALIDATION
valid epoch balanced_accuracy: 0.503497
EPOCH 18:
VALIDATION
valid epoch balanced_accuracy: 0.688811
EPOCH 19:
VALIDATION
valid epoch balanced_accuracy: 0.498252
EPOCH 20:
VALIDATION
valid epoch balanced_accuracy: 0.568182
EPOCH 21:
VALIDATION
valid epoch balanced_accuracy: 0.449301
EPOCH 22:
VALIDATION
valid epoch balanced_accuracy: 0.639860
EPOCH 23:
VALIDATION
valid epoch balanced_accuracy: 0.688811
EPOCH 24:
VALIDATION
valid epoch balanced_accuracy: 0.673077
EPOCH 25:
VALIDATION
valid epoch balanced_accuracy: 0.548951
EPOCH 26:
VALIDATION
valid epoch balanced_accuracy: 0.503497
EPOCH 27:
VALIDATION
valid epoch balanced_accuracy: 0.480769
EPOCH 28:
VALIDATION
valid epoch balanced_accuracy: 0.465035
EPOCH 29:
VALIDATION
valid epoch balanced_accuracy: 0.484266
EPOCH 30:
VALIDATION
valid epoch balanced_accuracy: 0.465035
EPOCH 31:
VALIDATION
valid epoch balanced_accuracy: 0.487762
EPOCH 32:
VALIDATION
valid epoch balanced_accuracy: 0.529720
EPOCH 33:
VALIDATION
valid epoch balanced_accuracy: 0.578671
EPOCH 34:
VALIDATION
valid epoch balanced_accuracy: 0.506993
EPOCH 35:
VALIDATION
valid epoch balanced_accuracy: 0.555944
EPOCH 36:
VALIDATION
valid epoch balanced_accuracy: 0.681818
EPOCH 37:
VALIDATION
valid epoch balanced_accuracy: 0.552448
EPOCH 38:
VALIDATION
valid epoch balanced_accuracy: 0.643357
EPOCH 39:
VALIDATION
valid epoch balanced_accuracy: 0.597902
EPOCH 40:
VALIDATION
valid epoch balanced_accuracy: 0.585664
EPOCH 41:
VALIDATION
valid epoch balanced_accuracy: 0.529720
EPOCH 42:
VALIDATION
valid epoch balanced_accuracy: 0.643357
EPOCH 43:
VALIDATION
valid epoch balanced_accuracy: 0.639860
EPOCH 44:
VALIDATION
valid epoch balanced_accuracy: 0.529720
EPOCH 45:
VALIDATION
valid epoch balanced_accuracy: 0.617133
EPOCH 46:
VALIDATION
valid epoch balanced_accuracy: 0.643357
EPOCH 47:
VALIDATION
valid epoch balanced_accuracy: 0.601399
EPOCH 48:
VALIDATION
valid epoch balanced_accuracy: 0.517483
EPOCH 49:
VALIDATION
valid epoch balanced_accuracy: 0.608392
EPOCH 50:
VALIDATION
valid epoch balanced_accuracy: 0.552448
EPOCH 51:
VALIDATION
valid epoch balanced_accuracy: 0.571678
EPOCH 52:
VALIDATION
valid epoch balanced_accuracy: 0.597902
EPOCH 53:
VALIDATION
valid epoch balanced_accuracy: 0.646853
EPOCH 54:
VALIDATION
valid epoch balanced_accuracy: 0.601399
EPOCH 55:
VALIDATION
valid epoch balanced_accuracy: 0.643357
EPOCH 56:
VALIDATION
valid epoch balanced_accuracy: 0.575175
EPOCH 57:
VALIDATION
valid epoch balanced_accuracy: 0.575175
EPOCH 58:
VALIDATION
valid epoch balanced_accuracy: 0.643357
EPOCH 59:
VALIDATION
valid epoch balanced_accuracy: 0.646853
EPOCH 60:
VALIDATION
valid epoch balanced_accuracy: 0.662587
EPOCH 61:
VALIDATION
valid epoch balanced_accuracy: 0.624126
EPOCH 62:
VALIDATION
valid epoch balanced_accuracy: 0.620629
EPOCH 63:
VALIDATION
valid epoch balanced_accuracy: 0.688811
EPOCH 64:
VALIDATION
valid epoch balanced_accuracy: 0.620629
EPOCH 65:
VALIDATION
valid epoch balanced_accuracy: 0.643357
EPOCH 66:
VALIDATION
valid epoch balanced_accuracy: 0.666084
EARLY STOPPING: rolling validation balanced accuracy did not improve for 60 epochs and validation loss increased over the same window.
accuracy: 0.680851
sensitivity: 0.571429
precision: 0.666667
specificity: 0.769231
IoU: 0.444444
FAR: 0.230769
F1: 0.615385
balanced_accuracy: 0.670330
loss: 0.558537
