=== GROUP: LBP_BPI_CETP | VARIANT: bbp_fa_nps3mlp_dpt01_wd0001_gm_plm64_hid64_GRL_dp_rmpft_dann_rmpft | SEED: 0 | GPU: NVIDIA H200 | SLOT: 0 ===

number of parameters : 1296796
train : (1402, 12)
valid : (55, 12)
test : (55, 12)
class weights : [1.0, 1.0]
balanced batches : 88 per epoch covering all 1402 train rows, target 8 positive + 8 unlabeled
cache warmed : 35 proteins, 409 lipid encodings, 0 lipid graphs, 131 MiB
data extracted
EPOCH 1:
VALIDATION
valid epoch balanced_accuracy: 0.655242
EPOCH 2:
VALIDATION
valid epoch balanced_accuracy: 0.759409
EPOCH 3:
VALIDATION
valid epoch balanced_accuracy: 0.717742
EPOCH 4:
VALIDATION
valid epoch balanced_accuracy: 0.821909
EPOCH 5:
VALIDATION
valid epoch balanced_accuracy: 0.778226
EPOCH 6:
VALIDATION
valid epoch balanced_accuracy: 0.766801
EPOCH 7:
VALIDATION
valid epoch balanced_accuracy: 0.771505
EPOCH 8:
VALIDATION
valid epoch balanced_accuracy: 0.711022
EPOCH 9:
VALIDATION
valid epoch balanced_accuracy: 0.840726
EPOCH 10:
VALIDATION
valid epoch balanced_accuracy: 0.711694
EPOCH 11:
VALIDATION
valid epoch balanced_accuracy: 0.752688
EPOCH 12:
VALIDATION
valid epoch balanced_accuracy: 0.533602
EPOCH 13:
VALIDATION
valid epoch balanced_accuracy: 0.649194
EPOCH 14:
VALIDATION
valid epoch balanced_accuracy: 0.404570
EPOCH 15:
VALIDATION
valid epoch balanced_accuracy: 0.612903
EPOCH 16:
VALIDATION
valid epoch balanced_accuracy: 0.571237
EPOCH 17:
VALIDATION
valid epoch balanced_accuracy: 0.792339
EPOCH 18:
VALIDATION
valid epoch balanced_accuracy: 0.845430
EPOCH 19:
VALIDATION
valid epoch balanced_accuracy: 0.803763
EPOCH 20:
VALIDATION
valid epoch balanced_accuracy: 0.836022
EPOCH 21:
VALIDATION
valid epoch balanced_accuracy: 0.803763
EPOCH 22:
VALIDATION
valid epoch balanced_accuracy: 0.803763
EPOCH 23:
VALIDATION
valid epoch balanced_accuracy: 0.803763
EPOCH 24:
VALIDATION
valid epoch balanced_accuracy: 0.799059
EPOCH 25:
VALIDATION
valid epoch balanced_accuracy: 0.803763
EPOCH 26:
VALIDATION
valid epoch balanced_accuracy: 0.762097
EPOCH 27:
VALIDATION
valid epoch balanced_accuracy: 0.734543
EPOCH 28:
VALIDATION
valid epoch balanced_accuracy: 0.759409
EPOCH 29:
VALIDATION
valid epoch balanced_accuracy: 0.725134
EPOCH 30:
VALIDATION
valid epoch balanced_accuracy: 0.803763
EPOCH 31:
VALIDATION
valid epoch balanced_accuracy: 0.757392
EPOCH 32:
VALIDATION
valid epoch balanced_accuracy: 0.725134
EPOCH 33:
VALIDATION
valid epoch balanced_accuracy: 0.808468
EPOCH 34:
VALIDATION
valid epoch balanced_accuracy: 0.771505
EPOCH 35:
VALIDATION
valid epoch balanced_accuracy: 0.856855
EPOCH 36:
VALIDATION
valid epoch balanced_accuracy: 0.784946
EPOCH 37:
VALIDATION
valid epoch balanced_accuracy: 0.778226
EPOCH 38:
VALIDATION
valid epoch balanced_accuracy: 0.766801
EPOCH 39:
VALIDATION
valid epoch balanced_accuracy: 0.759409
EPOCH 40:
VALIDATION
valid epoch balanced_accuracy: 0.686156
EPOCH 41:
VALIDATION
valid epoch balanced_accuracy: 0.715726
EPOCH 42:
VALIDATION
valid epoch balanced_accuracy: 0.803763
EPOCH 43:
VALIDATION
valid epoch balanced_accuracy: 0.773522
EPOCH 44:
VALIDATION
valid epoch balanced_accuracy: 0.799059
EPOCH 45:
VALIDATION
valid epoch balanced_accuracy: 0.587366
EPOCH 46:
VALIDATION
valid epoch balanced_accuracy: 0.760081
EPOCH 47:
VALIDATION
valid epoch balanced_accuracy: 0.702285
EPOCH 48:
VALIDATION
valid epoch balanced_accuracy: 0.829301
EPOCH 49:
VALIDATION
valid epoch balanced_accuracy: 0.794355
EPOCH 50:
VALIDATION
valid epoch balanced_accuracy: 0.803763
EPOCH 51:
VALIDATION
valid epoch balanced_accuracy: 0.834005
EPOCH 52:
VALIDATION
valid epoch balanced_accuracy: 0.701613
EPOCH 53:
VALIDATION
valid epoch balanced_accuracy: 0.829301
EPOCH 54:
VALIDATION
valid epoch balanced_accuracy: 0.819892
EPOCH 55:
VALIDATION
valid epoch balanced_accuracy: 0.824597
EPOCH 56:
VALIDATION
valid epoch balanced_accuracy: 0.778226
EPOCH 57:
VALIDATION
valid epoch balanced_accuracy: 0.799059
EPOCH 58:
VALIDATION
valid epoch balanced_accuracy: 0.743952
EPOCH 59:
VALIDATION
valid epoch balanced_accuracy: 0.745968
EPOCH 60:
VALIDATION
valid epoch balanced_accuracy: 0.686156
EPOCH 61:
VALIDATION
valid epoch balanced_accuracy: 0.755376
EPOCH 62:
VALIDATION
valid epoch balanced_accuracy: 0.787634
EPOCH 63:
VALIDATION
valid epoch balanced_accuracy: 0.718414
EPOCH 64:
VALIDATION
valid epoch balanced_accuracy: 0.760081
EPOCH 65:
VALIDATION
valid epoch balanced_accuracy: 0.776210
EPOCH 66:
VALIDATION
valid epoch balanced_accuracy: 0.766801
EPOCH 67:
VALIDATION
valid epoch balanced_accuracy: 0.718414
EPOCH 68:
VALIDATION
valid epoch balanced_accuracy: 0.750672
EPOCH 69:
VALIDATION
valid epoch balanced_accuracy: 0.762097
EPOCH 70:
VALIDATION
valid epoch balanced_accuracy: 0.702285
EPOCH 71:
VALIDATION
valid epoch balanced_accuracy: 0.803763
EPOCH 72:
VALIDATION
valid epoch balanced_accuracy: 0.745968
EPOCH 73:
VALIDATION
valid epoch balanced_accuracy: 0.750672
EPOCH 74:
VALIDATION
valid epoch balanced_accuracy: 0.669355
EPOCH 75:
VALIDATION
valid epoch balanced_accuracy: 0.729839
EPOCH 76:
VALIDATION
valid epoch balanced_accuracy: 0.766801
EPOCH 77:
VALIDATION
valid epoch balanced_accuracy: 0.750672
EPOCH 78:
VALIDATION
valid epoch balanced_accuracy: 0.692876
EPOCH 79:
VALIDATION
valid epoch balanced_accuracy: 0.725134
EPOCH 80:
VALIDATION
valid epoch balanced_accuracy: 0.757392
EPOCH 81:
VALIDATION
valid epoch balanced_accuracy: 0.741263
EPOCH 82:
VALIDATION
valid epoch balanced_accuracy: 0.723118
EPOCH 83:
VALIDATION
valid epoch balanced_accuracy: 0.694892
EPOCH 84:
VALIDATION
valid epoch balanced_accuracy: 0.750672
EPOCH 85:
VALIDATION
valid epoch balanced_accuracy: 0.741263
EPOCH 86:
VALIDATION
valid epoch balanced_accuracy: 0.787634
EPOCH 87:
VALIDATION
valid epoch balanced_accuracy: 0.771505
EPOCH 88:
VALIDATION
valid epoch balanced_accuracy: 0.734543
EPOCH 89:
VALIDATION
valid epoch balanced_accuracy: 0.750672
EPOCH 90:
VALIDATION
valid epoch balanced_accuracy: 0.766801
EPOCH 91:
VALIDATION
valid epoch balanced_accuracy: 0.771505
EPOCH 92:
VALIDATION
valid epoch balanced_accuracy: 0.755376
EPOCH 93:
VALIDATION
valid epoch balanced_accuracy: 0.729839
EPOCH 94:
VALIDATION
valid epoch balanced_accuracy: 0.718414
EPOCH 95:
VALIDATION
valid epoch balanced_accuracy: 0.750672
EPOCH 96:
VALIDATION
valid epoch balanced_accuracy: 0.782930
EPOCH 97:
VALIDATION
valid epoch balanced_accuracy: 0.750672
EPOCH 98:
VALIDATION
valid epoch balanced_accuracy: 0.750672
EPOCH 99:
VALIDATION
valid epoch balanced_accuracy: 0.762097
EPOCH 100:
VALIDATION
valid epoch balanced_accuracy: 0.725134
EPOCH 101:
VALIDATION
valid epoch balanced_accuracy: 0.649194
EPOCH 102:
VALIDATION
valid epoch balanced_accuracy: 0.778226
EPOCH 103:
VALIDATION
valid epoch balanced_accuracy: 0.760081
EPOCH 104:
VALIDATION
valid epoch balanced_accuracy: 0.755376
EPOCH 105:
VALIDATION
valid epoch balanced_accuracy: 0.674731
EPOCH 106:
VALIDATION
valid epoch balanced_accuracy: 0.766801
EPOCH 107:
VALIDATION
valid epoch balanced_accuracy: 0.718414
EPOCH 108:
VALIDATION
valid epoch balanced_accuracy: 0.838710
EPOCH 109:
VALIDATION
valid epoch balanced_accuracy: 0.718414
EPOCH 110:
VALIDATION
valid epoch balanced_accuracy: 0.741263
EPOCH 111:
VALIDATION
valid epoch balanced_accuracy: 0.762097
EPOCH 112:
VALIDATION
valid epoch balanced_accuracy: 0.702285
EPOCH 113:
VALIDATION
valid epoch balanced_accuracy: 0.709005
EPOCH 114:
VALIDATION
valid epoch balanced_accuracy: 0.686156
EPOCH 115:
VALIDATION
valid epoch balanced_accuracy: 0.589382
EPOCH 116:
VALIDATION
valid epoch balanced_accuracy: 0.734543
EPOCH 117:
VALIDATION
valid epoch balanced_accuracy: 0.766801
EPOCH 118:
VALIDATION
valid epoch balanced_accuracy: 0.787634
EPOCH 119:
VALIDATION
valid epoch balanced_accuracy: 0.762097
EPOCH 120:
VALIDATION
valid epoch balanced_accuracy: 0.729839
EPOCH 121:
VALIDATION
valid epoch balanced_accuracy: 0.803763
EPOCH 122:
VALIDATION
valid epoch balanced_accuracy: 0.734543
EPOCH 123:
VALIDATION
valid epoch balanced_accuracy: 0.782930
EPOCH 124:
VALIDATION
valid epoch balanced_accuracy: 0.755376
EPOCH 125:
VALIDATION
valid epoch balanced_accuracy: 0.792339
EPOCH 126:
VALIDATION
valid epoch balanced_accuracy: 0.787634
EPOCH 127:
VALIDATION
valid epoch balanced_accuracy: 0.711694
EPOCH 128:
VALIDATION
valid epoch balanced_accuracy: 0.766801
EPOCH 129:
VALIDATION
valid epoch balanced_accuracy: 0.736559
EPOCH 130:
VALIDATION
valid epoch balanced_accuracy: 0.725134
EPOCH 131:
VALIDATION
valid epoch balanced_accuracy: 0.782930
EPOCH 132:
VALIDATION
valid epoch balanced_accuracy: 0.757392
EPOCH 133:
VALIDATION
valid epoch balanced_accuracy: 0.734543
EPOCH 134:
VALIDATION
valid epoch balanced_accuracy: 0.782930
EPOCH 135:
VALIDATION
valid epoch balanced_accuracy: 0.778226
EPOCH 136:
VALIDATION
valid epoch balanced_accuracy: 0.655914
EPOCH 137:
VALIDATION
valid epoch balanced_accuracy: 0.718414
EPOCH 138:
VALIDATION
valid epoch balanced_accuracy: 0.741263
EPOCH 139:
VALIDATION
valid epoch balanced_accuracy: 0.755376
EPOCH 140:
VALIDATION
valid epoch balanced_accuracy: 0.639785
EPOCH 141:
VALIDATION
valid epoch balanced_accuracy: 0.614919
EPOCH 142:
VALIDATION
valid epoch balanced_accuracy: 0.739247
EPOCH 143:
VALIDATION
valid epoch balanced_accuracy: 0.637769
EPOCH 144:
VALIDATION
valid epoch balanced_accuracy: 0.755376
EPOCH 145:
VALIDATION
valid epoch balanced_accuracy: 0.819892
EPOCH 146:
VALIDATION
valid epoch balanced_accuracy: 0.697581
EPOCH 147:
VALIDATION
valid epoch balanced_accuracy: 0.771505
EPOCH 148:
VALIDATION
valid epoch balanced_accuracy: 0.766801
EPOCH 149:
VALIDATION
valid epoch balanced_accuracy: 0.766801
EPOCH 150:
VALIDATION
valid epoch balanced_accuracy: 0.782930
accuracy: 0.781818
sensitivity: 0.666667
precision: 0.800000
specificity: 0.870968
IoU: 0.571429
FAR: 0.129032
F1: 0.727273
balanced_accuracy: 0.768817
loss: 0.556739
