
number of parameters : 1296796
train : (1402, 12)
valid : (55, 12)
test : (55, 12)
class weights : [1.0, 1.0]
balanced batches : 88 per epoch covering all 1402 train rows, target 8 positive + 8 unlabeled
cache warmed : 35 proteins, 409 lipid encodings, 0 lipid graphs, 131 MiB
data extracted
EPOCH 1:
VALIDATION
valid epoch balanced_accuracy: 0.541114
EPOCH 2:
VALIDATION
valid epoch balanced_accuracy: 0.661804
EPOCH 3:
VALIDATION
valid epoch balanced_accuracy: 0.644562
EPOCH 4:
VALIDATION
valid epoch balanced_accuracy: 0.592838
EPOCH 5:
VALIDATION
valid epoch balanced_accuracy: 0.646552
EPOCH 6:
VALIDATION
valid epoch balanced_accuracy: 0.596817
EPOCH 7:
VALIDATION
valid epoch balanced_accuracy: 0.500000
EPOCH 8:
VALIDATION
valid epoch balanced_accuracy: 0.519231
EPOCH 9:
VALIDATION
valid epoch balanced_accuracy: 0.596154
EPOCH 10:
VALIDATION
valid epoch balanced_accuracy: 0.616048
EPOCH 11:
VALIDATION
valid epoch balanced_accuracy: 0.608753
EPOCH 12:
VALIDATION
valid epoch balanced_accuracy: 0.572281
EPOCH 13:
VALIDATION
valid epoch balanced_accuracy: 0.602785
EPOCH 14:
VALIDATION
valid epoch balanced_accuracy: 0.570292
EPOCH 15:
VALIDATION
valid epoch balanced_accuracy: 0.622016
EPOCH 16:
VALIDATION
valid epoch balanced_accuracy: 0.505305
EPOCH 17:
VALIDATION
valid epoch balanced_accuracy: 0.583554
EPOCH 18:
VALIDATION
valid epoch balanced_accuracy: 0.547082
EPOCH 19:
VALIDATION
valid epoch balanced_accuracy: 0.555040
EPOCH 20:
VALIDATION
valid epoch balanced_accuracy: 0.675729
EPOCH 21:
VALIDATION
valid epoch balanced_accuracy: 0.602785
EPOCH 22:
VALIDATION
valid epoch balanced_accuracy: 0.555040
EPOCH 23:
VALIDATION
valid epoch balanced_accuracy: 0.539788
EPOCH 24:
VALIDATION
valid epoch balanced_accuracy: 0.447613
EPOCH 25:
VALIDATION
valid epoch balanced_accuracy: 0.589523
EPOCH 26:
VALIDATION
valid epoch balanced_accuracy: 0.600796
EPOCH 27:
VALIDATION
valid epoch balanced_accuracy: 0.614058
EPOCH 28:
VALIDATION
valid epoch balanced_accuracy: 0.589523
EPOCH 29:
VALIDATION
valid epoch balanced_accuracy: 0.533820
EPOCH 30:
VALIDATION
valid epoch balanced_accuracy: 0.589523
EPOCH 31:
VALIDATION
valid epoch balanced_accuracy: 0.553050
EPOCH 32:
VALIDATION
valid epoch balanced_accuracy: 0.516578
EPOCH 33:
VALIDATION
valid epoch balanced_accuracy: 0.602785
EPOCH 34:
VALIDATION
valid epoch balanced_accuracy: 0.627984
EPOCH 35:
VALIDATION
valid epoch balanced_accuracy: 0.572281
EPOCH 36:
VALIDATION
valid epoch balanced_accuracy: 0.629973
EPOCH 37:
VALIDATION
valid epoch balanced_accuracy: 0.645225
EPOCH 38:
VALIDATION
valid epoch balanced_accuracy: 0.507294
EPOCH 39:
VALIDATION
valid epoch balanced_accuracy: 0.583554
EPOCH 40:
VALIDATION
valid epoch balanced_accuracy: 0.507294
EPOCH 41:
VALIDATION
valid epoch balanced_accuracy: 0.522546
EPOCH 42:
VALIDATION
valid epoch balanced_accuracy: 0.622016
EPOCH 43:
VALIDATION
valid epoch balanced_accuracy: 0.606764
EPOCH 44:
VALIDATION
valid epoch balanced_accuracy: 0.593501
EPOCH 45:
VALIDATION
valid epoch balanced_accuracy: 0.501326
EPOCH 46:
VALIDATION
valid epoch balanced_accuracy: 0.608753
EPOCH 47:
VALIDATION
valid epoch balanced_accuracy: 0.608753
EPOCH 48:
VALIDATION
valid epoch balanced_accuracy: 0.625995
EPOCH 49:
VALIDATION
valid epoch balanced_accuracy: 0.641247
EPOCH 50:
VALIDATION
valid epoch balanced_accuracy: 0.574271
EPOCH 51:
VALIDATION
valid epoch balanced_accuracy: 0.627984
EPOCH 52:
VALIDATION
valid epoch balanced_accuracy: 0.641247
EPOCH 53:
VALIDATION
valid epoch balanced_accuracy: 0.580239
EPOCH 54:
VALIDATION
valid epoch balanced_accuracy: 0.631963
EPOCH 55:
VALIDATION
valid epoch balanced_accuracy: 0.597480
EPOCH 56:
VALIDATION
valid epoch balanced_accuracy: 0.629973
EPOCH 57:
VALIDATION
valid epoch balanced_accuracy: 0.614721
EPOCH 58:
VALIDATION
valid epoch balanced_accuracy: 0.455570
EPOCH 59:
VALIDATION
valid epoch balanced_accuracy: 0.610743
EPOCH 60:
VALIDATION
valid epoch balanced_accuracy: 0.631963
EPOCH 61:
VALIDATION
valid epoch balanced_accuracy: 0.557029
EPOCH 62:
VALIDATION
valid epoch balanced_accuracy: 0.509284
EPOCH 63:
VALIDATION
valid epoch balanced_accuracy: 0.524536
EPOCH 64:
VALIDATION
valid epoch balanced_accuracy: 0.472812
EPOCH 65:
VALIDATION
valid epoch balanced_accuracy: 0.614721
EPOCH 66:
VALIDATION
valid epoch balanced_accuracy: 0.664456
EPOCH 67:
VALIDATION
valid epoch balanced_accuracy: 0.633952
EPOCH 68:
VALIDATION
valid epoch balanced_accuracy: 0.639257
EPOCH 69:
VALIDATION
valid epoch balanced_accuracy: 0.595491
EPOCH 70:
VALIDATION
valid epoch balanced_accuracy: 0.683687
EPOCH 71:
VALIDATION
valid epoch balanced_accuracy: 0.629973
EPOCH 72:
VALIDATION
valid epoch balanced_accuracy: 0.662467
EPOCH 73:
VALIDATION
valid epoch balanced_accuracy: 0.593501
EPOCH 74:
VALIDATION
valid epoch balanced_accuracy: 0.616711
EPOCH 75:
VALIDATION
valid epoch balanced_accuracy: 0.629973
EPOCH 76:
VALIDATION
valid epoch balanced_accuracy: 0.610743
EPOCH 77:
VALIDATION
valid epoch balanced_accuracy: 0.685676
EPOCH 78:
VALIDATION
valid epoch balanced_accuracy: 0.612732
EPOCH 79:
VALIDATION
valid epoch balanced_accuracy: 0.687666
EPOCH 80:
VALIDATION
valid epoch balanced_accuracy: 0.664456
EPOCH 81:
VALIDATION
valid epoch balanced_accuracy: 0.612732
EPOCH 82:
VALIDATION
valid epoch balanced_accuracy: 0.629973
EPOCH 83:
VALIDATION
valid epoch balanced_accuracy: 0.572281
EPOCH 84:
VALIDATION
valid epoch balanced_accuracy: 0.574271
EPOCH 85:
VALIDATION
valid epoch balanced_accuracy: 0.574271
EPOCH 86:
VALIDATION
valid epoch balanced_accuracy: 0.631963
EPOCH 87:
VALIDATION
valid epoch balanced_accuracy: 0.488064
EPOCH 88:
VALIDATION
valid epoch balanced_accuracy: 0.610743
EPOCH 89:
VALIDATION
valid epoch balanced_accuracy: 0.610743
EPOCH 90:
VALIDATION
valid epoch balanced_accuracy: 0.614721
EPOCH 91:
VALIDATION
valid epoch balanced_accuracy: 0.712202
EPOCH 92:
VALIDATION
valid epoch balanced_accuracy: 0.651194
EPOCH 93:
VALIDATION
valid epoch balanced_accuracy: 0.698939
EPOCH 94:
VALIDATION
valid epoch balanced_accuracy: 0.629973
EPOCH 95:
VALIDATION
valid epoch balanced_accuracy: 0.595491
EPOCH 96:
VALIDATION
valid epoch balanced_accuracy: 0.610743
EPOCH 97:
VALIDATION
valid epoch balanced_accuracy: 0.455570
EPOCH 98:
VALIDATION
valid epoch balanced_accuracy: 0.649204
EPOCH 99:
VALIDATION
valid epoch balanced_accuracy: 0.633952
EPOCH 100:
VALIDATION
valid epoch balanced_accuracy: 0.649204
EPOCH 101:
VALIDATION
valid epoch balanced_accuracy: 0.660477
EPOCH 102:
VALIDATION
valid epoch balanced_accuracy: 0.720159
EPOCH 103:
VALIDATION
valid epoch balanced_accuracy: 0.651194
EPOCH 104:
VALIDATION
valid epoch balanced_accuracy: 0.748674
EPOCH 105:
VALIDATION
valid epoch balanced_accuracy: 0.769894
EPOCH 106:
VALIDATION
valid epoch balanced_accuracy: 0.647215
EPOCH 107:
VALIDATION
valid epoch balanced_accuracy: 0.649204
EPOCH 108:
VALIDATION
valid epoch balanced_accuracy: 0.692971
EPOCH 109:
VALIDATION
valid epoch balanced_accuracy: 0.649204
EPOCH 110:
VALIDATION
valid epoch balanced_accuracy: 0.582228
EPOCH 111:
VALIDATION
valid epoch balanced_accuracy: 0.593501
EPOCH 112:
VALIDATION
valid epoch balanced_accuracy: 0.702918
EPOCH 113:
VALIDATION
valid epoch balanced_accuracy: 0.679708
EPOCH 114:
VALIDATION
valid epoch balanced_accuracy: 0.614721
EPOCH 115:
VALIDATION
valid epoch balanced_accuracy: 0.698939
EPOCH 116:
VALIDATION
valid epoch balanced_accuracy: 0.641247
EPOCH 117:
VALIDATION
valid epoch balanced_accuracy: 0.675729
EPOCH 118:
VALIDATION
valid epoch balanced_accuracy: 0.767905
EPOCH 119:
VALIDATION
valid epoch balanced_accuracy: 0.633952
EPOCH 120:
VALIDATION
valid epoch balanced_accuracy: 0.698939
EPOCH 121:
VALIDATION
valid epoch balanced_accuracy: 0.716180
EPOCH 122:
VALIDATION
valid epoch balanced_accuracy: 0.683687
EPOCH 123:
VALIDATION
valid epoch balanced_accuracy: 0.645225
EPOCH 124:
VALIDATION
valid epoch balanced_accuracy: 0.614721
EPOCH 125:
VALIDATION
valid epoch balanced_accuracy: 0.610743
EPOCH 126:
VALIDATION
valid epoch balanced_accuracy: 0.631963
EPOCH 127:
VALIDATION
valid epoch balanced_accuracy: 0.681698
EPOCH 128:
VALIDATION
valid epoch balanced_accuracy: 0.629973
EPOCH 129:
VALIDATION
valid epoch balanced_accuracy: 0.718170
EPOCH 130:
VALIDATION
valid epoch balanced_accuracy: 0.649204
EPOCH 131:
VALIDATION
valid epoch balanced_accuracy: 0.662467
EPOCH 132:
VALIDATION
valid epoch balanced_accuracy: 0.580239
EPOCH 133:
VALIDATION
valid epoch balanced_accuracy: 0.627984
EPOCH 134:
VALIDATION
valid epoch balanced_accuracy: 0.629973
EPOCH 135:
VALIDATION
valid epoch balanced_accuracy: 0.627984
EPOCH 136:
VALIDATION
valid epoch balanced_accuracy: 0.614721
EPOCH 137:
VALIDATION
valid epoch balanced_accuracy: 0.649204
EPOCH 138:
VALIDATION
valid epoch balanced_accuracy: 0.683687
EPOCH 139:
VALIDATION
valid epoch balanced_accuracy: 0.681698
EPOCH 140:
VALIDATION
valid epoch balanced_accuracy: 0.649204
EPOCH 141:
VALIDATION
valid epoch balanced_accuracy: 0.576260
EPOCH 142:
VALIDATION
valid epoch balanced_accuracy: 0.702918
EPOCH 143:
VALIDATION
valid epoch balanced_accuracy: 0.718170
EPOCH 144:
VALIDATION
valid epoch balanced_accuracy: 0.716180
EPOCH 145:
VALIDATION
valid epoch balanced_accuracy: 0.625995
EPOCH 146:
VALIDATION
valid epoch balanced_accuracy: 0.664456
EPOCH 147:
VALIDATION
valid epoch balanced_accuracy: 0.761936
EPOCH 148:
VALIDATION
valid epoch balanced_accuracy: 0.687666
EPOCH 149:
VALIDATION
valid epoch balanced_accuracy: 0.800398
EPOCH 150:
VALIDATION
valid epoch balanced_accuracy: 0.664456
accuracy: 0.672727
sensitivity: 0.423077
precision: 0.785714
specificity: 0.896552
IoU: 0.379310
FAR: 0.103448
F1: 0.550000
balanced_accuracy: 0.659814
loss: 1.150296
