
number of parameters : 1296796
train : (1402, 12)
valid : (55, 12)
test : (55, 12)
class weights : [1.0, 1.0]
balanced batches : 88 per epoch covering all 1402 train rows, target 8 positive + 8 unlabeled
cache warmed : 35 proteins, 409 lipid encodings, 0 lipid graphs, 131 MiB
data extracted
EPOCH 1:
VALIDATION
valid epoch balanced_accuracy: 0.661804
EPOCH 2:
VALIDATION
valid epoch balanced_accuracy: 0.474138
EPOCH 3:
VALIDATION
valid epoch balanced_accuracy: 0.661804
EPOCH 4:
VALIDATION
valid epoch balanced_accuracy: 0.606101
EPOCH 5:
VALIDATION
valid epoch balanced_accuracy: 0.644562
EPOCH 6:
VALIDATION
valid epoch balanced_accuracy: 0.565650
EPOCH 7:
VALIDATION
valid epoch balanced_accuracy: 0.615385
EPOCH 8:
VALIDATION
valid epoch balanced_accuracy: 0.568302
EPOCH 9:
VALIDATION
valid epoch balanced_accuracy: 0.639257
EPOCH 10:
VALIDATION
valid epoch balanced_accuracy: 0.669761
EPOCH 11:
VALIDATION
valid epoch balanced_accuracy: 0.624005
EPOCH 12:
VALIDATION
valid epoch balanced_accuracy: 0.685013
EPOCH 13:
VALIDATION
valid epoch balanced_accuracy: 0.574271
EPOCH 14:
VALIDATION
valid epoch balanced_accuracy: 0.645225
EPOCH 15:
VALIDATION
valid epoch balanced_accuracy: 0.725464
EPOCH 16:
VALIDATION
valid epoch balanced_accuracy: 0.591512
EPOCH 17:
VALIDATION
valid epoch balanced_accuracy: 0.591512
EPOCH 18:
VALIDATION
valid epoch balanced_accuracy: 0.744695
EPOCH 19:
VALIDATION
valid epoch balanced_accuracy: 0.712202
EPOCH 20:
VALIDATION
valid epoch balanced_accuracy: 0.576260
EPOCH 21:
VALIDATION
valid epoch balanced_accuracy: 0.545756
EPOCH 22:
VALIDATION
valid epoch balanced_accuracy: 0.578249
EPOCH 23:
VALIDATION
valid epoch balanced_accuracy: 0.557029
EPOCH 24:
VALIDATION
valid epoch balanced_accuracy: 0.656499
EPOCH 25:
VALIDATION
valid epoch balanced_accuracy: 0.710212
EPOCH 26:
VALIDATION
valid epoch balanced_accuracy: 0.589523
EPOCH 27:
VALIDATION
valid epoch balanced_accuracy: 0.679045
EPOCH 28:
VALIDATION
valid epoch balanced_accuracy: 0.526525
EPOCH 29:
VALIDATION
valid epoch balanced_accuracy: 0.706233
EPOCH 30:
VALIDATION
valid epoch balanced_accuracy: 0.505305
EPOCH 31:
VALIDATION
valid epoch balanced_accuracy: 0.539788
EPOCH 32:
VALIDATION
valid epoch balanced_accuracy: 0.537798
EPOCH 33:
VALIDATION
valid epoch balanced_accuracy: 0.545756
EPOCH 34:
VALIDATION
valid epoch balanced_accuracy: 0.509284
EPOCH 35:
VALIDATION
valid epoch balanced_accuracy: 0.486074
EPOCH 36:
VALIDATION
valid epoch balanced_accuracy: 0.578249
EPOCH 37:
VALIDATION
valid epoch balanced_accuracy: 0.555040
EPOCH 38:
VALIDATION
valid epoch balanced_accuracy: 0.559019
EPOCH 39:
VALIDATION
valid epoch balanced_accuracy: 0.559019
EPOCH 40:
VALIDATION
valid epoch balanced_accuracy: 0.704244
EPOCH 41:
VALIDATION
valid epoch balanced_accuracy: 0.557029
EPOCH 42:
VALIDATION
valid epoch balanced_accuracy: 0.574271
EPOCH 43:
VALIDATION
valid epoch balanced_accuracy: 0.522546
EPOCH 44:
VALIDATION
valid epoch balanced_accuracy: 0.696950
EPOCH 45:
VALIDATION
valid epoch balanced_accuracy: 0.733422
EPOCH 46:
VALIDATION
valid epoch balanced_accuracy: 0.706233
EPOCH 47:
VALIDATION
valid epoch balanced_accuracy: 0.706233
EPOCH 48:
VALIDATION
valid epoch balanced_accuracy: 0.595491
EPOCH 49:
VALIDATION
valid epoch balanced_accuracy: 0.733422
EPOCH 50:
VALIDATION
valid epoch balanced_accuracy: 0.731432
EPOCH 51:
VALIDATION
valid epoch balanced_accuracy: 0.629973
EPOCH 52:
VALIDATION
valid epoch balanced_accuracy: 0.541777
EPOCH 53:
VALIDATION
valid epoch balanced_accuracy: 0.518568
EPOCH 54:
VALIDATION
valid epoch balanced_accuracy: 0.503316
EPOCH 55:
VALIDATION
valid epoch balanced_accuracy: 0.537798
EPOCH 56:
VALIDATION
valid epoch balanced_accuracy: 0.589523
EPOCH 57:
VALIDATION
valid epoch balanced_accuracy: 0.555040
EPOCH 58:
VALIDATION
valid epoch balanced_accuracy: 0.679708
EPOCH 59:
VALIDATION
valid epoch balanced_accuracy: 0.645225
EPOCH 60:
VALIDATION
valid epoch balanced_accuracy: 0.593501
EPOCH 61:
VALIDATION
valid epoch balanced_accuracy: 0.488064
EPOCH 62:
VALIDATION
valid epoch balanced_accuracy: 0.595491
EPOCH 63:
VALIDATION
valid epoch balanced_accuracy: 0.488064
EPOCH 64:
VALIDATION
valid epoch balanced_accuracy: 0.486074
EPOCH 65:
VALIDATION
valid epoch balanced_accuracy: 0.637268
EPOCH 66:
VALIDATION
valid epoch balanced_accuracy: 0.488064
EPOCH 67:
VALIDATION
valid epoch balanced_accuracy: 0.555040
EPOCH 68:
VALIDATION
valid epoch balanced_accuracy: 0.660477
EPOCH 69:
VALIDATION
valid epoch balanced_accuracy: 0.507294
EPOCH 70:
VALIDATION
valid epoch balanced_accuracy: 0.503316
EPOCH 71:
VALIDATION
valid epoch balanced_accuracy: 0.505305
EPOCH 72:
VALIDATION
valid epoch balanced_accuracy: 0.543767
EPOCH 73:
VALIDATION
valid epoch balanced_accuracy: 0.698939
EPOCH 74:
VALIDATION
valid epoch balanced_accuracy: 0.524536
EPOCH 75:
VALIDATION
valid epoch balanced_accuracy: 0.664456
EPOCH 76:
VALIDATION
valid epoch balanced_accuracy: 0.622016
EPOCH 77:
VALIDATION
valid epoch balanced_accuracy: 0.488064
EPOCH 78:
VALIDATION
valid epoch balanced_accuracy: 0.727454
EPOCH 79:
VALIDATION
valid epoch balanced_accuracy: 0.692971
EPOCH 80:
VALIDATION
valid epoch balanced_accuracy: 0.765915
EPOCH 81:
VALIDATION
valid epoch balanced_accuracy: 0.716180
EPOCH 82:
VALIDATION
valid epoch balanced_accuracy: 0.688992
EPOCH 83:
VALIDATION
valid epoch balanced_accuracy: 0.731432
EPOCH 84:
VALIDATION
valid epoch balanced_accuracy: 0.541777
EPOCH 85:
VALIDATION
valid epoch balanced_accuracy: 0.679708
EPOCH 86:
VALIDATION
valid epoch balanced_accuracy: 0.627984
EPOCH 87:
VALIDATION
valid epoch balanced_accuracy: 0.624005
EPOCH 88:
VALIDATION
valid epoch balanced_accuracy: 0.524536
EPOCH 89:
VALIDATION
valid epoch balanced_accuracy: 0.541777
EPOCH 90:
VALIDATION
valid epoch balanced_accuracy: 0.669761
EPOCH 91:
VALIDATION
valid epoch balanced_accuracy: 0.541777
EPOCH 92:
VALIDATION
valid epoch balanced_accuracy: 0.478117
EPOCH 93:
VALIDATION
valid epoch balanced_accuracy: 0.610743
EPOCH 94:
VALIDATION
valid epoch balanced_accuracy: 0.557029
EPOCH 95:
VALIDATION
valid epoch balanced_accuracy: 0.484085
EPOCH 96:
VALIDATION
valid epoch balanced_accuracy: 0.692971
EPOCH 97:
VALIDATION
valid epoch balanced_accuracy: 0.622016
EPOCH 98:
VALIDATION
valid epoch balanced_accuracy: 0.625995
EPOCH 99:
VALIDATION
valid epoch balanced_accuracy: 0.576260
EPOCH 100:
VALIDATION
valid epoch balanced_accuracy: 0.658488
EPOCH 101:
VALIDATION
valid epoch balanced_accuracy: 0.585544
EPOCH 102:
VALIDATION
valid epoch balanced_accuracy: 0.524536
EPOCH 103:
VALIDATION
valid epoch balanced_accuracy: 0.652520
EPOCH 104:
VALIDATION
valid epoch balanced_accuracy: 0.559019
EPOCH 105:
VALIDATION
valid epoch balanced_accuracy: 0.505305
EPOCH 106:
VALIDATION
valid epoch balanced_accuracy: 0.541777
EPOCH 107:
VALIDATION
valid epoch balanced_accuracy: 0.559019
EPOCH 108:
VALIDATION
valid epoch balanced_accuracy: 0.664456
EPOCH 109:
VALIDATION
valid epoch balanced_accuracy: 0.522546
EPOCH 110:
VALIDATION
valid epoch balanced_accuracy: 0.522546
EPOCH 111:
VALIDATION
valid epoch balanced_accuracy: 0.539788
EPOCH 112:
VALIDATION
valid epoch balanced_accuracy: 0.545756
EPOCH 113:
VALIDATION
valid epoch balanced_accuracy: 0.677719
EPOCH 114:
VALIDATION
valid epoch balanced_accuracy: 0.627984
EPOCH 115:
VALIDATION
valid epoch balanced_accuracy: 0.524536
EPOCH 116:
VALIDATION
valid epoch balanced_accuracy: 0.589523
EPOCH 117:
VALIDATION
valid epoch balanced_accuracy: 0.557029
EPOCH 118:
VALIDATION
valid epoch balanced_accuracy: 0.451592
EPOCH 119:
VALIDATION
valid epoch balanced_accuracy: 0.539788
EPOCH 120:
VALIDATION
valid epoch balanced_accuracy: 0.488064
EPOCH 121:
VALIDATION
valid epoch balanced_accuracy: 0.509284
EPOCH 122:
VALIDATION
valid epoch balanced_accuracy: 0.641247
EPOCH 123:
VALIDATION
valid epoch balanced_accuracy: 0.608753
EPOCH 124:
VALIDATION
valid epoch balanced_accuracy: 0.627984
EPOCH 125:
VALIDATION
valid epoch balanced_accuracy: 0.612732
EPOCH 126:
VALIDATION
valid epoch balanced_accuracy: 0.635279
EPOCH 127:
VALIDATION
valid epoch balanced_accuracy: 0.559019
EPOCH 128:
VALIDATION
valid epoch balanced_accuracy: 0.522546
EPOCH 129:
VALIDATION
valid epoch balanced_accuracy: 0.518568
EPOCH 130:
VALIDATION
valid epoch balanced_accuracy: 0.557029
EPOCH 131:
VALIDATION
valid epoch balanced_accuracy: 0.602785
EPOCH 132:
VALIDATION
valid epoch balanced_accuracy: 0.677719
EPOCH 133:
VALIDATION
valid epoch balanced_accuracy: 0.591512
EPOCH 134:
VALIDATION
valid epoch balanced_accuracy: 0.688992
EPOCH 135:
VALIDATION
valid epoch balanced_accuracy: 0.486074
EPOCH 136:
VALIDATION
valid epoch balanced_accuracy: 0.574271
EPOCH 137:
VALIDATION
valid epoch balanced_accuracy: 0.501326
EPOCH 138:
VALIDATION
valid epoch balanced_accuracy: 0.539788
EPOCH 139:
VALIDATION
valid epoch balanced_accuracy: 0.526525
EPOCH 140:
VALIDATION
valid epoch balanced_accuracy: 0.507294
EPOCH 141:
VALIDATION
valid epoch balanced_accuracy: 0.539788
EPOCH 142:
VALIDATION
valid epoch balanced_accuracy: 0.480106
EPOCH 143:
VALIDATION
valid epoch balanced_accuracy: 0.488064
EPOCH 144:
VALIDATION
valid epoch balanced_accuracy: 0.490053
EPOCH 145:
VALIDATION
valid epoch balanced_accuracy: 0.522546
EPOCH 146:
VALIDATION
valid epoch balanced_accuracy: 0.486074
EPOCH 147:
VALIDATION
valid epoch balanced_accuracy: 0.468833
EPOCH 148:
VALIDATION
valid epoch balanced_accuracy: 0.460875
EPOCH 149:
VALIDATION
valid epoch balanced_accuracy: 0.486074
EPOCH 150:
VALIDATION
valid epoch balanced_accuracy: 0.451592
accuracy: 0.636364
sensitivity: 0.461538
precision: 0.666667
specificity: 0.793103
IoU: 0.375000
FAR: 0.206897
F1: 0.545455
balanced_accuracy: 0.627321
loss: 1.296783
