=== GROUP: LBP_BPI_CETP | VARIANT: bbp_fa_nps3mlp_dpt01_wd0001_gm_plm64_hid64_GRL_dp_rmpft_dann_rmpft | SEED: 3 | GPU: NVIDIA H200 | SLOT: 5 ===

number of parameters : 1296796
train : (1402, 12)
valid : (55, 12)
test : (55, 12)
class weights : [1.0, 1.0]
balanced batches : 88 per epoch covering all 1402 train rows, target 8 positive + 8 unlabeled
cache warmed : 35 proteins, 409 lipid encodings, 0 lipid graphs, 131 MiB
data extracted
EPOCH 1:
VALIDATION
valid epoch balanced_accuracy: 0.712302
EPOCH 2:
VALIDATION
valid epoch balanced_accuracy: 0.655423
EPOCH 3:
VALIDATION
valid epoch balanced_accuracy: 0.519841
EPOCH 4:
VALIDATION
valid epoch balanced_accuracy: 0.540344
EPOCH 5:
VALIDATION
valid epoch balanced_accuracy: 0.616402
EPOCH 6:
VALIDATION
valid epoch balanced_accuracy: 0.713624
EPOCH 7:
VALIDATION
valid epoch balanced_accuracy: 0.695767
EPOCH 8:
VALIDATION
valid epoch balanced_accuracy: 0.623677
EPOCH 9:
VALIDATION
valid epoch balanced_accuracy: 0.692460
EPOCH 10:
VALIDATION
valid epoch balanced_accuracy: 0.491402
EPOCH 11:
VALIDATION
valid epoch balanced_accuracy: 0.544312
EPOCH 12:
VALIDATION
valid epoch balanced_accuracy: 0.542328
EPOCH 13:
VALIDATION
valid epoch balanced_accuracy: 0.694444
EPOCH 14:
VALIDATION
valid epoch balanced_accuracy: 0.746693
EPOCH 15:
VALIDATION
valid epoch balanced_accuracy: 0.506614
EPOCH 16:
VALIDATION
valid epoch balanced_accuracy: 0.691799
EPOCH 17:
VALIDATION
valid epoch balanced_accuracy: 0.562169
EPOCH 18:
VALIDATION
valid epoch balanced_accuracy: 0.613757
EPOCH 19:
VALIDATION
valid epoch balanced_accuracy: 0.542328
EPOCH 20:
VALIDATION
valid epoch balanced_accuracy: 0.671296
EPOCH 21:
VALIDATION
valid epoch balanced_accuracy: 0.730159
EPOCH 22:
VALIDATION
valid epoch balanced_accuracy: 0.542328
EPOCH 23:
VALIDATION
valid epoch balanced_accuracy: 0.560185
EPOCH 24:
VALIDATION
valid epoch balanced_accuracy: 0.765212
EPOCH 25:
VALIDATION
valid epoch balanced_accuracy: 0.522487
EPOCH 26:
VALIDATION
valid epoch balanced_accuracy: 0.619048
EPOCH 27:
VALIDATION
valid epoch balanced_accuracy: 0.520503
EPOCH 28:
VALIDATION
valid epoch balanced_accuracy: 0.539021
EPOCH 29:
VALIDATION
valid epoch balanced_accuracy: 0.745370
EPOCH 30:
VALIDATION
valid epoch balanced_accuracy: 0.578042
EPOCH 31:
VALIDATION
valid epoch balanced_accuracy: 0.563492
EPOCH 32:
VALIDATION
valid epoch balanced_accuracy: 0.726852
EPOCH 33:
VALIDATION
valid epoch balanced_accuracy: 0.744048
EPOCH 34:
VALIDATION
valid epoch balanced_accuracy: 0.728175
EPOCH 35:
VALIDATION
valid epoch balanced_accuracy: 0.726190
EPOCH 36:
VALIDATION
valid epoch balanced_accuracy: 0.726852
EPOCH 37:
VALIDATION
valid epoch balanced_accuracy: 0.728175
EPOCH 38:
VALIDATION
valid epoch balanced_accuracy: 0.634921
EPOCH 39:
VALIDATION
valid epoch balanced_accuracy: 0.708333
EPOCH 40:
VALIDATION
valid epoch balanced_accuracy: 0.597884
EPOCH 41:
VALIDATION
valid epoch balanced_accuracy: 0.728175
EPOCH 42:
VALIDATION
valid epoch balanced_accuracy: 0.708995
EPOCH 43:
VALIDATION
valid epoch balanced_accuracy: 0.744709
EPOCH 44:
VALIDATION
valid epoch balanced_accuracy: 0.724868
EPOCH 45:
VALIDATION
valid epoch balanced_accuracy: 0.780423
EPOCH 46:
VALIDATION
valid epoch balanced_accuracy: 0.614418
EPOCH 47:
VALIDATION
valid epoch balanced_accuracy: 0.745370
EPOCH 48:
VALIDATION
valid epoch balanced_accuracy: 0.632275
EPOCH 49:
VALIDATION
valid epoch balanced_accuracy: 0.780423
EPOCH 50:
VALIDATION
valid epoch balanced_accuracy: 0.726852
EPOCH 51:
VALIDATION
valid epoch balanced_accuracy: 0.597222
EPOCH 52:
VALIDATION
valid epoch balanced_accuracy: 0.726852
EPOCH 53:
VALIDATION
valid epoch balanced_accuracy: 0.710317
EPOCH 54:
VALIDATION
valid epoch balanced_accuracy: 0.693122
EPOCH 55:
VALIDATION
valid epoch balanced_accuracy: 0.708995
EPOCH 56:
VALIDATION
valid epoch balanced_accuracy: 0.744709
EPOCH 57:
VALIDATION
valid epoch balanced_accuracy: 0.705688
EPOCH 58:
VALIDATION
valid epoch balanced_accuracy: 0.710317
EPOCH 59:
VALIDATION
valid epoch balanced_accuracy: 0.689815
EPOCH 60:
VALIDATION
valid epoch balanced_accuracy: 0.689153
EPOCH 61:
VALIDATION
valid epoch balanced_accuracy: 0.708995
EPOCH 62:
VALIDATION
valid epoch balanced_accuracy: 0.728836
EPOCH 63:
VALIDATION
valid epoch balanced_accuracy: 0.691799
EPOCH 64:
VALIDATION
valid epoch balanced_accuracy: 0.670635
EPOCH 65:
VALIDATION
valid epoch balanced_accuracy: 0.726190
EPOCH 66:
VALIDATION
valid epoch balanced_accuracy: 0.762566
EPOCH 67:
VALIDATION
valid epoch balanced_accuracy: 0.616402
EPOCH 68:
VALIDATION
valid epoch balanced_accuracy: 0.651455
EPOCH 69:
VALIDATION
valid epoch balanced_accuracy: 0.654101
EPOCH 70:
VALIDATION
valid epoch balanced_accuracy: 0.689815
EPOCH 71:
VALIDATION
valid epoch balanced_accuracy: 0.762566
EPOCH 72:
VALIDATION
valid epoch balanced_accuracy: 0.746032
EPOCH 73:
VALIDATION
valid epoch balanced_accuracy: 0.710317
EPOCH 74:
VALIDATION
valid epoch balanced_accuracy: 0.744048
EPOCH 75:
VALIDATION
valid epoch balanced_accuracy: 0.726190
EPOCH 76:
VALIDATION
valid epoch balanced_accuracy: 0.652778
EPOCH 77:
VALIDATION
valid epoch balanced_accuracy: 0.763889
EPOCH 78:
VALIDATION
valid epoch balanced_accuracy: 0.671296
EPOCH 79:
VALIDATION
valid epoch balanced_accuracy: 0.675265
EPOCH 80:
VALIDATION
valid epoch balanced_accuracy: 0.725529
EPOCH 81:
VALIDATION
valid epoch balanced_accuracy: 0.746693
EPOCH 82:
VALIDATION
valid epoch balanced_accuracy: 0.672619
EPOCH 83:
VALIDATION
valid epoch balanced_accuracy: 0.708995
EPOCH 84:
VALIDATION
valid epoch balanced_accuracy: 0.761905
EPOCH 85:
VALIDATION
valid epoch balanced_accuracy: 0.726852
EPOCH 86:
VALIDATION
valid epoch balanced_accuracy: 0.654762
EPOCH 87:
VALIDATION
valid epoch balanced_accuracy: 0.650794
EPOCH 88:
VALIDATION
valid epoch balanced_accuracy: 0.743386
EPOCH 89:
VALIDATION
valid epoch balanced_accuracy: 0.745370
EPOCH 90:
VALIDATION
valid epoch balanced_accuracy: 0.728175
EPOCH 91:
VALIDATION
valid epoch balanced_accuracy: 0.763889
EPOCH 92:
VALIDATION
valid epoch balanced_accuracy: 0.689153
EPOCH 93:
VALIDATION
valid epoch balanced_accuracy: 0.711640
EPOCH 94:
VALIDATION
valid epoch balanced_accuracy: 0.615079
EPOCH 95:
VALIDATION
valid epoch balanced_accuracy: 0.744709
EPOCH 96:
VALIDATION
valid epoch balanced_accuracy: 0.726852
EPOCH 97:
VALIDATION
valid epoch balanced_accuracy: 0.692460
EPOCH 98:
VALIDATION
valid epoch balanced_accuracy: 0.710317
EPOCH 99:
VALIDATION
valid epoch balanced_accuracy: 0.632937
EPOCH 100:
VALIDATION
valid epoch balanced_accuracy: 0.710979
EPOCH 101:
VALIDATION
valid epoch balanced_accuracy: 0.724868
EPOCH 102:
VALIDATION
valid epoch balanced_accuracy: 0.745370
EPOCH 103:
VALIDATION
valid epoch balanced_accuracy: 0.724868
EPOCH 104:
VALIDATION
valid epoch balanced_accuracy: 0.708333
EPOCH 105:
VALIDATION
valid epoch balanced_accuracy: 0.726852
EPOCH 106:
VALIDATION
valid epoch balanced_accuracy: 0.728175
EPOCH 107:
VALIDATION
valid epoch balanced_accuracy: 0.713624
EPOCH 108:
VALIDATION
valid epoch balanced_accuracy: 0.727513
EPOCH 109:
VALIDATION
valid epoch balanced_accuracy: 0.744709
EPOCH 110:
VALIDATION
valid epoch balanced_accuracy: 0.744709
EPOCH 111:
VALIDATION
valid epoch balanced_accuracy: 0.724868
EPOCH 112:
VALIDATION
valid epoch balanced_accuracy: 0.707011
EPOCH 113:
VALIDATION
valid epoch balanced_accuracy: 0.727513
EPOCH 114:
VALIDATION
valid epoch balanced_accuracy: 0.762566
EPOCH 115:
VALIDATION
valid epoch balanced_accuracy: 0.726190
EPOCH 116:
VALIDATION
valid epoch balanced_accuracy: 0.743386
EPOCH 117:
VALIDATION
valid epoch balanced_accuracy: 0.708333
EPOCH 118:
VALIDATION
valid epoch balanced_accuracy: 0.651455
EPOCH 119:
VALIDATION
valid epoch balanced_accuracy: 0.688492
EPOCH 120:
VALIDATION
valid epoch balanced_accuracy: 0.761905
EPOCH 121:
VALIDATION
valid epoch balanced_accuracy: 0.762566
EPOCH 122:
VALIDATION
valid epoch balanced_accuracy: 0.690476
EPOCH 123:
VALIDATION
valid epoch balanced_accuracy: 0.725529
EPOCH 124:
VALIDATION
valid epoch balanced_accuracy: 0.744709
EPOCH 125:
VALIDATION
valid epoch balanced_accuracy: 0.762566
EPOCH 126:
VALIDATION
valid epoch balanced_accuracy: 0.744048
EPOCH 127:
VALIDATION
valid epoch balanced_accuracy: 0.765212
EPOCH 128:
VALIDATION
valid epoch balanced_accuracy: 0.708333
EPOCH 129:
VALIDATION
valid epoch balanced_accuracy: 0.728175
EPOCH 130:
VALIDATION
valid epoch balanced_accuracy: 0.743386
EPOCH 131:
VALIDATION
valid epoch balanced_accuracy: 0.725529
EPOCH 132:
VALIDATION
valid epoch balanced_accuracy: 0.724868
EPOCH 133:
VALIDATION
valid epoch balanced_accuracy: 0.744709
EPOCH 134:
VALIDATION
valid epoch balanced_accuracy: 0.708995
EPOCH 135:
VALIDATION
valid epoch balanced_accuracy: 0.726190
EPOCH 136:
VALIDATION
valid epoch balanced_accuracy: 0.706349
EPOCH 137:
VALIDATION
valid epoch balanced_accuracy: 0.724206
EPOCH 138:
VALIDATION
valid epoch balanced_accuracy: 0.744709
EPOCH 139:
VALIDATION
valid epoch balanced_accuracy: 0.708995
EPOCH 140:
VALIDATION
valid epoch balanced_accuracy: 0.742725
EPOCH 141:
VALIDATION
valid epoch balanced_accuracy: 0.761905
EPOCH 142:
VALIDATION
valid epoch balanced_accuracy: 0.761905
EPOCH 143:
VALIDATION
valid epoch balanced_accuracy: 0.744048
EPOCH 144:
VALIDATION
valid epoch balanced_accuracy: 0.761905
EPOCH 145:
VALIDATION
valid epoch balanced_accuracy: 0.744048
EPOCH 146:
VALIDATION
valid epoch balanced_accuracy: 0.744709
EPOCH 147:
VALIDATION
valid epoch balanced_accuracy: 0.686508
EPOCH 148:
VALIDATION
valid epoch balanced_accuracy: 0.762566
EPOCH 149:
VALIDATION
valid epoch balanced_accuracy: 0.743386
EPOCH 150:
VALIDATION
valid epoch balanced_accuracy: 0.725529
accuracy: 0.690909
sensitivity: 0.607143
precision: 0.739130
specificity: 0.777778
IoU: 0.500000
FAR: 0.222222
F1: 0.666667
balanced_accuracy: 0.692460
loss: 1.448182
