Waiting for exclusive access to GPU GPU-e38fd50b-f28d-bca0-1506-1209c3351206.
=== GROUP: CRAL-TRIO | VARIANT: nps3mlp_dpt015 | SEED: 0 | GPU: Tesla V100-SXM2-32GB ===

number of parameters : 1403982
train : (987, 12)
valid : (172, 12)
test : (172, 12)
class weights : [1.134482741355896, 0.89402174949646]
data extracted
EPOCH 1:
VALIDATION
valid epoch balanced_accuracy: 0.555556
EPOCH 2:
VALIDATION
valid epoch balanced_accuracy: 0.506944
EPOCH 3:
VALIDATION
valid epoch balanced_accuracy: 0.500000
EPOCH 4:
VALIDATION
valid epoch balanced_accuracy: 0.520833
EPOCH 5:
VALIDATION
valid epoch balanced_accuracy: 0.588333
EPOCH 6:
VALIDATION
valid epoch balanced_accuracy: 0.605833
EPOCH 7:
VALIDATION
valid epoch balanced_accuracy: 0.597222
EPOCH 8:
VALIDATION
valid epoch balanced_accuracy: 0.649722
EPOCH 9:
VALIDATION
valid epoch balanced_accuracy: 0.542500
EPOCH 10:
VALIDATION
valid epoch balanced_accuracy: 0.697778
EPOCH 11:
VALIDATION
valid epoch balanced_accuracy: 0.548611
EPOCH 12:
VALIDATION
valid epoch balanced_accuracy: 0.603056
EPOCH 13:
VALIDATION
valid epoch balanced_accuracy: 0.661111
EPOCH 14:
VALIDATION
valid epoch balanced_accuracy: 0.600278
EPOCH 15:
VALIDATION
valid epoch balanced_accuracy: 0.510833
EPOCH 16:
VALIDATION
valid epoch balanced_accuracy: 0.613611
EPOCH 17:
VALIDATION
valid epoch balanced_accuracy: 0.651111
EPOCH 18:
VALIDATION
valid epoch balanced_accuracy: 0.612778
EPOCH 19:
VALIDATION
valid epoch balanced_accuracy: 0.474722
EPOCH 20:
VALIDATION
valid epoch balanced_accuracy: 0.544167
EPOCH 21:
VALIDATION
valid epoch balanced_accuracy: 0.578056
EPOCH 22:
VALIDATION
valid epoch balanced_accuracy: 0.613056
EPOCH 23:
VALIDATION
valid epoch balanced_accuracy: 0.604722
EPOCH 24:
VALIDATION
valid epoch balanced_accuracy: 0.583611
EPOCH 25:
VALIDATION
valid epoch balanced_accuracy: 0.565278
EPOCH 26:
VALIDATION
valid epoch balanced_accuracy: 0.611944
EPOCH 27:
VALIDATION
valid epoch balanced_accuracy: 0.552500
EPOCH 28:
VALIDATION
valid epoch balanced_accuracy: 0.603056
EPOCH 29:
VALIDATION
valid epoch balanced_accuracy: 0.595556
EPOCH 30:
VALIDATION
valid epoch balanced_accuracy: 0.539444
EPOCH 31:
VALIDATION
valid epoch balanced_accuracy: 0.528333
EPOCH 32:
VALIDATION
valid epoch balanced_accuracy: 0.508333
EPOCH 33:
VALIDATION
valid epoch balanced_accuracy: 0.541111
EPOCH 34:
VALIDATION
valid epoch balanced_accuracy: 0.541389
EPOCH 35:
VALIDATION
valid epoch balanced_accuracy: 0.574444
EPOCH 36:
VALIDATION
valid epoch balanced_accuracy: 0.611111
EPOCH 37:
VALIDATION
valid epoch balanced_accuracy: 0.621111
EPOCH 38:
VALIDATION
valid epoch balanced_accuracy: 0.593056
EPOCH 39:
VALIDATION
valid epoch balanced_accuracy: 0.575000
EPOCH 40:
VALIDATION
valid epoch balanced_accuracy: 0.628889
EPOCH 41:
VALIDATION
valid epoch balanced_accuracy: 0.631667
EPOCH 42:
VALIDATION
valid epoch balanced_accuracy: 0.625556
EPOCH 43:
VALIDATION
valid epoch balanced_accuracy: 0.539167
EPOCH 44:
VALIDATION
valid epoch balanced_accuracy: 0.530000
EPOCH 45:
VALIDATION
valid epoch balanced_accuracy: 0.553056
EPOCH 46:
VALIDATION
valid epoch balanced_accuracy: 0.591944
EPOCH 47:
VALIDATION
valid epoch balanced_accuracy: 0.591667
EPOCH 48:
VALIDATION
valid epoch balanced_accuracy: 0.591389
EPOCH 49:
VALIDATION
valid epoch balanced_accuracy: 0.540278
EPOCH 50:
VALIDATION
valid epoch balanced_accuracy: 0.536389
EPOCH 51:
VALIDATION
valid epoch balanced_accuracy: 0.644444
EPOCH 52:
VALIDATION
valid epoch balanced_accuracy: 0.498889
EPOCH 53:
VALIDATION
valid epoch balanced_accuracy: 0.534167
EPOCH 54:
VALIDATION
valid epoch balanced_accuracy: 0.520556
EPOCH 55:
VALIDATION
valid epoch balanced_accuracy: 0.629167
EPOCH 56:
VALIDATION
valid epoch balanced_accuracy: 0.608889
EPOCH 57:
VALIDATION
valid epoch balanced_accuracy: 0.579722
EPOCH 58:
VALIDATION
valid epoch balanced_accuracy: 0.580556
EPOCH 59:
VALIDATION
valid epoch balanced_accuracy: 0.594444
EPOCH 60:
VALIDATION
valid epoch balanced_accuracy: 0.586389
EPOCH 61:
VALIDATION
valid epoch balanced_accuracy: 0.576667
EPOCH 62:
VALIDATION
valid epoch balanced_accuracy: 0.621389
EPOCH 63:
VALIDATION
valid epoch balanced_accuracy: 0.542778
EPOCH 64:
VALIDATION
valid epoch balanced_accuracy: 0.555833
EPOCH 65:
VALIDATION
valid epoch balanced_accuracy: 0.637500
EPOCH 66:
VALIDATION
valid epoch balanced_accuracy: 0.543056
EPOCH 67:
VALIDATION
valid epoch balanced_accuracy: 0.560278
EPOCH 68:
VALIDATION
valid epoch balanced_accuracy: 0.558333
EPOCH 69:
VALIDATION
valid epoch balanced_accuracy: 0.540556
EPOCH 70:
VALIDATION
valid epoch balanced_accuracy: 0.581667
EPOCH 71:
VALIDATION
valid epoch balanced_accuracy: 0.588056
EPOCH 72:
VALIDATION
valid epoch balanced_accuracy: 0.580278
EPOCH 73:
VALIDATION
valid epoch balanced_accuracy: 0.541389
EPOCH 74:
VALIDATION
valid epoch balanced_accuracy: 0.605833
EPOCH 75:
VALIDATION
valid epoch balanced_accuracy: 0.631667
EPOCH 76:
VALIDATION
valid epoch balanced_accuracy: 0.684722
EPOCH 77:
VALIDATION
valid epoch balanced_accuracy: 0.629722
EPOCH 78:
VALIDATION
valid epoch balanced_accuracy: 0.642500
EPOCH 79:
VALIDATION
valid epoch balanced_accuracy: 0.609722
EPOCH 80:
VALIDATION
valid epoch balanced_accuracy: 0.508333
EPOCH 81:
VALIDATION
valid epoch balanced_accuracy: 0.540278
EPOCH 82:
VALIDATION
valid epoch balanced_accuracy: 0.597778
EPOCH 83:
VALIDATION
valid epoch balanced_accuracy: 0.563889
EPOCH 84:
VALIDATION
valid epoch balanced_accuracy: 0.479722
EPOCH 85:
VALIDATION
valid epoch balanced_accuracy: 0.535556
EPOCH 86:
VALIDATION
valid epoch balanced_accuracy: 0.577222
EPOCH 87:
VALIDATION
valid epoch balanced_accuracy: 0.550000
EPOCH 88:
VALIDATION
valid epoch balanced_accuracy: 0.565278
EPOCH 89:
VALIDATION
valid epoch balanced_accuracy: 0.550278
EPOCH 90:
VALIDATION
valid epoch balanced_accuracy: 0.552222
EPOCH 91:
VALIDATION
valid epoch balanced_accuracy: 0.577222
EPOCH 92:
VALIDATION
valid epoch balanced_accuracy: 0.582222
EPOCH 93:
VALIDATION
valid epoch balanced_accuracy: 0.638333
EPOCH 94:
VALIDATION
valid epoch balanced_accuracy: 0.554444
EPOCH 95:
VALIDATION
valid epoch balanced_accuracy: 0.598333
EPOCH 96:
VALIDATION
valid epoch balanced_accuracy: 0.582500
EPOCH 97:
VALIDATION
valid epoch balanced_accuracy: 0.617500
EPOCH 98:
VALIDATION
valid epoch balanced_accuracy: 0.580556
EPOCH 99:
VALIDATION
valid epoch balanced_accuracy: 0.526667
EPOCH 100:
VALIDATION
valid epoch balanced_accuracy: 0.518611
EPOCH 101:
VALIDATION
valid epoch balanced_accuracy: 0.601667
EPOCH 102:
VALIDATION
valid epoch balanced_accuracy: 0.530556
EPOCH 103:
VALIDATION
valid epoch balanced_accuracy: 0.548611
EPOCH 104:
VALIDATION
valid epoch balanced_accuracy: 0.620556
EPOCH 105:
VALIDATION
valid epoch balanced_accuracy: 0.555556
EPOCH 106:
VALIDATION
valid epoch balanced_accuracy: 0.574167
EPOCH 107:
VALIDATION
valid epoch balanced_accuracy: 0.554444
EPOCH 108:
VALIDATION
valid epoch balanced_accuracy: 0.605278
EPOCH 109:
VALIDATION
valid epoch balanced_accuracy: 0.578056
EPOCH 110:
VALIDATION
valid epoch balanced_accuracy: 0.569444
EPOCH 111:
VALIDATION
valid epoch balanced_accuracy: 0.545278
EPOCH 112:
VALIDATION
valid epoch balanced_accuracy: 0.559722
EPOCH 113:
VALIDATION
valid epoch balanced_accuracy: 0.531111
EPOCH 114:
VALIDATION
valid epoch balanced_accuracy: 0.530000
EPOCH 115:
VALIDATION
valid epoch balanced_accuracy: 0.628611
EPOCH 116:
VALIDATION
valid epoch balanced_accuracy: 0.556944
EPOCH 117:
VALIDATION
valid epoch balanced_accuracy: 0.531389
EPOCH 118:
VALIDATION
valid epoch balanced_accuracy: 0.551667
EPOCH 119:
VALIDATION
valid epoch balanced_accuracy: 0.517500
EPOCH 120:
VALIDATION
valid epoch balanced_accuracy: 0.513611
EPOCH 121:
VALIDATION
valid epoch balanced_accuracy: 0.529444
EPOCH 122:
VALIDATION
valid epoch balanced_accuracy: 0.533889
EPOCH 123:
VALIDATION
valid epoch balanced_accuracy: 0.546389
EPOCH 124:
VALIDATION
valid epoch balanced_accuracy: 0.502778
EPOCH 125:
VALIDATION
valid epoch balanced_accuracy: 0.504722
EPOCH 126:
VALIDATION
valid epoch balanced_accuracy: 0.534722
EPOCH 127:
VALIDATION
valid epoch balanced_accuracy: 0.533333
EPOCH 128:
VALIDATION
valid epoch balanced_accuracy: 0.531389
EPOCH 129:
VALIDATION
valid epoch balanced_accuracy: 0.565556
EPOCH 130:
VALIDATION
valid epoch balanced_accuracy: 0.542222
EPOCH 131:
VALIDATION
valid epoch balanced_accuracy: 0.516667
EPOCH 132:
VALIDATION
valid epoch balanced_accuracy: 0.636667
EPOCH 133:
VALIDATION
valid epoch balanced_accuracy: 0.566389
EPOCH 134:
VALIDATION
valid epoch balanced_accuracy: 0.492778
EPOCH 135:
VALIDATION
valid epoch balanced_accuracy: 0.567222
EPOCH 136:
VALIDATION
valid epoch balanced_accuracy: 0.600278
EPOCH 137:
VALIDATION
valid epoch balanced_accuracy: 0.579167
EPOCH 138:
VALIDATION
valid epoch balanced_accuracy: 0.555000
EPOCH 139:
VALIDATION
valid epoch balanced_accuracy: 0.597500
EPOCH 140:
VALIDATION
valid epoch balanced_accuracy: 0.548056
EPOCH 141:
VALIDATION
valid epoch balanced_accuracy: 0.553333
EPOCH 142:
VALIDATION
valid epoch balanced_accuracy: 0.599722
EPOCH 143:
VALIDATION
valid epoch balanced_accuracy: 0.570278
EPOCH 144:
VALIDATION
valid epoch balanced_accuracy: 0.569444
EPOCH 145:
VALIDATION
valid epoch balanced_accuracy: 0.587222
EPOCH 146:
VALIDATION
valid epoch balanced_accuracy: 0.571944
EPOCH 147:
VALIDATION
valid epoch balanced_accuracy: 0.574167
EPOCH 148:
VALIDATION
valid epoch balanced_accuracy: 0.574722
EPOCH 149:
VALIDATION
valid epoch balanced_accuracy: 0.575556
EPOCH 150:
VALIDATION
valid epoch balanced_accuracy: 0.589444
accuracy: 0.610465
sensitivity: 0.625000
precision: 0.698925
specificity: 0.588235
IoU: 0.492424
FAR: 0.411765
F1: 0.659898
balanced_accuracy: 0.606618
loss: 1.541107
