
number of parameters : 1279114
train : (1112, 12)
valid : (200, 12)
test : (200, 12)
class weights : [1.0, 1.0]
balanced batches : 70 per epoch covering all 1112 train rows, target 8 positive + 8 unlabeled
cache warmed : 35 proteins, 409 lipid encodings, 0 lipid graphs, 131 MiB
data extracted
EPOCH 1:
VALIDATION
valid epoch balanced_accuracy: 0.524702
EPOCH 2:
VALIDATION
valid epoch balanced_accuracy: 0.483598
EPOCH 3:
VALIDATION
valid epoch balanced_accuracy: 0.516802
EPOCH 4:
VALIDATION
valid epoch balanced_accuracy: 0.495500
EPOCH 5:
VALIDATION
valid epoch balanced_accuracy: 0.494799
EPOCH 6:
VALIDATION
valid epoch balanced_accuracy: 0.531253
EPOCH 7:
VALIDATION
valid epoch balanced_accuracy: 0.494999
EPOCH 8:
VALIDATION
valid epoch balanced_accuracy: 0.485299
EPOCH 9:
VALIDATION
valid epoch balanced_accuracy: 0.479848
EPOCH 10:
VALIDATION
valid epoch balanced_accuracy: 0.527603
EPOCH 11:
VALIDATION
valid epoch balanced_accuracy: 0.549455
EPOCH 12:
VALIDATION
valid epoch balanced_accuracy: 0.573807
EPOCH 13:
VALIDATION
valid epoch balanced_accuracy: 0.526203
EPOCH 14:
VALIDATION
valid epoch balanced_accuracy: 0.519752
EPOCH 15:
VALIDATION
valid epoch balanced_accuracy: 0.525803
EPOCH 16:
VALIDATION
valid epoch balanced_accuracy: 0.495500
EPOCH 17:
VALIDATION
valid epoch balanced_accuracy: 0.548755
EPOCH 18:
VALIDATION
valid epoch balanced_accuracy: 0.620562
EPOCH 19:
VALIDATION
valid epoch balanced_accuracy: 0.572557
EPOCH 20:
VALIDATION
valid epoch balanced_accuracy: 0.536504
EPOCH 21:
VALIDATION
valid epoch balanced_accuracy: 0.551255
EPOCH 22:
VALIDATION
valid epoch balanced_accuracy: 0.586509
EPOCH 23:
VALIDATION
valid epoch balanced_accuracy: 0.592159
EPOCH 24:
VALIDATION
valid epoch balanced_accuracy: 0.530453
EPOCH 25:
VALIDATION
valid epoch balanced_accuracy: 0.580858
EPOCH 26:
VALIDATION
valid epoch balanced_accuracy: 0.557406
EPOCH 27:
VALIDATION
valid epoch balanced_accuracy: 0.567007
EPOCH 28:
VALIDATION
valid epoch balanced_accuracy: 0.471147
EPOCH 29:
VALIDATION
valid epoch balanced_accuracy: 0.596010
EPOCH 30:
VALIDATION
valid epoch balanced_accuracy: 0.551355
EPOCH 31:
VALIDATION
valid epoch balanced_accuracy: 0.527203
EPOCH 32:
VALIDATION
valid epoch balanced_accuracy: 0.570057
EPOCH 33:
VALIDATION
valid epoch balanced_accuracy: 0.560556
EPOCH 34:
VALIDATION
valid epoch balanced_accuracy: 0.491349
EPOCH 35:
VALIDATION
valid epoch balanced_accuracy: 0.526003
EPOCH 36:
VALIDATION
valid epoch balanced_accuracy: 0.503250
EPOCH 37:
VALIDATION
valid epoch balanced_accuracy: 0.610861
EPOCH 38:
VALIDATION
valid epoch balanced_accuracy: 0.579058
EPOCH 39:
VALIDATION
valid epoch balanced_accuracy: 0.547105
EPOCH 40:
VALIDATION
valid epoch balanced_accuracy: 0.572057
EPOCH 41:
VALIDATION
valid epoch balanced_accuracy: 0.591759
EPOCH 42:
VALIDATION
valid epoch balanced_accuracy: 0.640264
EPOCH 43:
VALIDATION
valid epoch balanced_accuracy: 0.630263
EPOCH 44:
VALIDATION
valid epoch balanced_accuracy: 0.596310
EPOCH 45:
VALIDATION
valid epoch balanced_accuracy: 0.566607
EPOCH 46:
VALIDATION
valid epoch balanced_accuracy: 0.512351
EPOCH 47:
VALIDATION
valid epoch balanced_accuracy: 0.581358
EPOCH 48:
VALIDATION
valid epoch balanced_accuracy: 0.587709
EPOCH 49:
VALIDATION
valid epoch balanced_accuracy: 0.550755
EPOCH 50:
VALIDATION
valid epoch balanced_accuracy: 0.537504
EPOCH 51:
VALIDATION
valid epoch balanced_accuracy: 0.506601
EPOCH 52:
VALIDATION
valid epoch balanced_accuracy: 0.596710
EPOCH 53:
VALIDATION
valid epoch balanced_accuracy: 0.575208
EPOCH 54:
VALIDATION
valid epoch balanced_accuracy: 0.561056
EPOCH 55:
VALIDATION
valid epoch balanced_accuracy: 0.511351
EPOCH 56:
VALIDATION
valid epoch balanced_accuracy: 0.571257
EPOCH 57:
VALIDATION
valid epoch balanced_accuracy: 0.531953
EPOCH 58:
VALIDATION
valid epoch balanced_accuracy: 0.599760
EPOCH 59:
VALIDATION
valid epoch balanced_accuracy: 0.477698
EPOCH 60:
VALIDATION
valid epoch balanced_accuracy: 0.571757
EPOCH 61:
VALIDATION
valid epoch balanced_accuracy: 0.572057
EPOCH 62:
VALIDATION
valid epoch balanced_accuracy: 0.550955
EPOCH 63:
VALIDATION
valid epoch balanced_accuracy: 0.576408
EPOCH 64:
VALIDATION
valid epoch balanced_accuracy: 0.522252
EPOCH 65:
VALIDATION
valid epoch balanced_accuracy: 0.597210
EPOCH 66:
VALIDATION
valid epoch balanced_accuracy: 0.487799
EPOCH 67:
VALIDATION
valid epoch balanced_accuracy: 0.481948
EPOCH 68:
VALIDATION
valid epoch balanced_accuracy: 0.625813
EPOCH 69:
VALIDATION
valid epoch balanced_accuracy: 0.570657
EPOCH 70:
VALIDATION
valid epoch balanced_accuracy: 0.570057
EPOCH 71:
VALIDATION
valid epoch balanced_accuracy: 0.545905
EPOCH 72:
VALIDATION
valid epoch balanced_accuracy: 0.546705
EPOCH 73:
VALIDATION
valid epoch balanced_accuracy: 0.581058
EPOCH 74:
VALIDATION
valid epoch balanced_accuracy: 0.561656
EPOCH 75:
VALIDATION
valid epoch balanced_accuracy: 0.541854
EPOCH 76:
VALIDATION
valid epoch balanced_accuracy: 0.565707
EPOCH 77:
VALIDATION
valid epoch balanced_accuracy: 0.571457
EPOCH 78:
VALIDATION
valid epoch balanced_accuracy: 0.565607
EPOCH 79:
VALIDATION
valid epoch balanced_accuracy: 0.492049
EPOCH 80:
VALIDATION
valid epoch balanced_accuracy: 0.625613
EPOCH 81:
VALIDATION
valid epoch balanced_accuracy: 0.591759
EPOCH 82:
VALIDATION
valid epoch balanced_accuracy: 0.571357
EPOCH 83:
VALIDATION
valid epoch balanced_accuracy: 0.540954
EPOCH 84:
VALIDATION
valid epoch balanced_accuracy: 0.546805
EPOCH 85:
VALIDATION
valid epoch balanced_accuracy: 0.557306
EPOCH 86:
VALIDATION
valid epoch balanced_accuracy: 0.557406
EPOCH 87:
VALIDATION
valid epoch balanced_accuracy: 0.576308
EPOCH 88:
VALIDATION
valid epoch balanced_accuracy: 0.571557
EPOCH 89:
VALIDATION
valid epoch balanced_accuracy: 0.585509
EPOCH 90:
VALIDATION
valid epoch balanced_accuracy: 0.566807
EPOCH 91:
VALIDATION
valid epoch balanced_accuracy: 0.601960
EPOCH 92:
VALIDATION
valid epoch balanced_accuracy: 0.620362
EPOCH 93:
VALIDATION
valid epoch balanced_accuracy: 0.611461
EPOCH 94:
VALIDATION
valid epoch balanced_accuracy: 0.605711
EPOCH 95:
VALIDATION
valid epoch balanced_accuracy: 0.571557
EPOCH 96:
VALIDATION
valid epoch balanced_accuracy: 0.580858
EPOCH 97:
VALIDATION
valid epoch balanced_accuracy: 0.591059
EPOCH 98:
VALIDATION
valid epoch balanced_accuracy: 0.591459
EPOCH 99:
VALIDATION
valid epoch balanced_accuracy: 0.595610
EPOCH 100:
VALIDATION
valid epoch balanced_accuracy: 0.581258
EPOCH 101:
VALIDATION
valid epoch balanced_accuracy: 0.641464
EPOCH 102:
VALIDATION
valid epoch balanced_accuracy: 0.527703
EPOCH 103:
VALIDATION
valid epoch balanced_accuracy: 0.601760
EPOCH 104:
VALIDATION
valid epoch balanced_accuracy: 0.472347
EPOCH 105:
VALIDATION
valid epoch balanced_accuracy: 0.571657
EPOCH 106:
VALIDATION
valid epoch balanced_accuracy: 0.571757
EPOCH 107:
VALIDATION
valid epoch balanced_accuracy: 0.561756
EPOCH 108:
VALIDATION
valid epoch balanced_accuracy: 0.602160
EPOCH 109:
VALIDATION
valid epoch balanced_accuracy: 0.571657
EPOCH 110:
VALIDATION
valid epoch balanced_accuracy: 0.586109
EPOCH 111:
VALIDATION
valid epoch balanced_accuracy: 0.512451
EPOCH 112:
VALIDATION
valid epoch balanced_accuracy: 0.551055
EPOCH 113:
VALIDATION
valid epoch balanced_accuracy: 0.525503
EPOCH 114:
VALIDATION
valid epoch balanced_accuracy: 0.582058
EPOCH 115:
VALIDATION
valid epoch balanced_accuracy: 0.537004
EPOCH 116:
VALIDATION
valid epoch balanced_accuracy: 0.620662
EPOCH 117:
VALIDATION
valid epoch balanced_accuracy: 0.531153
EPOCH 118:
VALIDATION
valid epoch balanced_accuracy: 0.556706
EPOCH 119:
VALIDATION
valid epoch balanced_accuracy: 0.571257
EPOCH 120:
VALIDATION
valid epoch balanced_accuracy: 0.611861
EPOCH 121:
VALIDATION
valid epoch balanced_accuracy: 0.571157
EPOCH 122:
VALIDATION
valid epoch balanced_accuracy: 0.526803
EPOCH 123:
VALIDATION
valid epoch balanced_accuracy: 0.587009
EPOCH 124:
VALIDATION
valid epoch balanced_accuracy: 0.582158
EPOCH 125:
VALIDATION
valid epoch balanced_accuracy: 0.576108
EPOCH 126:
VALIDATION
valid epoch balanced_accuracy: 0.542054
EPOCH 127:
VALIDATION
valid epoch balanced_accuracy: 0.591959
EPOCH 128:
VALIDATION
valid epoch balanced_accuracy: 0.501550
EPOCH 129:
VALIDATION
valid epoch balanced_accuracy: 0.486999
EPOCH 130:
VALIDATION
valid epoch balanced_accuracy: 0.586209
EPOCH 131:
VALIDATION
valid epoch balanced_accuracy: 0.551755
EPOCH 132:
VALIDATION
valid epoch balanced_accuracy: 0.571957
EPOCH 133:
VALIDATION
valid epoch balanced_accuracy: 0.586509
EPOCH 134:
VALIDATION
valid epoch balanced_accuracy: 0.606911
EPOCH 135:
VALIDATION
valid epoch balanced_accuracy: 0.606111
EPOCH 136:
VALIDATION
valid epoch balanced_accuracy: 0.591859
EPOCH 137:
VALIDATION
valid epoch balanced_accuracy: 0.582058
EPOCH 138:
VALIDATION
valid epoch balanced_accuracy: 0.576808
EPOCH 139:
VALIDATION
valid epoch balanced_accuracy: 0.590759
EPOCH 140:
VALIDATION
valid epoch balanced_accuracy: 0.631463
EPOCH 141:
VALIDATION
valid epoch balanced_accuracy: 0.516602
EPOCH 142:
VALIDATION
valid epoch balanced_accuracy: 0.571757
EPOCH 143:
VALIDATION
valid epoch balanced_accuracy: 0.552055
EPOCH 144:
VALIDATION
valid epoch balanced_accuracy: 0.580358
EPOCH 145:
VALIDATION
valid epoch balanced_accuracy: 0.590259
EPOCH 146:
VALIDATION
valid epoch balanced_accuracy: 0.566407
EPOCH 147:
VALIDATION
valid epoch balanced_accuracy: 0.567007
EPOCH 148:
VALIDATION
valid epoch balanced_accuracy: 0.540954
EPOCH 149:
VALIDATION
valid epoch balanced_accuracy: 0.571457
EPOCH 150:
VALIDATION
valid epoch balanced_accuracy: 0.620762
accuracy: 0.645000
sensitivity: 0.585859
precision: 0.659091
specificity: 0.702970
IoU: 0.449612
FAR: 0.297030
F1: 0.620321
balanced_accuracy: 0.644414
loss: 0.942476
