
/home/andrei/DL_project_5/DL_project/dataloader/New_dataloader.py:73: UserWarning: The given NumPy array is not writable, and PyTorch does not support non-writable tensors. This means writing to this tensor will result in undefined behavior. You may want to copy the array to protect its data or make it writable before converting it to a tensor. This type of warning will be suppressed for the rest of this program. (Triggered internally at /pytorch/torch/csrc/utils/tensor_numpy.cpp:213.)
  self.train_orig_indexes = torch.as_tensor(self.csvtrain["_tanimoto_orig_idx"].values, dtype=torch.long)
train : (1332, 12)
valid : (90, 12)
test : (90, 12)
number of parameters : 802825
class weights : [1.0, 1.0]
balanced batches : 167 per epoch covering all 1332 train rows, target 4 positive + 4 unlabeled
cache warmed : 35 proteins, 410 lipid encodings, 0 lipid graphs, 89 MiB
source artifacts released : ['csvt', 'protein_tensor_cache', 'smiles_encoding', 'train_tanimoto_batch']
data extracted
EPOCH 1:
VALIDATION
valid epoch balanced_accuracy: 0.479638
EPOCH 2:
VALIDATION
valid epoch balanced_accuracy: 0.472851
EPOCH 3:
VALIDATION
valid epoch balanced_accuracy: 0.572398
EPOCH 4:
VALIDATION
valid epoch balanced_accuracy: 0.598793
EPOCH 5:
VALIDATION
valid epoch balanced_accuracy: 0.594268
EPOCH 6:
VALIDATION
valid epoch balanced_accuracy: 0.610860
EPOCH 7:
VALIDATION
valid epoch balanced_accuracy: 0.601810
EPOCH 8:
VALIDATION
valid epoch balanced_accuracy: 0.592006
EPOCH 9:
VALIDATION
valid epoch balanced_accuracy: 0.613876
EPOCH 10:
VALIDATION
valid epoch balanced_accuracy: 0.555053
EPOCH 11:
VALIDATION
valid epoch balanced_accuracy: 0.581448
EPOCH 12:
VALIDATION
valid epoch balanced_accuracy: 0.489442
EPOCH 13:
VALIDATION
valid epoch balanced_accuracy: 0.548265
EPOCH 14:
VALIDATION
valid epoch balanced_accuracy: 0.604827
EPOCH 15:
VALIDATION
valid epoch balanced_accuracy: 0.493967
EPOCH 16:
VALIDATION
valid epoch balanced_accuracy: 0.493967
EPOCH 17:
VALIDATION
valid epoch balanced_accuracy: 0.631976
EPOCH 18:
VALIDATION
valid epoch balanced_accuracy: 0.646305
EPOCH 19:
VALIDATION
valid epoch balanced_accuracy: 0.638009
EPOCH 20:
VALIDATION
valid epoch balanced_accuracy: 0.586727
EPOCH 21:
VALIDATION
valid epoch balanced_accuracy: 0.532428
EPOCH 22:
VALIDATION
valid epoch balanced_accuracy: 0.642534
EPOCH 23:
VALIDATION
valid epoch balanced_accuracy: 0.546003
EPOCH 24:
VALIDATION
valid epoch balanced_accuracy: 0.552790
EPOCH 25:
VALIDATION
valid epoch balanced_accuracy: 0.588989
EPOCH 26:
VALIDATION
valid epoch balanced_accuracy: 0.607089
EPOCH 27:
VALIDATION
valid epoch balanced_accuracy: 0.561086
EPOCH 28:
VALIDATION
valid epoch balanced_accuracy: 0.648567
EPOCH 29:
VALIDATION
valid epoch balanced_accuracy: 0.602564
EPOCH 30:
VALIDATION
valid epoch balanced_accuracy: 0.555053
EPOCH 31:
VALIDATION
valid epoch balanced_accuracy: 0.671192
EPOCH 32:
VALIDATION
valid epoch balanced_accuracy: 0.566365
EPOCH 33:
VALIDATION
valid epoch balanced_accuracy: 0.627451
EPOCH 34:
VALIDATION
valid epoch balanced_accuracy: 0.687029
EPOCH 35:
VALIDATION
valid epoch balanced_accuracy: 0.640271
EPOCH 36:
VALIDATION
valid epoch balanced_accuracy: 0.712670
EPOCH 37:
VALIDATION
valid epoch balanced_accuracy: 0.680995
EPOCH 38:
VALIDATION
valid epoch balanced_accuracy: 0.671946
EPOCH 39:
VALIDATION
valid epoch balanced_accuracy: 0.659125
EPOCH 40:
VALIDATION
valid epoch balanced_accuracy: 0.796380
EPOCH 41:
VALIDATION
valid epoch balanced_accuracy: 0.724736
EPOCH 42:
VALIDATION
valid epoch balanced_accuracy: 0.815234
EPOCH 43:
VALIDATION
valid epoch balanced_accuracy: 0.638763
EPOCH 44:
VALIDATION
valid epoch balanced_accuracy: 0.767722
EPOCH 45:
VALIDATION
valid epoch balanced_accuracy: 0.634992
EPOCH 46:
VALIDATION
valid epoch balanced_accuracy: 0.545249
EPOCH 47:
VALIDATION
valid epoch balanced_accuracy: 0.632730
EPOCH 48:
VALIDATION
valid epoch balanced_accuracy: 0.668929
EPOCH 49:
VALIDATION
valid epoch balanced_accuracy: 0.713424
EPOCH 50:
VALIDATION
valid epoch balanced_accuracy: 0.609351
EPOCH 51:
VALIDATION
valid epoch balanced_accuracy: 0.690799
EPOCH 52:
VALIDATION
valid epoch balanced_accuracy: 0.719457
EPOCH 53:
VALIDATION
valid epoch balanced_accuracy: 0.657617
EPOCH 54:
VALIDATION
valid epoch balanced_accuracy: 0.697587
EPOCH 55:
VALIDATION
valid epoch balanced_accuracy: 0.769985
EPOCH 56:
VALIDATION
valid epoch balanced_accuracy: 0.786576
EPOCH 57:
VALIDATION
valid epoch balanced_accuracy: 0.636501
EPOCH 58:
VALIDATION
valid epoch balanced_accuracy: 0.665158
EPOCH 59:
VALIDATION
valid epoch balanced_accuracy: 0.776772
EPOCH 60:
VALIDATION
valid epoch balanced_accuracy: 0.699849
EPOCH 61:
VALIDATION
valid epoch balanced_accuracy: 0.661388
EPOCH 62:
VALIDATION
valid epoch balanced_accuracy: 0.703620
EPOCH 63:
VALIDATION
valid epoch balanced_accuracy: 0.731523
EPOCH 64:
VALIDATION
valid epoch balanced_accuracy: 0.638009
EPOCH 65:
VALIDATION
valid epoch balanced_accuracy: 0.738311
EPOCH 66:
VALIDATION
valid epoch balanced_accuracy: 0.720211
EPOCH 67:
VALIDATION
valid epoch balanced_accuracy: 0.716440
EPOCH 68:
VALIDATION
valid epoch balanced_accuracy: 0.732278
EPOCH 69:
VALIDATION
valid epoch balanced_accuracy: 0.754148
EPOCH 70:
VALIDATION
valid epoch balanced_accuracy: 0.656109
EPOCH 71:
VALIDATION
valid epoch balanced_accuracy: 0.632730
EPOCH 72:
VALIDATION
valid epoch balanced_accuracy: 0.594268
EPOCH 73:
VALIDATION
valid epoch balanced_accuracy: 0.735294
EPOCH 74:
VALIDATION
valid epoch balanced_accuracy: 0.694570
EPOCH 75:
VALIDATION
valid epoch balanced_accuracy: 0.703620
EPOCH 76:
VALIDATION
valid epoch balanced_accuracy: 0.671192
EPOCH 77:
VALIDATION
valid epoch balanced_accuracy: 0.662142
EPOCH 78:
VALIDATION
valid epoch balanced_accuracy: 0.767722
EPOCH 79:
VALIDATION
valid epoch balanced_accuracy: 0.697587
EPOCH 80:
VALIDATION
valid epoch balanced_accuracy: 0.677979
EPOCH 81:
VALIDATION
valid epoch balanced_accuracy: 0.690045
EPOCH 82:
VALIDATION
valid epoch balanced_accuracy: 0.732278
EPOCH 83:
VALIDATION
valid epoch balanced_accuracy: 0.674208
EPOCH 84:
VALIDATION
valid epoch balanced_accuracy: 0.700603
EPOCH 85:
VALIDATION
valid epoch balanced_accuracy: 0.786576
EPOCH 86:
VALIDATION
valid epoch balanced_accuracy: 0.722474
EPOCH 87:
VALIDATION
valid epoch balanced_accuracy: 0.729261
EPOCH 88:
VALIDATION
valid epoch balanced_accuracy: 0.793363
EPOCH 89:
VALIDATION
valid epoch balanced_accuracy: 0.732278
EPOCH 90:
VALIDATION
valid epoch balanced_accuracy: 0.786576
EPOCH 91:
VALIDATION
valid epoch balanced_accuracy: 0.687029
EPOCH 92:
VALIDATION
valid epoch balanced_accuracy: 0.687783
EPOCH 93:
VALIDATION
valid epoch balanced_accuracy: 0.710407
EPOCH 94:
VALIDATION
valid epoch balanced_accuracy: 0.800151
EPOCH 95:
VALIDATION
valid epoch balanced_accuracy: 0.693062
EPOCH 96:
VALIDATION
valid epoch balanced_accuracy: 0.674962
EPOCH 97:
VALIDATION
valid epoch balanced_accuracy: 0.690799
EPOCH 98:
VALIDATION
valid epoch balanced_accuracy: 0.773756
EPOCH 99:
VALIDATION
valid epoch balanced_accuracy: 0.710407
EPOCH 100:
VALIDATION
valid epoch balanced_accuracy: 0.754148
EPOCH 101:
VALIDATION
valid epoch balanced_accuracy: 0.687783
EPOCH 102:
VALIDATION
valid epoch balanced_accuracy: 0.687783
EPOCH 103:
VALIDATION
valid epoch balanced_accuracy: 0.693816
EPOCH 104:
VALIDATION
valid epoch balanced_accuracy: 0.767722
EPOCH 105:
VALIDATION
valid epoch balanced_accuracy: 0.770739
EPOCH 106:
VALIDATION
valid epoch balanced_accuracy: 0.741327
EPOCH 107:
VALIDATION
valid epoch balanced_accuracy: 0.725490
EPOCH 108:
VALIDATION
valid epoch balanced_accuracy: 0.786576
EPOCH 109:
VALIDATION
valid epoch balanced_accuracy: 0.757919
EPOCH 110:
VALIDATION
valid epoch balanced_accuracy: 0.780543
EPOCH 111:
VALIDATION
valid epoch balanced_accuracy: 0.641780
EPOCH 112:
VALIDATION
valid epoch balanced_accuracy: 0.809201
EPOCH 113:
VALIDATION
valid epoch balanced_accuracy: 0.767722
EPOCH 114:
VALIDATION
valid epoch balanced_accuracy: 0.739065
EPOCH 115:
VALIDATION
valid epoch balanced_accuracy: 0.716440
EPOCH 116:
VALIDATION
valid epoch balanced_accuracy: 0.690799
EPOCH 117:
VALIDATION
valid epoch balanced_accuracy: 0.790347
EPOCH 118:
VALIDATION
valid epoch balanced_accuracy: 0.684012
EPOCH 119:
VALIDATION
valid epoch balanced_accuracy: 0.763952
EPOCH 120:
VALIDATION
valid epoch balanced_accuracy: 0.697587
EPOCH 121:
VALIDATION
valid epoch balanced_accuracy: 0.677979
EPOCH 122:
VALIDATION
valid epoch balanced_accuracy: 0.751885
EPOCH 123:
VALIDATION
valid epoch balanced_accuracy: 0.655354
EPOCH 124:
VALIDATION
valid epoch balanced_accuracy: 0.723228
EPOCH 125:
VALIDATION
valid epoch balanced_accuracy: 0.780543
EPOCH 126:
VALIDATION
valid epoch balanced_accuracy: 0.773756
EPOCH 127:
VALIDATION
valid epoch balanced_accuracy: 0.725490
EPOCH 128:
VALIDATION
valid epoch balanced_accuracy: 0.715686
EPOCH 129:
VALIDATION
valid epoch balanced_accuracy: 0.728507
EPOCH 130:
VALIDATION
valid epoch balanced_accuracy: 0.745098
EPOCH 131:
VALIDATION
valid epoch balanced_accuracy: 0.818250
EPOCH 132:
VALIDATION
valid epoch balanced_accuracy: 0.767722
EPOCH 133:
VALIDATION
valid epoch balanced_accuracy: 0.764706
EPOCH 134:
VALIDATION
valid epoch balanced_accuracy: 0.738311
EPOCH 135:
VALIDATION
valid epoch balanced_accuracy: 0.686275
EPOCH 136:
VALIDATION
valid epoch balanced_accuracy: 0.700603
EPOCH 137:
VALIDATION
valid epoch balanced_accuracy: 0.754902
EPOCH 138:
VALIDATION
valid epoch balanced_accuracy: 0.837858
EPOCH 139:
VALIDATION
valid epoch balanced_accuracy: 0.735294
EPOCH 140:
VALIDATION
valid epoch balanced_accuracy: 0.665158
EPOCH 141:
VALIDATION
valid epoch balanced_accuracy: 0.748115
EPOCH 142:
VALIDATION
valid epoch balanced_accuracy: 0.738311
EPOCH 143:
VALIDATION
valid epoch balanced_accuracy: 0.674962
EPOCH 144:
VALIDATION
valid epoch balanced_accuracy: 0.780543
EPOCH 145:
VALIDATION
valid epoch balanced_accuracy: 0.764706
EPOCH 146:
VALIDATION
valid epoch balanced_accuracy: 0.613876
EPOCH 147:
VALIDATION
valid epoch balanced_accuracy: 0.770739
EPOCH 148:
VALIDATION
valid epoch balanced_accuracy: 0.757919
EPOCH 149:
VALIDATION
valid epoch balanced_accuracy: 0.680995
EPOCH 150:
VALIDATION
valid epoch balanced_accuracy: 0.809201
accuracy: 0.700000
sensitivity: 0.647059
precision: 0.785714
specificity: 0.769231
IoU: 0.550000
FAR: 0.230769
F1: 0.709677
balanced_accuracy: 0.708145
loss: 1.243048
