Waiting for exclusive access to GPU GPU-686f887c-83d7-400a-ba3f-d0dab41dcc04.
=== GROUP: LBP_BPI_CETP | VARIANT: nt_cw_lr3e4_pb_typeopt0 | GPU: Tesla V100-SXM2-32GB ===

number of parameters : 1075406
train : (1232, 12)
valid : (51, 12)
test : (51, 12)
class weights : [1.160075306892395, 0.8787446618080139]
data extracted
EPOCH 1:
VALIDATION
valid epoch balanced_accuracy: 0.500000
EPOCH 2:
VALIDATION
valid epoch balanced_accuracy: 0.620000
EPOCH 3:
VALIDATION
valid epoch balanced_accuracy: 0.438462
EPOCH 4:
VALIDATION
valid epoch balanced_accuracy: 0.780769
EPOCH 5:
VALIDATION
valid epoch balanced_accuracy: 0.317692
EPOCH 6:
VALIDATION
valid epoch balanced_accuracy: 0.586923
EPOCH 7:
VALIDATION
valid epoch balanced_accuracy: 0.700000
EPOCH 8:
VALIDATION
valid epoch balanced_accuracy: 0.519231
EPOCH 9:
VALIDATION
valid epoch balanced_accuracy: 0.609231
EPOCH 10:
VALIDATION
valid epoch balanced_accuracy: 0.633846
EPOCH 11:
VALIDATION
valid epoch balanced_accuracy: 0.761538
EPOCH 12:
VALIDATION
valid epoch balanced_accuracy: 0.590000
EPOCH 13:
VALIDATION
valid epoch balanced_accuracy: 0.476923
EPOCH 14:
VALIDATION
valid epoch balanced_accuracy: 0.745385
EPOCH 15:
VALIDATION
valid epoch balanced_accuracy: 0.493846
EPOCH 16:
VALIDATION
valid epoch balanced_accuracy: 0.535385
EPOCH 17:
VALIDATION
valid epoch balanced_accuracy: 0.339231
EPOCH 18:
VALIDATION
valid epoch balanced_accuracy: 0.514615
EPOCH 19:
VALIDATION
valid epoch balanced_accuracy: 0.473846
EPOCH 20:
VALIDATION
valid epoch balanced_accuracy: 0.596154
EPOCH 21:
VALIDATION
valid epoch balanced_accuracy: 0.496154
EPOCH 22:
VALIDATION
valid epoch balanced_accuracy: 0.745385
EPOCH 23:
VALIDATION
valid epoch balanced_accuracy: 0.516154
EPOCH 24:
VALIDATION
valid epoch balanced_accuracy: 0.473077
EPOCH 25:
VALIDATION
valid epoch balanced_accuracy: 0.613846
EPOCH 26:
VALIDATION
valid epoch balanced_accuracy: 0.722308
EPOCH 27:
VALIDATION
valid epoch balanced_accuracy: 0.514615
EPOCH 28:
VALIDATION
valid epoch balanced_accuracy: 0.513077
EPOCH 29:
VALIDATION
valid epoch balanced_accuracy: 0.454615
EPOCH 30:
VALIDATION
valid epoch balanced_accuracy: 0.721538
EPOCH 31:
VALIDATION
valid epoch balanced_accuracy: 0.664615
EPOCH 32:
VALIDATION
valid epoch balanced_accuracy: 0.672308
EPOCH 33:
VALIDATION
valid epoch balanced_accuracy: 0.573846
EPOCH 34:
VALIDATION
valid epoch balanced_accuracy: 0.706923
EPOCH 35:
VALIDATION
valid epoch balanced_accuracy: 0.613846
EPOCH 36:
VALIDATION
valid epoch balanced_accuracy: 0.743846
EPOCH 37:
VALIDATION
valid epoch balanced_accuracy: 0.514615
EPOCH 38:
VALIDATION
valid epoch balanced_accuracy: 0.649231
EPOCH 39:
VALIDATION
valid epoch balanced_accuracy: 0.479231
EPOCH 40:
VALIDATION
valid epoch balanced_accuracy: 0.746154
EPOCH 41:
VALIDATION
valid epoch balanced_accuracy: 0.497692
EPOCH 42:
VALIDATION
valid epoch balanced_accuracy: 0.723077
EPOCH 43:
VALIDATION
valid epoch balanced_accuracy: 0.689231
EPOCH 44:
VALIDATION
valid epoch balanced_accuracy: 0.670000
EPOCH 45:
VALIDATION
valid epoch balanced_accuracy: 0.478462
EPOCH 46:
VALIDATION
valid epoch balanced_accuracy: 0.726923
EPOCH 47:
VALIDATION
valid epoch balanced_accuracy: 0.573077
EPOCH 48:
VALIDATION
valid epoch balanced_accuracy: 0.572308
EPOCH 49:
VALIDATION
valid epoch balanced_accuracy: 0.631538
EPOCH 50:
VALIDATION
valid epoch balanced_accuracy: 0.668462
EPOCH 51:
VALIDATION
valid epoch balanced_accuracy: 0.710000
EPOCH 52:
VALIDATION
valid epoch balanced_accuracy: 0.670769
EPOCH 53:
VALIDATION
valid epoch balanced_accuracy: 0.475385
EPOCH 54:
VALIDATION
valid epoch balanced_accuracy: 0.474615
EPOCH 55:
VALIDATION
valid epoch balanced_accuracy: 0.456154
EPOCH 56:
VALIDATION
valid epoch balanced_accuracy: 0.476923
EPOCH 57:
VALIDATION
valid epoch balanced_accuracy: 0.495385
EPOCH 58:
VALIDATION
valid epoch balanced_accuracy: 0.456154
EPOCH 59:
VALIDATION
valid epoch balanced_accuracy: 0.456923
EPOCH 60:
VALIDATION
valid epoch balanced_accuracy: 0.513077
EPOCH 61:
VALIDATION
valid epoch balanced_accuracy: 0.572308
EPOCH 62:
VALIDATION
valid epoch balanced_accuracy: 0.475385
EPOCH 63:
VALIDATION
valid epoch balanced_accuracy: 0.436923
EPOCH 64:
VALIDATION
valid epoch balanced_accuracy: 0.515385
EARLY STOPPING: rolling validation balanced accuracy did not improve for 30 epochs and validation loss increased over the same window.
accuracy: 0.647059
sensitivity: 0.655172
precision: 0.703704
specificity: 0.636364
IoU: 0.513514
FAR: 0.363636
F1: 0.678571
balanced_accuracy: 0.645768
loss: 0.637874
