Waiting for exclusive access to GPU GPU-e38fd50b-f28d-bca0-1506-1209c3351206.
=== GROUP: LBP_BPI_CETP | VARIANT: bidir_edges_standard | SEED: 0 | GPU: Tesla V100-SXM2-32GB ===

number of parameters : 1075406
train : (1254, 12)
valid : (38, 12)
test : (39, 12)
class weights : [1.1338155269622803, 0.8944365382194519]
data extracted
EPOCH 1:
VALIDATION
valid epoch balanced_accuracy: 0.610714
EPOCH 2:
VALIDATION
valid epoch balanced_accuracy: 0.700000
EPOCH 3:
VALIDATION
valid epoch balanced_accuracy: 0.500000
EPOCH 4:
VALIDATION
valid epoch balanced_accuracy: 0.750000
EPOCH 5:
VALIDATION
valid epoch balanced_accuracy: 0.500000
EPOCH 6:
VALIDATION
valid epoch balanced_accuracy: 0.500000
EPOCH 7:
VALIDATION
valid epoch balanced_accuracy: 0.500000
EPOCH 8:
VALIDATION
valid epoch balanced_accuracy: 0.550000
EPOCH 9:
VALIDATION
valid epoch balanced_accuracy: 0.700000
EPOCH 10:
VALIDATION
valid epoch balanced_accuracy: 0.632143
EPOCH 11:
VALIDATION
valid epoch balanced_accuracy: 0.496429
EPOCH 12:
VALIDATION
valid epoch balanced_accuracy: 0.496429
EPOCH 13:
VALIDATION
valid epoch balanced_accuracy: 0.496429
EPOCH 14:
VALIDATION
valid epoch balanced_accuracy: 0.564286
EPOCH 15:
VALIDATION
valid epoch balanced_accuracy: 0.514286
EPOCH 16:
VALIDATION
valid epoch balanced_accuracy: 0.485714
EPOCH 17:
VALIDATION
valid epoch balanced_accuracy: 0.217857
EPOCH 18:
VALIDATION
valid epoch balanced_accuracy: 0.367857
EPOCH 19:
VALIDATION
valid epoch balanced_accuracy: 0.432143
EPOCH 20:
VALIDATION
valid epoch balanced_accuracy: 0.550000
EPOCH 21:
VALIDATION
valid epoch balanced_accuracy: 0.475000
EPOCH 22:
VALIDATION
valid epoch balanced_accuracy: 0.485714
EPOCH 23:
VALIDATION
valid epoch balanced_accuracy: 0.257143
EPOCH 24:
VALIDATION
valid epoch balanced_accuracy: 0.453571
EPOCH 25:
VALIDATION
valid epoch balanced_accuracy: 0.460714
EPOCH 26:
VALIDATION
valid epoch balanced_accuracy: 0.489286
EPOCH 27:
VALIDATION
valid epoch balanced_accuracy: 0.289286
EPOCH 28:
VALIDATION
valid epoch balanced_accuracy: 0.382143
EPOCH 29:
VALIDATION
valid epoch balanced_accuracy: 0.453571
EPOCH 30:
VALIDATION
valid epoch balanced_accuracy: 0.203571
EPOCH 31:
VALIDATION
valid epoch balanced_accuracy: 0.489286
EPOCH 32:
VALIDATION
valid epoch balanced_accuracy: 0.507143
EPOCH 33:
VALIDATION
valid epoch balanced_accuracy: 0.503571
EPOCH 34:
VALIDATION
valid epoch balanced_accuracy: 0.235714
EPOCH 35:
VALIDATION
valid epoch balanced_accuracy: 0.471429
EPOCH 36:
VALIDATION
valid epoch balanced_accuracy: 0.453571
EPOCH 37:
VALIDATION
valid epoch balanced_accuracy: 0.725000
EPOCH 38:
VALIDATION
valid epoch balanced_accuracy: 0.400000
EPOCH 39:
VALIDATION
valid epoch balanced_accuracy: 0.510714
EPOCH 40:
VALIDATION
valid epoch balanced_accuracy: 0.396429
EPOCH 41:
VALIDATION
valid epoch balanced_accuracy: 0.378571
EPOCH 42:
VALIDATION
valid epoch balanced_accuracy: 0.360714
EPOCH 43:
VALIDATION
valid epoch balanced_accuracy: 0.414286
EPOCH 44:
VALIDATION
valid epoch balanced_accuracy: 0.364286
EPOCH 45:
VALIDATION
valid epoch balanced_accuracy: 0.414286
EPOCH 46:
VALIDATION
valid epoch balanced_accuracy: 0.650000
EPOCH 47:
VALIDATION
valid epoch balanced_accuracy: 0.721429
EPOCH 48:
VALIDATION
valid epoch balanced_accuracy: 0.582143
EPOCH 49:
VALIDATION
valid epoch balanced_accuracy: 0.435714
EPOCH 50:
VALIDATION
valid epoch balanced_accuracy: 0.621429
EPOCH 51:
VALIDATION
valid epoch balanced_accuracy: 0.657143
EPOCH 52:
VALIDATION
valid epoch balanced_accuracy: 0.567857
EPOCH 53:
VALIDATION
valid epoch balanced_accuracy: 0.603571
EPOCH 54:
VALIDATION
valid epoch balanced_accuracy: 0.453571
EPOCH 55:
VALIDATION
valid epoch balanced_accuracy: 0.378571
EPOCH 56:
VALIDATION
valid epoch balanced_accuracy: 0.289286
EPOCH 57:
VALIDATION
valid epoch balanced_accuracy: 0.771429
EPOCH 58:
VALIDATION
valid epoch balanced_accuracy: 0.653571
EPOCH 59:
VALIDATION
valid epoch balanced_accuracy: 0.400000
EPOCH 60:
VALIDATION
valid epoch balanced_accuracy: 0.328571
EPOCH 61:
VALIDATION
valid epoch balanced_accuracy: 0.489286
EPOCH 62:
VALIDATION
valid epoch balanced_accuracy: 0.503571
EARLY STOPPING: rolling validation balanced accuracy did not improve for 60 epochs and validation loss increased over the same window.
accuracy: 0.769231
sensitivity: 1.000000
precision: 0.750000
specificity: 0.250000
IoU: 0.750000
FAR: 0.750000
F1: 0.857143
balanced_accuracy: 0.625000
loss: 0.539326
