Waiting for exclusive access to GPU GPU-d29306bd-73d5-a144-2b7c-f04792345a88.
=== GROUP: lipocalin | VARIANT: bbp_nps3mlp_dpt03_gm_plm500_hid64 | SEED: 1 | GPU: NVIDIA H200 ===

number of parameters : 2658874
train : (1332, 12)
valid : (90, 12)
test : (90, 12)
class weights : [1.0, 1.0]
balanced batches : 84 per epoch covering all 1332 train rows, target 8 positive + 8 unlabeled
data extracted
EPOCH 1:
VALIDATION
valid epoch balanced_accuracy: 0.416502
EPOCH 2:
VALIDATION
valid epoch balanced_accuracy: 0.418972
EPOCH 3:
VALIDATION
valid epoch balanced_accuracy: 0.514822
EPOCH 4:
VALIDATION
valid epoch balanced_accuracy: 0.500988
EPOCH 5:
VALIDATION
valid epoch balanced_accuracy: 0.513340
EPOCH 6:
VALIDATION
valid epoch balanced_accuracy: 0.475791
EPOCH 7:
VALIDATION
valid epoch balanced_accuracy: 0.464427
EPOCH 8:
VALIDATION
valid epoch balanced_accuracy: 0.523221
EPOCH 9:
VALIDATION
valid epoch balanced_accuracy: 0.521739
EPOCH 10:
VALIDATION
valid epoch balanced_accuracy: 0.592391
EPOCH 11:
VALIDATION
valid epoch balanced_accuracy: 0.545949
EPOCH 12:
VALIDATION
valid epoch balanced_accuracy: 0.445158
EPOCH 13:
VALIDATION
valid epoch balanced_accuracy: 0.498518
EPOCH 14:
VALIDATION
valid epoch balanced_accuracy: 0.459980
EPOCH 15:
VALIDATION
valid epoch balanced_accuracy: 0.458992
EPOCH 16:
VALIDATION
valid epoch balanced_accuracy: 0.580040
EPOCH 17:
VALIDATION
valid epoch balanced_accuracy: 0.456522
EPOCH 18:
VALIDATION
valid epoch balanced_accuracy: 0.536067
EPOCH 19:
VALIDATION
valid epoch balanced_accuracy: 0.500494
EPOCH 20:
VALIDATION
valid epoch balanced_accuracy: 0.580040
EPOCH 21:
VALIDATION
valid epoch balanced_accuracy: 0.512846
EPOCH 22:
VALIDATION
valid epoch balanced_accuracy: 0.489130
EPOCH 23:
VALIDATION
valid epoch balanced_accuracy: 0.557806
EPOCH 24:
VALIDATION
valid epoch balanced_accuracy: 0.500000
EPOCH 25:
VALIDATION
valid epoch balanced_accuracy: 0.501976
EPOCH 26:
VALIDATION
valid epoch balanced_accuracy: 0.438241
EPOCH 27:
VALIDATION
valid epoch balanced_accuracy: 0.580534
EPOCH 28:
VALIDATION
valid epoch balanced_accuracy: 0.580534
EPOCH 29:
VALIDATION
valid epoch balanced_accuracy: 0.557312
EPOCH 30:
VALIDATION
valid epoch balanced_accuracy: 0.580040
EPOCH 31:
VALIDATION
valid epoch balanced_accuracy: 0.580040
EPOCH 32:
VALIDATION
valid epoch balanced_accuracy: 0.534585
EPOCH 33:
VALIDATION
valid epoch balanced_accuracy: 0.405632
EPOCH 34:
VALIDATION
valid epoch balanced_accuracy: 0.491601
EPOCH 35:
VALIDATION
valid epoch balanced_accuracy: 0.501482
EPOCH 36:
VALIDATION
valid epoch balanced_accuracy: 0.502964
EPOCH 37:
VALIDATION
valid epoch balanced_accuracy: 0.471344
EPOCH 38:
VALIDATION
valid epoch balanced_accuracy: 0.534091
EPOCH 39:
VALIDATION
valid epoch balanced_accuracy: 0.470356
EPOCH 40:
VALIDATION
valid epoch balanced_accuracy: 0.522727
EPOCH 41:
VALIDATION
valid epoch balanced_accuracy: 0.500988
EPOCH 42:
VALIDATION
valid epoch balanced_accuracy: 0.511858
EPOCH 43:
VALIDATION
valid epoch balanced_accuracy: 0.521739
EPOCH 44:
VALIDATION
valid epoch balanced_accuracy: 0.500988
EPOCH 45:
VALIDATION
valid epoch balanced_accuracy: 0.524209
EPOCH 46:
VALIDATION
valid epoch balanced_accuracy: 0.512846
EPOCH 47:
VALIDATION
valid epoch balanced_accuracy: 0.523221
EPOCH 48:
VALIDATION
valid epoch balanced_accuracy: 0.568182
EPOCH 49:
VALIDATION
valid epoch balanced_accuracy: 0.468379
EPOCH 50:
VALIDATION
valid epoch balanced_accuracy: 0.511858
EPOCH 51:
VALIDATION
valid epoch balanced_accuracy: 0.524209
EPOCH 52:
VALIDATION
valid epoch balanced_accuracy: 0.502470
EPOCH 53:
VALIDATION
valid epoch balanced_accuracy: 0.524704
EPOCH 54:
VALIDATION
valid epoch balanced_accuracy: 0.545949
EPOCH 55:
VALIDATION
valid epoch balanced_accuracy: 0.458498
EPOCH 56:
VALIDATION
valid epoch balanced_accuracy: 0.513834
EPOCH 57:
VALIDATION
valid epoch balanced_accuracy: 0.512352
EPOCH 58:
VALIDATION
valid epoch balanced_accuracy: 0.592885
EPOCH 59:
VALIDATION
valid epoch balanced_accuracy: 0.545949
EPOCH 60:
VALIDATION
valid epoch balanced_accuracy: 0.570158
EPOCH 61:
VALIDATION
valid epoch balanced_accuracy: 0.545949
EPOCH 62:
VALIDATION
valid epoch balanced_accuracy: 0.557806
EPOCH 63:
VALIDATION
valid epoch balanced_accuracy: 0.479249
EPOCH 64:
VALIDATION
valid epoch balanced_accuracy: 0.511858
EPOCH 65:
VALIDATION
valid epoch balanced_accuracy: 0.545949
EPOCH 66:
VALIDATION
valid epoch balanced_accuracy: 0.478755
EPOCH 67:
VALIDATION
valid epoch balanced_accuracy: 0.546443
EPOCH 68:
VALIDATION
valid epoch balanced_accuracy: 0.477767
EPOCH 69:
VALIDATION
valid epoch balanced_accuracy: 0.512846
EPOCH 70:
VALIDATION
valid epoch balanced_accuracy: 0.513340
EPOCH 71:
VALIDATION
valid epoch balanced_accuracy: 0.479249
EPOCH 72:
VALIDATION
valid epoch balanced_accuracy: 0.513834
EPOCH 73:
VALIDATION
valid epoch balanced_accuracy: 0.513340
EPOCH 74:
VALIDATION
valid epoch balanced_accuracy: 0.513340
EPOCH 75:
VALIDATION
valid epoch balanced_accuracy: 0.536561
EPOCH 76:
VALIDATION
valid epoch balanced_accuracy: 0.547431
EPOCH 77:
VALIDATION
valid epoch balanced_accuracy: 0.500494
EPOCH 78:
VALIDATION
valid epoch balanced_accuracy: 0.478755
EPOCH 79:
VALIDATION
valid epoch balanced_accuracy: 0.489625
EPOCH 80:
VALIDATION
valid epoch balanced_accuracy: 0.524209
EPOCH 81:
VALIDATION
valid epoch balanced_accuracy: 0.512846
EPOCH 82:
VALIDATION
valid epoch balanced_accuracy: 0.513834
EPOCH 83:
VALIDATION
valid epoch balanced_accuracy: 0.512846
EPOCH 84:
VALIDATION
valid epoch balanced_accuracy: 0.512846
EPOCH 85:
VALIDATION
valid epoch balanced_accuracy: 0.502470
EPOCH 86:
VALIDATION
valid epoch balanced_accuracy: 0.559289
EPOCH 87:
VALIDATION
valid epoch balanced_accuracy: 0.524209
EPOCH 88:
VALIDATION
valid epoch balanced_accuracy: 0.524209
EPOCH 89:
VALIDATION
valid epoch balanced_accuracy: 0.513340
EPOCH 90:
VALIDATION
valid epoch balanced_accuracy: 0.557806
EPOCH 91:
VALIDATION
valid epoch balanced_accuracy: 0.525198
EPOCH 92:
VALIDATION
valid epoch balanced_accuracy: 0.547925
EPOCH 93:
VALIDATION
valid epoch balanced_accuracy: 0.536561
EPOCH 94:
VALIDATION
valid epoch balanced_accuracy: 0.502964
EPOCH 95:
VALIDATION
valid epoch balanced_accuracy: 0.548419
EPOCH 96:
VALIDATION
valid epoch balanced_accuracy: 0.558300
EPOCH 97:
VALIDATION
valid epoch balanced_accuracy: 0.536561
EPOCH 98:
VALIDATION
valid epoch balanced_accuracy: 0.501482
EPOCH 99:
VALIDATION
valid epoch balanced_accuracy: 0.524209
EPOCH 100:
VALIDATION
valid epoch balanced_accuracy: 0.525198
EPOCH 101:
VALIDATION
valid epoch balanced_accuracy: 0.513834
EPOCH 102:
VALIDATION
valid epoch balanced_accuracy: 0.513340
EPOCH 103:
VALIDATION
valid epoch balanced_accuracy: 0.491601
EPOCH 104:
VALIDATION
valid epoch balanced_accuracy: 0.523221
EPOCH 105:
VALIDATION
valid epoch balanced_accuracy: 0.514328
EPOCH 106:
VALIDATION
valid epoch balanced_accuracy: 0.525198
EPOCH 107:
VALIDATION
valid epoch balanced_accuracy: 0.592391
EPOCH 108:
VALIDATION
valid epoch balanced_accuracy: 0.490613
EPOCH 109:
VALIDATION
valid epoch balanced_accuracy: 0.501976
EPOCH 110:
VALIDATION
valid epoch balanced_accuracy: 0.536067
EPOCH 111:
VALIDATION
valid epoch balanced_accuracy: 0.523715
EPOCH 112:
VALIDATION
valid epoch balanced_accuracy: 0.559289
EPOCH 113:
VALIDATION
valid epoch balanced_accuracy: 0.511858
EPOCH 114:
VALIDATION
valid epoch balanced_accuracy: 0.536067
EPOCH 115:
VALIDATION
valid epoch balanced_accuracy: 0.502470
EPOCH 116:
VALIDATION
valid epoch balanced_accuracy: 0.524704
EPOCH 117:
VALIDATION
valid epoch balanced_accuracy: 0.523715
EPOCH 118:
VALIDATION
valid epoch balanced_accuracy: 0.501976
EPOCH 119:
VALIDATION
valid epoch balanced_accuracy: 0.536561
EPOCH 120:
VALIDATION
valid epoch balanced_accuracy: 0.535079
EPOCH 121:
VALIDATION
valid epoch balanced_accuracy: 0.546937
EPOCH 122:
VALIDATION
valid epoch balanced_accuracy: 0.524209
EPOCH 123:
VALIDATION
valid epoch balanced_accuracy: 0.536067
EPOCH 124:
VALIDATION
valid epoch balanced_accuracy: 0.536067
EPOCH 125:
VALIDATION
valid epoch balanced_accuracy: 0.525692
EPOCH 126:
VALIDATION
valid epoch balanced_accuracy: 0.536067
EPOCH 127:
VALIDATION
valid epoch balanced_accuracy: 0.525692
EPOCH 128:
VALIDATION
valid epoch balanced_accuracy: 0.537055
EPOCH 129:
VALIDATION
valid epoch balanced_accuracy: 0.513834
EPOCH 130:
VALIDATION
valid epoch balanced_accuracy: 0.478755
EPOCH 131:
VALIDATION
valid epoch balanced_accuracy: 0.547431
EPOCH 132:
VALIDATION
valid epoch balanced_accuracy: 0.489625
EPOCH 133:
VALIDATION
valid epoch balanced_accuracy: 0.490119
EPOCH 134:
VALIDATION
valid epoch balanced_accuracy: 0.535079
EPOCH 135:
VALIDATION
valid epoch balanced_accuracy: 0.558300
EPOCH 136:
VALIDATION
valid epoch balanced_accuracy: 0.523715
EPOCH 137:
VALIDATION
valid epoch balanced_accuracy: 0.512352
EPOCH 138:
VALIDATION
valid epoch balanced_accuracy: 0.513340
EPOCH 139:
VALIDATION
valid epoch balanced_accuracy: 0.479249
EPOCH 140:
VALIDATION
valid epoch balanced_accuracy: 0.568676
EPOCH 141:
VALIDATION
valid epoch balanced_accuracy: 0.559783
EPOCH 142:
VALIDATION
valid epoch balanced_accuracy: 0.581028
EPOCH 143:
VALIDATION
valid epoch balanced_accuracy: 0.523221
EPOCH 144:
VALIDATION
valid epoch balanced_accuracy: 0.560771
EPOCH 145:
VALIDATION
valid epoch balanced_accuracy: 0.513340
EPOCH 146:
VALIDATION
valid epoch balanced_accuracy: 0.524209
EPOCH 147:
VALIDATION
valid epoch balanced_accuracy: 0.535573
EPOCH 148:
VALIDATION
valid epoch balanced_accuracy: 0.512846
EPOCH 149:
VALIDATION
valid epoch balanced_accuracy: 0.546443
EPOCH 150:
VALIDATION
valid epoch balanced_accuracy: 0.513340
accuracy: 0.588889
sensitivity: 0.409091
precision: 0.620690
specificity: 0.760870
IoU: 0.327273
FAR: 0.239130
F1: 0.493151
balanced_accuracy: 0.584980
loss: 1.036497
