
/home/kalinina/ltp/DL_project/dataloader/New_dataloader.py:132: UserWarning: The given NumPy array is not writable, and PyTorch does not support non-writable tensors. This means writing to this tensor will result in undefined behavior. You may want to copy the array to protect its data or make it writable before converting it to a tensor. This type of warning will be suppressed for the rest of this program. (Triggered internally at /pytorch/torch/csrc/utils/tensor_numpy.cpp:213.)
  self.train_orig_indexes = torch.as_tensor(self.csvtrain["_tanimoto_orig_idx"].values, dtype=torch.long)
train : (1350, 12)
valid : (81, 12)
test : (81, 12)
number of parameters : 1279114
class weights : [1.0, 1.0]
balanced batches : 85 per epoch covering all 1350 train rows, target 8 positive + 8 unlabeled
cache warmed : 35 proteins, 409 lipid encodings, 0 lipid graphs, 131 MiB
data extracted
EPOCH 1:
VALIDATION
valid epoch balanced_accuracy: 0.147866
EPOCH 2:
VALIDATION
valid epoch balanced_accuracy: 0.245122
EPOCH 3:
VALIDATION
valid epoch balanced_accuracy: 0.208841
EPOCH 4:
VALIDATION
valid epoch balanced_accuracy: 0.232927
EPOCH 5:
VALIDATION
valid epoch balanced_accuracy: 0.305793
EPOCH 6:
VALIDATION
valid epoch balanced_accuracy: 0.293902
EPOCH 7:
VALIDATION
valid epoch balanced_accuracy: 0.196341
EPOCH 8:
VALIDATION
valid epoch balanced_accuracy: 0.232927
EPOCH 9:
VALIDATION
valid epoch balanced_accuracy: 0.245122
EPOCH 10:
VALIDATION
valid epoch balanced_accuracy: 0.160366
EPOCH 11:
VALIDATION
valid epoch balanced_accuracy: 0.245122
EPOCH 12:
VALIDATION
valid epoch balanced_accuracy: 0.196341
EPOCH 13:
VALIDATION
valid epoch balanced_accuracy: 0.269512
EPOCH 14:
VALIDATION
valid epoch balanced_accuracy: 0.184146
EPOCH 15:
VALIDATION
valid epoch balanced_accuracy: 0.317988
EPOCH 16:
VALIDATION
valid epoch balanced_accuracy: 0.269207
EPOCH 17:
VALIDATION
valid epoch balanced_accuracy: 0.294512
EPOCH 18:
VALIDATION
valid epoch balanced_accuracy: 0.249085
EPOCH 19:
VALIDATION
valid epoch balanced_accuracy: 0.184756
EPOCH 20:
VALIDATION
valid epoch balanced_accuracy: 0.269512
EPOCH 21:
VALIDATION
valid epoch balanced_accuracy: 0.257317
EPOCH 22:
VALIDATION
valid epoch balanced_accuracy: 0.245122
EPOCH 23:
VALIDATION
valid epoch balanced_accuracy: 0.306098
EPOCH 24:
VALIDATION
valid epoch balanced_accuracy: 0.306098
EPOCH 25:
VALIDATION
valid epoch balanced_accuracy: 0.281707
EPOCH 26:
VALIDATION
valid epoch balanced_accuracy: 0.330183
EPOCH 27:
VALIDATION
valid epoch balanced_accuracy: 0.269207
EPOCH 28:
VALIDATION
valid epoch balanced_accuracy: 0.281402
EPOCH 29:
VALIDATION
valid epoch balanced_accuracy: 0.257622
EPOCH 30:
VALIDATION
valid epoch balanced_accuracy: 0.245427
EPOCH 31:
VALIDATION
valid epoch balanced_accuracy: 0.269207
EPOCH 32:
VALIDATION
valid epoch balanced_accuracy: 0.306098
EPOCH 33:
VALIDATION
valid epoch balanced_accuracy: 0.354573
EPOCH 34:
VALIDATION
valid epoch balanced_accuracy: 0.306098
EPOCH 35:
VALIDATION
valid epoch balanced_accuracy: 0.307012
EPOCH 36:
VALIDATION
valid epoch balanced_accuracy: 0.270732
EPOCH 37:
VALIDATION
valid epoch balanced_accuracy: 0.343598
EPOCH 38:
VALIDATION
valid epoch balanced_accuracy: 0.306098
EPOCH 39:
VALIDATION
valid epoch balanced_accuracy: 0.270122
EPOCH 40:
VALIDATION
valid epoch balanced_accuracy: 0.330488
EPOCH 41:
VALIDATION
valid epoch balanced_accuracy: 0.369512
EPOCH 42:
VALIDATION
valid epoch balanced_accuracy: 0.318902
EPOCH 43:
VALIDATION
valid epoch balanced_accuracy: 0.296341
EPOCH 44:
VALIDATION
valid epoch balanced_accuracy: 0.379573
EPOCH 45:
VALIDATION
valid epoch balanced_accuracy: 0.282012
EPOCH 46:
VALIDATION
valid epoch balanced_accuracy: 0.381098
EPOCH 47:
VALIDATION
valid epoch balanced_accuracy: 0.330793
EPOCH 48:
VALIDATION
valid epoch balanced_accuracy: 0.379268
EPOCH 49:
VALIDATION
valid epoch balanced_accuracy: 0.343293
EPOCH 50:
VALIDATION
valid epoch balanced_accuracy: 0.366768
EPOCH 51:
VALIDATION
valid epoch balanced_accuracy: 0.342378
EPOCH 52:
VALIDATION
valid epoch balanced_accuracy: 0.331098
EPOCH 53:
VALIDATION
valid epoch balanced_accuracy: 0.366768
EPOCH 54:
VALIDATION
valid epoch balanced_accuracy: 0.366768
EPOCH 55:
VALIDATION
valid epoch balanced_accuracy: 0.342683
EPOCH 56:
VALIDATION
valid epoch balanced_accuracy: 0.354573
EPOCH 57:
VALIDATION
valid epoch balanced_accuracy: 0.342378
EPOCH 58:
VALIDATION
valid epoch balanced_accuracy: 0.342378
EPOCH 59:
VALIDATION
valid epoch balanced_accuracy: 0.293598
EPOCH 60:
VALIDATION
valid epoch balanced_accuracy: 0.355793
EPOCH 61:
VALIDATION
valid epoch balanced_accuracy: 0.318293
EPOCH 62:
VALIDATION
valid epoch balanced_accuracy: 0.391159
EPOCH 63:
VALIDATION
valid epoch balanced_accuracy: 0.378659
EPOCH 64:
VALIDATION
valid epoch balanced_accuracy: 0.342683
EPOCH 65:
VALIDATION
valid epoch balanced_accuracy: 0.366768
EPOCH 66:
VALIDATION
valid epoch balanced_accuracy: 0.379268
EPOCH 67:
VALIDATION
valid epoch balanced_accuracy: 0.403354
EPOCH 68:
VALIDATION
valid epoch balanced_accuracy: 0.379268
EPOCH 69:
VALIDATION
valid epoch balanced_accuracy: 0.354878
EPOCH 70:
VALIDATION
valid epoch balanced_accuracy: 0.330488
EPOCH 71:
VALIDATION
valid epoch balanced_accuracy: 0.293598
EPOCH 72:
VALIDATION
valid epoch balanced_accuracy: 0.391159
EPOCH 73:
VALIDATION
valid epoch balanced_accuracy: 0.366768
EPOCH 74:
VALIDATION
valid epoch balanced_accuracy: 0.342378
EPOCH 75:
VALIDATION
valid epoch balanced_accuracy: 0.330183
EPOCH 76:
VALIDATION
valid epoch balanced_accuracy: 0.330183
EPOCH 77:
VALIDATION
valid epoch balanced_accuracy: 0.330183
EPOCH 78:
VALIDATION
valid epoch balanced_accuracy: 0.366768
EPOCH 79:
VALIDATION
valid epoch balanced_accuracy: 0.330183
EPOCH 80:
VALIDATION
valid epoch balanced_accuracy: 0.378963
EPOCH 81:
VALIDATION
valid epoch balanced_accuracy: 0.330183
EPOCH 82:
VALIDATION
valid epoch balanced_accuracy: 0.330183
EPOCH 83:
VALIDATION
valid epoch balanced_accuracy: 0.366768
EPOCH 84:
VALIDATION
valid epoch balanced_accuracy: 0.354573
EPOCH 85:
VALIDATION
valid epoch balanced_accuracy: 0.366768
EPOCH 86:
VALIDATION
valid epoch balanced_accuracy: 0.317988
EPOCH 87:
VALIDATION
valid epoch balanced_accuracy: 0.354573
EPOCH 88:
VALIDATION
valid epoch balanced_accuracy: 0.330183
EPOCH 89:
VALIDATION
valid epoch balanced_accuracy: 0.317988
EPOCH 90:
VALIDATION
valid epoch balanced_accuracy: 0.330183
EPOCH 91:
VALIDATION
valid epoch balanced_accuracy: 0.330183
EPOCH 92:
VALIDATION
valid epoch balanced_accuracy: 0.317988
EPOCH 93:
VALIDATION
valid epoch balanced_accuracy: 0.330183
EPOCH 94:
VALIDATION
valid epoch balanced_accuracy: 0.354573
EPOCH 95:
VALIDATION
valid epoch balanced_accuracy: 0.366768
EPOCH 96:
VALIDATION
valid epoch balanced_accuracy: 0.354573
EPOCH 97:
VALIDATION
valid epoch balanced_accuracy: 0.330183
EPOCH 98:
VALIDATION
valid epoch balanced_accuracy: 0.330183
EPOCH 99:
VALIDATION
valid epoch balanced_accuracy: 0.366768
EPOCH 100:
VALIDATION
valid epoch balanced_accuracy: 0.354573
EPOCH 101:
VALIDATION
valid epoch balanced_accuracy: 0.330183
EPOCH 102:
VALIDATION
valid epoch balanced_accuracy: 0.354573
EPOCH 103:
VALIDATION
valid epoch balanced_accuracy: 0.330183
EPOCH 104:
VALIDATION
valid epoch balanced_accuracy: 0.330183
EPOCH 105:
VALIDATION
valid epoch balanced_accuracy: 0.354573
EPOCH 106:
VALIDATION
valid epoch balanced_accuracy: 0.366768
EPOCH 107:
VALIDATION
valid epoch balanced_accuracy: 0.403354
EPOCH 108:
VALIDATION
valid epoch balanced_accuracy: 0.330183
EPOCH 109:
VALIDATION
valid epoch balanced_accuracy: 0.330183
EPOCH 110:
VALIDATION
valid epoch balanced_accuracy: 0.415549
EPOCH 111:
VALIDATION
valid epoch balanced_accuracy: 0.354573
EPOCH 112:
VALIDATION
valid epoch balanced_accuracy: 0.342378
EPOCH 113:
VALIDATION
valid epoch balanced_accuracy: 0.330183
EPOCH 114:
VALIDATION
valid epoch balanced_accuracy: 0.354573
EPOCH 115:
VALIDATION
valid epoch balanced_accuracy: 0.330183
EPOCH 116:
VALIDATION
valid epoch balanced_accuracy: 0.342378
EPOCH 117:
VALIDATION
valid epoch balanced_accuracy: 0.354573
EPOCH 118:
VALIDATION
valid epoch balanced_accuracy: 0.354573
EPOCH 119:
VALIDATION
valid epoch balanced_accuracy: 0.378963
EPOCH 120:
VALIDATION
valid epoch balanced_accuracy: 0.330183
EPOCH 121:
VALIDATION
valid epoch balanced_accuracy: 0.366768
EPOCH 122:
VALIDATION
valid epoch balanced_accuracy: 0.330183
EPOCH 123:
VALIDATION
valid epoch balanced_accuracy: 0.366768
EPOCH 124:
VALIDATION
valid epoch balanced_accuracy: 0.378963
EPOCH 125:
VALIDATION
valid epoch balanced_accuracy: 0.391159
EPOCH 126:
VALIDATION
valid epoch balanced_accuracy: 0.415549
EPOCH 127:
VALIDATION
valid epoch balanced_accuracy: 0.403354
EPOCH 128:
VALIDATION
valid epoch balanced_accuracy: 0.366768
EPOCH 129:
VALIDATION
valid epoch balanced_accuracy: 0.366768
EPOCH 130:
