
number of parameters : 1050702
train : (1228, 12)
valid : (53, 12)
test : (53, 12)
class weights : [1.1922329664230347, 0.8611500859260559]
data extracted
EPOCH 1:
VALIDATION
valid epoch balanced_accuracy: 0.520833
EPOCH 2:
VALIDATION
valid epoch balanced_accuracy: 0.528017
EPOCH 3:
VALIDATION
valid epoch balanced_accuracy: 0.524425
EPOCH 4:
VALIDATION
valid epoch balanced_accuracy: 0.633621
EPOCH 5:
VALIDATION
valid epoch balanced_accuracy: 0.585489
EPOCH 6:
VALIDATION
valid epoch balanced_accuracy: 0.601293
EPOCH 7:
VALIDATION
valid epoch balanced_accuracy: 0.566810
EPOCH 8:
VALIDATION
valid epoch balanced_accuracy: 0.511494
EPOCH 9:
VALIDATION
valid epoch balanced_accuracy: 0.459052
EPOCH 10:
VALIDATION
valid epoch balanced_accuracy: 0.510776
EPOCH 11:
VALIDATION
valid epoch balanced_accuracy: 0.376437
EPOCH 12:
VALIDATION
valid epoch balanced_accuracy: 0.469109
EPOCH 13:
VALIDATION
valid epoch balanced_accuracy: 0.379310
EPOCH 14:
VALIDATION
valid epoch balanced_accuracy: 0.455460
EPOCH 15:
VALIDATION
valid epoch balanced_accuracy: 0.348420
EPOCH 16:
VALIDATION
valid epoch balanced_accuracy: 0.469109
EPOCH 17:
VALIDATION
valid epoch balanced_accuracy: 0.473420
EPOCH 18:
VALIDATION
valid epoch balanced_accuracy: 0.556034
EPOCH 19:
VALIDATION
valid epoch balanced_accuracy: 0.521552
EPOCH 20:
VALIDATION
valid epoch balanced_accuracy: 0.431034
EPOCH 21:
VALIDATION
valid epoch balanced_accuracy: 0.451868
EPOCH 22:
VALIDATION
valid epoch balanced_accuracy: 0.500718
EPOCH 23:
VALIDATION
valid epoch balanced_accuracy: 0.479885
EPOCH 24:
VALIDATION
valid epoch balanced_accuracy: 0.566092
EPOCH 25:
VALIDATION
valid epoch balanced_accuracy: 0.417385
EPOCH 26:
VALIDATION
valid epoch balanced_accuracy: 0.486351
EPOCH 27:
VALIDATION
valid epoch balanced_accuracy: 0.469109
EPOCH 28:
VALIDATION
valid epoch balanced_accuracy: 0.472701
EPOCH 29:
VALIDATION
valid epoch balanced_accuracy: 0.438218
EPOCH 30:
VALIDATION
valid epoch balanced_accuracy: 0.507184
EPOCH 31:
VALIDATION
valid epoch balanced_accuracy: 0.420977
EPOCH 32:
VALIDATION
valid epoch balanced_accuracy: 0.459052
EPOCH 33:
VALIDATION
valid epoch balanced_accuracy: 0.382902
EPOCH 34:
VALIDATION
valid epoch balanced_accuracy: 0.514368
EPOCH 35:
VALIDATION
valid epoch balanced_accuracy: 0.431753
EPOCH 36:
VALIDATION
valid epoch balanced_accuracy: 0.566092
EPOCH 37:
VALIDATION
valid epoch balanced_accuracy: 0.417385
EPOCH 38:
VALIDATION
valid epoch balanced_accuracy: 0.528017
EPOCH 39:
VALIDATION
valid epoch balanced_accuracy: 0.438218
EPOCH 40:
VALIDATION
valid epoch balanced_accuracy: 0.396552
EPOCH 41:
VALIDATION
valid epoch balanced_accuracy: 0.493534
EPOCH 42:
VALIDATION
valid epoch balanced_accuracy: 0.396552
EPOCH 43:
VALIDATION
valid epoch balanced_accuracy: 0.483477
EPOCH 44:
VALIDATION
valid epoch balanced_accuracy: 0.489943
EPOCH 45:
VALIDATION
valid epoch balanced_accuracy: 0.417385
EPOCH 46:
VALIDATION
valid epoch balanced_accuracy: 0.362069
EPOCH 47:
VALIDATION
valid epoch balanced_accuracy: 0.451868
EPOCH 48:
VALIDATION
valid epoch balanced_accuracy: 0.417385
EPOCH 49:
VALIDATION
valid epoch balanced_accuracy: 0.400144
EPOCH 50:
VALIDATION
valid epoch balanced_accuracy: 0.438218
EPOCH 51:
VALIDATION
valid epoch balanced_accuracy: 0.472701
EPOCH 52:
VALIDATION
valid epoch balanced_accuracy: 0.514368
EPOCH 53:
VALIDATION
valid epoch balanced_accuracy: 0.514368
EPOCH 54:
VALIDATION
valid epoch balanced_accuracy: 0.476293
EPOCH 55:
VALIDATION
valid epoch balanced_accuracy: 0.486351
EPOCH 56:
VALIDATION
valid epoch balanced_accuracy: 0.431753
EPOCH 57:
VALIDATION
valid epoch balanced_accuracy: 0.459052
EPOCH 58:
VALIDATION
valid epoch balanced_accuracy: 0.510776
EPOCH 59:
VALIDATION
valid epoch balanced_accuracy: 0.462644
EPOCH 60:
VALIDATION
valid epoch balanced_accuracy: 0.438218
EPOCH 61:
VALIDATION
valid epoch balanced_accuracy: 0.514368
EPOCH 62:
VALIDATION
valid epoch balanced_accuracy: 0.472701
EPOCH 63:
VALIDATION
valid epoch balanced_accuracy: 0.462644
EPOCH 64:
VALIDATION
valid epoch balanced_accuracy: 0.514368
EPOCH 65:
VALIDATION
valid epoch balanced_accuracy: 0.462644
EPOCH 66:
VALIDATION
valid epoch balanced_accuracy: 0.528017
EPOCH 67:
VALIDATION
valid epoch balanced_accuracy: 0.448276
EARLY STOPPING: rolling validation balanced accuracy did not improve for 60 epochs and validation loss increased over the same window.
accuracy: 0.566038
sensitivity: 0.157895
precision: 0.300000
specificity: 0.794118
IoU: 0.115385
FAR: 0.205882
F1: 0.206897
balanced_accuracy: 0.476006
loss: 0.692823
