Waiting for exclusive access to GPU GPU-45d882aa-be45-3db7-bd3a-06da9fcaf3b1.
=== GROUP: scp2 | VARIANT: final_m2 | SEED: 1 | FINAL_M: 2 | GPU: NVIDIA A100-PCIE-40GB ===

number of parameters : 1050702
train : (1250, 12)
valid : (42, 12)
test : (42, 12)
class weights : [1.163873314857483, 0.8765778541564941]
data extracted
EPOCH 1:
VALIDATION
valid epoch balanced_accuracy: 0.567308
EPOCH 2:
VALIDATION
valid epoch balanced_accuracy: 0.649038
EPOCH 3:
VALIDATION
valid epoch balanced_accuracy: 0.480769
EPOCH 4:
VALIDATION
valid epoch balanced_accuracy: 0.574519
EPOCH 5:
VALIDATION
valid epoch balanced_accuracy: 0.733173
EPOCH 6:
VALIDATION
valid epoch balanced_accuracy: 0.574519
EPOCH 7:
VALIDATION
valid epoch balanced_accuracy: 0.516827
EPOCH 8:
VALIDATION
valid epoch balanced_accuracy: 0.632212
EPOCH 9:
VALIDATION
valid epoch balanced_accuracy: 0.555288
EPOCH 10:
VALIDATION
valid epoch balanced_accuracy: 0.591346
EPOCH 11:
VALIDATION
valid epoch balanced_accuracy: 0.480769
EPOCH 12:
VALIDATION
valid epoch balanced_accuracy: 0.579327
EPOCH 13:
VALIDATION
valid epoch balanced_accuracy: 0.473558
EPOCH 14:
VALIDATION
valid epoch balanced_accuracy: 0.480769
EPOCH 15:
VALIDATION
valid epoch balanced_accuracy: 0.461538
EPOCH 16:
VALIDATION
valid epoch balanced_accuracy: 0.423077
EPOCH 17:
VALIDATION
valid epoch balanced_accuracy: 0.540865
EPOCH 18:
VALIDATION
valid epoch balanced_accuracy: 0.461538
EPOCH 19:
VALIDATION
valid epoch balanced_accuracy: 0.516827
EPOCH 20:
VALIDATION
valid epoch balanced_accuracy: 0.555288
EPOCH 21:
VALIDATION
valid epoch balanced_accuracy: 0.447115
EPOCH 22:
VALIDATION
valid epoch balanced_accuracy: 0.531250
EPOCH 23:
VALIDATION
valid epoch balanced_accuracy: 0.423077
EPOCH 24:
VALIDATION
valid epoch balanced_accuracy: 0.536058
EPOCH 25:
VALIDATION
valid epoch balanced_accuracy: 0.415865
EPOCH 26:
VALIDATION
valid epoch balanced_accuracy: 0.473558
EPOCH 27:
VALIDATION
valid epoch balanced_accuracy: 0.478365
EPOCH 28:
VALIDATION
valid epoch balanced_accuracy: 0.500000
EPOCH 29:
VALIDATION
valid epoch balanced_accuracy: 0.473558
EPOCH 30:
VALIDATION
valid epoch balanced_accuracy: 0.454327
EPOCH 31:
VALIDATION
valid epoch balanced_accuracy: 0.548077
EPOCH 32:
VALIDATION
valid epoch balanced_accuracy: 0.454327
EPOCH 33:
VALIDATION
valid epoch balanced_accuracy: 0.504808
EPOCH 34:
VALIDATION
valid epoch balanced_accuracy: 0.480769
EPOCH 35:
VALIDATION
valid epoch balanced_accuracy: 0.524038
EPOCH 36:
VALIDATION
valid epoch balanced_accuracy: 0.524038
EPOCH 37:
VALIDATION
valid epoch balanced_accuracy: 0.555288
EPOCH 38:
VALIDATION
valid epoch balanced_accuracy: 0.579327
EPOCH 39:
VALIDATION
valid epoch balanced_accuracy: 0.531250
EPOCH 40:
VALIDATION
valid epoch balanced_accuracy: 0.591346
EPOCH 41:
VALIDATION
valid epoch balanced_accuracy: 0.548077
EPOCH 42:
VALIDATION
valid epoch balanced_accuracy: 0.536058
EPOCH 43:
VALIDATION
valid epoch balanced_accuracy: 0.576923
EPOCH 44:
VALIDATION
valid epoch balanced_accuracy: 0.480769
EPOCH 45:
VALIDATION
valid epoch balanced_accuracy: 0.548077
EPOCH 46:
VALIDATION
valid epoch balanced_accuracy: 0.567308
EPOCH 47:
VALIDATION
valid epoch balanced_accuracy: 0.543269
EPOCH 48:
VALIDATION
valid epoch balanced_accuracy: 0.524038
EPOCH 49:
VALIDATION
valid epoch balanced_accuracy: 0.610577
EPOCH 50:
VALIDATION
valid epoch balanced_accuracy: 0.560096
EPOCH 51:
VALIDATION
valid epoch balanced_accuracy: 0.622596
EPOCH 52:
VALIDATION
valid epoch balanced_accuracy: 0.548077
EPOCH 53:
VALIDATION
valid epoch balanced_accuracy: 0.509615
EPOCH 54:
VALIDATION
valid epoch balanced_accuracy: 0.586538
EPOCH 55:
VALIDATION
valid epoch balanced_accuracy: 0.649038
EPOCH 56:
VALIDATION
valid epoch balanced_accuracy: 0.649038
EPOCH 57:
VALIDATION
valid epoch balanced_accuracy: 0.560096
EPOCH 58:
VALIDATION
valid epoch balanced_accuracy: 0.603365
EPOCH 59:
VALIDATION
valid epoch balanced_accuracy: 0.536058
EPOCH 60:
VALIDATION
valid epoch balanced_accuracy: 0.591346
EPOCH 61:
VALIDATION
valid epoch balanced_accuracy: 0.512019
EPOCH 62:
VALIDATION
valid epoch balanced_accuracy: 0.617788
EPOCH 63:
VALIDATION
valid epoch balanced_accuracy: 0.598558
EPOCH 64:
VALIDATION
valid epoch balanced_accuracy: 0.617788
EPOCH 65:
VALIDATION
valid epoch balanced_accuracy: 0.555288
EPOCH 66:
VALIDATION
valid epoch balanced_accuracy: 0.543269
EPOCH 67:
VALIDATION
valid epoch balanced_accuracy: 0.548077
EPOCH 68:
VALIDATION
valid epoch balanced_accuracy: 0.555288
EPOCH 69:
VALIDATION
valid epoch balanced_accuracy: 0.574519
EPOCH 70:
VALIDATION
valid epoch balanced_accuracy: 0.567308
EPOCH 71:
VALIDATION
valid epoch balanced_accuracy: 0.560096
EPOCH 72:
VALIDATION
valid epoch balanced_accuracy: 0.555288
EPOCH 73:
VALIDATION
valid epoch balanced_accuracy: 0.629808
EPOCH 74:
VALIDATION
valid epoch balanced_accuracy: 0.524038
EPOCH 75:
VALIDATION
valid epoch balanced_accuracy: 0.560096
EPOCH 76:
VALIDATION
valid epoch balanced_accuracy: 0.536058
EPOCH 77:
VALIDATION
valid epoch balanced_accuracy: 0.492788
EPOCH 78:
VALIDATION
valid epoch balanced_accuracy: 0.617788
EPOCH 79:
VALIDATION
valid epoch balanced_accuracy: 0.610577
EPOCH 80:
VALIDATION
valid epoch balanced_accuracy: 0.492788
EPOCH 81:
VALIDATION
valid epoch balanced_accuracy: 0.548077
EPOCH 82:
VALIDATION
valid epoch balanced_accuracy: 0.649038
EPOCH 83:
VALIDATION
valid epoch balanced_accuracy: 0.524038
EPOCH 84:
VALIDATION
valid epoch balanced_accuracy: 0.567308
EPOCH 85:
VALIDATION
valid epoch balanced_accuracy: 0.598558
EPOCH 86:
VALIDATION
valid epoch balanced_accuracy: 0.567308
EPOCH 87:
VALIDATION
valid epoch balanced_accuracy: 0.536058
EPOCH 88:
VALIDATION
valid epoch balanced_accuracy: 0.439904
EPOCH 89:
VALIDATION
valid epoch balanced_accuracy: 0.598558
EPOCH 90:
VALIDATION
valid epoch balanced_accuracy: 0.524038
EPOCH 91:
VALIDATION
valid epoch balanced_accuracy: 0.454327
EPOCH 92:
VALIDATION
valid epoch balanced_accuracy: 0.492788
EPOCH 93:
VALIDATION
valid epoch balanced_accuracy: 0.586538
EPOCH 94:
VALIDATION
valid epoch balanced_accuracy: 0.524038
EPOCH 95:
VALIDATION
valid epoch balanced_accuracy: 0.567308
EPOCH 96:
VALIDATION
valid epoch balanced_accuracy: 0.555288
EPOCH 97:
VALIDATION
valid epoch balanced_accuracy: 0.492788
EPOCH 98:
VALIDATION
valid epoch balanced_accuracy: 0.598558
EPOCH 99:
VALIDATION
valid epoch balanced_accuracy: 0.524038
EPOCH 100:
VALIDATION
valid epoch balanced_accuracy: 0.461538
EPOCH 101:
VALIDATION
valid epoch balanced_accuracy: 0.504808
EPOCH 102:
VALIDATION
valid epoch balanced_accuracy: 0.473558
EPOCH 103:
VALIDATION
valid epoch balanced_accuracy: 0.509615
EPOCH 104:
VALIDATION
valid epoch balanced_accuracy: 0.524038
EPOCH 105:
VALIDATION
valid epoch balanced_accuracy: 0.466346
EPOCH 106:
VALIDATION
valid epoch balanced_accuracy: 0.598558
EPOCH 107:
VALIDATION
valid epoch balanced_accuracy: 0.492788
EPOCH 108:
VALIDATION
valid epoch balanced_accuracy: 0.567308
EPOCH 109:
VALIDATION
valid epoch balanced_accuracy: 0.492788
EPOCH 110:
VALIDATION
valid epoch balanced_accuracy: 0.492788
EPOCH 111:
VALIDATION
valid epoch balanced_accuracy: 0.524038
EPOCH 112:
VALIDATION
valid epoch balanced_accuracy: 0.480769
EPOCH 113:
VALIDATION
valid epoch balanced_accuracy: 0.492788
EPOCH 114:
VALIDATION
valid epoch balanced_accuracy: 0.512019
EPOCH 115:
VALIDATION
valid epoch balanced_accuracy: 0.516827
EPOCH 116:
VALIDATION
valid epoch balanced_accuracy: 0.415865
EPOCH 117:
VALIDATION
valid epoch balanced_accuracy: 0.497596
EPOCH 118:
VALIDATION
valid epoch balanced_accuracy: 0.461538
EARLY STOPPING: rolling validation balanced accuracy did not improve for 60 epochs and validation loss increased over the same window.
accuracy: 0.476190
sensitivity: 0.444444
precision: 0.631579
specificity: 0.533333
IoU: 0.352941
FAR: 0.466667
F1: 0.521739
balanced_accuracy: 0.488889
loss: 2.192954
