
number of parameters : 1542407
train : (1426, 12)
valid : (43, 12)
test : (43, 12)
class weights : [1.0, 1.0]
balanced batches : 90 per epoch covering all 1426 train rows, target 8 positive + 8 unlabeled
data extracted
EPOCH 1:
VALIDATION
valid epoch balanced_accuracy: 0.532609
EPOCH 2:
VALIDATION
valid epoch balanced_accuracy: 0.522826
EPOCH 3:
VALIDATION
valid epoch balanced_accuracy: 0.639130
EPOCH 4:
VALIDATION
valid epoch balanced_accuracy: 0.644565
EPOCH 5:
VALIDATION
valid epoch balanced_accuracy: 0.647826
EPOCH 6:
VALIDATION
valid epoch balanced_accuracy: 0.653261
EPOCH 7:
VALIDATION
valid epoch balanced_accuracy: 0.616304
EPOCH 8:
VALIDATION
valid epoch balanced_accuracy: 0.678261
EPOCH 9:
VALIDATION
valid epoch balanced_accuracy: 0.603261
EPOCH 10:
VALIDATION
valid epoch balanced_accuracy: 0.701087
EPOCH 11:
VALIDATION
valid epoch balanced_accuracy: 0.603261
EPOCH 12:
VALIDATION
valid epoch balanced_accuracy: 0.584783
EPOCH 13:
VALIDATION
valid epoch balanced_accuracy: 0.719565
EPOCH 14:
VALIDATION
valid epoch balanced_accuracy: 0.613043
EPOCH 15:
VALIDATION
valid epoch balanced_accuracy: 0.722826
EPOCH 16:
VALIDATION
valid epoch balanced_accuracy: 0.778261
EPOCH 17:
VALIDATION
valid epoch balanced_accuracy: 0.634783
EPOCH 18:
VALIDATION
valid epoch balanced_accuracy: 0.672826
EPOCH 19:
VALIDATION
valid epoch balanced_accuracy: 0.684783
EPOCH 20:
VALIDATION
valid epoch balanced_accuracy: 0.491304
EPOCH 21:
VALIDATION
valid epoch balanced_accuracy: 0.631522
EPOCH 22:
VALIDATION
valid epoch balanced_accuracy: 0.538043
EPOCH 23:
VALIDATION
valid epoch balanced_accuracy: 0.656522
EPOCH 24:
VALIDATION
valid epoch balanced_accuracy: 0.656522
EPOCH 25:
VALIDATION
valid epoch balanced_accuracy: 0.778261
EPOCH 26:
VALIDATION
valid epoch balanced_accuracy: 0.716304
EPOCH 27:
VALIDATION
valid epoch balanced_accuracy: 0.681522
EPOCH 28:
VALIDATION
valid epoch balanced_accuracy: 0.641304
EPOCH 29:
VALIDATION
valid epoch balanced_accuracy: 0.731522
EPOCH 30:
VALIDATION
valid epoch balanced_accuracy: 0.659783
EPOCH 31:
VALIDATION
valid epoch balanced_accuracy: 0.606522
EPOCH 32:
VALIDATION
valid epoch balanced_accuracy: 0.681522
EPOCH 33:
VALIDATION
valid epoch balanced_accuracy: 0.613043
EPOCH 34:
VALIDATION
valid epoch balanced_accuracy: 0.697826
EPOCH 35:
VALIDATION
valid epoch balanced_accuracy: 0.656522
EPOCH 36:
VALIDATION
valid epoch balanced_accuracy: 0.563043
EPOCH 37:
VALIDATION
valid epoch balanced_accuracy: 0.584783
EPOCH 38:
VALIDATION
valid epoch balanced_accuracy: 0.634783
EPOCH 39:
VALIDATION
valid epoch balanced_accuracy: 0.738043
EPOCH 40:
VALIDATION
valid epoch balanced_accuracy: 0.731522
EPOCH 41:
VALIDATION
valid epoch balanced_accuracy: 0.703261
EPOCH 42:
VALIDATION
valid epoch balanced_accuracy: 0.656522
EPOCH 43:
VALIDATION
valid epoch balanced_accuracy: 0.656522
EPOCH 44:
VALIDATION
valid epoch balanced_accuracy: 0.581522
EPOCH 45:
VALIDATION
valid epoch balanced_accuracy: 0.516304
EPOCH 46:
VALIDATION
valid epoch balanced_accuracy: 0.634783
EPOCH 47:
VALIDATION
valid epoch balanced_accuracy: 0.584783
EPOCH 48:
VALIDATION
valid epoch balanced_accuracy: 0.759783
EPOCH 49:
VALIDATION
valid epoch balanced_accuracy: 0.628261
EPOCH 50:
VALIDATION
valid epoch balanced_accuracy: 0.716304
EPOCH 51:
VALIDATION
valid epoch balanced_accuracy: 0.734783
EPOCH 52:
VALIDATION
valid epoch balanced_accuracy: 0.606522
EPOCH 53:
VALIDATION
valid epoch balanced_accuracy: 0.634783
EPOCH 54:
VALIDATION
valid epoch balanced_accuracy: 0.559783
EPOCH 55:
VALIDATION
valid epoch balanced_accuracy: 0.656522
EPOCH 56:
VALIDATION
valid epoch balanced_accuracy: 0.706522
EPOCH 57:
VALIDATION
valid epoch balanced_accuracy: 0.584783
EPOCH 58:
VALIDATION
valid epoch balanced_accuracy: 0.753261
EPOCH 59:
VALIDATION
valid epoch balanced_accuracy: 0.713043
EPOCH 60:
VALIDATION
valid epoch balanced_accuracy: 0.609783
EPOCH 61:
VALIDATION
valid epoch balanced_accuracy: 0.656522
EPOCH 62:
VALIDATION
valid epoch balanced_accuracy: 0.559783
EPOCH 63:
VALIDATION
valid epoch balanced_accuracy: 0.681522
EPOCH 64:
VALIDATION
valid epoch balanced_accuracy: 0.581522
EPOCH 65:
VALIDATION
valid epoch balanced_accuracy: 0.738043
EPOCH 66:
VALIDATION
valid epoch balanced_accuracy: 0.613043
EPOCH 67:
VALIDATION
valid epoch balanced_accuracy: 0.709783
EPOCH 68:
VALIDATION
valid epoch balanced_accuracy: 0.738043
EPOCH 69:
VALIDATION
valid epoch balanced_accuracy: 0.559783
EPOCH 70:
VALIDATION
valid epoch balanced_accuracy: 0.713043
EPOCH 71:
VALIDATION
valid epoch balanced_accuracy: 0.716304
EPOCH 72:
VALIDATION
valid epoch balanced_accuracy: 0.734783
EPOCH 73:
VALIDATION
valid epoch balanced_accuracy: 0.609783
EPOCH 74:
VALIDATION
valid epoch balanced_accuracy: 0.613043
EPOCH 75:
VALIDATION
valid epoch balanced_accuracy: 0.681522
EPOCH 76:
VALIDATION
valid epoch balanced_accuracy: 0.659783
EPOCH 77:
VALIDATION
valid epoch balanced_accuracy: 0.681522
EPOCH 78:
VALIDATION
valid epoch balanced_accuracy: 0.541304
EPOCH 79:
VALIDATION
valid epoch balanced_accuracy: 0.606522
EPOCH 80:
VALIDATION
valid epoch balanced_accuracy: 0.553261
EPOCH 81:
VALIDATION
valid epoch balanced_accuracy: 0.634783
EPOCH 82:
VALIDATION
valid epoch balanced_accuracy: 0.663043
EPOCH 83:
VALIDATION
valid epoch balanced_accuracy: 0.563043
EPOCH 84:
VALIDATION
valid epoch balanced_accuracy: 0.609783
EPOCH 85:
VALIDATION
valid epoch balanced_accuracy: 0.638043
EPOCH 86:
VALIDATION
valid epoch balanced_accuracy: 0.681522
EPOCH 87:
VALIDATION
valid epoch balanced_accuracy: 0.569565
EPOCH 88:
VALIDATION
valid epoch balanced_accuracy: 0.709783
EPOCH 89:
VALIDATION
valid epoch balanced_accuracy: 0.644565
EPOCH 90:
VALIDATION
valid epoch balanced_accuracy: 0.609783
EPOCH 91:
VALIDATION
valid epoch balanced_accuracy: 0.709783
EPOCH 92:
VALIDATION
valid epoch balanced_accuracy: 0.559783
EPOCH 93:
VALIDATION
valid epoch balanced_accuracy: 0.606522
EPOCH 94:
VALIDATION
valid epoch balanced_accuracy: 0.709783
EPOCH 95:
VALIDATION
valid epoch balanced_accuracy: 0.663043
EPOCH 96:
VALIDATION
valid epoch balanced_accuracy: 0.669565
EPOCH 97:
VALIDATION
valid epoch balanced_accuracy: 0.584783
EPOCH 98:
VALIDATION
valid epoch balanced_accuracy: 0.734783
EPOCH 99:
VALIDATION
valid epoch balanced_accuracy: 0.584783
EPOCH 100:
VALIDATION
valid epoch balanced_accuracy: 0.713043
EPOCH 101:
VALIDATION
valid epoch balanced_accuracy: 0.688043
EPOCH 102:
VALIDATION
valid epoch balanced_accuracy: 0.669565
EPOCH 103:
VALIDATION
valid epoch balanced_accuracy: 0.663043
EPOCH 104:
VALIDATION
valid epoch balanced_accuracy: 0.688043
EPOCH 105:
VALIDATION
valid epoch balanced_accuracy: 0.738043
EPOCH 106:
VALIDATION
valid epoch balanced_accuracy: 0.741304
EPOCH 107:
VALIDATION
valid epoch balanced_accuracy: 0.684783
EPOCH 108:
VALIDATION
valid epoch balanced_accuracy: 0.684783
EPOCH 109:
VALIDATION
valid epoch balanced_accuracy: 0.688043
EPOCH 110:
VALIDATION
valid epoch balanced_accuracy: 0.716304
EPOCH 111:
VALIDATION
valid epoch balanced_accuracy: 0.644565
EPOCH 112:
VALIDATION
valid epoch balanced_accuracy: 0.519565
EPOCH 113:
VALIDATION
valid epoch balanced_accuracy: 0.609783
EPOCH 114:
VALIDATION
valid epoch balanced_accuracy: 0.631522
EPOCH 115:
VALIDATION
valid epoch balanced_accuracy: 0.616304
EPOCH 116:
VALIDATION
valid epoch balanced_accuracy: 0.634783
EPOCH 117:
VALIDATION
valid epoch balanced_accuracy: 0.556522
EPOCH 118:
VALIDATION
valid epoch balanced_accuracy: 0.616304
EPOCH 119:
VALIDATION
valid epoch balanced_accuracy: 0.588043
EPOCH 120:
VALIDATION
valid epoch balanced_accuracy: 0.681522
EPOCH 121:
VALIDATION
valid epoch balanced_accuracy: 0.566304
EPOCH 122:
VALIDATION
valid epoch balanced_accuracy: 0.516304
EPOCH 123:
VALIDATION
valid epoch balanced_accuracy: 0.584783
EPOCH 124:
VALIDATION
valid epoch balanced_accuracy: 0.588043
EPOCH 125:
VALIDATION
valid epoch balanced_accuracy: 0.566304
EPOCH 126:
VALIDATION
valid epoch balanced_accuracy: 0.591304
EPOCH 127:
VALIDATION
valid epoch balanced_accuracy: 0.641304
EPOCH 128:
VALIDATION
valid epoch balanced_accuracy: 0.591304
EPOCH 129:
VALIDATION
valid epoch balanced_accuracy: 0.588043
EPOCH 130:
VALIDATION
valid epoch balanced_accuracy: 0.613043
EPOCH 131:
VALIDATION
valid epoch balanced_accuracy: 0.591304
EPOCH 132:
VALIDATION
valid epoch balanced_accuracy: 0.641304
EPOCH 133:
VALIDATION
valid epoch balanced_accuracy: 0.613043
EPOCH 134:
VALIDATION
valid epoch balanced_accuracy: 0.613043
EPOCH 135:
VALIDATION
valid epoch balanced_accuracy: 0.559783
EPOCH 136:
VALIDATION
valid epoch balanced_accuracy: 0.588043
EPOCH 137:
VALIDATION
valid epoch balanced_accuracy: 0.556522
EPOCH 138:
VALIDATION
valid epoch balanced_accuracy: 0.609783
EPOCH 139:
VALIDATION
valid epoch balanced_accuracy: 0.584783
EPOCH 140:
VALIDATION
valid epoch balanced_accuracy: 0.616304
EPOCH 141:
VALIDATION
valid epoch balanced_accuracy: 0.538043
EPOCH 142:
VALIDATION
valid epoch balanced_accuracy: 0.666304
EPOCH 143:
VALIDATION
valid epoch balanced_accuracy: 0.541304
EPOCH 144:
VALIDATION
valid epoch balanced_accuracy: 0.581522
EPOCH 145:
VALIDATION
valid epoch balanced_accuracy: 0.563043
EPOCH 146:
VALIDATION
valid epoch balanced_accuracy: 0.613043
EPOCH 147:
VALIDATION
valid epoch balanced_accuracy: 0.688043
EPOCH 148:
VALIDATION
valid epoch balanced_accuracy: 0.638043
EPOCH 149:
VALIDATION
valid epoch balanced_accuracy: 0.613043
EPOCH 150:
VALIDATION
valid epoch balanced_accuracy: 0.659783
accuracy: 0.720930
sensitivity: 0.739130
precision: 0.739130
specificity: 0.700000
IoU: 0.586207
FAR: 0.300000
F1: 0.739130
balanced_accuracy: 0.719565
loss: 0.812056
