Waiting for exclusive access to GPU GPU-e38fd50b-f28d-bca0-1506-1209c3351206.
=== GROUP: START | VARIANT: final_m1 | SEED: 0 | FINAL_M: 1 | GPU: Tesla V100-SXM2-32GB ===

number of parameters : 1038350
train : (1089, 12)
valid : (122, 12)
test : (123, 12)
class weights : [1.021575927734375, 0.9793165326118469]
data extracted
EPOCH 1:
VALIDATION
valid epoch balanced_accuracy: 0.500000
EPOCH 2:
VALIDATION
valid epoch balanced_accuracy: 0.500000
EPOCH 3:
VALIDATION
valid epoch balanced_accuracy: 0.506601
EPOCH 4:
VALIDATION
valid epoch balanced_accuracy: 0.434465
EPOCH 5:
VALIDATION
valid epoch balanced_accuracy: 0.500471
EPOCH 6:
VALIDATION
valid epoch balanced_accuracy: 0.488685
EPOCH 7:
VALIDATION
valid epoch balanced_accuracy: 0.462753
EPOCH 8:
VALIDATION
valid epoch balanced_accuracy: 0.530646
EPOCH 9:
VALIDATION
valid epoch balanced_accuracy: 0.471711
EPOCH 10:
VALIDATION
valid epoch balanced_accuracy: 0.447902
EPOCH 11:
VALIDATION
valid epoch balanced_accuracy: 0.427157
EPOCH 12:
VALIDATION
valid epoch balanced_accuracy: 0.483027
EPOCH 13:
VALIDATION
valid epoch balanced_accuracy: 0.580858
EPOCH 14:
VALIDATION
valid epoch balanced_accuracy: 0.507779
EPOCH 15:
VALIDATION
valid epoch balanced_accuracy: 0.600660
EPOCH 16:
VALIDATION
valid epoch balanced_accuracy: 0.536304
EPOCH 17:
VALIDATION
valid epoch balanced_accuracy: 0.468883
EPOCH 18:
VALIDATION
valid epoch balanced_accuracy: 0.617633
EPOCH 19:
VALIDATION
valid epoch balanced_accuracy: 0.522631
EPOCH 20:
VALIDATION
valid epoch balanced_accuracy: 0.506601
EPOCH 21:
VALIDATION
valid epoch balanced_accuracy: 0.559170
EPOCH 22:
VALIDATION
valid epoch balanced_accuracy: 0.512730
EPOCH 23:
VALIDATION
valid epoch balanced_accuracy: 0.511787
EPOCH 24:
VALIDATION
valid epoch balanced_accuracy: 0.538425
EPOCH 25:
VALIDATION
valid epoch balanced_accuracy: 0.531589
EPOCH 26:
VALIDATION
valid epoch balanced_accuracy: 0.603725
EPOCH 27:
VALIDATION
valid epoch balanced_accuracy: 0.543140
EPOCH 28:
VALIDATION
valid epoch balanced_accuracy: 0.643329
EPOCH 29:
VALIDATION
valid epoch balanced_accuracy: 0.574022
EPOCH 30:
VALIDATION
valid epoch balanced_accuracy: 0.608675
EPOCH 31:
VALIDATION
valid epoch balanced_accuracy: 0.606554
EPOCH 32:
VALIDATION
valid epoch balanced_accuracy: 0.536304
EPOCH 33:
VALIDATION
valid epoch balanced_accuracy: 0.586752
EPOCH 34:
VALIDATION
valid epoch balanced_accuracy: 0.576851
EPOCH 35:
VALIDATION
valid epoch balanced_accuracy: 0.653230
EPOCH 36:
VALIDATION
valid epoch balanced_accuracy: 0.590759
EPOCH 37:
VALIDATION
valid epoch balanced_accuracy: 0.603725
EPOCH 38:
VALIDATION
valid epoch balanced_accuracy: 0.553984
EPOCH 39:
VALIDATION
valid epoch balanced_accuracy: 0.598774
EPOCH 40:
VALIDATION
valid epoch balanced_accuracy: 0.588873
EPOCH 41:
VALIDATION
valid epoch balanced_accuracy: 0.489628
EPOCH 42:
VALIDATION
valid epoch balanced_accuracy: 0.437058
EPOCH 43:
VALIDATION
valid epoch balanced_accuracy: 0.621405
EPOCH 44:
VALIDATION
valid epoch balanced_accuracy: 0.609618
EPOCH 45:
VALIDATION
valid epoch balanced_accuracy: 0.510608
EPOCH 46:
VALIDATION
valid epoch balanced_accuracy: 0.603725
EPOCH 47:
VALIDATION
valid epoch balanced_accuracy: 0.500707
EPOCH 48:
VALIDATION
valid epoch balanced_accuracy: 0.588873
EPOCH 49:
VALIDATION
valid epoch balanced_accuracy: 0.485856
EPOCH 50:
VALIDATION
valid epoch balanced_accuracy: 0.532296
EPOCH 51:
VALIDATION
valid epoch balanced_accuracy: 0.534418
EPOCH 52:
VALIDATION
valid epoch balanced_accuracy: 0.521452
EPOCH 53:
VALIDATION
valid epoch balanced_accuracy: 0.580858
EPOCH 54:
VALIDATION
valid epoch balanced_accuracy: 0.491749
EPOCH 55:
VALIDATION
valid epoch balanced_accuracy: 0.530410
EPOCH 56:
VALIDATION
valid epoch balanced_accuracy: 0.585809
EPOCH 57:
VALIDATION
valid epoch balanced_accuracy: 0.583923
EPOCH 58:
VALIDATION
valid epoch balanced_accuracy: 0.473833
EPOCH 59:
VALIDATION
valid epoch balanced_accuracy: 0.592645
EPOCH 60:
VALIDATION
valid epoch balanced_accuracy: 0.566007
EPOCH 61:
VALIDATION
valid epoch balanced_accuracy: 0.546205
EPOCH 62:
VALIDATION
valid epoch balanced_accuracy: 0.557049
EPOCH 63:
VALIDATION
valid epoch balanced_accuracy: 0.480905
EPOCH 64:
VALIDATION
valid epoch balanced_accuracy: 0.579915
EPOCH 65:
VALIDATION
valid epoch balanced_accuracy: 0.486799
EPOCH 66:
VALIDATION
valid epoch balanced_accuracy: 0.574022
EPOCH 67:
VALIDATION
valid epoch balanced_accuracy: 0.581801
EPOCH 68:
VALIDATION
valid epoch balanced_accuracy: 0.583923
EPOCH 69:
VALIDATION
valid epoch balanced_accuracy: 0.549269
EPOCH 70:
VALIDATION
valid epoch balanced_accuracy: 0.656058
EPOCH 71:
VALIDATION
valid epoch balanced_accuracy: 0.527346
EPOCH 72:
VALIDATION
valid epoch balanced_accuracy: 0.593824
EPOCH 73:
VALIDATION
valid epoch balanced_accuracy: 0.570957
EPOCH 74:
VALIDATION
valid epoch balanced_accuracy: 0.527346
EPOCH 75:
VALIDATION
valid epoch balanced_accuracy: 0.589816
EPOCH 76:
VALIDATION
valid epoch balanced_accuracy: 0.623527
EPOCH 77:
VALIDATION
valid epoch balanced_accuracy: 0.574022
EPOCH 78:
VALIDATION
valid epoch balanced_accuracy: 0.496700
EPOCH 79:
VALIDATION
valid epoch balanced_accuracy: 0.515559
EPOCH 80:
VALIDATION
valid epoch balanced_accuracy: 0.540311
EPOCH 81:
VALIDATION
valid epoch balanced_accuracy: 0.622348
EPOCH 82:
VALIDATION
valid epoch balanced_accuracy: 0.632485
EPOCH 83:
VALIDATION
valid epoch balanced_accuracy: 0.510608
EPOCH 84:
VALIDATION
valid epoch balanced_accuracy: 0.567185
EPOCH 85:
VALIDATION
valid epoch balanced_accuracy: 0.647336
EPOCH 86:
VALIDATION
valid epoch balanced_accuracy: 0.530410
EPOCH 87:
VALIDATION
valid epoch balanced_accuracy: 0.573079
EPOCH 88:
VALIDATION
valid epoch balanced_accuracy: 0.574022
EPOCH 89:
VALIDATION
valid epoch balanced_accuracy: 0.556106
EPOCH 90:
VALIDATION
valid epoch balanced_accuracy: 0.520509
EPOCH 91:
VALIDATION
valid epoch balanced_accuracy: 0.564121
EPOCH 92:
VALIDATION
valid epoch balanced_accuracy: 0.592881
EPOCH 93:
VALIDATION
valid epoch balanced_accuracy: 0.512494
EPOCH 94:
VALIDATION
valid epoch balanced_accuracy: 0.531353
EPOCH 95:
VALIDATION
valid epoch balanced_accuracy: 0.585809
EPOCH 96:
VALIDATION
valid epoch balanced_accuracy: 0.555163
EPOCH 97:
VALIDATION
valid epoch balanced_accuracy: 0.580858
EARLY STOPPING: rolling validation balanced accuracy did not improve for 60 epochs and validation loss increased over the same window.
accuracy: 0.495935
sensitivity: 0.454545
precision: 0.849057
specificity: 0.666667
IoU: 0.420561
FAR: 0.333333
F1: 0.592105
balanced_accuracy: 0.560606
loss: 1.335423
