
/home/kalinina/ltp/DL_project/dataloader/New_dataloader.py:73: UserWarning: The given NumPy array is not writable, and PyTorch does not support non-writable tensors. This means writing to this tensor will result in undefined behavior. You may want to copy the array to protect its data or make it writable before converting it to a tensor. This type of warning will be suppressed for the rest of this program. (Triggered internally at /pytorch/torch/csrc/utils/tensor_numpy.cpp:213.)
  self.train_orig_indexes = torch.as_tensor(self.csvtrain["_tanimoto_orig_idx"].values, dtype=torch.long)
train : (1382, 12)
valid : (65, 12)
test : (65, 12)
number of parameters : 1279114
class weights : [1.0, 1.0]
balanced batches : 87 per epoch covering all 1382 train rows, target 8 positive + 8 unlabeled
cache warmed : 35 proteins, 409 lipid encodings, 0 lipid graphs, 131 MiB
source artifacts released : ['csvt', 'protein_tensor_cache', 'smiles_encoding', 'train_tanimoto_batch']
data extracted
EPOCH 1:
VALIDATION
valid epoch balanced_accuracy: 0.664272
EPOCH 2:
VALIDATION
valid epoch balanced_accuracy: 0.659962
EPOCH 3:
VALIDATION
valid epoch balanced_accuracy: 0.701628
EPOCH 4:
VALIDATION
valid epoch balanced_accuracy: 0.747126
EPOCH 5:
VALIDATION
valid epoch balanced_accuracy: 0.753831
EPOCH 6:
VALIDATION
valid epoch balanced_accuracy: 0.729406
EPOCH 7:
VALIDATION
valid epoch balanced_accuracy: 0.701628
EPOCH 8:
VALIDATION
valid epoch balanced_accuracy: 0.726054
EPOCH 9:
VALIDATION
valid epoch balanced_accuracy: 0.774904
EPOCH 10:
VALIDATION
valid epoch balanced_accuracy: 0.701628
EPOCH 11:
VALIDATION
valid epoch balanced_accuracy: 0.699234
EPOCH 12:
VALIDATION
valid epoch balanced_accuracy: 0.726054
EPOCH 13:
VALIDATION
valid epoch balanced_accuracy: 0.616379
EPOCH 14:
VALIDATION
valid epoch balanced_accuracy: 0.630268
EPOCH 15:
VALIDATION
valid epoch balanced_accuracy: 0.739943
EPOCH 16:
VALIDATION
valid epoch balanced_accuracy: 0.719349
EPOCH 17:
VALIDATION
valid epoch balanced_accuracy: 0.502874
EPOCH 18:
VALIDATION
valid epoch balanced_accuracy: 0.523467
EPOCH 19:
VALIDATION
valid epoch balanced_accuracy: 0.702586
EPOCH 20:
VALIDATION
valid epoch balanced_accuracy: 0.685345
EPOCH 21:
VALIDATION
valid epoch balanced_accuracy: 0.557950
EPOCH 22:
VALIDATION
valid epoch balanced_accuracy: 0.702586
EPOCH 23:
VALIDATION
valid epoch balanced_accuracy: 0.761015
EPOCH 24:
VALIDATION
valid epoch balanced_accuracy: 0.557950
EPOCH 25:
VALIDATION
valid epoch balanced_accuracy: 0.636973
EPOCH 26:
VALIDATION
valid epoch balanced_accuracy: 0.709291
EPOCH 27:
VALIDATION
valid epoch balanced_accuracy: 0.661398
EPOCH 28:
VALIDATION
valid epoch balanced_accuracy: 0.616379
EPOCH 29:
VALIDATION
valid epoch balanced_accuracy: 0.629789
EPOCH 30:
VALIDATION
valid epoch balanced_accuracy: 0.674808
EPOCH 31:
VALIDATION
valid epoch balanced_accuracy: 0.568008
EPOCH 32:
VALIDATION
valid epoch balanced_accuracy: 0.606322
EPOCH 33:
VALIDATION
valid epoch balanced_accuracy: 0.429598
EPOCH 34:
VALIDATION
valid epoch balanced_accuracy: 0.620211
EPOCH 35:
VALIDATION
valid epoch balanced_accuracy: 0.277778
EPOCH 36:
VALIDATION
valid epoch balanced_accuracy: 0.333333
EPOCH 37:
VALIDATION
valid epoch balanced_accuracy: 0.571360
EPOCH 38:
VALIDATION
valid epoch balanced_accuracy: 0.364464
EPOCH 39:
VALIDATION
valid epoch balanced_accuracy: 0.305556
EPOCH 40:
VALIDATION
valid epoch balanced_accuracy: 0.375000
EPOCH 41:
VALIDATION
valid epoch balanced_accuracy: 0.402778
EPOCH 42:
VALIDATION
valid epoch balanced_accuracy: 0.333333
EPOCH 43:
VALIDATION
valid epoch balanced_accuracy: 0.388889
EPOCH 44:
VALIDATION
valid epoch balanced_accuracy: 0.361111
EPOCH 45:
VALIDATION
valid epoch balanced_accuracy: 0.347222
EPOCH 46:
VALIDATION
valid epoch balanced_accuracy: 0.361111
EPOCH 47:
VALIDATION
valid epoch balanced_accuracy: 0.430556
EPOCH 48:
VALIDATION
valid epoch balanced_accuracy: 0.347222
EPOCH 49:
VALIDATION
valid epoch balanced_accuracy: 0.319444
EPOCH 50:
VALIDATION
valid epoch balanced_accuracy: 0.416667
EPOCH 51:
VALIDATION
valid epoch balanced_accuracy: 0.333333
EPOCH 52:
VALIDATION
valid epoch balanced_accuracy: 0.333333
EPOCH 53:
VALIDATION
valid epoch balanced_accuracy: 0.517241
EPOCH 54:
VALIDATION
valid epoch balanced_accuracy: 0.333333
EPOCH 55:
VALIDATION
valid epoch balanced_accuracy: 0.375000
EPOCH 56:
VALIDATION
valid epoch balanced_accuracy: 0.388889
EPOCH 57:
VALIDATION
valid epoch balanced_accuracy: 0.375000
EPOCH 58:
VALIDATION
valid epoch balanced_accuracy: 0.361111
EPOCH 59:
VALIDATION
valid epoch balanced_accuracy: 0.347222
EPOCH 60:
VALIDATION
valid epoch balanced_accuracy: 0.458333
EPOCH 61:
VALIDATION
valid epoch balanced_accuracy: 0.361111
EPOCH 62:
VALIDATION
valid epoch balanced_accuracy: 0.375000
EPOCH 63:
VALIDATION
valid epoch balanced_accuracy: 0.347222
EPOCH 64:
VALIDATION
valid epoch balanced_accuracy: 0.361111
EPOCH 65:
VALIDATION
valid epoch balanced_accuracy: 0.319444
EPOCH 66:
VALIDATION
valid epoch balanced_accuracy: 0.388889
EPOCH 67:
VALIDATION
valid epoch balanced_accuracy: 0.375000
EPOCH 68:
VALIDATION
valid epoch balanced_accuracy: 0.416667
EPOCH 69:
VALIDATION
valid epoch balanced_accuracy: 0.402778
EPOCH 70:
VALIDATION
valid epoch balanced_accuracy: 0.347222
EPOCH 71:
VALIDATION
valid epoch balanced_accuracy: 0.361111
EPOCH 72:
VALIDATION
valid epoch balanced_accuracy: 0.319444
EPOCH 73:
VALIDATION
valid epoch balanced_accuracy: 0.347222
EPOCH 74:
VALIDATION
valid epoch balanced_accuracy: 0.361111
EPOCH 75:
VALIDATION
valid epoch balanced_accuracy: 0.472222
EPOCH 76:
VALIDATION
valid epoch balanced_accuracy: 0.444444
EPOCH 77:
VALIDATION
valid epoch balanced_accuracy: 0.444444
EPOCH 78:
VALIDATION
valid epoch balanced_accuracy: 0.347222
EPOCH 79:
VALIDATION
valid epoch balanced_accuracy: 0.361111
EPOCH 80:
VALIDATION
valid epoch balanced_accuracy: 0.447797
EPOCH 81:
VALIDATION
valid epoch balanced_accuracy: 0.430556
EPOCH 82:
VALIDATION
valid epoch balanced_accuracy: 0.416667
EPOCH 83:
VALIDATION
valid epoch balanced_accuracy: 0.416667
EPOCH 84:
VALIDATION
valid epoch balanced_accuracy: 0.347222
EPOCH 85:
VALIDATION
valid epoch balanced_accuracy: 0.347222
EPOCH 86:
VALIDATION
valid epoch balanced_accuracy: 0.375000
EPOCH 87:
VALIDATION
valid epoch balanced_accuracy: 0.375000
EPOCH 88:
VALIDATION
valid epoch balanced_accuracy: 0.333333
EPOCH 89:
VALIDATION
valid epoch balanced_accuracy: 0.375000
EPOCH 90:
VALIDATION
valid epoch balanced_accuracy: 0.375000
EPOCH 91:
VALIDATION
valid epoch balanced_accuracy: 0.375000
EPOCH 92:
VALIDATION
valid epoch balanced_accuracy: 0.347222
EPOCH 93:
VALIDATION
valid epoch balanced_accuracy: 0.388889
EPOCH 94:
VALIDATION
valid epoch balanced_accuracy: 0.375000
EPOCH 95:
VALIDATION
valid epoch balanced_accuracy: 0.333333
EPOCH 96:
VALIDATION
valid epoch balanced_accuracy: 0.347222
EPOCH 97:
VALIDATION
valid epoch balanced_accuracy: 0.375000
EPOCH 98:
VALIDATION
valid epoch balanced_accuracy: 0.375000
EPOCH 99:
VALIDATION
valid epoch balanced_accuracy: 0.361111
EPOCH 100:
VALIDATION
valid epoch balanced_accuracy: 0.388889
EPOCH 101:
VALIDATION
valid epoch balanced_accuracy: 0.430556
EPOCH 102:
VALIDATION
valid epoch balanced_accuracy: 0.402778
EPOCH 103:
VALIDATION
valid epoch balanced_accuracy: 0.402778
EPOCH 104:
VALIDATION
valid epoch balanced_accuracy: 0.402778
EPOCH 105:
VALIDATION
valid epoch balanced_accuracy: 0.402778
EPOCH 106:
VALIDATION
valid epoch balanced_accuracy: 0.388889
EPOCH 107:
VALIDATION
valid epoch balanced_accuracy: 0.375000
EPOCH 108:
VALIDATION
valid epoch balanced_accuracy: 0.430556
EPOCH 109:
VALIDATION
valid epoch balanced_accuracy: 0.375000
EPOCH 110:
VALIDATION
valid epoch balanced_accuracy: 0.416667
EPOCH 111:
VALIDATION
valid epoch balanced_accuracy: 0.388889
EPOCH 112:
VALIDATION
valid epoch balanced_accuracy: 0.402778
EPOCH 113:
VALIDATION
valid epoch balanced_accuracy: 0.430556
EPOCH 114:
VALIDATION
valid epoch balanced_accuracy: 0.458333
EPOCH 115:
VALIDATION
valid epoch balanced_accuracy: 0.388889
EPOCH 116:
VALIDATION
valid epoch balanced_accuracy: 0.472222
EPOCH 117:
VALIDATION
valid epoch balanced_accuracy: 0.430556
EPOCH 118:
VALIDATION
valid epoch balanced_accuracy: 0.361111
EPOCH 119:
VALIDATION
valid epoch balanced_accuracy: 0.458333
EPOCH 120:
VALIDATION
valid epoch balanced_accuracy: 0.458333
EPOCH 121:
VALIDATION
valid epoch balanced_accuracy: 0.416667
EPOCH 122:
VALIDATION
valid epoch balanced_accuracy: 0.416667
EPOCH 123:
VALIDATION
valid epoch balanced_accuracy: 0.444444
EPOCH 124:
VALIDATION
valid epoch balanced_accuracy: 0.375000
EPOCH 125:
VALIDATION
valid epoch balanced_accuracy: 0.458333
EPOCH 126:
VALIDATION
valid epoch balanced_accuracy: 0.430556
EPOCH 127:
VALIDATION
valid epoch balanced_accuracy: 0.416667
EPOCH 128:
VALIDATION
valid epoch balanced_accuracy: 0.402778
EPOCH 129:
VALIDATION
valid epoch balanced_accuracy: 0.361111
EPOCH 130:
VALIDATION
valid epoch balanced_accuracy: 0.333333
EPOCH 131:
VALIDATION
valid epoch balanced_accuracy: 0.347222
EPOCH 132:
VALIDATION
valid epoch balanced_accuracy: 0.361111
EPOCH 133:
VALIDATION
valid epoch balanced_accuracy: 0.361111
EPOCH 134:
VALIDATION
valid epoch balanced_accuracy: 0.388889
EPOCH 135:
VALIDATION
valid epoch balanced_accuracy: 0.333333
EPOCH 136:
VALIDATION
valid epoch balanced_accuracy: 0.402778
EPOCH 137:
VALIDATION
valid epoch balanced_accuracy: 0.388889
EPOCH 138:
VALIDATION
valid epoch balanced_accuracy: 0.416667
EPOCH 139:
VALIDATION
valid epoch balanced_accuracy: 0.402778
EPOCH 140:
VALIDATION
valid epoch balanced_accuracy: 0.402778
EPOCH 141:
VALIDATION
valid epoch balanced_accuracy: 0.416667
EPOCH 142:
VALIDATION
valid epoch balanced_accuracy: 0.416667
EPOCH 143:
VALIDATION
valid epoch balanced_accuracy: 0.416667
EPOCH 144:
VALIDATION
valid epoch balanced_accuracy: 0.430556
EPOCH 145:
VALIDATION
valid epoch balanced_accuracy: 0.416667
EPOCH 146:
VALIDATION
valid epoch balanced_accuracy: 0.402778
EPOCH 147:
VALIDATION
valid epoch balanced_accuracy: 0.416667
EPOCH 148:
VALIDATION
valid epoch balanced_accuracy: 0.416667
EPOCH 149:
VALIDATION
valid epoch balanced_accuracy: 0.444444
EPOCH 150:
VALIDATION
valid epoch balanced_accuracy: 0.402778
accuracy: 0.738462
sensitivity: 0.777778
precision: 0.756757
specificity: 0.689655
IoU: 0.622222
FAR: 0.310345
F1: 0.767123
balanced_accuracy: 0.733716
loss: 0.610361
