
number of parameters : 1287306
train : (1382, 12)
valid : (65, 12)
test : (65, 12)
class weights : [1.0, 1.0]
balanced batches : 87 per epoch covering all 1382 train rows, target 8 positive + 8 unlabeled
cache warmed : 35 proteins, 409 lipid encodings, 0 lipid graphs, 134 MiB
data extracted
EPOCH 1:
VALIDATION
valid epoch balanced_accuracy: 0.580952
EPOCH 2:
VALIDATION
valid epoch balanced_accuracy: 0.697619
EPOCH 3:
VALIDATION
valid epoch balanced_accuracy: 0.716667
EPOCH 4:
VALIDATION
valid epoch balanced_accuracy: 0.780952
EPOCH 5:
VALIDATION
valid epoch balanced_accuracy: 0.680952
EPOCH 6:
VALIDATION
valid epoch balanced_accuracy: 0.761905
EPOCH 7:
VALIDATION
valid epoch balanced_accuracy: 0.740476
EPOCH 8:
VALIDATION
valid epoch balanced_accuracy: 0.721429
EPOCH 9:
VALIDATION
valid epoch balanced_accuracy: 0.623810
EPOCH 10:
VALIDATION
valid epoch balanced_accuracy: 0.716667
EPOCH 11:
VALIDATION
valid epoch balanced_accuracy: 0.623810
EPOCH 12:
VALIDATION
valid epoch balanced_accuracy: 0.545238
EPOCH 13:
VALIDATION
valid epoch balanced_accuracy: 0.657143
EPOCH 14:
VALIDATION
valid epoch balanced_accuracy: 0.545238
EPOCH 15:
VALIDATION
valid epoch balanced_accuracy: 0.559524
EPOCH 16:
VALIDATION
valid epoch balanced_accuracy: 0.573810
EPOCH 17:
VALIDATION
valid epoch balanced_accuracy: 0.573810
EPOCH 18:
VALIDATION
valid epoch balanced_accuracy: 0.573810
EPOCH 19:
VALIDATION
valid epoch balanced_accuracy: 0.573810
EPOCH 20:
VALIDATION
valid epoch balanced_accuracy: 0.573810
EPOCH 21:
VALIDATION
valid epoch balanced_accuracy: 0.573810
EPOCH 22:
VALIDATION
valid epoch balanced_accuracy: 0.559524
EPOCH 23:
VALIDATION
valid epoch balanced_accuracy: 0.573810
EPOCH 24:
VALIDATION
valid epoch balanced_accuracy: 0.573810
EPOCH 25:
VALIDATION
valid epoch balanced_accuracy: 0.561905
EPOCH 26:
VALIDATION
valid epoch balanced_accuracy: 0.652381
EPOCH 27:
VALIDATION
valid epoch balanced_accuracy: 0.573810
EPOCH 28:
VALIDATION
valid epoch balanced_accuracy: 0.573810
EPOCH 29:
VALIDATION
valid epoch balanced_accuracy: 0.573810
EPOCH 30:
VALIDATION
valid epoch balanced_accuracy: 0.573810
EPOCH 31:
VALIDATION
valid epoch balanced_accuracy: 0.573810
EPOCH 32:
VALIDATION
valid epoch balanced_accuracy: 0.545238
EPOCH 33:
VALIDATION
valid epoch balanced_accuracy: 0.559524
EPOCH 34:
VALIDATION
valid epoch balanced_accuracy: 0.578571
EPOCH 35:
VALIDATION
valid epoch balanced_accuracy: 0.573810
EPOCH 36:
VALIDATION
valid epoch balanced_accuracy: 0.573810
EPOCH 37:
VALIDATION
valid epoch balanced_accuracy: 0.545238
EPOCH 38:
VALIDATION
valid epoch balanced_accuracy: 0.545238
EPOCH 39:
VALIDATION
valid epoch balanced_accuracy: 0.561905
EPOCH 40:
VALIDATION
valid epoch balanced_accuracy: 0.588095
EPOCH 41:
VALIDATION
valid epoch balanced_accuracy: 0.545238
EPOCH 42:
VALIDATION
valid epoch balanced_accuracy: 0.573810
EPOCH 43:
VALIDATION
valid epoch balanced_accuracy: 0.559524
EPOCH 44:
VALIDATION
valid epoch balanced_accuracy: 0.573810
EPOCH 45:
VALIDATION
valid epoch balanced_accuracy: 0.573810
EPOCH 46:
VALIDATION
valid epoch balanced_accuracy: 0.559524
EPOCH 47:
VALIDATION
valid epoch balanced_accuracy: 0.573810
EPOCH 48:
VALIDATION
valid epoch balanced_accuracy: 0.545238
EPOCH 49:
VALIDATION
valid epoch balanced_accuracy: 0.573810
EPOCH 50:
VALIDATION
valid epoch balanced_accuracy: 0.602381
EPOCH 51:
VALIDATION
valid epoch balanced_accuracy: 0.573810
EPOCH 52:
VALIDATION
valid epoch balanced_accuracy: 0.573810
EPOCH 53:
VALIDATION
valid epoch balanced_accuracy: 0.573810
EPOCH 54:
VALIDATION
valid epoch balanced_accuracy: 0.561905
EPOCH 55:
VALIDATION
valid epoch balanced_accuracy: 0.602381
EPOCH 56:
VALIDATION
valid epoch balanced_accuracy: 0.559524
EPOCH 57:
VALIDATION
valid epoch balanced_accuracy: 0.559524
EPOCH 58:
VALIDATION
valid epoch balanced_accuracy: 0.547619
EPOCH 59:
VALIDATION
valid epoch balanced_accuracy: 0.588095
EPOCH 60:
VALIDATION
valid epoch balanced_accuracy: 0.573810
EPOCH 61:
VALIDATION
valid epoch balanced_accuracy: 0.559524
EPOCH 62:
VALIDATION
valid epoch balanced_accuracy: 0.559524
EPOCH 63:
VALIDATION
valid epoch balanced_accuracy: 0.559524
EPOCH 64:
VALIDATION
valid epoch balanced_accuracy: 0.602381
EPOCH 65:
VALIDATION
valid epoch balanced_accuracy: 0.588095
EPOCH 66:
VALIDATION
valid epoch balanced_accuracy: 0.573810
EPOCH 67:
VALIDATION
valid epoch balanced_accuracy: 0.588095
EPOCH 68:
VALIDATION
valid epoch balanced_accuracy: 0.573810
EPOCH 69:
VALIDATION
valid epoch balanced_accuracy: 0.576190
EPOCH 70:
VALIDATION
valid epoch balanced_accuracy: 0.602381
EPOCH 71:
VALIDATION
valid epoch balanced_accuracy: 0.559524
EPOCH 72:
VALIDATION
valid epoch balanced_accuracy: 0.545238
EPOCH 73:
VALIDATION
valid epoch balanced_accuracy: 0.573810
EPOCH 74:
VALIDATION
valid epoch balanced_accuracy: 0.588095
EPOCH 75:
VALIDATION
valid epoch balanced_accuracy: 0.559524
EPOCH 76:
VALIDATION
valid epoch balanced_accuracy: 0.588095
EPOCH 77:
VALIDATION
valid epoch balanced_accuracy: 0.573810
EPOCH 78:
VALIDATION
valid epoch balanced_accuracy: 0.559524
EPOCH 79:
VALIDATION
valid epoch balanced_accuracy: 0.588095
EPOCH 80:
VALIDATION
valid epoch balanced_accuracy: 0.602381
EPOCH 81:
VALIDATION
valid epoch balanced_accuracy: 0.576190
EPOCH 82:
VALIDATION
valid epoch balanced_accuracy: 0.600000
EPOCH 83:
VALIDATION
valid epoch balanced_accuracy: 0.547619
EPOCH 84:
VALIDATION
valid epoch balanced_accuracy: 0.573810
EPOCH 85:
VALIDATION
valid epoch balanced_accuracy: 0.561905
EPOCH 86:
VALIDATION
valid epoch balanced_accuracy: 0.559524
EPOCH 87:
VALIDATION
valid epoch balanced_accuracy: 0.559524
EPOCH 88:
VALIDATION
valid epoch balanced_accuracy: 0.573810
EPOCH 89:
VALIDATION
valid epoch balanced_accuracy: 0.573810
EPOCH 90:
VALIDATION
valid epoch balanced_accuracy: 0.573810
EPOCH 91:
VALIDATION
valid epoch balanced_accuracy: 0.573810
EPOCH 92:
VALIDATION
valid epoch balanced_accuracy: 0.590476
EPOCH 93:
VALIDATION
valid epoch balanced_accuracy: 0.576190
EPOCH 94:
VALIDATION
valid epoch balanced_accuracy: 0.604762
EPOCH 95:
VALIDATION
valid epoch balanced_accuracy: 0.626190
EPOCH 96:
VALIDATION
valid epoch balanced_accuracy: 0.642857
EPOCH 97:
VALIDATION
valid epoch balanced_accuracy: 0.559524
EPOCH 98:
VALIDATION
valid epoch balanced_accuracy: 0.573810
EPOCH 99:
VALIDATION
valid epoch balanced_accuracy: 0.559524
EPOCH 100:
VALIDATION
valid epoch balanced_accuracy: 0.573810
EPOCH 101:
VALIDATION
valid epoch balanced_accuracy: 0.590476
EPOCH 102:
VALIDATION
valid epoch balanced_accuracy: 0.588095
EPOCH 103:
VALIDATION
valid epoch balanced_accuracy: 0.561905
EPOCH 104:
VALIDATION
valid epoch balanced_accuracy: 0.573810
EPOCH 105:
VALIDATION
valid epoch balanced_accuracy: 0.530952
EPOCH 106:
VALIDATION
valid epoch balanced_accuracy: 0.561905
EPOCH 107:
VALIDATION
valid epoch balanced_accuracy: 0.559524
EPOCH 108:
VALIDATION
valid epoch balanced_accuracy: 0.559524
EPOCH 109:
VALIDATION
valid epoch balanced_accuracy: 0.600000
EPOCH 110:
VALIDATION
valid epoch balanced_accuracy: 0.545238
EPOCH 111:
VALIDATION
valid epoch balanced_accuracy: 0.602381
EPOCH 112:
VALIDATION
valid epoch balanced_accuracy: 0.588095
EPOCH 113:
