
number of parameters : 1287306
train : (1350, 12)
valid : (81, 12)
test : (81, 12)
class weights : [1.0, 1.0]
balanced batches : 85 per epoch covering all 1350 train rows, target 8 positive + 8 unlabeled
cache warmed : 35 proteins, 409 lipid encodings, 0 lipid graphs, 134 MiB
data extracted
EPOCH 1:
VALIDATION
valid epoch balanced_accuracy: 0.188268
EPOCH 2:
VALIDATION
valid epoch balanced_accuracy: 0.245086
EPOCH 3:
VALIDATION
valid epoch balanced_accuracy: 0.265663
EPOCH 4:
VALIDATION
valid epoch balanced_accuracy: 0.265663
EPOCH 5:
VALIDATION
valid epoch balanced_accuracy: 0.272113
EPOCH 6:
VALIDATION
valid epoch balanced_accuracy: 0.272113
EPOCH 7:
VALIDATION
valid epoch balanced_accuracy: 0.286241
EPOCH 8:
VALIDATION
valid epoch balanced_accuracy: 0.313268
EPOCH 9:
VALIDATION
valid epoch balanced_accuracy: 0.267813
EPOCH 10:
VALIDATION
valid epoch balanced_accuracy: 0.272113
EPOCH 11:
VALIDATION
valid epoch balanced_accuracy: 0.296990
EPOCH 12:
VALIDATION
valid epoch balanced_accuracy: 0.358722
EPOCH 13:
VALIDATION
valid epoch balanced_accuracy: 0.265049
EPOCH 14:
VALIDATION
valid epoch balanced_accuracy: 0.315418
EPOCH 15:
VALIDATION
valid epoch balanced_accuracy: 0.370086
EPOCH 16:
VALIDATION
valid epoch balanced_accuracy: 0.342445
EPOCH 17:
VALIDATION
valid epoch balanced_accuracy: 0.438268
EPOCH 18:
VALIDATION
valid epoch balanced_accuracy: 0.383600
EPOCH 19:
VALIDATION
valid epoch balanced_accuracy: 0.376536
EPOCH 20:
VALIDATION
valid epoch balanced_accuracy: 0.269963
EPOCH 21:
VALIDATION
valid epoch balanced_accuracy: 0.215295
EPOCH 22:
VALIDATION
valid epoch balanced_accuracy: 0.360872
EPOCH 23:
VALIDATION
valid epoch balanced_accuracy: 0.219595
EPOCH 24:
VALIDATION
valid epoch balanced_accuracy: 0.333845
EPOCH 25:
VALIDATION
valid epoch balanced_accuracy: 0.383600
EPOCH 26:
VALIDATION
valid epoch balanced_accuracy: 0.404177
EPOCH 27:
VALIDATION
valid epoch balanced_accuracy: 0.381450
EPOCH 28:
VALIDATION
valid epoch balanced_accuracy: 0.370086
EPOCH 29:
VALIDATION
valid epoch balanced_accuracy: 0.360872
EPOCH 30:
VALIDATION
valid epoch balanced_accuracy: 0.349509
EPOCH 31:
VALIDATION
valid epoch balanced_accuracy: 0.292690
EPOCH 32:
VALIDATION
valid epoch balanced_accuracy: 0.436118
EPOCH 33:
VALIDATION
valid epoch balanced_accuracy: 0.358722
EPOCH 34:
VALIDATION
valid epoch balanced_accuracy: 0.360872
EPOCH 35:
VALIDATION
valid epoch balanced_accuracy: 0.308354
EPOCH 36:
VALIDATION
valid epoch balanced_accuracy: 0.353808
EPOCH 37:
VALIDATION
valid epoch balanced_accuracy: 0.390663
EPOCH 38:
VALIDATION
valid epoch balanced_accuracy: 0.353808
EPOCH 39:
VALIDATION
valid epoch balanced_accuracy: 0.349509
EPOCH 40:
VALIDATION
valid epoch balanced_accuracy: 0.340295
EPOCH 41:
VALIDATION
valid epoch balanced_accuracy: 0.349509
EPOCH 42:
VALIDATION
valid epoch balanced_accuracy: 0.372236
EPOCH 43:
VALIDATION
valid epoch balanced_accuracy: 0.429054
EPOCH 44:
VALIDATION
valid epoch balanced_accuracy: 0.331081
EPOCH 45:
VALIDATION
valid epoch balanced_accuracy: 0.417690
EPOCH 46:
VALIDATION
valid epoch balanced_accuracy: 0.342445
EPOCH 47:
VALIDATION
valid epoch balanced_accuracy: 0.394963
EPOCH 48:
VALIDATION
valid epoch balanced_accuracy: 0.353808
EPOCH 49:
VALIDATION
valid epoch balanced_accuracy: 0.363022
EPOCH 50:
VALIDATION
valid epoch balanced_accuracy: 0.387899
EPOCH 51:
VALIDATION
valid epoch balanced_accuracy: 0.394963
EPOCH 52:
VALIDATION
valid epoch balanced_accuracy: 0.342445
EPOCH 53:
VALIDATION
valid epoch balanced_accuracy: 0.353808
EPOCH 54:
VALIDATION
valid epoch balanced_accuracy: 0.383600
EPOCH 55:
VALIDATION
valid epoch balanced_accuracy: 0.401413
EPOCH 56:
VALIDATION
valid epoch balanced_accuracy: 0.226044
EPOCH 57:
VALIDATION
valid epoch balanced_accuracy: 0.328931
EPOCH 58:
VALIDATION
valid epoch balanced_accuracy: 0.363022
EPOCH 59:
VALIDATION
valid epoch balanced_accuracy: 0.278563
EPOCH 60:
VALIDATION
valid epoch balanced_accuracy: 0.294840
EPOCH 61:
VALIDATION
valid epoch balanced_accuracy: 0.305590
EPOCH 62:
VALIDATION
valid epoch balanced_accuracy: 0.294226
EPOCH 63:
VALIDATION
valid epoch balanced_accuracy: 0.303440
EPOCH 64:
VALIDATION
valid epoch balanced_accuracy: 0.271499
EPOCH 65:
VALIDATION
valid epoch balanced_accuracy: 0.271499
EPOCH 66:
VALIDATION
valid epoch balanced_accuracy: 0.308354
EPOCH 67:
VALIDATION
valid epoch balanced_accuracy: 0.348894
EPOCH 68:
VALIDATION
valid epoch balanced_accuracy: 0.351658
EPOCH 69:
VALIDATION
valid epoch balanced_accuracy: 0.335381
EPOCH 70:
VALIDATION
valid epoch balanced_accuracy: 0.300676
EPOCH 71:
VALIDATION
valid epoch balanced_accuracy: 0.246622
EPOCH 72:
VALIDATION
valid epoch balanced_accuracy: 0.285627
EPOCH 73:
VALIDATION
valid epoch balanced_accuracy: 0.246622
EPOCH 74:
VALIDATION
valid epoch balanced_accuracy: 0.326167
EPOCH 75:
VALIDATION
valid epoch balanced_accuracy: 0.331081
EPOCH 76:
VALIDATION
valid epoch balanced_accuracy: 0.334767
EPOCH 77:
VALIDATION
valid epoch balanced_accuracy: 0.240172
EPOCH 78:
VALIDATION
valid epoch balanced_accuracy: 0.212531
EPOCH 79:
VALIDATION
valid epoch balanced_accuracy: 0.240172
EPOCH 80:
VALIDATION
valid epoch balanced_accuracy: 0.206081
EPOCH 81:
VALIDATION
valid epoch balanced_accuracy: 0.292076
EPOCH 82:
VALIDATION
valid epoch balanced_accuracy: 0.276413
EPOCH 83:
VALIDATION
valid epoch balanced_accuracy: 0.262899
EPOCH 84:
VALIDATION
valid epoch balanced_accuracy: 0.280713
EPOCH 85:
VALIDATION
valid epoch balanced_accuracy: 0.233108
EPOCH 86:
VALIDATION
valid epoch balanced_accuracy: 0.267199
EPOCH 87:
VALIDATION
valid epoch balanced_accuracy: 0.253071
EPOCH 88:
VALIDATION
valid epoch balanced_accuracy: 0.221744
EPOCH 89:
VALIDATION
valid epoch balanced_accuracy: 0.206081
EPOCH 90:
VALIDATION
valid epoch balanced_accuracy: 0.267199
EPOCH 91:
VALIDATION
valid epoch balanced_accuracy: 0.297912
EPOCH 92:
VALIDATION
valid epoch balanced_accuracy: 0.353808
EPOCH 93:
VALIDATION
valid epoch balanced_accuracy: 0.362408
EPOCH 94:
VALIDATION
valid epoch balanced_accuracy: 0.331081
EPOCH 95:
VALIDATION
valid epoch balanced_accuracy: 0.277948
EPOCH 96:
VALIDATION
valid epoch balanced_accuracy: 0.255221
EPOCH 97:
VALIDATION
valid epoch balanced_accuracy: 0.212531
EPOCH 98:
VALIDATION
valid epoch balanced_accuracy: 0.196867
EPOCH 99:
VALIDATION
valid epoch balanced_accuracy: 0.308354
EPOCH 100:
VALIDATION
valid epoch balanced_accuracy: 0.233108
EPOCH 101:
VALIDATION
valid epoch balanced_accuracy: 0.296990
EPOCH 102:
VALIDATION
valid epoch balanced_accuracy: 0.253686
EPOCH 103:
VALIDATION
valid epoch balanced_accuracy: 0.278563
EPOCH 104:
VALIDATION
valid epoch balanced_accuracy: 0.321867
EPOCH 105:
VALIDATION
valid epoch balanced_accuracy: 0.276413
EPOCH 106:
VALIDATION
valid epoch balanced_accuracy: 0.410319
EPOCH 107:
VALIDATION
valid epoch balanced_accuracy: 0.248771
EPOCH 108:
VALIDATION
valid epoch balanced_accuracy: 0.289926
EPOCH 109:
VALIDATION
valid epoch balanced_accuracy: 0.199017
EPOCH 110:
VALIDATION
valid epoch balanced_accuracy: 0.196867
EPOCH 111:
VALIDATION
valid epoch balanced_accuracy: 0.251536
EPOCH 112:
VALIDATION
valid epoch balanced_accuracy: 0.316339
EPOCH 113:
VALIDATION
valid epoch balanced_accuracy: 0.285627
EPOCH 114:
VALIDATION
valid epoch balanced_accuracy: 0.267199
EPOCH 115:
VALIDATION
valid epoch balanced_accuracy: 0.240172
EPOCH 116:
VALIDATION
valid epoch balanced_accuracy: 0.274263
EPOCH 117:
VALIDATION
valid epoch balanced_accuracy: 0.287776
EPOCH 118:
VALIDATION
valid epoch balanced_accuracy: 0.424140
EPOCH 119:
VALIDATION
valid epoch balanced_accuracy: 0.331081
EPOCH 120:
VALIDATION
valid epoch balanced_accuracy: 0.262899
EPOCH 121:
VALIDATION
valid epoch balanced_accuracy: 0.260135
EPOCH 122:
VALIDATION
valid epoch balanced_accuracy: 0.301290
EPOCH 123:
VALIDATION
valid epoch balanced_accuracy: 0.251536
EPOCH 124:
VALIDATION
valid epoch balanced_accuracy: 0.314803
EPOCH 125:
VALIDATION
valid epoch balanced_accuracy: 0.323403
EPOCH 126:
VALIDATION
valid epoch balanced_accuracy: 0.348894
EPOCH 127:
VALIDATION
valid epoch balanced_accuracy: 0.321253
EPOCH 128:
VALIDATION
valid epoch balanced_accuracy: 0.221744
EPOCH 129:
VALIDATION
valid epoch balanced_accuracy: 0.251536
EPOCH 130:
VALIDATION
valid epoch balanced_accuracy: 0.340602
EPOCH 131:
VALIDATION
valid epoch balanced_accuracy: 0.399263
EPOCH 132:
VALIDATION
valid epoch balanced_accuracy: 0.185504
EPOCH 133:
VALIDATION
valid epoch balanced_accuracy: 0.251536
EPOCH 134:
VALIDATION
valid epoch balanced_accuracy: 0.342445
EPOCH 135:
VALIDATION
valid epoch balanced_accuracy: 0.208231
EPOCH 136:
VALIDATION
valid epoch balanced_accuracy: 0.308354
EPOCH 137:
VALIDATION
valid epoch balanced_accuracy: 0.217445
EPOCH 138:
VALIDATION
valid epoch balanced_accuracy: 0.240172
EPOCH 139:
VALIDATION
valid epoch balanced_accuracy: 0.342445
EPOCH 140:
VALIDATION
valid epoch balanced_accuracy: 0.285627
EPOCH 141:
VALIDATION
valid epoch balanced_accuracy: 0.296990
EPOCH 142:
VALIDATION
valid epoch balanced_accuracy: 0.240172
EPOCH 143:
VALIDATION
valid epoch balanced_accuracy: 0.331081
EPOCH 144:
VALIDATION
valid epoch balanced_accuracy: 0.242322
EPOCH 145:
VALIDATION
valid epoch balanced_accuracy: 0.342445
EPOCH 146:
VALIDATION
valid epoch balanced_accuracy: 0.431204
EPOCH 147:
VALIDATION
valid epoch balanced_accuracy: 0.262899
EPOCH 148:
VALIDATION
valid epoch balanced_accuracy: 0.296990
EPOCH 149:
VALIDATION
valid epoch balanced_accuracy: 0.287776
EPOCH 150:
VALIDATION
valid epoch balanced_accuracy: 0.287776
accuracy: 0.283951
sensitivity: 0.045455
precision: 0.111111
specificity: 0.567568
IoU: 0.033333
FAR: 0.432432
F1: 0.064516
balanced_accuracy: 0.306511
loss: 2.040334
