
number of parameters : 1279114
/home/kalinina/ltp/DL_project/dataloader/New_dataloader.py:333: UserWarning: The given NumPy array is not writable, and PyTorch does not support non-writable tensors. This means writing to this tensor will result in undefined behavior. You may want to copy the array to protect its data or make it writable before converting it to a tensor. This type of warning will be suppressed for the rest of this program. (Triggered internally at /pytorch/torch/csrc/utils/tensor_numpy.cpp:213.)
  self.train_orig_indexes = torch.as_tensor(self.csvtrain["_tanimoto_orig_idx"].values, dtype=torch.long)
train : (1350, 12)
valid : (81, 12)
test : (81, 12)
class weights : [1.0, 1.0]
balanced batches : 85 per epoch covering all 1350 train rows, target 8 positive + 8 unlabeled
cache warmed : 35 proteins, 409 lipid encodings, 0 lipid graphs, 131 MiB
data extracted
EPOCH 1:
VALIDATION
valid epoch balanced_accuracy: 0.089045
EPOCH 2:
VALIDATION
valid epoch balanced_accuracy: 0.194308
EPOCH 3:
VALIDATION
valid epoch balanced_accuracy: 0.205936
EPOCH 4:
VALIDATION
valid epoch balanced_accuracy: 0.339045
EPOCH 5:
VALIDATION
valid epoch balanced_accuracy: 0.112301
EPOCH 6:
VALIDATION
valid epoch balanced_accuracy: 0.273256
EPOCH 7:
VALIDATION
valid epoch balanced_accuracy: 0.194308
EPOCH 8:
VALIDATION
valid epoch balanced_accuracy: 0.260098
EPOCH 9:
VALIDATION
valid epoch balanced_accuracy: 0.205936
EPOCH 10:
VALIDATION
valid epoch balanced_accuracy: 0.312729
EPOCH 11:
VALIDATION
valid epoch balanced_accuracy: 0.141677
EPOCH 12:
VALIDATION
valid epoch balanced_accuracy: 0.286414
EPOCH 13:
VALIDATION
valid epoch balanced_accuracy: 0.352203
EPOCH 14:
VALIDATION
valid epoch balanced_accuracy: 0.352203
EPOCH 15:
VALIDATION
valid epoch balanced_accuracy: 0.339045
EPOCH 16:
VALIDATION
valid epoch balanced_accuracy: 0.365361
EPOCH 17:
VALIDATION
valid epoch balanced_accuracy: 0.339045
EPOCH 18:
VALIDATION
valid epoch balanced_accuracy: 0.339045
EPOCH 19:
VALIDATION
valid epoch balanced_accuracy: 0.325887
EPOCH 20:
VALIDATION
valid epoch balanced_accuracy: 0.339045
EPOCH 21:
VALIDATION
valid epoch balanced_accuracy: 0.339045
EPOCH 22:
VALIDATION
valid epoch balanced_accuracy: 0.352203
EPOCH 23:
VALIDATION
valid epoch balanced_accuracy: 0.365361
EPOCH 24:
VALIDATION
valid epoch balanced_accuracy: 0.365361
EPOCH 25:
VALIDATION
valid epoch balanced_accuracy: 0.339045
EPOCH 26:
VALIDATION
valid epoch balanced_accuracy: 0.352203
EPOCH 27:
VALIDATION
valid epoch balanced_accuracy: 0.325887
EPOCH 28:
VALIDATION
valid epoch balanced_accuracy: 0.339045
EPOCH 29:
VALIDATION
valid epoch balanced_accuracy: 0.339045
EPOCH 30:
VALIDATION
valid epoch balanced_accuracy: 0.339045
EPOCH 31:
VALIDATION
valid epoch balanced_accuracy: 0.352203
EPOCH 32:
VALIDATION
valid epoch balanced_accuracy: 0.352203
EPOCH 33:
VALIDATION
valid epoch balanced_accuracy: 0.352203
EPOCH 34:
VALIDATION
valid epoch balanced_accuracy: 0.352203
EPOCH 35:
VALIDATION
valid epoch balanced_accuracy: 0.352203
EPOCH 36:
VALIDATION
valid epoch balanced_accuracy: 0.365361
EPOCH 37:
VALIDATION
valid epoch balanced_accuracy: 0.339045
EPOCH 38:
VALIDATION
valid epoch balanced_accuracy: 0.339045
EPOCH 39:
VALIDATION
valid epoch balanced_accuracy: 0.339045
EPOCH 40:
VALIDATION
valid epoch balanced_accuracy: 0.339045
EPOCH 41:
VALIDATION
valid epoch balanced_accuracy: 0.352203
EPOCH 42:
VALIDATION
valid epoch balanced_accuracy: 0.352203
EPOCH 43:
VALIDATION
valid epoch balanced_accuracy: 0.391677
EPOCH 44:
VALIDATION
valid epoch balanced_accuracy: 0.339045
EPOCH 45:
VALIDATION
valid epoch balanced_accuracy: 0.339045
EPOCH 46:
VALIDATION
valid epoch balanced_accuracy: 0.352203
EPOCH 47:
VALIDATION
valid epoch balanced_accuracy: 0.339045
EPOCH 48:
VALIDATION
valid epoch balanced_accuracy: 0.339045
EPOCH 49:
VALIDATION
valid epoch balanced_accuracy: 0.339045
EPOCH 50:
VALIDATION
valid epoch balanced_accuracy: 0.352203
EPOCH 51:
VALIDATION
valid epoch balanced_accuracy: 0.339045
EPOCH 52:
VALIDATION
valid epoch balanced_accuracy: 0.352203
EPOCH 53:
VALIDATION
valid epoch balanced_accuracy: 0.339045
EPOCH 54:
VALIDATION
valid epoch balanced_accuracy: 0.299572
EPOCH 55:
VALIDATION
valid epoch balanced_accuracy: 0.339045
EPOCH 56:
VALIDATION
valid epoch balanced_accuracy: 0.352203
EPOCH 57:
VALIDATION
valid epoch balanced_accuracy: 0.352203
EPOCH 58:
VALIDATION
valid epoch balanced_accuracy: 0.339045
EPOCH 59:
VALIDATION
valid epoch balanced_accuracy: 0.352203
EPOCH 60:
VALIDATION
valid epoch balanced_accuracy: 0.352203
EPOCH 61:
VALIDATION
valid epoch balanced_accuracy: 0.339045
EPOCH 62:
VALIDATION
valid epoch balanced_accuracy: 0.339045
EPOCH 63:
VALIDATION
valid epoch balanced_accuracy: 0.352203
EPOCH 64:
VALIDATION
valid epoch balanced_accuracy: 0.339045
EPOCH 65:
VALIDATION
valid epoch balanced_accuracy: 0.339045
EPOCH 66:
VALIDATION
valid epoch balanced_accuracy: 0.339045
EPOCH 67:
VALIDATION
valid epoch balanced_accuracy: 0.352203
EPOCH 68:
VALIDATION
valid epoch balanced_accuracy: 0.339045
EPOCH 69:
VALIDATION
valid epoch balanced_accuracy: 0.352203
EPOCH 70:
VALIDATION
valid epoch balanced_accuracy: 0.352203
EPOCH 71:
VALIDATION
valid epoch balanced_accuracy: 0.352203
EPOCH 72:
VALIDATION
valid epoch balanced_accuracy: 0.352203
EPOCH 73:
VALIDATION
valid epoch balanced_accuracy: 0.339045
EPOCH 74:
VALIDATION
valid epoch balanced_accuracy: 0.339045
EPOCH 75:
VALIDATION
valid epoch balanced_accuracy: 0.352203
EPOCH 76:
VALIDATION
valid epoch balanced_accuracy: 0.352203
EPOCH 77:
VALIDATION
valid epoch balanced_accuracy: 0.339045
EPOCH 78:
VALIDATION
valid epoch balanced_accuracy: 0.339045
EPOCH 79:
VALIDATION
valid epoch balanced_accuracy: 0.352203
EPOCH 80:
VALIDATION
valid epoch balanced_accuracy: 0.339045
EPOCH 81:
VALIDATION
valid epoch balanced_accuracy: 0.365361
EPOCH 82:
VALIDATION
valid epoch balanced_accuracy: 0.339045
EPOCH 83:
VALIDATION
valid epoch balanced_accuracy: 0.352203
EPOCH 84:
VALIDATION
valid epoch balanced_accuracy: 0.352203
EPOCH 85:
VALIDATION
valid epoch balanced_accuracy: 0.352203
EPOCH 86:
VALIDATION
valid epoch balanced_accuracy: 0.352203
EPOCH 87:
VALIDATION
valid epoch balanced_accuracy: 0.365361
EPOCH 88:
VALIDATION
valid epoch balanced_accuracy: 0.352203
EPOCH 89:
VALIDATION
valid epoch balanced_accuracy: 0.352203
EPOCH 90:
VALIDATION
valid epoch balanced_accuracy: 0.352203
EPOCH 91:
VALIDATION
valid epoch balanced_accuracy: 0.352203
EPOCH 92:
VALIDATION
valid epoch balanced_accuracy: 0.339045
EPOCH 93:
VALIDATION
valid epoch balanced_accuracy: 0.339045
EPOCH 94:
