Waiting for exclusive access to GPU GPU-14ea7289-7392-91df-257f-8c8994d0d8b8.
=== GROUP: CRAL-TRIO | VARIANT: single_gat_layer | SEED: 1 | FINAL_DROPOUT: 0.0 | WEIGHT_DECAY: 1e-5 | GPU: Tesla V100-SXM2-32GB ===

number of parameters : 1075406
train : (970, 12)
valid : (180, 12)
test : (181, 12)
class weights : [1.1602870225906372, 0.8786231875419617]
data extracted
EPOCH 1:
VALIDATION
valid epoch balanced_accuracy: 0.572381
EPOCH 2:
VALIDATION
valid epoch balanced_accuracy: 0.618095
EPOCH 3:
VALIDATION
valid epoch balanced_accuracy: 0.518095
EPOCH 4:
VALIDATION
valid epoch balanced_accuracy: 0.520000
EPOCH 5:
VALIDATION
valid epoch balanced_accuracy: 0.517143
EPOCH 6:
VALIDATION
valid epoch balanced_accuracy: 0.540000
EPOCH 7:
VALIDATION
valid epoch balanced_accuracy: 0.541905
EPOCH 8:
VALIDATION
valid epoch balanced_accuracy: 0.453333
EPOCH 9:
VALIDATION
valid epoch balanced_accuracy: 0.581905
EPOCH 10:
VALIDATION
valid epoch balanced_accuracy: 0.434286
EPOCH 11:
VALIDATION
valid epoch balanced_accuracy: 0.466667
EPOCH 12:
VALIDATION
valid epoch balanced_accuracy: 0.619048
EPOCH 13:
VALIDATION
valid epoch balanced_accuracy: 0.335238
EPOCH 14:
VALIDATION
valid epoch balanced_accuracy: 0.523810
EPOCH 15:
VALIDATION
valid epoch balanced_accuracy: 0.376190
EPOCH 16:
VALIDATION
valid epoch balanced_accuracy: 0.386667
EPOCH 17:
VALIDATION
valid epoch balanced_accuracy: 0.380952
EPOCH 18:
VALIDATION
valid epoch balanced_accuracy: 0.393333
EPOCH 19:
VALIDATION
valid epoch balanced_accuracy: 0.357143
EPOCH 20:
VALIDATION
valid epoch balanced_accuracy: 0.382857
EPOCH 21:
VALIDATION
valid epoch balanced_accuracy: 0.346667
EPOCH 22:
VALIDATION
valid epoch balanced_accuracy: 0.455238
EPOCH 23:
VALIDATION
valid epoch balanced_accuracy: 0.431429
EPOCH 24:
VALIDATION
valid epoch balanced_accuracy: 0.403810
EPOCH 25:
VALIDATION
valid epoch balanced_accuracy: 0.380952
EPOCH 26:
VALIDATION
valid epoch balanced_accuracy: 0.379048
EPOCH 27:
VALIDATION
valid epoch balanced_accuracy: 0.369524
EPOCH 28:
VALIDATION
valid epoch balanced_accuracy: 0.397143
EPOCH 29:
VALIDATION
valid epoch balanced_accuracy: 0.388571
EPOCH 30:
VALIDATION
valid epoch balanced_accuracy: 0.455238
EPOCH 31:
VALIDATION
valid epoch balanced_accuracy: 0.347619
EPOCH 32:
VALIDATION
valid epoch balanced_accuracy: 0.394286
EPOCH 33:
VALIDATION
valid epoch balanced_accuracy: 0.340952
EPOCH 34:
VALIDATION
valid epoch balanced_accuracy: 0.396190
EPOCH 35:
VALIDATION
valid epoch balanced_accuracy: 0.360952
EPOCH 36:
VALIDATION
valid epoch balanced_accuracy: 0.357143
EPOCH 37:
VALIDATION
valid epoch balanced_accuracy: 0.294286
EPOCH 38:
VALIDATION
valid epoch balanced_accuracy: 0.354286
EPOCH 39:
VALIDATION
valid epoch balanced_accuracy: 0.386667
EPOCH 40:
VALIDATION
valid epoch balanced_accuracy: 0.413333
EPOCH 41:
VALIDATION
valid epoch balanced_accuracy: 0.375238
EPOCH 42:
VALIDATION
valid epoch balanced_accuracy: 0.403810
EPOCH 43:
VALIDATION
valid epoch balanced_accuracy: 0.348571
EPOCH 44:
VALIDATION
valid epoch balanced_accuracy: 0.387619
EPOCH 45:
VALIDATION
valid epoch balanced_accuracy: 0.409524
EPOCH 46:
VALIDATION
valid epoch balanced_accuracy: 0.336190
EPOCH 47:
VALIDATION
valid epoch balanced_accuracy: 0.374286
EPOCH 48:
VALIDATION
valid epoch balanced_accuracy: 0.380000
EPOCH 49:
VALIDATION
valid epoch balanced_accuracy: 0.560952
EPOCH 50:
VALIDATION
valid epoch balanced_accuracy: 0.388571
EPOCH 51:
VALIDATION
valid epoch balanced_accuracy: 0.415238
EPOCH 52:
VALIDATION
valid epoch balanced_accuracy: 0.458095
EPOCH 53:
VALIDATION
valid epoch balanced_accuracy: 0.461905
EPOCH 54:
VALIDATION
valid epoch balanced_accuracy: 0.434286
EPOCH 55:
VALIDATION
valid epoch balanced_accuracy: 0.383810
EPOCH 56:
VALIDATION
valid epoch balanced_accuracy: 0.443810
EPOCH 57:
VALIDATION
valid epoch balanced_accuracy: 0.387619
EPOCH 58:
VALIDATION
valid epoch balanced_accuracy: 0.412381
EPOCH 59:
VALIDATION
valid epoch balanced_accuracy: 0.394286
EPOCH 60:
VALIDATION
valid epoch balanced_accuracy: 0.336190
EPOCH 61:
VALIDATION
valid epoch balanced_accuracy: 0.371429
EPOCH 62:
VALIDATION
valid epoch balanced_accuracy: 0.378095
EARLY STOPPING: rolling validation balanced accuracy did not improve for 60 epochs and validation loss increased over the same window.
accuracy: 0.591160
sensitivity: 0.868687
precision: 0.585034
specificity: 0.256098
IoU: 0.537500
FAR: 0.743902
F1: 0.699187
balanced_accuracy: 0.562392
loss: 0.683455
