
number of parameters : 1403982
train : (1220, 12)
valid : (56, 12)
test : (55, 12)
class weights : [1.1531190872192383, 0.8827785849571228]
data extracted
EPOCH 1:
VALIDATION
valid epoch balanced_accuracy: 0.500000
EPOCH 2:
VALIDATION
valid epoch balanced_accuracy: 0.633333
EPOCH 3:
VALIDATION
valid epoch balanced_accuracy: 0.671429
EPOCH 4:
VALIDATION
valid epoch balanced_accuracy: 0.500000
EPOCH 5:
VALIDATION
valid epoch balanced_accuracy: 0.647619
EPOCH 6:
VALIDATION
valid epoch balanced_accuracy: 0.623810
EPOCH 7:
VALIDATION
valid epoch balanced_accuracy: 0.642857
EPOCH 8:
VALIDATION
valid epoch balanced_accuracy: 0.604762
EPOCH 9:
VALIDATION
valid epoch balanced_accuracy: 0.638095
EPOCH 10:
VALIDATION
valid epoch balanced_accuracy: 0.590476
EPOCH 11:
VALIDATION
valid epoch balanced_accuracy: 0.576190
EPOCH 12:
VALIDATION
valid epoch balanced_accuracy: 0.633333
EPOCH 13:
VALIDATION
valid epoch balanced_accuracy: 0.661905
EPOCH 14:
VALIDATION
valid epoch balanced_accuracy: 0.500000
EPOCH 15:
VALIDATION
valid epoch balanced_accuracy: 0.690476
EPOCH 16:
VALIDATION
valid epoch balanced_accuracy: 0.666667
EPOCH 17:
VALIDATION
valid epoch balanced_accuracy: 0.685714
EPOCH 18:
VALIDATION
valid epoch balanced_accuracy: 0.519048
EPOCH 19:
VALIDATION
valid epoch balanced_accuracy: 0.557143
EPOCH 20:
VALIDATION
valid epoch balanced_accuracy: 0.685714
EPOCH 21:
VALIDATION
valid epoch balanced_accuracy: 0.685714
EPOCH 22:
VALIDATION
valid epoch balanced_accuracy: 0.657143
EPOCH 23:
VALIDATION
valid epoch balanced_accuracy: 0.657143
EPOCH 24:
VALIDATION
valid epoch balanced_accuracy: 0.647619
EPOCH 25:
VALIDATION
valid epoch balanced_accuracy: 0.666667
EPOCH 26:
VALIDATION
valid epoch balanced_accuracy: 0.776190
EPOCH 27:
VALIDATION
valid epoch balanced_accuracy: 0.666667
EPOCH 28:
VALIDATION
valid epoch balanced_accuracy: 0.704762
EPOCH 29:
VALIDATION
valid epoch balanced_accuracy: 0.680952
EPOCH 30:
VALIDATION
valid epoch balanced_accuracy: 0.680952
EPOCH 31:
VALIDATION
valid epoch balanced_accuracy: 0.714286
EPOCH 32:
VALIDATION
valid epoch balanced_accuracy: 0.776190
EPOCH 33:
VALIDATION
valid epoch balanced_accuracy: 0.647619
EPOCH 34:
VALIDATION
valid epoch balanced_accuracy: 0.771429
EPOCH 35:
VALIDATION
valid epoch balanced_accuracy: 0.685714
EPOCH 36:
VALIDATION
valid epoch balanced_accuracy: 0.704762
EPOCH 37:
VALIDATION
valid epoch balanced_accuracy: 0.657143
EPOCH 38:
VALIDATION
valid epoch balanced_accuracy: 0.690476
EPOCH 39:
VALIDATION
valid epoch balanced_accuracy: 0.690476
EPOCH 40:
VALIDATION
valid epoch balanced_accuracy: 0.685714
EPOCH 41:
VALIDATION
valid epoch balanced_accuracy: 0.695238
EPOCH 42:
VALIDATION
valid epoch balanced_accuracy: 0.671429
EPOCH 43:
VALIDATION
valid epoch balanced_accuracy: 0.695238
EPOCH 44:
VALIDATION
valid epoch balanced_accuracy: 0.738095
EPOCH 45:
VALIDATION
valid epoch balanced_accuracy: 0.690476
EPOCH 46:
VALIDATION
valid epoch balanced_accuracy: 0.690476
EPOCH 47:
VALIDATION
valid epoch balanced_accuracy: 0.647619
EPOCH 48:
VALIDATION
valid epoch balanced_accuracy: 0.571429
EPOCH 49:
VALIDATION
valid epoch balanced_accuracy: 0.680952
EPOCH 50:
VALIDATION
valid epoch balanced_accuracy: 0.652381
EPOCH 51:
VALIDATION
valid epoch balanced_accuracy: 0.680952
EPOCH 52:
VALIDATION
valid epoch balanced_accuracy: 0.666667
EPOCH 53:
VALIDATION
valid epoch balanced_accuracy: 0.614286
EPOCH 54:
VALIDATION
valid epoch balanced_accuracy: 0.709524
EPOCH 55:
VALIDATION
valid epoch balanced_accuracy: 0.714286
EPOCH 56:
VALIDATION
valid epoch balanced_accuracy: 0.733333
EPOCH 57:
VALIDATION
valid epoch balanced_accuracy: 0.733333
EPOCH 58:
VALIDATION
valid epoch balanced_accuracy: 0.671429
EPOCH 59:
VALIDATION
valid epoch balanced_accuracy: 0.661905
EPOCH 60:
VALIDATION
valid epoch balanced_accuracy: 0.680952
EPOCH 61:
VALIDATION
valid epoch balanced_accuracy: 0.661905
EPOCH 62:
VALIDATION
valid epoch balanced_accuracy: 0.757143
EPOCH 63:
VALIDATION
valid epoch balanced_accuracy: 0.742857
EPOCH 64:
VALIDATION
valid epoch balanced_accuracy: 0.733333
EPOCH 65:
VALIDATION
valid epoch balanced_accuracy: 0.709524
EPOCH 66:
VALIDATION
valid epoch balanced_accuracy: 0.685714
EPOCH 67:
VALIDATION
valid epoch balanced_accuracy: 0.685714
EPOCH 68:
VALIDATION
valid epoch balanced_accuracy: 0.709524
EPOCH 69:
VALIDATION
valid epoch balanced_accuracy: 0.661905
EPOCH 70:
VALIDATION
valid epoch balanced_accuracy: 0.661905
EPOCH 71:
VALIDATION
valid epoch balanced_accuracy: 0.709524
EPOCH 72:
VALIDATION
valid epoch balanced_accuracy: 0.647619
EPOCH 73:
VALIDATION
valid epoch balanced_accuracy: 0.671429
EPOCH 74:
VALIDATION
valid epoch balanced_accuracy: 0.638095
EPOCH 75:
VALIDATION
valid epoch balanced_accuracy: 0.623810
EPOCH 76:
VALIDATION
valid epoch balanced_accuracy: 0.685714
EPOCH 77:
VALIDATION
valid epoch balanced_accuracy: 0.685714
EPOCH 78:
VALIDATION
valid epoch balanced_accuracy: 0.695238
EPOCH 79:
VALIDATION
valid epoch balanced_accuracy: 0.633333
EPOCH 80:
VALIDATION
valid epoch balanced_accuracy: 0.742857
EPOCH 81:
VALIDATION
valid epoch balanced_accuracy: 0.614286
EPOCH 82:
VALIDATION
valid epoch balanced_accuracy: 0.671429
EPOCH 83:
VALIDATION
valid epoch balanced_accuracy: 0.604762
EPOCH 84:
VALIDATION
valid epoch balanced_accuracy: 0.633333
EPOCH 85:
VALIDATION
valid epoch balanced_accuracy: 0.647619
EPOCH 86:
VALIDATION
valid epoch balanced_accuracy: 0.671429
EPOCH 87:
VALIDATION
valid epoch balanced_accuracy: 0.666667
EPOCH 88:
VALIDATION
valid epoch balanced_accuracy: 0.638095
EPOCH 89:
VALIDATION
valid epoch balanced_accuracy: 0.680952
EPOCH 90:
VALIDATION
valid epoch balanced_accuracy: 0.614286
EPOCH 91:
VALIDATION
valid epoch balanced_accuracy: 0.590476
EPOCH 92:
VALIDATION
valid epoch balanced_accuracy: 0.642857
EPOCH 93:
VALIDATION
valid epoch balanced_accuracy: 0.657143
EPOCH 94:
VALIDATION
valid epoch balanced_accuracy: 0.647619
EPOCH 95:
VALIDATION
valid epoch balanced_accuracy: 0.638095
EPOCH 96:
VALIDATION
valid epoch balanced_accuracy: 0.704762
EPOCH 97:
VALIDATION
valid epoch balanced_accuracy: 0.623810
EPOCH 98:
VALIDATION
valid epoch balanced_accuracy: 0.690476
EPOCH 99:
VALIDATION
valid epoch balanced_accuracy: 0.657143
EPOCH 100:
VALIDATION
valid epoch balanced_accuracy: 0.695238
EPOCH 101:
VALIDATION
valid epoch balanced_accuracy: 0.685714
EPOCH 102:
VALIDATION
valid epoch balanced_accuracy: 0.685714
EPOCH 103:
VALIDATION
valid epoch balanced_accuracy: 0.638095
EPOCH 104:
VALIDATION
valid epoch balanced_accuracy: 0.652381
EPOCH 105:
VALIDATION
valid epoch balanced_accuracy: 0.671429
EPOCH 106:
VALIDATION
valid epoch balanced_accuracy: 0.676190
EPOCH 107:
VALIDATION
valid epoch balanced_accuracy: 0.747619
EPOCH 108:
VALIDATION
valid epoch balanced_accuracy: 0.642857
EPOCH 109:
VALIDATION
valid epoch balanced_accuracy: 0.628571
EPOCH 110:
VALIDATION
valid epoch balanced_accuracy: 0.628571
EPOCH 111:
VALIDATION
valid epoch balanced_accuracy: 0.695238
EPOCH 112:
VALIDATION
valid epoch balanced_accuracy: 0.671429
EPOCH 113:
VALIDATION
valid epoch balanced_accuracy: 0.657143
EPOCH 114:
VALIDATION
valid epoch balanced_accuracy: 0.671429
EPOCH 115:
VALIDATION
valid epoch balanced_accuracy: 0.661905
EPOCH 116:
VALIDATION
valid epoch balanced_accuracy: 0.623810
EPOCH 117:
VALIDATION
valid epoch balanced_accuracy: 0.623810
EPOCH 118:
VALIDATION
valid epoch balanced_accuracy: 0.609524
EPOCH 119:
VALIDATION
valid epoch balanced_accuracy: 0.647619
EPOCH 120:
VALIDATION
valid epoch balanced_accuracy: 0.628571
EPOCH 121:
VALIDATION
valid epoch balanced_accuracy: 0.638095
EPOCH 122:
VALIDATION
valid epoch balanced_accuracy: 0.695238
EPOCH 123:
VALIDATION
valid epoch balanced_accuracy: 0.695238
EPOCH 124:
VALIDATION
valid epoch balanced_accuracy: 0.695238
EPOCH 125:
VALIDATION
valid epoch balanced_accuracy: 0.604762
EPOCH 126:
VALIDATION
valid epoch balanced_accuracy: 0.719048
EPOCH 127:
VALIDATION
valid epoch balanced_accuracy: 0.685714
EPOCH 128:
VALIDATION
valid epoch balanced_accuracy: 0.733333
EPOCH 129:
VALIDATION
valid epoch balanced_accuracy: 0.704762
EPOCH 130:
VALIDATION
valid epoch balanced_accuracy: 0.709524
EPOCH 131:
VALIDATION
valid epoch balanced_accuracy: 0.685714
EPOCH 132:
VALIDATION
valid epoch balanced_accuracy: 0.733333
EPOCH 133:
VALIDATION
valid epoch balanced_accuracy: 0.614286
EPOCH 134:
VALIDATION
valid epoch balanced_accuracy: 0.661905
EPOCH 135:
VALIDATION
valid epoch balanced_accuracy: 0.642857
EPOCH 136:
VALIDATION
valid epoch balanced_accuracy: 0.671429
EPOCH 137:
VALIDATION
valid epoch balanced_accuracy: 0.638095
EPOCH 138:
VALIDATION
valid epoch balanced_accuracy: 0.647619
EPOCH 139:
VALIDATION
valid epoch balanced_accuracy: 0.623810
EPOCH 140:
VALIDATION
valid epoch balanced_accuracy: 0.623810
EPOCH 141:
VALIDATION
valid epoch balanced_accuracy: 0.642857
EPOCH 142:
VALIDATION
valid epoch balanced_accuracy: 0.600000
EPOCH 143:
VALIDATION
valid epoch balanced_accuracy: 0.647619
EPOCH 144:
VALIDATION
valid epoch balanced_accuracy: 0.671429
EPOCH 145:
VALIDATION
valid epoch balanced_accuracy: 0.676190
EPOCH 146:
VALIDATION
valid epoch balanced_accuracy: 0.704762
EPOCH 147:
VALIDATION
valid epoch balanced_accuracy: 0.657143
EPOCH 148:
VALIDATION
valid epoch balanced_accuracy: 0.719048
EPOCH 149:
VALIDATION
valid epoch balanced_accuracy: 0.719048
EPOCH 150:
VALIDATION
valid epoch balanced_accuracy: 0.719048
accuracy: 0.654545
sensitivity: 0.533333
precision: 0.761905
specificity: 0.800000
IoU: 0.457143
FAR: 0.200000
F1: 0.627451
balanced_accuracy: 0.666667
loss: 1.902669
