
number of parameters : 757256
train : (1221, 12)
valid : (55, 12)
test : (55, 12)
class weights : [1.1181318759918213, 0.9044444561004639]
data extracted
EPOCH 1:
VALIDATION
valid epoch balanced_accuracy: 0.374542
EPOCH 2:
VALIDATION
valid epoch balanced_accuracy: 0.136447
EPOCH 3:
VALIDATION
valid epoch balanced_accuracy: 0.213370
EPOCH 4:
VALIDATION
valid epoch balanced_accuracy: 0.174908
EPOCH 5:
VALIDATION
valid epoch balanced_accuracy: 0.251832
EPOCH 6:
VALIDATION
valid epoch balanced_accuracy: 0.213370
EPOCH 7:
VALIDATION
valid epoch balanced_accuracy: 0.174908
EPOCH 8:
VALIDATION
valid epoch balanced_accuracy: 0.343407
EPOCH 9:
VALIDATION
valid epoch balanced_accuracy: 0.405678
EPOCH 10:
VALIDATION
valid epoch balanced_accuracy: 0.381868
EPOCH 11:
VALIDATION
valid epoch balanced_accuracy: 0.213370
EPOCH 12:
VALIDATION
valid epoch balanced_accuracy: 0.446886
EPOCH 13:
VALIDATION
valid epoch balanced_accuracy: 0.408425
EPOCH 14:
VALIDATION
valid epoch balanced_accuracy: 0.369963
EPOCH 15:
VALIDATION
valid epoch balanced_accuracy: 0.381868
EPOCH 16:
VALIDATION
valid epoch balanced_accuracy: 0.446886
EPOCH 17:
VALIDATION
valid epoch balanced_accuracy: 0.304945
EPOCH 18:
VALIDATION
valid epoch balanced_accuracy: 0.381868
EPOCH 19:
VALIDATION
valid epoch balanced_accuracy: 0.446886
EPOCH 20:
VALIDATION
valid epoch balanced_accuracy: 0.446886
EPOCH 21:
VALIDATION
valid epoch balanced_accuracy: 0.446886
EPOCH 22:
VALIDATION
valid epoch balanced_accuracy: 0.446886
EPOCH 23:
VALIDATION
valid epoch balanced_accuracy: 0.423077
EPOCH 24:
VALIDATION
valid epoch balanced_accuracy: 0.408425
EPOCH 25:
VALIDATION
valid epoch balanced_accuracy: 0.369963
EPOCH 26:
VALIDATION
valid epoch balanced_accuracy: 0.369963
EPOCH 27:
VALIDATION
valid epoch balanced_accuracy: 0.358059
EPOCH 28:
VALIDATION
valid epoch balanced_accuracy: 0.369963
EPOCH 29:
VALIDATION
valid epoch balanced_accuracy: 0.408425
EPOCH 30:
VALIDATION
valid epoch balanced_accuracy: 0.369963
EPOCH 31:
VALIDATION
valid epoch balanced_accuracy: 0.369963
EPOCH 32:
VALIDATION
valid epoch balanced_accuracy: 0.408425
EPOCH 33:
VALIDATION
valid epoch balanced_accuracy: 0.446886
EPOCH 34:
VALIDATION
valid epoch balanced_accuracy: 0.434982
EPOCH 35:
VALIDATION
valid epoch balanced_accuracy: 0.446886
EPOCH 36:
VALIDATION
valid epoch balanced_accuracy: 0.369963
EPOCH 37:
VALIDATION
valid epoch balanced_accuracy: 0.446886
EPOCH 38:
VALIDATION
valid epoch balanced_accuracy: 0.381868
EPOCH 39:
VALIDATION
valid epoch balanced_accuracy: 0.446886
EPOCH 40:
VALIDATION
valid epoch balanced_accuracy: 0.446886
EPOCH 41:
VALIDATION
valid epoch balanced_accuracy: 0.358059
EPOCH 42:
VALIDATION
valid epoch balanced_accuracy: 0.408425
EPOCH 43:
VALIDATION
valid epoch balanced_accuracy: 0.420330
EPOCH 44:
VALIDATION
valid epoch balanced_accuracy: 0.408425
EPOCH 45:
VALIDATION
valid epoch balanced_accuracy: 0.369963
EPOCH 46:
VALIDATION
valid epoch balanced_accuracy: 0.446886
EPOCH 47:
VALIDATION
valid epoch balanced_accuracy: 0.369963
EPOCH 48:
VALIDATION
valid epoch balanced_accuracy: 0.369963
EPOCH 49:
VALIDATION
valid epoch balanced_accuracy: 0.446886
EPOCH 50:
VALIDATION
valid epoch balanced_accuracy: 0.408425
EPOCH 51:
