=== GROUP: IP_trans | VARIANT: bbp_fa_nps3mlp_dpt01_wd0001_gm_plm64_hid64_GRL_dp_rmpft_dann_rmpft | SEED: 0 | GPU: NVIDIA H100 | SLOT: 1 ===

number of parameters : 1296796
train : (1382, 12)
valid : (65, 12)
test : (65, 12)
class weights : [1.0, 1.0]
balanced batches : 87 per epoch covering all 1382 train rows, target 8 positive + 8 unlabeled
cache warmed : 35 proteins, 409 lipid encodings, 0 lipid graphs, 131 MiB
data extracted
EPOCH 1:
VALIDATION
valid epoch balanced_accuracy: 0.621429
EPOCH 2:
VALIDATION
valid epoch balanced_accuracy: 0.702381
EPOCH 3:
VALIDATION
valid epoch balanced_accuracy: 0.659524
EPOCH 4:
VALIDATION
valid epoch balanced_accuracy: 0.714286
EPOCH 5:
VALIDATION
valid epoch balanced_accuracy: 0.626190
EPOCH 6:
VALIDATION
valid epoch balanced_accuracy: 0.623810
EPOCH 7:
VALIDATION
valid epoch balanced_accuracy: 0.647619
EPOCH 8:
VALIDATION
valid epoch balanced_accuracy: 0.638095
EPOCH 9:
VALIDATION
valid epoch balanced_accuracy: 0.638095
EPOCH 10:
VALIDATION
valid epoch balanced_accuracy: 0.619048
EPOCH 11:
VALIDATION
valid epoch balanced_accuracy: 0.671429
EPOCH 12:
VALIDATION
valid epoch balanced_accuracy: 0.716667
EPOCH 13:
VALIDATION
valid epoch balanced_accuracy: 0.635714
EPOCH 14:
VALIDATION
valid epoch balanced_accuracy: 0.595238
EPOCH 15:
VALIDATION
valid epoch balanced_accuracy: 0.426190
EPOCH 16:
VALIDATION
valid epoch balanced_accuracy: 0.673810
EPOCH 17:
VALIDATION
valid epoch balanced_accuracy: 0.576190
EPOCH 18:
VALIDATION
valid epoch balanced_accuracy: 0.695238
EPOCH 19:
VALIDATION
valid epoch balanced_accuracy: 0.702381
EPOCH 20:
VALIDATION
valid epoch balanced_accuracy: 0.466667
EPOCH 21:
VALIDATION
valid epoch balanced_accuracy: 0.480952
EPOCH 22:
VALIDATION
valid epoch balanced_accuracy: 0.454762
EPOCH 23:
VALIDATION
valid epoch balanced_accuracy: 0.583333
EPOCH 24:
VALIDATION
valid epoch balanced_accuracy: 0.500000
EPOCH 25:
VALIDATION
valid epoch balanced_accuracy: 0.476190
EPOCH 26:
VALIDATION
valid epoch balanced_accuracy: 0.466667
EPOCH 27:
VALIDATION
valid epoch balanced_accuracy: 0.585714
EPOCH 28:
VALIDATION
valid epoch balanced_accuracy: 0.497619
EPOCH 29:
VALIDATION
valid epoch balanced_accuracy: 0.583333
EPOCH 30:
VALIDATION
valid epoch balanced_accuracy: 0.500000
EPOCH 31:
VALIDATION
valid epoch balanced_accuracy: 0.507143
EPOCH 32:
VALIDATION
valid epoch balanced_accuracy: 0.500000
EPOCH 33:
VALIDATION
valid epoch balanced_accuracy: 0.578571
EPOCH 34:
VALIDATION
valid epoch balanced_accuracy: 0.519048
EPOCH 35:
VALIDATION
valid epoch balanced_accuracy: 0.600000
EPOCH 36:
VALIDATION
valid epoch balanced_accuracy: 0.566667
EPOCH 37:
VALIDATION
valid epoch balanced_accuracy: 0.502381
EPOCH 38:
VALIDATION
valid epoch balanced_accuracy: 0.678571
EPOCH 39:
VALIDATION
valid epoch balanced_accuracy: 0.507143
EPOCH 40:
VALIDATION
valid epoch balanced_accuracy: 0.540476
EPOCH 41:
VALIDATION
valid epoch balanced_accuracy: 0.678571
EPOCH 42:
VALIDATION
valid epoch balanced_accuracy: 0.464286
EPOCH 43:
VALIDATION
valid epoch balanced_accuracy: 0.640476
EPOCH 44:
VALIDATION
valid epoch balanced_accuracy: 0.402381
EPOCH 45:
VALIDATION
valid epoch balanced_accuracy: 0.471429
EPOCH 46:
VALIDATION
valid epoch balanced_accuracy: 0.492857
EPOCH 47:
VALIDATION
valid epoch balanced_accuracy: 0.488095
EPOCH 48:
VALIDATION
valid epoch balanced_accuracy: 0.492857
EPOCH 49:
VALIDATION
valid epoch balanced_accuracy: 0.416667
EPOCH 50:
VALIDATION
valid epoch balanced_accuracy: 0.397619
EPOCH 51:
VALIDATION
valid epoch balanced_accuracy: 0.500000
EPOCH 52:
VALIDATION
valid epoch balanced_accuracy: 0.438095
EPOCH 53:
VALIDATION
valid epoch balanced_accuracy: 0.492857
EPOCH 54:
VALIDATION
valid epoch balanced_accuracy: 0.483333
EPOCH 55:
VALIDATION
valid epoch balanced_accuracy: 0.450000
EPOCH 56:
VALIDATION
valid epoch balanced_accuracy: 0.595238
EPOCH 57:
VALIDATION
valid epoch balanced_accuracy: 0.471429
EPOCH 58:
VALIDATION
valid epoch balanced_accuracy: 0.530952
EPOCH 59:
VALIDATION
valid epoch balanced_accuracy: 0.580952
EPOCH 60:
VALIDATION
valid epoch balanced_accuracy: 0.466667
EPOCH 61:
VALIDATION
valid epoch balanced_accuracy: 0.409524
EPOCH 62:
VALIDATION
valid epoch balanced_accuracy: 0.433333
EPOCH 63:
VALIDATION
valid epoch balanced_accuracy: 0.457143
EPOCH 64:
VALIDATION
valid epoch balanced_accuracy: 0.459524
EPOCH 65:
VALIDATION
valid epoch balanced_accuracy: 0.578571
EPOCH 66:
VALIDATION
valid epoch balanced_accuracy: 0.604762
EPOCH 67:
VALIDATION
valid epoch balanced_accuracy: 0.452381
EPOCH 68:
VALIDATION
valid epoch balanced_accuracy: 0.550000
EPOCH 69:
VALIDATION
valid epoch balanced_accuracy: 0.502381
EPOCH 70:
VALIDATION
valid epoch balanced_accuracy: 0.400000
EPOCH 71:
VALIDATION
valid epoch balanced_accuracy: 0.450000
EPOCH 72:
VALIDATION
valid epoch balanced_accuracy: 0.428571
EPOCH 73:
VALIDATION
valid epoch balanced_accuracy: 0.688095
EPOCH 74:
VALIDATION
valid epoch balanced_accuracy: 0.504762
EPOCH 75:
VALIDATION
valid epoch balanced_accuracy: 0.476190
EPOCH 76:
VALIDATION
valid epoch balanced_accuracy: 0.476190
EPOCH 77:
VALIDATION
valid epoch balanced_accuracy: 0.526190
EPOCH 78:
VALIDATION
valid epoch balanced_accuracy: 0.466667
EPOCH 79:
VALIDATION
valid epoch balanced_accuracy: 0.466667
EPOCH 80:
VALIDATION
valid epoch balanced_accuracy: 0.502381
EPOCH 81:
VALIDATION
valid epoch balanced_accuracy: 0.545238
EPOCH 82:
VALIDATION
valid epoch balanced_accuracy: 0.490476
EPOCH 83:
VALIDATION
valid epoch balanced_accuracy: 0.490476
EPOCH 84:
VALIDATION
valid epoch balanced_accuracy: 0.492857
EPOCH 85:
VALIDATION
valid epoch balanced_accuracy: 0.466667
EPOCH 86:
VALIDATION
valid epoch balanced_accuracy: 0.433333
EPOCH 87:
VALIDATION
valid epoch balanced_accuracy: 0.547619
EPOCH 88:
VALIDATION
valid epoch balanced_accuracy: 0.450000
EPOCH 89:
VALIDATION
valid epoch balanced_accuracy: 0.504762
EPOCH 90:
VALIDATION
valid epoch balanced_accuracy: 0.519048
EPOCH 91:
VALIDATION
valid epoch balanced_accuracy: 0.414286
EPOCH 92:
VALIDATION
valid epoch balanced_accuracy: 0.514286
EPOCH 93:
VALIDATION
valid epoch balanced_accuracy: 0.450000
EPOCH 94:
VALIDATION
valid epoch balanced_accuracy: 0.526190
EPOCH 95:
VALIDATION
valid epoch balanced_accuracy: 0.609524
EPOCH 96:
VALIDATION
valid epoch balanced_accuracy: 0.535714
EPOCH 97:
VALIDATION
valid epoch balanced_accuracy: 0.450000
EPOCH 98:
VALIDATION
valid epoch balanced_accuracy: 0.533333
EPOCH 99:
VALIDATION
valid epoch balanced_accuracy: 0.492857
EPOCH 100:
VALIDATION
valid epoch balanced_accuracy: 0.526190
EPOCH 101:
VALIDATION
valid epoch balanced_accuracy: 0.576190
EPOCH 102:
VALIDATION
valid epoch balanced_accuracy: 0.597619
EPOCH 103:
VALIDATION
valid epoch balanced_accuracy: 0.683333
EPOCH 104:
VALIDATION
valid epoch balanced_accuracy: 0.511905
EPOCH 105:
VALIDATION
valid epoch balanced_accuracy: 0.397619
EPOCH 106:
VALIDATION
valid epoch balanced_accuracy: 0.521429
EPOCH 107:
VALIDATION
valid epoch balanced_accuracy: 0.540476
EPOCH 108:
VALIDATION
valid epoch balanced_accuracy: 0.521429
EPOCH 109:
VALIDATION
valid epoch balanced_accuracy: 0.469048
EPOCH 110:
VALIDATION
valid epoch balanced_accuracy: 0.583333
EPOCH 111:
VALIDATION
valid epoch balanced_accuracy: 0.459524
EPOCH 112:
VALIDATION
valid epoch balanced_accuracy: 0.554762
EPOCH 113:
VALIDATION
valid epoch balanced_accuracy: 0.573810
EPOCH 114:
VALIDATION
valid epoch balanced_accuracy: 0.507143
EPOCH 115:
VALIDATION
valid epoch balanced_accuracy: 0.566667
EPOCH 116:
VALIDATION
valid epoch balanced_accuracy: 0.659524
EPOCH 117:
VALIDATION
valid epoch balanced_accuracy: 0.602381
EPOCH 118:
VALIDATION
valid epoch balanced_accuracy: 0.400000
EPOCH 119:
VALIDATION
valid epoch balanced_accuracy: 0.604762
EPOCH 120:
VALIDATION
valid epoch balanced_accuracy: 0.528571
EPOCH 121:
VALIDATION
valid epoch balanced_accuracy: 0.533333
EPOCH 122:
VALIDATION
valid epoch balanced_accuracy: 0.628571
EPOCH 123:
VALIDATION
valid epoch balanced_accuracy: 0.535714
EPOCH 124:
VALIDATION
valid epoch balanced_accuracy: 0.523810
EPOCH 125:
VALIDATION
valid epoch balanced_accuracy: 0.550000
EPOCH 126:
VALIDATION
valid epoch balanced_accuracy: 0.464286
EPOCH 127:
VALIDATION
valid epoch balanced_accuracy: 0.611905
EPOCH 128:
VALIDATION
valid epoch balanced_accuracy: 0.580952
EPOCH 129:
VALIDATION
valid epoch balanced_accuracy: 0.466667
EPOCH 130:
VALIDATION
valid epoch balanced_accuracy: 0.464286
EPOCH 131:
VALIDATION
valid epoch balanced_accuracy: 0.485714
EPOCH 132:
VALIDATION
valid epoch balanced_accuracy: 0.438095
EPOCH 133:
VALIDATION
valid epoch balanced_accuracy: 0.416667
EPOCH 134:
VALIDATION
valid epoch balanced_accuracy: 0.500000
EPOCH 135:
VALIDATION
valid epoch balanced_accuracy: 0.566667
EPOCH 136:
VALIDATION
valid epoch balanced_accuracy: 0.526190
EPOCH 137:
VALIDATION
valid epoch balanced_accuracy: 0.490476
EPOCH 138:
VALIDATION
valid epoch balanced_accuracy: 0.614286
EPOCH 139:
VALIDATION
valid epoch balanced_accuracy: 0.509524
EPOCH 140:
VALIDATION
valid epoch balanced_accuracy: 0.602381
EPOCH 141:
VALIDATION
valid epoch balanced_accuracy: 0.585714
EPOCH 142:
VALIDATION
valid epoch balanced_accuracy: 0.557143
EPOCH 143:
VALIDATION
valid epoch balanced_accuracy: 0.466667
EPOCH 144:
VALIDATION
valid epoch balanced_accuracy: 0.535714
EPOCH 145:
VALIDATION
valid epoch balanced_accuracy: 0.466667
EPOCH 146:
VALIDATION
valid epoch balanced_accuracy: 0.614286
EPOCH 147:
VALIDATION
valid epoch balanced_accuracy: 0.542857
EPOCH 148:
VALIDATION
valid epoch balanced_accuracy: 0.628571
EPOCH 149:
VALIDATION
valid epoch balanced_accuracy: 0.611905
EPOCH 150:
VALIDATION
valid epoch balanced_accuracy: 0.480952
accuracy: 0.661538
sensitivity: 0.633333
precision: 0.633333
specificity: 0.685714
IoU: 0.463415
FAR: 0.314286
F1: 0.633333
balanced_accuracy: 0.659524
loss: 0.631367
