=== GROUP: IP_trans | VARIANT: bbp_fa_nps3mlp_dpt01_wd0001_gm_plm64_hid64_GRL_dp_rmpft_dann_rmpft | SEED: 3 | GPU: NVIDIA H200 | SLOT: 2 ===

number of parameters : 1296796
train : (1382, 12)
valid : (65, 12)
test : (65, 12)
class weights : [1.0, 1.0]
balanced batches : 87 per epoch covering all 1382 train rows, target 8 positive + 8 unlabeled
cache warmed : 35 proteins, 409 lipid encodings, 0 lipid graphs, 131 MiB
data extracted
EPOCH 1:
VALIDATION
valid epoch balanced_accuracy: 0.715517
EPOCH 2:
VALIDATION
valid epoch balanced_accuracy: 0.753831
EPOCH 3:
VALIDATION
valid epoch balanced_accuracy: 0.701628
EPOCH 4:
VALIDATION
valid epoch balanced_accuracy: 0.747605
EPOCH 5:
VALIDATION
valid epoch balanced_accuracy: 0.753831
EPOCH 6:
VALIDATION
valid epoch balanced_accuracy: 0.726054
EPOCH 7:
VALIDATION
valid epoch balanced_accuracy: 0.736590
EPOCH 8:
VALIDATION
valid epoch balanced_accuracy: 0.687739
EPOCH 9:
VALIDATION
valid epoch balanced_accuracy: 0.678161
EPOCH 10:
VALIDATION
valid epoch balanced_accuracy: 0.577586
EPOCH 11:
VALIDATION
valid epoch balanced_accuracy: 0.538793
EPOCH 12:
VALIDATION
valid epoch balanced_accuracy: 0.691571
EPOCH 13:
VALIDATION
valid epoch balanced_accuracy: 0.650383
EPOCH 14:
VALIDATION
valid epoch balanced_accuracy: 0.680556
EPOCH 15:
VALIDATION
valid epoch balanced_accuracy: 0.563697
EPOCH 16:
VALIDATION
valid epoch balanced_accuracy: 0.440613
EPOCH 17:
VALIDATION
valid epoch balanced_accuracy: 0.436782
EPOCH 18:
VALIDATION
valid epoch balanced_accuracy: 0.750000
EPOCH 19:
VALIDATION
valid epoch balanced_accuracy: 0.587644
EPOCH 20:
VALIDATION
valid epoch balanced_accuracy: 0.491858
EPOCH 21:
VALIDATION
valid epoch balanced_accuracy: 0.650862
EPOCH 22:
VALIDATION
valid epoch balanced_accuracy: 0.619732
EPOCH 23:
VALIDATION
valid epoch balanced_accuracy: 0.640326
EPOCH 24:
VALIDATION
valid epoch balanced_accuracy: 0.567529
EPOCH 25:
VALIDATION
valid epoch balanced_accuracy: 0.605843
EPOCH 26:
VALIDATION
valid epoch balanced_accuracy: 0.457375
EPOCH 27:
VALIDATION
valid epoch balanced_accuracy: 0.702586
EPOCH 28:
VALIDATION
valid epoch balanced_accuracy: 0.584770
EPOCH 29:
VALIDATION
valid epoch balanced_accuracy: 0.595307
EPOCH 30:
VALIDATION
valid epoch balanced_accuracy: 0.564176
EPOCH 31:
VALIDATION
valid epoch balanced_accuracy: 0.515805
EPOCH 32:
VALIDATION
valid epoch balanced_accuracy: 0.633621
EPOCH 33:
VALIDATION
valid epoch balanced_accuracy: 0.616379
EPOCH 34:
VALIDATION
valid epoch balanced_accuracy: 0.630268
EPOCH 35:
VALIDATION
valid epoch balanced_accuracy: 0.623084
EPOCH 36:
VALIDATION
valid epoch balanced_accuracy: 0.630268
EPOCH 37:
VALIDATION
valid epoch balanced_accuracy: 0.561303
EPOCH 38:
VALIDATION
valid epoch balanced_accuracy: 0.613027
EPOCH 39:
VALIDATION
valid epoch balanced_accuracy: 0.623084
EPOCH 40:
VALIDATION
valid epoch balanced_accuracy: 0.547414
EPOCH 41:
VALIDATION
valid epoch balanced_accuracy: 0.485632
EPOCH 42:
VALIDATION
valid epoch balanced_accuracy: 0.613027
EPOCH 43:
VALIDATION
valid epoch balanced_accuracy: 0.561303
EPOCH 44:
VALIDATION
valid epoch balanced_accuracy: 0.630268
EPOCH 45:
VALIDATION
valid epoch balanced_accuracy: 0.664751
EPOCH 46:
VALIDATION
valid epoch balanced_accuracy: 0.544061
EPOCH 47:
VALIDATION
valid epoch balanced_accuracy: 0.647510
EPOCH 48:
VALIDATION
valid epoch balanced_accuracy: 0.664751
EPOCH 49:
VALIDATION
valid epoch balanced_accuracy: 0.537356
EPOCH 50:
VALIDATION
valid epoch balanced_accuracy: 0.668103
EPOCH 51:
VALIDATION
valid epoch balanced_accuracy: 0.636973
EPOCH 52:
VALIDATION
valid epoch balanced_accuracy: 0.595785
EPOCH 53:
VALIDATION
valid epoch balanced_accuracy: 0.509579
EPOCH 54:
VALIDATION
valid epoch balanced_accuracy: 0.561303
EPOCH 55:
VALIDATION
valid epoch balanced_accuracy: 0.475096
EPOCH 56:
VALIDATION
valid epoch balanced_accuracy: 0.633621
EPOCH 57:
VALIDATION
valid epoch balanced_accuracy: 0.605843
EPOCH 58:
VALIDATION
valid epoch balanced_accuracy: 0.454502
EPOCH 59:
VALIDATION
valid epoch balanced_accuracy: 0.440613
EPOCH 60:
VALIDATION
valid epoch balanced_accuracy: 0.440613
EPOCH 61:
VALIDATION
valid epoch balanced_accuracy: 0.595785
EPOCH 62:
VALIDATION
valid epoch balanced_accuracy: 0.544061
EPOCH 63:
VALIDATION
valid epoch balanced_accuracy: 0.540709
EPOCH 64:
VALIDATION
valid epoch balanced_accuracy: 0.619732
EPOCH 65:
VALIDATION
valid epoch balanced_accuracy: 0.698755
EPOCH 66:
VALIDATION
valid epoch balanced_accuracy: 0.461207
EPOCH 67:
VALIDATION
valid epoch balanced_accuracy: 0.613027
EPOCH 68:
VALIDATION
valid epoch balanced_accuracy: 0.478448
EPOCH 69:
VALIDATION
valid epoch balanced_accuracy: 0.492816
EPOCH 70:
VALIDATION
valid epoch balanced_accuracy: 0.616379
EPOCH 71:
VALIDATION
valid epoch balanced_accuracy: 0.619732
EPOCH 72:
VALIDATION
valid epoch balanced_accuracy: 0.568008
EPOCH 73:
VALIDATION
valid epoch balanced_accuracy: 0.550766
EPOCH 74:
VALIDATION
valid epoch balanced_accuracy: 0.616379
EPOCH 75:
VALIDATION
valid epoch balanced_accuracy: 0.616379
EPOCH 76:
VALIDATION
valid epoch balanced_accuracy: 0.461686
EPOCH 77:
VALIDATION
