
number of parameters : 1788102
train : (1112, 12)
valid : (200, 12)
test : (200, 12)
class weights : [1.0, 1.0]
balanced batches : 70 per epoch covering all 1112 train rows, target 8 positive + 8 unlabeled
data extracted
EPOCH 1:
VALIDATION
valid epoch balanced_accuracy: 0.477091
EPOCH 2:
VALIDATION
valid epoch balanced_accuracy: 0.488295
EPOCH 3:
VALIDATION
valid epoch balanced_accuracy: 0.651561
EPOCH 4:
VALIDATION
valid epoch balanced_accuracy: 0.639956
EPOCH 5:
VALIDATION
valid epoch balanced_accuracy: 0.645058
EPOCH 6:
VALIDATION
valid epoch balanced_accuracy: 0.704382
EPOCH 7:
VALIDATION
valid epoch balanced_accuracy: 0.634354
EPOCH 8:
VALIDATION
valid epoch balanced_accuracy: 0.612345
EPOCH 9:
VALIDATION
valid epoch balanced_accuracy: 0.657863
EPOCH 10:
VALIDATION
valid epoch balanced_accuracy: 0.574830
EPOCH 11:
VALIDATION
valid epoch balanced_accuracy: 0.558523
EPOCH 12:
VALIDATION
valid epoch balanced_accuracy: 0.710484
EPOCH 13:
VALIDATION
valid epoch balanced_accuracy: 0.534614
EPOCH 14:
VALIDATION
valid epoch balanced_accuracy: 0.499500
EPOCH 15:
VALIDATION
valid epoch balanced_accuracy: 0.503001
EPOCH 16:
VALIDATION
valid epoch balanced_accuracy: 0.588235
EPOCH 17:
VALIDATION
valid epoch balanced_accuracy: 0.582933
EPOCH 18:
VALIDATION
valid epoch balanced_accuracy: 0.480692
EPOCH 19:
VALIDATION
valid epoch balanced_accuracy: 0.499500
EPOCH 20:
VALIDATION
valid epoch balanced_accuracy: 0.606843
EPOCH 21:
VALIDATION
valid epoch balanced_accuracy: 0.550320
EPOCH 22:
VALIDATION
valid epoch balanced_accuracy: 0.606042
EPOCH 23:
VALIDATION
valid epoch balanced_accuracy: 0.545618
EPOCH 24:
VALIDATION
valid epoch balanced_accuracy: 0.570928
EPOCH 25:
VALIDATION
valid epoch balanced_accuracy: 0.562925
EPOCH 26:
VALIDATION
valid epoch balanced_accuracy: 0.649860
EPOCH 27:
VALIDATION
valid epoch balanced_accuracy: 0.604842
EPOCH 28:
VALIDATION
valid epoch balanced_accuracy: 0.575430
EPOCH 29:
VALIDATION
valid epoch balanced_accuracy: 0.489496
EPOCH 30:
VALIDATION
valid epoch balanced_accuracy: 0.539916
EPOCH 31:
VALIDATION
valid epoch balanced_accuracy: 0.598439
EPOCH 32:
VALIDATION
valid epoch balanced_accuracy: 0.550120
EPOCH 33:
VALIDATION
valid epoch balanced_accuracy: 0.529512
EPOCH 34:
VALIDATION
valid epoch balanced_accuracy: 0.630752
EPOCH 35:
VALIDATION
valid epoch balanced_accuracy: 0.673770
EPOCH 36:
VALIDATION
valid epoch balanced_accuracy: 0.700680
EPOCH 37:
VALIDATION
valid epoch balanced_accuracy: 0.651961
EPOCH 38:
VALIDATION
valid epoch balanced_accuracy: 0.621349
EPOCH 39:
VALIDATION
valid epoch balanced_accuracy: 0.459684
EPOCH 40:
VALIDATION
valid epoch balanced_accuracy: 0.581132
EPOCH 41:
VALIDATION
valid epoch balanced_accuracy: 0.494198
EPOCH 42:
VALIDATION
valid epoch balanced_accuracy: 0.646459
EPOCH 43:
VALIDATION
valid epoch balanced_accuracy: 0.648860
EPOCH 44:
VALIDATION
valid epoch balanced_accuracy: 0.505802
EPOCH 45:
VALIDATION
valid epoch balanced_accuracy: 0.683373
EPOCH 46:
VALIDATION
valid epoch balanced_accuracy: 0.560924
EPOCH 47:
VALIDATION
valid epoch balanced_accuracy: 0.583533
EPOCH 48:
VALIDATION
valid epoch balanced_accuracy: 0.566226
EPOCH 49:
VALIDATION
valid epoch balanced_accuracy: 0.611745
EPOCH 50:
VALIDATION
valid epoch balanced_accuracy: 0.493597
EPOCH 51:
VALIDATION
valid epoch balanced_accuracy: 0.616447
EPOCH 52:
VALIDATION
valid epoch balanced_accuracy: 0.523009
EPOCH 53:
VALIDATION
valid epoch balanced_accuracy: 0.523309
EPOCH 54:
VALIDATION
valid epoch balanced_accuracy: 0.652161
EPOCH 55:
VALIDATION
valid epoch balanced_accuracy: 0.536014
EPOCH 56:
VALIDATION
valid epoch balanced_accuracy: 0.566627
EPOCH 57:
VALIDATION
valid epoch balanced_accuracy: 0.631753
EPOCH 58:
VALIDATION
valid epoch balanced_accuracy: 0.547019
EPOCH 59:
VALIDATION
valid epoch balanced_accuracy: 0.530312
EPOCH 60:
VALIDATION
valid epoch balanced_accuracy: 0.630552
EPOCH 61:
VALIDATION
valid epoch balanced_accuracy: 0.561925
EPOCH 62:
VALIDATION
valid epoch balanced_accuracy: 0.520308
EPOCH 63:
VALIDATION
valid epoch balanced_accuracy: 0.626851
EPOCH 64:
VALIDATION
valid epoch balanced_accuracy: 0.562325
EPOCH 65:
VALIDATION
valid epoch balanced_accuracy: 0.627851
EPOCH 66:
VALIDATION
valid epoch balanced_accuracy: 0.674570
EPOCH 67:
VALIDATION
valid epoch balanced_accuracy: 0.612545
EPOCH 68:
VALIDATION
valid epoch balanced_accuracy: 0.581333
EPOCH 69:
VALIDATION
valid epoch balanced_accuracy: 0.499900
EPOCH 70:
VALIDATION
valid epoch balanced_accuracy: 0.483193
EPOCH 71:
VALIDATION
valid epoch balanced_accuracy: 0.520508
EPOCH 72:
VALIDATION
valid epoch balanced_accuracy: 0.536214
EPOCH 73:
VALIDATION
valid epoch balanced_accuracy: 0.591937
EPOCH 74:
VALIDATION
valid epoch balanced_accuracy: 0.565626
EPOCH 75:
VALIDATION
valid epoch balanced_accuracy: 0.479692
EPOCH 76:
VALIDATION
valid epoch balanced_accuracy: 0.473790
EPOCH 77:
VALIDATION
valid epoch balanced_accuracy: 0.529512
EPOCH 78:
VALIDATION
valid epoch balanced_accuracy: 0.621749
EPOCH 79:
VALIDATION
valid epoch balanced_accuracy: 0.591937
EPOCH 80:
VALIDATION
valid epoch balanced_accuracy: 0.549720
EPOCH 81:
VALIDATION
valid epoch balanced_accuracy: 0.493197
EPOCH 82:
VALIDATION
valid epoch balanced_accuracy: 0.541517
EPOCH 83:
VALIDATION
valid epoch balanced_accuracy: 0.607243
EPOCH 84:
VALIDATION
valid epoch balanced_accuracy: 0.606242
EPOCH 85:
VALIDATION
valid epoch balanced_accuracy: 0.607443
EPOCH 86:
VALIDATION
valid epoch balanced_accuracy: 0.483994
EPOCH 87:
VALIDATION
valid epoch balanced_accuracy: 0.571128
EPOCH 88:
VALIDATION
valid epoch balanced_accuracy: 0.472789
EPOCH 89:
VALIDATION
valid epoch balanced_accuracy: 0.520308
EPOCH 90:
VALIDATION
valid epoch balanced_accuracy: 0.535214
EPOCH 91:
VALIDATION
valid epoch balanced_accuracy: 0.577031
EPOCH 92:
VALIDATION
valid epoch balanced_accuracy: 0.496098
EPOCH 93:
VALIDATION
valid epoch balanced_accuracy: 0.556222
EPOCH 94:
VALIDATION
valid epoch balanced_accuracy: 0.630952
EPOCH 95:
VALIDATION
valid epoch balanced_accuracy: 0.616647
EPOCH 96:
VALIDATION
valid epoch balanced_accuracy: 0.571128
EPOCH 97:
VALIDATION
valid epoch balanced_accuracy: 0.525410
EPOCH 98:
VALIDATION
valid epoch balanced_accuracy: 0.538115
EPOCH 99:
VALIDATION
valid epoch balanced_accuracy: 0.585834
EPOCH 100:
VALIDATION
valid epoch balanced_accuracy: 0.413565
EPOCH 101:
VALIDATION
valid epoch balanced_accuracy: 0.521108
EPOCH 102:
VALIDATION
valid epoch balanced_accuracy: 0.485194
EPOCH 103:
VALIDATION
valid epoch balanced_accuracy: 0.483794
EPOCH 104:
VALIDATION
valid epoch balanced_accuracy: 0.509704
EPOCH 105:
VALIDATION
valid epoch balanced_accuracy: 0.494798
EPOCH 106:
VALIDATION
valid epoch balanced_accuracy: 0.489296
EPOCH 107:
VALIDATION
valid epoch balanced_accuracy: 0.510304
EPOCH 108:
VALIDATION
valid epoch balanced_accuracy: 0.489296
EPOCH 109:
VALIDATION
valid epoch balanced_accuracy: 0.499500
EPOCH 110:
VALIDATION
valid epoch balanced_accuracy: 0.494798
EPOCH 111:
VALIDATION
valid epoch balanced_accuracy: 0.560524
EPOCH 112:
VALIDATION
valid epoch balanced_accuracy: 0.601341
EPOCH 113:
VALIDATION
valid epoch balanced_accuracy: 0.561925
EPOCH 114:
VALIDATION
valid epoch balanced_accuracy: 0.551321
EPOCH 115:
VALIDATION
valid epoch balanced_accuracy: 0.576230
EPOCH 116:
VALIDATION
valid epoch balanced_accuracy: 0.560924
EPOCH 117:
VALIDATION
valid epoch balanced_accuracy: 0.571329
EPOCH 118:
VALIDATION
valid epoch balanced_accuracy: 0.576230
EPOCH 119:
VALIDATION
valid epoch balanced_accuracy: 0.540316
EPOCH 120:
VALIDATION
valid epoch balanced_accuracy: 0.530112
EPOCH 121:
VALIDATION
valid epoch balanced_accuracy: 0.510104
EPOCH 122:
VALIDATION
valid epoch balanced_accuracy: 0.504802
EPOCH 123:
VALIDATION
valid epoch balanced_accuracy: 0.443377
EPOCH 124:
VALIDATION
valid epoch balanced_accuracy: 0.578231
EPOCH 125:
VALIDATION
valid epoch balanced_accuracy: 0.658463
EPOCH 126:
VALIDATION
valid epoch balanced_accuracy: 0.650960
EPOCH 127:
VALIDATION
valid epoch balanced_accuracy: 0.657463
EPOCH 128:
VALIDATION
valid epoch balanced_accuracy: 0.629252
EPOCH 129:
VALIDATION
valid epoch balanced_accuracy: 0.622149
EPOCH 130:
VALIDATION
valid epoch balanced_accuracy: 0.628251
EPOCH 131:
VALIDATION
valid epoch balanced_accuracy: 0.586835
EPOCH 132:
VALIDATION
valid epoch balanced_accuracy: 0.586034
EPOCH 133:
VALIDATION
valid epoch balanced_accuracy: 0.513806
EPOCH 134:
VALIDATION
valid epoch balanced_accuracy: 0.684374
EPOCH 135:
VALIDATION
valid epoch balanced_accuracy: 0.539716
EPOCH 136:
VALIDATION
valid epoch balanced_accuracy: 0.565826
EPOCH 137:
VALIDATION
valid epoch balanced_accuracy: 0.468888
EPOCH 138:
VALIDATION
valid epoch balanced_accuracy: 0.479892
EPOCH 139:
VALIDATION
valid epoch balanced_accuracy: 0.474590
EPOCH 140:
VALIDATION
valid epoch balanced_accuracy: 0.489496
EPOCH 141:
VALIDATION
valid epoch balanced_accuracy: 0.489296
EPOCH 142:
VALIDATION
valid epoch balanced_accuracy: 0.546819
EPOCH 143:
VALIDATION
valid epoch balanced_accuracy: 0.509904
EPOCH 144:
VALIDATION
valid epoch balanced_accuracy: 0.499900
EPOCH 145:
VALIDATION
valid epoch balanced_accuracy: 0.515006
EPOCH 146:
VALIDATION
valid epoch balanced_accuracy: 0.556423
EPOCH 147:
VALIDATION
valid epoch balanced_accuracy: 0.560324
EPOCH 148:
VALIDATION
valid epoch balanced_accuracy: 0.492397
EPOCH 149:
VALIDATION
valid epoch balanced_accuracy: 0.685374
EPOCH 150:
VALIDATION
valid epoch balanced_accuracy: 0.595238
accuracy: 0.585000
sensitivity: 0.411765
precision: 0.646154
specificity: 0.765306
IoU: 0.336000
FAR: 0.234694
F1: 0.502994
balanced_accuracy: 0.588535
loss: 1.804452
