Waiting for exclusive access to GPU GPU-e9279e43-82fe-68a1-ec67-157a04867b17.
=== GROUP: CRAL-TRIO | VARIANT: bbp_nps3mlp_esmv2_dpt01_wd0001_gm_plm64_hid64 | SEED: 2 | GPU: NVIDIA H100 ===

number of parameters : 1542278
train : (1104, 12)
valid : (204, 12)
test : (204, 12)
class weights : [1.0, 1.0]
balanced batches : 69 per epoch covering all 1104 train rows, target 8 positive + 8 unlabeled
data extracted
EPOCH 1:
VALIDATION
valid epoch balanced_accuracy: 0.343867
EPOCH 2:
VALIDATION
valid epoch balanced_accuracy: 0.373016
EPOCH 3:
VALIDATION
valid epoch balanced_accuracy: 0.360750
EPOCH 4:
VALIDATION
valid epoch balanced_accuracy: 0.438817
EPOCH 5:
VALIDATION
valid epoch balanced_accuracy: 0.446032
EPOCH 6:
VALIDATION
valid epoch balanced_accuracy: 0.447186
EPOCH 7:
VALIDATION
valid epoch balanced_accuracy: 0.401443
EPOCH 8:
VALIDATION
valid epoch balanced_accuracy: 0.470851
EPOCH 9:
VALIDATION
valid epoch balanced_accuracy: 0.529726
EPOCH 10:
VALIDATION
valid epoch balanced_accuracy: 0.397258
EPOCH 11:
VALIDATION
valid epoch balanced_accuracy: 0.458874
EPOCH 12:
VALIDATION
valid epoch balanced_accuracy: 0.500433
EPOCH 13:
VALIDATION
valid epoch balanced_accuracy: 0.422222
EPOCH 14:
VALIDATION
valid epoch balanced_accuracy: 0.420202
EPOCH 15:
VALIDATION
valid epoch balanced_accuracy: 0.410390
EPOCH 16:
VALIDATION
valid epoch balanced_accuracy: 0.421645
EPOCH 17:
VALIDATION
valid epoch balanced_accuracy: 0.563925
EPOCH 18:
VALIDATION
valid epoch balanced_accuracy: 0.521068
EPOCH 19:
VALIDATION
valid epoch balanced_accuracy: 0.483261
EPOCH 20:
VALIDATION
valid epoch balanced_accuracy: 0.504329
EPOCH 21:
VALIDATION
valid epoch balanced_accuracy: 0.457576
EPOCH 22:
VALIDATION
valid epoch balanced_accuracy: 0.433478
EPOCH 23:
VALIDATION
valid epoch balanced_accuracy: 0.527850
EPOCH 24:
VALIDATION
valid epoch balanced_accuracy: 0.513853
EPOCH 25:
VALIDATION
valid epoch balanced_accuracy: 0.436508
EPOCH 26:
VALIDATION
valid epoch balanced_accuracy: 0.451082
EPOCH 27:
VALIDATION
valid epoch balanced_accuracy: 0.470707
EPOCH 28:
VALIDATION
valid epoch balanced_accuracy: 0.520779
EPOCH 29:
VALIDATION
valid epoch balanced_accuracy: 0.551082
EPOCH 30:
VALIDATION
valid epoch balanced_accuracy: 0.516595
EPOCH 31:
VALIDATION
valid epoch balanced_accuracy: 0.426118
EPOCH 32:
VALIDATION
valid epoch balanced_accuracy: 0.523088
EPOCH 33:
VALIDATION
valid epoch balanced_accuracy: 0.465657
EPOCH 34:
VALIDATION
valid epoch balanced_accuracy: 0.424675
EPOCH 35:
VALIDATION
valid epoch balanced_accuracy: 0.435065
EPOCH 36:
VALIDATION
valid epoch balanced_accuracy: 0.470707
EPOCH 37:
VALIDATION
valid epoch balanced_accuracy: 0.432323
EPOCH 38:
VALIDATION
valid epoch balanced_accuracy: 0.527273
EPOCH 39:
VALIDATION
valid epoch balanced_accuracy: 0.421645
EPOCH 40:
VALIDATION
valid epoch balanced_accuracy: 0.468975
EPOCH 41:
VALIDATION
valid epoch balanced_accuracy: 0.407359
EPOCH 42:
VALIDATION
valid epoch balanced_accuracy: 0.476768
EPOCH 43:
VALIDATION
valid epoch balanced_accuracy: 0.437951
EPOCH 44:
VALIDATION
valid epoch balanced_accuracy: 0.427850
EPOCH 45:
VALIDATION
valid epoch balanced_accuracy: 0.435065
EPOCH 46:
VALIDATION
valid epoch balanced_accuracy: 0.451371
EPOCH 47:
VALIDATION
valid epoch balanced_accuracy: 0.441270
EPOCH 48:
VALIDATION
valid epoch balanced_accuracy: 0.446032
EPOCH 49:
VALIDATION
valid epoch balanced_accuracy: 0.431457
EPOCH 50:
VALIDATION
valid epoch balanced_accuracy: 0.435065
EPOCH 51:
VALIDATION
valid epoch balanced_accuracy: 0.432035
EPOCH 52:
VALIDATION
valid epoch balanced_accuracy: 0.414863
EPOCH 53:
VALIDATION
valid epoch balanced_accuracy: 0.460895
EPOCH 54:
VALIDATION
valid epoch balanced_accuracy: 0.398124
EPOCH 55:
VALIDATION
valid epoch balanced_accuracy: 0.440981
EPOCH 56:
VALIDATION
valid epoch balanced_accuracy: 0.421068
EPOCH 57:
VALIDATION
valid epoch balanced_accuracy: 0.442424
EPOCH 58:
VALIDATION
valid epoch balanced_accuracy: 0.404762
EPOCH 59:
VALIDATION
valid epoch balanced_accuracy: 0.447475
EPOCH 60:
VALIDATION
valid epoch balanced_accuracy: 0.442713
EPOCH 61:
VALIDATION
valid epoch balanced_accuracy: 0.412121
EPOCH 62:
VALIDATION
valid epoch balanced_accuracy: 0.432900
EPOCH 63:
VALIDATION
valid epoch balanced_accuracy: 0.442713
EPOCH 64:
VALIDATION
valid epoch balanced_accuracy: 0.437374
EPOCH 65:
VALIDATION
valid epoch balanced_accuracy: 0.411833
EPOCH 66:
VALIDATION
valid epoch balanced_accuracy: 0.405628
EPOCH 67:
VALIDATION
valid epoch balanced_accuracy: 0.427273
EPOCH 68:
VALIDATION
valid epoch balanced_accuracy: 0.446032
EPOCH 69:
VALIDATION
valid epoch balanced_accuracy: 0.423088
EPOCH 70:
VALIDATION
valid epoch balanced_accuracy: 0.412987
EPOCH 71:
VALIDATION
valid epoch balanced_accuracy: 0.457576
EPOCH 72:
VALIDATION
valid epoch balanced_accuracy: 0.427273
EPOCH 73:
VALIDATION
valid epoch balanced_accuracy: 0.430880
EPOCH 74:
VALIDATION
valid epoch balanced_accuracy: 0.432900
EPOCH 75:
VALIDATION
valid epoch balanced_accuracy: 0.425830
EPOCH 76:
VALIDATION
valid epoch balanced_accuracy: 0.430592
EPOCH 77:
VALIDATION
valid epoch balanced_accuracy: 0.407359
EPOCH 78:
VALIDATION
valid epoch balanced_accuracy: 0.441991
EPOCH 79:
VALIDATION
valid epoch balanced_accuracy: 0.427273
EPOCH 80:
VALIDATION
valid epoch balanced_accuracy: 0.432323
EPOCH 81:
VALIDATION
valid epoch balanced_accuracy: 0.469553
EPOCH 82:
VALIDATION
valid epoch balanced_accuracy: 0.420779
EPOCH 83:
VALIDATION
valid epoch balanced_accuracy: 0.456710
EPOCH 84:
VALIDATION
valid epoch balanced_accuracy: 0.416883
EPOCH 85:
VALIDATION
valid epoch balanced_accuracy: 0.422799
EPOCH 86:
VALIDATION
valid epoch balanced_accuracy: 0.417172
EPOCH 87:
VALIDATION
valid epoch balanced_accuracy: 0.419192
EPOCH 88:
VALIDATION
valid epoch balanced_accuracy: 0.432900
EPOCH 89:
VALIDATION
valid epoch balanced_accuracy: 0.461760
EPOCH 90:
VALIDATION
valid epoch balanced_accuracy: 0.458730
EPOCH 91:
VALIDATION
valid epoch balanced_accuracy: 0.432612
EPOCH 92:
VALIDATION
valid epoch balanced_accuracy: 0.431169
EPOCH 93:
VALIDATION
valid epoch balanced_accuracy: 0.422511
EPOCH 94:
VALIDATION
valid epoch balanced_accuracy: 0.426118
EPOCH 95:
VALIDATION
valid epoch balanced_accuracy: 0.446898
EPOCH 96:
VALIDATION
valid epoch balanced_accuracy: 0.422511
EPOCH 97:
VALIDATION
valid epoch balanced_accuracy: 0.432612
EPOCH 98:
VALIDATION
valid epoch balanced_accuracy: 0.467388
EPOCH 99:
VALIDATION
valid epoch balanced_accuracy: 0.412121
EPOCH 100:
VALIDATION
valid epoch balanced_accuracy: 0.420491
EPOCH 101:
VALIDATION
valid epoch balanced_accuracy: 0.442424
EPOCH 102:
VALIDATION
valid epoch balanced_accuracy: 0.422511
EPOCH 103:
VALIDATION
valid epoch balanced_accuracy: 0.447763
EPOCH 104:
VALIDATION
valid epoch balanced_accuracy: 0.515007
EPOCH 105:
VALIDATION
valid epoch balanced_accuracy: 0.446032
EPOCH 106:
VALIDATION
valid epoch balanced_accuracy: 0.448341
EPOCH 107:
VALIDATION
valid epoch balanced_accuracy: 0.416883
EPOCH 108:
VALIDATION
valid epoch balanced_accuracy: 0.462338
EPOCH 109:
VALIDATION
valid epoch balanced_accuracy: 0.467677
EPOCH 110:
VALIDATION
valid epoch balanced_accuracy: 0.391919
EPOCH 111:
VALIDATION
valid epoch balanced_accuracy: 0.352092
EPOCH 112:
VALIDATION
valid epoch balanced_accuracy: 0.447763
EPOCH 113:
VALIDATION
valid epoch balanced_accuracy: 0.412410
EPOCH 114:
VALIDATION
valid epoch balanced_accuracy: 0.422222
EPOCH 115:
VALIDATION
valid epoch balanced_accuracy: 0.450216
EPOCH 116:
VALIDATION
valid epoch balanced_accuracy: 0.446320
EPOCH 117:
VALIDATION
valid epoch balanced_accuracy: 0.430592
EPOCH 118:
VALIDATION
valid epoch balanced_accuracy: 0.536652
EPOCH 119:
VALIDATION
valid epoch balanced_accuracy: 0.458730
EPOCH 120:
VALIDATION
valid epoch balanced_accuracy: 0.476335
EPOCH 121:
VALIDATION
valid epoch balanced_accuracy: 0.437374
EPOCH 122:
VALIDATION
valid epoch balanced_accuracy: 0.489755
EPOCH 123:
VALIDATION
valid epoch balanced_accuracy: 0.434199
EPOCH 124:
VALIDATION
valid epoch balanced_accuracy: 0.453535
EPOCH 125:
VALIDATION
valid epoch balanced_accuracy: 0.437662
EPOCH 126:
VALIDATION
valid epoch balanced_accuracy: 0.481674
EPOCH 127:
VALIDATION
valid epoch balanced_accuracy: 0.425830
EPOCH 128:
VALIDATION
valid epoch balanced_accuracy: 0.421934
EPOCH 129:
VALIDATION
valid epoch balanced_accuracy: 0.463925
EPOCH 130:
VALIDATION
valid epoch balanced_accuracy: 0.447475
EPOCH 131:
VALIDATION
valid epoch balanced_accuracy: 0.446609
EPOCH 132:
VALIDATION
valid epoch balanced_accuracy: 0.415152
EPOCH 133:
VALIDATION
valid epoch balanced_accuracy: 0.426407
EPOCH 134:
VALIDATION
valid epoch balanced_accuracy: 0.470418
EPOCH 135:
VALIDATION
valid epoch balanced_accuracy: 0.395527
EPOCH 136:
VALIDATION
valid epoch balanced_accuracy: 0.455844
EPOCH 137:
VALIDATION
valid epoch balanced_accuracy: 0.462915
EPOCH 138:
VALIDATION
valid epoch balanced_accuracy: 0.436797
EPOCH 139:
VALIDATION
valid epoch balanced_accuracy: 0.431169
EPOCH 140:
VALIDATION
valid epoch balanced_accuracy: 0.412410
EPOCH 141:
VALIDATION
valid epoch balanced_accuracy: 0.447475
EPOCH 142:
VALIDATION
valid epoch balanced_accuracy: 0.435931
EPOCH 143:
VALIDATION
valid epoch balanced_accuracy: 0.421068
EPOCH 144:
VALIDATION
valid epoch balanced_accuracy: 0.467100
EPOCH 145:
VALIDATION
valid epoch balanced_accuracy: 0.505483
EPOCH 146:
VALIDATION
valid epoch balanced_accuracy: 0.437085
EPOCH 147:
VALIDATION
valid epoch balanced_accuracy: 0.503030
EPOCH 148:
VALIDATION
valid epoch balanced_accuracy: 0.421934
EPOCH 149:
VALIDATION
valid epoch balanced_accuracy: 0.495094
EPOCH 150:
VALIDATION
valid epoch balanced_accuracy: 0.375902
accuracy: 0.578431
sensitivity: 0.303030
precision: 0.638298
specificity: 0.838095
IoU: 0.258621
FAR: 0.161905
F1: 0.410959
balanced_accuracy: 0.570563
loss: 0.948005
