Waiting for exclusive access to GPU GPU-921bd90d-c98b-84ba-5b27-e17315d3441a.
=== GROUP: IP_trans | VARIANT: dropout0 | SEED: 2 | FINAL_DROPOUT: 0.0 | WEIGHT_DECAY: 1e-5 | GPU: Tesla V100-SXM2-32GB ===

number of parameters : 1075406
train : (1221, 12)
valid : (56, 12)
test : (57, 12)
class weights : [1.1518868207931519, 0.883502185344696]
data extracted
EPOCH 1:
VALIDATION
valid epoch balanced_accuracy: 0.500000
EPOCH 2:
VALIDATION
valid epoch balanced_accuracy: 0.566667
EPOCH 3:
VALIDATION
valid epoch balanced_accuracy: 0.614286
EPOCH 4:
VALIDATION
valid epoch balanced_accuracy: 0.395238
EPOCH 5:
VALIDATION
valid epoch balanced_accuracy: 0.452381
EPOCH 6:
VALIDATION
valid epoch balanced_accuracy: 0.500000
EPOCH 7:
VALIDATION
valid epoch balanced_accuracy: 0.561905
EPOCH 8:
VALIDATION
valid epoch balanced_accuracy: 0.571429
EPOCH 9:
VALIDATION
valid epoch balanced_accuracy: 0.442857
EPOCH 10:
VALIDATION
valid epoch balanced_accuracy: 0.419048
EPOCH 11:
VALIDATION
valid epoch balanced_accuracy: 0.500000
EPOCH 12:
VALIDATION
valid epoch balanced_accuracy: 0.495238
EPOCH 13:
VALIDATION
valid epoch balanced_accuracy: 0.476190
EPOCH 14:
VALIDATION
valid epoch balanced_accuracy: 0.376190
EPOCH 15:
VALIDATION
valid epoch balanced_accuracy: 0.433333
EPOCH 16:
VALIDATION
valid epoch balanced_accuracy: 0.385714
EPOCH 17:
VALIDATION
valid epoch balanced_accuracy: 0.490476
EPOCH 18:
VALIDATION
valid epoch balanced_accuracy: 0.457143
EPOCH 19:
VALIDATION
valid epoch balanced_accuracy: 0.409524
EPOCH 20:
VALIDATION
valid epoch balanced_accuracy: 0.609524
EPOCH 21:
VALIDATION
valid epoch balanced_accuracy: 0.571429
EPOCH 22:
VALIDATION
valid epoch balanced_accuracy: 0.409524
EPOCH 23:
VALIDATION
valid epoch balanced_accuracy: 0.490476
EPOCH 24:
VALIDATION
valid epoch balanced_accuracy: 0.371429
EPOCH 25:
VALIDATION
valid epoch balanced_accuracy: 0.442857
EPOCH 26:
VALIDATION
valid epoch balanced_accuracy: 0.485714
EPOCH 27:
VALIDATION
valid epoch balanced_accuracy: 0.404762
EPOCH 28:
VALIDATION
valid epoch balanced_accuracy: 0.504762
EPOCH 29:
VALIDATION
valid epoch balanced_accuracy: 0.533333
EPOCH 30:
VALIDATION
valid epoch balanced_accuracy: 0.404762
EPOCH 31:
VALIDATION
valid epoch balanced_accuracy: 0.500000
EPOCH 32:
VALIDATION
valid epoch balanced_accuracy: 0.457143
EPOCH 33:
VALIDATION
valid epoch balanced_accuracy: 0.457143
EPOCH 34:
VALIDATION
valid epoch balanced_accuracy: 0.390476
EPOCH 35:
VALIDATION
valid epoch balanced_accuracy: 0.433333
EPOCH 36:
VALIDATION
valid epoch balanced_accuracy: 0.485714
EPOCH 37:
VALIDATION
valid epoch balanced_accuracy: 0.495238
EPOCH 38:
VALIDATION
valid epoch balanced_accuracy: 0.514286
EPOCH 39:
VALIDATION
valid epoch balanced_accuracy: 0.500000
EPOCH 40:
VALIDATION
valid epoch balanced_accuracy: 0.533333
EPOCH 41:
VALIDATION
valid epoch balanced_accuracy: 0.500000
EPOCH 42:
VALIDATION
valid epoch balanced_accuracy: 0.480952
EPOCH 43:
VALIDATION
valid epoch balanced_accuracy: 0.423810
EPOCH 44:
VALIDATION
valid epoch balanced_accuracy: 0.471429
EPOCH 45:
VALIDATION
valid epoch balanced_accuracy: 0.461905
EPOCH 46:
VALIDATION
valid epoch balanced_accuracy: 0.547619
EPOCH 47:
VALIDATION
valid epoch balanced_accuracy: 0.471429
EPOCH 48:
VALIDATION
valid epoch balanced_accuracy: 0.438095
EPOCH 49:
VALIDATION
valid epoch balanced_accuracy: 0.619048
EPOCH 50:
VALIDATION
valid epoch balanced_accuracy: 0.452381
EPOCH 51:
VALIDATION
valid epoch balanced_accuracy: 0.500000
EPOCH 52:
VALIDATION
valid epoch balanced_accuracy: 0.519048
EPOCH 53:
VALIDATION
valid epoch balanced_accuracy: 0.495238
EPOCH 54:
VALIDATION
valid epoch balanced_accuracy: 0.452381
EPOCH 55:
VALIDATION
valid epoch balanced_accuracy: 0.538095
EPOCH 56:
VALIDATION
valid epoch balanced_accuracy: 0.400000
EPOCH 57:
VALIDATION
valid epoch balanced_accuracy: 0.490476
EPOCH 58:
VALIDATION
valid epoch balanced_accuracy: 0.523810
EPOCH 59:
VALIDATION
valid epoch balanced_accuracy: 0.519048
EPOCH 60:
VALIDATION
valid epoch balanced_accuracy: 0.461905
EPOCH 61:
VALIDATION
valid epoch balanced_accuracy: 0.542857
EPOCH 62:
VALIDATION
valid epoch balanced_accuracy: 0.504762
EPOCH 63:
VALIDATION
valid epoch balanced_accuracy: 0.447619
EARLY STOPPING: rolling validation balanced accuracy did not improve for 60 epochs and validation loss increased over the same window.
accuracy: 0.859649
sensitivity: 0.966667
precision: 0.805556
specificity: 0.740741
IoU: 0.783784
FAR: 0.259259
F1: 0.878788
balanced_accuracy: 0.853704
loss: 0.520186
