Waiting for exclusive access to GPU GPU-dc4f9df4-a164-f5f6-51ef-afcfa186ef16.
=== GROUP: IP_trans | VARIANT: dropout005 | SEED: 4 | FINAL_DROPOUT: 0.05 | WEIGHT_DECAY: 1e-5 | GPU: NVIDIA A100-PCIE-40GB ===

number of parameters : 1075406
train : (1218, 12)
valid : (58, 12)
test : (58, 12)
class weights : [1.1555976867675781, 0.8813313841819763]
data extracted
EPOCH 1:
VALIDATION
valid epoch balanced_accuracy: 0.480769
EPOCH 2:
VALIDATION
valid epoch balanced_accuracy: 0.480769
EPOCH 3:
VALIDATION
valid epoch balanced_accuracy: 0.492788
EPOCH 4:
VALIDATION
valid epoch balanced_accuracy: 0.461538
EPOCH 5:
VALIDATION
valid epoch balanced_accuracy: 0.673077
EPOCH 6:
VALIDATION
valid epoch balanced_accuracy: 0.512019
EPOCH 7:
VALIDATION
valid epoch balanced_accuracy: 0.606971
EPOCH 8:
VALIDATION
valid epoch balanced_accuracy: 0.570913
EPOCH 9:
VALIDATION
valid epoch balanced_accuracy: 0.594952
EPOCH 10:
VALIDATION
valid epoch balanced_accuracy: 0.473558
EPOCH 11:
VALIDATION
valid epoch balanced_accuracy: 0.500000
EPOCH 12:
VALIDATION
valid epoch balanced_accuracy: 0.515625
EPOCH 13:
VALIDATION
valid epoch balanced_accuracy: 0.536058
EPOCH 14:
VALIDATION
valid epoch balanced_accuracy: 0.515625
EPOCH 15:
VALIDATION
valid epoch balanced_accuracy: 0.500000
EPOCH 16:
VALIDATION
valid epoch balanced_accuracy: 0.504808
EPOCH 17:
VALIDATION
valid epoch balanced_accuracy: 0.562500
EPOCH 18:
VALIDATION
valid epoch balanced_accuracy: 0.626202
EPOCH 19:
VALIDATION
valid epoch balanced_accuracy: 0.457933
EPOCH 20:
VALIDATION
valid epoch balanced_accuracy: 0.645433
EPOCH 21:
VALIDATION
valid epoch balanced_accuracy: 0.567308
EPOCH 22:
VALIDATION
valid epoch balanced_accuracy: 0.617788
EPOCH 23:
VALIDATION
valid epoch balanced_accuracy: 0.527644
EPOCH 24:
VALIDATION
valid epoch balanced_accuracy: 0.598558
EPOCH 25:
VALIDATION
valid epoch balanced_accuracy: 0.579327
EPOCH 26:
VALIDATION
valid epoch balanced_accuracy: 0.570913
EPOCH 27:
VALIDATION
valid epoch balanced_accuracy: 0.477163
EPOCH 28:
VALIDATION
valid epoch balanced_accuracy: 0.539663
EPOCH 29:
VALIDATION
valid epoch balanced_accuracy: 0.631010
EPOCH 30:
VALIDATION
valid epoch balanced_accuracy: 0.591346
EPOCH 31:
VALIDATION
valid epoch balanced_accuracy: 0.617788
EPOCH 32:
VALIDATION
valid epoch balanced_accuracy: 0.641827
EPOCH 33:
VALIDATION
valid epoch balanced_accuracy: 0.513221
EPOCH 34:
VALIDATION
valid epoch balanced_accuracy: 0.481971
EPOCH 35:
VALIDATION
valid epoch balanced_accuracy: 0.454327
EPOCH 36:
VALIDATION
valid epoch balanced_accuracy: 0.649038
EPOCH 37:
VALIDATION
valid epoch balanced_accuracy: 0.570913
EPOCH 38:
VALIDATION
valid epoch balanced_accuracy: 0.509615
EPOCH 39:
VALIDATION
valid epoch balanced_accuracy: 0.584135
EPOCH 40:
VALIDATION
valid epoch balanced_accuracy: 0.403846
EPOCH 41:
VALIDATION
valid epoch balanced_accuracy: 0.492788
EPOCH 42:
VALIDATION
valid epoch balanced_accuracy: 0.567308
EPOCH 43:
VALIDATION
valid epoch balanced_accuracy: 0.560096
EPOCH 44:
VALIDATION
valid epoch balanced_accuracy: 0.525240
EPOCH 45:
VALIDATION
valid epoch balanced_accuracy: 0.606971
EPOCH 46:
VALIDATION
valid epoch balanced_accuracy: 0.563702
EPOCH 47:
VALIDATION
valid epoch balanced_accuracy: 0.516827
EPOCH 48:
VALIDATION
valid epoch balanced_accuracy: 0.603365
EPOCH 49:
VALIDATION
valid epoch balanced_accuracy: 0.537260
EPOCH 50:
VALIDATION
valid epoch balanced_accuracy: 0.567308
EPOCH 51:
VALIDATION
valid epoch balanced_accuracy: 0.563702
EPOCH 52:
VALIDATION
valid epoch balanced_accuracy: 0.469952
EPOCH 53:
VALIDATION
valid epoch balanced_accuracy: 0.485577
EPOCH 54:
VALIDATION
valid epoch balanced_accuracy: 0.532452
EPOCH 55:
VALIDATION
valid epoch balanced_accuracy: 0.469952
EPOCH 56:
VALIDATION
valid epoch balanced_accuracy: 0.558894
EPOCH 57:
VALIDATION
valid epoch balanced_accuracy: 0.610577
EPOCH 58:
VALIDATION
valid epoch balanced_accuracy: 0.572115
EPOCH 59:
VALIDATION
valid epoch balanced_accuracy: 0.504808
EPOCH 60:
VALIDATION
valid epoch balanced_accuracy: 0.575721
EPOCH 61:
VALIDATION
valid epoch balanced_accuracy: 0.591346
EPOCH 62:
VALIDATION
valid epoch balanced_accuracy: 0.545673
EPOCH 63:
VALIDATION
valid epoch balanced_accuracy: 0.552885
EPOCH 64:
VALIDATION
valid epoch balanced_accuracy: 0.551683
EPOCH 65:
VALIDATION
valid epoch balanced_accuracy: 0.556490
EPOCH 66:
VALIDATION
valid epoch balanced_accuracy: 0.665865
EPOCH 67:
VALIDATION
valid epoch balanced_accuracy: 0.513221
EPOCH 68:
VALIDATION
valid epoch balanced_accuracy: 0.596154
EPOCH 69:
VALIDATION
valid epoch balanced_accuracy: 0.591346
EPOCH 70:
VALIDATION
valid epoch balanced_accuracy: 0.611779
EPOCH 71:
VALIDATION
valid epoch balanced_accuracy: 0.622596
EPOCH 72:
VALIDATION
valid epoch balanced_accuracy: 0.568510
EPOCH 73:
VALIDATION
valid epoch balanced_accuracy: 0.528846
EPOCH 74:
VALIDATION
valid epoch balanced_accuracy: 0.549279
EPOCH 75:
VALIDATION
valid epoch balanced_accuracy: 0.544471
EPOCH 76:
VALIDATION
valid epoch balanced_accuracy: 0.650240
EPOCH 77:
VALIDATION
valid epoch balanced_accuracy: 0.610577
EPOCH 78:
VALIDATION
valid epoch balanced_accuracy: 0.584135
EPOCH 79:
VALIDATION
valid epoch balanced_accuracy: 0.587740
EPOCH 80:
VALIDATION
valid epoch balanced_accuracy: 0.599760
EPOCH 81:
VALIDATION
valid epoch balanced_accuracy: 0.584135
EPOCH 82:
VALIDATION
valid epoch balanced_accuracy: 0.591346
EPOCH 83:
VALIDATION
valid epoch balanced_accuracy: 0.615385
EPOCH 84:
VALIDATION
valid epoch balanced_accuracy: 0.548077
EPOCH 85:
VALIDATION
valid epoch balanced_accuracy: 0.587740
EPOCH 86:
VALIDATION
valid epoch balanced_accuracy: 0.584135
EPOCH 87:
VALIDATION
valid epoch balanced_accuracy: 0.454327
EPOCH 88:
VALIDATION
valid epoch balanced_accuracy: 0.610577
EPOCH 89:
VALIDATION
valid epoch balanced_accuracy: 0.680288
EPOCH 90:
VALIDATION
valid epoch balanced_accuracy: 0.669471
EPOCH 91:
VALIDATION
valid epoch balanced_accuracy: 0.664663
EPOCH 92:
VALIDATION
valid epoch balanced_accuracy: 0.570913
EPOCH 93:
VALIDATION
valid epoch balanced_accuracy: 0.594952
EPOCH 94:
VALIDATION
valid epoch balanced_accuracy: 0.646635
EPOCH 95:
VALIDATION
valid epoch balanced_accuracy: 0.596154
EPOCH 96:
VALIDATION
valid epoch balanced_accuracy: 0.618990
EPOCH 97:
VALIDATION
valid epoch balanced_accuracy: 0.692308
EPOCH 98:
VALIDATION
valid epoch balanced_accuracy: 0.622596
EPOCH 99:
VALIDATION
valid epoch balanced_accuracy: 0.676683
EPOCH 100:
VALIDATION
valid epoch balanced_accuracy: 0.520433
EPOCH 101:
VALIDATION
valid epoch balanced_accuracy: 0.572115
EPOCH 102:
VALIDATION
valid epoch balanced_accuracy: 0.603365
EPOCH 103:
VALIDATION
valid epoch balanced_accuracy: 0.592548
EPOCH 104:
VALIDATION
valid epoch balanced_accuracy: 0.582933
EPOCH 105:
VALIDATION
valid epoch balanced_accuracy: 0.657452
EPOCH 106:
VALIDATION
valid epoch balanced_accuracy: 0.627404
EPOCH 107:
VALIDATION
valid epoch balanced_accuracy: 0.650240
EPOCH 108:
VALIDATION
valid epoch balanced_accuracy: 0.634615
EPOCH 109:
VALIDATION
valid epoch balanced_accuracy: 0.645433
EPOCH 110:
VALIDATION
valid epoch balanced_accuracy: 0.622596
EPOCH 111:
VALIDATION
valid epoch balanced_accuracy: 0.631010
EPOCH 112:
VALIDATION
valid epoch balanced_accuracy: 0.650240
EPOCH 113:
VALIDATION
valid epoch balanced_accuracy: 0.658654
EPOCH 114:
VALIDATION
valid epoch balanced_accuracy: 0.618990
EPOCH 115:
VALIDATION
valid epoch balanced_accuracy: 0.599760
EPOCH 116:
VALIDATION
valid epoch balanced_accuracy: 0.450721
EPOCH 117:
VALIDATION
valid epoch balanced_accuracy: 0.664663
EPOCH 118:
VALIDATION
valid epoch balanced_accuracy: 0.631010
EPOCH 119:
VALIDATION
valid epoch balanced_accuracy: 0.575721
EPOCH 120:
VALIDATION
valid epoch balanced_accuracy: 0.650240
EPOCH 121:
VALIDATION
valid epoch balanced_accuracy: 0.618990
EPOCH 122:
VALIDATION
valid epoch balanced_accuracy: 0.641827
EPOCH 123:
VALIDATION
valid epoch balanced_accuracy: 0.634615
EPOCH 124:
VALIDATION
valid epoch balanced_accuracy: 0.641827
EPOCH 125:
VALIDATION
valid epoch balanced_accuracy: 0.641827
EPOCH 126:
VALIDATION
valid epoch balanced_accuracy: 0.650240
EPOCH 127:
VALIDATION
valid epoch balanced_accuracy: 0.697115
EPOCH 128:
VALIDATION
valid epoch balanced_accuracy: 0.653846
EPOCH 129:
VALIDATION
valid epoch balanced_accuracy: 0.655048
EPOCH 130:
VALIDATION
valid epoch balanced_accuracy: 0.650240
EPOCH 131:
VALIDATION
valid epoch balanced_accuracy: 0.669471
EPOCH 132:
VALIDATION
valid epoch balanced_accuracy: 0.665865
EPOCH 133:
VALIDATION
valid epoch balanced_accuracy: 0.685096
EPOCH 134:
VALIDATION
valid epoch balanced_accuracy: 0.646635
EPOCH 135:
VALIDATION
valid epoch balanced_accuracy: 0.646635
EPOCH 136:
VALIDATION
valid epoch balanced_accuracy: 0.646635
EPOCH 137:
VALIDATION
valid epoch balanced_accuracy: 0.665865
EPOCH 138:
VALIDATION
valid epoch balanced_accuracy: 0.646635
EPOCH 139:
VALIDATION
valid epoch balanced_accuracy: 0.685096
EPOCH 140:
VALIDATION
valid epoch balanced_accuracy: 0.646635
EPOCH 141:
VALIDATION
valid epoch balanced_accuracy: 0.646635
EPOCH 142:
VALIDATION
valid epoch balanced_accuracy: 0.665865
EPOCH 143:
VALIDATION
valid epoch balanced_accuracy: 0.646635
EPOCH 144:
VALIDATION
valid epoch balanced_accuracy: 0.631010
EPOCH 145:
VALIDATION
valid epoch balanced_accuracy: 0.662260
EPOCH 146:
VALIDATION
valid epoch balanced_accuracy: 0.646635
EPOCH 147:
VALIDATION
valid epoch balanced_accuracy: 0.631010
EPOCH 148:
VALIDATION
valid epoch balanced_accuracy: 0.662260
EPOCH 149:
VALIDATION
valid epoch balanced_accuracy: 0.497596
EPOCH 150:
VALIDATION
valid epoch balanced_accuracy: 0.711538
accuracy: 0.620690
sensitivity: 0.454545
precision: 0.789474
specificity: 0.840000
IoU: 0.405405
FAR: 0.160000
F1: 0.576923
balanced_accuracy: 0.647273
loss: 2.179562
