
number of parameters : 1075406
train : (1306, 12)
valid : (14, 12)
test : (14, 12)
class weights : [1.1660714149475098, 0.8753350973129272]
data extracted
EPOCH 1:
VALIDATION
valid epoch balanced_accuracy: 0.550000
EPOCH 2:
VALIDATION
valid epoch balanced_accuracy: 0.600000
EPOCH 3:
VALIDATION
valid epoch balanced_accuracy: 0.600000
EPOCH 4:
VALIDATION
valid epoch balanced_accuracy: 0.500000
EPOCH 5:
VALIDATION
valid epoch balanced_accuracy: 0.600000
EPOCH 6:
VALIDATION
valid epoch balanced_accuracy: 0.500000
EPOCH 7:
VALIDATION
valid epoch balanced_accuracy: 0.500000
EPOCH 8:
VALIDATION
valid epoch balanced_accuracy: 0.600000
EPOCH 9:
VALIDATION
valid epoch balanced_accuracy: 0.675000
EPOCH 10:
VALIDATION
valid epoch balanced_accuracy: 0.800000
EPOCH 11:
VALIDATION
valid epoch balanced_accuracy: 0.500000
EPOCH 12:
VALIDATION
valid epoch balanced_accuracy: 0.500000
EPOCH 13:
VALIDATION
valid epoch balanced_accuracy: 0.800000
EPOCH 14:
VALIDATION
valid epoch balanced_accuracy: 0.500000
EPOCH 15:
VALIDATION
valid epoch balanced_accuracy: 0.500000
EPOCH 16:
VALIDATION
valid epoch balanced_accuracy: 0.550000
EPOCH 17:
VALIDATION
valid epoch balanced_accuracy: 0.300000
EPOCH 18:
VALIDATION
valid epoch balanced_accuracy: 0.600000
EPOCH 19:
VALIDATION
valid epoch balanced_accuracy: 0.550000
EPOCH 20:
VALIDATION
valid epoch balanced_accuracy: 0.475000
EPOCH 21:
VALIDATION
valid epoch balanced_accuracy: 0.450000
EPOCH 22:
VALIDATION
valid epoch balanced_accuracy: 0.300000
EPOCH 23:
VALIDATION
valid epoch balanced_accuracy: 0.725000
EPOCH 24:
VALIDATION
valid epoch balanced_accuracy: 0.450000
EPOCH 25:
VALIDATION
valid epoch balanced_accuracy: 0.525000
EPOCH 26:
VALIDATION
valid epoch balanced_accuracy: 0.300000
EPOCH 27:
VALIDATION
valid epoch balanced_accuracy: 0.400000
EPOCH 28:
VALIDATION
valid epoch balanced_accuracy: 0.400000
EPOCH 29:
VALIDATION
valid epoch balanced_accuracy: 0.350000
EPOCH 30:
VALIDATION
valid epoch balanced_accuracy: 0.575000
EPOCH 31:
VALIDATION
valid epoch balanced_accuracy: 0.800000
EPOCH 32:
VALIDATION
valid epoch balanced_accuracy: 0.200000
EPOCH 33:
VALIDATION
valid epoch balanced_accuracy: 0.350000
EPOCH 34:
VALIDATION
valid epoch balanced_accuracy: 0.425000
EPOCH 35:
VALIDATION
valid epoch balanced_accuracy: 0.425000
EPOCH 36:
VALIDATION
valid epoch balanced_accuracy: 0.450000
EPOCH 37:
VALIDATION
valid epoch balanced_accuracy: 0.150000
EPOCH 38:
VALIDATION
valid epoch balanced_accuracy: 0.400000
EPOCH 39:
VALIDATION
valid epoch balanced_accuracy: 0.425000
EPOCH 40:
VALIDATION
valid epoch balanced_accuracy: 0.525000
EPOCH 41:
VALIDATION
valid epoch balanced_accuracy: 0.550000
EPOCH 42:
VALIDATION
valid epoch balanced_accuracy: 0.475000
EPOCH 43:
VALIDATION
valid epoch balanced_accuracy: 0.225000
EARLY STOPPING: rolling validation balanced accuracy did not improve for 30 epochs and validation loss increased over the same window.
accuracy: 0.571429
sensitivity: 1.000000
precision: 0.500000
specificity: 0.250000
IoU: 0.500000
FAR: 0.750000
F1: 0.666667
balanced_accuracy: 0.625000
loss: 0.727560
