
number of parameters : 1050702
train : (1212, 12)
valid : (61, 12)
test : (61, 12)
class weights : [1.1631478071212769, 0.8769898414611816]
data extracted
EPOCH 1:
VALIDATION
valid epoch balanced_accuracy: 0.500000
EPOCH 2:
VALIDATION
valid epoch balanced_accuracy: 0.500000
EPOCH 3:
VALIDATION
valid epoch balanced_accuracy: 0.500000
EPOCH 4:
VALIDATION
valid epoch balanced_accuracy: 0.568966
EPOCH 5:
VALIDATION
valid epoch balanced_accuracy: 0.570582
EPOCH 6:
VALIDATION
valid epoch balanced_accuracy: 0.500000
EPOCH 7:
VALIDATION
valid epoch balanced_accuracy: 0.504849
EPOCH 8:
VALIDATION
valid epoch balanced_accuracy: 0.468750
EPOCH 9:
VALIDATION
valid epoch balanced_accuracy: 0.622306
EPOCH 10:
VALIDATION
valid epoch balanced_accuracy: 0.520474
EPOCH 11:
VALIDATION
valid epoch balanced_accuracy: 0.671336
EPOCH 12:
VALIDATION
valid epoch balanced_accuracy: 0.553341
EPOCH 13:
VALIDATION
valid epoch balanced_accuracy: 0.534483
EPOCH 14:
VALIDATION
valid epoch balanced_accuracy: 0.526940
EPOCH 15:
VALIDATION
valid epoch balanced_accuracy: 0.608297
EPOCH 16:
VALIDATION
valid epoch balanced_accuracy: 0.485991
EPOCH 17:
VALIDATION
valid epoch balanced_accuracy: 0.554957
EPOCH 18:
VALIDATION
valid epoch balanced_accuracy: 0.627155
EPOCH 19:
VALIDATION
valid epoch balanced_accuracy: 0.628772
EPOCH 20:
VALIDATION
valid epoch balanced_accuracy: 0.592672
EPOCH 21:
VALIDATION
valid epoch balanced_accuracy: 0.520474
EPOCH 22:
VALIDATION
valid epoch balanced_accuracy: 0.616379
EPOCH 23:
VALIDATION
valid epoch balanced_accuracy: 0.540948
EPOCH 24:
VALIDATION
valid epoch balanced_accuracy: 0.545797
EPOCH 25:
VALIDATION
valid epoch balanced_accuracy: 0.506466
EPOCH 26:
VALIDATION
valid epoch balanced_accuracy: 0.578664
EPOCH 27:
VALIDATION
valid epoch balanced_accuracy: 0.523707
EPOCH 28:
VALIDATION
valid epoch balanced_accuracy: 0.534483
EPOCH 29:
VALIDATION
valid epoch balanced_accuracy: 0.522091
EPOCH 30:
VALIDATION
valid epoch balanced_accuracy: 0.558190
EPOCH 31:
VALIDATION
valid epoch balanced_accuracy: 0.573815
EPOCH 32:
VALIDATION
valid epoch balanced_accuracy: 0.526940
EPOCH 33:
VALIDATION
valid epoch balanced_accuracy: 0.654095
EPOCH 34:
VALIDATION
valid epoch balanced_accuracy: 0.523707
EPOCH 35:
VALIDATION
valid epoch balanced_accuracy: 0.539332
EPOCH 36:
VALIDATION
valid epoch balanced_accuracy: 0.635237
EPOCH 37:
VALIDATION
valid epoch balanced_accuracy: 0.508082
EPOCH 38:
VALIDATION
valid epoch balanced_accuracy: 0.602371
EPOCH 39:
VALIDATION
valid epoch balanced_accuracy: 0.577047
EPOCH 40:
VALIDATION
valid epoch balanced_accuracy: 0.473599
EPOCH 41:
VALIDATION
valid epoch balanced_accuracy: 0.572198
EPOCH 42:
VALIDATION
valid epoch balanced_accuracy: 0.683728
EPOCH 43:
VALIDATION
valid epoch balanced_accuracy: 0.526940
EPOCH 44:
VALIDATION
valid epoch balanced_accuracy: 0.609914
EPOCH 45:
VALIDATION
valid epoch balanced_accuracy: 0.540948
EPOCH 46:
VALIDATION
valid epoch balanced_accuracy: 0.686961
EPOCH 47:
VALIDATION
valid epoch balanced_accuracy: 0.570582
EPOCH 48:
VALIDATION
valid epoch balanced_accuracy: 0.585129
EPOCH 49:
VALIDATION
valid epoch balanced_accuracy: 0.585129
EPOCH 50:
VALIDATION
valid epoch balanced_accuracy: 0.642780
EPOCH 51:
VALIDATION
valid epoch balanced_accuracy: 0.633621
EPOCH 52:
VALIDATION
valid epoch balanced_accuracy: 0.627155
EPOCH 53:
VALIDATION
valid epoch balanced_accuracy: 0.646013
EPOCH 54:
VALIDATION
valid epoch balanced_accuracy: 0.630388
EPOCH 55:
VALIDATION
valid epoch balanced_accuracy: 0.625539
EPOCH 56:
VALIDATION
valid epoch balanced_accuracy: 0.661638
EPOCH 57:
VALIDATION
valid epoch balanced_accuracy: 0.646013
EPOCH 58:
VALIDATION
valid epoch balanced_accuracy: 0.594289
EPOCH 59:
VALIDATION
valid epoch balanced_accuracy: 0.580280
EPOCH 60:
VALIDATION
valid epoch balanced_accuracy: 0.585129
EPOCH 61:
VALIDATION
valid epoch balanced_accuracy: 0.628772
EPOCH 62:
VALIDATION
valid epoch balanced_accuracy: 0.671336
EPOCH 63:
VALIDATION
valid epoch balanced_accuracy: 0.506466
EPOCH 64:
VALIDATION
valid epoch balanced_accuracy: 0.526940
EPOCH 65:
VALIDATION
valid epoch balanced_accuracy: 0.578664
EPOCH 66:
VALIDATION
valid epoch balanced_accuracy: 0.611530
EPOCH 67:
VALIDATION
valid epoch balanced_accuracy: 0.627155
EPOCH 68:
VALIDATION
valid epoch balanced_accuracy: 0.540948
EPOCH 69:
VALIDATION
valid epoch balanced_accuracy: 0.594289
EPOCH 70:
VALIDATION
valid epoch balanced_accuracy: 0.581897
EPOCH 71:
VALIDATION
valid epoch balanced_accuracy: 0.609914
EPOCH 72:
VALIDATION
valid epoch balanced_accuracy: 0.575431
EPOCH 73:
VALIDATION
valid epoch balanced_accuracy: 0.632004
EPOCH 74:
VALIDATION
valid epoch balanced_accuracy: 0.577047
EPOCH 75:
VALIDATION
valid epoch balanced_accuracy: 0.526940
EPOCH 76:
VALIDATION
valid epoch balanced_accuracy: 0.578664
EPOCH 77:
VALIDATION
valid epoch balanced_accuracy: 0.616379
EPOCH 78:
VALIDATION
valid epoch balanced_accuracy: 0.635237
EPOCH 79:
VALIDATION
valid epoch balanced_accuracy: 0.556573
EPOCH 80:
VALIDATION
valid epoch balanced_accuracy: 0.614763
EPOCH 81:
VALIDATION
valid epoch balanced_accuracy: 0.616379
EPOCH 82:
VALIDATION
valid epoch balanced_accuracy: 0.614763
EPOCH 83:
VALIDATION
valid epoch balanced_accuracy: 0.594289
EPOCH 84:
VALIDATION
valid epoch balanced_accuracy: 0.578664
EPOCH 85:
VALIDATION
valid epoch balanced_accuracy: 0.595905
EPOCH 86:
VALIDATION
valid epoch balanced_accuracy: 0.614763
EPOCH 87:
VALIDATION
valid epoch balanced_accuracy: 0.597522
EPOCH 88:
VALIDATION
valid epoch balanced_accuracy: 0.595905
EPOCH 89:
VALIDATION
valid epoch balanced_accuracy: 0.611530
EPOCH 90:
VALIDATION
valid epoch balanced_accuracy: 0.594289
EPOCH 91:
VALIDATION
valid epoch balanced_accuracy: 0.627155
EPOCH 92:
VALIDATION
valid epoch balanced_accuracy: 0.599138
EPOCH 93:
VALIDATION
valid epoch balanced_accuracy: 0.632004
EPOCH 94:
VALIDATION
valid epoch balanced_accuracy: 0.600754
EPOCH 95:
VALIDATION
valid epoch balanced_accuracy: 0.581897
EPOCH 96:
VALIDATION
valid epoch balanced_accuracy: 0.492457
EPOCH 97:
VALIDATION
valid epoch balanced_accuracy: 0.573815
EPOCH 98:
VALIDATION
valid epoch balanced_accuracy: 0.636853
EPOCH 99:
VALIDATION
valid epoch balanced_accuracy: 0.600754
EPOCH 100:
VALIDATION
valid epoch balanced_accuracy: 0.564655
EPOCH 101:
VALIDATION
valid epoch balanced_accuracy: 0.569504
EPOCH 102:
VALIDATION
valid epoch balanced_accuracy: 0.585129
EPOCH 103:
VALIDATION
valid epoch balanced_accuracy: 0.602371
EPOCH 104:
VALIDATION
valid epoch balanced_accuracy: 0.585129
EPOCH 105:
VALIDATION
valid epoch balanced_accuracy: 0.585129
EPOCH 106:
VALIDATION
valid epoch balanced_accuracy: 0.585129
EPOCH 107:
VALIDATION
valid epoch balanced_accuracy: 0.600754
EPOCH 108:
VALIDATION
valid epoch balanced_accuracy: 0.600754
EPOCH 109:
VALIDATION
valid epoch balanced_accuracy: 0.586746
EPOCH 110:
VALIDATION
valid epoch balanced_accuracy: 0.600754
EPOCH 111:
VALIDATION
valid epoch balanced_accuracy: 0.585129
EPOCH 112:
VALIDATION
valid epoch balanced_accuracy: 0.566272
EPOCH 113:
VALIDATION
valid epoch balanced_accuracy: 0.602371
EPOCH 114:
VALIDATION
valid epoch balanced_accuracy: 0.566272
EPOCH 115:
VALIDATION
valid epoch balanced_accuracy: 0.602371
EPOCH 116:
VALIDATION
valid epoch balanced_accuracy: 0.564655
EPOCH 117:
VALIDATION
valid epoch balanced_accuracy: 0.569504
EARLY STOPPING: rolling validation balanced accuracy did not improve for 60 epochs and validation loss increased over the same window.
accuracy: 0.573770
sensitivity: 0.500000
precision: 0.692308
specificity: 0.680000
IoU: 0.409091
FAR: 0.320000
F1: 0.580645
balanced_accuracy: 0.590000
loss: 1.540934
