Waiting for exclusive access to GPU GPU-449666da-2842-bab8-498c-fdc2fdad70da.
=== GROUP: GLTP | VARIANT: nps3mlp_nprs | SEED: 3 | GPU: Tesla V100-SXM2-32GB ===

number of parameters : 756358
train : (1221, 12)
valid : (55, 12)
test : (55, 12)
class weights : [1.1181318759918213, 0.9044444561004639]
data extracted
EPOCH 1:
VALIDATION
valid epoch balanced_accuracy: 0.209135
EPOCH 2:
VALIDATION
valid epoch balanced_accuracy: 0.325321
EPOCH 3:
VALIDATION
valid epoch balanced_accuracy: 0.169071
EPOCH 4:
VALIDATION
valid epoch balanced_accuracy: 0.200321
EPOCH 5:
VALIDATION
valid epoch balanced_accuracy: 0.450321
EPOCH 6:
VALIDATION
valid epoch balanced_accuracy: 0.387821
EPOCH 7:
VALIDATION
valid epoch balanced_accuracy: 0.419071
EPOCH 8:
VALIDATION
valid epoch balanced_accuracy: 0.450321
EPOCH 9:
VALIDATION
valid epoch balanced_accuracy: 0.419071
EPOCH 10:
VALIDATION
valid epoch balanced_accuracy: 0.262821
EPOCH 11:
VALIDATION
valid epoch balanced_accuracy: 0.387821
EPOCH 12:
VALIDATION
valid epoch balanced_accuracy: 0.106571
EPOCH 13:
VALIDATION
valid epoch balanced_accuracy: 0.325321
EPOCH 14:
VALIDATION
valid epoch balanced_accuracy: 0.200321
EPOCH 15:
VALIDATION
valid epoch balanced_accuracy: 0.450321
EPOCH 16:
VALIDATION
valid epoch balanced_accuracy: 0.356571
EPOCH 17:
VALIDATION
valid epoch balanced_accuracy: 0.356571
EPOCH 18:
VALIDATION
valid epoch balanced_accuracy: 0.262821
EPOCH 19:
VALIDATION
valid epoch balanced_accuracy: 0.419071
EPOCH 20:
VALIDATION
valid epoch balanced_accuracy: 0.450321
EPOCH 21:
VALIDATION
valid epoch balanced_accuracy: 0.294071
EPOCH 22:
VALIDATION
valid epoch balanced_accuracy: 0.387821
EPOCH 23:
VALIDATION
valid epoch balanced_accuracy: 0.419071
EPOCH 24:
VALIDATION
valid epoch balanced_accuracy: 0.450321
EPOCH 25:
VALIDATION
valid epoch balanced_accuracy: 0.325321
EPOCH 26:
VALIDATION
valid epoch balanced_accuracy: 0.450321
EPOCH 27:
VALIDATION
valid epoch balanced_accuracy: 0.387821
EPOCH 28:
VALIDATION
valid epoch balanced_accuracy: 0.450321
EPOCH 29:
VALIDATION
valid epoch balanced_accuracy: 0.450321
EPOCH 30:
VALIDATION
valid epoch balanced_accuracy: 0.356571
EPOCH 31:
VALIDATION
valid epoch balanced_accuracy: 0.419071
EPOCH 32:
VALIDATION
valid epoch balanced_accuracy: 0.137821
EPOCH 33:
VALIDATION
valid epoch balanced_accuracy: 0.356571
EPOCH 34:
VALIDATION
valid epoch balanced_accuracy: 0.387821
EPOCH 35:
VALIDATION
valid epoch balanced_accuracy: 0.294071
EPOCH 36:
VALIDATION
valid epoch balanced_accuracy: 0.419071
EPOCH 37:
VALIDATION
valid epoch balanced_accuracy: 0.419071
EPOCH 38:
VALIDATION
valid epoch balanced_accuracy: 0.450321
EPOCH 39:
VALIDATION
valid epoch balanced_accuracy: 0.419071
EPOCH 40:
VALIDATION
valid epoch balanced_accuracy: 0.419071
EPOCH 41:
VALIDATION
valid epoch balanced_accuracy: 0.356571
EPOCH 42:
VALIDATION
valid epoch balanced_accuracy: 0.387821
EPOCH 43:
VALIDATION
valid epoch balanced_accuracy: 0.325321
EPOCH 44:
VALIDATION
valid epoch balanced_accuracy: 0.419071
EPOCH 45:
VALIDATION
valid epoch balanced_accuracy: 0.450321
EPOCH 46:
VALIDATION
valid epoch balanced_accuracy: 0.419071
EPOCH 47:
VALIDATION
valid epoch balanced_accuracy: 0.356571
EPOCH 48:
VALIDATION
valid epoch balanced_accuracy: 0.437500
EPOCH 49:
VALIDATION
valid epoch balanced_accuracy: 0.419071
EPOCH 50:
VALIDATION
valid epoch balanced_accuracy: 0.356571
EPOCH 51:
VALIDATION
valid epoch balanced_accuracy: 0.387821
EPOCH 52:
VALIDATION
valid epoch balanced_accuracy: 0.356571
EPOCH 53:
VALIDATION
valid epoch balanced_accuracy: 0.325321
EPOCH 54:
VALIDATION
valid epoch balanced_accuracy: 0.356571
EPOCH 55:
VALIDATION
valid epoch balanced_accuracy: 0.419071
EPOCH 56:
VALIDATION
valid epoch balanced_accuracy: 0.356571
EPOCH 57:
VALIDATION
valid epoch balanced_accuracy: 0.294071
EPOCH 58:
VALIDATION
valid epoch balanced_accuracy: 0.294071
EPOCH 59:
VALIDATION
valid epoch balanced_accuracy: 0.294071
EPOCH 60:
VALIDATION
valid epoch balanced_accuracy: 0.387821
EPOCH 61:
VALIDATION
valid epoch balanced_accuracy: 0.387821
EPOCH 62:
VALIDATION
valid epoch balanced_accuracy: 0.419071
EPOCH 63:
VALIDATION
valid epoch balanced_accuracy: 0.294071
EPOCH 64:
VALIDATION
valid epoch balanced_accuracy: 0.387821
EPOCH 65:
VALIDATION
valid epoch balanced_accuracy: 0.387821
EPOCH 66:
VALIDATION
valid epoch balanced_accuracy: 0.294071
EPOCH 67:
VALIDATION
valid epoch balanced_accuracy: 0.325321
EPOCH 68:
VALIDATION
valid epoch balanced_accuracy: 0.294071
EPOCH 69:
VALIDATION
valid epoch balanced_accuracy: 0.450321
EPOCH 70:
VALIDATION
valid epoch balanced_accuracy: 0.356571
EPOCH 71:
VALIDATION
valid epoch balanced_accuracy: 0.325321
EPOCH 72:
VALIDATION
valid epoch balanced_accuracy: 0.450321
EPOCH 73:
VALIDATION
valid epoch balanced_accuracy: 0.387821
EPOCH 74:
VALIDATION
valid epoch balanced_accuracy: 0.294071
EPOCH 75:
VALIDATION
valid epoch balanced_accuracy: 0.387821
EPOCH 76:
VALIDATION
valid epoch balanced_accuracy: 0.450321
EPOCH 77:
VALIDATION
valid epoch balanced_accuracy: 0.387821
EPOCH 78:
VALIDATION
valid epoch balanced_accuracy: 0.356571
EPOCH 79:
VALIDATION
valid epoch balanced_accuracy: 0.356571
EPOCH 80:
VALIDATION
valid epoch balanced_accuracy: 0.325321
EPOCH 81:
VALIDATION
valid epoch balanced_accuracy: 0.325321
EPOCH 82:
VALIDATION
valid epoch balanced_accuracy: 0.387821
EPOCH 83:
VALIDATION
valid epoch balanced_accuracy: 0.387821
EPOCH 84:
VALIDATION
valid epoch balanced_accuracy: 0.356571
EPOCH 85:
VALIDATION
valid epoch balanced_accuracy: 0.450321
EPOCH 86:
VALIDATION
valid epoch balanced_accuracy: 0.325321
EPOCH 87:
VALIDATION
valid epoch balanced_accuracy: 0.387821
EPOCH 88:
VALIDATION
valid epoch balanced_accuracy: 0.356571
EPOCH 89:
VALIDATION
valid epoch balanced_accuracy: 0.356571
EPOCH 90:
VALIDATION
valid epoch balanced_accuracy: 0.294071
EPOCH 91:
VALIDATION
valid epoch balanced_accuracy: 0.294071
EPOCH 92:
VALIDATION
valid epoch balanced_accuracy: 0.450321
EPOCH 93:
VALIDATION
valid epoch balanced_accuracy: 0.325321
EPOCH 94:
VALIDATION
valid epoch balanced_accuracy: 0.294071
EPOCH 95:
VALIDATION
valid epoch balanced_accuracy: 0.325321
EPOCH 96:
VALIDATION
valid epoch balanced_accuracy: 0.356571
EPOCH 97:
VALIDATION
valid epoch balanced_accuracy: 0.294071
EPOCH 98:
VALIDATION
valid epoch balanced_accuracy: 0.294071
EPOCH 99:
VALIDATION
valid epoch balanced_accuracy: 0.325321
EPOCH 100:
VALIDATION
valid epoch balanced_accuracy: 0.294071
EPOCH 101:
VALIDATION
valid epoch balanced_accuracy: 0.325321
EPOCH 102:
VALIDATION
valid epoch balanced_accuracy: 0.325321
EPOCH 103:
VALIDATION
valid epoch balanced_accuracy: 0.294071
EPOCH 104:
VALIDATION
valid epoch balanced_accuracy: 0.356571
EPOCH 105:
VALIDATION
valid epoch balanced_accuracy: 0.294071
EPOCH 106:
VALIDATION
valid epoch balanced_accuracy: 0.262821
EPOCH 107:
VALIDATION
valid epoch balanced_accuracy: 0.356571
EPOCH 108:
VALIDATION
valid epoch balanced_accuracy: 0.356571
EPOCH 109:
VALIDATION
valid epoch balanced_accuracy: 0.387821
EPOCH 110:
VALIDATION
valid epoch balanced_accuracy: 0.294071
EPOCH 111:
VALIDATION
valid epoch balanced_accuracy: 0.387821
EPOCH 112:
VALIDATION
valid epoch balanced_accuracy: 0.387821
EPOCH 113:
VALIDATION
valid epoch balanced_accuracy: 0.325321
EPOCH 114:
VALIDATION
valid epoch balanced_accuracy: 0.356571
EPOCH 115:
VALIDATION
valid epoch balanced_accuracy: 0.387821
EPOCH 116:
VALIDATION
valid epoch balanced_accuracy: 0.294071
EPOCH 117:
VALIDATION
valid epoch balanced_accuracy: 0.294071
EPOCH 118:
VALIDATION
valid epoch balanced_accuracy: 0.387821
EPOCH 119:
VALIDATION
valid epoch balanced_accuracy: 0.294071
EPOCH 120:
VALIDATION
valid epoch balanced_accuracy: 0.294071
EPOCH 121:
VALIDATION
valid epoch balanced_accuracy: 0.356571
EPOCH 122:
VALIDATION
valid epoch balanced_accuracy: 0.294071
EPOCH 123:
VALIDATION
valid epoch balanced_accuracy: 0.387821
EPOCH 124:
VALIDATION
valid epoch balanced_accuracy: 0.325321
EPOCH 125:
VALIDATION
valid epoch balanced_accuracy: 0.325321
EPOCH 126:
VALIDATION
valid epoch balanced_accuracy: 0.294071
EPOCH 127:
VALIDATION
valid epoch balanced_accuracy: 0.387821
EPOCH 128:
VALIDATION
valid epoch balanced_accuracy: 0.387821
EPOCH 129:
VALIDATION
valid epoch balanced_accuracy: 0.419071
EPOCH 130:
VALIDATION
valid epoch balanced_accuracy: 0.387821
EPOCH 131:
VALIDATION
valid epoch balanced_accuracy: 0.356571
EPOCH 132:
VALIDATION
valid epoch balanced_accuracy: 0.419071
EPOCH 133:
VALIDATION
valid epoch balanced_accuracy: 0.419071
EPOCH 134:
VALIDATION
valid epoch balanced_accuracy: 0.387821
EPOCH 135:
VALIDATION
valid epoch balanced_accuracy: 0.387821
EPOCH 136:
VALIDATION
valid epoch balanced_accuracy: 0.356571
EPOCH 137:
VALIDATION
valid epoch balanced_accuracy: 0.375000
EPOCH 138:
VALIDATION
valid epoch balanced_accuracy: 0.387821
EPOCH 139:
VALIDATION
valid epoch balanced_accuracy: 0.325321
EPOCH 140:
VALIDATION
valid epoch balanced_accuracy: 0.419071
EPOCH 141:
VALIDATION
valid epoch balanced_accuracy: 0.387821
EPOCH 142:
VALIDATION
valid epoch balanced_accuracy: 0.387821
EPOCH 143:
VALIDATION
valid epoch balanced_accuracy: 0.356571
EPOCH 144:
VALIDATION
valid epoch balanced_accuracy: 0.450321
EPOCH 145:
VALIDATION
valid epoch balanced_accuracy: 0.356571
EPOCH 146:
VALIDATION
valid epoch balanced_accuracy: 0.387821
EPOCH 147:
VALIDATION
valid epoch balanced_accuracy: 0.356571
EPOCH 148:
VALIDATION
valid epoch balanced_accuracy: 0.356571
EPOCH 149:
VALIDATION
valid epoch balanced_accuracy: 0.356571
EPOCH 150:
VALIDATION
valid epoch balanced_accuracy: 0.356571
accuracy: 0.272727
sensitivity: 0.166667
precision: 0.583333
specificity: 0.615385
IoU: 0.148936
FAR: 0.384615
F1: 0.259259
balanced_accuracy: 0.391026
loss: 2.965498
