Waiting for exclusive access to GPU GPU-c7a60db5-d942-4e71-5b7b-567e31bd9d52.
=== GROUP: OSBP | VARIANT: bbp_nps3mlp_dpt01_gm_pu005 | SEED: 2 | GPU: NVIDIA H200 ===

number of parameters : 1403984
train : (1496, 12)
valid : (8, 12)
test : (8, 12)
PU rho : 0.525000
class weights : [1.0, 1.0]
balanced batches : 94 per epoch covering all 1496 train rows, target 8 positive + 8 unlabeled
data extracted
EPOCH 1:
PU nnPU correction: 0/94 batches, min negative_loss=0.257166, mean negative_loss=0.298178
VALIDATION
valid epoch balanced_accuracy: 0.500000
EPOCH 2:
PU nnPU correction: 0/94 batches, min negative_loss=0.187968, mean negative_loss=0.341087
VALIDATION
valid epoch balanced_accuracy: 0.500000
EPOCH 3:
PU nnPU correction: 0/94 batches, min negative_loss=0.077293, mean negative_loss=0.308476
VALIDATION
valid epoch balanced_accuracy: 0.500000
EPOCH 4:
PU nnPU correction: 0/94 batches, min negative_loss=0.053304, mean negative_loss=0.308675
VALIDATION
valid epoch balanced_accuracy: 0.833333
EPOCH 5:
PU nnPU correction: 0/94 batches, min negative_loss=0.142032, mean negative_loss=0.308597
VALIDATION
valid epoch balanced_accuracy: 0.500000
EPOCH 6:
PU nnPU correction: 0/94 batches, min negative_loss=0.134626, mean negative_loss=0.311312
VALIDATION
valid epoch balanced_accuracy: 0.500000
EPOCH 7:
PU nnPU correction: 0/94 batches, min negative_loss=0.049918, mean negative_loss=0.279663
VALIDATION
valid epoch balanced_accuracy: 0.500000
EPOCH 8:
PU nnPU correction: 0/94 batches, min negative_loss=0.038138, mean negative_loss=0.286203
VALIDATION
valid epoch balanced_accuracy: 0.500000
EPOCH 9:
PU nnPU correction: 0/94 batches, min negative_loss=0.037656, mean negative_loss=0.277080
VALIDATION
valid epoch balanced_accuracy: 0.500000
EPOCH 10:
PU nnPU correction: 0/94 batches, min negative_loss=0.037805, mean negative_loss=0.275272
VALIDATION
valid epoch balanced_accuracy: 0.500000
EPOCH 11:
PU nnPU correction: 0/94 batches, min negative_loss=0.100025, mean negative_loss=0.275501
VALIDATION
valid epoch balanced_accuracy: 0.500000
EPOCH 12:
PU nnPU correction: 0/94 batches, min negative_loss=0.049816, mean negative_loss=0.257618
VALIDATION
valid epoch balanced_accuracy: 0.500000
EPOCH 13:
PU nnPU correction: 0/94 batches, min negative_loss=0.100089, mean negative_loss=0.280288
VALIDATION
valid epoch balanced_accuracy: 0.500000
EPOCH 14:
PU nnPU correction: 0/94 batches, min negative_loss=0.099997, mean negative_loss=0.278930
VALIDATION
valid epoch balanced_accuracy: 0.500000
EPOCH 15:
PU nnPU correction: 0/94 batches, min negative_loss=0.040516, mean negative_loss=0.268423
VALIDATION
valid epoch balanced_accuracy: 0.500000
EPOCH 16:
PU nnPU correction: 0/94 batches, min negative_loss=0.037382, mean negative_loss=0.273225
VALIDATION
valid epoch balanced_accuracy: 0.500000
EPOCH 17:
PU nnPU correction: 0/94 batches, min negative_loss=0.100013, mean negative_loss=0.281356
VALIDATION
valid epoch balanced_accuracy: 0.500000
EPOCH 18:
PU nnPU correction: 0/94 batches, min negative_loss=0.100139, mean negative_loss=0.291442
VALIDATION
valid epoch balanced_accuracy: 0.500000
EPOCH 19:
PU nnPU correction: 0/94 batches, min negative_loss=0.037611, mean negative_loss=0.293875
VALIDATION
valid epoch balanced_accuracy: 0.500000
EPOCH 20:
PU nnPU correction: 0/94 batches, min negative_loss=0.037672, mean negative_loss=0.284297
VALIDATION
valid epoch balanced_accuracy: 0.500000
EPOCH 21:
PU nnPU correction: 0/94 batches, min negative_loss=0.100046, mean negative_loss=0.293625
VALIDATION
valid epoch balanced_accuracy: 0.500000
EPOCH 22:
PU nnPU correction: 0/94 batches, min negative_loss=0.037531, mean negative_loss=0.294102
VALIDATION
valid epoch balanced_accuracy: 0.500000
EPOCH 23:
PU nnPU correction: 0/94 batches, min negative_loss=0.037515, mean negative_loss=0.283698
VALIDATION
valid epoch balanced_accuracy: 0.500000
EPOCH 24:
PU nnPU correction: 0/94 batches, min negative_loss=0.100068, mean negative_loss=0.293862
VALIDATION
valid epoch balanced_accuracy: 0.500000
EPOCH 25:
PU nnPU correction: 0/94 batches, min negative_loss=0.037517, mean negative_loss=0.293476
VALIDATION
valid epoch balanced_accuracy: 0.500000
EPOCH 26:
PU nnPU correction: 0/94 batches, min negative_loss=0.100008, mean negative_loss=0.294120
VALIDATION
valid epoch balanced_accuracy: 0.500000
EPOCH 27:
PU nnPU correction: 0/94 batches, min negative_loss=0.037501, mean negative_loss=0.294115
VALIDATION
valid epoch balanced_accuracy: 0.500000
EPOCH 28:
PU nnPU correction: 0/94 batches, min negative_loss=0.100031, mean negative_loss=0.294311
VALIDATION
valid epoch balanced_accuracy: 0.500000
EPOCH 29:
PU nnPU correction: 0/94 batches, min negative_loss=0.037515, mean negative_loss=0.293559
VALIDATION
valid epoch balanced_accuracy: 0.500000
EPOCH 30:
PU nnPU correction: 0/94 batches, min negative_loss=0.037561, mean negative_loss=0.275793
VALIDATION
valid epoch balanced_accuracy: 0.500000
EPOCH 31:
PU nnPU correction: 0/94 batches, min negative_loss=0.037558, mean negative_loss=0.285248
VALIDATION
valid epoch balanced_accuracy: 0.500000
EPOCH 32:
PU nnPU correction: 4/94 batches, min negative_loss=-0.015613, mean negative_loss=0.198055
VALIDATION
valid epoch balanced_accuracy: 0.333333
EPOCH 33:
PU nnPU correction: 1/94 batches, min negative_loss=-0.015605, mean negative_loss=0.187162
VALIDATION
valid epoch balanced_accuracy: 0.500000
EPOCH 34:
PU nnPU correction: 0/94 batches, min negative_loss=0.037502, mean negative_loss=0.268014
VALIDATION
valid epoch balanced_accuracy: 0.533333
EPOCH 35:
PU nnPU correction: 1/94 batches, min negative_loss=-0.021872, mean negative_loss=0.189198
VALIDATION
valid epoch balanced_accuracy: 0.633333
EPOCH 36:
PU nnPU correction: 1/94 batches, min negative_loss=-0.021751, mean negative_loss=0.189567
VALIDATION
valid epoch balanced_accuracy: 0.633333
EPOCH 37:
PU nnPU correction: 0/94 batches, min negative_loss=0.040625, mean negative_loss=0.189557
VALIDATION
valid epoch balanced_accuracy: 0.633333
EPOCH 38:
PU nnPU correction: 1/94 batches, min negative_loss=-0.009357, mean negative_loss=0.189656
VALIDATION
valid epoch balanced_accuracy: 0.633333
EPOCH 39:
PU nnPU correction: 2/94 batches, min negative_loss=-0.018749, mean negative_loss=0.189751
VALIDATION
valid epoch balanced_accuracy: 0.633333
EPOCH 40:
PU nnPU correction: 1/94 batches, min negative_loss=-0.024979, mean negative_loss=0.189735
VALIDATION
valid epoch balanced_accuracy: 0.633333
EPOCH 41:
PU nnPU correction: 0/94 batches, min negative_loss=0.040726, mean negative_loss=0.189464
VALIDATION
valid epoch balanced_accuracy: 0.633333
EPOCH 42:
PU nnPU correction: 2/94 batches, min negative_loss=-0.021871, mean negative_loss=0.189646
VALIDATION
valid epoch balanced_accuracy: 0.633333
EPOCH 43:
PU nnPU correction: 2/94 batches, min negative_loss=-0.015608, mean negative_loss=0.189459
VALIDATION
valid epoch balanced_accuracy: 0.633333
EPOCH 44:
PU nnPU correction: 1/94 batches, min negative_loss=-0.009357, mean negative_loss=0.189246
VALIDATION
valid epoch balanced_accuracy: 0.633333
EPOCH 45:
PU nnPU correction: 2/94 batches, min negative_loss=-0.018737, mean negative_loss=0.189091
VALIDATION
valid epoch balanced_accuracy: 0.633333
EPOCH 46:
PU nnPU correction: 1/94 batches, min negative_loss=-0.015614, mean negative_loss=0.189170
VALIDATION
valid epoch balanced_accuracy: 0.633333
EPOCH 47:
PU nnPU correction: 1/94 batches, min negative_loss=-0.009375, mean negative_loss=0.189736
VALIDATION
valid epoch balanced_accuracy: 0.633333
EPOCH 48:
PU nnPU correction: 0/94 batches, min negative_loss=0.040625, mean negative_loss=0.189835
VALIDATION
valid epoch balanced_accuracy: 0.633333
EPOCH 49:
PU nnPU correction: 2/94 batches, min negative_loss=-0.018741, mean negative_loss=0.189540
VALIDATION
valid epoch balanced_accuracy: 0.633333
EPOCH 50:
PU nnPU correction: 2/94 batches, min negative_loss=-0.015619, mean negative_loss=0.189559
VALIDATION
valid epoch balanced_accuracy: 0.633333
EPOCH 51:
PU nnPU correction: 2/94 batches, min negative_loss=-0.015583, mean negative_loss=0.189558
VALIDATION
valid epoch balanced_accuracy: 0.633333
EPOCH 52:
PU nnPU correction: 2/94 batches, min negative_loss=-0.021873, mean negative_loss=0.189548
VALIDATION
valid epoch balanced_accuracy: 0.633333
EPOCH 53:
PU nnPU correction: 0/94 batches, min negative_loss=0.040637, mean negative_loss=0.189550
VALIDATION
valid epoch balanced_accuracy: 0.633333
EPOCH 54:
PU nnPU correction: 1/94 batches, min negative_loss=-0.015622, mean negative_loss=0.189664
VALIDATION
valid epoch balanced_accuracy: 0.633333
EPOCH 55:
PU nnPU correction: 1/94 batches, min negative_loss=-0.018750, mean negative_loss=0.189363
VALIDATION
valid epoch balanced_accuracy: 0.633333
EPOCH 56:
PU nnPU correction: 2/94 batches, min negative_loss=-0.021428, mean negative_loss=0.189174
VALIDATION
valid epoch balanced_accuracy: 0.633333
EPOCH 57:
PU nnPU correction: 2/94 batches, min negative_loss=-0.024994, mean negative_loss=0.189255
VALIDATION
valid epoch balanced_accuracy: 0.633333
EPOCH 58:
PU nnPU correction: 1/94 batches, min negative_loss=-0.012493, mean negative_loss=0.189093
VALIDATION
valid epoch balanced_accuracy: 0.633333
EPOCH 59:
PU nnPU correction: 2/94 batches, min negative_loss=-0.018749, mean negative_loss=0.189743
VALIDATION
valid epoch balanced_accuracy: 0.633333
EPOCH 60:
PU nnPU correction: 1/94 batches, min negative_loss=-0.009371, mean negative_loss=0.189438
VALIDATION
valid epoch balanced_accuracy: 0.633333
EPOCH 61:
PU nnPU correction: 1/94 batches, min negative_loss=-0.012499, mean negative_loss=0.189452
VALIDATION
valid epoch balanced_accuracy: 0.633333
EPOCH 62:
PU nnPU correction: 2/94 batches, min negative_loss=-0.021875, mean negative_loss=0.190103
VALIDATION
valid epoch balanced_accuracy: 0.633333
EPOCH 63:
PU nnPU correction: 1/94 batches, min negative_loss=-0.012500, mean negative_loss=0.189473
VALIDATION
valid epoch balanced_accuracy: 0.633333
EPOCH 64:
PU nnPU correction: 2/94 batches, min negative_loss=-0.015616, mean negative_loss=0.189713
VALIDATION
valid epoch balanced_accuracy: 0.633333
EPOCH 65:
PU nnPU correction: 2/94 batches, min negative_loss=-0.015623, mean negative_loss=0.189638
VALIDATION
valid epoch balanced_accuracy: 0.633333
EPOCH 66:
PU nnPU correction: 3/94 batches, min negative_loss=-0.018747, mean negative_loss=0.189542
VALIDATION
valid epoch balanced_accuracy: 0.633333
EPOCH 67:
PU nnPU correction: 2/94 batches, min negative_loss=-0.018749, mean negative_loss=0.183387
VALIDATION
valid epoch balanced_accuracy: 0.633333
EPOCH 68:
PU nnPU correction: 1/94 batches, min negative_loss=-0.015620, mean negative_loss=0.189788
VALIDATION
valid epoch balanced_accuracy: 0.533333
EPOCH 69:
PU nnPU correction: 0/94 batches, min negative_loss=0.046875, mean negative_loss=0.274132
VALIDATION
valid epoch balanced_accuracy: 0.500000
EPOCH 70:
PU nnPU correction: 0/94 batches, min negative_loss=0.041558, mean negative_loss=0.207505
VALIDATION
valid epoch balanced_accuracy: 0.833333
EPOCH 71:
PU nnPU correction: 1/94 batches, min negative_loss=-0.012477, mean negative_loss=0.194841
VALIDATION
valid epoch balanced_accuracy: 0.833333
EPOCH 72:
PU nnPU correction: 1/94 batches, min negative_loss=-0.021873, mean negative_loss=0.195317
VALIDATION
valid epoch balanced_accuracy: 0.833333
EPOCH 73:
PU nnPU correction: 1/94 batches, min negative_loss=-0.018706, mean negative_loss=0.194818
VALIDATION
valid epoch balanced_accuracy: 0.833333
EPOCH 74:
PU nnPU correction: 1/94 batches, min negative_loss=-0.017853, mean negative_loss=0.195033
VALIDATION
valid epoch balanced_accuracy: 0.833333
EPOCH 75:
PU nnPU correction: 3/94 batches, min negative_loss=-0.021855, mean negative_loss=0.194922
VALIDATION
valid epoch balanced_accuracy: 0.833333
EPOCH 76:
PU nnPU correction: 0/94 batches, min negative_loss=0.040625, mean negative_loss=0.195015
VALIDATION
valid epoch balanced_accuracy: 0.833333
EPOCH 77:
PU nnPU correction: 2/94 batches, min negative_loss=-0.018749, mean negative_loss=0.194443
VALIDATION
valid epoch balanced_accuracy: 0.833333
EPOCH 78:
PU nnPU correction: 0/94 batches, min negative_loss=0.037501, mean negative_loss=0.194933
VALIDATION
valid epoch balanced_accuracy: 0.833333
EPOCH 79:
PU nnPU correction: 1/94 batches, min negative_loss=-0.018746, mean negative_loss=0.194749
VALIDATION
valid epoch balanced_accuracy: 0.833333
EPOCH 80:
PU nnPU correction: 2/94 batches, min negative_loss=-0.021872, mean negative_loss=0.195390
VALIDATION
valid epoch balanced_accuracy: 0.833333
EPOCH 81:
PU nnPU correction: 0/94 batches, min negative_loss=0.040625, mean negative_loss=0.194732
VALIDATION
valid epoch balanced_accuracy: 0.833333
EPOCH 82:
PU nnPU correction: 2/94 batches, min negative_loss=-0.015624, mean negative_loss=0.194468
VALIDATION
valid epoch balanced_accuracy: 0.833333
EPOCH 83:
PU nnPU correction: 2/94 batches, min negative_loss=-0.021869, mean negative_loss=0.194920
VALIDATION
valid epoch balanced_accuracy: 0.833333
EPOCH 84:
PU nnPU correction: 1/94 batches, min negative_loss=-0.012499, mean negative_loss=0.195024
VALIDATION
valid epoch balanced_accuracy: 0.833333
EPOCH 85:
PU nnPU correction: 1/94 batches, min negative_loss=-0.018746, mean negative_loss=0.195034
VALIDATION
valid epoch balanced_accuracy: 0.833333
EPOCH 86:
PU nnPU correction: 1/94 batches, min negative_loss=-0.021874, mean negative_loss=0.195195
VALIDATION
valid epoch balanced_accuracy: 0.833333
EPOCH 87:
PU nnPU correction: 1/94 batches, min negative_loss=-0.021874, mean negative_loss=0.194667
VALIDATION
valid epoch balanced_accuracy: 0.833333
EPOCH 88:
PU nnPU correction: 1/94 batches, min negative_loss=-0.021424, mean negative_loss=0.194734
VALIDATION
valid epoch balanced_accuracy: 0.833333
EPOCH 89:
PU nnPU correction: 0/94 batches, min negative_loss=0.040627, mean negative_loss=0.195209
VALIDATION
valid epoch balanced_accuracy: 0.833333
EPOCH 90:
PU nnPU correction: 2/94 batches, min negative_loss=-0.012499, mean negative_loss=0.194920
VALIDATION
valid epoch balanced_accuracy: 0.833333
EPOCH 91:
PU nnPU correction: 1/94 batches, min negative_loss=-0.021872, mean negative_loss=0.195206
VALIDATION
valid epoch balanced_accuracy: 0.833333
EPOCH 92:
PU nnPU correction: 1/94 batches, min negative_loss=-0.015624, mean negative_loss=0.194650
VALIDATION
valid epoch balanced_accuracy: 0.833333
EPOCH 93:
PU nnPU correction: 2/94 batches, min negative_loss=-0.015612, mean negative_loss=0.194558
VALIDATION
valid epoch balanced_accuracy: 0.833333
EPOCH 94:
PU nnPU correction: 0/94 batches, min negative_loss=0.046876, mean negative_loss=0.194457
VALIDATION
valid epoch balanced_accuracy: 0.833333
EPOCH 95:
PU nnPU correction: 1/94 batches, min negative_loss=-0.018749, mean negative_loss=0.194550
VALIDATION
valid epoch balanced_accuracy: 0.833333
EPOCH 96:
PU nnPU correction: 0/94 batches, min negative_loss=0.040626, mean negative_loss=0.195034
VALIDATION
valid epoch balanced_accuracy: 0.833333
EPOCH 97:
PU nnPU correction: 4/94 batches, min negative_loss=-0.021874, mean negative_loss=0.194526
VALIDATION
valid epoch balanced_accuracy: 0.833333
EPOCH 98:
PU nnPU correction: 0/94 batches, min negative_loss=0.037503, mean negative_loss=0.195020
VALIDATION
valid epoch balanced_accuracy: 0.833333
EPOCH 99:
PU nnPU correction: 0/94 batches, min negative_loss=0.037504, mean negative_loss=0.194754
VALIDATION
valid epoch balanced_accuracy: 0.833333
EPOCH 100:
PU nnPU correction: 1/94 batches, min negative_loss=-0.015621, mean negative_loss=0.194743
VALIDATION
valid epoch balanced_accuracy: 0.833333
EPOCH 101:
PU nnPU correction: 1/94 batches, min negative_loss=-0.015624, mean negative_loss=0.194753
VALIDATION
valid epoch balanced_accuracy: 0.833333
EPOCH 102:
PU nnPU correction: 0/94 batches, min negative_loss=0.037505, mean negative_loss=0.195300
VALIDATION
valid epoch balanced_accuracy: 0.833333
EPOCH 103:
PU nnPU correction: 3/94 batches, min negative_loss=-0.024997, mean negative_loss=0.194844
VALIDATION
valid epoch balanced_accuracy: 0.833333
EPOCH 104:
PU nnPU correction: 2/94 batches, min negative_loss=-0.014283, mean negative_loss=0.194549
VALIDATION
valid epoch balanced_accuracy: 0.833333
EPOCH 105:
PU nnPU correction: 0/94 batches, min negative_loss=0.037500, mean negative_loss=0.195010
VALIDATION
valid epoch balanced_accuracy: 0.833333
EPOCH 106:
PU nnPU correction: 2/94 batches, min negative_loss=-0.015623, mean negative_loss=0.195023
VALIDATION
valid epoch balanced_accuracy: 0.833333
EPOCH 107:
PU nnPU correction: 0/94 batches, min negative_loss=0.037509, mean negative_loss=0.194640
VALIDATION
valid epoch balanced_accuracy: 0.833333
EPOCH 108:
PU nnPU correction: 2/94 batches, min negative_loss=-0.018749, mean negative_loss=0.194663
VALIDATION
valid epoch balanced_accuracy: 0.833333
EPOCH 109:
PU nnPU correction: 0/94 batches, min negative_loss=0.037501, mean negative_loss=0.194768
VALIDATION
valid epoch balanced_accuracy: 0.833333
EPOCH 110:
PU nnPU correction: 1/94 batches, min negative_loss=-0.018747, mean negative_loss=0.194751
VALIDATION
valid epoch balanced_accuracy: 0.833333
EPOCH 111:
PU nnPU correction: 3/94 batches, min negative_loss=-0.018747, mean negative_loss=0.195021
VALIDATION
valid epoch balanced_accuracy: 0.833333
EPOCH 112:
PU nnPU correction: 2/94 batches, min negative_loss=-0.018746, mean negative_loss=0.195048
VALIDATION
valid epoch balanced_accuracy: 0.833333
EPOCH 113:
PU nnPU correction: 1/94 batches, min negative_loss=-0.021420, mean negative_loss=0.194631
VALIDATION
valid epoch balanced_accuracy: 0.833333
EPOCH 114:
PU nnPU correction: 1/94 batches, min negative_loss=-0.017852, mean negative_loss=0.194360
VALIDATION
valid epoch balanced_accuracy: 0.833333
EPOCH 115:
PU nnPU correction: 0/94 batches, min negative_loss=0.040629, mean negative_loss=0.194825
VALIDATION
valid epoch balanced_accuracy: 0.833333
EPOCH 116:
PU nnPU correction: 0/94 batches, min negative_loss=0.040626, mean negative_loss=0.194840
VALIDATION
valid epoch balanced_accuracy: 0.833333
EPOCH 117:
PU nnPU correction: 1/94 batches, min negative_loss=-0.015621, mean negative_loss=0.194747
VALIDATION
valid epoch balanced_accuracy: 0.833333
EPOCH 118:
PU nnPU correction: 1/94 batches, min negative_loss=-0.015623, mean negative_loss=0.194563
VALIDATION
valid epoch balanced_accuracy: 0.833333
EPOCH 119:
PU nnPU correction: 3/94 batches, min negative_loss=-0.015621, mean negative_loss=0.194373
VALIDATION
valid epoch balanced_accuracy: 0.833333
EPOCH 120:
PU nnPU correction: 2/94 batches, min negative_loss=-0.018746, mean negative_loss=0.194763
VALIDATION
valid epoch balanced_accuracy: 0.833333
EPOCH 121:
PU nnPU correction: 1/94 batches, min negative_loss=-0.009374, mean negative_loss=0.195020
VALIDATION
valid epoch balanced_accuracy: 0.833333
EPOCH 122:
PU nnPU correction: 1/94 batches, min negative_loss=-0.021872, mean negative_loss=0.194749
VALIDATION
valid epoch balanced_accuracy: 0.833333
EPOCH 123:
PU nnPU correction: 0/94 batches, min negative_loss=0.037503, mean negative_loss=0.195025
VALIDATION
valid epoch balanced_accuracy: 0.833333
EPOCH 124:
PU nnPU correction: 5/94 batches, min negative_loss=-0.018739, mean negative_loss=0.194830
VALIDATION
valid epoch balanced_accuracy: 0.833333
EPOCH 125:
PU nnPU correction: 1/94 batches, min negative_loss=-0.018745, mean negative_loss=0.195106
VALIDATION
valid epoch balanced_accuracy: 0.833333
EPOCH 126:
PU nnPU correction: 0/94 batches, min negative_loss=0.040626, mean negative_loss=0.194932
VALIDATION
valid epoch balanced_accuracy: 0.833333
EPOCH 127:
PU nnPU correction: 2/94 batches, min negative_loss=-0.018748, mean negative_loss=0.194933
VALIDATION
valid epoch balanced_accuracy: 0.833333
EPOCH 128:
PU nnPU correction: 3/94 batches, min negative_loss=-0.021874, mean negative_loss=0.195131
VALIDATION
valid epoch balanced_accuracy: 0.833333
EPOCH 129:
PU nnPU correction: 1/94 batches, min negative_loss=-0.012498, mean negative_loss=0.194735
VALIDATION
valid epoch balanced_accuracy: 0.833333
EPOCH 130:
PU nnPU correction: 2/94 batches, min negative_loss=-0.014282, mean negative_loss=0.194463
VALIDATION
valid epoch balanced_accuracy: 0.833333
EPOCH 131:
PU nnPU correction: 3/94 batches, min negative_loss=-0.018749, mean negative_loss=0.194840
VALIDATION
valid epoch balanced_accuracy: 0.833333
EPOCH 132:
PU nnPU correction: 3/94 batches, min negative_loss=-0.024996, mean negative_loss=0.194938
VALIDATION
valid epoch balanced_accuracy: 0.833333
EPOCH 133:
PU nnPU correction: 2/94 batches, min negative_loss=-0.014281, mean negative_loss=0.194748
VALIDATION
valid epoch balanced_accuracy: 0.833333
EPOCH 134:
PU nnPU correction: 0/94 batches, min negative_loss=0.037504, mean negative_loss=0.194923
VALIDATION
valid epoch balanced_accuracy: 0.833333
EPOCH 135:
PU nnPU correction: 1/94 batches, min negative_loss=-0.021870, mean negative_loss=0.195488
VALIDATION
valid epoch balanced_accuracy: 0.833333
EPOCH 136:
PU nnPU correction: 0/94 batches, min negative_loss=0.037499, mean negative_loss=0.194828
VALIDATION
valid epoch balanced_accuracy: 0.833333
EPOCH 137:
PU nnPU correction: 1/94 batches, min negative_loss=-0.018747, mean negative_loss=0.194732
VALIDATION
valid epoch balanced_accuracy: 0.833333
EPOCH 138:
PU nnPU correction: 1/94 batches, min negative_loss=-0.012497, mean negative_loss=0.212427
VALIDATION
valid epoch balanced_accuracy: 0.500000
EPOCH 139:
PU nnPU correction: 0/94 batches, min negative_loss=0.100006, mean negative_loss=0.293167
VALIDATION
valid epoch balanced_accuracy: 0.500000
EPOCH 140:
PU nnPU correction: 0/94 batches, min negative_loss=0.037506, mean negative_loss=0.293530
VALIDATION
valid epoch balanced_accuracy: 0.500000
EPOCH 141:
PU nnPU correction: 0/94 batches, min negative_loss=0.100004, mean negative_loss=0.293249
VALIDATION
valid epoch balanced_accuracy: 0.500000
EPOCH 142:
PU nnPU correction: 0/94 batches, min negative_loss=0.100003, mean negative_loss=0.293344
VALIDATION
valid epoch balanced_accuracy: 0.500000
EPOCH 143:
PU nnPU correction: 0/94 batches, min negative_loss=0.037503, mean negative_loss=0.293529
VALIDATION
valid epoch balanced_accuracy: 0.500000
EPOCH 144:
PU nnPU correction: 0/94 batches, min negative_loss=0.100004, mean negative_loss=0.293349
VALIDATION
valid epoch balanced_accuracy: 0.500000
EPOCH 145:
PU nnPU correction: 0/94 batches, min negative_loss=0.040631, mean negative_loss=0.293434
VALIDATION
valid epoch balanced_accuracy: 0.500000
EPOCH 146:
PU nnPU correction: 0/94 batches, min negative_loss=0.100003, mean negative_loss=0.293439
VALIDATION
valid epoch balanced_accuracy: 0.500000
EPOCH 147:
PU nnPU correction: 0/94 batches, min negative_loss=0.100001, mean negative_loss=0.293733
VALIDATION
valid epoch balanced_accuracy: 0.500000
EPOCH 148:
PU nnPU correction: 0/94 batches, min negative_loss=0.037505, mean negative_loss=0.293244
VALIDATION
valid epoch balanced_accuracy: 0.500000
EPOCH 149:
PU nnPU correction: 0/94 batches, min negative_loss=0.040630, mean negative_loss=0.293628
VALIDATION
valid epoch balanced_accuracy: 0.500000
EPOCH 150:
PU nnPU correction: 0/94 batches, min negative_loss=0.037508, mean negative_loss=0.293728
VALIDATION
valid epoch balanced_accuracy: 0.500000
accuracy: 0.500000
sensitivity: 1.000000
precision: 0.428571
specificity: 0.200000
IoU: 0.428571
FAR: 0.800000
F1: 0.600000
balanced_accuracy: 0.600000
loss: 0.350001
