Waiting for exclusive access to GPU GPU-98a70823-5da6-f1a2-8a76-10eac0cde70f.
=== GROUP: scp2 | VARIANT: nps3mlp_dpt005 | SEED: 1 | GPU: Tesla V100-SXM2-32GB ===

number of parameters : 1403982
train : (1246, 12)
valid : (42, 12)
test : (43, 12)
class weights : [1.1688555479049683, 0.8737727999687195]
data extracted
EPOCH 1:
VALIDATION
valid epoch balanced_accuracy: 0.721154
EPOCH 2:
VALIDATION
valid epoch balanced_accuracy: 0.661058
EPOCH 3:
VALIDATION
valid epoch balanced_accuracy: 0.814904
EPOCH 4:
VALIDATION
valid epoch balanced_accuracy: 0.776442
EPOCH 5:
VALIDATION
valid epoch balanced_accuracy: 0.699519
EPOCH 6:
VALIDATION
valid epoch balanced_accuracy: 0.737981
EPOCH 7:
VALIDATION
valid epoch balanced_accuracy: 0.718750
EPOCH 8:
VALIDATION
valid epoch balanced_accuracy: 0.701923
EPOCH 9:
VALIDATION
valid epoch balanced_accuracy: 0.764423
EPOCH 10:
VALIDATION
valid epoch balanced_accuracy: 0.608173
EPOCH 11:
VALIDATION
valid epoch balanced_accuracy: 0.612981
EPOCH 12:
VALIDATION
valid epoch balanced_accuracy: 0.497596
EPOCH 13:
VALIDATION
valid epoch balanced_accuracy: 0.365385
EPOCH 14:
VALIDATION
valid epoch balanced_accuracy: 0.485577
EPOCH 15:
VALIDATION
valid epoch balanced_accuracy: 0.516827
EPOCH 16:
VALIDATION
valid epoch balanced_accuracy: 0.548077
EPOCH 17:
VALIDATION
valid epoch balanced_accuracy: 0.485577
EPOCH 18:
VALIDATION
valid epoch balanced_accuracy: 0.473558
EPOCH 19:
VALIDATION
valid epoch balanced_accuracy: 0.485577
EPOCH 20:
VALIDATION
valid epoch balanced_accuracy: 0.473558
EPOCH 21:
VALIDATION
valid epoch balanced_accuracy: 0.461538
EPOCH 22:
VALIDATION
valid epoch balanced_accuracy: 0.396635
EPOCH 23:
VALIDATION
valid epoch balanced_accuracy: 0.492788
EPOCH 24:
VALIDATION
valid epoch balanced_accuracy: 0.461538
EPOCH 25:
VALIDATION
valid epoch balanced_accuracy: 0.461538
EPOCH 26:
VALIDATION
valid epoch balanced_accuracy: 0.473558
EPOCH 27:
VALIDATION
valid epoch balanced_accuracy: 0.461538
EPOCH 28:
VALIDATION
valid epoch balanced_accuracy: 0.423077
EPOCH 29:
VALIDATION
valid epoch balanced_accuracy: 0.536058
EPOCH 30:
VALIDATION
valid epoch balanced_accuracy: 0.622596
EPOCH 31:
VALIDATION
valid epoch balanced_accuracy: 0.442308
EPOCH 32:
VALIDATION
valid epoch balanced_accuracy: 0.492788
EPOCH 33:
VALIDATION
valid epoch balanced_accuracy: 0.454327
EPOCH 34:
VALIDATION
valid epoch balanced_accuracy: 0.442308
EPOCH 35:
VALIDATION
valid epoch balanced_accuracy: 0.459135
EPOCH 36:
VALIDATION
valid epoch balanced_accuracy: 0.500000
EPOCH 37:
VALIDATION
valid epoch balanced_accuracy: 0.557692
EPOCH 38:
VALIDATION
valid epoch balanced_accuracy: 0.442308
EPOCH 39:
VALIDATION
valid epoch balanced_accuracy: 0.512019
EPOCH 40:
VALIDATION
valid epoch balanced_accuracy: 0.490385
EPOCH 41:
VALIDATION
valid epoch balanced_accuracy: 0.408654
EPOCH 42:
VALIDATION
valid epoch balanced_accuracy: 0.447115
EPOCH 43:
VALIDATION
valid epoch balanced_accuracy: 0.442308
EPOCH 44:
VALIDATION
valid epoch balanced_accuracy: 0.439904
EPOCH 45:
VALIDATION
valid epoch balanced_accuracy: 0.492788
EPOCH 46:
VALIDATION
valid epoch balanced_accuracy: 0.473558
EPOCH 47:
VALIDATION
valid epoch balanced_accuracy: 0.548077
EPOCH 48:
VALIDATION
valid epoch balanced_accuracy: 0.560096
EPOCH 49:
VALIDATION
valid epoch balanced_accuracy: 0.459135
EPOCH 50:
VALIDATION
valid epoch balanced_accuracy: 0.423077
EPOCH 51:
VALIDATION
valid epoch balanced_accuracy: 0.497596
EPOCH 52:
VALIDATION
valid epoch balanced_accuracy: 0.504808
EPOCH 53:
VALIDATION
valid epoch balanced_accuracy: 0.560096
EPOCH 54:
VALIDATION
valid epoch balanced_accuracy: 0.471154
EPOCH 55:
VALIDATION
valid epoch balanced_accuracy: 0.516827
EPOCH 56:
VALIDATION
valid epoch balanced_accuracy: 0.653846
EPOCH 57:
VALIDATION
valid epoch balanced_accuracy: 0.584135
EPOCH 58:
VALIDATION
valid epoch balanced_accuracy: 0.540865
EPOCH 59:
VALIDATION
valid epoch balanced_accuracy: 0.591346
EPOCH 60:
VALIDATION
valid epoch balanced_accuracy: 0.560096
EPOCH 61:
VALIDATION
valid epoch balanced_accuracy: 0.658654
EPOCH 62:
VALIDATION
valid epoch balanced_accuracy: 0.490385
EPOCH 63:
VALIDATION
valid epoch balanced_accuracy: 0.591346
EPOCH 64:
VALIDATION
valid epoch balanced_accuracy: 0.641827
EPOCH 65:
VALIDATION
valid epoch balanced_accuracy: 0.473558
EPOCH 66:
VALIDATION
valid epoch balanced_accuracy: 0.641827
EPOCH 67:
VALIDATION
valid epoch balanced_accuracy: 0.516827
EPOCH 68:
VALIDATION
valid epoch balanced_accuracy: 0.572115
EPOCH 69:
VALIDATION
valid epoch balanced_accuracy: 0.415865
EPOCH 70:
VALIDATION
valid epoch balanced_accuracy: 0.528846
EPOCH 71:
VALIDATION
valid epoch balanced_accuracy: 0.658654
EPOCH 72:
VALIDATION
valid epoch balanced_accuracy: 0.615385
EPOCH 73:
VALIDATION
valid epoch balanced_accuracy: 0.528846
EPOCH 74:
VALIDATION
valid epoch balanced_accuracy: 0.591346
EPOCH 75:
VALIDATION
valid epoch balanced_accuracy: 0.603365
EPOCH 76:
VALIDATION
valid epoch balanced_accuracy: 0.504808
EPOCH 77:
VALIDATION
valid epoch balanced_accuracy: 0.516827
EPOCH 78:
VALIDATION
valid epoch balanced_accuracy: 0.516827
EPOCH 79:
VALIDATION
valid epoch balanced_accuracy: 0.560096
EPOCH 80:
VALIDATION
valid epoch balanced_accuracy: 0.663462
EPOCH 81:
VALIDATION
valid epoch balanced_accuracy: 0.603365
EPOCH 82:
VALIDATION
valid epoch balanced_accuracy: 0.608173
EPOCH 83:
VALIDATION
valid epoch balanced_accuracy: 0.641827
EPOCH 84:
VALIDATION
valid epoch balanced_accuracy: 0.560096
EPOCH 85:
VALIDATION
valid epoch balanced_accuracy: 0.591346
EPOCH 86:
VALIDATION
valid epoch balanced_accuracy: 0.603365
EPOCH 87:
VALIDATION
valid epoch balanced_accuracy: 0.502404
EPOCH 88:
VALIDATION
valid epoch balanced_accuracy: 0.564904
EPOCH 89:
VALIDATION
valid epoch balanced_accuracy: 0.490385
EPOCH 90:
VALIDATION
valid epoch balanced_accuracy: 0.528846
EPOCH 91:
VALIDATION
valid epoch balanced_accuracy: 0.627404
EPOCH 92:
VALIDATION
valid epoch balanced_accuracy: 0.629808
EPOCH 93:
VALIDATION
valid epoch balanced_accuracy: 0.603365
EPOCH 94:
VALIDATION
valid epoch balanced_accuracy: 0.634615
EPOCH 95:
VALIDATION
valid epoch balanced_accuracy: 0.641827
EPOCH 96:
VALIDATION
valid epoch balanced_accuracy: 0.653846
EPOCH 97:
VALIDATION
valid epoch balanced_accuracy: 0.629808
EPOCH 98:
VALIDATION
valid epoch balanced_accuracy: 0.622596
EPOCH 99:
VALIDATION
valid epoch balanced_accuracy: 0.598558
EPOCH 100:
VALIDATION
valid epoch balanced_accuracy: 0.641827
EPOCH 101:
VALIDATION
valid epoch balanced_accuracy: 0.641827
EPOCH 102:
VALIDATION
valid epoch balanced_accuracy: 0.579327
EPOCH 103:
VALIDATION
valid epoch balanced_accuracy: 0.572115
EPOCH 104:
VALIDATION
valid epoch balanced_accuracy: 0.646635
EPOCH 105:
VALIDATION
valid epoch balanced_accuracy: 0.610577
EPOCH 106:
VALIDATION
valid epoch balanced_accuracy: 0.658654
EPOCH 107:
VALIDATION
valid epoch balanced_accuracy: 0.560096
EPOCH 108:
VALIDATION
valid epoch balanced_accuracy: 0.504808
EPOCH 109:
VALIDATION
valid epoch balanced_accuracy: 0.629808
EPOCH 110:
VALIDATION
valid epoch balanced_accuracy: 0.591346
EPOCH 111:
VALIDATION
valid epoch balanced_accuracy: 0.634615
EPOCH 112:
VALIDATION
valid epoch balanced_accuracy: 0.653846
EPOCH 113:
VALIDATION
valid epoch balanced_accuracy: 0.610577
EPOCH 114:
VALIDATION
valid epoch balanced_accuracy: 0.610577
EPOCH 115:
VALIDATION
valid epoch balanced_accuracy: 0.610577
EPOCH 116:
VALIDATION
valid epoch balanced_accuracy: 0.584135
EPOCH 117:
VALIDATION
valid epoch balanced_accuracy: 0.641827
EPOCH 118:
VALIDATION
valid epoch balanced_accuracy: 0.423077
EPOCH 119:
VALIDATION
valid epoch balanced_accuracy: 0.572115
EPOCH 120:
VALIDATION
valid epoch balanced_accuracy: 0.560096
EPOCH 121:
VALIDATION
valid epoch balanced_accuracy: 0.608173
EPOCH 122:
VALIDATION
valid epoch balanced_accuracy: 0.454327
EPOCH 123:
VALIDATION
valid epoch balanced_accuracy: 0.634615
EPOCH 124:
VALIDATION
valid epoch balanced_accuracy: 0.603365
EPOCH 125:
VALIDATION
valid epoch balanced_accuracy: 0.591346
EPOCH 126:
VALIDATION
valid epoch balanced_accuracy: 0.610577
EPOCH 127:
VALIDATION
valid epoch balanced_accuracy: 0.646635
EPOCH 128:
VALIDATION
valid epoch balanced_accuracy: 0.567308
EPOCH 129:
VALIDATION
valid epoch balanced_accuracy: 0.622596
EPOCH 130:
VALIDATION
valid epoch balanced_accuracy: 0.610577
EPOCH 131:
VALIDATION
valid epoch balanced_accuracy: 0.622596
EPOCH 132:
VALIDATION
valid epoch balanced_accuracy: 0.610577
EPOCH 133:
VALIDATION
valid epoch balanced_accuracy: 0.579327
EPOCH 134:
VALIDATION
valid epoch balanced_accuracy: 0.622596
EPOCH 135:
VALIDATION
valid epoch balanced_accuracy: 0.622596
EPOCH 136:
VALIDATION
valid epoch balanced_accuracy: 0.591346
EPOCH 137:
VALIDATION
valid epoch balanced_accuracy: 0.622596
EPOCH 138:
VALIDATION
valid epoch balanced_accuracy: 0.610577
EPOCH 139:
VALIDATION
valid epoch balanced_accuracy: 0.622596
EPOCH 140:
VALIDATION
valid epoch balanced_accuracy: 0.591346
EPOCH 141:
VALIDATION
valid epoch balanced_accuracy: 0.658654
EPOCH 142:
VALIDATION
valid epoch balanced_accuracy: 0.608173
EPOCH 143:
VALIDATION
valid epoch balanced_accuracy: 0.485577
EPOCH 144:
VALIDATION
valid epoch balanced_accuracy: 0.685096
EPOCH 145:
VALIDATION
valid epoch balanced_accuracy: 0.485577
EPOCH 146:
VALIDATION
valid epoch balanced_accuracy: 0.516827
EPOCH 147:
VALIDATION
valid epoch balanced_accuracy: 0.610577
EPOCH 148:
VALIDATION
valid epoch balanced_accuracy: 0.610577
EPOCH 149:
VALIDATION
valid epoch balanced_accuracy: 0.610577
EPOCH 150:
VALIDATION
valid epoch balanced_accuracy: 0.622596
accuracy: 0.651163
sensitivity: 0.851852
precision: 0.676471
specificity: 0.312500
IoU: 0.605263
FAR: 0.687500
F1: 0.754098
balanced_accuracy: 0.582176
loss: 0.732257
