
number of parameters : 1098455
train : (1212, 12)
valid : (60, 12)
test : (59, 12)
class weights : [1.1284916400909424, 0.897777795791626]
data extracted
EPOCH 1:
VALIDATION
valid epoch balanced_accuracy: 0.400000
EPOCH 2:
VALIDATION
valid epoch balanced_accuracy: 0.287500
EPOCH 3:
VALIDATION
valid epoch balanced_accuracy: 0.212500
EPOCH 4:
VALIDATION
valid epoch balanced_accuracy: 0.362500
EPOCH 5:
VALIDATION
valid epoch balanced_accuracy: 0.487500
EPOCH 6:
VALIDATION
valid epoch balanced_accuracy: 0.212500
EPOCH 7:
VALIDATION
valid epoch balanced_accuracy: 0.300000
EPOCH 8:
VALIDATION
valid epoch balanced_accuracy: 0.350000
EPOCH 9:
VALIDATION
valid epoch balanced_accuracy: 0.300000
EPOCH 10:
VALIDATION
valid epoch balanced_accuracy: 0.400000
EPOCH 11:
VALIDATION
valid epoch balanced_accuracy: 0.250000
EPOCH 12:
VALIDATION
valid epoch balanced_accuracy: 0.475000
EPOCH 13:
VALIDATION
valid epoch balanced_accuracy: 0.300000
EPOCH 14:
VALIDATION
valid epoch balanced_accuracy: 0.375000
EPOCH 15:
VALIDATION
valid epoch balanced_accuracy: 0.275000
EPOCH 16:
VALIDATION
valid epoch balanced_accuracy: 0.300000
EPOCH 17:
VALIDATION
valid epoch balanced_accuracy: 0.325000
EPOCH 18:
VALIDATION
valid epoch balanced_accuracy: 0.300000
EPOCH 19:
VALIDATION
valid epoch balanced_accuracy: 0.325000
EPOCH 20:
VALIDATION
valid epoch balanced_accuracy: 0.325000
EPOCH 21:
VALIDATION
valid epoch balanced_accuracy: 0.275000
EPOCH 22:
VALIDATION
valid epoch balanced_accuracy: 0.325000
EPOCH 23:
VALIDATION
valid epoch balanced_accuracy: 0.375000
EPOCH 24:
VALIDATION
valid epoch balanced_accuracy: 0.325000
EPOCH 25:
VALIDATION
valid epoch balanced_accuracy: 0.375000
EPOCH 26:
VALIDATION
valid epoch balanced_accuracy: 0.400000
EPOCH 27:
VALIDATION
valid epoch balanced_accuracy: 0.350000
EPOCH 28:
VALIDATION
valid epoch balanced_accuracy: 0.375000
EPOCH 29:
VALIDATION
valid epoch balanced_accuracy: 0.375000
EPOCH 30:
VALIDATION
valid epoch balanced_accuracy: 0.350000
EPOCH 31:
VALIDATION
valid epoch balanced_accuracy: 0.375000
EPOCH 32:
VALIDATION
valid epoch balanced_accuracy: 0.375000
EPOCH 33:
VALIDATION
valid epoch balanced_accuracy: 0.350000
EPOCH 34:
VALIDATION
valid epoch balanced_accuracy: 0.350000
EPOCH 35:
VALIDATION
valid epoch balanced_accuracy: 0.325000
EPOCH 36:
VALIDATION
valid epoch balanced_accuracy: 0.300000
EPOCH 37:
VALIDATION
valid epoch balanced_accuracy: 0.325000
EPOCH 38:
VALIDATION
valid epoch balanced_accuracy: 0.350000
EPOCH 39:
VALIDATION
valid epoch balanced_accuracy: 0.350000
EPOCH 40:
VALIDATION
valid epoch balanced_accuracy: 0.350000
EPOCH 41:
VALIDATION
valid epoch balanced_accuracy: 0.375000
EPOCH 42:
VALIDATION
valid epoch balanced_accuracy: 0.350000
EPOCH 43:
VALIDATION
valid epoch balanced_accuracy: 0.375000
EPOCH 44:
VALIDATION
valid epoch balanced_accuracy: 0.375000
EPOCH 45:
VALIDATION
valid epoch balanced_accuracy: 0.325000
EPOCH 46:
VALIDATION
valid epoch balanced_accuracy: 0.350000
EPOCH 47:
VALIDATION
valid epoch balanced_accuracy: 0.300000
EPOCH 48:
VALIDATION
valid epoch balanced_accuracy: 0.325000
EPOCH 49:
VALIDATION
valid epoch balanced_accuracy: 0.300000
EPOCH 50:
VALIDATION
valid epoch balanced_accuracy: 0.350000
EPOCH 51:
VALIDATION
valid epoch balanced_accuracy: 0.375000
EPOCH 52:
VALIDATION
valid epoch balanced_accuracy: 0.350000
EPOCH 53:
VALIDATION
valid epoch balanced_accuracy: 0.350000
EPOCH 54:
VALIDATION
valid epoch balanced_accuracy: 0.400000
EPOCH 55:
VALIDATION
valid epoch balanced_accuracy: 0.325000
EPOCH 56:
VALIDATION
valid epoch balanced_accuracy: 0.362500
EPOCH 57:
VALIDATION
valid epoch balanced_accuracy: 0.300000
EPOCH 58:
VALIDATION
valid epoch balanced_accuracy: 0.350000
EPOCH 59:
VALIDATION
valid epoch balanced_accuracy: 0.375000
EPOCH 60:
VALIDATION
valid epoch balanced_accuracy: 0.375000
EPOCH 61:
VALIDATION
valid epoch balanced_accuracy: 0.387500
EPOCH 62:
VALIDATION
valid epoch balanced_accuracy: 0.375000
EPOCH 63:
VALIDATION
valid epoch balanced_accuracy: 0.387500
EPOCH 64:
VALIDATION
valid epoch balanced_accuracy: 0.387500
EPOCH 65:
VALIDATION
valid epoch balanced_accuracy: 0.387500
EPOCH 66:
VALIDATION
valid epoch balanced_accuracy: 0.387500
EPOCH 67:
VALIDATION
valid epoch balanced_accuracy: 0.350000
EPOCH 68:
VALIDATION
valid epoch balanced_accuracy: 0.387500
EPOCH 69:
VALIDATION
valid epoch balanced_accuracy: 0.375000
EPOCH 70:
VALIDATION
valid epoch balanced_accuracy: 0.362500
EPOCH 71:
VALIDATION
valid epoch balanced_accuracy: 0.375000
EPOCH 72:
VALIDATION
valid epoch balanced_accuracy: 0.350000
EPOCH 73:
VALIDATION
valid epoch balanced_accuracy: 0.387500
EPOCH 74:
VALIDATION
valid epoch balanced_accuracy: 0.362500
EPOCH 75:
VALIDATION
valid epoch balanced_accuracy: 0.387500
EPOCH 76:
VALIDATION
valid epoch balanced_accuracy: 0.375000
EPOCH 77:
VALIDATION
valid epoch balanced_accuracy: 0.387500
EPOCH 78:
VALIDATION
valid epoch balanced_accuracy: 0.375000
EPOCH 79:
VALIDATION
valid epoch balanced_accuracy: 0.362500
EPOCH 80:
VALIDATION
valid epoch balanced_accuracy: 0.375000
EPOCH 81:
VALIDATION
valid epoch balanced_accuracy: 0.375000
EPOCH 82:
VALIDATION
valid epoch balanced_accuracy: 0.387500
EPOCH 83:
VALIDATION
valid epoch balanced_accuracy: 0.375000
EPOCH 84:
VALIDATION
valid epoch balanced_accuracy: 0.350000
EPOCH 85:
VALIDATION
valid epoch balanced_accuracy: 0.387500
EPOCH 86:
VALIDATION
valid epoch balanced_accuracy: 0.387500
EPOCH 87:
VALIDATION
valid epoch balanced_accuracy: 0.387500
EPOCH 88:
VALIDATION
valid epoch balanced_accuracy: 0.375000
EPOCH 89:
VALIDATION
valid epoch balanced_accuracy: 0.362500
EPOCH 90:
VALIDATION
valid epoch balanced_accuracy: 0.375000
EPOCH 91:
VALIDATION
valid epoch balanced_accuracy: 0.362500
EPOCH 92:
VALIDATION
valid epoch balanced_accuracy: 0.387500
EPOCH 93:
VALIDATION
valid epoch balanced_accuracy: 0.375000
EPOCH 94:
VALIDATION
valid epoch balanced_accuracy: 0.400000
EPOCH 95:
VALIDATION
valid epoch balanced_accuracy: 0.400000
EPOCH 96:
VALIDATION
valid epoch balanced_accuracy: 0.412500
EPOCH 97:
VALIDATION
valid epoch balanced_accuracy: 0.375000
EPOCH 98:
VALIDATION
valid epoch balanced_accuracy: 0.387500
EPOCH 99:
VALIDATION
valid epoch balanced_accuracy: 0.387500
EPOCH 100:
VALIDATION
valid epoch balanced_accuracy: 0.350000
EPOCH 101:
VALIDATION
valid epoch balanced_accuracy: 0.375000
EPOCH 102:
VALIDATION
valid epoch balanced_accuracy: 0.350000
EPOCH 103:
VALIDATION
valid epoch balanced_accuracy: 0.300000
EPOCH 104:
VALIDATION
valid epoch balanced_accuracy: 0.362500
EPOCH 105:
VALIDATION
valid epoch balanced_accuracy: 0.337500
EPOCH 106:
VALIDATION
valid epoch balanced_accuracy: 0.362500
EPOCH 107:
VALIDATION
valid epoch balanced_accuracy: 0.412500
EPOCH 108:
VALIDATION
valid epoch balanced_accuracy: 0.362500
EPOCH 109:
VALIDATION
valid epoch balanced_accuracy: 0.375000
EPOCH 110:
VALIDATION
valid epoch balanced_accuracy: 0.350000
EPOCH 111:
VALIDATION
valid epoch balanced_accuracy: 0.350000
EPOCH 112:
VALIDATION
valid epoch balanced_accuracy: 0.400000
EPOCH 113:
VALIDATION
valid epoch balanced_accuracy: 0.375000
EPOCH 114:
VALIDATION
valid epoch balanced_accuracy: 0.350000
EPOCH 115:
VALIDATION
valid epoch balanced_accuracy: 0.375000
EPOCH 116:
VALIDATION
valid epoch balanced_accuracy: 0.387500
EPOCH 117:
VALIDATION
valid epoch balanced_accuracy: 0.375000
EPOCH 118:
VALIDATION
valid epoch balanced_accuracy: 0.350000
EPOCH 119:
VALIDATION
valid epoch balanced_accuracy: 0.362500
EPOCH 120:
VALIDATION
valid epoch balanced_accuracy: 0.362500
EPOCH 121:
VALIDATION
valid epoch balanced_accuracy: 0.350000
EPOCH 122:
VALIDATION
valid epoch balanced_accuracy: 0.350000
EPOCH 123:
VALIDATION
valid epoch balanced_accuracy: 0.350000
EPOCH 124:
VALIDATION
valid epoch balanced_accuracy: 0.337500
EPOCH 125:
VALIDATION
valid epoch balanced_accuracy: 0.375000
EPOCH 126:
VALIDATION
valid epoch balanced_accuracy: 0.350000
EPOCH 127:
VALIDATION
valid epoch balanced_accuracy: 0.362500
EPOCH 128:
VALIDATION
valid epoch balanced_accuracy: 0.350000
EPOCH 129:
VALIDATION
valid epoch balanced_accuracy: 0.350000
EPOCH 130:
VALIDATION
valid epoch balanced_accuracy: 0.350000
EPOCH 131:
VALIDATION
valid epoch balanced_accuracy: 0.337500
EPOCH 132:
VALIDATION
valid epoch balanced_accuracy: 0.350000
EPOCH 133:
VALIDATION
valid epoch balanced_accuracy: 0.387500
EPOCH 134:
VALIDATION
valid epoch balanced_accuracy: 0.400000
EPOCH 135:
VALIDATION
valid epoch balanced_accuracy: 0.350000
EPOCH 136:
VALIDATION
valid epoch balanced_accuracy: 0.375000
EPOCH 137:
VALIDATION
valid epoch balanced_accuracy: 0.362500
EPOCH 138:
VALIDATION
valid epoch balanced_accuracy: 0.350000
EPOCH 139:
VALIDATION
valid epoch balanced_accuracy: 0.350000
EPOCH 140:
VALIDATION
valid epoch balanced_accuracy: 0.350000
EPOCH 141:
VALIDATION
valid epoch balanced_accuracy: 0.350000
EPOCH 142:
VALIDATION
valid epoch balanced_accuracy: 0.350000
EPOCH 143:
VALIDATION
valid epoch balanced_accuracy: 0.375000
EPOCH 144:
VALIDATION
valid epoch balanced_accuracy: 0.350000
EPOCH 145:
VALIDATION
valid epoch balanced_accuracy: 0.350000
EPOCH 146:
VALIDATION
valid epoch balanced_accuracy: 0.375000
EPOCH 147:
VALIDATION
valid epoch balanced_accuracy: 0.350000
EPOCH 148:
VALIDATION
valid epoch balanced_accuracy: 0.350000
EPOCH 149:
VALIDATION
valid epoch balanced_accuracy: 0.325000
EPOCH 150:
VALIDATION
valid epoch balanced_accuracy: 0.400000
accuracy: 0.186441
sensitivity: 0.073171
precision: 0.230769
specificity: 0.444444
IoU: 0.058824
FAR: 0.555556
F1: 0.111111
balanced_accuracy: 0.258808
loss: 1.038842
Traceback (most recent call last):
  File "/home/kalinina/DL_project/./training/new_train.py", line 808, in <module>
    run_test(run_summary)
  File "/home/kalinina/DL_project/./training/new_train.py", line 736, in run_test
    append_metric(
  File "/home/kalinina/DL_project/append_metric_to_table.py", line 31, in append_metric
    upsert_row(table, row)
  File "/home/kalinina/DL_project/build_metrics_table.py", line 691, in upsert_row
    with _table_lock(table_path):
  File "/home/kalinina/.conda/envs/Kalinin_project_LP/lib/python3.10/contextlib.py", line 135, in __enter__
    return next(self.gen)
  File "/home/kalinina/DL_project/build_metrics_table.py", line 680, in _table_lock
    table_path.parent.mkdir(parents=True, exist_ok=True)
AttributeError: 'str' object has no attribute 'parent'
