Waiting for exclusive access to GPU GPU-921bd90d-c98b-84ba-5b27-e17315d3441a.
=== GROUP: lipocalin | VARIANT: nps3mlp_gine_residual | SEED: 4 | GPU: Tesla V100-SXM2-32GB ===

number of parameters : 757256
train : (1076, 12)
valid : (128, 12)
test : (127, 12)
class weights : [1.312195062637329, 0.8078078031539917]
data extracted
EPOCH 1:
VALIDATION
valid epoch balanced_accuracy: 0.410417
EPOCH 2:
VALIDATION
valid epoch balanced_accuracy: 0.491667
EPOCH 3:
VALIDATION
valid epoch balanced_accuracy: 0.500000
EPOCH 4:
VALIDATION
valid epoch balanced_accuracy: 0.497917
EPOCH 5:
VALIDATION
valid epoch balanced_accuracy: 0.485417
EPOCH 6:
VALIDATION
valid epoch balanced_accuracy: 0.500000
EPOCH 7:
VALIDATION
valid epoch balanced_accuracy: 0.485417
EPOCH 8:
VALIDATION
valid epoch balanced_accuracy: 0.500000
EPOCH 9:
VALIDATION
valid epoch balanced_accuracy: 0.472917
EPOCH 10:
VALIDATION
valid epoch balanced_accuracy: 0.564583
EPOCH 11:
VALIDATION
valid epoch balanced_accuracy: 0.493750
EPOCH 12:
VALIDATION
valid epoch balanced_accuracy: 0.483333
EPOCH 13:
VALIDATION
valid epoch balanced_accuracy: 0.662500
EPOCH 14:
VALIDATION
valid epoch balanced_accuracy: 0.468750
EPOCH 15:
VALIDATION
valid epoch balanced_accuracy: 0.475000
EPOCH 16:
VALIDATION
valid epoch balanced_accuracy: 0.564583
EPOCH 17:
VALIDATION
valid epoch balanced_accuracy: 0.520833
EPOCH 18:
VALIDATION
valid epoch balanced_accuracy: 0.604167
EPOCH 19:
VALIDATION
valid epoch balanced_accuracy: 0.545833
EPOCH 20:
VALIDATION
valid epoch balanced_accuracy: 0.583333
EPOCH 21:
VALIDATION
valid epoch balanced_accuracy: 0.441667
EPOCH 22:
VALIDATION
valid epoch balanced_accuracy: 0.527083
EPOCH 23:
VALIDATION
valid epoch balanced_accuracy: 0.637500
EPOCH 24:
VALIDATION
valid epoch balanced_accuracy: 0.589583
EPOCH 25:
VALIDATION
valid epoch balanced_accuracy: 0.533333
EPOCH 26:
VALIDATION
valid epoch balanced_accuracy: 0.533333
EPOCH 27:
VALIDATION
valid epoch balanced_accuracy: 0.585417
EPOCH 28:
VALIDATION
valid epoch balanced_accuracy: 0.597917
EPOCH 29:
VALIDATION
valid epoch balanced_accuracy: 0.550000
EPOCH 30:
VALIDATION
valid epoch balanced_accuracy: 0.547917
EPOCH 31:
VALIDATION
valid epoch balanced_accuracy: 0.643750
EPOCH 32:
VALIDATION
valid epoch balanced_accuracy: 0.533333
EPOCH 33:
VALIDATION
valid epoch balanced_accuracy: 0.577083
EPOCH 34:
VALIDATION
valid epoch balanced_accuracy: 0.556250
EPOCH 35:
VALIDATION
valid epoch balanced_accuracy: 0.581250
EPOCH 36:
VALIDATION
valid epoch balanced_accuracy: 0.600000
EPOCH 37:
VALIDATION
valid epoch balanced_accuracy: 0.583333
EPOCH 38:
VALIDATION
valid epoch balanced_accuracy: 0.545833
EPOCH 39:
VALIDATION
valid epoch balanced_accuracy: 0.552083
EPOCH 40:
VALIDATION
valid epoch balanced_accuracy: 0.606250
EPOCH 41:
VALIDATION
valid epoch balanced_accuracy: 0.614583
EPOCH 42:
VALIDATION
valid epoch balanced_accuracy: 0.625000
EPOCH 43:
VALIDATION
valid epoch balanced_accuracy: 0.587500
EPOCH 44:
VALIDATION
valid epoch balanced_accuracy: 0.604167
EPOCH 45:
VALIDATION
valid epoch balanced_accuracy: 0.583333
EPOCH 46:
VALIDATION
valid epoch balanced_accuracy: 0.547917
EPOCH 47:
VALIDATION
valid epoch balanced_accuracy: 0.606250
EPOCH 48:
VALIDATION
valid epoch balanced_accuracy: 0.606250
EPOCH 49:
VALIDATION
valid epoch balanced_accuracy: 0.577083
EPOCH 50:
VALIDATION
valid epoch balanced_accuracy: 0.570833
EPOCH 51:
VALIDATION
valid epoch balanced_accuracy: 0.575000
EPOCH 52:
VALIDATION
valid epoch balanced_accuracy: 0.516667
EPOCH 53:
VALIDATION
valid epoch balanced_accuracy: 0.585417
EPOCH 54:
VALIDATION
valid epoch balanced_accuracy: 0.483333
EPOCH 55:
VALIDATION
valid epoch balanced_accuracy: 0.581250
EPOCH 56:
VALIDATION
valid epoch balanced_accuracy: 0.545833
EPOCH 57:
VALIDATION
valid epoch balanced_accuracy: 0.568750
EPOCH 58:
VALIDATION
valid epoch balanced_accuracy: 0.564583
EPOCH 59:
VALIDATION
valid epoch balanced_accuracy: 0.572917
EPOCH 60:
VALIDATION
valid epoch balanced_accuracy: 0.554167
EPOCH 61:
