Waiting for exclusive access to GPU GPU-2d5902cd-23a5-47b3-627e-daf5e3430212.
=== GROUP: IP_trans | VARIANT: bbp_nps3mlp_dpt01_gm_pu005 | SEED: 4 | GPU: NVIDIA H200 ===

number of parameters : 1403984
train : (1382, 12)
valid : (65, 12)
test : (65, 12)
PU rho : 0.525000
class weights : [1.0, 1.0]
balanced batches : 87 per epoch covering all 1382 train rows, target 8 positive + 8 unlabeled
data extracted
EPOCH 1:
PU nnPU correction: 0/87 batches, min negative_loss=0.224369, mean negative_loss=0.252178
VALIDATION
valid epoch balanced_accuracy: 0.678843
EPOCH 2:
PU nnPU correction: 0/87 batches, min negative_loss=0.056738, mean negative_loss=0.230216
VALIDATION
valid epoch balanced_accuracy: 0.645161
EPOCH 3:
PU nnPU correction: 1/87 batches, min negative_loss=-0.003782, mean negative_loss=0.208590
VALIDATION
valid epoch balanced_accuracy: 0.794592
EPOCH 4:
PU nnPU correction: 2/87 batches, min negative_loss=-0.011203, mean negative_loss=0.204791
VALIDATION
valid epoch balanced_accuracy: 0.781309
EPOCH 5:
PU nnPU correction: 0/87 batches, min negative_loss=0.031763, mean negative_loss=0.234850
VALIDATION
valid epoch balanced_accuracy: 0.694972
EPOCH 6:
PU nnPU correction: 1/87 batches, min negative_loss=-0.016055, mean negative_loss=0.212830
VALIDATION
valid epoch balanced_accuracy: 0.678843
EPOCH 7:
PU nnPU correction: 0/87 batches, min negative_loss=0.011939, mean negative_loss=0.230609
VALIDATION
valid epoch balanced_accuracy: 0.728653
EPOCH 8:
PU nnPU correction: 1/87 batches, min negative_loss=-0.015849, mean negative_loss=0.200321
VALIDATION
valid epoch balanced_accuracy: 0.619545
EPOCH 9:
PU nnPU correction: 5/87 batches, min negative_loss=-0.016771, mean negative_loss=0.170880
VALIDATION
valid epoch balanced_accuracy: 0.546015
EPOCH 10:
PU nnPU correction: 3/87 batches, min negative_loss=-0.020980, mean negative_loss=0.175869
VALIDATION
valid epoch balanced_accuracy: 0.690228
EPOCH 11:
PU nnPU correction: 2/87 batches, min negative_loss=-0.018540, mean negative_loss=0.156449
VALIDATION
valid epoch balanced_accuracy: 0.715370
EPOCH 12:
PU nnPU correction: 2/87 batches, min negative_loss=-0.018044, mean negative_loss=0.167511
VALIDATION
valid epoch balanced_accuracy: 0.515180
EPOCH 13:
PU nnPU correction: 1/87 batches, min negative_loss=-0.007257, mean negative_loss=0.194642
VALIDATION
valid epoch balanced_accuracy: 0.693548
EPOCH 14:
PU nnPU correction: 6/87 batches, min negative_loss=-0.018731, mean negative_loss=0.206562
VALIDATION
valid epoch balanced_accuracy: 0.716793
EPOCH 15:
PU nnPU correction: 3/87 batches, min negative_loss=-0.021802, mean negative_loss=0.164091
VALIDATION
valid epoch balanced_accuracy: 0.466793
EPOCH 16:
PU nnPU correction: 2/87 batches, min negative_loss=-0.024972, mean negative_loss=0.161612
VALIDATION
valid epoch balanced_accuracy: 0.482922
EPOCH 17:
PU nnPU correction: 2/87 batches, min negative_loss=-0.018744, mean negative_loss=0.167379
VALIDATION
valid epoch balanced_accuracy: 0.500474
EPOCH 18:
PU nnPU correction: 3/87 batches, min negative_loss=-0.024933, mean negative_loss=0.160607
VALIDATION
valid epoch balanced_accuracy: 0.471063
EPOCH 19:
PU nnPU correction: 2/87 batches, min negative_loss=-0.015825, mean negative_loss=0.156842
VALIDATION
valid epoch balanced_accuracy: 0.471063
EPOCH 20:
PU nnPU correction: 5/87 batches, min negative_loss=-0.019538, mean negative_loss=0.136567
VALIDATION
valid epoch balanced_accuracy: 0.472486
EPOCH 21:
PU nnPU correction: 1/87 batches, min negative_loss=-0.024993, mean negative_loss=0.178608
VALIDATION
valid epoch balanced_accuracy: 0.515180
EPOCH 22:
PU nnPU correction: 5/87 batches, min negative_loss=-0.021609, mean negative_loss=0.148704
VALIDATION
valid epoch balanced_accuracy: 0.515180
EPOCH 23:
PU nnPU correction: 1/87 batches, min negative_loss=-0.018791, mean negative_loss=0.156397
VALIDATION
valid epoch balanced_accuracy: 0.711101
EPOCH 24:
PU nnPU correction: 1/87 batches, min negative_loss=-0.018746, mean negative_loss=0.184283
VALIDATION
valid epoch balanced_accuracy: 0.484345
EPOCH 25:
PU nnPU correction: 3/87 batches, min negative_loss=-0.018749, mean negative_loss=0.133815
VALIDATION
valid epoch balanced_accuracy: 0.487192
EPOCH 26:
PU nnPU correction: 4/87 batches, min negative_loss=-0.018601, mean negative_loss=0.149074
VALIDATION
valid epoch balanced_accuracy: 0.529886
EPOCH 27:
PU nnPU correction: 4/87 batches, min negative_loss=-0.021423, mean negative_loss=0.144185
VALIDATION
valid epoch balanced_accuracy: 0.711101
EPOCH 28:
PU nnPU correction: 1/87 batches, min negative_loss=-0.012500, mean negative_loss=0.149633
VALIDATION
valid epoch balanced_accuracy: 0.454934
EPOCH 29:
PU nnPU correction: 2/87 batches, min negative_loss=-0.024946, mean negative_loss=0.163074
VALIDATION
valid epoch balanced_accuracy: 0.662713
EPOCH 30:
PU nnPU correction: 3/87 batches, min negative_loss=-0.024939, mean negative_loss=0.144504
VALIDATION
valid epoch balanced_accuracy: 0.437381
EPOCH 31:
PU nnPU correction: 7/87 batches, min negative_loss=-0.021354, mean negative_loss=0.104771
VALIDATION
valid epoch balanced_accuracy: 0.712524
EPOCH 32:
PU nnPU correction: 10/87 batches, min negative_loss=-0.024174, mean negative_loss=0.096983
VALIDATION
valid epoch balanced_accuracy: 0.471063
EPOCH 33:
PU nnPU correction: 10/87 batches, min negative_loss=-0.021841, mean negative_loss=0.095264
VALIDATION
valid epoch balanced_accuracy: 0.454934
EPOCH 34:
PU nnPU correction: 11/87 batches, min negative_loss=-0.024991, mean negative_loss=0.091217
VALIDATION
valid epoch balanced_accuracy: 0.422676
EPOCH 35:
PU nnPU correction: 22/87 batches, min negative_loss=-0.024996, mean negative_loss=0.079622
VALIDATION
valid epoch balanced_accuracy: 0.740038
EPOCH 36:
PU nnPU correction: 10/87 batches, min negative_loss=-0.021780, mean negative_loss=0.086337
VALIDATION
valid epoch balanced_accuracy: 0.613852
EPOCH 37:
PU nnPU correction: 11/87 batches, min negative_loss=-0.024970, mean negative_loss=0.096177
VALIDATION
valid epoch balanced_accuracy: 0.454934
EPOCH 38:
PU nnPU correction: 9/87 batches, min negative_loss=-0.021848, mean negative_loss=0.086754
VALIDATION
valid epoch balanced_accuracy: 0.487192
EPOCH 39:
PU nnPU correction: 12/87 batches, min negative_loss=-0.024849, mean negative_loss=0.086516
VALIDATION
valid epoch balanced_accuracy: 0.452087
EPOCH 40:
PU nnPU correction: 13/87 batches, min negative_loss=-0.021989, mean negative_loss=0.076704
VALIDATION
valid epoch balanced_accuracy: 0.712524
EPOCH 41:
PU nnPU correction: 13/87 batches, min negative_loss=-0.024995, mean negative_loss=0.093733
VALIDATION
valid epoch balanced_accuracy: 0.731499
EPOCH 42:
PU nnPU correction: 11/87 batches, min negative_loss=-0.024834, mean negative_loss=0.090466
VALIDATION
valid epoch balanced_accuracy: 0.438805
EPOCH 43:
PU nnPU correction: 18/87 batches, min negative_loss=-0.023956, mean negative_loss=0.071987
VALIDATION
valid epoch balanced_accuracy: 0.437381
EPOCH 44:
PU nnPU correction: 15/87 batches, min negative_loss=-0.024967, mean negative_loss=0.081077
VALIDATION
valid epoch balanced_accuracy: 0.452087
EPOCH 45:
PU nnPU correction: 15/87 batches, min negative_loss=-0.021874, mean negative_loss=0.077940
VALIDATION
valid epoch balanced_accuracy: 0.674099
EPOCH 46:
PU nnPU correction: 8/87 batches, min negative_loss=-0.021715, mean negative_loss=0.122286
VALIDATION
valid epoch balanced_accuracy: 0.713947
EPOCH 47:
PU nnPU correction: 9/87 batches, min negative_loss=-0.019272, mean negative_loss=0.113336
VALIDATION
valid epoch balanced_accuracy: 0.422676
EPOCH 48:
PU nnPU correction: 15/87 batches, min negative_loss=-0.025000, mean negative_loss=0.078244
VALIDATION
valid epoch balanced_accuracy: 0.438805
EPOCH 49:
PU nnPU correction: 16/87 batches, min negative_loss=-0.024999, mean negative_loss=0.072906
VALIDATION
valid epoch balanced_accuracy: 0.453510
EPOCH 50:
PU nnPU correction: 19/87 batches, min negative_loss=-0.024988, mean negative_loss=0.073440
VALIDATION
valid epoch balanced_accuracy: 0.422676
EPOCH 51:
PU nnPU correction: 18/87 batches, min negative_loss=-0.024979, mean negative_loss=0.077265
VALIDATION
valid epoch balanced_accuracy: 0.471063
EPOCH 52:
PU nnPU correction: 18/87 batches, min negative_loss=-0.024134, mean negative_loss=0.077212
VALIDATION
valid epoch balanced_accuracy: 0.437381
EPOCH 53:
PU nnPU correction: 11/87 batches, min negative_loss=-0.024997, mean negative_loss=0.087617
VALIDATION
valid epoch balanced_accuracy: 0.438805
EPOCH 54:
PU nnPU correction: 16/87 batches, min negative_loss=-0.024985, mean negative_loss=0.079802
VALIDATION
valid epoch balanced_accuracy: 0.454934
EPOCH 55:
PU nnPU correction: 17/87 batches, min negative_loss=-0.024999, mean negative_loss=0.074314
VALIDATION
valid epoch balanced_accuracy: 0.437381
EPOCH 56:
PU nnPU correction: 15/87 batches, min negative_loss=-0.024930, mean negative_loss=0.079271
VALIDATION
valid epoch balanced_accuracy: 0.675522
EPOCH 57:
PU nnPU correction: 4/87 batches, min negative_loss=-0.024985, mean negative_loss=0.124100
VALIDATION
valid epoch balanced_accuracy: 0.762334
EPOCH 58:
PU nnPU correction: 9/87 batches, min negative_loss=-0.024064, mean negative_loss=0.098033
VALIDATION
valid epoch balanced_accuracy: 0.466793
EPOCH 59:
PU nnPU correction: 10/87 batches, min negative_loss=-0.024998, mean negative_loss=0.104520
VALIDATION
valid epoch balanced_accuracy: 0.466793
EPOCH 60:
PU nnPU correction: 12/87 batches, min negative_loss=-0.024998, mean negative_loss=0.083083
VALIDATION
valid epoch balanced_accuracy: 0.727230
EPOCH 61:
PU nnPU correction: 15/87 batches, min negative_loss=-0.024992, mean negative_loss=0.080799
VALIDATION
valid epoch balanced_accuracy: 0.438805
EPOCH 62:
PU nnPU correction: 19/87 batches, min negative_loss=-0.025000, mean negative_loss=0.077244
VALIDATION
valid epoch balanced_accuracy: 0.422676
EPOCH 63:
PU nnPU correction: 15/87 batches, min negative_loss=-0.024996, mean negative_loss=0.090563
VALIDATION
valid epoch balanced_accuracy: 0.555028
EPOCH 64:
PU nnPU correction: 20/87 batches, min negative_loss=-0.024998, mean negative_loss=0.079623
VALIDATION
valid epoch balanced_accuracy: 0.438805
EPOCH 65:
PU nnPU correction: 18/87 batches, min negative_loss=-0.024996, mean negative_loss=0.078371
VALIDATION
valid epoch balanced_accuracy: 0.481499
EPOCH 66:
PU nnPU correction: 11/87 batches, min negative_loss=-0.024999, mean negative_loss=0.089782
VALIDATION
valid epoch balanced_accuracy: 0.484345
EPOCH 67:
PU nnPU correction: 15/87 batches, min negative_loss=-0.024997, mean negative_loss=0.078022
VALIDATION
valid epoch balanced_accuracy: 0.453510
EPOCH 68:
PU nnPU correction: 11/87 batches, min negative_loss=-0.024997, mean negative_loss=0.112164
VALIDATION
valid epoch balanced_accuracy: 0.438805
EPOCH 69:
PU nnPU correction: 15/87 batches, min negative_loss=-0.022804, mean negative_loss=0.072331
VALIDATION
valid epoch balanced_accuracy: 0.453510
EPOCH 70:
PU nnPU correction: 12/87 batches, min negative_loss=-0.024998, mean negative_loss=0.082690
VALIDATION
valid epoch balanced_accuracy: 0.422676
EPOCH 71:
PU nnPU correction: 15/87 batches, min negative_loss=-0.025000, mean negative_loss=0.084512
VALIDATION
valid epoch balanced_accuracy: 0.422676
EPOCH 72:
PU nnPU correction: 9/87 batches, min negative_loss=-0.021847, mean negative_loss=0.081181
VALIDATION
valid epoch balanced_accuracy: 0.422676
EPOCH 73:
PU nnPU correction: 8/87 batches, min negative_loss=-0.024986, mean negative_loss=0.088886
VALIDATION
valid epoch balanced_accuracy: 0.712524
EPOCH 74:
PU nnPU correction: 11/87 batches, min negative_loss=-0.024982, mean negative_loss=0.091923
VALIDATION
valid epoch balanced_accuracy: 0.694972
EPOCH 75:
PU nnPU correction: 10/87 batches, min negative_loss=-0.024992, mean negative_loss=0.093376
VALIDATION
valid epoch balanced_accuracy: 0.655123
EPOCH 76:
PU nnPU correction: 19/87 batches, min negative_loss=-0.024999, mean negative_loss=0.079078
VALIDATION
valid epoch balanced_accuracy: 0.540323
EPOCH 77:
PU nnPU correction: 16/87 batches, min negative_loss=-0.024999, mean negative_loss=0.096365
VALIDATION
valid epoch balanced_accuracy: 0.711101
EPOCH 78:
PU nnPU correction: 10/87 batches, min negative_loss=-0.024998, mean negative_loss=0.101491
VALIDATION
valid epoch balanced_accuracy: 0.592030
EPOCH 79:
PU nnPU correction: 15/87 batches, min negative_loss=-0.024999, mean negative_loss=0.087404
VALIDATION
valid epoch balanced_accuracy: 0.540323
EPOCH 80:
PU nnPU correction: 16/87 batches, min negative_loss=-0.024992, mean negative_loss=0.089486
VALIDATION
valid epoch balanced_accuracy: 0.728653
EPOCH 81:
PU nnPU correction: 16/87 batches, min negative_loss=-0.024997, mean negative_loss=0.091652
VALIDATION
valid epoch balanced_accuracy: 0.662713
EPOCH 82:
PU nnPU correction: 15/87 batches, min negative_loss=-0.024915, mean negative_loss=0.089042
VALIDATION
valid epoch balanced_accuracy: 0.584440
EPOCH 83:
PU nnPU correction: 17/87 batches, min negative_loss=-0.025000, mean negative_loss=0.073650
VALIDATION
valid epoch balanced_accuracy: 0.453510
EPOCH 84:
PU nnPU correction: 13/87 batches, min negative_loss=-0.021871, mean negative_loss=0.078881
VALIDATION
valid epoch balanced_accuracy: 0.438805
EPOCH 85:
PU nnPU correction: 14/87 batches, min negative_loss=-0.024951, mean negative_loss=0.076633
VALIDATION
valid epoch balanced_accuracy: 0.487192
EPOCH 86:
PU nnPU correction: 16/87 batches, min negative_loss=-0.021875, mean negative_loss=0.077475
VALIDATION
valid epoch balanced_accuracy: 0.453510
EPOCH 87:
PU nnPU correction: 15/87 batches, min negative_loss=-0.024894, mean negative_loss=0.080342
VALIDATION
valid epoch balanced_accuracy: 0.584440
EPOCH 88:
PU nnPU correction: 11/87 batches, min negative_loss=-0.021839, mean negative_loss=0.082395
VALIDATION
valid epoch balanced_accuracy: 0.438805
EPOCH 89:
PU nnPU correction: 14/87 batches, min negative_loss=-0.024994, mean negative_loss=0.069565
VALIDATION
valid epoch balanced_accuracy: 0.743359
EPOCH 90:
PU nnPU correction: 13/87 batches, min negative_loss=-0.025000, mean negative_loss=0.080044
VALIDATION
valid epoch balanced_accuracy: 0.696395
EPOCH 91:
PU nnPU correction: 12/87 batches, min negative_loss=-0.025000, mean negative_loss=0.084072
VALIDATION
valid epoch balanced_accuracy: 0.696395
EPOCH 92:
PU nnPU correction: 13/87 batches, min negative_loss=-0.024995, mean negative_loss=0.075017
VALIDATION
valid epoch balanced_accuracy: 0.438805
EPOCH 93:
PU nnPU correction: 24/87 batches, min negative_loss=-0.025000, mean negative_loss=0.067550
VALIDATION
valid epoch balanced_accuracy: 0.438805
EPOCH 94:
PU nnPU correction: 22/87 batches, min negative_loss=-0.021931, mean negative_loss=0.067771
VALIDATION
valid epoch balanced_accuracy: 0.685958
EPOCH 95:
PU nnPU correction: 16/87 batches, min negative_loss=-0.025000, mean negative_loss=0.077664
VALIDATION
valid epoch balanced_accuracy: 0.685958
EPOCH 96:
PU nnPU correction: 17/87 batches, min negative_loss=-0.024974, mean negative_loss=0.089389
VALIDATION
valid epoch balanced_accuracy: 0.744782
EPOCH 97:
PU nnPU correction: 23/87 batches, min negative_loss=-0.025000, mean negative_loss=0.079018
VALIDATION
valid epoch balanced_accuracy: 0.532732
EPOCH 98:
PU nnPU correction: 13/87 batches, min negative_loss=-0.024816, mean negative_loss=0.077386
VALIDATION
valid epoch balanced_accuracy: 0.793169
EPOCH 99:
PU nnPU correction: 11/87 batches, min negative_loss=-0.021874, mean negative_loss=0.098424
VALIDATION
valid epoch balanced_accuracy: 0.487192
EPOCH 100:
PU nnPU correction: 21/87 batches, min negative_loss=-0.025000, mean negative_loss=0.067891
VALIDATION
valid epoch balanced_accuracy: 0.503321
EPOCH 101:
PU nnPU correction: 21/87 batches, min negative_loss=-0.024999, mean negative_loss=0.068395
VALIDATION
valid epoch balanced_accuracy: 0.575427
EPOCH 102:
PU nnPU correction: 16/87 batches, min negative_loss=-0.024993, mean negative_loss=0.069665
VALIDATION
valid epoch balanced_accuracy: 0.487192
EPOCH 103:
PU nnPU correction: 21/87 batches, min negative_loss=-0.025000, mean negative_loss=0.067275
VALIDATION
valid epoch balanced_accuracy: 0.487192
EPOCH 104:
PU nnPU correction: 20/87 batches, min negative_loss=-0.024997, mean negative_loss=0.073610
VALIDATION
valid epoch balanced_accuracy: 0.765180
EPOCH 105:
PU nnPU correction: 14/87 batches, min negative_loss=-0.025000, mean negative_loss=0.073493
VALIDATION
valid epoch balanced_accuracy: 0.643264
EPOCH 106:
PU nnPU correction: 16/87 batches, min negative_loss=-0.025000, mean negative_loss=0.079564
VALIDATION
valid epoch balanced_accuracy: 0.762334
EPOCH 107:
PU nnPU correction: 19/87 batches, min negative_loss=-0.024999, mean negative_loss=0.063192
VALIDATION
valid epoch balanced_accuracy: 0.538425
EPOCH 108:
PU nnPU correction: 9/87 batches, min negative_loss=-0.024999, mean negative_loss=0.125544
VALIDATION
valid epoch balanced_accuracy: 0.746205
EPOCH 109:
PU nnPU correction: 18/87 batches, min negative_loss=-0.024999, mean negative_loss=0.065732
VALIDATION
valid epoch balanced_accuracy: 0.662713
EPOCH 110:
PU nnPU correction: 19/87 batches, min negative_loss=-0.025000, mean negative_loss=0.073155
VALIDATION
valid epoch balanced_accuracy: 0.723909
EPOCH 111:
PU nnPU correction: 10/87 batches, min negative_loss=-0.025000, mean negative_loss=0.110819
VALIDATION
valid epoch balanced_accuracy: 0.728653
EPOCH 112:
PU nnPU correction: 11/87 batches, min negative_loss=-0.021875, mean negative_loss=0.075305
VALIDATION
valid epoch balanced_accuracy: 0.663662
EPOCH 113:
PU nnPU correction: 7/87 batches, min negative_loss=-0.024932, mean negative_loss=0.083037
VALIDATION
valid epoch balanced_accuracy: 0.703510
EPOCH 114:
PU nnPU correction: 15/87 batches, min negative_loss=-0.021875, mean negative_loss=0.080455
VALIDATION
valid epoch balanced_accuracy: 0.709203
EPOCH 115:
PU nnPU correction: 15/87 batches, min negative_loss=-0.024999, mean negative_loss=0.079639
VALIDATION
valid epoch balanced_accuracy: 0.707780
EPOCH 116:
PU nnPU correction: 11/87 batches, min negative_loss=-0.021874, mean negative_loss=0.092055
VALIDATION
valid epoch balanced_accuracy: 0.723909
EPOCH 117:
PU nnPU correction: 19/87 batches, min negative_loss=-0.025000, mean negative_loss=0.082535
VALIDATION
valid epoch balanced_accuracy: 0.723909
EPOCH 118:
PU nnPU correction: 23/87 batches, min negative_loss=-0.024999, mean negative_loss=0.075032
VALIDATION
valid epoch balanced_accuracy: 0.723909
EPOCH 119:
PU nnPU correction: 17/87 batches, min negative_loss=-0.025000, mean negative_loss=0.076863
VALIDATION
valid epoch balanced_accuracy: 0.750474
EPOCH 120:
PU nnPU correction: 17/87 batches, min negative_loss=-0.025000, mean negative_loss=0.073176
VALIDATION
valid epoch balanced_accuracy: 0.763757
EPOCH 121:
PU nnPU correction: 17/87 batches, min negative_loss=-0.025000, mean negative_loss=0.078430
VALIDATION
valid epoch balanced_accuracy: 0.687381
EPOCH 122:
PU nnPU correction: 20/87 batches, min negative_loss=-0.021874, mean negative_loss=0.071139
VALIDATION
valid epoch balanced_accuracy: 0.732922
EPOCH 123:
PU nnPU correction: 10/87 batches, min negative_loss=-0.024999, mean negative_loss=0.083978
VALIDATION
valid epoch balanced_accuracy: 0.584440
EPOCH 124:
PU nnPU correction: 19/87 batches, min negative_loss=-0.025000, mean negative_loss=0.077541
VALIDATION
valid epoch balanced_accuracy: 0.454934
EPOCH 125:
PU nnPU correction: 21/87 batches, min negative_loss=-0.024077, mean negative_loss=0.067917
VALIDATION
valid epoch balanced_accuracy: 0.730076
EPOCH 126:
PU nnPU correction: 22/87 batches, min negative_loss=-0.025000, mean negative_loss=0.076383
VALIDATION
valid epoch balanced_accuracy: 0.520873
EPOCH 127:
PU nnPU correction: 35/87 batches, min negative_loss=-0.019247, mean negative_loss=0.038387
VALIDATION
valid epoch balanced_accuracy: 0.438805
EPOCH 128:
PU nnPU correction: 25/87 batches, min negative_loss=-0.018750, mean negative_loss=0.056593
VALIDATION
valid epoch balanced_accuracy: 0.546015
EPOCH 129:
PU nnPU correction: 12/87 batches, min negative_loss=-0.021876, mean negative_loss=0.084315
VALIDATION
valid epoch balanced_accuracy: 0.648956
EPOCH 130:
PU nnPU correction: 16/87 batches, min negative_loss=-0.022034, mean negative_loss=0.071234
VALIDATION
valid epoch balanced_accuracy: 0.643264
EPOCH 131:
PU nnPU correction: 8/87 batches, min negative_loss=-0.025000, mean negative_loss=0.093578
VALIDATION
valid epoch balanced_accuracy: 0.779886
EPOCH 132:
PU nnPU correction: 15/87 batches, min negative_loss=-0.021875, mean negative_loss=0.086957
VALIDATION
valid epoch balanced_accuracy: 0.760911
EPOCH 133:
PU nnPU correction: 13/87 batches, min negative_loss=-0.024997, mean negative_loss=0.082950
VALIDATION
valid epoch balanced_accuracy: 0.727230
EPOCH 134:
PU nnPU correction: 11/87 batches, min negative_loss=-0.021875, mean negative_loss=0.079033
VALIDATION
valid epoch balanced_accuracy: 0.711101
EPOCH 135:
PU nnPU correction: 19/87 batches, min negative_loss=-0.024997, mean negative_loss=0.078884
VALIDATION
valid epoch balanced_accuracy: 0.722486
EPOCH 136:
PU nnPU correction: 19/87 batches, min negative_loss=-0.025000, mean negative_loss=0.072203
VALIDATION
valid epoch balanced_accuracy: 0.747628
EPOCH 137:
PU nnPU correction: 18/87 batches, min negative_loss=-0.025000, mean negative_loss=0.070157
VALIDATION
valid epoch balanced_accuracy: 0.762334
EPOCH 138:
PU nnPU correction: 21/87 batches, min negative_loss=-0.025000, mean negative_loss=0.071591
VALIDATION
valid epoch balanced_accuracy: 0.749051
EPOCH 139:
PU nnPU correction: 18/87 batches, min negative_loss=-0.024994, mean negative_loss=0.066599
VALIDATION
valid epoch balanced_accuracy: 0.777040
EPOCH 140:
PU nnPU correction: 8/87 batches, min negative_loss=-0.024963, mean negative_loss=0.078298
VALIDATION
valid epoch balanced_accuracy: 0.777040
EPOCH 141:
PU nnPU correction: 15/87 batches, min negative_loss=-0.025000, mean negative_loss=0.077461
VALIDATION
valid epoch balanced_accuracy: 0.453510
EPOCH 142:
PU nnPU correction: 19/87 batches, min negative_loss=-0.025000, mean negative_loss=0.068641
VALIDATION
valid epoch balanced_accuracy: 0.749051
EPOCH 143:
PU nnPU correction: 15/87 batches, min negative_loss=-0.025000, mean negative_loss=0.070250
VALIDATION
valid epoch balanced_accuracy: 0.501898
EPOCH 144:
PU nnPU correction: 19/87 batches, min negative_loss=-0.025000, mean negative_loss=0.072493
VALIDATION
valid epoch balanced_accuracy: 0.715370
EPOCH 145:
PU nnPU correction: 19/87 batches, min negative_loss=-0.024999, mean negative_loss=0.074724
VALIDATION
valid epoch balanced_accuracy: 0.510911
EPOCH 146:
PU nnPU correction: 17/87 batches, min negative_loss=-0.025000, mean negative_loss=0.067810
VALIDATION
valid epoch balanced_accuracy: 0.568311
EPOCH 147:
PU nnPU correction: 16/87 batches, min negative_loss=-0.024997, mean negative_loss=0.077107
VALIDATION
valid epoch balanced_accuracy: 0.627135
EPOCH 148:
PU nnPU correction: 23/87 batches, min negative_loss=-0.025000, mean negative_loss=0.069904
VALIDATION
valid epoch balanced_accuracy: 0.437381
EPOCH 149:
PU nnPU correction: 25/87 batches, min negative_loss=-0.024994, mean negative_loss=0.061182
VALIDATION
valid epoch balanced_accuracy: 0.647533
EPOCH 150:
PU nnPU correction: 22/87 batches, min negative_loss=-0.024586, mean negative_loss=0.058330
VALIDATION
valid epoch balanced_accuracy: 0.597723
accuracy: 0.600000
sensitivity: 0.870968
precision: 0.551020
specificity: 0.352941
IoU: 0.509434
FAR: 0.647059
F1: 0.675000
balanced_accuracy: 0.611954
loss: 0.357299
