
number of parameters : 1403984
train : (1382, 12)
valid : (65, 12)
test : (65, 12)
PU rho : 0.525000
class weights : [1.0, 1.0]
balanced batches : 87 per epoch covering all 1382 train rows, target 8 positive + 8 unlabeled
data extracted
EPOCH 1:
PU nnPU correction: 0/87 batches, min negative_loss=0.250264, mean negative_loss=0.289687
VALIDATION
valid epoch balanced_accuracy: 0.500000
EPOCH 2:
PU nnPU correction: 0/87 batches, min negative_loss=0.066949, mean negative_loss=0.333797
VALIDATION
valid epoch balanced_accuracy: 0.566667
EPOCH 3:
PU nnPU correction: 0/87 batches, min negative_loss=0.033970, mean negative_loss=0.234003
VALIDATION
valid epoch balanced_accuracy: 0.619048
EPOCH 4:
PU nnPU correction: 1/87 batches, min negative_loss=-0.002368, mean negative_loss=0.006050
VALIDATION
valid epoch balanced_accuracy: 0.500000
EPOCH 5:
PU nnPU correction: 0/87 batches, min negative_loss=0.000973, mean negative_loss=0.002996
VALIDATION
valid epoch balanced_accuracy: 0.500000
EPOCH 6:
PU nnPU correction: 0/87 batches, min negative_loss=0.004872, mean negative_loss=0.102610
VALIDATION
valid epoch balanced_accuracy: 0.707143
EPOCH 7:
PU nnPU correction: 0/87 batches, min negative_loss=0.038732, mean negative_loss=0.272139
VALIDATION
valid epoch balanced_accuracy: 0.566667
EPOCH 8:
PU nnPU correction: 5/87 batches, min negative_loss=-0.003224, mean negative_loss=0.053005
VALIDATION
valid epoch balanced_accuracy: 0.500000
EPOCH 9:
PU nnPU correction: 0/87 batches, min negative_loss=0.000069, mean negative_loss=0.000240
VALIDATION
valid epoch balanced_accuracy: 0.500000
EPOCH 10:
PU nnPU correction: 0/87 batches, min negative_loss=0.000096, mean negative_loss=0.000279
VALIDATION
valid epoch balanced_accuracy: 0.500000
EPOCH 11:
PU nnPU correction: 0/87 batches, min negative_loss=0.000097, mean negative_loss=0.000361
VALIDATION
valid epoch balanced_accuracy: 0.500000
EPOCH 12:
PU nnPU correction: 0/87 batches, min negative_loss=0.000191, mean negative_loss=0.000527
VALIDATION
valid epoch balanced_accuracy: 0.500000
EPOCH 13:
PU nnPU correction: 0/87 batches, min negative_loss=0.000309, mean negative_loss=0.000813
VALIDATION
valid epoch balanced_accuracy: 0.500000
EPOCH 14:
PU nnPU correction: 0/87 batches, min negative_loss=0.000694, mean negative_loss=0.039941
VALIDATION
valid epoch balanced_accuracy: 0.609524
EPOCH 15:
PU nnPU correction: 0/87 batches, min negative_loss=0.007090, mean negative_loss=0.273001
VALIDATION
valid epoch balanced_accuracy: 0.738095
EPOCH 16:
PU nnPU correction: 0/87 batches, min negative_loss=0.041474, mean negative_loss=0.246096
VALIDATION
valid epoch balanced_accuracy: 0.623810
EPOCH 17:
PU nnPU correction: 0/87 batches, min negative_loss=0.044701, mean negative_loss=0.267637
VALIDATION
valid epoch balanced_accuracy: 0.623810
EPOCH 18:
PU nnPU correction: 1/87 batches, min negative_loss=-0.014957, mean negative_loss=0.244882
VALIDATION
valid epoch balanced_accuracy: 0.580952
EPOCH 19:
PU nnPU correction: 2/87 batches, min negative_loss=-0.009713, mean negative_loss=0.273350
VALIDATION
valid epoch balanced_accuracy: 0.528571
EPOCH 20:
PU nnPU correction: 0/87 batches, min negative_loss=0.287684, mean negative_loss=0.454227
VALIDATION
valid epoch balanced_accuracy: 0.500000
EPOCH 21:
PU nnPU correction: 0/87 batches, min negative_loss=0.474485, mean negative_loss=0.474952
VALIDATION
valid epoch balanced_accuracy: 0.500000
EPOCH 22:
PU nnPU correction: 0/87 batches, min negative_loss=0.165266, mean negative_loss=0.422646
VALIDATION
valid epoch balanced_accuracy: 0.652381
EPOCH 23:
PU nnPU correction: 0/87 batches, min negative_loss=0.048813, mean negative_loss=0.242303
VALIDATION
valid epoch balanced_accuracy: 0.704762
EPOCH 24:
PU nnPU correction: 2/87 batches, min negative_loss=-0.006516, mean negative_loss=0.214026
VALIDATION
valid epoch balanced_accuracy: 0.709524
EPOCH 25:
PU nnPU correction: 0/87 batches, min negative_loss=0.040818, mean negative_loss=0.238567
VALIDATION
valid epoch balanced_accuracy: 0.709524
EPOCH 26:
PU nnPU correction: 2/87 batches, min negative_loss=-0.014665, mean negative_loss=0.212019
VALIDATION
valid epoch balanced_accuracy: 0.580952
EPOCH 27:
PU nnPU correction: 0/87 batches, min negative_loss=0.040669, mean negative_loss=0.273565
VALIDATION
valid epoch balanced_accuracy: 0.709524
EPOCH 28:
PU nnPU correction: 1/87 batches, min negative_loss=-0.024321, mean negative_loss=0.238136
VALIDATION
valid epoch balanced_accuracy: 0.695238
EPOCH 29:
PU nnPU correction: 0/87 batches, min negative_loss=0.040672, mean negative_loss=0.268506
VALIDATION
valid epoch balanced_accuracy: 0.623810
EPOCH 30:
PU nnPU correction: 2/87 batches, min negative_loss=-0.021863, mean negative_loss=0.230120
VALIDATION
valid epoch balanced_accuracy: 0.652381
EPOCH 31:
PU nnPU correction: 6/87 batches, min negative_loss=-0.015251, mean negative_loss=0.186780
VALIDATION
valid epoch balanced_accuracy: 0.457143
EPOCH 32:
PU nnPU correction: 4/87 batches, min negative_loss=-0.006071, mean negative_loss=0.001273
VALIDATION
valid epoch balanced_accuracy: 0.500000
EPOCH 33:
PU nnPU correction: 2/87 batches, min negative_loss=-0.000000, mean negative_loss=0.000001
VALIDATION
valid epoch balanced_accuracy: 0.500000
EPOCH 34:
PU nnPU correction: 0/87 batches, min negative_loss=0.000000, mean negative_loss=0.000003
VALIDATION
valid epoch balanced_accuracy: 0.500000
EPOCH 35:
PU nnPU correction: 0/87 batches, min negative_loss=0.000000, mean negative_loss=0.000002
VALIDATION
valid epoch balanced_accuracy: 0.500000
EPOCH 36:
PU nnPU correction: 0/87 batches, min negative_loss=0.000000, mean negative_loss=0.000001
VALIDATION
valid epoch balanced_accuracy: 0.500000
EPOCH 37:
PU nnPU correction: 0/87 batches, min negative_loss=0.000000, mean negative_loss=0.000001
VALIDATION
valid epoch balanced_accuracy: 0.500000
EPOCH 38:
PU nnPU correction: 1/87 batches, min negative_loss=-0.000000, mean negative_loss=0.000001
VALIDATION
valid epoch balanced_accuracy: 0.500000
EPOCH 39:
PU nnPU correction: 1/87 batches, min negative_loss=-0.000000, mean negative_loss=0.000001
VALIDATION
valid epoch balanced_accuracy: 0.500000
EPOCH 40:
PU nnPU correction: 0/87 batches, min negative_loss=0.000000, mean negative_loss=0.000002
VALIDATION
valid epoch balanced_accuracy: 0.500000
EPOCH 41:
PU nnPU correction: 2/87 batches, min negative_loss=-0.000000, mean negative_loss=0.000001
VALIDATION
valid epoch balanced_accuracy: 0.500000
EPOCH 42:
PU nnPU correction: 0/87 batches, min negative_loss=0.000000, mean negative_loss=0.000002
VALIDATION
valid epoch balanced_accuracy: 0.500000
EPOCH 43:
PU nnPU correction: 0/87 batches, min negative_loss=0.000000, mean negative_loss=0.000002
VALIDATION
valid epoch balanced_accuracy: 0.500000
EPOCH 44:
PU nnPU correction: 0/87 batches, min negative_loss=0.000000, mean negative_loss=0.000002
VALIDATION
valid epoch balanced_accuracy: 0.500000
EPOCH 45:
PU nnPU correction: 0/87 batches, min negative_loss=0.000000, mean negative_loss=0.000001
VALIDATION
valid epoch balanced_accuracy: 0.500000
EPOCH 46:
PU nnPU correction: 0/87 batches, min negative_loss=0.000000, mean negative_loss=0.000001
VALIDATION
valid epoch balanced_accuracy: 0.500000
EPOCH 47:
PU nnPU correction: 0/87 batches, min negative_loss=0.000000, mean negative_loss=0.000002
VALIDATION
valid epoch balanced_accuracy: 0.500000
EPOCH 48:
PU nnPU correction: 0/87 batches, min negative_loss=0.000000, mean negative_loss=0.000002
VALIDATION
valid epoch balanced_accuracy: 0.500000
EPOCH 49:
PU nnPU correction: 0/87 batches, min negative_loss=0.000000, mean negative_loss=0.000002
VALIDATION
valid epoch balanced_accuracy: 0.500000
EPOCH 50:
PU nnPU correction: 0/87 batches, min negative_loss=0.000000, mean negative_loss=0.000002
VALIDATION
valid epoch balanced_accuracy: 0.500000
EPOCH 51:
PU nnPU correction: 0/87 batches, min negative_loss=0.000000, mean negative_loss=0.000002
VALIDATION
valid epoch balanced_accuracy: 0.500000
EPOCH 52:
PU nnPU correction: 0/87 batches, min negative_loss=0.000000, mean negative_loss=0.000002
VALIDATION
valid epoch balanced_accuracy: 0.500000
EPOCH 53:
PU nnPU correction: 0/87 batches, min negative_loss=0.000000, mean negative_loss=0.000002
VALIDATION
valid epoch balanced_accuracy: 0.500000
EPOCH 54:
PU nnPU correction: 0/87 batches, min negative_loss=0.000000, mean negative_loss=0.000002
VALIDATION
valid epoch balanced_accuracy: 0.500000
EPOCH 55:
PU nnPU correction: 0/87 batches, min negative_loss=0.000000, mean negative_loss=0.000002
VALIDATION
valid epoch balanced_accuracy: 0.500000
EPOCH 56:
PU nnPU correction: 0/87 batches, min negative_loss=0.000000, mean negative_loss=0.000002
VALIDATION
valid epoch balanced_accuracy: 0.500000
EPOCH 57:
PU nnPU correction: 1/87 batches, min negative_loss=-0.000000, mean negative_loss=0.000002
VALIDATION
valid epoch balanced_accuracy: 0.500000
EPOCH 58:
PU nnPU correction: 0/87 batches, min negative_loss=0.000000, mean negative_loss=0.000003
VALIDATION
valid epoch balanced_accuracy: 0.500000
EPOCH 59:
PU nnPU correction: 0/87 batches, min negative_loss=0.000000, mean negative_loss=0.000003
VALIDATION
valid epoch balanced_accuracy: 0.500000
EPOCH 60:
PU nnPU correction: 0/87 batches, min negative_loss=0.000000, mean negative_loss=0.000002
VALIDATION
valid epoch balanced_accuracy: 0.500000
EPOCH 61:
PU nnPU correction: 1/87 batches, min negative_loss=-0.000001, mean negative_loss=0.000003
VALIDATION
valid epoch balanced_accuracy: 0.500000
EPOCH 62:
PU nnPU correction: 0/87 batches, min negative_loss=0.000000, mean negative_loss=0.000003
VALIDATION
valid epoch balanced_accuracy: 0.500000
EPOCH 63:
PU nnPU correction: 0/87 batches, min negative_loss=0.000000, mean negative_loss=0.000003
VALIDATION
valid epoch balanced_accuracy: 0.500000
EPOCH 64:
PU nnPU correction: 1/87 batches, min negative_loss=-0.000000, mean negative_loss=0.000003
VALIDATION
valid epoch balanced_accuracy: 0.500000
EPOCH 65:
PU nnPU correction: 0/87 batches, min negative_loss=0.000001, mean negative_loss=0.000003
VALIDATION
valid epoch balanced_accuracy: 0.500000
EPOCH 66:
PU nnPU correction: 0/87 batches, min negative_loss=0.000000, mean negative_loss=0.000004
VALIDATION
valid epoch balanced_accuracy: 0.500000
EPOCH 67:
PU nnPU correction: 0/87 batches, min negative_loss=0.000001, mean negative_loss=0.000004
VALIDATION
valid epoch balanced_accuracy: 0.500000
EPOCH 68:
PU nnPU correction: 0/87 batches, min negative_loss=0.000001, mean negative_loss=0.000005
VALIDATION
valid epoch balanced_accuracy: 0.500000
EPOCH 69:
PU nnPU correction: 0/87 batches, min negative_loss=0.000001, mean negative_loss=0.000005
VALIDATION
valid epoch balanced_accuracy: 0.500000
EPOCH 70:
PU nnPU correction: 0/87 batches, min negative_loss=0.000001, mean negative_loss=0.000006
VALIDATION
valid epoch balanced_accuracy: 0.500000
EPOCH 71:
PU nnPU correction: 0/87 batches, min negative_loss=0.000001, mean negative_loss=0.000006
VALIDATION
valid epoch balanced_accuracy: 0.500000
EPOCH 72:
PU nnPU correction: 1/87 batches, min negative_loss=-0.000000, mean negative_loss=0.000007
VALIDATION
valid epoch balanced_accuracy: 0.500000
EPOCH 73:
PU nnPU correction: 0/87 batches, min negative_loss=0.000001, mean negative_loss=0.000007
VALIDATION
valid epoch balanced_accuracy: 0.500000
EPOCH 74:
PU nnPU correction: 1/87 batches, min negative_loss=-0.000001, mean negative_loss=0.000008
VALIDATION
valid epoch balanced_accuracy: 0.500000
EPOCH 75:
PU nnPU correction: 0/87 batches, min negative_loss=0.000001, mean negative_loss=0.000009
VALIDATION
valid epoch balanced_accuracy: 0.500000
EPOCH 76:
PU nnPU correction: 0/87 batches, min negative_loss=0.000002, mean negative_loss=0.000010
VALIDATION
valid epoch balanced_accuracy: 0.500000
EPOCH 77:
PU nnPU correction: 0/87 batches, min negative_loss=0.000002, mean negative_loss=0.000012
VALIDATION
valid epoch balanced_accuracy: 0.500000
EPOCH 78:
PU nnPU correction: 0/87 batches, min negative_loss=0.000004, mean negative_loss=0.000012
VALIDATION
valid epoch balanced_accuracy: 0.500000
EPOCH 79:
PU nnPU correction: 0/87 batches, min negative_loss=0.000003, mean negative_loss=0.000011
VALIDATION
valid epoch balanced_accuracy: 0.500000
EPOCH 80:
PU nnPU correction: 0/87 batches, min negative_loss=0.000002, mean negative_loss=0.000013
VALIDATION
valid epoch balanced_accuracy: 0.500000
EPOCH 81:
PU nnPU correction: 0/87 batches, min negative_loss=0.000002, mean negative_loss=0.000016
VALIDATION
valid epoch balanced_accuracy: 0.500000
EPOCH 82:
PU nnPU correction: 0/87 batches, min negative_loss=0.000001, mean negative_loss=0.000022
VALIDATION
valid epoch balanced_accuracy: 0.500000
EPOCH 83:
PU nnPU correction: 0/87 batches, min negative_loss=0.000009, mean negative_loss=0.000035
VALIDATION
valid epoch balanced_accuracy: 0.500000
EPOCH 84:
PU nnPU correction: 0/87 batches, min negative_loss=0.000014, mean negative_loss=0.000060
VALIDATION
valid epoch balanced_accuracy: 0.500000
EPOCH 85:
PU nnPU correction: 0/87 batches, min negative_loss=0.000023, mean negative_loss=0.000140
VALIDATION
valid epoch balanced_accuracy: 0.500000
EPOCH 86:
PU nnPU correction: 0/87 batches, min negative_loss=0.000074, mean negative_loss=0.000255
VALIDATION
valid epoch balanced_accuracy: 0.500000
EPOCH 87:
PU nnPU correction: 0/87 batches, min negative_loss=0.000187, mean negative_loss=0.002902
VALIDATION
valid epoch balanced_accuracy: 0.500000
EPOCH 88:
PU nnPU correction: 0/87 batches, min negative_loss=0.020125, mean negative_loss=0.319112
VALIDATION
valid epoch balanced_accuracy: 0.500000
EPOCH 89:
PU nnPU correction: 0/87 batches, min negative_loss=0.133115, mean negative_loss=0.397596
VALIDATION
valid epoch balanced_accuracy: 0.500000
EPOCH 90:
PU nnPU correction: 0/87 batches, min negative_loss=0.474994, mean negative_loss=0.474999
VALIDATION
valid epoch balanced_accuracy: 0.500000
EPOCH 91:
PU nnPU correction: 0/87 batches, min negative_loss=0.474998, mean negative_loss=0.474999
VALIDATION
valid epoch balanced_accuracy: 0.500000
EPOCH 92:
PU nnPU correction: 0/87 batches, min negative_loss=0.474998, mean negative_loss=0.474999
VALIDATION
valid epoch balanced_accuracy: 0.500000
EPOCH 93:
PU nnPU correction: 0/87 batches, min negative_loss=0.474997, mean negative_loss=0.474999
VALIDATION
valid epoch balanced_accuracy: 0.500000
EPOCH 94:
PU nnPU correction: 0/87 batches, min negative_loss=0.474996, mean negative_loss=0.474999
VALIDATION
valid epoch balanced_accuracy: 0.500000
EPOCH 95:
PU nnPU correction: 0/87 batches, min negative_loss=0.474997, mean negative_loss=0.474999
VALIDATION
valid epoch balanced_accuracy: 0.500000
EPOCH 96:
PU nnPU correction: 0/87 batches, min negative_loss=0.474995, mean negative_loss=0.474999
VALIDATION
valid epoch balanced_accuracy: 0.500000
EPOCH 97:
PU nnPU correction: 0/87 batches, min negative_loss=0.474995, mean negative_loss=0.474999
VALIDATION
valid epoch balanced_accuracy: 0.500000
EPOCH 98:
PU nnPU correction: 0/87 batches, min negative_loss=0.474994, mean negative_loss=0.474999
VALIDATION
valid epoch balanced_accuracy: 0.500000
EPOCH 99:
PU nnPU correction: 0/87 batches, min negative_loss=0.474994, mean negative_loss=0.474999
VALIDATION
valid epoch balanced_accuracy: 0.500000
EPOCH 100:
PU nnPU correction: 0/87 batches, min negative_loss=0.474995, mean negative_loss=0.474999
VALIDATION
valid epoch balanced_accuracy: 0.500000
EPOCH 101:
PU nnPU correction: 0/87 batches, min negative_loss=0.474994, mean negative_loss=0.474999
VALIDATION
valid epoch balanced_accuracy: 0.500000
EPOCH 102:
PU nnPU correction: 0/87 batches, min negative_loss=0.474995, mean negative_loss=0.474999
VALIDATION
valid epoch balanced_accuracy: 0.500000
EPOCH 103:
PU nnPU correction: 0/87 batches, min negative_loss=0.474993, mean negative_loss=0.474998
VALIDATION
valid epoch balanced_accuracy: 0.500000
EPOCH 104:
PU nnPU correction: 0/87 batches, min negative_loss=0.474995, mean negative_loss=0.474998
VALIDATION
valid epoch balanced_accuracy: 0.500000
EPOCH 105:
PU nnPU correction: 0/87 batches, min negative_loss=0.474992, mean negative_loss=0.474998
VALIDATION
valid epoch balanced_accuracy: 0.500000
EPOCH 106:
PU nnPU correction: 0/87 batches, min negative_loss=0.474986, mean negative_loss=0.474998
VALIDATION
valid epoch balanced_accuracy: 0.500000
EPOCH 107:
PU nnPU correction: 0/87 batches, min negative_loss=0.474992, mean negative_loss=0.474998
VALIDATION
valid epoch balanced_accuracy: 0.500000
EPOCH 108:
PU nnPU correction: 0/87 batches, min negative_loss=0.474988, mean negative_loss=0.474997
VALIDATION
valid epoch balanced_accuracy: 0.500000
EPOCH 109:
PU nnPU correction: 0/87 batches, min negative_loss=0.474991, mean negative_loss=0.474997
VALIDATION
valid epoch balanced_accuracy: 0.500000
EPOCH 110:
PU nnPU correction: 0/87 batches, min negative_loss=0.474991, mean negative_loss=0.474997
VALIDATION
valid epoch balanced_accuracy: 0.500000
EPOCH 111:
PU nnPU correction: 0/87 batches, min negative_loss=0.474989, mean negative_loss=0.474997
VALIDATION
valid epoch balanced_accuracy: 0.500000
EPOCH 112:
PU nnPU correction: 0/87 batches, min negative_loss=0.474992, mean negative_loss=0.474997
VALIDATION
valid epoch balanced_accuracy: 0.500000
EPOCH 113:
PU nnPU correction: 0/87 batches, min negative_loss=0.474988, mean negative_loss=0.474997
VALIDATION
valid epoch balanced_accuracy: 0.500000
EPOCH 114:
PU nnPU correction: 0/87 batches, min negative_loss=0.474991, mean negative_loss=0.474997
VALIDATION
valid epoch balanced_accuracy: 0.500000
EPOCH 115:
PU nnPU correction: 0/87 batches, min negative_loss=0.474990, mean negative_loss=0.474997
VALIDATION
valid epoch balanced_accuracy: 0.500000
EPOCH 116:
PU nnPU correction: 0/87 batches, min negative_loss=0.474986, mean negative_loss=0.474996
VALIDATION
valid epoch balanced_accuracy: 0.500000
EPOCH 117:
PU nnPU correction: 0/87 batches, min negative_loss=0.474993, mean negative_loss=0.474997
VALIDATION
valid epoch balanced_accuracy: 0.500000
EPOCH 118:
PU nnPU correction: 0/87 batches, min negative_loss=0.474988, mean negative_loss=0.474997
VALIDATION
valid epoch balanced_accuracy: 0.500000
EPOCH 119:
PU nnPU correction: 0/87 batches, min negative_loss=0.474988, mean negative_loss=0.474996
VALIDATION
valid epoch balanced_accuracy: 0.500000
EPOCH 120:
PU nnPU correction: 0/87 batches, min negative_loss=0.474984, mean negative_loss=0.474996
VALIDATION
valid epoch balanced_accuracy: 0.500000
EPOCH 121:
PU nnPU correction: 0/87 batches, min negative_loss=0.474976, mean negative_loss=0.474995
VALIDATION
valid epoch balanced_accuracy: 0.500000
EPOCH 122:
PU nnPU correction: 0/87 batches, min negative_loss=0.474981, mean negative_loss=0.474995
VALIDATION
valid epoch balanced_accuracy: 0.500000
EPOCH 123:
PU nnPU correction: 0/87 batches, min negative_loss=0.474977, mean negative_loss=0.474994
VALIDATION
valid epoch balanced_accuracy: 0.500000
EPOCH 124:
PU nnPU correction: 0/87 batches, min negative_loss=0.474973, mean negative_loss=0.474993
VALIDATION
valid epoch balanced_accuracy: 0.500000
EPOCH 125:
PU nnPU correction: 0/87 batches, min negative_loss=0.474979, mean negative_loss=0.474994
VALIDATION
valid epoch balanced_accuracy: 0.500000
EPOCH 126:
PU nnPU correction: 0/87 batches, min negative_loss=0.474963, mean negative_loss=0.474992
VALIDATION
valid epoch balanced_accuracy: 0.500000
EPOCH 127:
PU nnPU correction: 0/87 batches, min negative_loss=0.474985, mean negative_loss=0.474993
VALIDATION
valid epoch balanced_accuracy: 0.500000
EPOCH 128:
PU nnPU correction: 0/87 batches, min negative_loss=0.474980, mean negative_loss=0.474994
VALIDATION
valid epoch balanced_accuracy: 0.500000
EPOCH 129:
PU nnPU correction: 0/87 batches, min negative_loss=0.474982, mean negative_loss=0.474993
VALIDATION
valid epoch balanced_accuracy: 0.500000
EPOCH 130:
PU nnPU correction: 0/87 batches, min negative_loss=0.474978, mean negative_loss=0.474994
VALIDATION
valid epoch balanced_accuracy: 0.500000
EPOCH 131:
PU nnPU correction: 0/87 batches, min negative_loss=0.474984, mean negative_loss=0.474993
VALIDATION
valid epoch balanced_accuracy: 0.500000
EPOCH 132:
PU nnPU correction: 0/87 batches, min negative_loss=0.474979, mean negative_loss=0.474993
VALIDATION
valid epoch balanced_accuracy: 0.500000
EPOCH 133:
PU nnPU correction: 0/87 batches, min negative_loss=0.474978, mean negative_loss=0.474992
VALIDATION
valid epoch balanced_accuracy: 0.500000
EPOCH 134:
PU nnPU correction: 0/87 batches, min negative_loss=0.474983, mean negative_loss=0.474994
VALIDATION
valid epoch balanced_accuracy: 0.500000
EPOCH 135:
PU nnPU correction: 0/87 batches, min negative_loss=0.474978, mean negative_loss=0.474992
VALIDATION
valid epoch balanced_accuracy: 0.500000
EPOCH 136:
PU nnPU correction: 0/87 batches, min negative_loss=0.474981, mean negative_loss=0.474993
VALIDATION
valid epoch balanced_accuracy: 0.500000
EPOCH 137:
PU nnPU correction: 0/87 batches, min negative_loss=0.474981, mean negative_loss=0.474992
VALIDATION
valid epoch balanced_accuracy: 0.500000
EPOCH 138:
PU nnPU correction: 0/87 batches, min negative_loss=0.474973, mean negative_loss=0.474991
VALIDATION
valid epoch balanced_accuracy: 0.500000
EPOCH 139:
PU nnPU correction: 0/87 batches, min negative_loss=0.474967, mean negative_loss=0.474991
VALIDATION
valid epoch balanced_accuracy: 0.500000
EPOCH 140:
PU nnPU correction: 0/87 batches, min negative_loss=0.474966, mean negative_loss=0.474989
VALIDATION
valid epoch balanced_accuracy: 0.500000
EPOCH 141:
PU nnPU correction: 0/87 batches, min negative_loss=0.474962, mean negative_loss=0.474986
VALIDATION
valid epoch balanced_accuracy: 0.500000
EPOCH 142:
PU nnPU correction: 0/87 batches, min negative_loss=0.474928, mean negative_loss=0.474984
VALIDATION
valid epoch balanced_accuracy: 0.500000
EPOCH 143:
PU nnPU correction: 0/87 batches, min negative_loss=0.461040, mean negative_loss=0.474296
VALIDATION
valid epoch balanced_accuracy: 0.500000
EPOCH 144:
PU nnPU correction: 0/87 batches, min negative_loss=0.060108, mean negative_loss=0.356009
VALIDATION
valid epoch balanced_accuracy: 0.500000
EPOCH 145:
PU nnPU correction: 0/87 batches, min negative_loss=0.475000, mean negative_loss=0.475000
VALIDATION
valid epoch balanced_accuracy: 0.500000
EPOCH 146:
PU nnPU correction: 0/87 batches, min negative_loss=0.475000, mean negative_loss=0.475000
VALIDATION
valid epoch balanced_accuracy: 0.500000
EPOCH 147:
PU nnPU correction: 0/87 batches, min negative_loss=0.475000, mean negative_loss=0.475000
VALIDATION
valid epoch balanced_accuracy: 0.500000
EPOCH 148:
PU nnPU correction: 0/87 batches, min negative_loss=0.475000, mean negative_loss=0.475000
VALIDATION
valid epoch balanced_accuracy: 0.500000
EPOCH 149:
PU nnPU correction: 0/87 batches, min negative_loss=0.475000, mean negative_loss=0.475000
VALIDATION
valid epoch balanced_accuracy: 0.500000
EPOCH 150:
PU nnPU correction: 0/87 batches, min negative_loss=0.475000, mean negative_loss=0.475000
VALIDATION
valid epoch balanced_accuracy: 0.500000
accuracy: 0.676923
sensitivity: 0.942857
precision: 0.634615
specificity: 0.366667
IoU: 0.611111
FAR: 0.633333
F1: 0.758621
balanced_accuracy: 0.654762
loss: 0.336828
