
number of parameters : 1403984
train : (1244, 12)
valid : (44, 12)
test : (43, 12)
class weights : [1.1454880237579346, 0.8873038291931152]
data extracted
EPOCH 1:
VALIDATION
valid epoch balanced_accuracy: 0.500000
EPOCH 2:
VALIDATION
valid epoch balanced_accuracy: 0.543573
EPOCH 3:
VALIDATION
valid epoch balanced_accuracy: 0.500000
EPOCH 4:
VALIDATION
valid epoch balanced_accuracy: 0.529412
EPOCH 5:
VALIDATION
valid epoch balanced_accuracy: 0.631808
EPOCH 6:
VALIDATION
valid epoch balanced_accuracy: 0.647059
EPOCH 7:
VALIDATION
valid epoch balanced_accuracy: 0.453159
EPOCH 8:
VALIDATION
valid epoch balanced_accuracy: 0.657952
EPOCH 9:
VALIDATION
valid epoch balanced_accuracy: 0.650327
EPOCH 10:
VALIDATION
valid epoch balanced_accuracy: 0.624183
EPOCH 11:
VALIDATION
valid epoch balanced_accuracy: 0.649237
EPOCH 12:
VALIDATION
valid epoch balanced_accuracy: 0.738562
EPOCH 13:
VALIDATION
valid epoch balanced_accuracy: 0.709150
EPOCH 14:
VALIDATION
valid epoch balanced_accuracy: 0.712418
EPOCH 15:
VALIDATION
valid epoch balanced_accuracy: 0.631808
EPOCH 16:
VALIDATION
valid epoch balanced_accuracy: 0.701525
EPOCH 17:
VALIDATION
valid epoch balanced_accuracy: 0.693900
EPOCH 18:
VALIDATION
valid epoch balanced_accuracy: 0.730937
EPOCH 19:
VALIDATION
valid epoch balanced_accuracy: 0.516340
EPOCH 20:
VALIDATION
valid epoch balanced_accuracy: 0.596950
EPOCH 21:
VALIDATION
valid epoch balanced_accuracy: 0.596950
EPOCH 22:
VALIDATION
valid epoch balanced_accuracy: 0.730937
EPOCH 23:
VALIDATION
valid epoch balanced_accuracy: 0.667756
EPOCH 24:
VALIDATION
valid epoch balanced_accuracy: 0.749455
EPOCH 25:
VALIDATION
valid epoch balanced_accuracy: 0.808279
EPOCH 26:
VALIDATION
valid epoch balanced_accuracy: 0.675381
EPOCH 27:
VALIDATION
valid epoch balanced_accuracy: 0.749455
EPOCH 28:
VALIDATION
valid epoch balanced_accuracy: 0.778867
EPOCH 29:
VALIDATION
valid epoch balanced_accuracy: 0.692810
EPOCH 30:
VALIDATION
valid epoch balanced_accuracy: 0.760349
EPOCH 31:
VALIDATION
valid epoch balanced_accuracy: 0.749455
EPOCH 32:
VALIDATION
valid epoch balanced_accuracy: 0.693900
EPOCH 33:
VALIDATION
valid epoch balanced_accuracy: 0.771242
EPOCH 34:
VALIDATION
valid epoch balanced_accuracy: 0.615468
EPOCH 35:
VALIDATION
valid epoch balanced_accuracy: 0.778867
EPOCH 36:
VALIDATION
valid epoch balanced_accuracy: 0.615468
EPOCH 37:
VALIDATION
valid epoch balanced_accuracy: 0.559913
EPOCH 38:
VALIDATION
valid epoch balanced_accuracy: 0.633987
EPOCH 39:
VALIDATION
valid epoch balanced_accuracy: 0.627451
EPOCH 40:
VALIDATION
valid epoch balanced_accuracy: 0.752723
EPOCH 41:
VALIDATION
valid epoch balanced_accuracy: 0.663399
EPOCH 42:
VALIDATION
valid epoch balanced_accuracy: 0.612200
EPOCH 43:
VALIDATION
valid epoch balanced_accuracy: 0.730937
EPOCH 44:
VALIDATION
valid epoch balanced_accuracy: 0.589325
EPOCH 45:
VALIDATION
valid epoch balanced_accuracy: 0.686275
EPOCH 46:
VALIDATION
valid epoch balanced_accuracy: 0.615468
EPOCH 47:
VALIDATION
valid epoch balanced_accuracy: 0.633987
EPOCH 48:
VALIDATION
valid epoch balanced_accuracy: 0.723312
EPOCH 49:
VALIDATION
valid epoch balanced_accuracy: 0.633987
EPOCH 50:
VALIDATION
valid epoch balanced_accuracy: 0.641612
EPOCH 51:
VALIDATION
valid epoch balanced_accuracy: 0.712418
EPOCH 52:
VALIDATION
valid epoch balanced_accuracy: 0.741830
EPOCH 53:
VALIDATION
valid epoch balanced_accuracy: 0.567538
EPOCH 54:
VALIDATION
valid epoch balanced_accuracy: 0.752723
EPOCH 55:
VALIDATION
valid epoch balanced_accuracy: 0.538126
EPOCH 56:
VALIDATION
valid epoch balanced_accuracy: 0.667756
EPOCH 57:
VALIDATION
valid epoch balanced_accuracy: 0.689542
EPOCH 58:
VALIDATION
valid epoch balanced_accuracy: 0.693900
EPOCH 59:
VALIDATION
valid epoch balanced_accuracy: 0.745098
EPOCH 60:
VALIDATION
valid epoch balanced_accuracy: 0.789760
EPOCH 61:
VALIDATION
valid epoch balanced_accuracy: 0.656863
EPOCH 62:
VALIDATION
valid epoch balanced_accuracy: 0.712418
EPOCH 63:
VALIDATION
valid epoch balanced_accuracy: 0.730937
EPOCH 64:
VALIDATION
valid epoch balanced_accuracy: 0.737473
EPOCH 65:
VALIDATION
valid epoch balanced_accuracy: 0.649237
EPOCH 66:
VALIDATION
valid epoch balanced_accuracy: 0.708061
EPOCH 67:
VALIDATION
valid epoch balanced_accuracy: 0.697168
EPOCH 68:
VALIDATION
valid epoch balanced_accuracy: 0.782135
EPOCH 69:
VALIDATION
valid epoch balanced_accuracy: 0.723312
EPOCH 70:
VALIDATION
valid epoch balanced_accuracy: 0.712418
EPOCH 71:
VALIDATION
valid epoch balanced_accuracy: 0.667756
EPOCH 72:
VALIDATION
valid epoch balanced_accuracy: 0.660131
EPOCH 73:
VALIDATION
valid epoch balanced_accuracy: 0.638344
EPOCH 74:
VALIDATION
valid epoch balanced_accuracy: 0.760349
EPOCH 75:
VALIDATION
valid epoch balanced_accuracy: 0.549020
EPOCH 76:
VALIDATION
valid epoch balanced_accuracy: 0.627451
EPOCH 77:
VALIDATION
valid epoch balanced_accuracy: 0.675381
EPOCH 78:
VALIDATION
valid epoch balanced_accuracy: 0.652505
EPOCH 79:
VALIDATION
valid epoch balanced_accuracy: 0.708061
EPOCH 80:
VALIDATION
valid epoch balanced_accuracy: 0.693900
EPOCH 81:
VALIDATION
valid epoch balanced_accuracy: 0.645969
EPOCH 82:
VALIDATION
valid epoch balanced_accuracy: 0.752723
EPOCH 83:
VALIDATION
valid epoch balanced_accuracy: 0.723312
EPOCH 84:
VALIDATION
valid epoch balanced_accuracy: 0.704793
EPOCH 85:
VALIDATION
valid epoch balanced_accuracy: 0.730937
EPOCH 86:
VALIDATION
valid epoch balanced_accuracy: 0.734205
EPOCH 87:
VALIDATION
valid epoch balanced_accuracy: 0.693900
EPOCH 88:
VALIDATION
valid epoch balanced_accuracy: 0.693900
EPOCH 89:
VALIDATION
valid epoch balanced_accuracy: 0.693900
EPOCH 90:
VALIDATION
valid epoch balanced_accuracy: 0.412854
EPOCH 91:
VALIDATION
valid epoch balanced_accuracy: 0.645969
EPOCH 92:
VALIDATION
valid epoch balanced_accuracy: 0.612200
EPOCH 93:
VALIDATION
valid epoch balanced_accuracy: 0.656863
EPOCH 94:
VALIDATION
valid epoch balanced_accuracy: 0.675381
EPOCH 95:
VALIDATION
valid epoch balanced_accuracy: 0.667756
EPOCH 96:
VALIDATION
valid epoch balanced_accuracy: 0.664488
EPOCH 97:
VALIDATION
valid epoch balanced_accuracy: 0.519608
EPOCH 98:
VALIDATION
valid epoch balanced_accuracy: 0.667756
EPOCH 99:
VALIDATION
valid epoch balanced_accuracy: 0.656863
EPOCH 100:
VALIDATION
valid epoch balanced_accuracy: 0.627451
EPOCH 101:
VALIDATION
valid epoch balanced_accuracy: 0.678649
EPOCH 102:
VALIDATION
valid epoch balanced_accuracy: 0.619826
EPOCH 103:
VALIDATION
valid epoch balanced_accuracy: 0.675381
EPOCH 104:
VALIDATION
valid epoch balanced_accuracy: 0.693900
EPOCH 105:
VALIDATION
valid epoch balanced_accuracy: 0.701525
EPOCH 106:
VALIDATION
valid epoch balanced_accuracy: 0.712418
EPOCH 107:
VALIDATION
valid epoch balanced_accuracy: 0.704793
EPOCH 108:
VALIDATION
valid epoch balanced_accuracy: 0.645969
EPOCH 109:
VALIDATION
valid epoch balanced_accuracy: 0.686275
EPOCH 110:
VALIDATION
valid epoch balanced_accuracy: 0.704793
EPOCH 111:
VALIDATION
valid epoch balanced_accuracy: 0.712418
EPOCH 112:
VALIDATION
valid epoch balanced_accuracy: 0.771242
EPOCH 113:
VALIDATION
valid epoch balanced_accuracy: 0.723312
EPOCH 114:
VALIDATION
valid epoch balanced_accuracy: 0.730937
EPOCH 115:
VALIDATION
valid epoch balanced_accuracy: 0.686275
EPOCH 116:
VALIDATION
valid epoch balanced_accuracy: 0.723312
EPOCH 117:
VALIDATION
valid epoch balanced_accuracy: 0.749455
EPOCH 118:
VALIDATION
valid epoch balanced_accuracy: 0.693900
EPOCH 119:
VALIDATION
valid epoch balanced_accuracy: 0.667756
EPOCH 120:
VALIDATION
valid epoch balanced_accuracy: 0.689542
EPOCH 121:
VALIDATION
valid epoch balanced_accuracy: 0.689542
EPOCH 122:
VALIDATION
valid epoch balanced_accuracy: 0.652505
EPOCH 123:
VALIDATION
valid epoch balanced_accuracy: 0.641612
EPOCH 124:
VALIDATION
valid epoch balanced_accuracy: 0.720044
EPOCH 125:
VALIDATION
valid epoch balanced_accuracy: 0.619826
EPOCH 126:
VALIDATION
valid epoch balanced_accuracy: 0.763617
EPOCH 127:
VALIDATION
valid epoch balanced_accuracy: 0.697168
EPOCH 128:
VALIDATION
valid epoch balanced_accuracy: 0.660131
EPOCH 129:
VALIDATION
valid epoch balanced_accuracy: 0.686275
EPOCH 130:
VALIDATION
valid epoch balanced_accuracy: 0.704793
EPOCH 131:
VALIDATION
valid epoch balanced_accuracy: 0.715686
EPOCH 132:
VALIDATION
valid epoch balanced_accuracy: 0.490196
EPOCH 133:
VALIDATION
valid epoch balanced_accuracy: 0.516340
EPOCH 134:
VALIDATION
valid epoch balanced_accuracy: 0.590414
EPOCH 135:
VALIDATION
valid epoch balanced_accuracy: 0.519608
EPOCH 136:
VALIDATION
valid epoch balanced_accuracy: 0.649237
EPOCH 137:
VALIDATION
valid epoch balanced_accuracy: 0.556645
EPOCH 138:
VALIDATION
valid epoch balanced_accuracy: 0.556645
EPOCH 139:
VALIDATION
valid epoch balanced_accuracy: 0.697168
EPOCH 140:
VALIDATION
valid epoch balanced_accuracy: 0.638344
EPOCH 141:
VALIDATION
valid epoch balanced_accuracy: 0.678649
EPOCH 142:
VALIDATION
valid epoch balanced_accuracy: 0.683007
EPOCH 143:
VALIDATION
valid epoch balanced_accuracy: 0.704793
EPOCH 144:
VALIDATION
valid epoch balanced_accuracy: 0.523965
EPOCH 145:
VALIDATION
valid epoch balanced_accuracy: 0.656863
EPOCH 146:
VALIDATION
valid epoch balanced_accuracy: 0.686275
EPOCH 147:
VALIDATION
valid epoch balanced_accuracy: 0.608932
EPOCH 148:
VALIDATION
valid epoch balanced_accuracy: 0.686275
EPOCH 149:
VALIDATION
valid epoch balanced_accuracy: 0.678649
EPOCH 150:
VALIDATION
valid epoch balanced_accuracy: 0.656863
accuracy: 0.790698
sensitivity: 0.892857
precision: 0.806452
specificity: 0.600000
IoU: 0.735294
FAR: 0.400000
F1: 0.847458
balanced_accuracy: 0.746429
loss: 0.471830
