Waiting for exclusive access to GPU GPU-686f887c-83d7-400a-ba3f-d0dab41dcc04.
=== GROUP: LBP_BPI_CETP | VARIANT: pu_rho020 | SEED: 2 | PU_RHO: 0.20 | GPU: Tesla V100-SXM2-32GB ===

number of parameters : 1075406
train : (1244, 12)
valid : (44, 12)
test : (43, 12)
PU rho : 0.200000
class weights : disabled
data extracted
EPOCH 1:
VALIDATION
valid epoch balanced_accuracy: 0.500000
EPOCH 2:
VALIDATION
valid epoch balanced_accuracy: 0.470588
EPOCH 3:
VALIDATION
valid epoch balanced_accuracy: 0.470588
EPOCH 4:
VALIDATION
valid epoch balanced_accuracy: 0.500000
EPOCH 5:
VALIDATION
valid epoch balanced_accuracy: 0.500000
EPOCH 6:
VALIDATION
valid epoch balanced_accuracy: 0.537037
EPOCH 7:
VALIDATION
valid epoch balanced_accuracy: 0.518519
EPOCH 8:
VALIDATION
valid epoch balanced_accuracy: 0.681917
EPOCH 9:
VALIDATION
valid epoch balanced_accuracy: 0.666667
EPOCH 10:
VALIDATION
valid epoch balanced_accuracy: 0.489107
EPOCH 11:
VALIDATION
valid epoch balanced_accuracy: 0.729847
EPOCH 12:
VALIDATION
valid epoch balanced_accuracy: 0.766885
EPOCH 13:
VALIDATION
valid epoch balanced_accuracy: 0.555556
EPOCH 14:
VALIDATION
valid epoch balanced_accuracy: 0.718954
EPOCH 15:
VALIDATION
valid epoch balanced_accuracy: 0.793028
EPOCH 16:
VALIDATION
valid epoch balanced_accuracy: 0.726580
EPOCH 17:
VALIDATION
valid epoch balanced_accuracy: 0.518519
EPOCH 18:
VALIDATION
valid epoch balanced_accuracy: 0.648148
EPOCH 19:
VALIDATION
valid epoch balanced_accuracy: 0.766885
EPOCH 20:
VALIDATION
valid epoch balanced_accuracy: 0.648148
EPOCH 21:
VALIDATION
valid epoch balanced_accuracy: 0.740741
EPOCH 22:
VALIDATION
valid epoch balanced_accuracy: 0.718954
EPOCH 23:
VALIDATION
valid epoch balanced_accuracy: 0.726580
EPOCH 24:
VALIDATION
valid epoch balanced_accuracy: 0.737473
EPOCH 25:
VALIDATION
valid epoch balanced_accuracy: 0.674292
EPOCH 26:
VALIDATION
valid epoch balanced_accuracy: 0.782135
EPOCH 27:
VALIDATION
valid epoch balanced_accuracy: 0.755991
EPOCH 28:
VALIDATION
valid epoch balanced_accuracy: 0.766885
EPOCH 29:
VALIDATION
valid epoch balanced_accuracy: 0.777778
EPOCH 30:
VALIDATION
valid epoch balanced_accuracy: 0.648148
EPOCH 31:
VALIDATION
valid epoch balanced_accuracy: 0.730937
EPOCH 32:
VALIDATION
valid epoch balanced_accuracy: 0.711329
EPOCH 33:
VALIDATION
valid epoch balanced_accuracy: 0.629630
EPOCH 34:
VALIDATION
valid epoch balanced_accuracy: 0.703704
EPOCH 35:
VALIDATION
valid epoch balanced_accuracy: 0.537037
EPOCH 36:
VALIDATION
valid epoch balanced_accuracy: 0.738562
EPOCH 37:
VALIDATION
valid epoch balanced_accuracy: 0.793028
EPOCH 38:
VALIDATION
valid epoch balanced_accuracy: 0.692810
EPOCH 39:
VALIDATION
valid epoch balanced_accuracy: 0.777778
EPOCH 40:
VALIDATION
valid epoch balanced_accuracy: 0.737473
EPOCH 41:
VALIDATION
valid epoch balanced_accuracy: 0.759259
EPOCH 42:
VALIDATION
valid epoch balanced_accuracy: 0.630719
EPOCH 43:
VALIDATION
valid epoch balanced_accuracy: 0.796296
EPOCH 44:
VALIDATION
valid epoch balanced_accuracy: 0.822440
EPOCH 45:
VALIDATION
valid epoch balanced_accuracy: 0.830065
EPOCH 46:
VALIDATION
valid epoch balanced_accuracy: 0.755991
EPOCH 47:
VALIDATION
valid epoch balanced_accuracy: 0.666667
EPOCH 48:
VALIDATION
valid epoch balanced_accuracy: 0.722222
EPOCH 49:
VALIDATION
valid epoch balanced_accuracy: 0.692810
EPOCH 50:
VALIDATION
valid epoch balanced_accuracy: 0.766885
EPOCH 51:
VALIDATION
valid epoch balanced_accuracy: 0.489107
EPOCH 52:
VALIDATION
valid epoch balanced_accuracy: 0.822440
EPOCH 53:
VALIDATION
valid epoch balanced_accuracy: 0.500000
EPOCH 54:
VALIDATION
valid epoch balanced_accuracy: 0.796296
EPOCH 55:
VALIDATION
valid epoch balanced_accuracy: 0.766885
EPOCH 56:
VALIDATION
valid epoch balanced_accuracy: 0.611111
EPOCH 57:
VALIDATION
valid epoch balanced_accuracy: 0.729847
EPOCH 58:
VALIDATION
valid epoch balanced_accuracy: 0.737473
EPOCH 59:
VALIDATION
valid epoch balanced_accuracy: 0.748366
EPOCH 60:
VALIDATION
valid epoch balanced_accuracy: 0.574074
EPOCH 61:
VALIDATION
valid epoch balanced_accuracy: 0.740741
EPOCH 62:
VALIDATION
valid epoch balanced_accuracy: 0.796296
EPOCH 63:
VALIDATION
valid epoch balanced_accuracy: 0.740741
EPOCH 64:
VALIDATION
valid epoch balanced_accuracy: 0.814815
EPOCH 65:
VALIDATION
valid epoch balanced_accuracy: 0.777778
EPOCH 66:
VALIDATION
valid epoch balanced_accuracy: 0.759259
EPOCH 67:
VALIDATION
valid epoch balanced_accuracy: 0.867102
EPOCH 68:
VALIDATION
valid epoch balanced_accuracy: 0.500000
EPOCH 69:
VALIDATION
valid epoch balanced_accuracy: 0.740741
EPOCH 70:
VALIDATION
valid epoch balanced_accuracy: 0.777778
EPOCH 71:
VALIDATION
valid epoch balanced_accuracy: 0.811547
EPOCH 72:
VALIDATION
valid epoch balanced_accuracy: 0.796296
EPOCH 73:
VALIDATION
valid epoch balanced_accuracy: 0.859477
EPOCH 74:
VALIDATION
valid epoch balanced_accuracy: 0.729847
EPOCH 75:
VALIDATION
valid epoch balanced_accuracy: 0.734205
EPOCH 76:
VALIDATION
valid epoch balanced_accuracy: 0.888889
EPOCH 77:
VALIDATION
valid epoch balanced_accuracy: 0.666667
EPOCH 78:
VALIDATION
valid epoch balanced_accuracy: 0.515251
EPOCH 79:
VALIDATION
valid epoch balanced_accuracy: 0.648148
EPOCH 80:
VALIDATION
valid epoch balanced_accuracy: 0.888889
EPOCH 81:
VALIDATION
valid epoch balanced_accuracy: 0.655773
EPOCH 82:
VALIDATION
valid epoch balanced_accuracy: 0.515251
EPOCH 83:
VALIDATION
valid epoch balanced_accuracy: 0.689542
EPOCH 84:
VALIDATION
valid epoch balanced_accuracy: 0.763617
EPOCH 85:
VALIDATION
valid epoch balanced_accuracy: 0.689542
EPOCH 86:
VALIDATION
valid epoch balanced_accuracy: 0.745098
EPOCH 87:
VALIDATION
valid epoch balanced_accuracy: 0.611111
EPOCH 88:
VALIDATION
valid epoch balanced_accuracy: 0.737473
EPOCH 89:
VALIDATION
valid epoch balanced_accuracy: 0.715686
EPOCH 90:
VALIDATION
valid epoch balanced_accuracy: 0.611111
EPOCH 91:
VALIDATION
valid epoch balanced_accuracy: 0.748366
EPOCH 92:
VALIDATION
valid epoch balanced_accuracy: 0.663399
EPOCH 93:
VALIDATION
valid epoch balanced_accuracy: 0.703704
EPOCH 94:
VALIDATION
valid epoch balanced_accuracy: 0.629630
EPOCH 95:
VALIDATION
valid epoch balanced_accuracy: 0.663399
EPOCH 96:
VALIDATION
valid epoch balanced_accuracy: 0.448802
EPOCH 97:
VALIDATION
valid epoch balanced_accuracy: 0.722222
EPOCH 98:
VALIDATION
valid epoch balanced_accuracy: 0.822440
EPOCH 99:
VALIDATION
valid epoch balanced_accuracy: 0.740741
EPOCH 100:
VALIDATION
valid epoch balanced_accuracy: 0.722222
EPOCH 101:
VALIDATION
valid epoch balanced_accuracy: 0.722222
EPOCH 102:
VALIDATION
valid epoch balanced_accuracy: 0.737473
EPOCH 103:
VALIDATION
valid epoch balanced_accuracy: 0.763617
EPOCH 104:
VALIDATION
valid epoch balanced_accuracy: 0.748366
EPOCH 105:
VALIDATION
valid epoch balanced_accuracy: 0.681917
EPOCH 106:
VALIDATION
valid epoch balanced_accuracy: 0.533769
EPOCH 107:
VALIDATION
valid epoch balanced_accuracy: 0.774510
EPOCH 108:
VALIDATION
valid epoch balanced_accuracy: 0.685185
EPOCH 109:
VALIDATION
valid epoch balanced_accuracy: 0.552288
EPOCH 110:
VALIDATION
valid epoch balanced_accuracy: 0.800654
EPOCH 111:
VALIDATION
valid epoch balanced_accuracy: 0.592593
EPOCH 112:
VALIDATION
valid epoch balanced_accuracy: 0.663399
EPOCH 113:
VALIDATION
valid epoch balanced_accuracy: 0.859477
EPOCH 114:
VALIDATION
valid epoch balanced_accuracy: 0.596950
EPOCH 115:
VALIDATION
valid epoch balanced_accuracy: 0.748366
EPOCH 116:
VALIDATION
valid epoch balanced_accuracy: 0.748366
EPOCH 117:
VALIDATION
valid epoch balanced_accuracy: 0.533769
EPOCH 118:
VALIDATION
valid epoch balanced_accuracy: 0.648148
EPOCH 119:
VALIDATION
valid epoch balanced_accuracy: 0.541394
EPOCH 120:
VALIDATION
valid epoch balanced_accuracy: 0.607843
EPOCH 121:
VALIDATION
valid epoch balanced_accuracy: 0.618736
EPOCH 122:
VALIDATION
valid epoch balanced_accuracy: 0.615468
EPOCH 123:
VALIDATION
valid epoch balanced_accuracy: 0.578431
EPOCH 124:
VALIDATION
valid epoch balanced_accuracy: 0.814815
EPOCH 125:
VALIDATION
valid epoch balanced_accuracy: 0.600218
EPOCH 126:
VALIDATION
valid epoch balanced_accuracy: 0.559913
EPOCH 127:
VALIDATION
valid epoch balanced_accuracy: 0.507625
EPOCH 128:
VALIDATION
valid epoch balanced_accuracy: 0.644880
EPOCH 129:
VALIDATION
valid epoch balanced_accuracy: 0.626362
EPOCH 130:
VALIDATION
valid epoch balanced_accuracy: 0.522876
EPOCH 131:
VALIDATION
valid epoch balanced_accuracy: 0.785403
EPOCH 132:
VALIDATION
valid epoch balanced_accuracy: 0.708061
EPOCH 133:
VALIDATION
valid epoch balanced_accuracy: 0.711329
EPOCH 134:
VALIDATION
valid epoch balanced_accuracy: 0.697168
EPOCH 135:
VALIDATION
valid epoch balanced_accuracy: 0.459695
EPOCH 136:
VALIDATION
valid epoch balanced_accuracy: 0.589325
EARLY STOPPING: rolling validation balanced accuracy did not improve for 60 epochs and validation loss increased over the same window.
accuracy: 0.767442
sensitivity: 0.714286
precision: 0.909091
specificity: 0.866667
IoU: 0.666667
FAR: 0.133333
F1: 0.800000
balanced_accuracy: 0.790476
loss: 0.341084
