Waiting for exclusive access to GPU GPU-d2c3b238-e83f-cc67-4da6-d7d4992e8156.
=== GROUP: LBP_BPI_CETP | VARIANT: pu_rho010 | SEED: 1 | PU_RHO: 0.10 | GPU: Tesla V100-SXM2-32GB ===

number of parameters : 1075406
train : (1230, 12)
valid : (50, 12)
test : (51, 12)
PU rho : 0.100000
class weights : disabled
data extracted
EPOCH 1:
VALIDATION
valid epoch balanced_accuracy: 0.500000
EPOCH 2:
VALIDATION
valid epoch balanced_accuracy: 0.500000
EPOCH 3:
VALIDATION
valid epoch balanced_accuracy: 0.500000
EPOCH 4:
VALIDATION
valid epoch balanced_accuracy: 0.500000
EPOCH 5:
VALIDATION
valid epoch balanced_accuracy: 0.500000
EPOCH 6:
VALIDATION
valid epoch balanced_accuracy: 0.500000
EPOCH 7:
VALIDATION
valid epoch balanced_accuracy: 0.500000
EPOCH 8:
VALIDATION
valid epoch balanced_accuracy: 0.500000
EPOCH 9:
VALIDATION
valid epoch balanced_accuracy: 0.613782
EPOCH 10:
VALIDATION
valid epoch balanced_accuracy: 0.517628
EPOCH 11:
VALIDATION
valid epoch balanced_accuracy: 0.633013
EPOCH 12:
VALIDATION
valid epoch balanced_accuracy: 0.594551
EPOCH 13:
VALIDATION
valid epoch balanced_accuracy: 0.557692
EPOCH 14:
VALIDATION
valid epoch balanced_accuracy: 0.575321
EPOCH 15:
VALIDATION
valid epoch balanced_accuracy: 0.500000
EPOCH 16:
VALIDATION
valid epoch balanced_accuracy: 0.633013
EPOCH 17:
VALIDATION
valid epoch balanced_accuracy: 0.500000
EPOCH 18:
VALIDATION
valid epoch balanced_accuracy: 0.652244
EPOCH 19:
VALIDATION
valid epoch balanced_accuracy: 0.557692
EPOCH 20:
VALIDATION
valid epoch balanced_accuracy: 0.519231
EPOCH 21:
VALIDATION
valid epoch balanced_accuracy: 0.538462
EPOCH 22:
VALIDATION
valid epoch balanced_accuracy: 0.557692
EPOCH 23:
VALIDATION
valid epoch balanced_accuracy: 0.594551
EPOCH 24:
VALIDATION
valid epoch balanced_accuracy: 0.500000
EPOCH 25:
VALIDATION
valid epoch balanced_accuracy: 0.671474
EPOCH 26:
VALIDATION
valid epoch balanced_accuracy: 0.575321
EPOCH 27:
VALIDATION
valid epoch balanced_accuracy: 0.727564
EPOCH 28:
VALIDATION
valid epoch balanced_accuracy: 0.727564
EPOCH 29:
VALIDATION
valid epoch balanced_accuracy: 0.575321
EPOCH 30:
VALIDATION
valid epoch balanced_accuracy: 0.613782
EPOCH 31:
VALIDATION
valid epoch balanced_accuracy: 0.653846
EPOCH 32:
VALIDATION
valid epoch balanced_accuracy: 0.711538
EPOCH 33:
VALIDATION
valid epoch balanced_accuracy: 0.596154
EPOCH 34:
VALIDATION
valid epoch balanced_accuracy: 0.631410
EPOCH 35:
VALIDATION
valid epoch balanced_accuracy: 0.671474
EPOCH 36:
VALIDATION
valid epoch balanced_accuracy: 0.631410
EPOCH 37:
VALIDATION
valid epoch balanced_accuracy: 0.628205
EPOCH 38:
VALIDATION
valid epoch balanced_accuracy: 0.575321
EPOCH 39:
VALIDATION
valid epoch balanced_accuracy: 0.669872
EPOCH 40:
VALIDATION
valid epoch balanced_accuracy: 0.557692
EPOCH 41:
VALIDATION
valid epoch balanced_accuracy: 0.650641
EPOCH 42:
VALIDATION
valid epoch balanced_accuracy: 0.650641
EPOCH 43:
VALIDATION
valid epoch balanced_accuracy: 0.575321
EPOCH 44:
VALIDATION
valid epoch balanced_accuracy: 0.596154
EPOCH 45:
VALIDATION
valid epoch balanced_accuracy: 0.687500
EPOCH 46:
VALIDATION
valid epoch balanced_accuracy: 0.708333
EPOCH 47:
VALIDATION
valid epoch balanced_accuracy: 0.689103
EPOCH 48:
VALIDATION
valid epoch balanced_accuracy: 0.557692
EPOCH 49:
VALIDATION
valid epoch balanced_accuracy: 0.642628
EPOCH 50:
VALIDATION
valid epoch balanced_accuracy: 0.519231
EPOCH 51:
VALIDATION
valid epoch balanced_accuracy: 0.689103
EPOCH 52:
VALIDATION
valid epoch balanced_accuracy: 0.689103
EPOCH 53:
VALIDATION
valid epoch balanced_accuracy: 0.538462
EPOCH 54:
VALIDATION
valid epoch balanced_accuracy: 0.500000
EPOCH 55:
VALIDATION
valid epoch balanced_accuracy: 0.536859
EPOCH 56:
VALIDATION
valid epoch balanced_accuracy: 0.576923
EPOCH 57:
VALIDATION
valid epoch balanced_accuracy: 0.650641
EPOCH 58:
VALIDATION
valid epoch balanced_accuracy: 0.669872
EPOCH 59:
VALIDATION
valid epoch balanced_accuracy: 0.727564
EPOCH 60:
VALIDATION
valid epoch balanced_accuracy: 0.727564
EPOCH 61:
VALIDATION
valid epoch balanced_accuracy: 0.613782
EPOCH 62:
VALIDATION
valid epoch balanced_accuracy: 0.669872
EPOCH 63:
VALIDATION
valid epoch balanced_accuracy: 0.689103
EPOCH 64:
VALIDATION
valid epoch balanced_accuracy: 0.703526
EPOCH 65:
VALIDATION
valid epoch balanced_accuracy: 0.538462
EPOCH 66:
VALIDATION
valid epoch balanced_accuracy: 0.705128
EPOCH 67:
VALIDATION
valid epoch balanced_accuracy: 0.628205
EPOCH 68:
VALIDATION
valid epoch balanced_accuracy: 0.612179
EPOCH 69:
VALIDATION
valid epoch balanced_accuracy: 0.746795
EPOCH 70:
VALIDATION
valid epoch balanced_accuracy: 0.612179
EPOCH 71:
VALIDATION
valid epoch balanced_accuracy: 0.689103
EPOCH 72:
VALIDATION
valid epoch balanced_accuracy: 0.594551
EPOCH 73:
VALIDATION
valid epoch balanced_accuracy: 0.594551
EPOCH 74:
VALIDATION
valid epoch balanced_accuracy: 0.500000
EPOCH 75:
VALIDATION
valid epoch balanced_accuracy: 0.568910
EPOCH 76:
VALIDATION
valid epoch balanced_accuracy: 0.500000
EPOCH 77:
VALIDATION
valid epoch balanced_accuracy: 0.669872
EPOCH 78:
VALIDATION
valid epoch balanced_accuracy: 0.649038
EPOCH 79:
VALIDATION
valid epoch balanced_accuracy: 0.573718
EPOCH 80:
VALIDATION
valid epoch balanced_accuracy: 0.573718
EPOCH 81:
VALIDATION
valid epoch balanced_accuracy: 0.612179
EPOCH 82:
VALIDATION
valid epoch balanced_accuracy: 0.642628
EPOCH 83:
VALIDATION
valid epoch balanced_accuracy: 0.573718
EPOCH 84:
VALIDATION
valid epoch balanced_accuracy: 0.554487
EPOCH 85:
VALIDATION
valid epoch balanced_accuracy: 0.536859
EPOCH 86:
VALIDATION
valid epoch balanced_accuracy: 0.538462
EPOCH 87:
VALIDATION
valid epoch balanced_accuracy: 0.650641
EPOCH 88:
VALIDATION
valid epoch balanced_accuracy: 0.633013
EPOCH 89:
VALIDATION
valid epoch balanced_accuracy: 0.663462
EPOCH 90:
VALIDATION
valid epoch balanced_accuracy: 0.652244
EPOCH 91:
VALIDATION
valid epoch balanced_accuracy: 0.538462
EPOCH 92:
VALIDATION
valid epoch balanced_accuracy: 0.528846
EPOCH 93:
VALIDATION
valid epoch balanced_accuracy: 0.689103
EPOCH 94:
VALIDATION
valid epoch balanced_accuracy: 0.625000
EPOCH 95:
VALIDATION
valid epoch balanced_accuracy: 0.565705
EPOCH 96:
VALIDATION
valid epoch balanced_accuracy: 0.660256
EPOCH 97:
VALIDATION
valid epoch balanced_accuracy: 0.645833
EPOCH 98:
VALIDATION
valid epoch balanced_accuracy: 0.594551
EPOCH 99:
VALIDATION
valid epoch balanced_accuracy: 0.612179
EPOCH 100:
VALIDATION
valid epoch balanced_accuracy: 0.626603
EPOCH 101:
VALIDATION
valid epoch balanced_accuracy: 0.685897
EPOCH 102:
VALIDATION
valid epoch balanced_accuracy: 0.530449
EPOCH 103:
VALIDATION
valid epoch balanced_accuracy: 0.629808
EPOCH 104:
VALIDATION
valid epoch balanced_accuracy: 0.649038
EPOCH 105:
VALIDATION
valid epoch balanced_accuracy: 0.687500
EPOCH 106:
VALIDATION
valid epoch balanced_accuracy: 0.650641
EPOCH 107:
VALIDATION
valid epoch balanced_accuracy: 0.650641
EPOCH 108:
VALIDATION
valid epoch balanced_accuracy: 0.600962
EPOCH 109:
VALIDATION
valid epoch balanced_accuracy: 0.605769
EPOCH 110:
VALIDATION
valid epoch balanced_accuracy: 0.511218
EPOCH 111:
VALIDATION
valid epoch balanced_accuracy: 0.684295
EPOCH 112:
VALIDATION
valid epoch balanced_accuracy: 0.519231
EPOCH 113:
VALIDATION
valid epoch balanced_accuracy: 0.594551
EPOCH 114:
VALIDATION
valid epoch balanced_accuracy: 0.573718
EPOCH 115:
VALIDATION
valid epoch balanced_accuracy: 0.594551
EPOCH 116:
VALIDATION
valid epoch balanced_accuracy: 0.519231
EPOCH 117:
VALIDATION
valid epoch balanced_accuracy: 0.548077
EPOCH 118:
VALIDATION
valid epoch balanced_accuracy: 0.580128
EPOCH 119:
VALIDATION
valid epoch balanced_accuracy: 0.684295
EPOCH 120:
VALIDATION
valid epoch balanced_accuracy: 0.687500
EPOCH 121:
VALIDATION
valid epoch balanced_accuracy: 0.604167
EPOCH 122:
VALIDATION
valid epoch balanced_accuracy: 0.669872
EPOCH 123:
VALIDATION
valid epoch balanced_accuracy: 0.472756
EARLY STOPPING: rolling validation balanced accuracy did not improve for 60 epochs and validation loss increased over the same window.
accuracy: 0.647059
sensitivity: 0.379310
precision: 1.000000
specificity: 1.000000
IoU: 0.379310
FAR: 0.000000
F1: 0.550000
balanced_accuracy: 0.689655
loss: 0.196656
