Waiting for exclusive access to GPU GPU-6df3662d-f25f-4e85-f491-9dffe06d9102.
=== GROUP: LBP_BPI_CETP | VARIANT: pu_rho010 | SEED: 3 | PU_RHO: 0.10 | GPU: Tesla V100-SXM2-32GB ===

number of parameters : 1075406
train : (1243, 12)
valid : (44, 12)
test : (44, 12)
PU rho : 0.100000
class weights : disabled
data extracted
EPOCH 1:
VALIDATION
valid epoch balanced_accuracy: 0.500000
EPOCH 2:
VALIDATION
valid epoch balanced_accuracy: 0.500000
EPOCH 3:
VALIDATION
valid epoch balanced_accuracy: 0.500000
EPOCH 4:
VALIDATION
valid epoch balanced_accuracy: 0.500000
EPOCH 5:
VALIDATION
valid epoch balanced_accuracy: 0.500000
EPOCH 6:
VALIDATION
valid epoch balanced_accuracy: 0.520000
EPOCH 7:
VALIDATION
valid epoch balanced_accuracy: 0.520000
EPOCH 8:
VALIDATION
valid epoch balanced_accuracy: 0.500000
EPOCH 9:
VALIDATION
valid epoch balanced_accuracy: 0.520000
EPOCH 10:
VALIDATION
valid epoch balanced_accuracy: 0.560000
EPOCH 11:
VALIDATION
valid epoch balanced_accuracy: 0.640000
EPOCH 12:
VALIDATION
valid epoch balanced_accuracy: 0.500000
EPOCH 13:
VALIDATION
valid epoch balanced_accuracy: 0.560000
EPOCH 14:
VALIDATION
valid epoch balanced_accuracy: 0.693684
EPOCH 15:
VALIDATION
valid epoch balanced_accuracy: 0.580000
EPOCH 16:
VALIDATION
valid epoch balanced_accuracy: 0.620000
EPOCH 17:
VALIDATION
valid epoch balanced_accuracy: 0.680000
EPOCH 18:
VALIDATION
valid epoch balanced_accuracy: 0.600000
EPOCH 19:
VALIDATION
valid epoch balanced_accuracy: 0.540000
EPOCH 20:
VALIDATION
valid epoch balanced_accuracy: 0.560000
EPOCH 21:
VALIDATION
valid epoch balanced_accuracy: 0.640000
EPOCH 22:
VALIDATION
valid epoch balanced_accuracy: 0.720000
EPOCH 23:
VALIDATION
valid epoch balanced_accuracy: 0.560000
EPOCH 24:
VALIDATION
valid epoch balanced_accuracy: 0.640000
EPOCH 25:
VALIDATION
valid epoch balanced_accuracy: 0.620000
EPOCH 26:
VALIDATION
valid epoch balanced_accuracy: 0.560000
EPOCH 27:
VALIDATION
valid epoch balanced_accuracy: 0.600000
EPOCH 28:
VALIDATION
valid epoch balanced_accuracy: 0.600000
EPOCH 29:
VALIDATION
valid epoch balanced_accuracy: 0.721053
EPOCH 30:
VALIDATION
valid epoch balanced_accuracy: 0.700000
EPOCH 31:
VALIDATION
valid epoch balanced_accuracy: 0.767368
EPOCH 32:
VALIDATION
valid epoch balanced_accuracy: 0.660000
EPOCH 33:
VALIDATION
valid epoch balanced_accuracy: 0.653684
EPOCH 34:
VALIDATION
valid epoch balanced_accuracy: 0.707368
EPOCH 35:
VALIDATION
valid epoch balanced_accuracy: 0.773684
EPOCH 36:
VALIDATION
valid epoch balanced_accuracy: 0.680000
EPOCH 37:
VALIDATION
valid epoch balanced_accuracy: 0.720000
EPOCH 38:
VALIDATION
valid epoch balanced_accuracy: 0.693684
EPOCH 39:
VALIDATION
valid epoch balanced_accuracy: 0.660000
EPOCH 40:
VALIDATION
valid epoch balanced_accuracy: 0.560000
EPOCH 41:
VALIDATION
valid epoch balanced_accuracy: 0.721053
EPOCH 42:
VALIDATION
valid epoch balanced_accuracy: 0.660000
EPOCH 43:
VALIDATION
valid epoch balanced_accuracy: 0.747368
EPOCH 44:
VALIDATION
valid epoch balanced_accuracy: 0.520000
EPOCH 45:
VALIDATION
valid epoch balanced_accuracy: 0.660000
EPOCH 46:
VALIDATION
valid epoch balanced_accuracy: 0.640000
EPOCH 47:
VALIDATION
valid epoch balanced_accuracy: 0.567368
EPOCH 48:
VALIDATION
valid epoch balanced_accuracy: 0.561053
EPOCH 49:
VALIDATION
valid epoch balanced_accuracy: 0.647368
EPOCH 50:
VALIDATION
valid epoch balanced_accuracy: 0.653684
EPOCH 51:
VALIDATION
valid epoch balanced_accuracy: 0.614737
EPOCH 52:
VALIDATION
valid epoch balanced_accuracy: 0.647368
EPOCH 53:
VALIDATION
valid epoch balanced_accuracy: 0.655789
EPOCH 54:
VALIDATION
valid epoch balanced_accuracy: 0.560000
EPOCH 55:
VALIDATION
valid epoch balanced_accuracy: 0.447368
EPOCH 56:
VALIDATION
valid epoch balanced_accuracy: 0.620000
EPOCH 57:
VALIDATION
valid epoch balanced_accuracy: 0.634737
EPOCH 58:
VALIDATION
valid epoch balanced_accuracy: 0.667368
EPOCH 59:
VALIDATION
valid epoch balanced_accuracy: 0.688421
EPOCH 60:
VALIDATION
valid epoch balanced_accuracy: 0.653684
EPOCH 61:
VALIDATION
valid epoch balanced_accuracy: 0.701053
EPOCH 62:
VALIDATION
valid epoch balanced_accuracy: 0.660000
EPOCH 63:
VALIDATION
valid epoch balanced_accuracy: 0.540000
EPOCH 64:
VALIDATION
valid epoch balanced_accuracy: 0.547368
EPOCH 65:
VALIDATION
valid epoch balanced_accuracy: 0.540000
EPOCH 66:
VALIDATION
valid epoch balanced_accuracy: 0.654737
EPOCH 67:
VALIDATION
valid epoch balanced_accuracy: 0.642105
EPOCH 68:
VALIDATION
valid epoch balanced_accuracy: 0.421053
EPOCH 69:
VALIDATION
valid epoch balanced_accuracy: 0.540000
EPOCH 70:
VALIDATION
valid epoch balanced_accuracy: 0.481053
EPOCH 71:
VALIDATION
valid epoch balanced_accuracy: 0.581053
EPOCH 72:
VALIDATION
valid epoch balanced_accuracy: 0.541053
EPOCH 73:
VALIDATION
valid epoch balanced_accuracy: 0.500000
EPOCH 74:
VALIDATION
valid epoch balanced_accuracy: 0.521053
EPOCH 75:
VALIDATION
valid epoch balanced_accuracy: 0.507368
EPOCH 76:
VALIDATION
valid epoch balanced_accuracy: 0.747368
EPOCH 77:
VALIDATION
valid epoch balanced_accuracy: 0.494737
EPOCH 78:
VALIDATION
valid epoch balanced_accuracy: 0.727368
EPOCH 79:
VALIDATION
valid epoch balanced_accuracy: 0.680000
EPOCH 80:
VALIDATION
valid epoch balanced_accuracy: 0.653684
EPOCH 81:
VALIDATION
valid epoch balanced_accuracy: 0.601053
EPOCH 82:
VALIDATION
valid epoch balanced_accuracy: 0.507368
EPOCH 83:
VALIDATION
valid epoch balanced_accuracy: 0.673684
EPOCH 84:
VALIDATION
valid epoch balanced_accuracy: 0.493684
EPOCH 85:
VALIDATION
valid epoch balanced_accuracy: 0.500000
EPOCH 86:
VALIDATION
valid epoch balanced_accuracy: 0.594737
EPOCH 87:
VALIDATION
valid epoch balanced_accuracy: 0.540000
EPOCH 88:
VALIDATION
valid epoch balanced_accuracy: 0.673684
EPOCH 89:
VALIDATION
valid epoch balanced_accuracy: 0.414737
EPOCH 90:
VALIDATION
valid epoch balanced_accuracy: 0.687368
EPOCH 91:
VALIDATION
valid epoch balanced_accuracy: 0.633684
EPOCH 92:
VALIDATION
valid epoch balanced_accuracy: 0.588421
EPOCH 93:
VALIDATION
valid epoch balanced_accuracy: 0.560000
EPOCH 94:
VALIDATION
valid epoch balanced_accuracy: 0.541053
EPOCH 95:
VALIDATION
valid epoch balanced_accuracy: 0.614737
EPOCH 96:
VALIDATION
valid epoch balanced_accuracy: 0.547368
EPOCH 97:
VALIDATION
valid epoch balanced_accuracy: 0.521053
EPOCH 98:
VALIDATION
valid epoch balanced_accuracy: 0.414737
EARLY STOPPING: rolling validation balanced accuracy did not improve for 60 epochs and validation loss increased over the same window.
accuracy: 0.500000
sensitivity: 0.266667
precision: 1.000000
specificity: 1.000000
IoU: 0.266667
FAR: 0.000000
F1: 0.421053
balanced_accuracy: 0.633333
loss: 0.265813
