Waiting for exclusive access to GPU GPU-72d951a7-f7f4-ebac-872f-c78c38d63dbe.
=== GROUP: lipocalin | VARIANT: bbp_nps3mlp_dpt01_wd0001_gm_plm64_hid64_lipidonly | SEED: 1 | GPU: NVIDIA H100 ===

number of parameters : 1310725
train : (1332, 12)
valid : (90, 12)
test : (90, 12)
class weights : [1.0, 1.0]
balanced batches : 84 per epoch covering all 1332 train rows, target 8 positive + 8 unlabeled
data extracted
EPOCH 1:
VALIDATION
valid epoch balanced_accuracy: 0.397233
EPOCH 2:
VALIDATION
valid epoch balanced_accuracy: 0.442194
EPOCH 3:
VALIDATION
valid epoch balanced_accuracy: 0.501482
EPOCH 4:
VALIDATION
valid epoch balanced_accuracy: 0.513340
EPOCH 5:
VALIDATION
valid epoch balanced_accuracy: 0.560277
EPOCH 6:
VALIDATION
valid epoch balanced_accuracy: 0.500494
EPOCH 7:
VALIDATION
valid epoch balanced_accuracy: 0.546937
EPOCH 8:
VALIDATION
valid epoch balanced_accuracy: 0.535573
EPOCH 9:
VALIDATION
valid epoch balanced_accuracy: 0.559289
EPOCH 10:
VALIDATION
valid epoch balanced_accuracy: 0.558300
EPOCH 11:
VALIDATION
valid epoch balanced_accuracy: 0.571146
EPOCH 12:
VALIDATION
valid epoch balanced_accuracy: 0.541502
EPOCH 13:
VALIDATION
valid epoch balanced_accuracy: 0.581028
EPOCH 14:
VALIDATION
valid epoch balanced_accuracy: 0.559783
EPOCH 15:
VALIDATION
valid epoch balanced_accuracy: 0.545949
EPOCH 16:
VALIDATION
valid epoch balanced_accuracy: 0.545455
EPOCH 17:
VALIDATION
valid epoch balanced_accuracy: 0.603755
EPOCH 18:
VALIDATION
valid epoch balanced_accuracy: 0.583004
EPOCH 19:
VALIDATION
valid epoch balanced_accuracy: 0.511858
EPOCH 20:
VALIDATION
valid epoch balanced_accuracy: 0.572628
EPOCH 21:
VALIDATION
valid epoch balanced_accuracy: 0.583498
EPOCH 22:
VALIDATION
valid epoch balanced_accuracy: 0.571640
EPOCH 23:
VALIDATION
valid epoch balanced_accuracy: 0.558794
EPOCH 24:
VALIDATION
valid epoch balanced_accuracy: 0.570652
EPOCH 25:
VALIDATION
valid epoch balanced_accuracy: 0.523221
EPOCH 26:
VALIDATION
valid epoch balanced_accuracy: 0.561759
EPOCH 27:
VALIDATION
valid epoch balanced_accuracy: 0.561759
EPOCH 28:
VALIDATION
valid epoch balanced_accuracy: 0.570158
EPOCH 29:
VALIDATION
valid epoch balanced_accuracy: 0.524704
EPOCH 30:
VALIDATION
valid epoch balanced_accuracy: 0.560771
EPOCH 31:
VALIDATION
valid epoch balanced_accuracy: 0.572628
EPOCH 32:
VALIDATION
valid epoch balanced_accuracy: 0.558794
EPOCH 33:
VALIDATION
valid epoch balanced_accuracy: 0.571640
EPOCH 34:
VALIDATION
valid epoch balanced_accuracy: 0.593874
EPOCH 35:
VALIDATION
valid epoch balanced_accuracy: 0.571146
EPOCH 36:
VALIDATION
valid epoch balanced_accuracy: 0.572628
EPOCH 37:
VALIDATION
valid epoch balanced_accuracy: 0.593874
EPOCH 38:
VALIDATION
valid epoch balanced_accuracy: 0.583498
EPOCH 39:
VALIDATION
valid epoch balanced_accuracy: 0.562253
EPOCH 40:
VALIDATION
valid epoch balanced_accuracy: 0.582510
EPOCH 41:
VALIDATION
valid epoch balanced_accuracy: 0.582016
EPOCH 42:
VALIDATION
valid epoch balanced_accuracy: 0.573123
EPOCH 43:
VALIDATION
valid epoch balanced_accuracy: 0.583992
EPOCH 44:
VALIDATION
valid epoch balanced_accuracy: 0.500494
EPOCH 45:
VALIDATION
valid epoch balanced_accuracy: 0.571640
EPOCH 46:
VALIDATION
valid epoch balanced_accuracy: 0.570158
EPOCH 47:
VALIDATION
valid epoch balanced_accuracy: 0.570652
EPOCH 48:
VALIDATION
valid epoch balanced_accuracy: 0.595356
EPOCH 49:
VALIDATION
valid epoch balanced_accuracy: 0.583992
EPOCH 50:
VALIDATION
valid epoch balanced_accuracy: 0.582510
EPOCH 51:
VALIDATION
valid epoch balanced_accuracy: 0.582510
EPOCH 52:
VALIDATION
valid epoch balanced_accuracy: 0.594862
EPOCH 53:
VALIDATION
valid epoch balanced_accuracy: 0.582016
EPOCH 54:
VALIDATION
valid epoch balanced_accuracy: 0.583498
EPOCH 55:
VALIDATION
valid epoch balanced_accuracy: 0.570652
EPOCH 56:
VALIDATION
valid epoch balanced_accuracy: 0.560277
EPOCH 57:
VALIDATION
valid epoch balanced_accuracy: 0.594368
EPOCH 58:
VALIDATION
valid epoch balanced_accuracy: 0.572628
EPOCH 59:
VALIDATION
valid epoch balanced_accuracy: 0.594368
EPOCH 60:
VALIDATION
valid epoch balanced_accuracy: 0.560277
EPOCH 61:
VALIDATION
valid epoch balanced_accuracy: 0.594862
EPOCH 62:
VALIDATION
valid epoch balanced_accuracy: 0.594368
EPOCH 63:
VALIDATION
valid epoch balanced_accuracy: 0.550395
EPOCH 64:
VALIDATION
valid epoch balanced_accuracy: 0.583498
EPOCH 65:
VALIDATION
valid epoch balanced_accuracy: 0.571146
EPOCH 66:
VALIDATION
valid epoch balanced_accuracy: 0.594368
EPOCH 67:
VALIDATION
valid epoch balanced_accuracy: 0.572628
EPOCH 68:
VALIDATION
valid epoch balanced_accuracy: 0.559783
EPOCH 69:
VALIDATION
valid epoch balanced_accuracy: 0.559783
EPOCH 70:
VALIDATION
valid epoch balanced_accuracy: 0.572628
EPOCH 71:
VALIDATION
valid epoch balanced_accuracy: 0.525692
EPOCH 72:
VALIDATION
valid epoch balanced_accuracy: 0.539526
EPOCH 73:
VALIDATION
valid epoch balanced_accuracy: 0.572134
EPOCH 74:
VALIDATION
valid epoch balanced_accuracy: 0.583498
EPOCH 75:
VALIDATION
valid epoch balanced_accuracy: 0.572134
EPOCH 76:
VALIDATION
valid epoch balanced_accuracy: 0.583004
EPOCH 77:
VALIDATION
valid epoch balanced_accuracy: 0.594368
EPOCH 78:
VALIDATION
valid epoch balanced_accuracy: 0.573617
EPOCH 79:
VALIDATION
valid epoch balanced_accuracy: 0.594368
EPOCH 80:
VALIDATION
valid epoch balanced_accuracy: 0.583004
EPOCH 81:
VALIDATION
valid epoch balanced_accuracy: 0.593874
EPOCH 82:
VALIDATION
valid epoch balanced_accuracy: 0.548419
EPOCH 83:
VALIDATION
valid epoch balanced_accuracy: 0.593874
EPOCH 84:
VALIDATION
valid epoch balanced_accuracy: 0.583498
EPOCH 85:
VALIDATION
valid epoch balanced_accuracy: 0.582016
EPOCH 86:
VALIDATION
valid epoch balanced_accuracy: 0.559289
EPOCH 87:
VALIDATION
valid epoch balanced_accuracy: 0.571640
EPOCH 88:
VALIDATION
valid epoch balanced_accuracy: 0.560277
EPOCH 89:
VALIDATION
valid epoch balanced_accuracy: 0.559289
EPOCH 90:
VALIDATION
valid epoch balanced_accuracy: 0.518775
EPOCH 91:
VALIDATION
valid epoch balanced_accuracy: 0.572628
EPOCH 92:
VALIDATION
valid epoch balanced_accuracy: 0.593874
EPOCH 93:
VALIDATION
valid epoch balanced_accuracy: 0.593379
EPOCH 94:
VALIDATION
valid epoch balanced_accuracy: 0.583992
EPOCH 95:
VALIDATION
valid epoch balanced_accuracy: 0.561759
EPOCH 96:
VALIDATION
valid epoch balanced_accuracy: 0.593874
EPOCH 97:
VALIDATION
valid epoch balanced_accuracy: 0.560277
EPOCH 98:
VALIDATION
valid epoch balanced_accuracy: 0.547431
EPOCH 99:
VALIDATION
valid epoch balanced_accuracy: 0.584486
EPOCH 100:
VALIDATION
valid epoch balanced_accuracy: 0.569664
EPOCH 101:
VALIDATION
valid epoch balanced_accuracy: 0.571640
EPOCH 102:
VALIDATION
valid epoch balanced_accuracy: 0.572134
EPOCH 103:
VALIDATION
valid epoch balanced_accuracy: 0.560277
EPOCH 104:
VALIDATION
valid epoch balanced_accuracy: 0.559289
EPOCH 105:
VALIDATION
valid epoch balanced_accuracy: 0.594862
EPOCH 106:
VALIDATION
valid epoch balanced_accuracy: 0.583004
EPOCH 107:
VALIDATION
valid epoch balanced_accuracy: 0.572628
EPOCH 108:
VALIDATION
valid epoch balanced_accuracy: 0.593379
EPOCH 109:
VALIDATION
valid epoch balanced_accuracy: 0.583992
EPOCH 110:
VALIDATION
valid epoch balanced_accuracy: 0.582510
EPOCH 111:
VALIDATION
valid epoch balanced_accuracy: 0.583004
EPOCH 112:
VALIDATION
valid epoch balanced_accuracy: 0.604743
EPOCH 113:
VALIDATION
valid epoch balanced_accuracy: 0.605237
EPOCH 114:
VALIDATION
valid epoch balanced_accuracy: 0.605731
EPOCH 115:
VALIDATION
valid epoch balanced_accuracy: 0.560277
EPOCH 116:
VALIDATION
valid epoch balanced_accuracy: 0.593874
EPOCH 117:
VALIDATION
valid epoch balanced_accuracy: 0.583004
EPOCH 118:
VALIDATION
valid epoch balanced_accuracy: 0.592391
EPOCH 119:
VALIDATION
valid epoch balanced_accuracy: 0.562253
EPOCH 120:
VALIDATION
valid epoch balanced_accuracy: 0.582016
EPOCH 121:
VALIDATION
valid epoch balanced_accuracy: 0.572628
EPOCH 122:
VALIDATION
valid epoch balanced_accuracy: 0.538538
EPOCH 123:
VALIDATION
valid epoch balanced_accuracy: 0.594862
EPOCH 124:
VALIDATION
valid epoch balanced_accuracy: 0.551877
EPOCH 125:
VALIDATION
valid epoch balanced_accuracy: 0.573617
EPOCH 126:
VALIDATION
valid epoch balanced_accuracy: 0.570652
EPOCH 127:
VALIDATION
valid epoch balanced_accuracy: 0.603755
EPOCH 128:
VALIDATION
valid epoch balanced_accuracy: 0.558794
EPOCH 129:
VALIDATION
valid epoch balanced_accuracy: 0.573123
EPOCH 130:
VALIDATION
valid epoch balanced_accuracy: 0.591897
EPOCH 131:
VALIDATION
valid epoch balanced_accuracy: 0.571146
EPOCH 132:
VALIDATION
valid epoch balanced_accuracy: 0.573123
EPOCH 133:
VALIDATION
valid epoch balanced_accuracy: 0.602767
EPOCH 134:
VALIDATION
valid epoch balanced_accuracy: 0.615119
EPOCH 135:
VALIDATION
valid epoch balanced_accuracy: 0.603261
EPOCH 136:
VALIDATION
valid epoch balanced_accuracy: 0.572628
EPOCH 137:
VALIDATION
valid epoch balanced_accuracy: 0.561759
EPOCH 138:
VALIDATION
valid epoch balanced_accuracy: 0.603261
EPOCH 139:
VALIDATION
valid epoch balanced_accuracy: 0.603261
EPOCH 140:
VALIDATION
valid epoch balanced_accuracy: 0.592885
EPOCH 141:
VALIDATION
valid epoch balanced_accuracy: 0.615613
EPOCH 142:
VALIDATION
valid epoch balanced_accuracy: 0.625988
EPOCH 143:
VALIDATION
valid epoch balanced_accuracy: 0.561759
EPOCH 144:
VALIDATION
valid epoch balanced_accuracy: 0.615613
EPOCH 145:
VALIDATION
valid epoch balanced_accuracy: 0.573123
EPOCH 146:
VALIDATION
valid epoch balanced_accuracy: 0.614625
EPOCH 147:
VALIDATION
valid epoch balanced_accuracy: 0.615613
EPOCH 148:
VALIDATION
valid epoch balanced_accuracy: 0.604743
EPOCH 149:
VALIDATION
valid epoch balanced_accuracy: 0.615613
EPOCH 150:
VALIDATION
valid epoch balanced_accuracy: 0.582016
accuracy: 0.555556
sensitivity: 0.340909
precision: 0.576923
specificity: 0.760870
IoU: 0.272727
FAR: 0.239130
F1: 0.428571
balanced_accuracy: 0.550889
loss: 0.792113
