Waiting for exclusive access to GPU GPU-dc4f9df4-a164-f5f6-51ef-afcfa186ef16.
=== GROUP: lipocalin | VARIANT: nps3mlp_lindas_lipid_isomers | SEED: 1 | GPU: NVIDIA A100-PCIE-40GB ===

number of parameters : 1403982
train : (1085, 12)
valid : (123, 12)
test : (123, 12)
class weights : [1.29474937915802, 0.81456458568573]
data extracted
EPOCH 1:
VALIDATION
valid epoch balanced_accuracy: 0.529200
EPOCH 2:
VALIDATION
valid epoch balanced_accuracy: 0.489356
EPOCH 3:
VALIDATION
valid epoch balanced_accuracy: 0.519707
EPOCH 4:
VALIDATION
valid epoch balanced_accuracy: 0.499425
EPOCH 5:
VALIDATION
valid epoch balanced_accuracy: 0.539988
EPOCH 6:
VALIDATION
valid epoch balanced_accuracy: 0.500719
EPOCH 7:
VALIDATION
valid epoch balanced_accuracy: 0.503165
EPOCH 8:
VALIDATION
valid epoch balanced_accuracy: 0.467635
EPOCH 9:
VALIDATION
valid epoch balanced_accuracy: 0.468930
EPOCH 10:
VALIDATION
valid epoch balanced_accuracy: 0.515823
EPOCH 11:
VALIDATION
valid epoch balanced_accuracy: 0.528481
EPOCH 12:
VALIDATION
valid epoch balanced_accuracy: 0.553797
EPOCH 13:
VALIDATION
valid epoch balanced_accuracy: 0.529776
EPOCH 14:
VALIDATION
valid epoch balanced_accuracy: 0.536249
EPOCH 15:
VALIDATION
valid epoch balanced_accuracy: 0.575230
EPOCH 16:
VALIDATION
valid epoch balanced_accuracy: 0.517117
EPOCH 17:
VALIDATION
valid epoch balanced_accuracy: 0.590478
EPOCH 18:
VALIDATION
valid epoch balanced_accuracy: 0.562716
EPOCH 19:
VALIDATION
valid epoch balanced_accuracy: 0.579114
EPOCH 20:
VALIDATION
valid epoch balanced_accuracy: 0.511076
EPOCH 21:
VALIDATION
valid epoch balanced_accuracy: 0.527474
EPOCH 22:
VALIDATION
valid epoch balanced_accuracy: 0.541139
EPOCH 23:
VALIDATION
valid epoch balanced_accuracy: 0.510932
EPOCH 24:
VALIDATION
valid epoch balanced_accuracy: 0.507048
EPOCH 25:
VALIDATION
valid epoch balanced_accuracy: 0.503452
EPOCH 26:
VALIDATION
valid epoch balanced_accuracy: 0.500719
EPOCH 27:
VALIDATION
valid epoch balanced_accuracy: 0.494534
EPOCH 28:
VALIDATION
valid epoch balanced_accuracy: 0.426352
EPOCH 29:
VALIDATION
valid epoch balanced_accuracy: 0.478280
EPOCH 30:
VALIDATION
valid epoch balanced_accuracy: 0.489499
EPOCH 31:
VALIDATION
valid epoch balanced_accuracy: 0.529919
EPOCH 32:
VALIDATION
valid epoch balanced_accuracy: 0.515967
EPOCH 33:
VALIDATION
valid epoch balanced_accuracy: 0.528769
EPOCH 34:
VALIDATION
valid epoch balanced_accuracy: 0.538694
EPOCH 35:
VALIDATION
valid epoch balanced_accuracy: 0.517261
EPOCH 36:
VALIDATION
valid epoch balanced_accuracy: 0.475403
EPOCH 37:
VALIDATION
valid epoch balanced_accuracy: 0.507048
EPOCH 38:
VALIDATION
valid epoch balanced_accuracy: 0.510932
EPOCH 39:
VALIDATION
valid epoch balanced_accuracy: 0.475690
EPOCH 40:
VALIDATION
valid epoch balanced_accuracy: 0.526036
EPOCH 41:
VALIDATION
valid epoch balanced_accuracy: 0.534954
EPOCH 42:
VALIDATION
valid epoch balanced_accuracy: 0.502014
EPOCH 43:
VALIDATION
valid epoch balanced_accuracy: 0.529919
EPOCH 44:
VALIDATION
valid epoch balanced_accuracy: 0.551208
EPOCH 45:
VALIDATION
valid epoch balanced_accuracy: 0.548907
EPOCH 46:
VALIDATION
valid epoch balanced_accuracy: 0.503308
EPOCH 47:
VALIDATION
valid epoch balanced_accuracy: 0.523590
EPOCH 48:
VALIDATION
valid epoch balanced_accuracy: 0.546318
EPOCH 49:
VALIDATION
valid epoch balanced_accuracy: 0.448792
EPOCH 50:
VALIDATION
valid epoch balanced_accuracy: 0.512371
EPOCH 51:
VALIDATION
valid epoch balanced_accuracy: 0.519850
EPOCH 52:
VALIDATION
valid epoch balanced_accuracy: 0.508631
EPOCH 53:
VALIDATION
valid epoch balanced_accuracy: 0.571634
EPOCH 54:
VALIDATION
valid epoch balanced_accuracy: 0.529919
EPOCH 55:
VALIDATION
valid epoch balanced_accuracy: 0.541283
EPOCH 56:
VALIDATION
valid epoch balanced_accuracy: 0.550345
EPOCH 57:
VALIDATION
valid epoch balanced_accuracy: 0.536249
EPOCH 58:
VALIDATION
valid epoch balanced_accuracy: 0.560270
EPOCH 59:
VALIDATION
valid epoch balanced_accuracy: 0.553941
EPOCH 60:
VALIDATION
valid epoch balanced_accuracy: 0.564010
EPOCH 61:
VALIDATION
valid epoch balanced_accuracy: 0.575518
EPOCH 62:
VALIDATION
valid epoch balanced_accuracy: 0.571490
EPOCH 63:
VALIDATION
valid epoch balanced_accuracy: 0.551496
EPOCH 64:
VALIDATION
valid epoch balanced_accuracy: 0.566600
EPOCH 65:
VALIDATION
valid epoch balanced_accuracy: 0.557681
EPOCH 66:
VALIDATION
valid epoch balanced_accuracy: 0.553941
EPOCH 67:
VALIDATION
valid epoch balanced_accuracy: 0.562716
EPOCH 68:
VALIDATION
valid epoch balanced_accuracy: 0.588032
EPOCH 69:
VALIDATION
valid epoch balanced_accuracy: 0.615794
EPOCH 70:
VALIDATION
valid epoch balanced_accuracy: 0.561421
EPOCH 71:
VALIDATION
valid epoch balanced_accuracy: 0.499712
EPOCH 72:
VALIDATION
valid epoch balanced_accuracy: 0.557681
EPOCH 73:
VALIDATION
valid epoch balanced_accuracy: 0.581847
EPOCH 74:
VALIDATION
valid epoch balanced_accuracy: 0.576669
EPOCH 75:
VALIDATION
valid epoch balanced_accuracy: 0.551496
EPOCH 76:
VALIDATION
valid epoch balanced_accuracy: 0.540132
EPOCH 77:
VALIDATION
valid epoch balanced_accuracy: 0.548907
EPOCH 78:
VALIDATION
valid epoch balanced_accuracy: 0.560270
EPOCH 79:
VALIDATION
valid epoch balanced_accuracy: 0.570339
EPOCH 80:
VALIDATION
valid epoch balanced_accuracy: 0.556530
EPOCH 81:
VALIDATION
valid epoch balanced_accuracy: 0.554085
EPOCH 82:
VALIDATION
valid epoch balanced_accuracy: 0.541283
EPOCH 83:
VALIDATION
valid epoch balanced_accuracy: 0.546461
EPOCH 84:
VALIDATION
valid epoch balanced_accuracy: 0.560270
EPOCH 85:
VALIDATION
valid epoch balanced_accuracy: 0.541283
EPOCH 86:
VALIDATION
valid epoch balanced_accuracy: 0.555236
EPOCH 87:
VALIDATION
valid epoch balanced_accuracy: 0.530063
EPOCH 88:
VALIDATION
valid epoch balanced_accuracy: 0.580409
EPOCH 89:
VALIDATION
valid epoch balanced_accuracy: 0.550201
EPOCH 90:
VALIDATION
valid epoch balanced_accuracy: 0.523734
EPOCH 91:
VALIDATION
valid epoch balanced_accuracy: 0.579258
EPOCH 92:
VALIDATION
valid epoch balanced_accuracy: 0.569189
EPOCH 93:
VALIDATION
valid epoch balanced_accuracy: 0.567894
EPOCH 94:
VALIDATION
valid epoch balanced_accuracy: 0.577963
EPOCH 95:
VALIDATION
valid epoch balanced_accuracy: 0.576669
EPOCH 96:
VALIDATION
valid epoch balanced_accuracy: 0.589471
EPOCH 97:
VALIDATION
valid epoch balanced_accuracy: 0.575518
EPOCH 98:
VALIDATION
valid epoch balanced_accuracy: 0.572929
EPOCH 99:
VALIDATION
valid epoch balanced_accuracy: 0.602129
EPOCH 100:
VALIDATION
valid epoch balanced_accuracy: 0.584292
EPOCH 101:
VALIDATION
valid epoch balanced_accuracy: 0.577963
EPOCH 102:
VALIDATION
valid epoch balanced_accuracy: 0.585587
EPOCH 103:
VALIDATION
valid epoch balanced_accuracy: 0.580552
EPOCH 104:
VALIDATION
valid epoch balanced_accuracy: 0.562860
EPOCH 105:
VALIDATION
valid epoch balanced_accuracy: 0.512514
EPOCH 106:
VALIDATION
valid epoch balanced_accuracy: 0.552359
EPOCH 107:
VALIDATION
valid epoch balanced_accuracy: 0.514672
EPOCH 108:
VALIDATION
valid epoch balanced_accuracy: 0.507336
EPOCH 109:
VALIDATION
valid epoch balanced_accuracy: 0.464327
EPOCH 110:
VALIDATION
valid epoch balanced_accuracy: 0.560270
EPOCH 111:
VALIDATION
valid epoch balanced_accuracy: 0.512227
EPOCH 112:
VALIDATION
valid epoch balanced_accuracy: 0.502158
EPOCH 113:
VALIDATION
valid epoch balanced_accuracy: 0.503452
EPOCH 114:
VALIDATION
valid epoch balanced_accuracy: 0.517261
EPOCH 115:
VALIDATION
valid epoch balanced_accuracy: 0.526180
EPOCH 116:
VALIDATION
valid epoch balanced_accuracy: 0.523590
EPOCH 117:
VALIDATION
valid epoch balanced_accuracy: 0.529919
EPOCH 118:
VALIDATION
valid epoch balanced_accuracy: 0.505898
EPOCH 119:
VALIDATION
valid epoch balanced_accuracy: 0.541283
EPOCH 120:
VALIDATION
valid epoch balanced_accuracy: 0.494534
EPOCH 121:
VALIDATION
valid epoch balanced_accuracy: 0.511076
EPOCH 122:
VALIDATION
valid epoch balanced_accuracy: 0.494534
EPOCH 123:
VALIDATION
valid epoch balanced_accuracy: 0.504747
EPOCH 124:
VALIDATION
valid epoch balanced_accuracy: 0.498274
EPOCH 125:
VALIDATION
valid epoch balanced_accuracy: 0.500863
EPOCH 126:
VALIDATION
valid epoch balanced_accuracy: 0.518556
EPOCH 127:
VALIDATION
valid epoch balanced_accuracy: 0.532365
EPOCH 128:
VALIDATION
valid epoch balanced_accuracy: 0.528625
EPOCH 129:
VALIDATION
valid epoch balanced_accuracy: 0.505898
EPOCH 130:
VALIDATION
valid epoch balanced_accuracy: 0.528625
EPOCH 131:
VALIDATION
valid epoch balanced_accuracy: 0.507192
EPOCH 132:
VALIDATION
valid epoch balanced_accuracy: 0.541283
EPOCH 133:
VALIDATION
valid epoch balanced_accuracy: 0.505898
EPOCH 134:
VALIDATION
valid epoch balanced_accuracy: 0.522296
EPOCH 135:
VALIDATION
valid epoch balanced_accuracy: 0.545023
EPOCH 136:
VALIDATION
valid epoch balanced_accuracy: 0.528625
EPOCH 137:
VALIDATION
valid epoch balanced_accuracy: 0.499568
EPOCH 138:
VALIDATION
valid epoch balanced_accuracy: 0.505898
EPOCH 139:
VALIDATION
valid epoch balanced_accuracy: 0.507192
EPOCH 140:
VALIDATION
valid epoch balanced_accuracy: 0.499712
EPOCH 141:
VALIDATION
valid epoch balanced_accuracy: 0.548763
EPOCH 142:
VALIDATION
valid epoch balanced_accuracy: 0.618239
EPOCH 143:
VALIDATION
valid epoch balanced_accuracy: 0.566456
EPOCH 144:
VALIDATION
valid epoch balanced_accuracy: 0.631041
EPOCH 145:
VALIDATION
valid epoch balanced_accuracy: 0.557681
EPOCH 146:
VALIDATION
valid epoch balanced_accuracy: 0.521145
EPOCH 147:
VALIDATION
valid epoch balanced_accuracy: 0.572929
EPOCH 148:
VALIDATION
valid epoch balanced_accuracy: 0.561565
EPOCH 149:
VALIDATION
valid epoch balanced_accuracy: 0.556530
EPOCH 150:
VALIDATION
valid epoch balanced_accuracy: 0.591772
accuracy: 0.634146
sensitivity: 0.413043
precision: 0.513514
specificity: 0.766234
IoU: 0.296875
FAR: 0.233766
F1: 0.457831
balanced_accuracy: 0.589639
loss: 1.525779
