
number of parameters : 1614030
train : (1083, 12)
valid : (124, 12)
test : (124, 12)
class weights : [1.0275142192840576, 0.9739208817481995]
data extracted
EPOCH 1:
VALIDATION
valid epoch balanced_accuracy: 0.669643
EPOCH 2:
VALIDATION
valid epoch balanced_accuracy: 0.501488
EPOCH 3:
VALIDATION
valid epoch balanced_accuracy: 0.579613
EPOCH 4:
VALIDATION
valid epoch balanced_accuracy: 0.527530
EPOCH 5:
VALIDATION
valid epoch balanced_accuracy: 0.586310
EPOCH 6:
VALIDATION
valid epoch balanced_accuracy: 0.546131
EPOCH 7:
VALIDATION
valid epoch balanced_accuracy: 0.596726
EPOCH 8:
VALIDATION
valid epoch balanced_accuracy: 0.565476
EPOCH 9:
VALIDATION
valid epoch balanced_accuracy: 0.534226
EPOCH 10:
VALIDATION
valid epoch balanced_accuracy: 0.484375
EPOCH 11:
VALIDATION
valid epoch balanced_accuracy: 0.539435
EPOCH 12:
VALIDATION
valid epoch balanced_accuracy: 0.526042
EPOCH 13:
VALIDATION
valid epoch balanced_accuracy: 0.573661
EPOCH 14:
VALIDATION
valid epoch balanced_accuracy: 0.479167
EPOCH 15:
VALIDATION
valid epoch balanced_accuracy: 0.581101
EPOCH 16:
VALIDATION
valid epoch balanced_accuracy: 0.579613
EPOCH 17:
VALIDATION
valid epoch balanced_accuracy: 0.567708
EPOCH 18:
VALIDATION
valid epoch balanced_accuracy: 0.555804
EPOCH 19:
VALIDATION
valid epoch balanced_accuracy: 0.604167
EPOCH 20:
VALIDATION
valid epoch balanced_accuracy: 0.558780
EPOCH 21:
VALIDATION
valid epoch balanced_accuracy: 0.651786
EPOCH 22:
VALIDATION
valid epoch balanced_accuracy: 0.616071
EPOCH 23:
VALIDATION
valid epoch balanced_accuracy: 0.590030
EPOCH 24:
VALIDATION
valid epoch balanced_accuracy: 0.610119
EPOCH 25:
VALIDATION
valid epoch balanced_accuracy: 0.627232
EPOCH 26:
VALIDATION
valid epoch balanced_accuracy: 0.560268
EPOCH 27:
VALIDATION
valid epoch balanced_accuracy: 0.534226
EPOCH 28:
VALIDATION
valid epoch balanced_accuracy: 0.574405
EPOCH 29:
VALIDATION
valid epoch balanced_accuracy: 0.601935
EPOCH 30:
VALIDATION
valid epoch balanced_accuracy: 0.625000
EPOCH 31:
VALIDATION
valid epoch balanced_accuracy: 0.680060
EPOCH 32:
VALIDATION
valid epoch balanced_accuracy: 0.656994
EPOCH 33:
VALIDATION
valid epoch balanced_accuracy: 0.642113
EPOCH 34:
VALIDATION
valid epoch balanced_accuracy: 0.639881
EPOCH 35:
VALIDATION
valid epoch balanced_accuracy: 0.546131
EPOCH 36:
VALIDATION
valid epoch balanced_accuracy: 0.603423
EPOCH 37:
VALIDATION
valid epoch balanced_accuracy: 0.623512
EPOCH 38:
VALIDATION
valid epoch balanced_accuracy: 0.572173
EPOCH 39:
VALIDATION
valid epoch balanced_accuracy: 0.611607
EPOCH 40:
VALIDATION
valid epoch balanced_accuracy: 0.633185
EPOCH 41:
VALIDATION
valid epoch balanced_accuracy: 0.613095
EPOCH 42:
VALIDATION
valid epoch balanced_accuracy: 0.619048
EPOCH 43:
VALIDATION
valid epoch balanced_accuracy: 0.631696
EPOCH 44:
VALIDATION
valid epoch balanced_accuracy: 0.589286
EPOCH 45:
VALIDATION
valid epoch balanced_accuracy: 0.633929
EPOCH 46:
VALIDATION
valid epoch balanced_accuracy: 0.600446
EPOCH 47:
VALIDATION
valid epoch balanced_accuracy: 0.633185
EPOCH 48:
VALIDATION
valid epoch balanced_accuracy: 0.555804
EPOCH 49:
VALIDATION
valid epoch balanced_accuracy: 0.616071
EPOCH 50:
VALIDATION
valid epoch balanced_accuracy: 0.651786
EPOCH 51:
VALIDATION
valid epoch balanced_accuracy: 0.541667
EPOCH 52:
VALIDATION
valid epoch balanced_accuracy: 0.540179
EPOCH 53:
VALIDATION
valid epoch balanced_accuracy: 0.654018
EPOCH 54:
VALIDATION
valid epoch balanced_accuracy: 0.613839
EPOCH 55:
VALIDATION
valid epoch balanced_accuracy: 0.561012
EPOCH 56:
VALIDATION
valid epoch balanced_accuracy: 0.571429
EPOCH 57:
VALIDATION
valid epoch balanced_accuracy: 0.569940
EPOCH 58:
VALIDATION
valid epoch balanced_accuracy: 0.588542
EPOCH 59:
VALIDATION
valid epoch balanced_accuracy: 0.598214
EPOCH 60:
VALIDATION
valid epoch balanced_accuracy: 0.602679
EPOCH 61:
VALIDATION
valid epoch balanced_accuracy: 0.600446
EARLY STOPPING: rolling validation balanced accuracy did not improve for 60 epochs and validation loss increased over the same window.
accuracy: 0.725806
sensitivity: 0.778846
precision: 0.880435
specificity: 0.450000
IoU: 0.704348
FAR: 0.550000
F1: 0.826531
balanced_accuracy: 0.614423
loss: 0.649936
