Waiting for exclusive access to GPU GPU-c1052a61-fbed-56d8-e386-ac46da358f6b.
=== GROUP: LBP_BPI_CETP | VARIANT: bbp_nps3mlp_dpt01_gm_mlpplm1lopt | SEED: 1 | GPU: NVIDIA H200 ===

number of parameters : 3331866
train : (1402, 12)
valid : (55, 12)
test : (55, 12)
class weights : [1.0, 1.0]
balanced batches : 88 per epoch covering all 1402 train rows, target 8 positive + 8 unlabeled
data extracted
EPOCH 1:
VALIDATION
valid epoch balanced_accuracy: 0.765152
EPOCH 2:
VALIDATION
valid epoch balanced_accuracy: 0.765152
EPOCH 3:
VALIDATION
valid epoch balanced_accuracy: 0.787879
EPOCH 4:
VALIDATION
valid epoch balanced_accuracy: 0.810606
EPOCH 5:
VALIDATION
valid epoch balanced_accuracy: 0.371212
EPOCH 6:
VALIDATION
valid epoch balanced_accuracy: 0.719697
EPOCH 7:
VALIDATION
valid epoch balanced_accuracy: 0.795455
EPOCH 8:
VALIDATION
valid epoch balanced_accuracy: 0.674242
EPOCH 9:
VALIDATION
valid epoch balanced_accuracy: 0.522727
EPOCH 10:
VALIDATION
valid epoch balanced_accuracy: 0.446970
EPOCH 11:
VALIDATION
valid epoch balanced_accuracy: 0.734848
EPOCH 12:
VALIDATION
valid epoch balanced_accuracy: 0.613636
EPOCH 13:
VALIDATION
valid epoch balanced_accuracy: 0.606061
EPOCH 14:
VALIDATION
valid epoch balanced_accuracy: 0.515152
EPOCH 15:
VALIDATION
valid epoch balanced_accuracy: 0.719697
EPOCH 16:
VALIDATION
valid epoch balanced_accuracy: 0.780303
EPOCH 17:
VALIDATION
valid epoch balanced_accuracy: 0.848485
EPOCH 18:
VALIDATION
valid epoch balanced_accuracy: 0.462121
EPOCH 19:
VALIDATION
valid epoch balanced_accuracy: 0.765152
EPOCH 20:
VALIDATION
valid epoch balanced_accuracy: 0.848485
EPOCH 21:
VALIDATION
valid epoch balanced_accuracy: 0.598485
EPOCH 22:
VALIDATION
valid epoch balanced_accuracy: 0.871212
EPOCH 23:
VALIDATION
valid epoch balanced_accuracy: 0.628788
EPOCH 24:
VALIDATION
valid epoch balanced_accuracy: 0.727273
EPOCH 25:
VALIDATION
valid epoch balanced_accuracy: 0.962121
EPOCH 26:
VALIDATION
valid epoch balanced_accuracy: 0.856061
EPOCH 27:
VALIDATION
valid epoch balanced_accuracy: 0.727273
EPOCH 28:
VALIDATION
valid epoch balanced_accuracy: 0.810606
EPOCH 29:
VALIDATION
valid epoch balanced_accuracy: 0.727273
EPOCH 30:
VALIDATION
valid epoch balanced_accuracy: 0.825758
EPOCH 31:
VALIDATION
valid epoch balanced_accuracy: 0.787879
EPOCH 32:
VALIDATION
valid epoch balanced_accuracy: 0.742424
EPOCH 33:
VALIDATION
valid epoch balanced_accuracy: 0.886364
EPOCH 34:
VALIDATION
valid epoch balanced_accuracy: 0.772727
EPOCH 35:
VALIDATION
valid epoch balanced_accuracy: 0.848485
EPOCH 36:
VALIDATION
valid epoch balanced_accuracy: 0.757576
EPOCH 37:
VALIDATION
valid epoch balanced_accuracy: 0.750000
EPOCH 38:
VALIDATION
valid epoch balanced_accuracy: 0.856061
EPOCH 39:
VALIDATION
valid epoch balanced_accuracy: 0.734848
EPOCH 40:
VALIDATION
valid epoch balanced_accuracy: 0.696970
EPOCH 41:
VALIDATION
valid epoch balanced_accuracy: 0.734848
EPOCH 42:
VALIDATION
valid epoch balanced_accuracy: 0.674242
EPOCH 43:
VALIDATION
valid epoch balanced_accuracy: 0.704545
EPOCH 44:
VALIDATION
valid epoch balanced_accuracy: 0.757576
EPOCH 45:
VALIDATION
valid epoch balanced_accuracy: 0.750000
EPOCH 46:
VALIDATION
valid epoch balanced_accuracy: 0.689394
EPOCH 47:
VALIDATION
valid epoch balanced_accuracy: 0.719697
EPOCH 48:
VALIDATION
valid epoch balanced_accuracy: 0.818182
EPOCH 49:
VALIDATION
valid epoch balanced_accuracy: 0.757576
EPOCH 50:
VALIDATION
valid epoch balanced_accuracy: 0.750000
EPOCH 51:
VALIDATION
valid epoch balanced_accuracy: 0.742424
EPOCH 52:
VALIDATION
valid epoch balanced_accuracy: 0.772727
EPOCH 53:
VALIDATION
valid epoch balanced_accuracy: 0.750000
EPOCH 54:
VALIDATION
valid epoch balanced_accuracy: 0.689394
EPOCH 55:
VALIDATION
valid epoch balanced_accuracy: 0.780303
EPOCH 56:
VALIDATION
valid epoch balanced_accuracy: 0.803030
EPOCH 57:
VALIDATION
valid epoch balanced_accuracy: 0.825758
EPOCH 58:
VALIDATION
valid epoch balanced_accuracy: 0.734848
EPOCH 59:
VALIDATION
valid epoch balanced_accuracy: 0.765152
EPOCH 60:
VALIDATION
valid epoch balanced_accuracy: 0.833333
EPOCH 61:
VALIDATION
valid epoch balanced_accuracy: 0.742424
EPOCH 62:
VALIDATION
valid epoch balanced_accuracy: 0.757576
EPOCH 63:
VALIDATION
valid epoch balanced_accuracy: 0.659091
EPOCH 64:
VALIDATION
valid epoch balanced_accuracy: 0.757576
EPOCH 65:
VALIDATION
valid epoch balanced_accuracy: 0.712121
EPOCH 66:
VALIDATION
valid epoch balanced_accuracy: 0.674242
EPOCH 67:
VALIDATION
valid epoch balanced_accuracy: 0.840909
EPOCH 68:
VALIDATION
valid epoch balanced_accuracy: 0.840909
EPOCH 69:
VALIDATION
valid epoch balanced_accuracy: 0.659091
EPOCH 70:
VALIDATION
valid epoch balanced_accuracy: 0.757576
EPOCH 71:
VALIDATION
valid epoch balanced_accuracy: 0.810606
EPOCH 72:
VALIDATION
valid epoch balanced_accuracy: 0.818182
EPOCH 73:
VALIDATION
valid epoch balanced_accuracy: 0.712121
EPOCH 74:
VALIDATION
valid epoch balanced_accuracy: 0.757576
EPOCH 75:
VALIDATION
valid epoch balanced_accuracy: 0.734848
EPOCH 76:
VALIDATION
valid epoch balanced_accuracy: 0.772727
EPOCH 77:
VALIDATION
valid epoch balanced_accuracy: 0.795455
EPOCH 78:
VALIDATION
valid epoch balanced_accuracy: 0.780303
EPOCH 79:
VALIDATION
valid epoch balanced_accuracy: 0.780303
EPOCH 80:
VALIDATION
valid epoch balanced_accuracy: 0.772727
EPOCH 81:
VALIDATION
valid epoch balanced_accuracy: 0.765152
EPOCH 82:
VALIDATION
valid epoch balanced_accuracy: 0.757576
EPOCH 83:
VALIDATION
valid epoch balanced_accuracy: 0.840909
EPOCH 84:
VALIDATION
valid epoch balanced_accuracy: 0.840909
EPOCH 85:
VALIDATION
valid epoch balanced_accuracy: 0.780303
EPOCH 86:
VALIDATION
valid epoch balanced_accuracy: 0.787879
EPOCH 87:
VALIDATION
valid epoch balanced_accuracy: 0.772727
EPOCH 88:
VALIDATION
valid epoch balanced_accuracy: 0.803030
EPOCH 89:
VALIDATION
valid epoch balanced_accuracy: 0.795455
EPOCH 90:
VALIDATION
valid epoch balanced_accuracy: 0.825758
EPOCH 91:
VALIDATION
valid epoch balanced_accuracy: 0.757576
EPOCH 92:
VALIDATION
valid epoch balanced_accuracy: 0.825758
EPOCH 93:
VALIDATION
valid epoch balanced_accuracy: 0.765152
EPOCH 94:
VALIDATION
valid epoch balanced_accuracy: 0.833333
EPOCH 95:
VALIDATION
valid epoch balanced_accuracy: 0.878788
EPOCH 96:
VALIDATION
valid epoch balanced_accuracy: 0.780303
EPOCH 97:
VALIDATION
valid epoch balanced_accuracy: 0.833333
EPOCH 98:
VALIDATION
valid epoch balanced_accuracy: 0.810606
EPOCH 99:
VALIDATION
valid epoch balanced_accuracy: 0.818182
EPOCH 100:
VALIDATION
valid epoch balanced_accuracy: 0.787879
EPOCH 101:
VALIDATION
valid epoch balanced_accuracy: 0.810606
EPOCH 102:
VALIDATION
valid epoch balanced_accuracy: 0.787879
EPOCH 103:
VALIDATION
valid epoch balanced_accuracy: 0.606061
EPOCH 104:
VALIDATION
valid epoch balanced_accuracy: 0.772727
EPOCH 105:
VALIDATION
valid epoch balanced_accuracy: 0.810606
EPOCH 106:
VALIDATION
valid epoch balanced_accuracy: 0.818182
EPOCH 107:
VALIDATION
valid epoch balanced_accuracy: 0.818182
EPOCH 108:
VALIDATION
valid epoch balanced_accuracy: 0.818182
EPOCH 109:
VALIDATION
valid epoch balanced_accuracy: 0.818182
EPOCH 110:
VALIDATION
valid epoch balanced_accuracy: 0.833333
EPOCH 111:
VALIDATION
valid epoch balanced_accuracy: 0.840909
EPOCH 112:
VALIDATION
valid epoch balanced_accuracy: 0.765152
EPOCH 113:
VALIDATION
valid epoch balanced_accuracy: 0.780303
EPOCH 114:
VALIDATION
valid epoch balanced_accuracy: 0.810606
EPOCH 115:
VALIDATION
valid epoch balanced_accuracy: 0.818182
EPOCH 116:
VALIDATION
valid epoch balanced_accuracy: 0.856061
EPOCH 117:
VALIDATION
valid epoch balanced_accuracy: 0.818182
EPOCH 118:
VALIDATION
valid epoch balanced_accuracy: 0.795455
EPOCH 119:
VALIDATION
valid epoch balanced_accuracy: 0.840909
EPOCH 120:
VALIDATION
valid epoch balanced_accuracy: 0.833333
EPOCH 121:
VALIDATION
valid epoch balanced_accuracy: 0.795455
EPOCH 122:
VALIDATION
valid epoch balanced_accuracy: 0.840909
EPOCH 123:
VALIDATION
valid epoch balanced_accuracy: 0.712121
EPOCH 124:
VALIDATION
valid epoch balanced_accuracy: 0.833333
EPOCH 125:
VALIDATION
valid epoch balanced_accuracy: 0.803030
EPOCH 126:
VALIDATION
valid epoch balanced_accuracy: 0.757576
EPOCH 127:
VALIDATION
valid epoch balanced_accuracy: 0.818182
EPOCH 128:
VALIDATION
valid epoch balanced_accuracy: 0.810606
EPOCH 129:
VALIDATION
valid epoch balanced_accuracy: 0.810606
EPOCH 130:
VALIDATION
valid epoch balanced_accuracy: 0.803030
EPOCH 131:
VALIDATION
valid epoch balanced_accuracy: 0.803030
EPOCH 132:
VALIDATION
valid epoch balanced_accuracy: 0.803030
EPOCH 133:
VALIDATION
valid epoch balanced_accuracy: 0.833333
EPOCH 134:
VALIDATION
valid epoch balanced_accuracy: 0.840909
EPOCH 135:
VALIDATION
valid epoch balanced_accuracy: 0.818182
EPOCH 136:
VALIDATION
valid epoch balanced_accuracy: 0.787879
EPOCH 137:
VALIDATION
valid epoch balanced_accuracy: 0.833333
EPOCH 138:
VALIDATION
valid epoch balanced_accuracy: 0.803030
EPOCH 139:
VALIDATION
valid epoch balanced_accuracy: 0.878788
EPOCH 140:
VALIDATION
valid epoch balanced_accuracy: 0.704545
EPOCH 141:
VALIDATION
valid epoch balanced_accuracy: 0.780303
EPOCH 142:
VALIDATION
valid epoch balanced_accuracy: 0.787879
EPOCH 143:
VALIDATION
valid epoch balanced_accuracy: 0.818182
EPOCH 144:
VALIDATION
valid epoch balanced_accuracy: 0.840909
EPOCH 145:
VALIDATION
valid epoch balanced_accuracy: 0.856061
EPOCH 146:
VALIDATION
valid epoch balanced_accuracy: 0.818182
EPOCH 147:
VALIDATION
valid epoch balanced_accuracy: 0.840909
EPOCH 148:
VALIDATION
valid epoch balanced_accuracy: 0.848485
EPOCH 149:
VALIDATION
valid epoch balanced_accuracy: 0.848485
EPOCH 150:
VALIDATION
valid epoch balanced_accuracy: 0.871212
Discovered surviving group widths (pruned architecture):
  lipid1.attention.FFN.3: 176/384 active
  lipid1.attention.FFN.7: 144/384 active
  protein1.enc_plm.1: 90/90 active
  protein1.attention.FFN.3: 10/384 active
  protein1.attention.FFN.7: 8/384 active
  protein1.mlp.3: 263/384 active
  protein1.mlp.7: 229/384 active
  cross_attention1.lipFFN.3: 136/384 active
  cross_attention1.lipFFN.7: 85/384 active
  cross_attention1.protFFN.3: 5/384 active
  cross_attention1.protFFN.7: 11/384 active
  final_layer.binar.3: 316/384 active
  final_layer.binar.7: 195/384 active
accuracy: 0.636364
sensitivity: 0.696970
precision: 0.696970
specificity: 0.545455
IoU: 0.534884
FAR: 0.454545
F1: 0.696970
balanced_accuracy: 0.621212
loss: 0.917616
