Waiting for exclusive access to GPU GPU-e38fd50b-f28d-bca0-1506-1209c3351206.
=== GROUP: lipocalin | VARIANT: single_gine_residual | SEED: 4 | FINAL_DROPOUT: 0.0 | WEIGHT_DECAY: 1e-5 | GPU: Tesla V100-SXM2-32GB ===

number of parameters : 428678
train : (1076, 12)
valid : (128, 12)
test : (127, 12)
class weights : [1.312195062637329, 0.8078078031539917]
data extracted
EPOCH 1:
VALIDATION
valid epoch balanced_accuracy: 0.391667
EPOCH 2:
VALIDATION
valid epoch balanced_accuracy: 0.510417
EPOCH 3:
VALIDATION
valid epoch balanced_accuracy: 0.441667
EPOCH 4:
VALIDATION
valid epoch balanced_accuracy: 0.485417
EPOCH 5:
VALIDATION
valid epoch balanced_accuracy: 0.502083
EPOCH 6:
VALIDATION
valid epoch balanced_accuracy: 0.520833
EPOCH 7:
VALIDATION
valid epoch balanced_accuracy: 0.518750
EPOCH 8:
VALIDATION
valid epoch balanced_accuracy: 0.518750
EPOCH 9:
VALIDATION
valid epoch balanced_accuracy: 0.477083
EPOCH 10:
VALIDATION
valid epoch balanced_accuracy: 0.489583
EPOCH 11:
VALIDATION
valid epoch balanced_accuracy: 0.533333
EPOCH 12:
VALIDATION
valid epoch balanced_accuracy: 0.552083
EPOCH 13:
VALIDATION
valid epoch balanced_accuracy: 0.654167
EPOCH 14:
VALIDATION
valid epoch balanced_accuracy: 0.658333
EPOCH 15:
VALIDATION
valid epoch balanced_accuracy: 0.570833
EPOCH 16:
VALIDATION
valid epoch balanced_accuracy: 0.602083
EPOCH 17:
VALIDATION
valid epoch balanced_accuracy: 0.481250
EPOCH 18:
VALIDATION
valid epoch balanced_accuracy: 0.633333
EPOCH 19:
VALIDATION
valid epoch balanced_accuracy: 0.629167
EPOCH 20:
VALIDATION
valid epoch balanced_accuracy: 0.602083
EPOCH 21:
VALIDATION
valid epoch balanced_accuracy: 0.641667
EPOCH 22:
VALIDATION
valid epoch balanced_accuracy: 0.687500
EPOCH 23:
VALIDATION
valid epoch balanced_accuracy: 0.695833
EPOCH 24:
VALIDATION
valid epoch balanced_accuracy: 0.677083
EPOCH 25:
VALIDATION
valid epoch balanced_accuracy: 0.704167
EPOCH 26:
VALIDATION
valid epoch balanced_accuracy: 0.672917
EPOCH 27:
VALIDATION
valid epoch balanced_accuracy: 0.650000
EPOCH 28:
VALIDATION
valid epoch balanced_accuracy: 0.587500
EPOCH 29:
VALIDATION
valid epoch balanced_accuracy: 0.714583
EPOCH 30:
VALIDATION
valid epoch balanced_accuracy: 0.697917
EPOCH 31:
VALIDATION
valid epoch balanced_accuracy: 0.697917
EPOCH 32:
VALIDATION
valid epoch balanced_accuracy: 0.687500
EPOCH 33:
VALIDATION
valid epoch balanced_accuracy: 0.727083
EPOCH 34:
VALIDATION
valid epoch balanced_accuracy: 0.675000
EPOCH 35:
VALIDATION
valid epoch balanced_accuracy: 0.620833
EPOCH 36:
VALIDATION
valid epoch balanced_accuracy: 0.735417
EPOCH 37:
VALIDATION
valid epoch balanced_accuracy: 0.706250
EPOCH 38:
VALIDATION
valid epoch balanced_accuracy: 0.691667
EPOCH 39:
VALIDATION
valid epoch balanced_accuracy: 0.641667
EPOCH 40:
VALIDATION
valid epoch balanced_accuracy: 0.700000
EPOCH 41:
VALIDATION
valid epoch balanced_accuracy: 0.710417
EPOCH 42:
VALIDATION
valid epoch balanced_accuracy: 0.712500
EPOCH 43:
VALIDATION
valid epoch balanced_accuracy: 0.643750
EPOCH 44:
VALIDATION
valid epoch balanced_accuracy: 0.675000
EPOCH 45:
VALIDATION
valid epoch balanced_accuracy: 0.681250
EPOCH 46:
VALIDATION
valid epoch balanced_accuracy: 0.631250
EPOCH 47:
VALIDATION
valid epoch balanced_accuracy: 0.743750
EPOCH 48:
VALIDATION
valid epoch balanced_accuracy: 0.743750
EPOCH 49:
VALIDATION
valid epoch balanced_accuracy: 0.729167
EPOCH 50:
VALIDATION
valid epoch balanced_accuracy: 0.683333
EPOCH 51:
VALIDATION
valid epoch balanced_accuracy: 0.587500
EPOCH 52:
VALIDATION
valid epoch balanced_accuracy: 0.743750
EPOCH 53:
VALIDATION
valid epoch balanced_accuracy: 0.691667
EPOCH 54:
VALIDATION
valid epoch balanced_accuracy: 0.737500
EPOCH 55:
VALIDATION
valid epoch balanced_accuracy: 0.741667
EPOCH 56:
VALIDATION
valid epoch balanced_accuracy: 0.668750
EPOCH 57:
VALIDATION
valid epoch balanced_accuracy: 0.725000
EPOCH 58:
VALIDATION
valid epoch balanced_accuracy: 0.745833
EPOCH 59:
VALIDATION
valid epoch balanced_accuracy: 0.672917
EPOCH 60:
VALIDATION
valid epoch balanced_accuracy: 0.772917
EPOCH 61:
VALIDATION
valid epoch balanced_accuracy: 0.754167
EPOCH 62:
VALIDATION
valid epoch balanced_accuracy: 0.789583
EPOCH 63:
VALIDATION
valid epoch balanced_accuracy: 0.710417
EPOCH 64:
VALIDATION
valid epoch balanced_accuracy: 0.608333
EPOCH 65:
VALIDATION
valid epoch balanced_accuracy: 0.645833
EPOCH 66:
VALIDATION
valid epoch balanced_accuracy: 0.679167
EPOCH 67:
VALIDATION
valid epoch balanced_accuracy: 0.643750
EPOCH 68:
VALIDATION
valid epoch balanced_accuracy: 0.660417
EPOCH 69:
VALIDATION
valid epoch balanced_accuracy: 0.693750
EPOCH 70:
VALIDATION
valid epoch balanced_accuracy: 0.716667
EPOCH 71:
VALIDATION
valid epoch balanced_accuracy: 0.706250
EPOCH 72:
VALIDATION
valid epoch balanced_accuracy: 0.627083
EPOCH 73:
VALIDATION
valid epoch balanced_accuracy: 0.641667
EPOCH 74:
VALIDATION
valid epoch balanced_accuracy: 0.612500
EPOCH 75:
VALIDATION
valid epoch balanced_accuracy: 0.637500
EPOCH 76:
VALIDATION
valid epoch balanced_accuracy: 0.681250
EPOCH 77:
VALIDATION
valid epoch balanced_accuracy: 0.668750
EPOCH 78:
VALIDATION
valid epoch balanced_accuracy: 0.662500
EPOCH 79:
VALIDATION
valid epoch balanced_accuracy: 0.672917
EPOCH 80:
VALIDATION
valid epoch balanced_accuracy: 0.645833
EPOCH 81:
VALIDATION
valid epoch balanced_accuracy: 0.756250
EPOCH 82:
VALIDATION
valid epoch balanced_accuracy: 0.643750
EPOCH 83:
VALIDATION
valid epoch balanced_accuracy: 0.691667
EPOCH 84:
VALIDATION
valid epoch balanced_accuracy: 0.620833
EPOCH 85:
VALIDATION
valid epoch balanced_accuracy: 0.656250
EPOCH 86:
VALIDATION
valid epoch balanced_accuracy: 0.508333
EPOCH 87:
VALIDATION
valid epoch balanced_accuracy: 0.604167
EPOCH 88:
VALIDATION
valid epoch balanced_accuracy: 0.543750
EPOCH 89:
VALIDATION
valid epoch balanced_accuracy: 0.600000
EPOCH 90:
VALIDATION
valid epoch balanced_accuracy: 0.606250
EPOCH 91:
VALIDATION
valid epoch balanced_accuracy: 0.656250
EPOCH 92:
VALIDATION
valid epoch balanced_accuracy: 0.622917
EPOCH 93:
VALIDATION
valid epoch balanced_accuracy: 0.643750
EPOCH 94:
VALIDATION
valid epoch balanced_accuracy: 0.635417
EPOCH 95:
VALIDATION
valid epoch balanced_accuracy: 0.656250
EPOCH 96:
VALIDATION
valid epoch balanced_accuracy: 0.620833
EPOCH 97:
VALIDATION
valid epoch balanced_accuracy: 0.600000
EPOCH 98:
VALIDATION
valid epoch balanced_accuracy: 0.616667
EPOCH 99:
VALIDATION
valid epoch balanced_accuracy: 0.643750
EPOCH 100:
VALIDATION
valid epoch balanced_accuracy: 0.625000
EPOCH 101:
VALIDATION
valid epoch balanced_accuracy: 0.658333
EPOCH 102:
VALIDATION
valid epoch balanced_accuracy: 0.687500
EPOCH 103:
VALIDATION
valid epoch balanced_accuracy: 0.635417
EPOCH 104:
VALIDATION
valid epoch balanced_accuracy: 0.579167
EPOCH 105:
VALIDATION
valid epoch balanced_accuracy: 0.658333
EPOCH 106:
VALIDATION
valid epoch balanced_accuracy: 0.718750
EPOCH 107:
VALIDATION
valid epoch balanced_accuracy: 0.675000
EPOCH 108:
VALIDATION
valid epoch balanced_accuracy: 0.764583
EPOCH 109:
VALIDATION
valid epoch balanced_accuracy: 0.743750
EPOCH 110:
VALIDATION
valid epoch balanced_accuracy: 0.643750
EPOCH 111:
VALIDATION
valid epoch balanced_accuracy: 0.635417
EPOCH 112:
VALIDATION
valid epoch balanced_accuracy: 0.658333
EPOCH 113:
VALIDATION
valid epoch balanced_accuracy: 0.656250
EPOCH 114:
VALIDATION
valid epoch balanced_accuracy: 0.697917
EPOCH 115:
VALIDATION
valid epoch balanced_accuracy: 0.658333
EPOCH 116:
VALIDATION
valid epoch balanced_accuracy: 0.720833
EPOCH 117:
VALIDATION
valid epoch balanced_accuracy: 0.700000
EPOCH 118:
VALIDATION
valid epoch balanced_accuracy: 0.693750
EPOCH 119:
VALIDATION
valid epoch balanced_accuracy: 0.706250
EPOCH 120:
VALIDATION
valid epoch balanced_accuracy: 0.710417
EPOCH 121:
VALIDATION
valid epoch balanced_accuracy: 0.727083
EPOCH 122:
VALIDATION
valid epoch balanced_accuracy: 0.685417
EPOCH 123:
VALIDATION
valid epoch balanced_accuracy: 0.610417
EPOCH 124:
VALIDATION
valid epoch balanced_accuracy: 0.537500
EPOCH 125:
VALIDATION
valid epoch balanced_accuracy: 0.608333
EPOCH 126:
VALIDATION
valid epoch balanced_accuracy: 0.625000
EPOCH 127:
VALIDATION
valid epoch balanced_accuracy: 0.697917
EPOCH 128:
VALIDATION
valid epoch balanced_accuracy: 0.737500
EPOCH 129:
VALIDATION
valid epoch balanced_accuracy: 0.725000
EPOCH 130:
VALIDATION
valid epoch balanced_accuracy: 0.739583
EPOCH 131:
VALIDATION
valid epoch balanced_accuracy: 0.733333
EPOCH 132:
VALIDATION
valid epoch balanced_accuracy: 0.727083
EPOCH 133:
VALIDATION
valid epoch balanced_accuracy: 0.731250
EPOCH 134:
VALIDATION
valid epoch balanced_accuracy: 0.745833
EPOCH 135:
VALIDATION
valid epoch balanced_accuracy: 0.712500
EPOCH 136:
VALIDATION
valid epoch balanced_accuracy: 0.720833
EPOCH 137:
VALIDATION
valid epoch balanced_accuracy: 0.739583
EPOCH 138:
VALIDATION
valid epoch balanced_accuracy: 0.741667
EPOCH 139:
VALIDATION
valid epoch balanced_accuracy: 0.735417
EPOCH 140:
VALIDATION
valid epoch balanced_accuracy: 0.735417
EPOCH 141:
VALIDATION
valid epoch balanced_accuracy: 0.722917
EPOCH 142:
VALIDATION
valid epoch balanced_accuracy: 0.727083
EPOCH 143:
VALIDATION
valid epoch balanced_accuracy: 0.781250
EPOCH 144:
VALIDATION
valid epoch balanced_accuracy: 0.770833
EPOCH 145:
VALIDATION
valid epoch balanced_accuracy: 0.710417
EPOCH 146:
VALIDATION
valid epoch balanced_accuracy: 0.737500
EPOCH 147:
VALIDATION
valid epoch balanced_accuracy: 0.550000
EPOCH 148:
VALIDATION
valid epoch balanced_accuracy: 0.622917
EPOCH 149:
VALIDATION
valid epoch balanced_accuracy: 0.635417
EPOCH 150:
VALIDATION
valid epoch balanced_accuracy: 0.652083
accuracy: 0.716535
sensitivity: 0.571429
precision: 0.571429
specificity: 0.788235
IoU: 0.400000
FAR: 0.211765
F1: 0.571429
balanced_accuracy: 0.679832
loss: 0.778602
