
number of parameters : 428678
train : (1085, 12)
valid : (123, 12)
test : (123, 12)
class weights : [1.29474937915802, 0.81456458568573]
data extracted
EPOCH 1:
VALIDATION
valid epoch balanced_accuracy: 0.405639
EPOCH 2:
VALIDATION
valid epoch balanced_accuracy: 0.490794
EPOCH 3:
VALIDATION
valid epoch balanced_accuracy: 0.420886
EPOCH 4:
VALIDATION
valid epoch balanced_accuracy: 0.477992
EPOCH 5:
VALIDATION
valid epoch balanced_accuracy: 0.491945
EPOCH 6:
VALIDATION
valid epoch balanced_accuracy: 0.479287
EPOCH 7:
VALIDATION
valid epoch balanced_accuracy: 0.471519
EPOCH 8:
VALIDATION
valid epoch balanced_accuracy: 0.492952
EPOCH 9:
VALIDATION
valid epoch balanced_accuracy: 0.487917
EPOCH 10:
VALIDATION
valid epoch balanced_accuracy: 0.491657
EPOCH 11:
VALIDATION
valid epoch balanced_accuracy: 0.493096
EPOCH 12:
VALIDATION
valid epoch balanced_accuracy: 0.524741
EPOCH 13:
VALIDATION
valid epoch balanced_accuracy: 0.515679
EPOCH 14:
VALIDATION
valid epoch balanced_accuracy: 0.485472
EPOCH 15:
VALIDATION
valid epoch balanced_accuracy: 0.494390
EPOCH 16:
VALIDATION
valid epoch balanced_accuracy: 0.525892
EPOCH 17:
VALIDATION
valid epoch balanced_accuracy: 0.570196
EPOCH 18:
VALIDATION
valid epoch balanced_accuracy: 0.491945
EPOCH 19:
VALIDATION
valid epoch balanced_accuracy: 0.564873
EPOCH 20:
VALIDATION
valid epoch balanced_accuracy: 0.553797
EPOCH 21:
VALIDATION
valid epoch balanced_accuracy: 0.460443
EPOCH 22:
VALIDATION
valid epoch balanced_accuracy: 0.542290
EPOCH 23:
VALIDATION
valid epoch balanced_accuracy: 0.488061
EPOCH 24:
VALIDATION
valid epoch balanced_accuracy: 0.562572
EPOCH 25:
VALIDATION
valid epoch balanced_accuracy: 0.500863
EPOCH 26:
VALIDATION
valid epoch balanced_accuracy: 0.502014
EPOCH 27:
VALIDATION
valid epoch balanced_accuracy: 0.528481
EPOCH 28:
VALIDATION
valid epoch balanced_accuracy: 0.483026
EPOCH 29:
VALIDATION
valid epoch balanced_accuracy: 0.468067
EPOCH 30:
VALIDATION
valid epoch balanced_accuracy: 0.531070
EPOCH 31:
VALIDATION
valid epoch balanced_accuracy: 0.546318
EPOCH 32:
VALIDATION
valid epoch balanced_accuracy: 0.494534
EPOCH 33:
VALIDATION
valid epoch balanced_accuracy: 0.531070
EPOCH 34:
VALIDATION
valid epoch balanced_accuracy: 0.531070
EPOCH 35:
VALIDATION
valid epoch balanced_accuracy: 0.526180
EPOCH 36:
VALIDATION
valid epoch balanced_accuracy: 0.517117
EPOCH 37:
VALIDATION
valid epoch balanced_accuracy: 0.573936
EPOCH 38:
VALIDATION
valid epoch balanced_accuracy: 0.581559
EPOCH 39:
VALIDATION
valid epoch balanced_accuracy: 0.499568
EPOCH 40:
VALIDATION
valid epoch balanced_accuracy: 0.499568
EPOCH 41:
VALIDATION
valid epoch balanced_accuracy: 0.521145
EPOCH 42:
VALIDATION
valid epoch balanced_accuracy: 0.512227
EPOCH 43:
VALIDATION
valid epoch balanced_accuracy: 0.527330
EPOCH 44:
VALIDATION
valid epoch balanced_accuracy: 0.513377
EPOCH 45:
VALIDATION
valid epoch balanced_accuracy: 0.555092
EPOCH 46:
VALIDATION
valid epoch balanced_accuracy: 0.582710
EPOCH 47:
VALIDATION
valid epoch balanced_accuracy: 0.532365
EPOCH 48:
VALIDATION
valid epoch balanced_accuracy: 0.519850
EPOCH 49:
VALIDATION
valid epoch balanced_accuracy: 0.546461
EPOCH 50:
VALIDATION
valid epoch balanced_accuracy: 0.518556
EPOCH 51:
VALIDATION
valid epoch balanced_accuracy: 0.551352
EPOCH 52:
VALIDATION
valid epoch balanced_accuracy: 0.604430
EPOCH 53:
VALIDATION
valid epoch balanced_accuracy: 0.524885
EPOCH 54:
VALIDATION
valid epoch balanced_accuracy: 0.584148
EPOCH 55:
VALIDATION
valid epoch balanced_accuracy: 0.533659
EPOCH 56:
VALIDATION
valid epoch balanced_accuracy: 0.509781
EPOCH 57:
VALIDATION
valid epoch balanced_accuracy: 0.528625
EPOCH 58:
VALIDATION
valid epoch balanced_accuracy: 0.532365
EPOCH 59:
VALIDATION
valid epoch balanced_accuracy: 0.538694
EPOCH 60:
VALIDATION
valid epoch balanced_accuracy: 0.561421
EPOCH 61:
VALIDATION
valid epoch balanced_accuracy: 0.558832
EPOCH 62:
VALIDATION
valid epoch balanced_accuracy: 0.574079
EPOCH 63:
VALIDATION
valid epoch balanced_accuracy: 0.557681
EPOCH 64:
VALIDATION
valid epoch balanced_accuracy: 0.579258
EPOCH 65:
VALIDATION
valid epoch balanced_accuracy: 0.577819
EPOCH 66:
VALIDATION
valid epoch balanced_accuracy: 0.601841
EPOCH 67:
VALIDATION
valid epoch balanced_accuracy: 0.630754
EPOCH 68:
VALIDATION
valid epoch balanced_accuracy: 0.637227
EPOCH 69:
VALIDATION
valid epoch balanced_accuracy: 0.644707
EPOCH 70:
VALIDATION
valid epoch balanced_accuracy: 0.537543
EPOCH 71:
VALIDATION
valid epoch balanced_accuracy: 0.510932
EPOCH 72:
VALIDATION
valid epoch balanced_accuracy: 0.566456
EPOCH 73:
VALIDATION
valid epoch balanced_accuracy: 0.567750
EPOCH 74:
VALIDATION
valid epoch balanced_accuracy: 0.609321
EPOCH 75:
VALIDATION
valid epoch balanced_accuracy: 0.534810
EPOCH 76:
VALIDATION
valid epoch balanced_accuracy: 0.557537
EPOCH 77:
VALIDATION
valid epoch balanced_accuracy: 0.538694
EPOCH 78:
VALIDATION
valid epoch balanced_accuracy: 0.529919
EPOCH 79:
VALIDATION
valid epoch balanced_accuracy: 0.615650
EPOCH 80:
VALIDATION
valid epoch balanced_accuracy: 0.601841
EPOCH 81:
VALIDATION
valid epoch balanced_accuracy: 0.611910
EPOCH 82:
VALIDATION
valid epoch balanced_accuracy: 0.605581
EPOCH 83:
VALIDATION
valid epoch balanced_accuracy: 0.548907
EPOCH 84:
VALIDATION
valid epoch balanced_accuracy: 0.556387
EPOCH 85:
VALIDATION
valid epoch balanced_accuracy: 0.536105
EPOCH 86:
VALIDATION
valid epoch balanced_accuracy: 0.578970
EPOCH 87:
VALIDATION
valid epoch balanced_accuracy: 0.517405
EPOCH 88:
VALIDATION
valid epoch balanced_accuracy: 0.500863
EPOCH 89:
VALIDATION
valid epoch balanced_accuracy: 0.524885
EPOCH 90:
VALIDATION
valid epoch balanced_accuracy: 0.538838
EPOCH 91:
VALIDATION
valid epoch balanced_accuracy: 0.667290
EPOCH 92:
VALIDATION
valid epoch balanced_accuracy: 0.566456
EPOCH 93:
VALIDATION
valid epoch balanced_accuracy: 0.595512
EPOCH 94:
VALIDATION
valid epoch balanced_accuracy: 0.634638
EPOCH 95:
VALIDATION
valid epoch balanced_accuracy: 0.545023
EPOCH 96:
VALIDATION
valid epoch balanced_accuracy: 0.594217
EPOCH 97:
VALIDATION
valid epoch balanced_accuracy: 0.551352
EPOCH 98:
VALIDATION
valid epoch balanced_accuracy: 0.531214
EPOCH 99:
VALIDATION
valid epoch balanced_accuracy: 0.555236
EPOCH 100:
VALIDATION
valid epoch balanced_accuracy: 0.595656
EPOCH 101:
VALIDATION
valid epoch balanced_accuracy: 0.508487
EPOCH 102:
VALIDATION
valid epoch balanced_accuracy: 0.432681
EPOCH 103:
VALIDATION
valid epoch balanced_accuracy: 0.446634
EPOCH 104:
VALIDATION
valid epoch balanced_accuracy: 0.454258
EPOCH 105:
VALIDATION
valid epoch balanced_accuracy: 0.514816
EPOCH 106:
VALIDATION
valid epoch balanced_accuracy: 0.534954
EPOCH 107:
VALIDATION
valid epoch balanced_accuracy: 0.539988
EPOCH 108:
VALIDATION
valid epoch balanced_accuracy: 0.502158
EPOCH 109:
VALIDATION
valid epoch balanced_accuracy: 0.503452
EPOCH 110:
VALIDATION
valid epoch balanced_accuracy: 0.484465
EPOCH 111:
VALIDATION
valid epoch balanced_accuracy: 0.494534
EPOCH 112:
VALIDATION
valid epoch balanced_accuracy: 0.535098
EPOCH 113:
VALIDATION
valid epoch balanced_accuracy: 0.523590
EPOCH 114:
VALIDATION
valid epoch balanced_accuracy: 0.489499
EPOCH 115:
VALIDATION
valid epoch balanced_accuracy: 0.488349
EPOCH 116:
VALIDATION
valid epoch balanced_accuracy: 0.498418
EPOCH 117:
VALIDATION
valid epoch balanced_accuracy: 0.517405
EPOCH 118:
VALIDATION
valid epoch balanced_accuracy: 0.492089
EPOCH 119:
VALIDATION
valid epoch balanced_accuracy: 0.494534
EPOCH 120:
VALIDATION
valid epoch balanced_accuracy: 0.543872
EPOCH 121:
VALIDATION
valid epoch balanced_accuracy: 0.436421
EPOCH 122:
VALIDATION
valid epoch balanced_accuracy: 0.604430
EPOCH 123:
VALIDATION
valid epoch balanced_accuracy: 0.503452
EPOCH 124:
VALIDATION
valid epoch balanced_accuracy: 0.482020
EPOCH 125:
VALIDATION
valid epoch balanced_accuracy: 0.523590
EPOCH 126:
VALIDATION
valid epoch balanced_accuracy: 0.575374
EPOCH 127:
VALIDATION
valid epoch balanced_accuracy: 0.562716
EPOCH 128:
VALIDATION
valid epoch balanced_accuracy: 0.547612
EPOCH 129:
VALIDATION
valid epoch balanced_accuracy: 0.528625
EPOCH 130:
VALIDATION
valid epoch balanced_accuracy: 0.547612
EPOCH 131:
VALIDATION
valid epoch balanced_accuracy: 0.546318
EPOCH 132:
VALIDATION
valid epoch balanced_accuracy: 0.548907
EPOCH 133:
VALIDATION
valid epoch balanced_accuracy: 0.534954
EPOCH 134:
VALIDATION
valid epoch balanced_accuracy: 0.547612
EPOCH 135:
VALIDATION
valid epoch balanced_accuracy: 0.547612
EPOCH 136:
VALIDATION
valid epoch balanced_accuracy: 0.546318
EPOCH 137:
VALIDATION
valid epoch balanced_accuracy: 0.518556
EPOCH 138:
VALIDATION
valid epoch balanced_accuracy: 0.555092
EPOCH 139:
VALIDATION
valid epoch balanced_accuracy: 0.526180
EPOCH 140:
VALIDATION
valid epoch balanced_accuracy: 0.526180
EPOCH 141:
VALIDATION
valid epoch balanced_accuracy: 0.527474
EPOCH 142:
VALIDATION
valid epoch balanced_accuracy: 0.548907
EPOCH 143:
VALIDATION
valid epoch balanced_accuracy: 0.576669
EPOCH 144:
VALIDATION
valid epoch balanced_accuracy: 0.528625
EPOCH 145:
VALIDATION
valid epoch balanced_accuracy: 0.562716
EPOCH 146:
VALIDATION
valid epoch balanced_accuracy: 0.588032
EPOCH 147:
VALIDATION
valid epoch balanced_accuracy: 0.533803
EPOCH 148:
VALIDATION
valid epoch balanced_accuracy: 0.533803
EPOCH 149:
VALIDATION
valid epoch balanced_accuracy: 0.584292
EPOCH 150:
VALIDATION
valid epoch balanced_accuracy: 0.591772
accuracy: 0.601626
sensitivity: 0.760870
precision: 0.479452
specificity: 0.506494
IoU: 0.416667
FAR: 0.493506
F1: 0.588235
balanced_accuracy: 0.633682
loss: 1.453254
