Waiting for exclusive access to GPU GPU-921bd90d-c98b-84ba-5b27-e17315d3441a.
=== GROUP: LBP_BPI_CETP | VARIANT: nps3mlp_dpt01_gem_pool_lrsched_cpw8 | SEED: 4 | GPU: Tesla V100-SXM2-32GB ===

number of parameters : 1403984
train : (1246, 12)
valid : (42, 12)
test : (43, 12)
class weights : [1.143119215965271, 0.8887304067611694]
data extracted
EPOCH 1:
VALIDATION
valid epoch balanced_accuracy: 0.500000
EPOCH 2:
VALIDATION
valid epoch balanced_accuracy: 0.500000
EPOCH 3:
VALIDATION
valid epoch balanced_accuracy: 0.500000
/home/kalinina/.conda/envs/Kalinin_project_LP/lib/python3.10/site-packages/torch/optim/lr_scheduler.py:243: UserWarning: The epoch parameter in `scheduler.step()` was not necessary and is being deprecated where possible. Please use `scheduler.step()` to step the scheduler. During the deprecation, if epoch is different from None, the closed form is used instead of the new chainable form, where available. Please open an issue if you are unable to replicate your use case: https://github.com/pytorch/pytorch/issues/new/choose.
  warnings.warn(EPOCH_DEPRECATION_WARNING, UserWarning)
EPOCH 4:
VALIDATION
valid epoch balanced_accuracy: 0.530792
EPOCH 5:
VALIDATION
valid epoch balanced_accuracy: 0.479472
EPOCH 6:
VALIDATION
valid epoch balanced_accuracy: 0.636364
EPOCH 7:
VALIDATION
valid epoch balanced_accuracy: 0.590909
EPOCH 8:
VALIDATION
valid epoch balanced_accuracy: 0.646628
EPOCH 9:
VALIDATION
valid epoch balanced_accuracy: 0.511730
EPOCH 10:
VALIDATION
valid epoch balanced_accuracy: 0.740469
EPOCH 11:
VALIDATION
valid epoch balanced_accuracy: 0.662757
EPOCH 12:
VALIDATION
valid epoch balanced_accuracy: 0.627566
EPOCH 13:
VALIDATION
valid epoch balanced_accuracy: 0.615836
EPOCH 14:
VALIDATION
valid epoch balanced_accuracy: 0.656891
EPOCH 15:
VALIDATION
valid epoch balanced_accuracy: 0.549853
EPOCH 16:
VALIDATION
valid epoch balanced_accuracy: 0.656891
EPOCH 17:
VALIDATION
valid epoch balanced_accuracy: 0.673021
EPOCH 18:
VALIDATION
valid epoch balanced_accuracy: 0.634897
EPOCH 19:
VALIDATION
valid epoch balanced_accuracy: 0.495601
EPOCH 20:
VALIDATION
valid epoch balanced_accuracy: 0.608504
EPOCH 21:
VALIDATION
valid epoch balanced_accuracy: 0.560117
EPOCH 22:
VALIDATION
valid epoch balanced_accuracy: 0.546921
EPOCH 23:
VALIDATION
valid epoch balanced_accuracy: 0.608504
EPOCH 24:
VALIDATION
valid epoch balanced_accuracy: 0.630499
EPOCH 25:
VALIDATION
valid epoch balanced_accuracy: 0.630499
EPOCH 26:
VALIDATION
valid epoch balanced_accuracy: 0.472141
EPOCH 27:
VALIDATION
valid epoch balanced_accuracy: 0.592375
EPOCH 28:
VALIDATION
valid epoch balanced_accuracy: 0.627566
EPOCH 29:
VALIDATION
valid epoch balanced_accuracy: 0.592375
EPOCH 30:
VALIDATION
valid epoch balanced_accuracy: 0.549853
EPOCH 31:
VALIDATION
valid epoch balanced_accuracy: 0.624633
EPOCH 32:
VALIDATION
valid epoch balanced_accuracy: 0.705279
EPOCH 33:
VALIDATION
valid epoch balanced_accuracy: 0.563050
EPOCH 34:
VALIDATION
valid epoch balanced_accuracy: 0.565982
EPOCH 35:
VALIDATION
valid epoch balanced_accuracy: 0.560117
EPOCH 36:
VALIDATION
valid epoch balanced_accuracy: 0.614370
EPOCH 37:
VALIDATION
valid epoch balanced_accuracy: 0.498534
EPOCH 38:
VALIDATION
valid epoch balanced_accuracy: 0.533724
EPOCH 39:
VALIDATION
valid epoch balanced_accuracy: 0.675953
EPOCH 40:
VALIDATION
valid epoch balanced_accuracy: 0.621701
EPOCH 41:
VALIDATION
valid epoch balanced_accuracy: 0.576246
EPOCH 42:
VALIDATION
valid epoch balanced_accuracy: 0.637830
EPOCH 43:
VALIDATION
valid epoch balanced_accuracy: 0.514663
EPOCH 44:
VALIDATION
valid epoch balanced_accuracy: 0.640762
EPOCH 45:
VALIDATION
valid epoch balanced_accuracy: 0.624633
EPOCH 46:
VALIDATION
valid epoch balanced_accuracy: 0.563050
EPOCH 47:
VALIDATION
valid epoch balanced_accuracy: 0.611437
EPOCH 48:
VALIDATION
valid epoch balanced_accuracy: 0.546921
EPOCH 49:
VALIDATION
valid epoch balanced_accuracy: 0.731672
EPOCH 50:
VALIDATION
valid epoch balanced_accuracy: 0.611437
EPOCH 51:
VALIDATION
valid epoch balanced_accuracy: 0.549853
EPOCH 52:
VALIDATION
valid epoch balanced_accuracy: 0.627566
EPOCH 53:
VALIDATION
valid epoch balanced_accuracy: 0.692082
EPOCH 54:
VALIDATION
valid epoch balanced_accuracy: 0.637830
EPOCH 55:
VALIDATION
valid epoch balanced_accuracy: 0.595308
EPOCH 56:
VALIDATION
valid epoch balanced_accuracy: 0.576246
EPOCH 57:
VALIDATION
valid epoch balanced_accuracy: 0.517595
EPOCH 58:
VALIDATION
valid epoch balanced_accuracy: 0.621701
EPOCH 59:
VALIDATION
valid epoch balanced_accuracy: 0.530792
EPOCH 60:
VALIDATION
valid epoch balanced_accuracy: 0.643695
EPOCH 61:
VALIDATION
valid epoch balanced_accuracy: 0.517595
EPOCH 62:
VALIDATION
valid epoch balanced_accuracy: 0.517595
EPOCH 63:
VALIDATION
valid epoch balanced_accuracy: 0.640762
EPOCH 64:
VALIDATION
valid epoch balanced_accuracy: 0.546921
EPOCH 65:
VALIDATION
valid epoch balanced_accuracy: 0.592375
EPOCH 66:
VALIDATION
valid epoch balanced_accuracy: 0.627566
EPOCH 67:
VALIDATION
valid epoch balanced_accuracy: 0.546921
EPOCH 68:
VALIDATION
valid epoch balanced_accuracy: 0.563050
EPOCH 69:
VALIDATION
valid epoch balanced_accuracy: 0.605572
EPOCH 70:
VALIDATION
valid epoch balanced_accuracy: 0.624633
EPOCH 71:
VALIDATION
valid epoch balanced_accuracy: 0.595308
EPOCH 72:
VALIDATION
valid epoch balanced_accuracy: 0.640762
EPOCH 73:
VALIDATION
valid epoch balanced_accuracy: 0.627566
EPOCH 74:
VALIDATION
valid epoch balanced_accuracy: 0.579179
EPOCH 75:
VALIDATION
valid epoch balanced_accuracy: 0.579179
EPOCH 76:
VALIDATION
valid epoch balanced_accuracy: 0.624633
EPOCH 77:
VALIDATION
valid epoch balanced_accuracy: 0.579179
EPOCH 78:
VALIDATION
valid epoch balanced_accuracy: 0.501466
EPOCH 79:
VALIDATION
valid epoch balanced_accuracy: 0.579179
EPOCH 80:
VALIDATION
valid epoch balanced_accuracy: 0.627566
EPOCH 81:
VALIDATION
valid epoch balanced_accuracy: 0.530792
EPOCH 82:
VALIDATION
valid epoch balanced_accuracy: 0.595308
EPOCH 83:
VALIDATION
valid epoch balanced_accuracy: 0.656891
EPOCH 84:
VALIDATION
valid epoch balanced_accuracy: 0.640762
EPOCH 85:
VALIDATION
valid epoch balanced_accuracy: 0.608504
EPOCH 86:
VALIDATION
valid epoch balanced_accuracy: 0.605572
EPOCH 87:
VALIDATION
valid epoch balanced_accuracy: 0.627566
EPOCH 88:
VALIDATION
valid epoch balanced_accuracy: 0.595308
EPOCH 89:
VALIDATION
valid epoch balanced_accuracy: 0.579179
EPOCH 90:
VALIDATION
valid epoch balanced_accuracy: 0.565982
EPOCH 91:
VALIDATION
valid epoch balanced_accuracy: 0.517595
EPOCH 92:
VALIDATION
valid epoch balanced_accuracy: 0.517595
EPOCH 93:
VALIDATION
valid epoch balanced_accuracy: 0.582111
EPOCH 94:
VALIDATION
valid epoch balanced_accuracy: 0.579179
EPOCH 95:
VALIDATION
valid epoch balanced_accuracy: 0.595308
EPOCH 96:
VALIDATION
valid epoch balanced_accuracy: 0.549853
EPOCH 97:
VALIDATION
valid epoch balanced_accuracy: 0.640762
EPOCH 98:
VALIDATION
valid epoch balanced_accuracy: 0.595308
EPOCH 99:
VALIDATION
valid epoch balanced_accuracy: 0.549853
EPOCH 100:
VALIDATION
valid epoch balanced_accuracy: 0.579179
EPOCH 101:
VALIDATION
valid epoch balanced_accuracy: 0.640762
EPOCH 102:
VALIDATION
valid epoch balanced_accuracy: 0.579179
EPOCH 103:
VALIDATION
valid epoch balanced_accuracy: 0.611437
EPOCH 104:
VALIDATION
valid epoch balanced_accuracy: 0.563050
EPOCH 105:
VALIDATION
valid epoch balanced_accuracy: 0.563050
EPOCH 106:
VALIDATION
valid epoch balanced_accuracy: 0.565982
EPOCH 107:
VALIDATION
valid epoch balanced_accuracy: 0.549853
EPOCH 108:
VALIDATION
valid epoch balanced_accuracy: 0.595308
EPOCH 109:
VALIDATION
valid epoch balanced_accuracy: 0.595308
EPOCH 110:
VALIDATION
valid epoch balanced_accuracy: 0.563050
EPOCH 111:
VALIDATION
valid epoch balanced_accuracy: 0.595308
EPOCH 112:
VALIDATION
valid epoch balanced_accuracy: 0.549853
EPOCH 113:
VALIDATION
valid epoch balanced_accuracy: 0.582111
EPOCH 114:
VALIDATION
valid epoch balanced_accuracy: 0.611437
EPOCH 115:
VALIDATION
valid epoch balanced_accuracy: 0.549853
EPOCH 116:
VALIDATION
valid epoch balanced_accuracy: 0.595308
EPOCH 117:
VALIDATION
valid epoch balanced_accuracy: 0.533724
EPOCH 118:
VALIDATION
valid epoch balanced_accuracy: 0.565982
EPOCH 119:
VALIDATION
valid epoch balanced_accuracy: 0.595308
EPOCH 120:
VALIDATION
valid epoch balanced_accuracy: 0.579179
EPOCH 121:
VALIDATION
valid epoch balanced_accuracy: 0.563050
EPOCH 122:
VALIDATION
valid epoch balanced_accuracy: 0.533724
EPOCH 123:
VALIDATION
valid epoch balanced_accuracy: 0.611437
EPOCH 124:
VALIDATION
valid epoch balanced_accuracy: 0.579179
EPOCH 125:
VALIDATION
valid epoch balanced_accuracy: 0.579179
EPOCH 126:
VALIDATION
valid epoch balanced_accuracy: 0.563050
EPOCH 127:
VALIDATION
valid epoch balanced_accuracy: 0.533724
EPOCH 128:
VALIDATION
valid epoch balanced_accuracy: 0.565982
EPOCH 129:
VALIDATION
valid epoch balanced_accuracy: 0.533724
EPOCH 130:
VALIDATION
valid epoch balanced_accuracy: 0.579179
EPOCH 131:
VALIDATION
valid epoch balanced_accuracy: 0.579179
EPOCH 132:
VALIDATION
valid epoch balanced_accuracy: 0.611437
EPOCH 133:
VALIDATION
valid epoch balanced_accuracy: 0.501466
EPOCH 134:
VALIDATION
valid epoch balanced_accuracy: 0.565982
EPOCH 135:
VALIDATION
valid epoch balanced_accuracy: 0.533724
EPOCH 136:
VALIDATION
valid epoch balanced_accuracy: 0.517595
EPOCH 137:
VALIDATION
valid epoch balanced_accuracy: 0.549853
EPOCH 138:
VALIDATION
valid epoch balanced_accuracy: 0.563050
EPOCH 139:
VALIDATION
valid epoch balanced_accuracy: 0.563050
EPOCH 140:
VALIDATION
valid epoch balanced_accuracy: 0.579179
EPOCH 141:
VALIDATION
valid epoch balanced_accuracy: 0.563050
EPOCH 142:
VALIDATION
valid epoch balanced_accuracy: 0.595308
EPOCH 143:
VALIDATION
valid epoch balanced_accuracy: 0.579179
EPOCH 144:
VALIDATION
valid epoch balanced_accuracy: 0.579179
EPOCH 145:
VALIDATION
valid epoch balanced_accuracy: 0.565982
EPOCH 146:
VALIDATION
valid epoch balanced_accuracy: 0.595308
EPOCH 147:
VALIDATION
valid epoch balanced_accuracy: 0.579179
EPOCH 148:
VALIDATION
valid epoch balanced_accuracy: 0.565982
EPOCH 149:
VALIDATION
valid epoch balanced_accuracy: 0.565982
EPOCH 150:
VALIDATION
valid epoch balanced_accuracy: 0.611437
accuracy: 0.627907
sensitivity: 0.583333
precision: 0.700000
specificity: 0.684211
IoU: 0.466667
FAR: 0.315789
F1: 0.636364
balanced_accuracy: 0.633772
loss: 0.591911
