Waiting for exclusive access to GPU GPU-14ea7289-7392-91df-257f-8c8994d0d8b8.
=== GROUP: LBP_BPI_CETP | VARIANT: nps3mlp_dpt01_gem_pool_lrsched_cpw8 | SEED: 3 | GPU: Tesla V100-SXM2-32GB ===

number of parameters : 1403984
train : (1243, 12)
valid : (44, 12)
test : (44, 12)
class weights : [1.1466789245605469, 0.8865906000137329]
data extracted
EPOCH 1:
VALIDATION
valid epoch balanced_accuracy: 0.500000
EPOCH 2:
VALIDATION
valid epoch balanced_accuracy: 0.500000
EPOCH 3:
VALIDATION
valid epoch balanced_accuracy: 0.500000
/home/kalinina/.conda/envs/Kalinin_project_LP/lib/python3.10/site-packages/torch/optim/lr_scheduler.py:243: UserWarning: The epoch parameter in `scheduler.step()` was not necessary and is being deprecated where possible. Please use `scheduler.step()` to step the scheduler. During the deprecation, if epoch is different from None, the closed form is used instead of the new chainable form, where available. Please open an issue if you are unable to replicate your use case: https://github.com/pytorch/pytorch/issues/new/choose.
  warnings.warn(EPOCH_DEPRECATION_WARNING, UserWarning)
EPOCH 4:
VALIDATION
valid epoch balanced_accuracy: 0.554737
EPOCH 5:
VALIDATION
valid epoch balanced_accuracy: 0.473684
EPOCH 6:
VALIDATION
valid epoch balanced_accuracy: 0.582105
EPOCH 7:
VALIDATION
valid epoch balanced_accuracy: 0.690526
EPOCH 8:
VALIDATION
valid epoch balanced_accuracy: 0.613684
EPOCH 9:
VALIDATION
valid epoch balanced_accuracy: 0.513684
EPOCH 10:
VALIDATION
valid epoch balanced_accuracy: 0.513684
EPOCH 11:
VALIDATION
valid epoch balanced_accuracy: 0.533684
EPOCH 12:
VALIDATION
valid epoch balanced_accuracy: 0.741053
EPOCH 13:
VALIDATION
valid epoch balanced_accuracy: 0.473684
EPOCH 14:
VALIDATION
valid epoch balanced_accuracy: 0.633684
EPOCH 15:
VALIDATION
valid epoch balanced_accuracy: 0.707368
EPOCH 16:
VALIDATION
valid epoch balanced_accuracy: 0.780000
EPOCH 17:
VALIDATION
valid epoch balanced_accuracy: 0.534737
EPOCH 18:
VALIDATION
valid epoch balanced_accuracy: 0.601053
EPOCH 19:
VALIDATION
valid epoch balanced_accuracy: 0.800000
EPOCH 20:
VALIDATION
valid epoch balanced_accuracy: 0.588421
EPOCH 21:
VALIDATION
valid epoch balanced_accuracy: 0.833684
EPOCH 22:
VALIDATION
valid epoch balanced_accuracy: 0.660000
EPOCH 23:
VALIDATION
valid epoch balanced_accuracy: 0.581053
EPOCH 24:
VALIDATION
valid epoch balanced_accuracy: 0.660000
EPOCH 25:
VALIDATION
valid epoch balanced_accuracy: 0.714737
EPOCH 26:
VALIDATION
valid epoch balanced_accuracy: 0.807368
EPOCH 27:
VALIDATION
valid epoch balanced_accuracy: 0.800000
EPOCH 28:
VALIDATION
valid epoch balanced_accuracy: 0.800000
EPOCH 29:
VALIDATION
valid epoch balanced_accuracy: 0.853684
EPOCH 30:
VALIDATION
valid epoch balanced_accuracy: 0.747368
EPOCH 31:
VALIDATION
valid epoch balanced_accuracy: 0.655789
EPOCH 32:
VALIDATION
valid epoch balanced_accuracy: 0.602105
EPOCH 33:
VALIDATION
valid epoch balanced_accuracy: 0.680000
EPOCH 34:
VALIDATION
valid epoch balanced_accuracy: 0.714737
EPOCH 35:
VALIDATION
valid epoch balanced_accuracy: 0.721053
EPOCH 36:
VALIDATION
valid epoch balanced_accuracy: 0.641053
EPOCH 37:
VALIDATION
valid epoch balanced_accuracy: 0.787368
EPOCH 38:
VALIDATION
valid epoch balanced_accuracy: 0.753684
EPOCH 39:
VALIDATION
valid epoch balanced_accuracy: 0.813684
EPOCH 40:
VALIDATION
valid epoch balanced_accuracy: 0.707368
EPOCH 41:
VALIDATION
valid epoch balanced_accuracy: 0.640000
EPOCH 42:
VALIDATION
valid epoch balanced_accuracy: 0.753684
EPOCH 43:
VALIDATION
valid epoch balanced_accuracy: 0.773684
EPOCH 44:
VALIDATION
valid epoch balanced_accuracy: 0.674737
EPOCH 45:
VALIDATION
valid epoch balanced_accuracy: 0.760000
EPOCH 46:
VALIDATION
valid epoch balanced_accuracy: 0.688421
EPOCH 47:
VALIDATION
valid epoch balanced_accuracy: 0.694737
EPOCH 48:
VALIDATION
valid epoch balanced_accuracy: 0.800000
EPOCH 49:
VALIDATION
valid epoch balanced_accuracy: 0.840000
EPOCH 50:
VALIDATION
valid epoch balanced_accuracy: 0.693684
EPOCH 51:
VALIDATION
valid epoch balanced_accuracy: 0.873684
EPOCH 52:
VALIDATION
valid epoch balanced_accuracy: 0.820000
EPOCH 53:
VALIDATION
valid epoch balanced_accuracy: 0.767368
EPOCH 54:
VALIDATION
valid epoch balanced_accuracy: 0.681053
EPOCH 55:
VALIDATION
valid epoch balanced_accuracy: 0.793684
EPOCH 56:
VALIDATION
valid epoch balanced_accuracy: 0.807368
EPOCH 57:
VALIDATION
valid epoch balanced_accuracy: 0.808421
EPOCH 58:
VALIDATION
valid epoch balanced_accuracy: 0.714737
EPOCH 59:
VALIDATION
valid epoch balanced_accuracy: 0.648421
EPOCH 60:
VALIDATION
valid epoch balanced_accuracy: 0.820000
EPOCH 61:
VALIDATION
valid epoch balanced_accuracy: 0.760000
EPOCH 62:
VALIDATION
valid epoch balanced_accuracy: 0.747368
EPOCH 63:
VALIDATION
valid epoch balanced_accuracy: 0.773684
EPOCH 64:
VALIDATION
valid epoch balanced_accuracy: 0.761053
EPOCH 65:
VALIDATION
valid epoch balanced_accuracy: 0.820000
EPOCH 66:
VALIDATION
valid epoch balanced_accuracy: 0.793684
EPOCH 67:
VALIDATION
valid epoch balanced_accuracy: 0.793684
EPOCH 68:
VALIDATION
valid epoch balanced_accuracy: 0.793684
EPOCH 69:
VALIDATION
valid epoch balanced_accuracy: 0.800000
EPOCH 70:
VALIDATION
valid epoch balanced_accuracy: 0.820000
EPOCH 71:
VALIDATION
valid epoch balanced_accuracy: 0.793684
EPOCH 72:
VALIDATION
valid epoch balanced_accuracy: 0.713684
EPOCH 73:
VALIDATION
valid epoch balanced_accuracy: 0.813684
EPOCH 74:
VALIDATION
valid epoch balanced_accuracy: 0.767368
EPOCH 75:
VALIDATION
valid epoch balanced_accuracy: 0.760000
EPOCH 76:
VALIDATION
valid epoch balanced_accuracy: 0.820000
EPOCH 77:
VALIDATION
valid epoch balanced_accuracy: 0.820000
EPOCH 78:
VALIDATION
valid epoch balanced_accuracy: 0.761053
EPOCH 79:
VALIDATION
valid epoch balanced_accuracy: 0.800000
EPOCH 80:
VALIDATION
valid epoch balanced_accuracy: 0.793684
EPOCH 81:
VALIDATION
valid epoch balanced_accuracy: 0.741053
EPOCH 82:
VALIDATION
valid epoch balanced_accuracy: 0.820000
EPOCH 83:
VALIDATION
valid epoch balanced_accuracy: 0.820000
EPOCH 84:
VALIDATION
valid epoch balanced_accuracy: 0.747368
EPOCH 85:
VALIDATION
valid epoch balanced_accuracy: 0.840000
EPOCH 86:
VALIDATION
valid epoch balanced_accuracy: 0.800000
EPOCH 87:
VALIDATION
valid epoch balanced_accuracy: 0.820000
EPOCH 88:
VALIDATION
valid epoch balanced_accuracy: 0.820000
EPOCH 89:
VALIDATION
valid epoch balanced_accuracy: 0.747368
EPOCH 90:
VALIDATION
valid epoch balanced_accuracy: 0.800000
EPOCH 91:
VALIDATION
valid epoch balanced_accuracy: 0.721053
EPOCH 92:
VALIDATION
valid epoch balanced_accuracy: 0.793684
EPOCH 93:
VALIDATION
valid epoch balanced_accuracy: 0.747368
EPOCH 94:
VALIDATION
valid epoch balanced_accuracy: 0.741053
EPOCH 95:
VALIDATION
valid epoch balanced_accuracy: 0.793684
EPOCH 96:
VALIDATION
valid epoch balanced_accuracy: 0.761053
EPOCH 97:
VALIDATION
valid epoch balanced_accuracy: 0.761053
EPOCH 98:
VALIDATION
valid epoch balanced_accuracy: 0.773684
EPOCH 99:
VALIDATION
valid epoch balanced_accuracy: 0.773684
EPOCH 100:
VALIDATION
valid epoch balanced_accuracy: 0.793684
EPOCH 101:
VALIDATION
valid epoch balanced_accuracy: 0.793684
EPOCH 102:
VALIDATION
valid epoch balanced_accuracy: 0.773684
EPOCH 103:
VALIDATION
valid epoch balanced_accuracy: 0.793684
EPOCH 104:
VALIDATION
valid epoch balanced_accuracy: 0.773684
EPOCH 105:
VALIDATION
valid epoch balanced_accuracy: 0.773684
EPOCH 106:
VALIDATION
valid epoch balanced_accuracy: 0.721053
EPOCH 107:
VALIDATION
valid epoch balanced_accuracy: 0.773684
EPOCH 108:
VALIDATION
valid epoch balanced_accuracy: 0.773684
EPOCH 109:
VALIDATION
valid epoch balanced_accuracy: 0.773684
EPOCH 110:
VALIDATION
valid epoch balanced_accuracy: 0.767368
EPOCH 111:
VALIDATION
valid epoch balanced_accuracy: 0.820000
EPOCH 112:
VALIDATION
valid epoch balanced_accuracy: 0.741053
EPOCH 113:
VALIDATION
valid epoch balanced_accuracy: 0.747368
EPOCH 114:
VALIDATION
valid epoch balanced_accuracy: 0.741053
EPOCH 115:
VALIDATION
valid epoch balanced_accuracy: 0.747368
EPOCH 116:
VALIDATION
valid epoch balanced_accuracy: 0.773684
EPOCH 117:
VALIDATION
valid epoch balanced_accuracy: 0.767368
EPOCH 118:
VALIDATION
valid epoch balanced_accuracy: 0.747368
EPOCH 119:
VALIDATION
valid epoch balanced_accuracy: 0.747368
EPOCH 120:
VALIDATION
valid epoch balanced_accuracy: 0.773684
EPOCH 121:
VALIDATION
valid epoch balanced_accuracy: 0.800000
EPOCH 122:
VALIDATION
valid epoch balanced_accuracy: 0.741053
EPOCH 123:
VALIDATION
valid epoch balanced_accuracy: 0.721053
EPOCH 124:
VALIDATION
valid epoch balanced_accuracy: 0.741053
EPOCH 125:
VALIDATION
valid epoch balanced_accuracy: 0.761053
EPOCH 126:
VALIDATION
valid epoch balanced_accuracy: 0.773684
EPOCH 127:
VALIDATION
valid epoch balanced_accuracy: 0.721053
EPOCH 128:
VALIDATION
valid epoch balanced_accuracy: 0.721053
EPOCH 129:
VALIDATION
valid epoch balanced_accuracy: 0.747368
EPOCH 130:
VALIDATION
valid epoch balanced_accuracy: 0.741053
EPOCH 131:
VALIDATION
valid epoch balanced_accuracy: 0.747368
EPOCH 132:
VALIDATION
valid epoch balanced_accuracy: 0.767368
EPOCH 133:
VALIDATION
valid epoch balanced_accuracy: 0.773684
EPOCH 134:
VALIDATION
valid epoch balanced_accuracy: 0.741053
EPOCH 135:
VALIDATION
valid epoch balanced_accuracy: 0.773684
EPOCH 136:
VALIDATION
valid epoch balanced_accuracy: 0.747368
EPOCH 137:
VALIDATION
valid epoch balanced_accuracy: 0.773684
EPOCH 138:
VALIDATION
valid epoch balanced_accuracy: 0.747368
EPOCH 139:
VALIDATION
valid epoch balanced_accuracy: 0.773684
EPOCH 140:
VALIDATION
valid epoch balanced_accuracy: 0.747368
EPOCH 141:
VALIDATION
valid epoch balanced_accuracy: 0.773684
EPOCH 142:
VALIDATION
valid epoch balanced_accuracy: 0.747368
EPOCH 143:
VALIDATION
valid epoch balanced_accuracy: 0.747368
EPOCH 144:
VALIDATION
valid epoch balanced_accuracy: 0.721053
EPOCH 145:
VALIDATION
valid epoch balanced_accuracy: 0.773684
EPOCH 146:
VALIDATION
valid epoch balanced_accuracy: 0.773684
EPOCH 147:
VALIDATION
valid epoch balanced_accuracy: 0.747368
EPOCH 148:
VALIDATION
valid epoch balanced_accuracy: 0.773684
EPOCH 149:
VALIDATION
valid epoch balanced_accuracy: 0.773684
EPOCH 150:
VALIDATION
valid epoch balanced_accuracy: 0.747368
accuracy: 0.636364
sensitivity: 0.566667
precision: 0.850000
specificity: 0.785714
IoU: 0.515152
FAR: 0.214286
F1: 0.680000
balanced_accuracy: 0.676190
loss: 1.573392
