Waiting for exclusive access to GPU GPU-8611554b-859f-58b4-a571-c96dd3f6b059.
=== GROUP: IP_trans | VARIANT: single_gat_layer | SEED: 1 | FINAL_DROPOUT: 0.0 | WEIGHT_DECAY: 1e-5 | GPU: Tesla V100-SXM2-32GB ===

number of parameters : 1075406
train : (1207, 12)
valid : (62, 12)
test : (62, 12)
class weights : [1.1695736646652222, 0.8733718991279602]
data extracted
EPOCH 1:
VALIDATION
valid epoch balanced_accuracy: 0.500000
EPOCH 2:
VALIDATION
valid epoch balanced_accuracy: 0.484848
EPOCH 3:
VALIDATION
valid epoch balanced_accuracy: 0.570533
EPOCH 4:
VALIDATION
valid epoch balanced_accuracy: 0.454545
EPOCH 5:
VALIDATION
valid epoch balanced_accuracy: 0.491118
EPOCH 6:
VALIDATION
valid epoch balanced_accuracy: 0.607106
EPOCH 7:
VALIDATION
valid epoch balanced_accuracy: 0.522989
EPOCH 8:
VALIDATION
valid epoch balanced_accuracy: 0.542320
EPOCH 9:
VALIDATION
valid epoch balanced_accuracy: 0.587774
EPOCH 10:
VALIDATION
valid epoch balanced_accuracy: 0.516719
EPOCH 11:
VALIDATION
valid epoch balanced_accuracy: 0.484848
EPOCH 12:
VALIDATION
valid epoch balanced_accuracy: 0.540230
EPOCH 13:
VALIDATION
valid epoch balanced_accuracy: 0.625914
EPOCH 14:
VALIDATION
valid epoch balanced_accuracy: 0.611808
EPOCH 15:
VALIDATION
valid epoch balanced_accuracy: 0.544410
EPOCH 16:
VALIDATION
valid epoch balanced_accuracy: 0.662487
EPOCH 17:
VALIDATION
valid epoch balanced_accuracy: 0.660397
EPOCH 18:
VALIDATION
valid epoch balanced_accuracy: 0.574713
EPOCH 19:
VALIDATION
valid epoch balanced_accuracy: 0.608673
EPOCH 20:
VALIDATION
valid epoch balanced_accuracy: 0.555381
EPOCH 21:
VALIDATION
valid epoch balanced_accuracy: 0.618077
EPOCH 22:
VALIDATION
valid epoch balanced_accuracy: 0.542842
EPOCH 23:
VALIDATION
valid epoch balanced_accuracy: 0.629049
EPOCH 24:
VALIDATION
valid epoch balanced_accuracy: 0.638976
EPOCH 25:
VALIDATION
valid epoch balanced_accuracy: 0.508359
EPOCH 26:
VALIDATION
valid epoch balanced_accuracy: 0.607106
EPOCH 27:
VALIDATION
valid epoch balanced_accuracy: 0.602926
EPOCH 28:
VALIDATION
valid epoch balanced_accuracy: 0.544932
EPOCH 29:
VALIDATION
valid epoch balanced_accuracy: 0.512539
EPOCH 30:
VALIDATION
valid epoch balanced_accuracy: 0.547022
EPOCH 31:
VALIDATION
valid epoch balanced_accuracy: 0.587774
EPOCH 32:
VALIDATION
valid epoch balanced_accuracy: 0.523511
EPOCH 33:
VALIDATION
valid epoch balanced_accuracy: 0.523511
EPOCH 34:
VALIDATION
valid epoch balanced_accuracy: 0.509927
EPOCH 35:
VALIDATION
valid epoch balanced_accuracy: 0.544932
EPOCH 36:
VALIDATION
valid epoch balanced_accuracy: 0.542842
EPOCH 37:
VALIDATION
valid epoch balanced_accuracy: 0.549112
EPOCH 38:
VALIDATION
valid epoch balanced_accuracy: 0.518809
EPOCH 39:
VALIDATION
valid epoch balanced_accuracy: 0.496865
EPOCH 40:
VALIDATION
valid epoch balanced_accuracy: 0.501567
EPOCH 41:
VALIDATION
valid epoch balanced_accuracy: 0.464995
EPOCH 42:
VALIDATION
valid epoch balanced_accuracy: 0.436782
EPOCH 43:
VALIDATION
valid epoch balanced_accuracy: 0.484326
EPOCH 44:
VALIDATION
valid epoch balanced_accuracy: 0.568443
EPOCH 45:
VALIDATION
valid epoch balanced_accuracy: 0.460815
EPOCH 46:
VALIDATION
valid epoch balanced_accuracy: 0.488506
EPOCH 47:
VALIDATION
valid epoch balanced_accuracy: 0.480146
EPOCH 48:
VALIDATION
valid epoch balanced_accuracy: 0.479624
EPOCH 49:
VALIDATION
valid epoch balanced_accuracy: 0.536050
EPOCH 50:
VALIDATION
valid epoch balanced_accuracy: 0.579415
EPOCH 51:
VALIDATION
valid epoch balanced_accuracy: 0.486938
EPOCH 52:
VALIDATION
valid epoch balanced_accuracy: 0.489028
EPOCH 53:
VALIDATION
valid epoch balanced_accuracy: 0.540230
EPOCH 54:
VALIDATION
valid epoch balanced_accuracy: 0.469175
EPOCH 55:
VALIDATION
valid epoch balanced_accuracy: 0.480146
EPOCH 56:
VALIDATION
valid epoch balanced_accuracy: 0.486416
EPOCH 57:
VALIDATION
valid epoch balanced_accuracy: 0.460815
EPOCH 58:
VALIDATION
valid epoch balanced_accuracy: 0.469175
EPOCH 59:
VALIDATION
valid epoch balanced_accuracy: 0.471264
EPOCH 60:
VALIDATION
valid epoch balanced_accuracy: 0.520899
EPOCH 61:
VALIDATION
valid epoch balanced_accuracy: 0.445141
EPOCH 62:
VALIDATION
valid epoch balanced_accuracy: 0.430512
EPOCH 63:
VALIDATION
valid epoch balanced_accuracy: 0.482236
EPOCH 64:
VALIDATION
valid epoch balanced_accuracy: 0.473877
EPOCH 65:
VALIDATION
valid epoch balanced_accuracy: 0.512017
EPOCH 66:
VALIDATION
valid epoch balanced_accuracy: 0.488506
EPOCH 67:
VALIDATION
valid epoch balanced_accuracy: 0.464995
EPOCH 68:
VALIDATION
valid epoch balanced_accuracy: 0.477534
EPOCH 69:
VALIDATION
valid epoch balanced_accuracy: 0.486416
EPOCH 70:
VALIDATION
valid epoch balanced_accuracy: 0.434692
EPOCH 71:
VALIDATION
valid epoch balanced_accuracy: 0.503657
EPOCH 72:
VALIDATION
valid epoch balanced_accuracy: 0.505747
EPOCH 73:
VALIDATION
valid epoch balanced_accuracy: 0.503657
EPOCH 74:
VALIDATION
valid epoch balanced_accuracy: 0.503657
EPOCH 75:
VALIDATION
valid epoch balanced_accuracy: 0.451933
EPOCH 76:
VALIDATION
valid epoch balanced_accuracy: 0.531870
EPOCH 77:
VALIDATION
valid epoch balanced_accuracy: 0.501567
EARLY STOPPING: rolling validation balanced accuracy did not improve for 60 epochs and validation loss increased over the same window.
accuracy: 0.709677
sensitivity: 0.805556
precision: 0.725000
specificity: 0.576923
IoU: 0.617021
FAR: 0.423077
F1: 0.763158
balanced_accuracy: 0.691239
loss: 0.761383
