Waiting for exclusive access to GPU GPU-14ea7289-7392-91df-257f-8c8994d0d8b8.
=== GROUP: ML | VARIANT: pu_rho020 | SEED: 4 | PU_RHO: 0.20 | GPU: Tesla V100-SXM2-32GB ===

number of parameters : 1075406
train : (1304, 12)
valid : (14, 12)
test : (13, 12)
PU rho : 0.200000
class weights : disabled
data extracted
EPOCH 1:
VALIDATION
valid epoch balanced_accuracy: 0.500000
EPOCH 2:
VALIDATION
valid epoch balanced_accuracy: 0.488889
EPOCH 3:
VALIDATION
valid epoch balanced_accuracy: 0.544444
EPOCH 4:
VALIDATION
valid epoch balanced_accuracy: 0.488889
EPOCH 5:
VALIDATION
valid epoch balanced_accuracy: 0.433333
EPOCH 6:
VALIDATION
valid epoch balanced_accuracy: 0.477778
EPOCH 7:
VALIDATION
valid epoch balanced_accuracy: 0.533333
EPOCH 8:
VALIDATION
valid epoch balanced_accuracy: 0.588889
EPOCH 9:
VALIDATION
valid epoch balanced_accuracy: 0.544444
EPOCH 10:
VALIDATION
valid epoch balanced_accuracy: 0.544444
EPOCH 11:
VALIDATION
valid epoch balanced_accuracy: 0.500000
EPOCH 12:
VALIDATION
valid epoch balanced_accuracy: 0.488889
EPOCH 13:
VALIDATION
valid epoch balanced_accuracy: 0.433333
EPOCH 14:
VALIDATION
valid epoch balanced_accuracy: 0.488889
EPOCH 15:
VALIDATION
valid epoch balanced_accuracy: 0.600000
EPOCH 16:
VALIDATION
valid epoch balanced_accuracy: 0.544444
EPOCH 17:
VALIDATION
valid epoch balanced_accuracy: 0.488889
EPOCH 18:
VALIDATION
valid epoch balanced_accuracy: 0.544444
EPOCH 19:
VALIDATION
valid epoch balanced_accuracy: 0.500000
EPOCH 20:
VALIDATION
valid epoch balanced_accuracy: 0.600000
EPOCH 21:
VALIDATION
valid epoch balanced_accuracy: 0.488889
EPOCH 22:
VALIDATION
valid epoch balanced_accuracy: 0.500000
EPOCH 23:
VALIDATION
valid epoch balanced_accuracy: 0.600000
EPOCH 24:
VALIDATION
valid epoch balanced_accuracy: 0.600000
EPOCH 25:
VALIDATION
valid epoch balanced_accuracy: 0.500000
EPOCH 26:
VALIDATION
valid epoch balanced_accuracy: 0.600000
EPOCH 27:
VALIDATION
valid epoch balanced_accuracy: 0.544444
EPOCH 28:
VALIDATION
valid epoch balanced_accuracy: 0.600000
EPOCH 29:
VALIDATION
valid epoch balanced_accuracy: 0.544444
EPOCH 30:
VALIDATION
valid epoch balanced_accuracy: 0.600000
EPOCH 31:
VALIDATION
valid epoch balanced_accuracy: 0.600000
EPOCH 32:
VALIDATION
valid epoch balanced_accuracy: 0.600000
EPOCH 33:
VALIDATION
valid epoch balanced_accuracy: 0.488889
EPOCH 34:
VALIDATION
valid epoch balanced_accuracy: 0.600000
EPOCH 35:
VALIDATION
valid epoch balanced_accuracy: 0.600000
EPOCH 36:
VALIDATION
valid epoch balanced_accuracy: 0.600000
EPOCH 37:
VALIDATION
valid epoch balanced_accuracy: 0.600000
EPOCH 38:
VALIDATION
valid epoch balanced_accuracy: 0.533333
EPOCH 39:
VALIDATION
valid epoch balanced_accuracy: 0.433333
EPOCH 40:
VALIDATION
valid epoch balanced_accuracy: 0.644444
EPOCH 41:
VALIDATION
valid epoch balanced_accuracy: 0.544444
EPOCH 42:
VALIDATION
valid epoch balanced_accuracy: 0.500000
EPOCH 43:
VALIDATION
valid epoch balanced_accuracy: 0.600000
EPOCH 44:
VALIDATION
valid epoch balanced_accuracy: 0.544444
EPOCH 45:
VALIDATION
valid epoch balanced_accuracy: 0.500000
EPOCH 46:
VALIDATION
valid epoch balanced_accuracy: 0.600000
EPOCH 47:
VALIDATION
valid epoch balanced_accuracy: 0.377778
EPOCH 48:
VALIDATION
valid epoch balanced_accuracy: 0.488889
EPOCH 49:
VALIDATION
valid epoch balanced_accuracy: 0.600000
EPOCH 50:
VALIDATION
valid epoch balanced_accuracy: 0.544444
EPOCH 51:
VALIDATION
valid epoch balanced_accuracy: 0.544444
EPOCH 52:
VALIDATION
valid epoch balanced_accuracy: 0.600000
EPOCH 53:
VALIDATION
valid epoch balanced_accuracy: 0.600000
EPOCH 54:
VALIDATION
valid epoch balanced_accuracy: 0.544444
EPOCH 55:
VALIDATION
valid epoch balanced_accuracy: 0.533333
EPOCH 56:
VALIDATION
valid epoch balanced_accuracy: 0.544444
EPOCH 57:
VALIDATION
valid epoch balanced_accuracy: 0.600000
EPOCH 58:
VALIDATION
valid epoch balanced_accuracy: 0.600000
EPOCH 59:
VALIDATION
valid epoch balanced_accuracy: 0.600000
EPOCH 60:
VALIDATION
valid epoch balanced_accuracy: 0.600000
EPOCH 61:
VALIDATION
valid epoch balanced_accuracy: 0.600000
EPOCH 62:
VALIDATION
valid epoch balanced_accuracy: 0.544444
EPOCH 63:
VALIDATION
valid epoch balanced_accuracy: 0.533333
EPOCH 64:
VALIDATION
valid epoch balanced_accuracy: 0.600000
EPOCH 65:
VALIDATION
valid epoch balanced_accuracy: 0.600000
EPOCH 66:
VALIDATION
valid epoch balanced_accuracy: 0.600000
EPOCH 67:
VALIDATION
valid epoch balanced_accuracy: 0.600000
EPOCH 68:
VALIDATION
valid epoch balanced_accuracy: 0.544444
EPOCH 69:
VALIDATION
valid epoch balanced_accuracy: 0.488889
EPOCH 70:
VALIDATION
valid epoch balanced_accuracy: 0.588889
EPOCH 71:
VALIDATION
valid epoch balanced_accuracy: 0.533333
EPOCH 72:
VALIDATION
valid epoch balanced_accuracy: 0.488889
EPOCH 73:
VALIDATION
valid epoch balanced_accuracy: 0.544444
EPOCH 74:
VALIDATION
valid epoch balanced_accuracy: 0.544444
EPOCH 75:
VALIDATION
valid epoch balanced_accuracy: 0.544444
EPOCH 76:
VALIDATION
valid epoch balanced_accuracy: 0.600000
EPOCH 77:
VALIDATION
valid epoch balanced_accuracy: 0.600000
EPOCH 78:
VALIDATION
valid epoch balanced_accuracy: 0.644444
EPOCH 79:
VALIDATION
valid epoch balanced_accuracy: 0.544444
EPOCH 80:
VALIDATION
valid epoch balanced_accuracy: 0.600000
EPOCH 81:
VALIDATION
valid epoch balanced_accuracy: 0.644444
EPOCH 82:
VALIDATION
valid epoch balanced_accuracy: 0.644444
EPOCH 83:
VALIDATION
valid epoch balanced_accuracy: 0.644444
EPOCH 84:
VALIDATION
valid epoch balanced_accuracy: 0.488889
EPOCH 85:
VALIDATION
valid epoch balanced_accuracy: 0.600000
EPOCH 86:
VALIDATION
valid epoch balanced_accuracy: 0.644444
EPOCH 87:
VALIDATION
valid epoch balanced_accuracy: 0.600000
EPOCH 88:
VALIDATION
valid epoch balanced_accuracy: 0.600000
EPOCH 89:
VALIDATION
valid epoch balanced_accuracy: 0.544444
EPOCH 90:
VALIDATION
valid epoch balanced_accuracy: 0.588889
EPOCH 91:
VALIDATION
valid epoch balanced_accuracy: 0.600000
EPOCH 92:
VALIDATION
valid epoch balanced_accuracy: 0.544444
EPOCH 93:
VALIDATION
valid epoch balanced_accuracy: 0.544444
EPOCH 94:
VALIDATION
valid epoch balanced_accuracy: 0.600000
EPOCH 95:
VALIDATION
valid epoch balanced_accuracy: 0.422222
EPOCH 96:
VALIDATION
valid epoch balanced_accuracy: 0.477778
EPOCH 97:
VALIDATION
valid epoch balanced_accuracy: 0.544444
EPOCH 98:
VALIDATION
valid epoch balanced_accuracy: 0.600000
EPOCH 99:
VALIDATION
valid epoch balanced_accuracy: 0.388889
EPOCH 100:
VALIDATION
valid epoch balanced_accuracy: 0.600000
EPOCH 101:
VALIDATION
valid epoch balanced_accuracy: 0.600000
EPOCH 102:
VALIDATION
valid epoch balanced_accuracy: 0.377778
EPOCH 103:
VALIDATION
valid epoch balanced_accuracy: 0.644444
EPOCH 104:
VALIDATION
valid epoch balanced_accuracy: 0.600000
EPOCH 105:
VALIDATION
valid epoch balanced_accuracy: 0.644444
EPOCH 106:
VALIDATION
valid epoch balanced_accuracy: 0.544444
EPOCH 107:
VALIDATION
valid epoch balanced_accuracy: 0.544444
EPOCH 108:
VALIDATION
valid epoch balanced_accuracy: 0.688889
EPOCH 109:
VALIDATION
valid epoch balanced_accuracy: 0.644444
EPOCH 110:
VALIDATION
valid epoch balanced_accuracy: 0.533333
EPOCH 111:
VALIDATION
valid epoch balanced_accuracy: 0.644444
EPOCH 112:
VALIDATION
valid epoch balanced_accuracy: 0.544444
EPOCH 113:
VALIDATION
valid epoch balanced_accuracy: 0.533333
EPOCH 114:
VALIDATION
valid epoch balanced_accuracy: 0.544444
EPOCH 115:
VALIDATION
valid epoch balanced_accuracy: 0.588889
EPOCH 116:
VALIDATION
valid epoch balanced_accuracy: 0.544444
EPOCH 117:
VALIDATION
valid epoch balanced_accuracy: 0.544444
EPOCH 118:
VALIDATION
valid epoch balanced_accuracy: 0.488889
EPOCH 119:
VALIDATION
valid epoch balanced_accuracy: 0.644444
EPOCH 120:
VALIDATION
valid epoch balanced_accuracy: 0.533333
EPOCH 121:
VALIDATION
valid epoch balanced_accuracy: 0.600000
EPOCH 122:
VALIDATION
valid epoch balanced_accuracy: 0.488889
EPOCH 123:
VALIDATION
valid epoch balanced_accuracy: 0.644444
EPOCH 124:
VALIDATION
valid epoch balanced_accuracy: 0.488889
EPOCH 125:
VALIDATION
valid epoch balanced_accuracy: 0.433333
EPOCH 126:
VALIDATION
valid epoch balanced_accuracy: 0.644444
EPOCH 127:
VALIDATION
valid epoch balanced_accuracy: 0.544444
EPOCH 128:
VALIDATION
valid epoch balanced_accuracy: 0.544444
EPOCH 129:
VALIDATION
valid epoch balanced_accuracy: 0.488889
EPOCH 130:
VALIDATION
valid epoch balanced_accuracy: 0.544444
EPOCH 131:
VALIDATION
valid epoch balanced_accuracy: 0.644444
EPOCH 132:
VALIDATION
valid epoch balanced_accuracy: 0.544444
EPOCH 133:
VALIDATION
valid epoch balanced_accuracy: 0.588889
EPOCH 134:
VALIDATION
valid epoch balanced_accuracy: 0.644444
EPOCH 135:
VALIDATION
valid epoch balanced_accuracy: 0.744444
EPOCH 136:
VALIDATION
valid epoch balanced_accuracy: 0.544444
EPOCH 137:
VALIDATION
valid epoch balanced_accuracy: 0.644444
EPOCH 138:
VALIDATION
valid epoch balanced_accuracy: 0.644444
EPOCH 139:
VALIDATION
valid epoch balanced_accuracy: 0.600000
EPOCH 140:
VALIDATION
valid epoch balanced_accuracy: 0.644444
EPOCH 141:
VALIDATION
valid epoch balanced_accuracy: 0.544444
EPOCH 142:
VALIDATION
valid epoch balanced_accuracy: 0.588889
EPOCH 143:
VALIDATION
valid epoch balanced_accuracy: 0.644444
EPOCH 144:
VALIDATION
valid epoch balanced_accuracy: 0.588889
EPOCH 145:
VALIDATION
valid epoch balanced_accuracy: 0.600000
EPOCH 146:
VALIDATION
valid epoch balanced_accuracy: 0.644444
EPOCH 147:
VALIDATION
valid epoch balanced_accuracy: 0.688889
EPOCH 148:
VALIDATION
valid epoch balanced_accuracy: 0.488889
EPOCH 149:
VALIDATION
valid epoch balanced_accuracy: 0.544444
EPOCH 150:
VALIDATION
valid epoch balanced_accuracy: 0.544444
accuracy: 0.615385
sensitivity: 0.800000
precision: 0.500000
specificity: 0.500000
IoU: 0.444444
FAR: 0.500000
F1: 0.615385
balanced_accuracy: 0.650000
loss: 0.589842
