Waiting for exclusive access to GPU GPU-4683556c-5acd-0f78-3cbe-ba46309d4ede.
=== GROUP: scp2 | VARIANT: no_post_sa_mlp_3mlp_lipid_isomers | SEED: 2 | GPU: Tesla V100-SXM2-32GB ===

number of parameters : 1403982
train : (1246, 12)
valid : (42, 12)
test : (43, 12)
class weights : [1.1688555479049683, 0.8737727999687195]
data extracted
EPOCH 1:
VALIDATION
valid epoch balanced_accuracy: 0.586364
EPOCH 2:
VALIDATION
valid epoch balanced_accuracy: 0.647727
EPOCH 3:
VALIDATION
valid epoch balanced_accuracy: 0.556818
EPOCH 4:
VALIDATION
valid epoch balanced_accuracy: 0.627273
EPOCH 5:
VALIDATION
valid epoch balanced_accuracy: 0.604545
EPOCH 6:
VALIDATION
valid epoch balanced_accuracy: 0.554545
EPOCH 7:
VALIDATION
valid epoch balanced_accuracy: 0.654545
EPOCH 8:
VALIDATION
valid epoch balanced_accuracy: 0.502273
EPOCH 9:
VALIDATION
valid epoch balanced_accuracy: 0.704545
EPOCH 10:
VALIDATION
valid epoch balanced_accuracy: 0.434091
EPOCH 11:
VALIDATION
valid epoch balanced_accuracy: 0.681818
EPOCH 12:
VALIDATION
valid epoch balanced_accuracy: 0.652273
EPOCH 13:
VALIDATION
valid epoch balanced_accuracy: 0.456818
EPOCH 14:
VALIDATION
valid epoch balanced_accuracy: 0.375000
EPOCH 15:
VALIDATION
valid epoch balanced_accuracy: 0.438636
EPOCH 16:
VALIDATION
valid epoch balanced_accuracy: 0.447727
EPOCH 17:
VALIDATION
valid epoch balanced_accuracy: 0.386364
EPOCH 18:
VALIDATION
valid epoch balanced_accuracy: 0.506818
EPOCH 19:
VALIDATION
valid epoch balanced_accuracy: 0.488636
EPOCH 20:
VALIDATION
valid epoch balanced_accuracy: 0.450000
EPOCH 21:
VALIDATION
valid epoch balanced_accuracy: 0.465909
EPOCH 22:
VALIDATION
valid epoch balanced_accuracy: 0.440909
EPOCH 23:
VALIDATION
valid epoch balanced_accuracy: 0.488636
EPOCH 24:
VALIDATION
valid epoch balanced_accuracy: 0.509091
EPOCH 25:
VALIDATION
valid epoch balanced_accuracy: 0.513636
EPOCH 26:
VALIDATION
valid epoch balanced_accuracy: 0.450000
EPOCH 27:
VALIDATION
valid epoch balanced_accuracy: 0.395455
EPOCH 28:
VALIDATION
valid epoch balanced_accuracy: 0.452273
EPOCH 29:
VALIDATION
valid epoch balanced_accuracy: 0.427273
EPOCH 30:
VALIDATION
valid epoch balanced_accuracy: 0.515909
EPOCH 31:
VALIDATION
valid epoch balanced_accuracy: 0.329545
EPOCH 32:
VALIDATION
valid epoch balanced_accuracy: 0.488636
EPOCH 33:
VALIDATION
valid epoch balanced_accuracy: 0.470455
EPOCH 34:
VALIDATION
valid epoch balanced_accuracy: 0.420455
EPOCH 35:
VALIDATION
valid epoch balanced_accuracy: 0.440909
EPOCH 36:
VALIDATION
valid epoch balanced_accuracy: 0.438636
EPOCH 37:
VALIDATION
valid epoch balanced_accuracy: 0.397727
EPOCH 38:
VALIDATION
valid epoch balanced_accuracy: 0.379545
EPOCH 39:
VALIDATION
valid epoch balanced_accuracy: 0.420455
EPOCH 40:
VALIDATION
valid epoch balanced_accuracy: 0.440909
EPOCH 41:
VALIDATION
valid epoch balanced_accuracy: 0.427273
EPOCH 42:
VALIDATION
valid epoch balanced_accuracy: 0.538636
EPOCH 43:
VALIDATION
valid epoch balanced_accuracy: 0.513636
EPOCH 44:
VALIDATION
valid epoch balanced_accuracy: 0.497727
EPOCH 45:
VALIDATION
valid epoch balanced_accuracy: 0.472727
EPOCH 46:
VALIDATION
valid epoch balanced_accuracy: 0.465909
EPOCH 47:
VALIDATION
valid epoch balanced_accuracy: 0.511364
EPOCH 48:
VALIDATION
valid epoch balanced_accuracy: 0.415909
EPOCH 49:
VALIDATION
valid epoch balanced_accuracy: 0.370455
EPOCH 50:
VALIDATION
valid epoch balanced_accuracy: 0.440909
EPOCH 51:
VALIDATION
valid epoch balanced_accuracy: 0.468182
EPOCH 52:
VALIDATION
valid epoch balanced_accuracy: 0.440909
EPOCH 53:
VALIDATION
valid epoch balanced_accuracy: 0.390909
EPOCH 54:
VALIDATION
valid epoch balanced_accuracy: 0.413636
EPOCH 55:
VALIDATION
valid epoch balanced_accuracy: 0.415909
EPOCH 56:
VALIDATION
valid epoch balanced_accuracy: 0.440909
EPOCH 57:
VALIDATION
valid epoch balanced_accuracy: 0.486364
EPOCH 58:
VALIDATION
valid epoch balanced_accuracy: 0.465909
EPOCH 59:
VALIDATION
valid epoch balanced_accuracy: 0.436364
EPOCH 60:
VALIDATION
valid epoch balanced_accuracy: 0.461364
EPOCH 61:
VALIDATION
valid epoch balanced_accuracy: 0.440909
EPOCH 62:
VALIDATION
valid epoch balanced_accuracy: 0.518182
EPOCH 63:
VALIDATION
valid epoch balanced_accuracy: 0.434091
EPOCH 64:
VALIDATION
valid epoch balanced_accuracy: 0.400000
EPOCH 65:
VALIDATION
valid epoch balanced_accuracy: 0.436364
EPOCH 66:
VALIDATION
valid epoch balanced_accuracy: 0.434091
EPOCH 67:
VALIDATION
valid epoch balanced_accuracy: 0.468182
EPOCH 68:
VALIDATION
valid epoch balanced_accuracy: 0.445455
EPOCH 69:
VALIDATION
valid epoch balanced_accuracy: 0.422727
EPOCH 70:
VALIDATION
valid epoch balanced_accuracy: 0.420455
EPOCH 71:
VALIDATION
valid epoch balanced_accuracy: 0.420455
EPOCH 72:
VALIDATION
valid epoch balanced_accuracy: 0.420455
EPOCH 73:
VALIDATION
valid epoch balanced_accuracy: 0.418182
EPOCH 74:
VALIDATION
valid epoch balanced_accuracy: 0.400000
EPOCH 75:
VALIDATION
valid epoch balanced_accuracy: 0.445455
EPOCH 76:
VALIDATION
valid epoch balanced_accuracy: 0.413636
EPOCH 77:
VALIDATION
valid epoch balanced_accuracy: 0.465909
EPOCH 78:
VALIDATION
valid epoch balanced_accuracy: 0.418182
EPOCH 79:
VALIDATION
valid epoch balanced_accuracy: 0.418182
EPOCH 80:
VALIDATION
valid epoch balanced_accuracy: 0.395455
EPOCH 81:
VALIDATION
valid epoch balanced_accuracy: 0.420455
EPOCH 82:
VALIDATION
valid epoch balanced_accuracy: 0.438636
EPOCH 83:
VALIDATION
valid epoch balanced_accuracy: 0.395455
EPOCH 84:
VALIDATION
valid epoch balanced_accuracy: 0.422727
EPOCH 85:
VALIDATION
valid epoch balanced_accuracy: 0.434091
EPOCH 86:
VALIDATION
valid epoch balanced_accuracy: 0.440909
EPOCH 87:
VALIDATION
valid epoch balanced_accuracy: 0.443182
EPOCH 88:
VALIDATION
valid epoch balanced_accuracy: 0.436364
EPOCH 89:
VALIDATION
valid epoch balanced_accuracy: 0.418182
EPOCH 90:
VALIDATION
valid epoch balanced_accuracy: 0.463636
EPOCH 91:
VALIDATION
valid epoch balanced_accuracy: 0.400000
EPOCH 92:
VALIDATION
valid epoch balanced_accuracy: 0.436364
EPOCH 93:
VALIDATION
valid epoch balanced_accuracy: 0.440909
EPOCH 94:
VALIDATION
valid epoch balanced_accuracy: 0.486364
EPOCH 95:
VALIDATION
valid epoch balanced_accuracy: 0.415909
EPOCH 96:
VALIDATION
valid epoch balanced_accuracy: 0.395455
EPOCH 97:
VALIDATION
valid epoch balanced_accuracy: 0.340909
EPOCH 98:
VALIDATION
valid epoch balanced_accuracy: 0.393182
EPOCH 99:
VALIDATION
valid epoch balanced_accuracy: 0.411364
EPOCH 100:
VALIDATION
valid epoch balanced_accuracy: 0.436364
EPOCH 101:
VALIDATION
valid epoch balanced_accuracy: 0.400000
EPOCH 102:
VALIDATION
valid epoch balanced_accuracy: 0.443182
EPOCH 103:
VALIDATION
valid epoch balanced_accuracy: 0.443182
EPOCH 104:
VALIDATION
valid epoch balanced_accuracy: 0.443182
EPOCH 105:
VALIDATION
valid epoch balanced_accuracy: 0.468182
EPOCH 106:
VALIDATION
valid epoch balanced_accuracy: 0.420455
EPOCH 107:
VALIDATION
valid epoch balanced_accuracy: 0.440909
EPOCH 108:
VALIDATION
valid epoch balanced_accuracy: 0.411364
EPOCH 109:
VALIDATION
valid epoch balanced_accuracy: 0.440909
EPOCH 110:
VALIDATION
valid epoch balanced_accuracy: 0.438636
EPOCH 111:
VALIDATION
valid epoch balanced_accuracy: 0.468182
EPOCH 112:
VALIDATION
valid epoch balanced_accuracy: 0.415909
EPOCH 113:
VALIDATION
valid epoch balanced_accuracy: 0.436364
EPOCH 114:
VALIDATION
valid epoch balanced_accuracy: 0.465909
EPOCH 115:
VALIDATION
valid epoch balanced_accuracy: 0.434091
EPOCH 116:
VALIDATION
valid epoch balanced_accuracy: 0.438636
EPOCH 117:
VALIDATION
valid epoch balanced_accuracy: 0.468182
EPOCH 118:
VALIDATION
valid epoch balanced_accuracy: 0.490909
EPOCH 119:
VALIDATION
valid epoch balanced_accuracy: 0.409091
EPOCH 120:
VALIDATION
valid epoch balanced_accuracy: 0.493182
EPOCH 121:
VALIDATION
valid epoch balanced_accuracy: 0.411364
EPOCH 122:
VALIDATION
valid epoch balanced_accuracy: 0.443182
EPOCH 123:
VALIDATION
valid epoch balanced_accuracy: 0.411364
EPOCH 124:
VALIDATION
valid epoch balanced_accuracy: 0.445455
EPOCH 125:
VALIDATION
valid epoch balanced_accuracy: 0.461364
EPOCH 126:
VALIDATION
valid epoch balanced_accuracy: 0.447727
EPOCH 127:
VALIDATION
valid epoch balanced_accuracy: 0.445455
EPOCH 128:
VALIDATION
valid epoch balanced_accuracy: 0.486364
EPOCH 129:
VALIDATION
valid epoch balanced_accuracy: 0.411364
EPOCH 130:
VALIDATION
valid epoch balanced_accuracy: 0.425000
EPOCH 131:
VALIDATION
valid epoch balanced_accuracy: 0.411364
EPOCH 132:
VALIDATION
valid epoch balanced_accuracy: 0.493182
EPOCH 133:
VALIDATION
valid epoch balanced_accuracy: 0.488636
EPOCH 134:
VALIDATION
valid epoch balanced_accuracy: 0.468182
EPOCH 135:
VALIDATION
valid epoch balanced_accuracy: 0.490909
EPOCH 136:
VALIDATION
valid epoch balanced_accuracy: 0.434091
EPOCH 137:
VALIDATION
valid epoch balanced_accuracy: 0.438636
EPOCH 138:
VALIDATION
valid epoch balanced_accuracy: 0.388636
EPOCH 139:
VALIDATION
valid epoch balanced_accuracy: 0.445455
EPOCH 140:
VALIDATION
valid epoch balanced_accuracy: 0.418182
EPOCH 141:
VALIDATION
valid epoch balanced_accuracy: 0.415909
EPOCH 142:
VALIDATION
valid epoch balanced_accuracy: 0.422727
EPOCH 143:
VALIDATION
valid epoch balanced_accuracy: 0.415909
EPOCH 144:
VALIDATION
valid epoch balanced_accuracy: 0.415909
EPOCH 145:
VALIDATION
valid epoch balanced_accuracy: 0.418182
EPOCH 146:
VALIDATION
valid epoch balanced_accuracy: 0.393182
EPOCH 147:
VALIDATION
valid epoch balanced_accuracy: 0.395455
EPOCH 148:
VALIDATION
valid epoch balanced_accuracy: 0.418182
EPOCH 149:
VALIDATION
valid epoch balanced_accuracy: 0.415909
EPOCH 150:
VALIDATION
valid epoch balanced_accuracy: 0.443182
accuracy: 0.604651
sensitivity: 0.521739
precision: 0.666667
specificity: 0.700000
IoU: 0.413793
FAR: 0.300000
F1: 0.585366
balanced_accuracy: 0.610870
loss: 0.628435
