Waiting for exclusive access to GPU GPU-dc4f9df4-a164-f5f6-51ef-afcfa186ef16.
=== GROUP: GLTP | VARIANT: nps3mlp_dpt015_gm_residuals | SEED: 2 | GPU: NVIDIA A100-PCIE-40GB ===

number of parameters : 1411153
train : (1210, 12)
valid : (60, 12)
test : (61, 12)
class weights : [1.1308411359786987, 0.8962963223457336]
data extracted
EPOCH 1:
VALIDATION
valid epoch balanced_accuracy: 0.294608
EPOCH 2:
VALIDATION
valid epoch balanced_accuracy: 0.162388
EPOCH 3:
VALIDATION
valid epoch balanced_accuracy: 0.125802
EPOCH 4:
VALIDATION
valid epoch balanced_accuracy: 0.099487
EPOCH 5:
VALIDATION
valid epoch balanced_accuracy: 0.099487
EPOCH 6:
VALIDATION
valid epoch balanced_accuracy: 0.099487
EPOCH 7:
VALIDATION
valid epoch balanced_accuracy: 0.152118
EPOCH 8:
VALIDATION
valid epoch balanced_accuracy: 0.099487
EPOCH 9:
VALIDATION
valid epoch balanced_accuracy: 0.111682
EPOCH 10:
VALIDATION
valid epoch balanced_accuracy: 0.208601
EPOCH 11:
VALIDATION
valid epoch balanced_accuracy: 0.170090
EPOCH 12:
VALIDATION
valid epoch balanced_accuracy: 0.155969
EPOCH 13:
VALIDATION
valid epoch balanced_accuracy: 0.168164
EPOCH 14:
VALIDATION
valid epoch balanced_accuracy: 0.206675
EPOCH 15:
VALIDATION
valid epoch balanced_accuracy: 0.127728
EPOCH 16:
VALIDATION
valid epoch balanced_accuracy: 0.182285
EPOCH 17:
VALIDATION
valid epoch balanced_accuracy: 0.155969
EPOCH 18:
VALIDATION
valid epoch balanced_accuracy: 0.155969
EPOCH 19:
VALIDATION
valid epoch balanced_accuracy: 0.178434
EPOCH 20:
VALIDATION
valid epoch balanced_accuracy: 0.287548
EPOCH 21:
VALIDATION
valid epoch balanced_accuracy: 0.155969
EPOCH 22:
VALIDATION
valid epoch balanced_accuracy: 0.287548
EPOCH 23:
VALIDATION
valid epoch balanced_accuracy: 0.299743
EPOCH 24:
VALIDATION
valid epoch balanced_accuracy: 0.259307
EPOCH 25:
VALIDATION
valid epoch balanced_accuracy: 0.155969
EPOCH 26:
VALIDATION
valid epoch balanced_accuracy: 0.283697
EPOCH 27:
VALIDATION
valid epoch balanced_accuracy: 0.234917
EPOCH 28:
VALIDATION
valid epoch balanced_accuracy: 0.289474
EPOCH 29:
VALIDATION
valid epoch balanced_accuracy: 0.342105
EPOCH 30:
VALIDATION
valid epoch balanced_accuracy: 0.313864
EPOCH 31:
VALIDATION
valid epoch balanced_accuracy: 0.249037
EPOCH 32:
VALIDATION
valid epoch balanced_accuracy: 0.263158
EPOCH 33:
VALIDATION
valid epoch balanced_accuracy: 0.236842
EPOCH 34:
VALIDATION
valid epoch balanced_accuracy: 0.263158
EPOCH 35:
VALIDATION
valid epoch balanced_accuracy: 0.315789
EPOCH 36:
VALIDATION
valid epoch balanced_accuracy: 0.327985
EPOCH 37:
VALIDATION
valid epoch balanced_accuracy: 0.263158
EPOCH 38:
VALIDATION
valid epoch balanced_accuracy: 0.263158
EPOCH 39:
VALIDATION
valid epoch balanced_accuracy: 0.236842
EPOCH 40:
VALIDATION
valid epoch balanced_accuracy: 0.222721
EPOCH 41:
VALIDATION
valid epoch balanced_accuracy: 0.210526
EPOCH 42:
VALIDATION
valid epoch balanced_accuracy: 0.263158
EPOCH 43:
VALIDATION
valid epoch balanced_accuracy: 0.249037
EPOCH 44:
VALIDATION
valid epoch balanced_accuracy: 0.315789
EPOCH 45:
VALIDATION
valid epoch balanced_accuracy: 0.236842
EPOCH 46:
VALIDATION
valid epoch balanced_accuracy: 0.287548
EPOCH 47:
VALIDATION
valid epoch balanced_accuracy: 0.315789
EPOCH 48:
VALIDATION
valid epoch balanced_accuracy: 0.289474
EPOCH 49:
VALIDATION
valid epoch balanced_accuracy: 0.342105
EPOCH 50:
VALIDATION
valid epoch balanced_accuracy: 0.342105
EPOCH 51:
VALIDATION
valid epoch balanced_accuracy: 0.196406
EPOCH 52:
VALIDATION
valid epoch balanced_accuracy: 0.263158
EPOCH 53:
VALIDATION
valid epoch balanced_accuracy: 0.263158
EPOCH 54:
VALIDATION
valid epoch balanced_accuracy: 0.368421
EPOCH 55:
VALIDATION
valid epoch balanced_accuracy: 0.236842
EPOCH 56:
VALIDATION
valid epoch balanced_accuracy: 0.275353
EPOCH 57:
VALIDATION
valid epoch balanced_accuracy: 0.263158
EPOCH 58:
VALIDATION
valid epoch balanced_accuracy: 0.263158
EPOCH 59:
VALIDATION
valid epoch balanced_accuracy: 0.315789
EPOCH 60:
VALIDATION
valid epoch balanced_accuracy: 0.236842
EPOCH 61:
VALIDATION
valid epoch balanced_accuracy: 0.315789
EPOCH 62:
VALIDATION
valid epoch balanced_accuracy: 0.196406
EPOCH 63:
VALIDATION
valid epoch balanced_accuracy: 0.342105
EPOCH 64:
VALIDATION
valid epoch balanced_accuracy: 0.236842
EPOCH 65:
VALIDATION
valid epoch balanced_accuracy: 0.421053
EPOCH 66:
VALIDATION
valid epoch balanced_accuracy: 0.210526
EPOCH 67:
VALIDATION
valid epoch balanced_accuracy: 0.289474
EPOCH 68:
VALIDATION
valid epoch balanced_accuracy: 0.236842
EPOCH 69:
VALIDATION
valid epoch balanced_accuracy: 0.289474
EPOCH 70:
VALIDATION
valid epoch balanced_accuracy: 0.289474
EPOCH 71:
VALIDATION
valid epoch balanced_accuracy: 0.236842
EPOCH 72:
VALIDATION
valid epoch balanced_accuracy: 0.342105
EPOCH 73:
VALIDATION
valid epoch balanced_accuracy: 0.289474
EPOCH 74:
VALIDATION
valid epoch balanced_accuracy: 0.236842
EPOCH 75:
VALIDATION
valid epoch balanced_accuracy: 0.275353
EPOCH 76:
VALIDATION
valid epoch balanced_accuracy: 0.315789
EPOCH 77:
VALIDATION
valid epoch balanced_accuracy: 0.289474
EPOCH 78:
VALIDATION
valid epoch balanced_accuracy: 0.263158
EPOCH 79:
VALIDATION
valid epoch balanced_accuracy: 0.157895
EPOCH 80:
VALIDATION
valid epoch balanced_accuracy: 0.289474
EPOCH 81:
VALIDATION
valid epoch balanced_accuracy: 0.289474
EPOCH 82:
VALIDATION
valid epoch balanced_accuracy: 0.236842
EPOCH 83:
VALIDATION
valid epoch balanced_accuracy: 0.117458
EPOCH 84:
VALIDATION
valid epoch balanced_accuracy: 0.184211
EPOCH 85:
VALIDATION
valid epoch balanced_accuracy: 0.210526
EPOCH 86:
VALIDATION
valid epoch balanced_accuracy: 0.184211
EPOCH 87:
VALIDATION
valid epoch balanced_accuracy: 0.289474
EPOCH 88:
VALIDATION
valid epoch balanced_accuracy: 0.289474
EPOCH 89:
VALIDATION
valid epoch balanced_accuracy: 0.236842
EPOCH 90:
VALIDATION
valid epoch balanced_accuracy: 0.289474
EPOCH 91:
VALIDATION
valid epoch balanced_accuracy: 0.263158
EPOCH 92:
VALIDATION
valid epoch balanced_accuracy: 0.315789
EPOCH 93:
VALIDATION
valid epoch balanced_accuracy: 0.289474
EPOCH 94:
VALIDATION
valid epoch balanced_accuracy: 0.263158
EPOCH 95:
VALIDATION
valid epoch balanced_accuracy: 0.263158
EPOCH 96:
VALIDATION
valid epoch balanced_accuracy: 0.236842
EPOCH 97:
VALIDATION
valid epoch balanced_accuracy: 0.342105
EPOCH 98:
VALIDATION
valid epoch balanced_accuracy: 0.263158
EPOCH 99:
VALIDATION
valid epoch balanced_accuracy: 0.157895
EPOCH 100:
VALIDATION
valid epoch balanced_accuracy: 0.289474
EPOCH 101:
VALIDATION
valid epoch balanced_accuracy: 0.315789
EPOCH 102:
VALIDATION
valid epoch balanced_accuracy: 0.184211
EPOCH 103:
VALIDATION
valid epoch balanced_accuracy: 0.236842
EPOCH 104:
VALIDATION
valid epoch balanced_accuracy: 0.210526
EPOCH 105:
VALIDATION
valid epoch balanced_accuracy: 0.143774
EPOCH 106:
VALIDATION
valid epoch balanced_accuracy: 0.263158
EPOCH 107:
VALIDATION
valid epoch balanced_accuracy: 0.236842
EPOCH 108:
VALIDATION
valid epoch balanced_accuracy: 0.222721
EPOCH 109:
VALIDATION
valid epoch balanced_accuracy: 0.342105
EPOCH 110:
VALIDATION
valid epoch balanced_accuracy: 0.236842
EPOCH 111:
VALIDATION
valid epoch balanced_accuracy: 0.289474
EPOCH 112:
VALIDATION
valid epoch balanced_accuracy: 0.184211
EPOCH 113:
VALIDATION
valid epoch balanced_accuracy: 0.263158
EPOCH 114:
VALIDATION
valid epoch balanced_accuracy: 0.263158
EPOCH 115:
VALIDATION
valid epoch balanced_accuracy: 0.287548
EPOCH 116:
VALIDATION
valid epoch balanced_accuracy: 0.261232
EPOCH 117:
VALIDATION
valid epoch balanced_accuracy: 0.234917
EPOCH 118:
VALIDATION
valid epoch balanced_accuracy: 0.261232
EPOCH 119:
VALIDATION
valid epoch balanced_accuracy: 0.289474
EPOCH 120:
VALIDATION
valid epoch balanced_accuracy: 0.342105
EPOCH 121:
VALIDATION
valid epoch balanced_accuracy: 0.143774
EPOCH 122:
VALIDATION
valid epoch balanced_accuracy: 0.315789
EPOCH 123:
VALIDATION
valid epoch balanced_accuracy: 0.301669
EPOCH 124:
VALIDATION
valid epoch balanced_accuracy: 0.263158
EPOCH 125:
VALIDATION
valid epoch balanced_accuracy: 0.289474
EPOCH 126:
VALIDATION
valid epoch balanced_accuracy: 0.263158
EPOCH 127:
VALIDATION
valid epoch balanced_accuracy: 0.263158
EPOCH 128:
VALIDATION
valid epoch balanced_accuracy: 0.263158
EPOCH 129:
VALIDATION
valid epoch balanced_accuracy: 0.289474
EPOCH 130:
VALIDATION
valid epoch balanced_accuracy: 0.263158
EPOCH 131:
VALIDATION
valid epoch balanced_accuracy: 0.263158
EPOCH 132:
VALIDATION
valid epoch balanced_accuracy: 0.263158
EPOCH 133:
VALIDATION
valid epoch balanced_accuracy: 0.287548
EPOCH 134:
VALIDATION
valid epoch balanced_accuracy: 0.194480
EPOCH 135:
VALIDATION
valid epoch balanced_accuracy: 0.315789
EPOCH 136:
VALIDATION
valid epoch balanced_accuracy: 0.289474
EPOCH 137:
VALIDATION
valid epoch balanced_accuracy: 0.263158
EPOCH 138:
VALIDATION
valid epoch balanced_accuracy: 0.263158
EPOCH 139:
VALIDATION
valid epoch balanced_accuracy: 0.287548
EPOCH 140:
VALIDATION
valid epoch balanced_accuracy: 0.249037
EPOCH 141:
VALIDATION
valid epoch balanced_accuracy: 0.210526
EPOCH 142:
VALIDATION
valid epoch balanced_accuracy: 0.236842
EPOCH 143:
VALIDATION
valid epoch balanced_accuracy: 0.273427
EPOCH 144:
VALIDATION
valid epoch balanced_accuracy: 0.208601
EPOCH 145:
VALIDATION
valid epoch balanced_accuracy: 0.315789
EPOCH 146:
VALIDATION
valid epoch balanced_accuracy: 0.315789
EPOCH 147:
VALIDATION
valid epoch balanced_accuracy: 0.315789
EPOCH 148:
VALIDATION
valid epoch balanced_accuracy: 0.289474
EPOCH 149:
VALIDATION
valid epoch balanced_accuracy: 0.263158
EPOCH 150:
VALIDATION
valid epoch balanced_accuracy: 0.263158
accuracy: 0.229508
sensitivity: 0.100000
precision: 0.266667
specificity: 0.476190
IoU: 0.078431
FAR: 0.523810
F1: 0.145455
balanced_accuracy: 0.288095
loss: 7.832066
