
number of parameters : 1403984
train : (1104, 12)
valid : (204, 12)
test : (204, 12)
class weights : [1.0, 1.0]
balanced batches : 69 per epoch covering all 1104 train rows, target 8 positive + 8 unlabeled
data extracted
EPOCH 1:
VALIDATION
valid epoch balanced_accuracy: 0.344444
EPOCH 2:
VALIDATION
valid epoch balanced_accuracy: 0.373016
EPOCH 3:
VALIDATION
valid epoch balanced_accuracy: 0.384271
EPOCH 4:
VALIDATION
valid epoch balanced_accuracy: 0.592785
EPOCH 5:
VALIDATION
valid epoch balanced_accuracy: 0.677201
EPOCH 6:
VALIDATION
valid epoch balanced_accuracy: 0.378932
EPOCH 7:
VALIDATION
valid epoch balanced_accuracy: 0.372583
EPOCH 8:
VALIDATION
valid epoch balanced_accuracy: 0.372294
EPOCH 9:
VALIDATION
valid epoch balanced_accuracy: 0.778499
EPOCH 10:
VALIDATION
valid epoch balanced_accuracy: 0.514719
EPOCH 11:
VALIDATION
valid epoch balanced_accuracy: 0.331890
EPOCH 12:
VALIDATION
valid epoch balanced_accuracy: 0.714286
EPOCH 13:
VALIDATION
valid epoch balanced_accuracy: 0.581962
EPOCH 14:
VALIDATION
valid epoch balanced_accuracy: 0.671429
EPOCH 15:
VALIDATION
valid epoch balanced_accuracy: 0.478644
EPOCH 16:
VALIDATION
valid epoch balanced_accuracy: 0.510245
EPOCH 17:
VALIDATION
valid epoch balanced_accuracy: 0.737374
EPOCH 18:
VALIDATION
valid epoch balanced_accuracy: 0.427994
EPOCH 19:
VALIDATION
valid epoch balanced_accuracy: 0.735931
EPOCH 20:
VALIDATION
valid epoch balanced_accuracy: 0.405916
EPOCH 21:
VALIDATION
valid epoch balanced_accuracy: 0.622655
EPOCH 22:
VALIDATION
valid epoch balanced_accuracy: 0.453680
EPOCH 23:
VALIDATION
valid epoch balanced_accuracy: 0.334632
EPOCH 24:
VALIDATION
valid epoch balanced_accuracy: 0.747042
EPOCH 25:
VALIDATION
valid epoch balanced_accuracy: 0.481385
EPOCH 26:
VALIDATION
valid epoch balanced_accuracy: 0.503463
EPOCH 27:
VALIDATION
valid epoch balanced_accuracy: 0.375036
EPOCH 28:
VALIDATION
valid epoch balanced_accuracy: 0.744300
EPOCH 29:
VALIDATION
valid epoch balanced_accuracy: 0.754113
EPOCH 30:
VALIDATION
valid epoch balanced_accuracy: 0.711255
EPOCH 31:
VALIDATION
valid epoch balanced_accuracy: 0.698701
EPOCH 32:
VALIDATION
valid epoch balanced_accuracy: 0.693651
EPOCH 33:
VALIDATION
valid epoch balanced_accuracy: 0.542713
EPOCH 34:
VALIDATION
valid epoch balanced_accuracy: 0.532900
EPOCH 35:
VALIDATION
valid epoch balanced_accuracy: 0.674026
EPOCH 36:
VALIDATION
valid epoch balanced_accuracy: 0.698413
EPOCH 37:
VALIDATION
valid epoch balanced_accuracy: 0.654978
EPOCH 38:
VALIDATION
valid epoch balanced_accuracy: 0.542136
EPOCH 39:
VALIDATION
valid epoch balanced_accuracy: 0.575469
EPOCH 40:
VALIDATION
valid epoch balanced_accuracy: 0.665657
EPOCH 41:
VALIDATION
valid epoch balanced_accuracy: 0.492208
EPOCH 42:
VALIDATION
valid epoch balanced_accuracy: 0.735065
EPOCH 43:
VALIDATION
valid epoch balanced_accuracy: 0.541558
EPOCH 44:
VALIDATION
valid epoch balanced_accuracy: 0.603752
EPOCH 45:
VALIDATION
valid epoch balanced_accuracy: 0.561760
EPOCH 46:
VALIDATION
valid epoch balanced_accuracy: 0.561760
EPOCH 47:
VALIDATION
valid epoch balanced_accuracy: 0.494805
EPOCH 48:
VALIDATION
valid epoch balanced_accuracy: 0.754401
EPOCH 49:
VALIDATION
valid epoch balanced_accuracy: 0.450505
EPOCH 50:
VALIDATION
valid epoch balanced_accuracy: 0.664502
EPOCH 51:
VALIDATION
valid epoch balanced_accuracy: 0.526984
EPOCH 52:
VALIDATION
valid epoch balanced_accuracy: 0.567532
EPOCH 53:
VALIDATION
valid epoch balanced_accuracy: 0.533766
EPOCH 54:
VALIDATION
valid epoch balanced_accuracy: 0.460317
EPOCH 55:
VALIDATION
valid epoch balanced_accuracy: 0.741991
EPOCH 56:
VALIDATION
valid epoch balanced_accuracy: 0.513853
EPOCH 57:
VALIDATION
valid epoch balanced_accuracy: 0.538528
EPOCH 58:
VALIDATION
valid epoch balanced_accuracy: 0.649928
EPOCH 59:
VALIDATION
valid epoch balanced_accuracy: 0.618038
EPOCH 60:
VALIDATION
valid epoch balanced_accuracy: 0.570418
EPOCH 61:
VALIDATION
valid epoch balanced_accuracy: 0.618903
EPOCH 62:
VALIDATION
valid epoch balanced_accuracy: 0.493651
EPOCH 63:
VALIDATION
valid epoch balanced_accuracy: 0.546898
EPOCH 64:
VALIDATION
valid epoch balanced_accuracy: 0.593939
EPOCH 65:
VALIDATION
valid epoch balanced_accuracy: 0.556566
EPOCH 66:
VALIDATION
valid epoch balanced_accuracy: 0.580808
EPOCH 67:
VALIDATION
valid epoch balanced_accuracy: 0.608802
EPOCH 68:
VALIDATION
valid epoch balanced_accuracy: 0.588889
EPOCH 69:
VALIDATION
valid epoch balanced_accuracy: 0.551371
EPOCH 70:
VALIDATION
valid epoch balanced_accuracy: 0.623088
EPOCH 71:
VALIDATION
valid epoch balanced_accuracy: 0.573449
EPOCH 72:
VALIDATION
valid epoch balanced_accuracy: 0.625253
EPOCH 73:
VALIDATION
valid epoch balanced_accuracy: 0.538672
EPOCH 74:
VALIDATION
valid epoch balanced_accuracy: 0.604040
EPOCH 75:
VALIDATION
valid epoch balanced_accuracy: 0.557287
EPOCH 76:
VALIDATION
valid epoch balanced_accuracy: 0.509091
EPOCH 77:
VALIDATION
valid epoch balanced_accuracy: 0.492785
EPOCH 78:
VALIDATION
valid epoch balanced_accuracy: 0.641847
EPOCH 79:
VALIDATION
valid epoch balanced_accuracy: 0.450216
EPOCH 80:
VALIDATION
valid epoch balanced_accuracy: 0.451082
EPOCH 81:
VALIDATION
valid epoch balanced_accuracy: 0.442857
EPOCH 82:
VALIDATION
valid epoch balanced_accuracy: 0.553247
EPOCH 83:
VALIDATION
valid epoch balanced_accuracy: 0.459163
EPOCH 84:
VALIDATION
valid epoch balanced_accuracy: 0.489177
EPOCH 85:
VALIDATION
valid epoch balanced_accuracy: 0.556710
EPOCH 86:
VALIDATION
valid epoch balanced_accuracy: 0.485281
EPOCH 87:
VALIDATION
valid epoch balanced_accuracy: 0.495671
EPOCH 88:
VALIDATION
valid epoch balanced_accuracy: 0.567100
EPOCH 89:
VALIDATION
valid epoch balanced_accuracy: 0.479654
EPOCH 90:
VALIDATION
valid epoch balanced_accuracy: 0.570418
EPOCH 91:
VALIDATION
valid epoch balanced_accuracy: 0.589177
EPOCH 92:
VALIDATION
valid epoch balanced_accuracy: 0.481097
EPOCH 93:
VALIDATION
valid epoch balanced_accuracy: 0.484704
EPOCH 94:
VALIDATION
valid epoch balanced_accuracy: 0.479365
EPOCH 95:
VALIDATION
valid epoch balanced_accuracy: 0.513276
EPOCH 96:
VALIDATION
valid epoch balanced_accuracy: 0.483550
EPOCH 97:
VALIDATION
valid epoch balanced_accuracy: 0.512410
EPOCH 98:
VALIDATION
valid epoch balanced_accuracy: 0.483838
EPOCH 99:
VALIDATION
valid epoch balanced_accuracy: 0.517172
EPOCH 100:
VALIDATION
valid epoch balanced_accuracy: 0.580231
EPOCH 101:
VALIDATION
valid epoch balanced_accuracy: 0.484993
EPOCH 102:
VALIDATION
valid epoch balanced_accuracy: 0.551659
EPOCH 103:
VALIDATION
valid epoch balanced_accuracy: 0.514430
EPOCH 104:
VALIDATION
valid epoch balanced_accuracy: 0.503175
EPOCH 105:
VALIDATION
valid epoch balanced_accuracy: 0.563636
EPOCH 106:
VALIDATION
valid epoch balanced_accuracy: 0.554113
EPOCH 107:
VALIDATION
valid epoch balanced_accuracy: 0.464502
EPOCH 108:
VALIDATION
valid epoch balanced_accuracy: 0.518326
EPOCH 109:
VALIDATION
valid epoch balanced_accuracy: 0.518038
EPOCH 110:
VALIDATION
valid epoch balanced_accuracy: 0.593651
EPOCH 111:
VALIDATION
valid epoch balanced_accuracy: 0.451804
EPOCH 112:
VALIDATION
valid epoch balanced_accuracy: 0.545455
EPOCH 113:
VALIDATION
valid epoch balanced_accuracy: 0.498990
EPOCH 114:
VALIDATION
valid epoch balanced_accuracy: 0.531457
EPOCH 115:
VALIDATION
valid epoch balanced_accuracy: 0.500144
EPOCH 116:
VALIDATION
valid epoch balanced_accuracy: 0.521934
EPOCH 117:
VALIDATION
valid epoch balanced_accuracy: 0.514719
EPOCH 118:
VALIDATION
valid epoch balanced_accuracy: 0.533478
EPOCH 119:
VALIDATION
valid epoch balanced_accuracy: 0.645743
EPOCH 120:
VALIDATION
valid epoch balanced_accuracy: 0.555844
EPOCH 121:
VALIDATION
valid epoch balanced_accuracy: 0.566234
EPOCH 122:
VALIDATION
valid epoch balanced_accuracy: 0.499278
EPOCH 123:
VALIDATION
valid epoch balanced_accuracy: 0.552237
EPOCH 124:
VALIDATION
valid epoch balanced_accuracy: 0.470418
EPOCH 125:
VALIDATION
valid epoch balanced_accuracy: 0.505483
EPOCH 126:
VALIDATION
valid epoch balanced_accuracy: 0.575180
EPOCH 127:
VALIDATION
valid epoch balanced_accuracy: 0.537951
EPOCH 128:
VALIDATION
valid epoch balanced_accuracy: 0.550794
EPOCH 129:
VALIDATION
valid epoch balanced_accuracy: 0.580519
EPOCH 130:
VALIDATION
valid epoch balanced_accuracy: 0.571573
EPOCH 131:
VALIDATION
valid epoch balanced_accuracy: 0.516883
EPOCH 132:
VALIDATION
valid epoch balanced_accuracy: 0.469553
EPOCH 133:
VALIDATION
valid epoch balanced_accuracy: 0.429726
EPOCH 134:
VALIDATION
valid epoch balanced_accuracy: 0.512987
EPOCH 135:
VALIDATION
valid epoch balanced_accuracy: 0.518326
EPOCH 136:
VALIDATION
valid epoch balanced_accuracy: 0.541558
EPOCH 137:
VALIDATION
valid epoch balanced_accuracy: 0.507359
EPOCH 138:
VALIDATION
valid epoch balanced_accuracy: 0.570130
EPOCH 139:
VALIDATION
valid epoch balanced_accuracy: 0.515729
EPOCH 140:
VALIDATION
valid epoch balanced_accuracy: 0.490043
EPOCH 141:
VALIDATION
valid epoch balanced_accuracy: 0.509091
EPOCH 142:
VALIDATION
valid epoch balanced_accuracy: 0.499278
EPOCH 143:
VALIDATION
valid epoch balanced_accuracy: 0.444300
EPOCH 144:
VALIDATION
valid epoch balanced_accuracy: 0.492496
EPOCH 145:
VALIDATION
valid epoch balanced_accuracy: 0.571284
EPOCH 146:
VALIDATION
valid epoch balanced_accuracy: 0.472872
EPOCH 147:
VALIDATION
valid epoch balanced_accuracy: 0.519769
EPOCH 148:
VALIDATION
valid epoch balanced_accuracy: 0.535931
EPOCH 149:
VALIDATION
valid epoch balanced_accuracy: 0.465368
EPOCH 150:
VALIDATION
valid epoch balanced_accuracy: 0.547475
accuracy: 0.666667
sensitivity: 0.575758
precision: 0.686747
specificity: 0.752381
IoU: 0.456000
FAR: 0.247619
F1: 0.626374
balanced_accuracy: 0.664069
loss: 0.858153
