Waiting for exclusive access to GPU GPU-d29306bd-73d5-a144-2b7c-f04792345a88.
=== GROUP: CRAL-TRIO | VARIANT: bbp_nps3mlp_dpt01_gm | SEED: 4 | GPU: NVIDIA H200 ===

number of parameters : 1403984
train : (1104, 12)
valid : (204, 12)
test : (204, 12)
class weights : [1.0, 1.0]
balanced batches : 69 per epoch covering all 1104 train rows, target 8 positive + 8 unlabeled
data extracted
EPOCH 1:
VALIDATION
valid epoch balanced_accuracy: 0.383322
EPOCH 2:
VALIDATION
valid epoch balanced_accuracy: 0.359958
EPOCH 3:
VALIDATION
valid epoch balanced_accuracy: 0.548560
EPOCH 4:
VALIDATION
valid epoch balanced_accuracy: 0.556605
EPOCH 5:
VALIDATION
valid epoch balanced_accuracy: 0.388958
EPOCH 6:
VALIDATION
valid epoch balanced_accuracy: 0.349167
EPOCH 7:
VALIDATION
valid epoch balanced_accuracy: 0.661817
EPOCH 8:
VALIDATION
valid epoch balanced_accuracy: 0.373013
EPOCH 9:
VALIDATION
valid epoch balanced_accuracy: 0.672319
EPOCH 10:
VALIDATION
valid epoch balanced_accuracy: 0.616533
EPOCH 11:
VALIDATION
valid epoch balanced_accuracy: 0.465315
EPOCH 12:
VALIDATION
valid epoch balanced_accuracy: 0.396185
EPOCH 13:
VALIDATION
valid epoch balanced_accuracy: 0.530398
EPOCH 14:
VALIDATION
valid epoch balanced_accuracy: 0.521341
EPOCH 15:
VALIDATION
valid epoch balanced_accuracy: 0.516861
EPOCH 16:
VALIDATION
valid epoch balanced_accuracy: 0.668417
EPOCH 17:
VALIDATION
valid epoch balanced_accuracy: 0.407506
EPOCH 18:
VALIDATION
valid epoch balanced_accuracy: 0.634117
EPOCH 19:
VALIDATION
valid epoch balanced_accuracy: 0.415551
EPOCH 20:
VALIDATION
valid epoch balanced_accuracy: 0.390404
EPOCH 21:
VALIDATION
valid epoch balanced_accuracy: 0.411359
EPOCH 22:
VALIDATION
valid epoch balanced_accuracy: 0.642981
EPOCH 23:
VALIDATION
valid epoch balanced_accuracy: 0.405386
EPOCH 24:
VALIDATION
valid epoch balanced_accuracy: 0.432460
EPOCH 25:
VALIDATION
valid epoch balanced_accuracy: 0.443733
EPOCH 26:
VALIDATION
valid epoch balanced_accuracy: 0.425041
EPOCH 27:
VALIDATION
valid epoch balanced_accuracy: 0.434242
EPOCH 28:
VALIDATION
valid epoch balanced_accuracy: 0.439541
EPOCH 29:
VALIDATION
valid epoch balanced_accuracy: 0.407650
EPOCH 30:
VALIDATION
valid epoch balanced_accuracy: 0.441950
EPOCH 31:
VALIDATION
valid epoch balanced_accuracy: 0.410059
EPOCH 32:
VALIDATION
valid epoch balanced_accuracy: 0.415069
EPOCH 33:
VALIDATION
valid epoch balanced_accuracy: 0.621881
EPOCH 34:
VALIDATION
valid epoch balanced_accuracy: 0.421669
EPOCH 35:
VALIDATION
valid epoch balanced_accuracy: 0.393631
EPOCH 36:
VALIDATION
valid epoch balanced_accuracy: 0.468061
EPOCH 37:
VALIDATION
valid epoch balanced_accuracy: 0.352394
EPOCH 38:
VALIDATION
valid epoch balanced_accuracy: 0.398641
EPOCH 39:
VALIDATION
valid epoch balanced_accuracy: 0.420031
EPOCH 40:
VALIDATION
valid epoch balanced_accuracy: 0.355285
EPOCH 41:
VALIDATION
valid epoch balanced_accuracy: 0.389922
EPOCH 42:
VALIDATION
valid epoch balanced_accuracy: 0.386068
EPOCH 43:
VALIDATION
valid epoch balanced_accuracy: 0.569853
EPOCH 44:
VALIDATION
valid epoch balanced_accuracy: 0.522979
EPOCH 45:
VALIDATION
valid epoch balanced_accuracy: 0.363667
EPOCH 46:
VALIDATION
valid epoch balanced_accuracy: 0.332257
EPOCH 47:
VALIDATION
valid epoch balanced_accuracy: 0.566625
EPOCH 48:
VALIDATION
valid epoch balanced_accuracy: 0.538298
EPOCH 49:
VALIDATION
valid epoch balanced_accuracy: 0.390741
EPOCH 50:
VALIDATION
valid epoch balanced_accuracy: 0.435206
EPOCH 51:
VALIDATION
valid epoch balanced_accuracy: 0.480441
EPOCH 52:
VALIDATION
valid epoch balanced_accuracy: 0.432942
EPOCH 53:
VALIDATION
valid epoch balanced_accuracy: 0.494315
EPOCH 54:
VALIDATION
valid epoch balanced_accuracy: 0.410878
EPOCH 55:
VALIDATION
valid epoch balanced_accuracy: 0.444696
EPOCH 56:
VALIDATION
valid epoch balanced_accuracy: 0.514934
EPOCH 57:
VALIDATION
valid epoch balanced_accuracy: 0.402014
EPOCH 58:
VALIDATION
valid epoch balanced_accuracy: 0.354803
EPOCH 59:
VALIDATION
valid epoch balanced_accuracy: 0.551016
EPOCH 60:
VALIDATION
valid epoch balanced_accuracy: 0.529579
EPOCH 61:
VALIDATION
valid epoch balanced_accuracy: 0.430533
EPOCH 62:
VALIDATION
valid epoch balanced_accuracy: 0.427787
EPOCH 63:
VALIDATION
valid epoch balanced_accuracy: 0.456788
EPOCH 64:
VALIDATION
valid epoch balanced_accuracy: 0.466760
EPOCH 65:
VALIDATION
valid epoch balanced_accuracy: 0.387513
EPOCH 66:
VALIDATION
valid epoch balanced_accuracy: 0.426342
EPOCH 67:
VALIDATION
valid epoch balanced_accuracy: 0.441661
EPOCH 68:
VALIDATION
valid epoch balanced_accuracy: 0.402014
EPOCH 69:
VALIDATION
valid epoch balanced_accuracy: 0.392668
EPOCH 70:
VALIDATION
valid epoch balanced_accuracy: 0.357549
EPOCH 71:
VALIDATION
valid epoch balanced_accuracy: 0.346421
EPOCH 72:
VALIDATION
valid epoch balanced_accuracy: 0.429232
EPOCH 73:
VALIDATION
valid epoch balanced_accuracy: 0.366557
EPOCH 74:
VALIDATION
valid epoch balanced_accuracy: 0.403941
EPOCH 75:
VALIDATION
valid epoch balanced_accuracy: 0.392812
EPOCH 76:
VALIDATION
valid epoch balanced_accuracy: 0.330957
EPOCH 77:
VALIDATION
valid epoch balanced_accuracy: 0.432123
EPOCH 78:
VALIDATION
valid epoch balanced_accuracy: 0.470469
EPOCH 79:
VALIDATION
valid epoch balanced_accuracy: 0.411022
EPOCH 80:
VALIDATION
valid epoch balanced_accuracy: 0.395077
EPOCH 81:
VALIDATION
valid epoch balanced_accuracy: 0.517487
EPOCH 82:
VALIDATION
valid epoch balanced_accuracy: 0.362704
EPOCH 83:
VALIDATION
valid epoch balanced_accuracy: 0.414250
EPOCH 84:
VALIDATION
valid epoch balanced_accuracy: 0.410396
EPOCH 85:
VALIDATION
valid epoch balanced_accuracy: 0.405241
EPOCH 86:
VALIDATION
valid epoch balanced_accuracy: 0.406687
EPOCH 87:
VALIDATION
valid epoch balanced_accuracy: 0.436940
EPOCH 88:
VALIDATION
valid epoch balanced_accuracy: 0.472252
EPOCH 89:
VALIDATION
valid epoch balanced_accuracy: 0.580788
EPOCH 90:
VALIDATION
valid epoch balanced_accuracy: 0.490943
EPOCH 91:
VALIDATION
valid epoch balanced_accuracy: 0.367376
EPOCH 92:
VALIDATION
valid epoch balanced_accuracy: 0.440360
EPOCH 93:
VALIDATION
valid epoch balanced_accuracy: 0.474660
EPOCH 94:
VALIDATION
valid epoch balanced_accuracy: 0.512188
EPOCH 95:
VALIDATION
valid epoch balanced_accuracy: 0.373976
EPOCH 96:
VALIDATION
valid epoch balanced_accuracy: 0.425041
EPOCH 97:
VALIDATION
valid epoch balanced_accuracy: 0.365112
EPOCH 98:
VALIDATION
valid epoch balanced_accuracy: 0.484970
EPOCH 99:
VALIDATION
valid epoch balanced_accuracy: 0.359476
EPOCH 100:
VALIDATION
valid epoch balanced_accuracy: 0.431978
EPOCH 101:
VALIDATION
valid epoch balanced_accuracy: 0.608199
EPOCH 102:
VALIDATION
valid epoch balanced_accuracy: 0.387513
EPOCH 103:
VALIDATION
valid epoch balanced_accuracy: 0.475142
EPOCH 104:
VALIDATION
valid epoch balanced_accuracy: 0.412805
EPOCH 105:
VALIDATION
valid epoch balanced_accuracy: 0.456451
EPOCH 106:
VALIDATION
valid epoch balanced_accuracy: 0.409914
EPOCH 107:
VALIDATION
valid epoch balanced_accuracy: 0.384286
EPOCH 108:
VALIDATION
valid epoch balanced_accuracy: 0.409914
EPOCH 109:
VALIDATION
valid epoch balanced_accuracy: 0.533770
EPOCH 110:
VALIDATION
valid epoch balanced_accuracy: 0.447924
EPOCH 111:
VALIDATION
valid epoch balanced_accuracy: 0.460642
EPOCH 112:
VALIDATION
valid epoch balanced_accuracy: 0.505106
EPOCH 113:
VALIDATION
valid epoch balanced_accuracy: 0.411841
EPOCH 114:
VALIDATION
valid epoch balanced_accuracy: 0.553907
EPOCH 115:
VALIDATION
valid epoch balanced_accuracy: 0.445178
EPOCH 116:
VALIDATION
valid epoch balanced_accuracy: 0.516861
EPOCH 117:
VALIDATION
valid epoch balanced_accuracy: 0.422150
EPOCH 118:
VALIDATION
valid epoch balanced_accuracy: 0.432942
EPOCH 119:
VALIDATION
valid epoch balanced_accuracy: 0.470469
EPOCH 120:
VALIDATION
valid epoch balanced_accuracy: 0.447924
EPOCH 121:
VALIDATION
valid epoch balanced_accuracy: 0.433423
EPOCH 122:
VALIDATION
valid epoch balanced_accuracy: 0.469987
EPOCH 123:
VALIDATION
valid epoch balanced_accuracy: 0.404760
EPOCH 124:
VALIDATION
valid epoch balanced_accuracy: 0.509298
EPOCH 125:
VALIDATION
valid epoch balanced_accuracy: 0.387850
EPOCH 126:
VALIDATION
valid epoch balanced_accuracy: 0.440987
EPOCH 127:
VALIDATION
valid epoch balanced_accuracy: 0.464833
EPOCH 128:
VALIDATION
valid epoch balanced_accuracy: 0.491907
EPOCH 129:
VALIDATION
valid epoch balanced_accuracy: 0.549234
EPOCH 130:
VALIDATION
valid epoch balanced_accuracy: 0.440360
EPOCH 131:
VALIDATION
valid epoch balanced_accuracy: 0.433905
EPOCH 132:
VALIDATION
valid epoch balanced_accuracy: 0.485933
EPOCH 133:
VALIDATION
valid epoch balanced_accuracy: 0.433423
EPOCH 134:
VALIDATION
valid epoch balanced_accuracy: 0.441806
EPOCH 135:
VALIDATION
valid epoch balanced_accuracy: 0.510743
EPOCH 136:
VALIDATION
valid epoch balanced_accuracy: 0.515416
EPOCH 137:
VALIDATION
valid epoch balanced_accuracy: 0.509779
EPOCH 138:
VALIDATION
valid epoch balanced_accuracy: 0.468061
EPOCH 139:
VALIDATION
valid epoch balanced_accuracy: 0.484006
EPOCH 140:
VALIDATION
valid epoch balanced_accuracy: 0.506552
EPOCH 141:
VALIDATION
valid epoch balanced_accuracy: 0.461942
EPOCH 142:
VALIDATION
valid epoch balanced_accuracy: 0.466615
EPOCH 143:
VALIDATION
valid epoch balanced_accuracy: 0.456306
EPOCH 144:
VALIDATION
valid epoch balanced_accuracy: 0.510261
EPOCH 145:
VALIDATION
valid epoch balanced_accuracy: 0.466615
EPOCH 146:
VALIDATION
valid epoch balanced_accuracy: 0.505588
EPOCH 147:
VALIDATION
valid epoch balanced_accuracy: 0.417959
EPOCH 148:
VALIDATION
valid epoch balanced_accuracy: 0.468061
EPOCH 149:
VALIDATION
valid epoch balanced_accuracy: 0.463388
EPOCH 150:
VALIDATION
valid epoch balanced_accuracy: 0.506070
accuracy: 0.514706
sensitivity: 0.364486
precision: 0.557143
specificity: 0.680412
IoU: 0.282609
FAR: 0.319588
F1: 0.440678
balanced_accuracy: 0.522449
loss: 0.895750
