
number of parameters : 2363474
train : (1332, 12)
valid : (90, 12)
test : (90, 12)
class weights : [1.0, 1.0]
balanced batches : 84 per epoch covering all 1332 train rows, target 8 positive + 8 unlabeled
data extracted
EPOCH 1:
VALIDATION
valid epoch balanced_accuracy: 0.442688
EPOCH 2:
VALIDATION
valid epoch balanced_accuracy: 0.524704
EPOCH 3:
VALIDATION
valid epoch balanced_accuracy: 0.489130
EPOCH 4:
VALIDATION
valid epoch balanced_accuracy: 0.547431
EPOCH 5:
VALIDATION
valid epoch balanced_accuracy: 0.328557
EPOCH 6:
VALIDATION
valid epoch balanced_accuracy: 0.515316
EPOCH 7:
VALIDATION
valid epoch balanced_accuracy: 0.594368
EPOCH 8:
VALIDATION
valid epoch balanced_accuracy: 0.533597
EPOCH 9:
VALIDATION
valid epoch balanced_accuracy: 0.571146
EPOCH 10:
VALIDATION
valid epoch balanced_accuracy: 0.592391
EPOCH 11:
VALIDATION
valid epoch balanced_accuracy: 0.604249
EPOCH 12:
VALIDATION
valid epoch balanced_accuracy: 0.625494
EPOCH 13:
VALIDATION
valid epoch balanced_accuracy: 0.548419
EPOCH 14:
VALIDATION
valid epoch balanced_accuracy: 0.493577
EPOCH 15:
VALIDATION
valid epoch balanced_accuracy: 0.593379
EPOCH 16:
VALIDATION
valid epoch balanced_accuracy: 0.615613
EPOCH 17:
VALIDATION
valid epoch balanced_accuracy: 0.511858
EPOCH 18:
VALIDATION
valid epoch balanced_accuracy: 0.604249
EPOCH 19:
VALIDATION
valid epoch balanced_accuracy: 0.545455
EPOCH 20:
VALIDATION
valid epoch balanced_accuracy: 0.581028
EPOCH 21:
VALIDATION
valid epoch balanced_accuracy: 0.570158
EPOCH 22:
VALIDATION
valid epoch balanced_accuracy: 0.549407
EPOCH 23:
VALIDATION
valid epoch balanced_accuracy: 0.548913
EPOCH 24:
VALIDATION
valid epoch balanced_accuracy: 0.546937
EPOCH 25:
VALIDATION
valid epoch balanced_accuracy: 0.592885
EPOCH 26:
VALIDATION
valid epoch balanced_accuracy: 0.535079
EPOCH 27:
VALIDATION
valid epoch balanced_accuracy: 0.583498
EPOCH 28:
VALIDATION
valid epoch balanced_accuracy: 0.548913
EPOCH 29:
VALIDATION
valid epoch balanced_accuracy: 0.592885
EPOCH 30:
VALIDATION
valid epoch balanced_accuracy: 0.581028
EPOCH 31:
VALIDATION
valid epoch balanced_accuracy: 0.615119
EPOCH 32:
VALIDATION
valid epoch balanced_accuracy: 0.570158
EPOCH 33:
VALIDATION
valid epoch balanced_accuracy: 0.557806
EPOCH 34:
VALIDATION
valid epoch balanced_accuracy: 0.527668
EPOCH 35:
VALIDATION
valid epoch balanced_accuracy: 0.626482
EPOCH 36:
VALIDATION
valid epoch balanced_accuracy: 0.593874
EPOCH 37:
VALIDATION
valid epoch balanced_accuracy: 0.547431
EPOCH 38:
VALIDATION
valid epoch balanced_accuracy: 0.568676
EPOCH 39:
VALIDATION
valid epoch balanced_accuracy: 0.603755
EPOCH 40:
VALIDATION
valid epoch balanced_accuracy: 0.615613
EPOCH 41:
VALIDATION
valid epoch balanced_accuracy: 0.581028
EPOCH 42:
VALIDATION
valid epoch balanced_accuracy: 0.571640
EPOCH 43:
VALIDATION
valid epoch balanced_accuracy: 0.573123
EPOCH 44:
VALIDATION
valid epoch balanced_accuracy: 0.569170
EPOCH 45:
VALIDATION
valid epoch balanced_accuracy: 0.503953
EPOCH 46:
VALIDATION
valid epoch balanced_accuracy: 0.581028
EPOCH 47:
VALIDATION
valid epoch balanced_accuracy: 0.469368
EPOCH 48:
VALIDATION
valid epoch balanced_accuracy: 0.583004
EPOCH 49:
VALIDATION
valid epoch balanced_accuracy: 0.538043
EPOCH 50:
VALIDATION
valid epoch balanced_accuracy: 0.538043
EPOCH 51:
VALIDATION
valid epoch balanced_accuracy: 0.549407
EPOCH 52:
VALIDATION
valid epoch balanced_accuracy: 0.537055
EPOCH 53:
VALIDATION
valid epoch balanced_accuracy: 0.515316
EPOCH 54:
VALIDATION
valid epoch balanced_accuracy: 0.550395
EPOCH 55:
VALIDATION
valid epoch balanced_accuracy: 0.583004
EPOCH 56:
VALIDATION
valid epoch balanced_accuracy: 0.526680
EPOCH 57:
VALIDATION
valid epoch balanced_accuracy: 0.548913
EPOCH 58:
VALIDATION
valid epoch balanced_accuracy: 0.515316
EPOCH 59:
VALIDATION
valid epoch balanced_accuracy: 0.502964
EPOCH 60:
VALIDATION
valid epoch balanced_accuracy: 0.514822
EPOCH 61:
VALIDATION
valid epoch balanced_accuracy: 0.537549
EPOCH 62:
VALIDATION
valid epoch balanced_accuracy: 0.534585
EPOCH 63:
VALIDATION
valid epoch balanced_accuracy: 0.535079
EPOCH 64:
VALIDATION
valid epoch balanced_accuracy: 0.592391
EPOCH 65:
VALIDATION
valid epoch balanced_accuracy: 0.603755
EPOCH 66:
VALIDATION
valid epoch balanced_accuracy: 0.604249
EPOCH 67:
VALIDATION
valid epoch balanced_accuracy: 0.547925
EPOCH 68:
VALIDATION
valid epoch balanced_accuracy: 0.546937
EPOCH 69:
VALIDATION
valid epoch balanced_accuracy: 0.560771
EPOCH 70:
VALIDATION
valid epoch balanced_accuracy: 0.570652
EPOCH 71:
VALIDATION
valid epoch balanced_accuracy: 0.572628
EPOCH 72:
VALIDATION
valid epoch balanced_accuracy: 0.559289
EPOCH 73:
VALIDATION
valid epoch balanced_accuracy: 0.551383
EPOCH 74:
VALIDATION
valid epoch balanced_accuracy: 0.573123
EPOCH 75:
VALIDATION
valid epoch balanced_accuracy: 0.550889
EPOCH 76:
VALIDATION
valid epoch balanced_accuracy: 0.515316
EPOCH 77:
VALIDATION
valid epoch balanced_accuracy: 0.514328
EPOCH 78:
VALIDATION
valid epoch balanced_accuracy: 0.549407
EPOCH 79:
VALIDATION
valid epoch balanced_accuracy: 0.517292
EPOCH 80:
VALIDATION
valid epoch balanced_accuracy: 0.471838
EPOCH 81:
VALIDATION
valid epoch balanced_accuracy: 0.604249
EPOCH 82:
VALIDATION
valid epoch balanced_accuracy: 0.518281
EPOCH 83:
VALIDATION
valid epoch balanced_accuracy: 0.583004
EPOCH 84:
VALIDATION
valid epoch balanced_accuracy: 0.503953
EPOCH 85:
VALIDATION
valid epoch balanced_accuracy: 0.527174
EPOCH 86:
VALIDATION
valid epoch balanced_accuracy: 0.594368
EPOCH 87:
VALIDATION
valid epoch balanced_accuracy: 0.504941
EPOCH 88:
VALIDATION
valid epoch balanced_accuracy: 0.571146
EPOCH 89:
VALIDATION
valid epoch balanced_accuracy: 0.515810
EPOCH 90:
VALIDATION
valid epoch balanced_accuracy: 0.736660
EPOCH 91:
VALIDATION
valid epoch balanced_accuracy: 0.593379
EPOCH 92:
VALIDATION
valid epoch balanced_accuracy: 0.560771
EPOCH 93:
VALIDATION
valid epoch balanced_accuracy: 0.606719
EPOCH 94:
VALIDATION
valid epoch balanced_accuracy: 0.636858
EPOCH 95:
VALIDATION
valid epoch balanced_accuracy: 0.571640
EPOCH 96:
VALIDATION
valid epoch balanced_accuracy: 0.548913
EPOCH 97:
VALIDATION
valid epoch balanced_accuracy: 0.503458
EPOCH 98:
VALIDATION
valid epoch balanced_accuracy: 0.526680
EPOCH 99:
VALIDATION
valid epoch balanced_accuracy: 0.448617
EPOCH 100:
VALIDATION
valid epoch balanced_accuracy: 0.483202
EPOCH 101:
VALIDATION
valid epoch balanced_accuracy: 0.493577
EPOCH 102:
VALIDATION
valid epoch balanced_accuracy: 0.482708
EPOCH 103:
VALIDATION
valid epoch balanced_accuracy: 0.526680
EPOCH 104:
VALIDATION
valid epoch balanced_accuracy: 0.515316
EPOCH 105:
VALIDATION
valid epoch balanced_accuracy: 0.526186
EPOCH 106:
VALIDATION
valid epoch balanced_accuracy: 0.515316
EPOCH 107:
VALIDATION
valid epoch balanced_accuracy: 0.537549
EPOCH 108:
VALIDATION
valid epoch balanced_accuracy: 0.537549
EPOCH 109:
VALIDATION
valid epoch balanced_accuracy: 0.571640
EPOCH 110:
VALIDATION
valid epoch balanced_accuracy: 0.537549
EPOCH 111:
VALIDATION
valid epoch balanced_accuracy: 0.754941
EPOCH 112:
VALIDATION
valid epoch balanced_accuracy: 0.503458
EPOCH 113:
VALIDATION
valid epoch balanced_accuracy: 0.560771
EPOCH 114:
VALIDATION
valid epoch balanced_accuracy: 0.526680
EPOCH 115:
VALIDATION
valid epoch balanced_accuracy: 0.526680
EPOCH 116:
VALIDATION
valid epoch balanced_accuracy: 0.548913
EPOCH 117:
VALIDATION
valid epoch balanced_accuracy: 0.538538
EPOCH 118:
VALIDATION
valid epoch balanced_accuracy: 0.526680
EPOCH 119:
VALIDATION
valid epoch balanced_accuracy: 0.526186
EPOCH 120:
VALIDATION
valid epoch balanced_accuracy: 0.526186
EPOCH 121:
VALIDATION
valid epoch balanced_accuracy: 0.616601
EPOCH 122:
VALIDATION
valid epoch balanced_accuracy: 0.583004
EPOCH 123:
VALIDATION
valid epoch balanced_accuracy: 0.548913
EPOCH 124:
VALIDATION
valid epoch balanced_accuracy: 0.539032
EPOCH 125:
VALIDATION
valid epoch balanced_accuracy: 0.538538
EPOCH 126:
VALIDATION
valid epoch balanced_accuracy: 0.537549
EPOCH 127:
VALIDATION
valid epoch balanced_accuracy: 0.537549
EPOCH 128:
VALIDATION
valid epoch balanced_accuracy: 0.560277
EPOCH 129:
VALIDATION
valid epoch balanced_accuracy: 0.537549
EPOCH 130:
VALIDATION
valid epoch balanced_accuracy: 0.570652
EPOCH 131:
VALIDATION
valid epoch balanced_accuracy: 0.537549
EPOCH 132:
VALIDATION
valid epoch balanced_accuracy: 0.516304
EPOCH 133:
VALIDATION
valid epoch balanced_accuracy: 0.516304
EPOCH 134:
VALIDATION
valid epoch balanced_accuracy: 0.528656
EPOCH 135:
VALIDATION
valid epoch balanced_accuracy: 0.517292
EPOCH 136:
VALIDATION
valid epoch balanced_accuracy: 0.528656
EPOCH 137:
VALIDATION
valid epoch balanced_accuracy: 0.517292
EPOCH 138:
VALIDATION
valid epoch balanced_accuracy: 0.517292
EPOCH 139:
VALIDATION
valid epoch balanced_accuracy: 0.517787
EPOCH 140:
VALIDATION
valid epoch balanced_accuracy: 0.551383
EPOCH 141:
VALIDATION
valid epoch balanced_accuracy: 0.494071
EPOCH 142:
VALIDATION
valid epoch balanced_accuracy: 0.472332
EPOCH 143:
VALIDATION
valid epoch balanced_accuracy: 0.517292
EPOCH 144:
VALIDATION
valid epoch balanced_accuracy: 0.517292
EPOCH 145:
VALIDATION
valid epoch balanced_accuracy: 0.495553
EPOCH 146:
VALIDATION
valid epoch balanced_accuracy: 0.659091
EPOCH 147:
VALIDATION
valid epoch balanced_accuracy: 0.492095
EPOCH 148:
VALIDATION
valid epoch balanced_accuracy: 0.536561
EPOCH 149:
VALIDATION
valid epoch balanced_accuracy: 0.504941
EPOCH 150:
VALIDATION
valid epoch balanced_accuracy: 0.482213
accuracy: 0.611111
sensitivity: 0.386364
precision: 0.680000
specificity: 0.826087
IoU: 0.326923
FAR: 0.173913
F1: 0.492754
balanced_accuracy: 0.606225
loss: 2.165656
