Waiting for exclusive access to GPU GPU-ac37ca99-0ede-46a3-55a3-87e83a06ac50.
=== GROUP: LBP_BPI_CETP | VARIANT: wd1e5 | SEED: 1 | WEIGHT_DECAY: 0.00001 | GPU: Tesla V100-SXM2-32GB ===

number of parameters : 1075406
train : (1232, 12)
valid : (51, 12)
test : (51, 12)
class weights : [1.160075306892395, 0.8787446618080139]
data extracted
EPOCH 1:
VALIDATION
valid epoch balanced_accuracy: 0.711538
EPOCH 2:
VALIDATION
valid epoch balanced_accuracy: 0.500000
EPOCH 3:
VALIDATION
valid epoch balanced_accuracy: 0.647692
EPOCH 4:
VALIDATION
valid epoch balanced_accuracy: 0.496154
EPOCH 5:
VALIDATION
valid epoch balanced_accuracy: 0.680000
EPOCH 6:
VALIDATION
valid epoch balanced_accuracy: 0.720769
EPOCH 7:
VALIDATION
valid epoch balanced_accuracy: 0.700000
EPOCH 8:
VALIDATION
valid epoch balanced_accuracy: 0.613077
EPOCH 9:
VALIDATION
valid epoch balanced_accuracy: 0.762308
EPOCH 10:
VALIDATION
valid epoch balanced_accuracy: 0.750000
EPOCH 11:
VALIDATION
valid epoch balanced_accuracy: 0.533846
EPOCH 12:
VALIDATION
valid epoch balanced_accuracy: 0.729231
EPOCH 13:
VALIDATION
valid epoch balanced_accuracy: 0.648462
EPOCH 14:
VALIDATION
valid epoch balanced_accuracy: 0.785385
EPOCH 15:
VALIDATION
valid epoch balanced_accuracy: 0.662308
EPOCH 16:
VALIDATION
valid epoch balanced_accuracy: 0.536154
EPOCH 17:
VALIDATION
valid epoch balanced_accuracy: 0.646154
EPOCH 18:
VALIDATION
valid epoch balanced_accuracy: 0.417692
EPOCH 19:
VALIDATION
valid epoch balanced_accuracy: 0.590769
EPOCH 20:
VALIDATION
valid epoch balanced_accuracy: 0.725385
EPOCH 21:
VALIDATION
valid epoch balanced_accuracy: 0.690000
EPOCH 22:
VALIDATION
valid epoch balanced_accuracy: 0.806154
EPOCH 23:
VALIDATION
valid epoch balanced_accuracy: 0.709231
EPOCH 24:
VALIDATION
valid epoch balanced_accuracy: 0.744615
EPOCH 25:
VALIDATION
valid epoch balanced_accuracy: 0.592308
EPOCH 26:
VALIDATION
valid epoch balanced_accuracy: 0.475385
EPOCH 27:
VALIDATION
valid epoch balanced_accuracy: 0.575385
EPOCH 28:
VALIDATION
valid epoch balanced_accuracy: 0.555385
EPOCH 29:
VALIDATION
valid epoch balanced_accuracy: 0.535385
EPOCH 30:
VALIDATION
valid epoch balanced_accuracy: 0.690000
EPOCH 31:
VALIDATION
valid epoch balanced_accuracy: 0.763077
EPOCH 32:
VALIDATION
valid epoch balanced_accuracy: 0.666923
EPOCH 33:
VALIDATION
valid epoch balanced_accuracy: 0.669231
EPOCH 34:
VALIDATION
valid epoch balanced_accuracy: 0.726923
EPOCH 35:
VALIDATION
valid epoch balanced_accuracy: 0.667692
EPOCH 36:
VALIDATION
valid epoch balanced_accuracy: 0.650769
EPOCH 37:
VALIDATION
valid epoch balanced_accuracy: 0.722308
EPOCH 38:
VALIDATION
valid epoch balanced_accuracy: 0.725385
EPOCH 39:
VALIDATION
valid epoch balanced_accuracy: 0.706923
EPOCH 40:
VALIDATION
valid epoch balanced_accuracy: 0.765385
EPOCH 41:
VALIDATION
valid epoch balanced_accuracy: 0.630000
EPOCH 42:
VALIDATION
valid epoch balanced_accuracy: 0.643846
EPOCH 43:
VALIDATION
valid epoch balanced_accuracy: 0.608462
EPOCH 44:
VALIDATION
valid epoch balanced_accuracy: 0.644615
EPOCH 45:
VALIDATION
valid epoch balanced_accuracy: 0.683846
EPOCH 46:
VALIDATION
valid epoch balanced_accuracy: 0.683846
EPOCH 47:
VALIDATION
valid epoch balanced_accuracy: 0.723846
EPOCH 48:
VALIDATION
valid epoch balanced_accuracy: 0.703846
EPOCH 49:
VALIDATION
valid epoch balanced_accuracy: 0.745385
EPOCH 50:
VALIDATION
valid epoch balanced_accuracy: 0.743846
EPOCH 51:
VALIDATION
valid epoch balanced_accuracy: 0.646154
EPOCH 52:
VALIDATION
valid epoch balanced_accuracy: 0.724615
EPOCH 53:
VALIDATION
valid epoch balanced_accuracy: 0.703846
EPOCH 54:
VALIDATION
valid epoch balanced_accuracy: 0.663077
EPOCH 55:
VALIDATION
valid epoch balanced_accuracy: 0.545385
EPOCH 56:
VALIDATION
valid epoch balanced_accuracy: 0.684615
EPOCH 57:
VALIDATION
valid epoch balanced_accuracy: 0.586154
EPOCH 58:
VALIDATION
valid epoch balanced_accuracy: 0.704615
EPOCH 59:
VALIDATION
valid epoch balanced_accuracy: 0.644615
EPOCH 60:
VALIDATION
valid epoch balanced_accuracy: 0.606923
EPOCH 61:
VALIDATION
valid epoch balanced_accuracy: 0.664615
EPOCH 62:
VALIDATION
valid epoch balanced_accuracy: 0.702308
EPOCH 63:
VALIDATION
valid epoch balanced_accuracy: 0.513846
EPOCH 64:
VALIDATION
valid epoch balanced_accuracy: 0.704615
EPOCH 65:
VALIDATION
valid epoch balanced_accuracy: 0.623077
EPOCH 66:
VALIDATION
valid epoch balanced_accuracy: 0.703846
EPOCH 67:
VALIDATION
valid epoch balanced_accuracy: 0.624615
EPOCH 68:
VALIDATION
valid epoch balanced_accuracy: 0.572308
EPOCH 69:
VALIDATION
valid epoch balanced_accuracy: 0.625385
EPOCH 70:
VALIDATION
valid epoch balanced_accuracy: 0.643846
EPOCH 71:
VALIDATION
valid epoch balanced_accuracy: 0.454615
EPOCH 72:
VALIDATION
valid epoch balanced_accuracy: 0.514615
EPOCH 73:
VALIDATION
valid epoch balanced_accuracy: 0.357692
EPOCH 74:
VALIDATION
valid epoch balanced_accuracy: 0.471538
EPOCH 75:
VALIDATION
valid epoch balanced_accuracy: 0.588462
EPOCH 76:
VALIDATION
valid epoch balanced_accuracy: 0.627692
EPOCH 77:
VALIDATION
valid epoch balanced_accuracy: 0.645385
EPOCH 78:
VALIDATION
valid epoch balanced_accuracy: 0.485385
EPOCH 79:
VALIDATION
valid epoch balanced_accuracy: 0.565385
EPOCH 80:
VALIDATION
valid epoch balanced_accuracy: 0.643846
EPOCH 81:
VALIDATION
valid epoch balanced_accuracy: 0.683846
EPOCH 82:
VALIDATION
valid epoch balanced_accuracy: 0.624615
EPOCH 83:
VALIDATION
valid epoch balanced_accuracy: 0.550769
EPOCH 84:
VALIDATION
valid epoch balanced_accuracy: 0.488462
EARLY STOPPING: rolling validation balanced accuracy did not improve for 60 epochs and validation loss increased over the same window.
accuracy: 0.764706
sensitivity: 0.862069
precision: 0.757576
specificity: 0.636364
IoU: 0.675676
FAR: 0.363636
F1: 0.806452
balanced_accuracy: 0.749216
loss: 0.519316
