
number of parameters : 1075406
train : (1300, 12)
valid : (17, 12)
test : (17, 12)
class weights : [1.1775362491607666, 0.8689839839935303]
data extracted
EPOCH 1:
VALIDATION
valid epoch balanced_accuracy: 0.500000
EPOCH 2:
VALIDATION
valid epoch balanced_accuracy: 0.500000
EPOCH 3:
VALIDATION
valid epoch balanced_accuracy: 0.285714
EPOCH 4:
VALIDATION
valid epoch balanced_accuracy: 0.392857
EPOCH 5:
VALIDATION
valid epoch balanced_accuracy: 0.309524
EPOCH 6:
VALIDATION
valid epoch balanced_accuracy: 0.428571
EPOCH 7:
VALIDATION
valid epoch balanced_accuracy: 0.464286
EPOCH 8:
VALIDATION
valid epoch balanced_accuracy: 0.464286
EPOCH 9:
VALIDATION
valid epoch balanced_accuracy: 0.428571
EPOCH 10:
VALIDATION
valid epoch balanced_accuracy: 0.380952
EPOCH 11:
VALIDATION
valid epoch balanced_accuracy: 0.321429
EPOCH 12:
VALIDATION
valid epoch balanced_accuracy: 0.321429
EPOCH 13:
VALIDATION
valid epoch balanced_accuracy: 0.357143
EPOCH 14:
VALIDATION
valid epoch balanced_accuracy: 0.392857
EPOCH 15:
VALIDATION
valid epoch balanced_accuracy: 0.357143
EPOCH 16:
VALIDATION
valid epoch balanced_accuracy: 0.464286
EPOCH 17:
VALIDATION
valid epoch balanced_accuracy: 0.452381
EPOCH 18:
VALIDATION
valid epoch balanced_accuracy: 0.321429
EPOCH 19:
VALIDATION
valid epoch balanced_accuracy: 0.285714
EPOCH 20:
VALIDATION
valid epoch balanced_accuracy: 0.321429
EPOCH 21:
VALIDATION
valid epoch balanced_accuracy: 0.357143
EPOCH 22:
VALIDATION
valid epoch balanced_accuracy: 0.321429
EPOCH 23:
VALIDATION
valid epoch balanced_accuracy: 0.380952
EPOCH 24:
VALIDATION
valid epoch balanced_accuracy: 0.309524
EPOCH 25:
VALIDATION
valid epoch balanced_accuracy: 0.452381
EPOCH 26:
VALIDATION
valid epoch balanced_accuracy: 0.428571
EPOCH 27:
VALIDATION
valid epoch balanced_accuracy: 0.392857
EPOCH 28:
VALIDATION
valid epoch balanced_accuracy: 0.250000
EPOCH 29:
VALIDATION
valid epoch balanced_accuracy: 0.321429
EPOCH 30:
VALIDATION
valid epoch balanced_accuracy: 0.357143
EPOCH 31:
VALIDATION
valid epoch balanced_accuracy: 0.321429
EARLY STOPPING: rolling validation balanced accuracy did not improve for 30 epochs and validation loss increased over the same window.
accuracy: 0.705882
sensitivity: 0.000000
precision: undefined
specificity: 1.000000
IoU: 0.000000
FAR: 0.000000
F1: 0.000000
balanced_accuracy: 0.500000
loss: 0.598219
