Waiting for exclusive access to GPU GPU-603cf5ee-22bf-d8be-3ba2-5891478dd8f7.
=== GROUP: LBP_BPI_CETP | VARIANT: bbp_fa_nps3mlp_dpt01_wd0001_gm_plm64_hid64_GRL_dp_rmpft | SEED: 4 | GPU: NVIDIA H200 ===

number of parameters : 1279114
train : (1402, 12)
valid : (55, 12)
test : (55, 12)
class weights : [1.0, 1.0]
balanced batches : 88 per epoch covering all 1402 train rows, target 8 positive + 8 unlabeled
cache warmed : 35 proteins, 409 lipid encodings, 0 lipid graphs, 131 MiB
data extracted
EPOCH 1:
VALIDATION
valid epoch balanced_accuracy: 0.594828
EPOCH 2:
VALIDATION
valid epoch balanced_accuracy: 0.445623
EPOCH 3:
VALIDATION
valid epoch balanced_accuracy: 0.665782
EPOCH 4:
VALIDATION
valid epoch balanced_accuracy: 0.606101
EPOCH 5:
VALIDATION
valid epoch balanced_accuracy: 0.567639
EPOCH 6:
VALIDATION
valid epoch balanced_accuracy: 0.596817
EPOCH 7:
VALIDATION
valid epoch balanced_accuracy: 0.631300
EPOCH 8:
VALIDATION
valid epoch balanced_accuracy: 0.592838
EPOCH 9:
VALIDATION
valid epoch balanced_accuracy: 0.616048
EPOCH 10:
VALIDATION
valid epoch balanced_accuracy: 0.658488
EPOCH 11:
VALIDATION
valid epoch balanced_accuracy: 0.635279
EPOCH 12:
VALIDATION
valid epoch balanced_accuracy: 0.736737
EPOCH 13:
VALIDATION
valid epoch balanced_accuracy: 0.712202
EPOCH 14:
VALIDATION
valid epoch balanced_accuracy: 0.721485
EPOCH 15:
VALIDATION
valid epoch balanced_accuracy: 0.727454
EPOCH 16:
VALIDATION
valid epoch balanced_accuracy: 0.555040
EPOCH 17:
VALIDATION
valid epoch balanced_accuracy: 0.625995
EPOCH 18:
VALIDATION
valid epoch balanced_accuracy: 0.692971
EPOCH 19:
VALIDATION
valid epoch balanced_accuracy: 0.518568
EPOCH 20:
VALIDATION
valid epoch balanced_accuracy: 0.522546
EPOCH 21:
VALIDATION
valid epoch balanced_accuracy: 0.643236
EPOCH 22:
VALIDATION
valid epoch balanced_accuracy: 0.539788
EPOCH 23:
VALIDATION
valid epoch balanced_accuracy: 0.541777
EPOCH 24:
VALIDATION
valid epoch balanced_accuracy: 0.744695
EPOCH 25:
VALIDATION
valid epoch balanced_accuracy: 0.744695
EPOCH 26:
VALIDATION
valid epoch balanced_accuracy: 0.574271
EPOCH 27:
VALIDATION
valid epoch balanced_accuracy: 0.520557
EPOCH 28:
VALIDATION
valid epoch balanced_accuracy: 0.625995
EPOCH 29:
VALIDATION
valid epoch balanced_accuracy: 0.608753
EPOCH 30:
VALIDATION
valid epoch balanced_accuracy: 0.688992
EPOCH 31:
VALIDATION
valid epoch balanced_accuracy: 0.649204
EPOCH 32:
VALIDATION
valid epoch balanced_accuracy: 0.710212
EPOCH 33:
VALIDATION
valid epoch balanced_accuracy: 0.541777
EPOCH 34:
VALIDATION
valid epoch balanced_accuracy: 0.690981
EPOCH 35:
VALIDATION
valid epoch balanced_accuracy: 0.606764
EPOCH 36:
VALIDATION
valid epoch balanced_accuracy: 0.627984
EPOCH 37:
VALIDATION
valid epoch balanced_accuracy: 0.591512
EPOCH 38:
VALIDATION
valid epoch balanced_accuracy: 0.559019
EPOCH 39:
VALIDATION
valid epoch balanced_accuracy: 0.612069
EPOCH 40:
VALIDATION
valid epoch balanced_accuracy: 0.635279
EPOCH 41:
VALIDATION
valid epoch balanced_accuracy: 0.606764
EPOCH 42:
VALIDATION
valid epoch balanced_accuracy: 0.688992
EPOCH 43:
VALIDATION
valid epoch balanced_accuracy: 0.654509
EPOCH 44:
VALIDATION
valid epoch balanced_accuracy: 0.690981
EPOCH 45:
VALIDATION
valid epoch balanced_accuracy: 0.602785
EPOCH 46:
VALIDATION
valid epoch balanced_accuracy: 0.635279
EPOCH 47:
VALIDATION
valid epoch balanced_accuracy: 0.650531
EPOCH 48:
VALIDATION
valid epoch balanced_accuracy: 0.596817
EPOCH 49:
VALIDATION
valid epoch balanced_accuracy: 0.716180
EPOCH 50:
VALIDATION
valid epoch balanced_accuracy: 0.679708
EPOCH 51:
VALIDATION
valid epoch balanced_accuracy: 0.541777
EPOCH 52:
VALIDATION
valid epoch balanced_accuracy: 0.714191
EPOCH 53:
VALIDATION
valid epoch balanced_accuracy: 0.625995
EPOCH 54:
VALIDATION
valid epoch balanced_accuracy: 0.679708
EPOCH 55:
VALIDATION
valid epoch balanced_accuracy: 0.733422
EPOCH 56:
VALIDATION
valid epoch balanced_accuracy: 0.716180
EPOCH 57:
VALIDATION
valid epoch balanced_accuracy: 0.727454
EPOCH 58:
VALIDATION
valid epoch balanced_accuracy: 0.737401
EPOCH 59:
VALIDATION
valid epoch balanced_accuracy: 0.712202
EPOCH 60:
VALIDATION
valid epoch balanced_accuracy: 0.752653
EPOCH 61:
VALIDATION
valid epoch balanced_accuracy: 0.750663
EPOCH 62:
VALIDATION
valid epoch balanced_accuracy: 0.688992
EPOCH 63:
VALIDATION
valid epoch balanced_accuracy: 0.673740
EPOCH 64:
VALIDATION
valid epoch balanced_accuracy: 0.692971
EPOCH 65:
VALIDATION
valid epoch balanced_accuracy: 0.692971
EPOCH 66:
VALIDATION
valid epoch balanced_accuracy: 0.606764
EPOCH 67:
VALIDATION
valid epoch balanced_accuracy: 0.718170
EPOCH 68:
VALIDATION
valid epoch balanced_accuracy: 0.731432
EPOCH 69:
VALIDATION
valid epoch balanced_accuracy: 0.710212
EPOCH 70:
VALIDATION
valid epoch balanced_accuracy: 0.714191
EPOCH 71:
VALIDATION
valid epoch balanced_accuracy: 0.675729
EPOCH 72:
VALIDATION
valid epoch balanced_accuracy: 0.692971
EPOCH 73:
VALIDATION
valid epoch balanced_accuracy: 0.729443
EPOCH 74:
VALIDATION
valid epoch balanced_accuracy: 0.639257
EPOCH 75:
VALIDATION
valid epoch balanced_accuracy: 0.710212
EPOCH 76:
VALIDATION
valid epoch balanced_accuracy: 0.765915
EPOCH 77:
VALIDATION
valid epoch balanced_accuracy: 0.673740
EPOCH 78:
VALIDATION
valid epoch balanced_accuracy: 0.712202
EPOCH 79:
VALIDATION
valid epoch balanced_accuracy: 0.727454
EPOCH 80:
VALIDATION
valid epoch balanced_accuracy: 0.746684
EPOCH 81:
VALIDATION
valid epoch balanced_accuracy: 0.692971
EPOCH 82:
VALIDATION
valid epoch balanced_accuracy: 0.712202
EPOCH 83:
VALIDATION
valid epoch balanced_accuracy: 0.712202
EPOCH 84:
VALIDATION
valid epoch balanced_accuracy: 0.712202
EPOCH 85:
VALIDATION
valid epoch balanced_accuracy: 0.692971
EPOCH 86:
VALIDATION
valid epoch balanced_accuracy: 0.673740
EPOCH 87:
VALIDATION
valid epoch balanced_accuracy: 0.712202
EPOCH 88:
VALIDATION
valid epoch balanced_accuracy: 0.692971
EPOCH 89:
VALIDATION
valid epoch balanced_accuracy: 0.712202
EPOCH 90:
VALIDATION
valid epoch balanced_accuracy: 0.721485
EPOCH 91:
VALIDATION
valid epoch balanced_accuracy: 0.729443
EPOCH 92:
VALIDATION
valid epoch balanced_accuracy: 0.719496
EPOCH 93:
VALIDATION
valid epoch balanced_accuracy: 0.708223
EPOCH 94:
VALIDATION
valid epoch balanced_accuracy: 0.708223
EPOCH 95:
VALIDATION
valid epoch balanced_accuracy: 0.690981
EPOCH 96:
VALIDATION
valid epoch balanced_accuracy: 0.656499
EPOCH 97:
VALIDATION
valid epoch balanced_accuracy: 0.742706
EPOCH 98:
VALIDATION
valid epoch balanced_accuracy: 0.748674
EPOCH 99:
VALIDATION
valid epoch balanced_accuracy: 0.763926
EPOCH 100:
VALIDATION
valid epoch balanced_accuracy: 0.712202
EPOCH 101:
VALIDATION
valid epoch balanced_accuracy: 0.729443
EPOCH 102:
VALIDATION
valid epoch balanced_accuracy: 0.761936
EPOCH 103:
VALIDATION
valid epoch balanced_accuracy: 0.690981
EPOCH 104:
VALIDATION
valid epoch balanced_accuracy: 0.731432
EPOCH 105:
VALIDATION
valid epoch balanced_accuracy: 0.692971
EPOCH 106:
VALIDATION
valid epoch balanced_accuracy: 0.690981
EPOCH 107:
VALIDATION
valid epoch balanced_accuracy: 0.723475
EPOCH 108:
VALIDATION
valid epoch balanced_accuracy: 0.742706
EPOCH 109:
VALIDATION
valid epoch balanced_accuracy: 0.673740
EPOCH 110:
VALIDATION
valid epoch balanced_accuracy: 0.694960
EPOCH 111:
VALIDATION
valid epoch balanced_accuracy: 0.742706
EPOCH 112:
VALIDATION
valid epoch balanced_accuracy: 0.744695
EPOCH 113:
VALIDATION
valid epoch balanced_accuracy: 0.598806
EPOCH 114:
VALIDATION
valid epoch balanced_accuracy: 0.729443
EPOCH 115:
VALIDATION
valid epoch balanced_accuracy: 0.729443
EPOCH 116:
VALIDATION
valid epoch balanced_accuracy: 0.729443
EPOCH 117:
VALIDATION
valid epoch balanced_accuracy: 0.781167
EPOCH 118:
VALIDATION
valid epoch balanced_accuracy: 0.671751
EPOCH 119:
VALIDATION
valid epoch balanced_accuracy: 0.785146
EPOCH 120:
VALIDATION
valid epoch balanced_accuracy: 0.654509
EPOCH 121:
VALIDATION
valid epoch balanced_accuracy: 0.761936
EPOCH 122:
VALIDATION
valid epoch balanced_accuracy: 0.710212
EPOCH 123:
VALIDATION
valid epoch balanced_accuracy: 0.656499
EPOCH 124:
VALIDATION
valid epoch balanced_accuracy: 0.692971
EPOCH 125:
VALIDATION
valid epoch balanced_accuracy: 0.690981
EPOCH 126:
VALIDATION
valid epoch balanced_accuracy: 0.712202
EPOCH 127:
VALIDATION
valid epoch balanced_accuracy: 0.675729
EPOCH 128:
VALIDATION
valid epoch balanced_accuracy: 0.763926
EPOCH 129:
VALIDATION
valid epoch balanced_accuracy: 0.704244
EPOCH 130:
VALIDATION
valid epoch balanced_accuracy: 0.690981
EPOCH 131:
VALIDATION
valid epoch balanced_accuracy: 0.694960
EPOCH 132:
VALIDATION
valid epoch balanced_accuracy: 0.727454
EPOCH 133:
VALIDATION
valid epoch balanced_accuracy: 0.763926
EPOCH 134:
VALIDATION
valid epoch balanced_accuracy: 0.781167
EPOCH 135:
VALIDATION
valid epoch balanced_accuracy: 0.765915
EPOCH 136:
VALIDATION
valid epoch balanced_accuracy: 0.729443
EPOCH 137:
VALIDATION
valid epoch balanced_accuracy: 0.725464
EPOCH 138:
VALIDATION
valid epoch balanced_accuracy: 0.690981
EPOCH 139:
VALIDATION
valid epoch balanced_accuracy: 0.727454
EPOCH 140:
VALIDATION
valid epoch balanced_accuracy: 0.742706
EPOCH 141:
VALIDATION
valid epoch balanced_accuracy: 0.631300
EPOCH 142:
VALIDATION
valid epoch balanced_accuracy: 0.750663
EPOCH 143:
VALIDATION
valid epoch balanced_accuracy: 0.727454
EPOCH 144:
VALIDATION
valid epoch balanced_accuracy: 0.712202
EPOCH 145:
VALIDATION
valid epoch balanced_accuracy: 0.708223
EPOCH 146:
VALIDATION
valid epoch balanced_accuracy: 0.677719
EPOCH 147:
VALIDATION
valid epoch balanced_accuracy: 0.639257
EPOCH 148:
VALIDATION
valid epoch balanced_accuracy: 0.712202
EPOCH 149:
VALIDATION
valid epoch balanced_accuracy: 0.712202
EPOCH 150:
VALIDATION
valid epoch balanced_accuracy: 0.733422
accuracy: 0.727273
sensitivity: 0.730769
precision: 0.703704
specificity: 0.724138
IoU: 0.558824
FAR: 0.275862
F1: 0.716981
balanced_accuracy: 0.727454
loss: 1.303065
