
number of parameters : 1075406
train : (974, 12)
valid : (180, 12)
test : (180, 12)
class weights : [1.1540284156799316, 0.8822463750839233]
data extracted
EPOCH 1:
VALIDATION
valid epoch balanced_accuracy: 0.612381
EPOCH 2:
VALIDATION
valid epoch balanced_accuracy: 0.580000
EPOCH 3:
VALIDATION
valid epoch balanced_accuracy: 0.572381
EPOCH 4:
VALIDATION
valid epoch balanced_accuracy: 0.593333
EPOCH 5:
VALIDATION
valid epoch balanced_accuracy: 0.625714
EPOCH 6:
VALIDATION
valid epoch balanced_accuracy: 0.556190
EPOCH 7:
VALIDATION
valid epoch balanced_accuracy: 0.600000
EPOCH 8:
VALIDATION
valid epoch balanced_accuracy: 0.619048
EPOCH 9:
VALIDATION
valid epoch balanced_accuracy: 0.628571
EPOCH 10:
VALIDATION
valid epoch balanced_accuracy: 0.604762
EPOCH 11:
VALIDATION
valid epoch balanced_accuracy: 0.561905
EPOCH 12:
VALIDATION
valid epoch balanced_accuracy: 0.562857
EPOCH 13:
VALIDATION
valid epoch balanced_accuracy: 0.598095
EPOCH 14:
VALIDATION
valid epoch balanced_accuracy: 0.540000
EPOCH 15:
VALIDATION
valid epoch balanced_accuracy: 0.553333
EPOCH 16:
VALIDATION
valid epoch balanced_accuracy: 0.623810
EPOCH 17:
VALIDATION
valid epoch balanced_accuracy: 0.488571
EPOCH 18:
VALIDATION
valid epoch balanced_accuracy: 0.561905
EPOCH 19:
VALIDATION
valid epoch balanced_accuracy: 0.604762
EPOCH 20:
VALIDATION
valid epoch balanced_accuracy: 0.633333
EPOCH 21:
VALIDATION
valid epoch balanced_accuracy: 0.611429
EPOCH 22:
VALIDATION
valid epoch balanced_accuracy: 0.569524
EPOCH 23:
VALIDATION
valid epoch balanced_accuracy: 0.589524
EPOCH 24:
VALIDATION
valid epoch balanced_accuracy: 0.557143
EPOCH 25:
VALIDATION
valid epoch balanced_accuracy: 0.470476
EPOCH 26:
VALIDATION
valid epoch balanced_accuracy: 0.565714
EPOCH 27:
VALIDATION
valid epoch balanced_accuracy: 0.576190
EPOCH 28:
VALIDATION
valid epoch balanced_accuracy: 0.535238
EPOCH 29:
VALIDATION
valid epoch balanced_accuracy: 0.521905
EPOCH 30:
VALIDATION
valid epoch balanced_accuracy: 0.560952
EPOCH 31:
VALIDATION
valid epoch balanced_accuracy: 0.575238
EPOCH 32:
VALIDATION
valid epoch balanced_accuracy: 0.490476
EPOCH 33:
VALIDATION
valid epoch balanced_accuracy: 0.491429
EPOCH 34:
VALIDATION
valid epoch balanced_accuracy: 0.433333
EPOCH 35:
VALIDATION
valid epoch balanced_accuracy: 0.474286
EPOCH 36:
VALIDATION
valid epoch balanced_accuracy: 0.571429
EPOCH 37:
VALIDATION
valid epoch balanced_accuracy: 0.550476
EPOCH 38:
VALIDATION
valid epoch balanced_accuracy: 0.488571
EPOCH 39:
VALIDATION
valid epoch balanced_accuracy: 0.547619
EPOCH 40:
VALIDATION
valid epoch balanced_accuracy: 0.510476
EPOCH 41:
VALIDATION
valid epoch balanced_accuracy: 0.488571
EPOCH 42:
VALIDATION
valid epoch balanced_accuracy: 0.521905
EPOCH 43:
VALIDATION
valid epoch balanced_accuracy: 0.553333
EPOCH 44:
VALIDATION
valid epoch balanced_accuracy: 0.545714
EPOCH 45:
VALIDATION
valid epoch balanced_accuracy: 0.562857
EPOCH 46:
VALIDATION
valid epoch balanced_accuracy: 0.446667
EPOCH 47:
VALIDATION
valid epoch balanced_accuracy: 0.595238
EPOCH 48:
VALIDATION
valid epoch balanced_accuracy: 0.501905
EPOCH 49:
VALIDATION
valid epoch balanced_accuracy: 0.534286
EPOCH 50:
VALIDATION
valid epoch balanced_accuracy: 0.503810
EPOCH 51:
VALIDATION
valid epoch balanced_accuracy: 0.471429
EPOCH 52:
VALIDATION
valid epoch balanced_accuracy: 0.454286
EPOCH 53:
VALIDATION
valid epoch balanced_accuracy: 0.504762
EPOCH 54:
VALIDATION
valid epoch balanced_accuracy: 0.487619
EPOCH 55:
VALIDATION
valid epoch balanced_accuracy: 0.520952
EPOCH 56:
VALIDATION
valid epoch balanced_accuracy: 0.520952
EPOCH 57:
VALIDATION
valid epoch balanced_accuracy: 0.513333
EPOCH 58:
VALIDATION
valid epoch balanced_accuracy: 0.471429
EPOCH 59:
VALIDATION
valid epoch balanced_accuracy: 0.515238
EPOCH 60:
VALIDATION
valid epoch balanced_accuracy: 0.504762
EPOCH 61:
VALIDATION
valid epoch balanced_accuracy: 0.500000
EARLY STOPPING: rolling validation balanced accuracy did not improve for 60 epochs and validation loss increased over the same window.
accuracy: 0.550000
sensitivity: 0.737374
precision: 0.570312
specificity: 0.320988
IoU: 0.474026
FAR: 0.679012
F1: 0.643172
balanced_accuracy: 0.529181
loss: 0.700129
