Waiting for exclusive access to GPU GPU-22cd2240-8dba-e9e1-0c24-d655222e9df8.
=== GROUP: CRAL-TRIO | VARIANT: dropout01 | SEED: 1 | FINAL_DROPOUT: 0.1 | WEIGHT_DECAY: 1e-5 | GPU: Tesla V100-SXM2-32GB ===

number of parameters : 1075406
train : (974, 12)
valid : (180, 12)
test : (180, 12)
class weights : [1.1540284156799316, 0.8822463750839233]
data extracted
EPOCH 1:
VALIDATION
valid epoch balanced_accuracy: 0.533333
EPOCH 2:
VALIDATION
valid epoch balanced_accuracy: 0.540952
EPOCH 3:
VALIDATION
valid epoch balanced_accuracy: 0.388571
EPOCH 4:
VALIDATION
valid epoch balanced_accuracy: 0.620000
EPOCH 5:
VALIDATION
valid epoch balanced_accuracy: 0.632381
EPOCH 6:
VALIDATION
valid epoch balanced_accuracy: 0.566667
EPOCH 7:
VALIDATION
valid epoch balanced_accuracy: 0.564762
EPOCH 8:
VALIDATION
valid epoch balanced_accuracy: 0.609524
EPOCH 9:
VALIDATION
valid epoch balanced_accuracy: 0.662857
EPOCH 10:
VALIDATION
valid epoch balanced_accuracy: 0.611429
EPOCH 11:
VALIDATION
valid epoch balanced_accuracy: 0.587619
EPOCH 12:
VALIDATION
valid epoch balanced_accuracy: 0.660000
EPOCH 13:
VALIDATION
valid epoch balanced_accuracy: 0.615238
EPOCH 14:
VALIDATION
valid epoch balanced_accuracy: 0.539048
EPOCH 15:
VALIDATION
valid epoch balanced_accuracy: 0.605714
EPOCH 16:
VALIDATION
valid epoch balanced_accuracy: 0.528571
EPOCH 17:
VALIDATION
valid epoch balanced_accuracy: 0.429524
EPOCH 18:
VALIDATION
valid epoch balanced_accuracy: 0.446667
EPOCH 19:
VALIDATION
valid epoch balanced_accuracy: 0.469524
EPOCH 20:
VALIDATION
valid epoch balanced_accuracy: 0.602857
EPOCH 21:
VALIDATION
valid epoch balanced_accuracy: 0.449524
EPOCH 22:
VALIDATION
valid epoch balanced_accuracy: 0.491429
EPOCH 23:
VALIDATION
valid epoch balanced_accuracy: 0.519048
EPOCH 24:
VALIDATION
valid epoch balanced_accuracy: 0.499048
EPOCH 25:
VALIDATION
valid epoch balanced_accuracy: 0.584762
EPOCH 26:
VALIDATION
valid epoch balanced_accuracy: 0.482857
EPOCH 27:
VALIDATION
valid epoch balanced_accuracy: 0.480000
EPOCH 28:
VALIDATION
valid epoch balanced_accuracy: 0.480000
EPOCH 29:
VALIDATION
valid epoch balanced_accuracy: 0.506667
EPOCH 30:
VALIDATION
valid epoch balanced_accuracy: 0.538095
EPOCH 31:
VALIDATION
valid epoch balanced_accuracy: 0.529524
EPOCH 32:
VALIDATION
valid epoch balanced_accuracy: 0.541905
EPOCH 33:
VALIDATION
valid epoch balanced_accuracy: 0.549524
EPOCH 34:
VALIDATION
valid epoch balanced_accuracy: 0.446667
EPOCH 35:
VALIDATION
valid epoch balanced_accuracy: 0.516190
EPOCH 36:
VALIDATION
valid epoch balanced_accuracy: 0.568571
EPOCH 37:
VALIDATION
valid epoch balanced_accuracy: 0.495238
EPOCH 38:
VALIDATION
valid epoch balanced_accuracy: 0.465714
EPOCH 39:
VALIDATION
valid epoch balanced_accuracy: 0.492381
EPOCH 40:
VALIDATION
valid epoch balanced_accuracy: 0.431429
EPOCH 41:
VALIDATION
valid epoch balanced_accuracy: 0.535238
EPOCH 42:
VALIDATION
valid epoch balanced_accuracy: 0.506667
EPOCH 43:
VALIDATION
valid epoch balanced_accuracy: 0.449524
EPOCH 44:
VALIDATION
valid epoch balanced_accuracy: 0.466667
EPOCH 45:
VALIDATION
valid epoch balanced_accuracy: 0.560000
EPOCH 46:
VALIDATION
valid epoch balanced_accuracy: 0.502857
EPOCH 47:
VALIDATION
valid epoch balanced_accuracy: 0.433333
EPOCH 48:
VALIDATION
valid epoch balanced_accuracy: 0.467619
EPOCH 49:
VALIDATION
valid epoch balanced_accuracy: 0.482857
EPOCH 50:
VALIDATION
valid epoch balanced_accuracy: 0.458095
EPOCH 51:
VALIDATION
valid epoch balanced_accuracy: 0.382857
EPOCH 52:
VALIDATION
valid epoch balanced_accuracy: 0.480952
EPOCH 53:
VALIDATION
valid epoch balanced_accuracy: 0.534286
EPOCH 54:
VALIDATION
valid epoch balanced_accuracy: 0.409524
EPOCH 55:
VALIDATION
valid epoch balanced_accuracy: 0.469524
EPOCH 56:
VALIDATION
valid epoch balanced_accuracy: 0.578095
EPOCH 57:
VALIDATION
valid epoch balanced_accuracy: 0.484762
EPOCH 58:
VALIDATION
valid epoch balanced_accuracy: 0.505714
EPOCH 59:
VALIDATION
valid epoch balanced_accuracy: 0.426667
EPOCH 60:
VALIDATION
valid epoch balanced_accuracy: 0.481905
EPOCH 61:
VALIDATION
valid epoch balanced_accuracy: 0.454286
EPOCH 62:
VALIDATION
valid epoch balanced_accuracy: 0.476190
EPOCH 63:
VALIDATION
valid epoch balanced_accuracy: 0.423810
EPOCH 64:
VALIDATION
valid epoch balanced_accuracy: 0.491429
EPOCH 65:
VALIDATION
valid epoch balanced_accuracy: 0.502857
EPOCH 66:
VALIDATION
valid epoch balanced_accuracy: 0.413333
EPOCH 67:
VALIDATION
valid epoch balanced_accuracy: 0.453333
EPOCH 68:
VALIDATION
valid epoch balanced_accuracy: 0.457143
EPOCH 69:
VALIDATION
valid epoch balanced_accuracy: 0.431429
EPOCH 70:
VALIDATION
valid epoch balanced_accuracy: 0.440952
EPOCH 71:
VALIDATION
valid epoch balanced_accuracy: 0.489524
EPOCH 72:
VALIDATION
valid epoch balanced_accuracy: 0.353333
EPOCH 73:
VALIDATION
valid epoch balanced_accuracy: 0.448571
EARLY STOPPING: rolling validation balanced accuracy did not improve for 60 epochs and validation loss increased over the same window.
accuracy: 0.600000
sensitivity: 0.656566
precision: 0.631068
specificity: 0.530864
IoU: 0.474453
FAR: 0.469136
F1: 0.643564
balanced_accuracy: 0.593715
loss: 0.732413
