Waiting for exclusive access to GPU GPU-1f970a8d-5ea1-9387-78d9-ee2cd6dc4bab.
=== GROUP: GLTP | VARIANT: nps3mlp_dpt01_gem_pool_lrsched_cpw8 | SEED: 2 | GPU: Tesla V100-SXM2-32GB ===

number of parameters : 1403984
train : (1210, 12)
valid : (60, 12)
test : (61, 12)
class weights : [1.1308411359786987, 0.8962963223457336]
data extracted
EPOCH 1:
VALIDATION
valid epoch balanced_accuracy: 0.500000
EPOCH 2:
VALIDATION
valid epoch balanced_accuracy: 0.353659
EPOCH 3:
VALIDATION
valid epoch balanced_accuracy: 0.200899
/home/kalinina/.conda/envs/Kalinin_project_LP/lib/python3.10/site-packages/torch/optim/lr_scheduler.py:243: UserWarning: The epoch parameter in `scheduler.step()` was not necessary and is being deprecated where possible. Please use `scheduler.step()` to step the scheduler. During the deprecation, if epoch is different from None, the closed form is used instead of the new chainable form, where available. Please open an issue if you are unable to replicate your use case: https://github.com/pytorch/pytorch/issues/new/choose.
  warnings.warn(EPOCH_DEPRECATION_WARNING, UserWarning)
EPOCH 4:
VALIDATION
valid epoch balanced_accuracy: 0.136072
EPOCH 5:
VALIDATION
valid epoch balanced_accuracy: 0.148267
EPOCH 6:
VALIDATION
valid epoch balanced_accuracy: 0.160462
EPOCH 7:
VALIDATION
valid epoch balanced_accuracy: 0.178434
EPOCH 8:
VALIDATION
valid epoch balanced_accuracy: 0.099487
EPOCH 9:
VALIDATION
valid epoch balanced_accuracy: 0.087291
EPOCH 10:
VALIDATION
valid epoch balanced_accuracy: 0.194480
EPOCH 11:
VALIDATION
valid epoch balanced_accuracy: 0.184211
EPOCH 12:
VALIDATION
valid epoch balanced_accuracy: 0.234917
EPOCH 13:
VALIDATION
valid epoch balanced_accuracy: 0.180359
EPOCH 14:
VALIDATION
valid epoch balanced_accuracy: 0.180359
EPOCH 15:
VALIDATION
valid epoch balanced_accuracy: 0.155969
EPOCH 16:
VALIDATION
valid epoch balanced_accuracy: 0.236842
EPOCH 17:
VALIDATION
valid epoch balanced_accuracy: 0.143774
EPOCH 18:
VALIDATION
valid epoch balanced_accuracy: 0.129653
EPOCH 19:
VALIDATION
valid epoch balanced_accuracy: 0.155969
EPOCH 20:
VALIDATION
valid epoch balanced_accuracy: 0.313864
EPOCH 21:
VALIDATION
valid epoch balanced_accuracy: 0.210526
EPOCH 22:
VALIDATION
valid epoch balanced_accuracy: 0.236842
EPOCH 23:
VALIDATION
valid epoch balanced_accuracy: 0.340180
EPOCH 24:
VALIDATION
valid epoch balanced_accuracy: 0.236842
EPOCH 25:
VALIDATION
valid epoch balanced_accuracy: 0.236842
EPOCH 26:
VALIDATION
valid epoch balanced_accuracy: 0.352375
EPOCH 27:
VALIDATION
valid epoch balanced_accuracy: 0.236842
EPOCH 28:
VALIDATION
valid epoch balanced_accuracy: 0.315789
EPOCH 29:
VALIDATION
valid epoch balanced_accuracy: 0.263158
EPOCH 30:
VALIDATION
valid epoch balanced_accuracy: 0.236842
EPOCH 31:
VALIDATION
valid epoch balanced_accuracy: 0.236842
EPOCH 32:
VALIDATION
valid epoch balanced_accuracy: 0.210526
EPOCH 33:
VALIDATION
valid epoch balanced_accuracy: 0.236842
EPOCH 34:
VALIDATION
valid epoch balanced_accuracy: 0.236842
EPOCH 35:
VALIDATION
valid epoch balanced_accuracy: 0.236842
EPOCH 36:
VALIDATION
valid epoch balanced_accuracy: 0.261232
EPOCH 37:
VALIDATION
valid epoch balanced_accuracy: 0.236842
EPOCH 38:
VALIDATION
valid epoch balanced_accuracy: 0.236842
EPOCH 39:
VALIDATION
valid epoch balanced_accuracy: 0.273427
EPOCH 40:
VALIDATION
valid epoch balanced_accuracy: 0.117458
EPOCH 41:
VALIDATION
valid epoch balanced_accuracy: 0.273427
EPOCH 42:
VALIDATION
valid epoch balanced_accuracy: 0.236842
EPOCH 43:
VALIDATION
valid epoch balanced_accuracy: 0.263158
EPOCH 44:
VALIDATION
valid epoch balanced_accuracy: 0.236842
EPOCH 45:
VALIDATION
valid epoch balanced_accuracy: 0.289474
EPOCH 46:
VALIDATION
valid epoch balanced_accuracy: 0.261232
EPOCH 47:
VALIDATION
valid epoch balanced_accuracy: 0.236842
EPOCH 48:
VALIDATION
valid epoch balanced_accuracy: 0.263158
EPOCH 49:
VALIDATION
valid epoch balanced_accuracy: 0.210526
EPOCH 50:
VALIDATION
valid epoch balanced_accuracy: 0.289474
EPOCH 51:
VALIDATION
valid epoch balanced_accuracy: 0.263158
EPOCH 52:
VALIDATION
valid epoch balanced_accuracy: 0.210526
EPOCH 53:
VALIDATION
valid epoch balanced_accuracy: 0.236842
EPOCH 54:
VALIDATION
valid epoch balanced_accuracy: 0.289474
EPOCH 55:
VALIDATION
valid epoch balanced_accuracy: 0.236842
EPOCH 56:
VALIDATION
valid epoch balanced_accuracy: 0.236842
EPOCH 57:
VALIDATION
valid epoch balanced_accuracy: 0.184211
EPOCH 58:
VALIDATION
valid epoch balanced_accuracy: 0.263158
EPOCH 59:
VALIDATION
valid epoch balanced_accuracy: 0.210526
EPOCH 60:
VALIDATION
valid epoch balanced_accuracy: 0.263158
EPOCH 61:
VALIDATION
valid epoch balanced_accuracy: 0.275353
EPOCH 62:
VALIDATION
valid epoch balanced_accuracy: 0.220796
EPOCH 63:
VALIDATION
valid epoch balanced_accuracy: 0.236842
EPOCH 64:
VALIDATION
valid epoch balanced_accuracy: 0.263158
EPOCH 65:
VALIDATION
valid epoch balanced_accuracy: 0.263158
EPOCH 66:
VALIDATION
valid epoch balanced_accuracy: 0.342105
EPOCH 67:
VALIDATION
valid epoch balanced_accuracy: 0.236842
EPOCH 68:
VALIDATION
valid epoch balanced_accuracy: 0.263158
EPOCH 69:
VALIDATION
valid epoch balanced_accuracy: 0.263158
EPOCH 70:
VALIDATION
valid epoch balanced_accuracy: 0.263158
EPOCH 71:
VALIDATION
valid epoch balanced_accuracy: 0.184211
EPOCH 72:
VALIDATION
valid epoch balanced_accuracy: 0.315789
EPOCH 73:
VALIDATION
valid epoch balanced_accuracy: 0.263158
EPOCH 74:
VALIDATION
valid epoch balanced_accuracy: 0.184211
EPOCH 75:
VALIDATION
valid epoch balanced_accuracy: 0.263158
EPOCH 76:
VALIDATION
valid epoch balanced_accuracy: 0.184211
EPOCH 77:
VALIDATION
valid epoch balanced_accuracy: 0.263158
EPOCH 78:
VALIDATION
valid epoch balanced_accuracy: 0.157895
EPOCH 79:
VALIDATION
valid epoch balanced_accuracy: 0.210526
EPOCH 80:
VALIDATION
valid epoch balanced_accuracy: 0.263158
EPOCH 81:
VALIDATION
valid epoch balanced_accuracy: 0.315789
EPOCH 82:
VALIDATION
valid epoch balanced_accuracy: 0.263158
EPOCH 83:
VALIDATION
valid epoch balanced_accuracy: 0.184211
EPOCH 84:
VALIDATION
valid epoch balanced_accuracy: 0.263158
EPOCH 85:
VALIDATION
valid epoch balanced_accuracy: 0.263158
EPOCH 86:
VALIDATION
valid epoch balanced_accuracy: 0.210526
EPOCH 87:
VALIDATION
valid epoch balanced_accuracy: 0.315789
EPOCH 88:
VALIDATION
valid epoch balanced_accuracy: 0.289474
EPOCH 89:
VALIDATION
valid epoch balanced_accuracy: 0.184211
EPOCH 90:
VALIDATION
valid epoch balanced_accuracy: 0.236842
EPOCH 91:
VALIDATION
valid epoch balanced_accuracy: 0.289474
EPOCH 92:
VALIDATION
valid epoch balanced_accuracy: 0.263158
EPOCH 93:
VALIDATION
valid epoch balanced_accuracy: 0.210526
EPOCH 94:
VALIDATION
valid epoch balanced_accuracy: 0.263158
EPOCH 95:
VALIDATION
valid epoch balanced_accuracy: 0.289474
EPOCH 96:
VALIDATION
valid epoch balanced_accuracy: 0.289474
EPOCH 97:
VALIDATION
valid epoch balanced_accuracy: 0.289474
EPOCH 98:
VALIDATION
valid epoch balanced_accuracy: 0.263158
EPOCH 99:
VALIDATION
valid epoch balanced_accuracy: 0.263158
EPOCH 100:
VALIDATION
valid epoch balanced_accuracy: 0.263158
EPOCH 101:
VALIDATION
valid epoch balanced_accuracy: 0.236842
EPOCH 102:
VALIDATION
valid epoch balanced_accuracy: 0.184211
EPOCH 103:
VALIDATION
valid epoch balanced_accuracy: 0.210526
EPOCH 104:
VALIDATION
valid epoch balanced_accuracy: 0.236842
EPOCH 105:
VALIDATION
valid epoch balanced_accuracy: 0.236842
EPOCH 106:
VALIDATION
valid epoch balanced_accuracy: 0.236842
EPOCH 107:
VALIDATION
valid epoch balanced_accuracy: 0.263158
EPOCH 108:
VALIDATION
valid epoch balanced_accuracy: 0.263158
EPOCH 109:
VALIDATION
valid epoch balanced_accuracy: 0.289474
EPOCH 110:
VALIDATION
valid epoch balanced_accuracy: 0.210526
EPOCH 111:
VALIDATION
valid epoch balanced_accuracy: 0.210526
EPOCH 112:
VALIDATION
valid epoch balanced_accuracy: 0.210526
EPOCH 113:
VALIDATION
valid epoch balanced_accuracy: 0.210526
EPOCH 114:
VALIDATION
valid epoch balanced_accuracy: 0.289474
EPOCH 115:
VALIDATION
valid epoch balanced_accuracy: 0.236842
EPOCH 116:
VALIDATION
valid epoch balanced_accuracy: 0.236842
EPOCH 117:
VALIDATION
valid epoch balanced_accuracy: 0.210526
EPOCH 118:
VALIDATION
valid epoch balanced_accuracy: 0.210526
EPOCH 119:
VALIDATION
valid epoch balanced_accuracy: 0.210526
EPOCH 120:
VALIDATION
valid epoch balanced_accuracy: 0.210526
EPOCH 121:
VALIDATION
valid epoch balanced_accuracy: 0.210526
EPOCH 122:
VALIDATION
valid epoch balanced_accuracy: 0.210526
EPOCH 123:
VALIDATION
valid epoch balanced_accuracy: 0.263158
EPOCH 124:
VALIDATION
valid epoch balanced_accuracy: 0.236842
EPOCH 125:
VALIDATION
valid epoch balanced_accuracy: 0.210526
EPOCH 126:
VALIDATION
valid epoch balanced_accuracy: 0.210526
EPOCH 127:
VALIDATION
valid epoch balanced_accuracy: 0.210526
EPOCH 128:
VALIDATION
valid epoch balanced_accuracy: 0.236842
EPOCH 129:
VALIDATION
valid epoch balanced_accuracy: 0.210526
EPOCH 130:
VALIDATION
valid epoch balanced_accuracy: 0.210526
EPOCH 131:
VALIDATION
valid epoch balanced_accuracy: 0.263158
EPOCH 132:
VALIDATION
valid epoch balanced_accuracy: 0.210526
EPOCH 133:
VALIDATION
valid epoch balanced_accuracy: 0.210526
EPOCH 134:
VALIDATION
valid epoch balanced_accuracy: 0.210526
EPOCH 135:
VALIDATION
valid epoch balanced_accuracy: 0.210526
EPOCH 136:
VALIDATION
valid epoch balanced_accuracy: 0.210526
EPOCH 137:
VALIDATION
valid epoch balanced_accuracy: 0.210526
EPOCH 138:
VALIDATION
valid epoch balanced_accuracy: 0.210526
EPOCH 139:
VALIDATION
valid epoch balanced_accuracy: 0.210526
EPOCH 140:
VALIDATION
valid epoch balanced_accuracy: 0.210526
EPOCH 141:
VALIDATION
valid epoch balanced_accuracy: 0.210526
EPOCH 142:
VALIDATION
valid epoch balanced_accuracy: 0.210526
EPOCH 143:
VALIDATION
valid epoch balanced_accuracy: 0.263158
EPOCH 144:
VALIDATION
valid epoch balanced_accuracy: 0.210526
EPOCH 145:
VALIDATION
valid epoch balanced_accuracy: 0.289474
EPOCH 146:
VALIDATION
valid epoch balanced_accuracy: 0.210526
EPOCH 147:
VALIDATION
valid epoch balanced_accuracy: 0.210526
EPOCH 148:
VALIDATION
valid epoch balanced_accuracy: 0.263158
EPOCH 149:
VALIDATION
valid epoch balanced_accuracy: 0.210526
EPOCH 150:
VALIDATION
valid epoch balanced_accuracy: 0.210526
accuracy: 0.655738
sensitivity: 1.000000
precision: 0.655738
specificity: 0.000000
IoU: 0.655738
FAR: 1.000000
F1: 0.792079
balanced_accuracy: 0.500000
loss: 0.685805
