
number of parameters : 1075406
train : (1207, 12)
valid : (62, 12)
test : (62, 12)
PU rho : 0.300000
class weights : disabled
data extracted
EPOCH 1:
VALIDATION
valid epoch balanced_accuracy: 0.484848
EPOCH 2:
VALIDATION
valid epoch balanced_accuracy: 0.542842
EPOCH 3:
VALIDATION
valid epoch balanced_accuracy: 0.649948
EPOCH 4:
VALIDATION
valid epoch balanced_accuracy: 0.580982
EPOCH 5:
VALIDATION
valid epoch balanced_accuracy: 0.492685
EPOCH 6:
VALIDATION
valid epoch balanced_accuracy: 0.540752
EPOCH 7:
VALIDATION
valid epoch balanced_accuracy: 0.484326
EPOCH 8:
VALIDATION
valid epoch balanced_accuracy: 0.497388
EPOCH 9:
VALIDATION
valid epoch balanced_accuracy: 0.486938
EPOCH 10:
VALIDATION
valid epoch balanced_accuracy: 0.514107
EPOCH 11:
VALIDATION
valid epoch balanced_accuracy: 0.480146
EPOCH 12:
VALIDATION
valid epoch balanced_accuracy: 0.447231
EPOCH 13:
VALIDATION
valid epoch balanced_accuracy: 0.402299
EPOCH 14:
VALIDATION
valid epoch balanced_accuracy: 0.527168
EPOCH 15:
VALIDATION
valid epoch balanced_accuracy: 0.516196
EPOCH 16:
VALIDATION
valid epoch balanced_accuracy: 0.412748
EPOCH 17:
VALIDATION
valid epoch balanced_accuracy: 0.514107
EPOCH 18:
VALIDATION
valid epoch balanced_accuracy: 0.493208
EPOCH 19:
VALIDATION
valid epoch balanced_accuracy: 0.633229
EPOCH 20:
VALIDATION
valid epoch balanced_accuracy: 0.478056
EPOCH 21:
VALIDATION
valid epoch balanced_accuracy: 0.598746
EPOCH 22:
VALIDATION
valid epoch balanced_accuracy: 0.456113
EPOCH 23:
VALIDATION
valid epoch balanced_accuracy: 0.471787
EPOCH 24:
VALIDATION
valid epoch balanced_accuracy: 0.456635
EPOCH 25:
VALIDATION
valid epoch balanced_accuracy: 0.609195
EPOCH 26:
VALIDATION
valid epoch balanced_accuracy: 0.531348
EPOCH 27:
VALIDATION
valid epoch balanced_accuracy: 0.611808
EPOCH 28:
VALIDATION
valid epoch balanced_accuracy: 0.492685
EPOCH 29:
VALIDATION
valid epoch balanced_accuracy: 0.504180
EPOCH 30:
VALIDATION
valid epoch balanced_accuracy: 0.475444
EPOCH 31:
VALIDATION
valid epoch balanced_accuracy: 0.436782
EPOCH 32:
VALIDATION
valid epoch balanced_accuracy: 0.600836
EPOCH 33:
VALIDATION
valid epoch balanced_accuracy: 0.438871
EPOCH 34:
VALIDATION
valid epoch balanced_accuracy: 0.490596
EPOCH 35:
VALIDATION
valid epoch balanced_accuracy: 0.575235
EPOCH 36:
VALIDATION
valid epoch balanced_accuracy: 0.522989
EPOCH 37:
VALIDATION
valid epoch balanced_accuracy: 0.473877
EPOCH 38:
VALIDATION
valid epoch balanced_accuracy: 0.602926
EPOCH 39:
VALIDATION
valid epoch balanced_accuracy: 0.587774
EPOCH 40:
VALIDATION
valid epoch balanced_accuracy: 0.583595
EPOCH 41:
VALIDATION
valid epoch balanced_accuracy: 0.517241
EPOCH 42:
VALIDATION
valid epoch balanced_accuracy: 0.481714
EPOCH 43:
VALIDATION
valid epoch balanced_accuracy: 0.538662
EPOCH 44:
VALIDATION
valid epoch balanced_accuracy: 0.676071
EPOCH 45:
VALIDATION
valid epoch balanced_accuracy: 0.533438
EPOCH 46:
VALIDATION
valid epoch balanced_accuracy: 0.629049
EPOCH 47:
VALIDATION
valid epoch balanced_accuracy: 0.613898
EPOCH 48:
VALIDATION
valid epoch balanced_accuracy: 0.519331
EPOCH 49:
VALIDATION
valid epoch balanced_accuracy: 0.596656
EPOCH 50:
VALIDATION
valid epoch balanced_accuracy: 0.562173
EPOCH 51:
VALIDATION
valid epoch balanced_accuracy: 0.556949
EPOCH 52:
VALIDATION
valid epoch balanced_accuracy: 0.594044
EPOCH 53:
VALIDATION
valid epoch balanced_accuracy: 0.617555
EPOCH 54:
VALIDATION
valid epoch balanced_accuracy: 0.570533
EPOCH 55:
VALIDATION
valid epoch balanced_accuracy: 0.587774
EPOCH 56:
VALIDATION
valid epoch balanced_accuracy: 0.602403
EPOCH 57:
VALIDATION
valid epoch balanced_accuracy: 0.504180
EPOCH 58:
VALIDATION
valid epoch balanced_accuracy: 0.605016
EPOCH 59:
VALIDATION
valid epoch balanced_accuracy: 0.594566
EPOCH 60:
VALIDATION
valid epoch balanced_accuracy: 0.617555
EPOCH 61:
VALIDATION
valid epoch balanced_accuracy: 0.572623
EPOCH 62:
VALIDATION
valid epoch balanced_accuracy: 0.615987
EPOCH 63:
VALIDATION
valid epoch balanced_accuracy: 0.527691
EPOCH 64:
VALIDATION
valid epoch balanced_accuracy: 0.548589
EPOCH 65:
VALIDATION
valid epoch balanced_accuracy: 0.607106
EPOCH 66:
VALIDATION
valid epoch balanced_accuracy: 0.544932
EPOCH 67:
VALIDATION
valid epoch balanced_accuracy: 0.608673
EPOCH 68:
VALIDATION
valid epoch balanced_accuracy: 0.766458
EPOCH 69:
VALIDATION
valid epoch balanced_accuracy: 0.473877
EPOCH 70:
VALIDATION
valid epoch balanced_accuracy: 0.632706
EPOCH 71:
VALIDATION
valid epoch balanced_accuracy: 0.567921
EPOCH 72:
VALIDATION
valid epoch balanced_accuracy: 0.557471
EPOCH 73:
VALIDATION
valid epoch balanced_accuracy: 0.556949
EPOCH 74:
VALIDATION
valid epoch balanced_accuracy: 0.578892
EPOCH 75:
VALIDATION
valid epoch balanced_accuracy: 0.502090
EPOCH 76:
VALIDATION
valid epoch balanced_accuracy: 0.600313
EPOCH 77:
VALIDATION
valid epoch balanced_accuracy: 0.612853
EPOCH 78:
VALIDATION
valid epoch balanced_accuracy: 0.506270
EPOCH 79:
VALIDATION
valid epoch balanced_accuracy: 0.652038
EPOCH 80:
VALIDATION
valid epoch balanced_accuracy: 0.509927
EPOCH 81:
VALIDATION
valid epoch balanced_accuracy: 0.520376
EPOCH 82:
VALIDATION
valid epoch balanced_accuracy: 0.626437
EPOCH 83:
VALIDATION
valid epoch balanced_accuracy: 0.509927
EPOCH 84:
VALIDATION
valid epoch balanced_accuracy: 0.555904
EPOCH 85:
VALIDATION
valid epoch balanced_accuracy: 0.491118
EPOCH 86:
VALIDATION
valid epoch balanced_accuracy: 0.501045
EPOCH 87:
VALIDATION
valid epoch balanced_accuracy: 0.589864
EPOCH 88:
VALIDATION
valid epoch balanced_accuracy: 0.500000
EPOCH 89:
VALIDATION
valid epoch balanced_accuracy: 0.518286
EPOCH 90:
VALIDATION
valid epoch balanced_accuracy: 0.626437
EPOCH 91:
VALIDATION
valid epoch balanced_accuracy: 0.589864
EPOCH 92:
VALIDATION
valid epoch balanced_accuracy: 0.645246
EPOCH 93:
VALIDATION
valid epoch balanced_accuracy: 0.498955
EPOCH 94:
VALIDATION
valid epoch balanced_accuracy: 0.531348
EPOCH 95:
VALIDATION
valid epoch balanced_accuracy: 0.591954
EPOCH 96:
VALIDATION
valid epoch balanced_accuracy: 0.537618
EPOCH 97:
VALIDATION
valid epoch balanced_accuracy: 0.557471
EPOCH 98:
VALIDATION
valid epoch balanced_accuracy: 0.551202
EPOCH 99:
VALIDATION
valid epoch balanced_accuracy: 0.576280
EPOCH 100:
VALIDATION
valid epoch balanced_accuracy: 0.572623
EPOCH 101:
VALIDATION
valid epoch balanced_accuracy: 0.451933
EPOCH 102:
VALIDATION
valid epoch balanced_accuracy: 0.615987
EPOCH 103:
VALIDATION
valid epoch balanced_accuracy: 0.704284
EPOCH 104:
VALIDATION
valid epoch balanced_accuracy: 0.585684
EPOCH 105:
VALIDATION
valid epoch balanced_accuracy: 0.585684
EPOCH 106:
VALIDATION
valid epoch balanced_accuracy: 0.617555
EPOCH 107:
VALIDATION
valid epoch balanced_accuracy: 0.568443
EPOCH 108:
VALIDATION
valid epoch balanced_accuracy: 0.617555
EPOCH 109:
VALIDATION
valid epoch balanced_accuracy: 0.589864
EPOCH 110:
VALIDATION
valid epoch balanced_accuracy: 0.643678
EPOCH 111:
VALIDATION
valid epoch balanced_accuracy: 0.522989
EPOCH 112:
VALIDATION
valid epoch balanced_accuracy: 0.552769
EPOCH 113:
VALIDATION
valid epoch balanced_accuracy: 0.686520
EPOCH 114:
VALIDATION
valid epoch balanced_accuracy: 0.509927
EPOCH 115:
VALIDATION
valid epoch balanced_accuracy: 0.402299
EPOCH 116:
VALIDATION
valid epoch balanced_accuracy: 0.578892
EPOCH 117:
VALIDATION
valid epoch balanced_accuracy: 0.581505
EPOCH 118:
VALIDATION
valid epoch balanced_accuracy: 0.512017
EPOCH 119:
VALIDATION
valid epoch balanced_accuracy: 0.652038
EPOCH 120:
VALIDATION
valid epoch balanced_accuracy: 0.479624
EPOCH 121:
VALIDATION
valid epoch balanced_accuracy: 0.525601
EPOCH 122:
VALIDATION
valid epoch balanced_accuracy: 0.600313
EPOCH 123:
VALIDATION
valid epoch balanced_accuracy: 0.498955
EPOCH 124:
VALIDATION
valid epoch balanced_accuracy: 0.538140
EPOCH 125:
VALIDATION
valid epoch balanced_accuracy: 0.578370
EPOCH 126:
VALIDATION
valid epoch balanced_accuracy: 0.512017
EPOCH 127:
VALIDATION
valid epoch balanced_accuracy: 0.708464
EPOCH 128:
VALIDATION
valid epoch balanced_accuracy: 0.498955
EPOCH 129:
VALIDATION
valid epoch balanced_accuracy: 0.654127
EPOCH 130:
VALIDATION
valid epoch balanced_accuracy: 0.570010
EPOCH 131:
VALIDATION
valid epoch balanced_accuracy: 0.490073
EPOCH 132:
VALIDATION
valid epoch balanced_accuracy: 0.587774
EPOCH 133:
VALIDATION
valid epoch balanced_accuracy: 0.628527
EPOCH 134:
VALIDATION
valid epoch balanced_accuracy: 0.492685
EPOCH 135:
VALIDATION
valid epoch balanced_accuracy: 0.514629
EPOCH 136:
VALIDATION
valid epoch balanced_accuracy: 0.613375
EPOCH 137:
VALIDATION
valid epoch balanced_accuracy: 0.549112
EPOCH 138:
VALIDATION
valid epoch balanced_accuracy: 0.520376
EPOCH 139:
VALIDATION
valid epoch balanced_accuracy: 0.554859
EPOCH 140:
VALIDATION
valid epoch balanced_accuracy: 0.483804
EPOCH 141:
VALIDATION
valid epoch balanced_accuracy: 0.556949
EPOCH 142:
VALIDATION
valid epoch balanced_accuracy: 0.483804
EPOCH 143:
VALIDATION
valid epoch balanced_accuracy: 0.456113
EPOCH 144:
VALIDATION
valid epoch balanced_accuracy: 0.549112
EPOCH 145:
VALIDATION
valid epoch balanced_accuracy: 0.493208
EPOCH 146:
VALIDATION
valid epoch balanced_accuracy: 0.566353
EPOCH 147:
VALIDATION
valid epoch balanced_accuracy: 0.660397
EPOCH 148:
VALIDATION
valid epoch balanced_accuracy: 0.535528
EPOCH 149:
VALIDATION
valid epoch balanced_accuracy: 0.516196
EPOCH 150:
VALIDATION
valid epoch balanced_accuracy: 0.656217
accuracy: 0.661290
sensitivity: 0.694444
precision: 0.714286
specificity: 0.615385
IoU: 0.543478
FAR: 0.384615
F1: 0.704225
balanced_accuracy: 0.654915
loss: 0.649585
