
/home/kalinina/ltp/DL_project/dataloader/New_dataloader.py:73: UserWarning: The given NumPy array is not writable, and PyTorch does not support non-writable tensors. This means writing to this tensor will result in undefined behavior. You may want to copy the array to protect its data or make it writable before converting it to a tensor. This type of warning will be suppressed for the rest of this program. (Triggered internally at /pytorch/torch/csrc/utils/tensor_numpy.cpp:213.)
  self.train_orig_indexes = torch.as_tensor(self.csvtrain["_tanimoto_orig_idx"].values, dtype=torch.long)
train : (1426, 12)
valid : (43, 12)
test : (43, 12)
number of parameters : 1279114
class weights : [1.0, 1.0]
balanced batches : 90 per epoch covering all 1426 train rows, target 8 positive + 8 unlabeled
cache warmed : 35 proteins, 409 lipid encodings, 0 lipid graphs, 131 MiB
source artifacts released : ['csvt', 'protein_tensor_cache', 'smiles_encoding', 'train_tanimoto_batch']
data extracted
EPOCH 1:
VALIDATION
valid epoch balanced_accuracy: 0.628959
EPOCH 2:
VALIDATION
valid epoch balanced_accuracy: 0.671946
EPOCH 3:
VALIDATION
valid epoch balanced_accuracy: 0.641403
EPOCH 4:
VALIDATION
valid epoch balanced_accuracy: 0.729638
EPOCH 5:
VALIDATION
valid epoch balanced_accuracy: 0.671946
EPOCH 6:
VALIDATION
valid epoch balanced_accuracy: 0.619910
EPOCH 7:
VALIDATION
valid epoch balanced_accuracy: 0.643665
EPOCH 8:
VALIDATION
valid epoch balanced_accuracy: 0.600679
EPOCH 9:
VALIDATION
valid epoch balanced_accuracy: 0.642534
EPOCH 10:
VALIDATION
valid epoch balanced_accuracy: 0.613122
EPOCH 11:
VALIDATION
valid epoch balanced_accuracy: 0.601810
EPOCH 12:
VALIDATION
valid epoch balanced_accuracy: 0.572398
EPOCH 13:
VALIDATION
valid epoch balanced_accuracy: 0.641403
EPOCH 14:
VALIDATION
valid epoch balanced_accuracy: 0.592760
EPOCH 15:
VALIDATION
valid epoch balanced_accuracy: 0.582579
EPOCH 16:
VALIDATION
valid epoch balanced_accuracy: 0.590498
EPOCH 17:
VALIDATION
valid epoch balanced_accuracy: 0.571267
EPOCH 18:
VALIDATION
valid epoch balanced_accuracy: 0.599548
EPOCH 19:
VALIDATION
valid epoch balanced_accuracy: 0.553167
EPOCH 20:
VALIDATION
valid epoch balanced_accuracy: 0.481900
EPOCH 21:
VALIDATION
valid epoch balanced_accuracy: 0.630090
EPOCH 22:
VALIDATION
valid epoch balanced_accuracy: 0.641403
EPOCH 23:
VALIDATION
valid epoch balanced_accuracy: 0.621041
EPOCH 24:
VALIDATION
valid epoch balanced_accuracy: 0.523756
EPOCH 25:
VALIDATION
valid epoch balanced_accuracy: 0.540724
EPOCH 26:
VALIDATION
valid epoch balanced_accuracy: 0.619910
EPOCH 27:
VALIDATION
valid epoch balanced_accuracy: 0.552036
EPOCH 28:
VALIDATION
valid epoch balanced_accuracy: 0.563348
EPOCH 29:
VALIDATION
valid epoch balanced_accuracy: 0.601810
EPOCH 30:
VALIDATION
valid epoch balanced_accuracy: 0.582579
EPOCH 31:
VALIDATION
valid epoch balanced_accuracy: 0.582579
EPOCH 32:
VALIDATION
valid epoch balanced_accuracy: 0.496606
EPOCH 33:
VALIDATION
valid epoch balanced_accuracy: 0.592760
EPOCH 34:
VALIDATION
valid epoch balanced_accuracy: 0.546380
EPOCH 35:
VALIDATION
valid epoch balanced_accuracy: 0.604072
EPOCH 36:
VALIDATION
valid epoch balanced_accuracy: 0.591629
EPOCH 37:
VALIDATION
valid epoch balanced_accuracy: 0.583710
EPOCH 38:
VALIDATION
valid epoch balanced_accuracy: 0.553167
EPOCH 39:
VALIDATION
valid epoch balanced_accuracy: 0.583710
EPOCH 40:
VALIDATION
valid epoch balanced_accuracy: 0.602941
EPOCH 41:
VALIDATION
valid epoch balanced_accuracy: 0.613122
EPOCH 42:
VALIDATION
valid epoch balanced_accuracy: 0.619910
EPOCH 43:
VALIDATION
valid epoch balanced_accuracy: 0.572398
EPOCH 44:
VALIDATION
valid epoch balanced_accuracy: 0.610860
EPOCH 45:
VALIDATION
valid epoch balanced_accuracy: 0.602941
EPOCH 46:
VALIDATION
valid epoch balanced_accuracy: 0.609729
EPOCH 47:
VALIDATION
valid epoch balanced_accuracy: 0.639140
EPOCH 48:
VALIDATION
valid epoch balanced_accuracy: 0.610860
EPOCH 49:
VALIDATION
valid epoch balanced_accuracy: 0.601810
EPOCH 50:
VALIDATION
valid epoch balanced_accuracy: 0.668552
EPOCH 51:
VALIDATION
valid epoch balanced_accuracy: 0.641403
EPOCH 52:
VALIDATION
valid epoch balanced_accuracy: 0.678733
EPOCH 53:
VALIDATION
valid epoch balanced_accuracy: 0.579186
EPOCH 54:
VALIDATION
valid epoch balanced_accuracy: 0.649321
EPOCH 55:
VALIDATION
valid epoch balanced_accuracy: 0.630090
EPOCH 56:
VALIDATION
valid epoch balanced_accuracy: 0.631222
EPOCH 57:
VALIDATION
valid epoch balanced_accuracy: 0.600679
EPOCH 58:
VALIDATION
valid epoch balanced_accuracy: 0.678733
EPOCH 59:
VALIDATION
valid epoch balanced_accuracy: 0.649321
EPOCH 60:
VALIDATION
valid epoch balanced_accuracy: 0.677602
EPOCH 61:
VALIDATION
valid epoch balanced_accuracy: 0.570136
EPOCH 62:
VALIDATION
valid epoch balanced_accuracy: 0.639140
EPOCH 63:
VALIDATION
valid epoch balanced_accuracy: 0.599548
EPOCH 64:
VALIDATION
valid epoch balanced_accuracy: 0.583710
EPOCH 65:
VALIDATION
valid epoch balanced_accuracy: 0.688914
EPOCH 66:
VALIDATION
valid epoch balanced_accuracy: 0.641403
EPOCH 67:
VALIDATION
valid epoch balanced_accuracy: 0.570136
EPOCH 68:
VALIDATION
valid epoch balanced_accuracy: 0.628959
EPOCH 69:
VALIDATION
valid epoch balanced_accuracy: 0.696833
EPOCH 70:
VALIDATION
valid epoch balanced_accuracy: 0.618778
EPOCH 71:
VALIDATION
valid epoch balanced_accuracy: 0.619910
EPOCH 72:
VALIDATION
valid epoch balanced_accuracy: 0.619910
EPOCH 73:
VALIDATION
valid epoch balanced_accuracy: 0.678733
EPOCH 74:
VALIDATION
valid epoch balanced_accuracy: 0.579186
EPOCH 75:
VALIDATION
valid epoch balanced_accuracy: 0.619910
EPOCH 76:
VALIDATION
valid epoch balanced_accuracy: 0.559955
EPOCH 77:
VALIDATION
valid epoch balanced_accuracy: 0.581448
EPOCH 78:
VALIDATION
valid epoch balanced_accuracy: 0.639140
EPOCH 79:
VALIDATION
valid epoch balanced_accuracy: 0.589367
EPOCH 80:
VALIDATION
valid epoch balanced_accuracy: 0.570136
EPOCH 81:
VALIDATION
valid epoch balanced_accuracy: 0.640271
EPOCH 82:
VALIDATION
valid epoch balanced_accuracy: 0.658371
EPOCH 83:
VALIDATION
valid epoch balanced_accuracy: 0.609729
EPOCH 84:
VALIDATION
valid epoch balanced_accuracy: 0.609729
EPOCH 85:
VALIDATION
valid epoch balanced_accuracy: 0.630090
EPOCH 86:
VALIDATION
valid epoch balanced_accuracy: 0.627828
EPOCH 87:
VALIDATION
valid epoch balanced_accuracy: 0.669683
EPOCH 88:
VALIDATION
valid epoch balanced_accuracy: 0.659502
EPOCH 89:
VALIDATION
valid epoch balanced_accuracy: 0.559955
EPOCH 90:
VALIDATION
valid epoch balanced_accuracy: 0.599548
EPOCH 91:
VALIDATION
valid epoch balanced_accuracy: 0.561086
EPOCH 92:
VALIDATION
valid epoch balanced_accuracy: 0.570136
EPOCH 93:
VALIDATION
valid epoch balanced_accuracy: 0.619910
EPOCH 94:
VALIDATION
valid epoch balanced_accuracy: 0.581448
EPOCH 95:
VALIDATION
valid epoch balanced_accuracy: 0.609729
EPOCH 96:
VALIDATION
valid epoch balanced_accuracy: 0.649321
EPOCH 97:
VALIDATION
valid epoch balanced_accuracy: 0.580317
EPOCH 98:
VALIDATION
valid epoch balanced_accuracy: 0.550905
EPOCH 99:
VALIDATION
valid epoch balanced_accuracy: 0.599548
EPOCH 100:
VALIDATION
valid epoch balanced_accuracy: 0.628959
EPOCH 101:
VALIDATION
valid epoch balanced_accuracy: 0.550905
EPOCH 102:
VALIDATION
valid epoch balanced_accuracy: 0.599548
EPOCH 103:
VALIDATION
valid epoch balanced_accuracy: 0.628959
EPOCH 104:
VALIDATION
valid epoch balanced_accuracy: 0.659502
EPOCH 105:
VALIDATION
valid epoch balanced_accuracy: 0.609729
EPOCH 106:
VALIDATION
valid epoch balanced_accuracy: 0.628959
EPOCH 107:
VALIDATION
valid epoch balanced_accuracy: 0.618778
EPOCH 108:
VALIDATION
valid epoch balanced_accuracy: 0.559955
EPOCH 109:
VALIDATION
valid epoch balanced_accuracy: 0.570136
EPOCH 110:
VALIDATION
valid epoch balanced_accuracy: 0.579186
EPOCH 111:
VALIDATION
valid epoch balanced_accuracy: 0.618778
EPOCH 112:
VALIDATION
valid epoch balanced_accuracy: 0.483032
EPOCH 113:
VALIDATION
valid epoch balanced_accuracy: 0.658371
EPOCH 114:
VALIDATION
valid epoch balanced_accuracy: 0.631222
EPOCH 115:
VALIDATION
valid epoch balanced_accuracy: 0.570136
EPOCH 116:
VALIDATION
valid epoch balanced_accuracy: 0.599548
EPOCH 117:
VALIDATION
valid epoch balanced_accuracy: 0.590498
EPOCH 118:
VALIDATION
valid epoch balanced_accuracy: 0.570136
EPOCH 119:
VALIDATION
valid epoch balanced_accuracy: 0.639140
EPOCH 120:
VALIDATION
valid epoch balanced_accuracy: 0.590498
EPOCH 121:
VALIDATION
valid epoch balanced_accuracy: 0.649321
EPOCH 122:
VALIDATION
valid epoch balanced_accuracy: 0.618778
EPOCH 123:
VALIDATION
valid epoch balanced_accuracy: 0.559955
EPOCH 124:
VALIDATION
valid epoch balanced_accuracy: 0.610860
EPOCH 125:
VALIDATION
valid epoch balanced_accuracy: 0.639140
EPOCH 126:
VALIDATION
valid epoch balanced_accuracy: 0.559955
EPOCH 127:
VALIDATION
valid epoch balanced_accuracy: 0.589367
EPOCH 128:
VALIDATION
valid epoch balanced_accuracy: 0.628959
EPOCH 129:
VALIDATION
valid epoch balanced_accuracy: 0.571267
EPOCH 130:
VALIDATION
valid epoch balanced_accuracy: 0.599548
EPOCH 131:
VALIDATION
valid epoch balanced_accuracy: 0.559955
EPOCH 132:
VALIDATION
valid epoch balanced_accuracy: 0.589367
EPOCH 133:
VALIDATION
valid epoch balanced_accuracy: 0.579186
EPOCH 134:
VALIDATION
valid epoch balanced_accuracy: 0.628959
EPOCH 135:
VALIDATION
valid epoch balanced_accuracy: 0.571267
EPOCH 136:
VALIDATION
valid epoch balanced_accuracy: 0.639140
EPOCH 137:
VALIDATION
valid epoch balanced_accuracy: 0.640271
EPOCH 138:
VALIDATION
valid epoch balanced_accuracy: 0.619910
EPOCH 139:
VALIDATION
valid epoch balanced_accuracy: 0.658371
EPOCH 140:
VALIDATION
valid epoch balanced_accuracy: 0.658371
EPOCH 141:
VALIDATION
valid epoch balanced_accuracy: 0.696833
EPOCH 142:
VALIDATION
valid epoch balanced_accuracy: 0.591629
EPOCH 143:
VALIDATION
valid epoch balanced_accuracy: 0.658371
EPOCH 144:
VALIDATION
valid epoch balanced_accuracy: 0.638009
EPOCH 145:
VALIDATION
valid epoch balanced_accuracy: 0.598416
EPOCH 146:
VALIDATION
valid epoch balanced_accuracy: 0.608597
EPOCH 147:
VALIDATION
valid epoch balanced_accuracy: 0.589367
EPOCH 148:
VALIDATION
valid epoch balanced_accuracy: 0.628959
EPOCH 149:
VALIDATION
valid epoch balanced_accuracy: 0.648190
EPOCH 150:
VALIDATION
valid epoch balanced_accuracy: 0.677602
accuracy: 0.604651
sensitivity: 0.769231
precision: 0.645161
specificity: 0.352941
IoU: 0.540541
FAR: 0.647059
F1: 0.701754
balanced_accuracy: 0.561086
loss: 0.684369
