Waiting for exclusive access to GPU GPU-1f970a8d-5ea1-9387-78d9-ee2cd6dc4bab.
=== GROUP: IP_trans | VARIANT: nt_cw_lr3e4_pb_typeopt0 | GPU: Tesla V100-SXM2-32GB ===

number of parameters : 1075406
train : (1212, 12)
valid : (61, 12)
test : (61, 12)
class weights : [1.1631478071212769, 0.8769898414611816]
data extracted
EPOCH 1:
VALIDATION
valid epoch balanced_accuracy: 0.470044
EPOCH 2:
VALIDATION
valid epoch balanced_accuracy: 0.506536
EPOCH 3:
VALIDATION
valid epoch balanced_accuracy: 0.663943
EPOCH 4:
VALIDATION
valid epoch balanced_accuracy: 0.366013
EPOCH 5:
VALIDATION
valid epoch balanced_accuracy: 0.678649
EPOCH 6:
VALIDATION
valid epoch balanced_accuracy: 0.500000
EPOCH 7:
VALIDATION
valid epoch balanced_accuracy: 0.500000
EPOCH 8:
VALIDATION
valid epoch balanced_accuracy: 0.488562
EPOCH 9:
VALIDATION
valid epoch balanced_accuracy: 0.678649
EPOCH 10:
VALIDATION
valid epoch balanced_accuracy: 0.510893
EPOCH 11:
VALIDATION
valid epoch balanced_accuracy: 0.440087
EPOCH 12:
VALIDATION
valid epoch balanced_accuracy: 0.468954
EPOCH 13:
VALIDATION
valid epoch balanced_accuracy: 0.500000
EPOCH 14:
VALIDATION
valid epoch balanced_accuracy: 0.604031
EPOCH 15:
VALIDATION
valid epoch balanced_accuracy: 0.523420
EPOCH 16:
VALIDATION
valid epoch balanced_accuracy: 0.601852
EPOCH 17:
VALIDATION
valid epoch balanced_accuracy: 0.627451
EPOCH 18:
VALIDATION
valid epoch balanced_accuracy: 0.638889
EPOCH 19:
VALIDATION
valid epoch balanced_accuracy: 0.708061
EPOCH 20:
VALIDATION
valid epoch balanced_accuracy: 0.596950
EPOCH 21:
VALIDATION
valid epoch balanced_accuracy: 0.712418
EPOCH 22:
VALIDATION
valid epoch balanced_accuracy: 0.630719
EPOCH 23:
VALIDATION
valid epoch balanced_accuracy: 0.506536
EPOCH 24:
VALIDATION
valid epoch balanced_accuracy: 0.465686
EPOCH 25:
VALIDATION
valid epoch balanced_accuracy: 0.592593
EPOCH 26:
VALIDATION
valid epoch balanced_accuracy: 0.613834
EPOCH 27:
VALIDATION
valid epoch balanced_accuracy: 0.687364
EPOCH 28:
VALIDATION
valid epoch balanced_accuracy: 0.601852
EPOCH 29:
VALIDATION
valid epoch balanced_accuracy: 0.610022
EPOCH 30:
VALIDATION
valid epoch balanced_accuracy: 0.665033
EPOCH 31:
VALIDATION
valid epoch balanced_accuracy: 0.661220
EPOCH 32:
VALIDATION
valid epoch balanced_accuracy: 0.529412
EPOCH 33:
VALIDATION
valid epoch balanced_accuracy: 0.555011
EPOCH 34:
VALIDATION
valid epoch balanced_accuracy: 0.514706
EPOCH 35:
VALIDATION
valid epoch balanced_accuracy: 0.620370
EPOCH 36:
VALIDATION
valid epoch balanced_accuracy: 0.529412
EPOCH 37:
VALIDATION
valid epoch balanced_accuracy: 0.558824
EPOCH 38:
VALIDATION
valid epoch balanced_accuracy: 0.694444
EPOCH 39:
VALIDATION
valid epoch balanced_accuracy: 0.613834
EPOCH 40:
VALIDATION
valid epoch balanced_accuracy: 0.569717
EPOCH 41:
VALIDATION
valid epoch balanced_accuracy: 0.576797
EPOCH 42:
VALIDATION
valid epoch balanced_accuracy: 0.558824
EPOCH 43:
VALIDATION
valid epoch balanced_accuracy: 0.529412
EPOCH 44:
VALIDATION
valid epoch balanced_accuracy: 0.502723
EPOCH 45:
VALIDATION
valid epoch balanced_accuracy: 0.587691
EPOCH 46:
VALIDATION
valid epoch balanced_accuracy: 0.539760
EPOCH 47:
VALIDATION
valid epoch balanced_accuracy: 0.573529
EPOCH 48:
VALIDATION
valid epoch balanced_accuracy: 0.500000
EPOCH 49:
VALIDATION
valid epoch balanced_accuracy: 0.588235
EPOCH 50:
VALIDATION
valid epoch balanced_accuracy: 0.544118
EPOCH 51:
VALIDATION
valid epoch balanced_accuracy: 0.584423
EPOCH 52:
VALIDATION
valid epoch balanced_accuracy: 0.594771
EARLY STOPPING: rolling validation balanced accuracy did not improve for 30 epochs and validation loss increased over the same window.
accuracy: 0.491803
sensitivity: 0.612903
precision: 0.500000
specificity: 0.366667
IoU: 0.380000
FAR: 0.633333
F1: 0.550725
balanced_accuracy: 0.489785
loss: 1.106235
