Waiting for exclusive access to GPU GPU-3c15fe7f-c7e8-e704-2155-136aab037c02.
=== GROUP: LBP_BPI_CETP | VARIANT: bbp_fa_nps3mlp_dpt01_gm | SEED: 2 | GPU: NVIDIA H200 ===

number of parameters : 876112
train : (1402, 12)
valid : (55, 12)
test : (55, 12)
class weights : [1.0, 1.0]
balanced batches : 88 per epoch covering all 1402 train rows, target 8 positive + 8 unlabeled
cache warmed : 35 proteins, 409 lipid encodings, 0 lipid graphs, 131 MiB
data extracted
EPOCH 1:
VALIDATION
valid epoch balanced_accuracy: 0.673077
EPOCH 2:
VALIDATION
valid epoch balanced_accuracy: 0.685013
EPOCH 3:
VALIDATION
valid epoch balanced_accuracy: 0.545093
EPOCH 4:
VALIDATION
valid epoch balanced_accuracy: 0.376658
EPOCH 5:
VALIDATION
valid epoch balanced_accuracy: 0.821618
EPOCH 6:
VALIDATION
valid epoch balanced_accuracy: 0.714191
EPOCH 7:
VALIDATION
valid epoch balanced_accuracy: 0.823607
EPOCH 8:
VALIDATION
valid epoch balanced_accuracy: 0.342175
EPOCH 9:
VALIDATION
valid epoch balanced_accuracy: 0.714191
EPOCH 10:
VALIDATION
valid epoch balanced_accuracy: 0.587533
EPOCH 11:
VALIDATION
valid epoch balanced_accuracy: 0.574271
EPOCH 12:
VALIDATION
valid epoch balanced_accuracy: 0.604775
EPOCH 13:
VALIDATION
valid epoch balanced_accuracy: 0.606764
EPOCH 14:
VALIDATION
valid epoch balanced_accuracy: 0.727454
EPOCH 15:
VALIDATION
valid epoch balanced_accuracy: 0.740716
EPOCH 16:
VALIDATION
valid epoch balanced_accuracy: 0.804377
EPOCH 17:
VALIDATION
valid epoch balanced_accuracy: 0.606764
EPOCH 18:
VALIDATION
valid epoch balanced_accuracy: 0.610743
EPOCH 19:
VALIDATION
valid epoch balanced_accuracy: 0.746684
EPOCH 20:
VALIDATION
valid epoch balanced_accuracy: 0.729443
EPOCH 21:
VALIDATION
valid epoch balanced_accuracy: 0.765915
EPOCH 22:
VALIDATION
valid epoch balanced_accuracy: 0.675729
EPOCH 23:
VALIDATION
valid epoch balanced_accuracy: 0.606764
EPOCH 24:
VALIDATION
valid epoch balanced_accuracy: 0.767905
EPOCH 25:
VALIDATION
valid epoch balanced_accuracy: 0.854111
EPOCH 26:
VALIDATION
valid epoch balanced_accuracy: 0.746684
EPOCH 27:
VALIDATION
valid epoch balanced_accuracy: 0.725464
EPOCH 28:
VALIDATION
valid epoch balanced_accuracy: 0.643236
EPOCH 29:
VALIDATION
valid epoch balanced_accuracy: 0.731432
EPOCH 30:
VALIDATION
valid epoch balanced_accuracy: 0.821618
EPOCH 31:
VALIDATION
valid epoch balanced_accuracy: 0.840849
EPOCH 32:
VALIDATION
valid epoch balanced_accuracy: 0.660477
EPOCH 33:
VALIDATION
valid epoch balanced_accuracy: 0.759947
EPOCH 34:
VALIDATION
valid epoch balanced_accuracy: 0.677719
EPOCH 35:
VALIDATION
valid epoch balanced_accuracy: 0.787135
EPOCH 36:
VALIDATION
valid epoch balanced_accuracy: 0.748674
EPOCH 37:
VALIDATION
valid epoch balanced_accuracy: 0.785146
EPOCH 38:
VALIDATION
valid epoch balanced_accuracy: 0.842838
EPOCH 39:
VALIDATION
valid epoch balanced_accuracy: 0.821618
EPOCH 40:
VALIDATION
valid epoch balanced_accuracy: 0.825597
EPOCH 41:
VALIDATION
valid epoch balanced_accuracy: 0.729443
EPOCH 42:
VALIDATION
valid epoch balanced_accuracy: 0.763926
EPOCH 43:
VALIDATION
valid epoch balanced_accuracy: 0.727454
EPOCH 44:
VALIDATION
valid epoch balanced_accuracy: 0.804377
EPOCH 45:
VALIDATION
valid epoch balanced_accuracy: 0.763926
EPOCH 46:
VALIDATION
valid epoch balanced_accuracy: 0.821618
EPOCH 47:
VALIDATION
valid epoch balanced_accuracy: 0.804377
EPOCH 48:
VALIDATION
valid epoch balanced_accuracy: 0.842838
EPOCH 49:
VALIDATION
valid epoch balanced_accuracy: 0.733422
EPOCH 50:
VALIDATION
valid epoch balanced_accuracy: 0.744695
EPOCH 51:
VALIDATION
valid epoch balanced_accuracy: 0.729443
EPOCH 52:
VALIDATION
valid epoch balanced_accuracy: 0.718170
EPOCH 53:
VALIDATION
valid epoch balanced_accuracy: 0.789125
EPOCH 54:
VALIDATION
valid epoch balanced_accuracy: 0.802387
EPOCH 55:
VALIDATION
valid epoch balanced_accuracy: 0.804377
EPOCH 56:
VALIDATION
valid epoch balanced_accuracy: 0.838859
EPOCH 57:
VALIDATION
valid epoch balanced_accuracy: 0.752653
EPOCH 58:
VALIDATION
valid epoch balanced_accuracy: 0.700928
EPOCH 59:
VALIDATION
valid epoch balanced_accuracy: 0.627984
EPOCH 60:
VALIDATION
valid epoch balanced_accuracy: 0.773873
EPOCH 61:
VALIDATION
valid epoch balanced_accuracy: 0.698939
EPOCH 62:
VALIDATION
valid epoch balanced_accuracy: 0.681698
EPOCH 63:
VALIDATION
valid epoch balanced_accuracy: 0.651194
EPOCH 64:
VALIDATION
valid epoch balanced_accuracy: 0.840849
EPOCH 65:
VALIDATION
valid epoch balanced_accuracy: 0.649204
EPOCH 66:
VALIDATION
valid epoch balanced_accuracy: 0.750663
EPOCH 67:
VALIDATION
valid epoch balanced_accuracy: 0.787135
EPOCH 68:
VALIDATION
valid epoch balanced_accuracy: 0.750663
EPOCH 69:
VALIDATION
valid epoch balanced_accuracy: 0.769894
EPOCH 70:
VALIDATION
valid epoch balanced_accuracy: 0.718170
EPOCH 71:
VALIDATION
valid epoch balanced_accuracy: 0.666446
EPOCH 72:
VALIDATION
valid epoch balanced_accuracy: 0.838859
EPOCH 73:
VALIDATION
valid epoch balanced_accuracy: 0.700928
EPOCH 74:
VALIDATION
valid epoch balanced_accuracy: 0.683687
EPOCH 75:
VALIDATION
valid epoch balanced_accuracy: 0.580239
EPOCH 76:
VALIDATION
valid epoch balanced_accuracy: 0.649204
EPOCH 77:
VALIDATION
valid epoch balanced_accuracy: 0.754642
EPOCH 78:
VALIDATION
valid epoch balanced_accuracy: 0.679708
EPOCH 79:
VALIDATION
valid epoch balanced_accuracy: 0.802387
EPOCH 80:
VALIDATION
valid epoch balanced_accuracy: 0.735411
EPOCH 81:
VALIDATION
valid epoch balanced_accuracy: 0.750663
EPOCH 82:
VALIDATION
valid epoch balanced_accuracy: 0.720159
EPOCH 83:
VALIDATION
valid epoch balanced_accuracy: 0.664456
EPOCH 84:
VALIDATION
valid epoch balanced_accuracy: 0.702918
EPOCH 85:
VALIDATION
valid epoch balanced_accuracy: 0.561008
EPOCH 86:
VALIDATION
valid epoch balanced_accuracy: 0.683687
EPOCH 87:
VALIDATION
valid epoch balanced_accuracy: 0.823607
EPOCH 88:
VALIDATION
valid epoch balanced_accuracy: 0.819629
EPOCH 89:
VALIDATION
valid epoch balanced_accuracy: 0.769894
EPOCH 90:
VALIDATION
valid epoch balanced_accuracy: 0.771883
EPOCH 91:
VALIDATION
valid epoch balanced_accuracy: 0.787135
EPOCH 92:
VALIDATION
valid epoch balanced_accuracy: 0.769894
EPOCH 93:
VALIDATION
valid epoch balanced_accuracy: 0.773873
EPOCH 94:
VALIDATION
valid epoch balanced_accuracy: 0.771883
EPOCH 95:
VALIDATION
valid epoch balanced_accuracy: 0.769894
EPOCH 96:
VALIDATION
valid epoch balanced_accuracy: 0.677719
EPOCH 97:
VALIDATION
valid epoch balanced_accuracy: 0.737401
EPOCH 98:
VALIDATION
valid epoch balanced_accuracy: 0.718170
EPOCH 99:
VALIDATION
valid epoch balanced_accuracy: 0.789125
EPOCH 100:
VALIDATION
valid epoch balanced_accuracy: 0.720159
EPOCH 101:
VALIDATION
valid epoch balanced_accuracy: 0.696950
EPOCH 102:
VALIDATION
valid epoch balanced_accuracy: 0.597480
EPOCH 103:
VALIDATION
valid epoch balanced_accuracy: 0.700928
EPOCH 104:
VALIDATION
valid epoch balanced_accuracy: 0.769894
EPOCH 105:
VALIDATION
valid epoch balanced_accuracy: 0.683687
EPOCH 106:
VALIDATION
valid epoch balanced_accuracy: 0.718170
EPOCH 107:
VALIDATION
valid epoch balanced_accuracy: 0.700928
EPOCH 108:
VALIDATION
valid epoch balanced_accuracy: 0.683687
EPOCH 109:
VALIDATION
valid epoch balanced_accuracy: 0.756631
EPOCH 110:
VALIDATION
valid epoch balanced_accuracy: 0.769894
EPOCH 111:
VALIDATION
valid epoch balanced_accuracy: 0.679708
EPOCH 112:
VALIDATION
valid epoch balanced_accuracy: 0.802387
EPOCH 113:
VALIDATION
valid epoch balanced_accuracy: 0.666446
EPOCH 114:
VALIDATION
valid epoch balanced_accuracy: 0.718170
EPOCH 115:
VALIDATION
valid epoch balanced_accuracy: 0.702918
EPOCH 116:
VALIDATION
valid epoch balanced_accuracy: 0.696950
EPOCH 117:
VALIDATION
valid epoch balanced_accuracy: 0.769894
EPOCH 118:
VALIDATION
valid epoch balanced_accuracy: 0.683687
EPOCH 119:
VALIDATION
valid epoch balanced_accuracy: 0.735411
EPOCH 120:
VALIDATION
valid epoch balanced_accuracy: 0.733422
EPOCH 121:
VALIDATION
valid epoch balanced_accuracy: 0.735411
EPOCH 122:
VALIDATION
valid epoch balanced_accuracy: 0.700928
EPOCH 123:
VALIDATION
valid epoch balanced_accuracy: 0.700928
EPOCH 124:
VALIDATION
valid epoch balanced_accuracy: 0.718170
EPOCH 125:
VALIDATION
valid epoch balanced_accuracy: 0.737401
EPOCH 126:
VALIDATION
valid epoch balanced_accuracy: 0.789125
EPOCH 127:
VALIDATION
valid epoch balanced_accuracy: 0.720159
EPOCH 128:
VALIDATION
valid epoch balanced_accuracy: 0.771883
EPOCH 129:
VALIDATION
valid epoch balanced_accuracy: 0.718170
EPOCH 130:
VALIDATION
valid epoch balanced_accuracy: 0.771883
EPOCH 131:
VALIDATION
valid epoch balanced_accuracy: 0.675729
EPOCH 132:
VALIDATION
valid epoch balanced_accuracy: 0.528515
EPOCH 133:
VALIDATION
valid epoch balanced_accuracy: 0.737401
EPOCH 134:
VALIDATION
valid epoch balanced_accuracy: 0.631963
EPOCH 135:
VALIDATION
valid epoch balanced_accuracy: 0.771883
EPOCH 136:
VALIDATION
valid epoch balanced_accuracy: 0.754642
EPOCH 137:
VALIDATION
valid epoch balanced_accuracy: 0.771883
EPOCH 138:
VALIDATION
valid epoch balanced_accuracy: 0.683687
EPOCH 139:
VALIDATION
valid epoch balanced_accuracy: 0.612732
EPOCH 140:
VALIDATION
valid epoch balanced_accuracy: 0.683687
EPOCH 141:
VALIDATION
valid epoch balanced_accuracy: 0.720159
EPOCH 142:
VALIDATION
valid epoch balanced_accuracy: 0.698939
EPOCH 143:
VALIDATION
valid epoch balanced_accuracy: 0.685676
EPOCH 144:
VALIDATION
valid epoch balanced_accuracy: 0.722149
EPOCH 145:
VALIDATION
valid epoch balanced_accuracy: 0.633952
EPOCH 146:
VALIDATION
valid epoch balanced_accuracy: 0.647215
EPOCH 147:
VALIDATION
valid epoch balanced_accuracy: 0.700928
EPOCH 148:
VALIDATION
valid epoch balanced_accuracy: 0.666446
EPOCH 149:
VALIDATION
valid epoch balanced_accuracy: 0.718170
EPOCH 150:
VALIDATION
valid epoch balanced_accuracy: 0.698939
accuracy: 0.709091
sensitivity: 0.576923
precision: 0.750000
specificity: 0.827586
IoU: 0.483871
FAR: 0.172414
F1: 0.652174
balanced_accuracy: 0.702255
loss: 1.430719
