
number of parameters : 1075406
train : (1088, 12)
valid : (122, 12)
test : (121, 12)
PU rho : 0.300000
class weights : disabled
data extracted
EPOCH 1:
VALIDATION
valid epoch balanced_accuracy: 0.456522
EPOCH 2:
VALIDATION
valid epoch balanced_accuracy: 0.470575
EPOCH 3:
VALIDATION
valid epoch balanced_accuracy: 0.448397
EPOCH 4:
VALIDATION
valid epoch balanced_accuracy: 0.492754
EPOCH 5:
VALIDATION
valid epoch balanced_accuracy: 0.563900
EPOCH 6:
VALIDATION
valid epoch balanced_accuracy: 0.569609
EPOCH 7:
VALIDATION
valid epoch balanced_accuracy: 0.559947
EPOCH 8:
VALIDATION
valid epoch balanced_accuracy: 0.595960
EPOCH 9:
VALIDATION
valid epoch balanced_accuracy: 0.657883
EPOCH 10:
VALIDATION
valid epoch balanced_accuracy: 0.557971
EPOCH 11:
VALIDATION
valid epoch balanced_accuracy: 0.667106
EPOCH 12:
VALIDATION
valid epoch balanced_accuracy: 0.604523
EPOCH 13:
VALIDATION
valid epoch balanced_accuracy: 0.670619
EPOCH 14:
VALIDATION
valid epoch balanced_accuracy: 0.687308
EPOCH 15:
VALIDATION
valid epoch balanced_accuracy: 0.639877
EPOCH 16:
VALIDATION
valid epoch balanced_accuracy: 0.665130
EPOCH 17:
VALIDATION
valid epoch balanced_accuracy: 0.668643
EPOCH 18:
VALIDATION
valid epoch balanced_accuracy: 0.619675
EPOCH 19:
VALIDATION
valid epoch balanced_accuracy: 0.589372
EPOCH 20:
VALIDATION
valid epoch balanced_accuracy: 0.707510
EPOCH 21:
VALIDATION
valid epoch balanced_accuracy: 0.660079
EPOCH 22:
VALIDATION
valid epoch balanced_accuracy: 0.737813
EPOCH 23:
VALIDATION
valid epoch balanced_accuracy: 0.716074
EPOCH 24:
VALIDATION
valid epoch balanced_accuracy: 0.731225
EPOCH 25:
VALIDATION
valid epoch balanced_accuracy: 0.687308
EPOCH 26:
VALIDATION
valid epoch balanced_accuracy: 0.660518
EPOCH 27:
VALIDATION
valid epoch balanced_accuracy: 0.633289
EPOCH 28:
VALIDATION
valid epoch balanced_accuracy: 0.663592
EPOCH 29:
VALIDATION
valid epoch balanced_accuracy: 0.663592
EPOCH 30:
VALIDATION
valid epoch balanced_accuracy: 0.635266
EPOCH 31:
VALIDATION
valid epoch balanced_accuracy: 0.604523
EPOCH 32:
VALIDATION
valid epoch balanced_accuracy: 0.675231
EPOCH 33:
VALIDATION
valid epoch balanced_accuracy: 0.674133
EPOCH 34:
VALIDATION
valid epoch balanced_accuracy: 0.657005
EPOCH 35:
VALIDATION
valid epoch balanced_accuracy: 0.732762
EPOCH 36:
VALIDATION
valid epoch balanced_accuracy: 0.689284
EPOCH 37:
VALIDATION
valid epoch balanced_accuracy: 0.667106
EPOCH 38:
VALIDATION
valid epoch balanced_accuracy: 0.658542
EPOCH 39:
VALIDATION
valid epoch balanced_accuracy: 0.677207
EPOCH 40:
VALIDATION
valid epoch balanced_accuracy: 0.667106
EPOCH 41:
VALIDATION
valid epoch balanced_accuracy: 0.705534
EPOCH 42:
VALIDATION
valid epoch balanced_accuracy: 0.709047
EPOCH 43:
VALIDATION
valid epoch balanced_accuracy: 0.658542
EPOCH 44:
VALIDATION
valid epoch balanced_accuracy: 0.703996
EPOCH 45:
VALIDATION
valid epoch balanced_accuracy: 0.604523
EPOCH 46:
VALIDATION
valid epoch balanced_accuracy: 0.675231
EPOCH 47:
VALIDATION
valid epoch balanced_accuracy: 0.720685
EPOCH 48:
VALIDATION
valid epoch balanced_accuracy: 0.665130
EPOCH 49:
VALIDATION
valid epoch balanced_accuracy: 0.655029
EPOCH 50:
VALIDATION
valid epoch balanced_accuracy: 0.695433
EPOCH 51:
VALIDATION
valid epoch balanced_accuracy: 0.744840
EPOCH 52:
VALIDATION
valid epoch balanced_accuracy: 0.630654
EPOCH 53:
VALIDATION
valid epoch balanced_accuracy: 0.675231
EPOCH 54:
VALIDATION
valid epoch balanced_accuracy: 0.633289
EPOCH 55:
VALIDATION
valid epoch balanced_accuracy: 0.644928
EPOCH 56:
VALIDATION
valid epoch balanced_accuracy: 0.739350
EPOCH 57:
VALIDATION
valid epoch balanced_accuracy: 0.648441
EPOCH 58:
VALIDATION
valid epoch balanced_accuracy: 0.678744
EPOCH 59:
VALIDATION
valid epoch balanced_accuracy: 0.668643
EPOCH 60:
VALIDATION
valid epoch balanced_accuracy: 0.584321
EPOCH 61:
VALIDATION
valid epoch balanced_accuracy: 0.606061
EPOCH 62:
VALIDATION
valid epoch balanced_accuracy: 0.657005
EPOCH 63:
VALIDATION
valid epoch balanced_accuracy: 0.598814
EPOCH 64:
VALIDATION
valid epoch balanced_accuracy: 0.594422
EPOCH 65:
VALIDATION
valid epoch balanced_accuracy: 0.746377
EPOCH 66:
VALIDATION
valid epoch balanced_accuracy: 0.597936
EPOCH 67:
VALIDATION
valid epoch balanced_accuracy: 0.714097
EPOCH 68:
VALIDATION
valid epoch balanced_accuracy: 0.677207
EPOCH 69:
VALIDATION
valid epoch balanced_accuracy: 0.547431
EPOCH 70:
VALIDATION
valid epoch balanced_accuracy: 0.693895
EPOCH 71:
VALIDATION
valid epoch balanced_accuracy: 0.648441
EPOCH 72:
VALIDATION
valid epoch balanced_accuracy: 0.733641
EPOCH 73:
VALIDATION
valid epoch balanced_accuracy: 0.680281
EPOCH 74:
VALIDATION
valid epoch balanced_accuracy: 0.741326
EPOCH 75:
VALIDATION
valid epoch balanced_accuracy: 0.685332
EPOCH 76:
VALIDATION
valid epoch balanced_accuracy: 0.710584
EPOCH 77:
VALIDATION
valid epoch balanced_accuracy: 0.639218
EPOCH 78:
VALIDATION
valid epoch balanced_accuracy: 0.704875
EPOCH 79:
VALIDATION
valid epoch balanced_accuracy: 0.697409
EPOCH 80:
VALIDATION
valid epoch balanced_accuracy: 0.651954
EPOCH 81:
VALIDATION
valid epoch balanced_accuracy: 0.636803
EPOCH 82:
VALIDATION
valid epoch balanced_accuracy: 0.709486
EPOCH 83:
VALIDATION
valid epoch balanced_accuracy: 0.610013
EPOCH 84:
VALIDATION
valid epoch balanced_accuracy: 0.680281
EARLY STOPPING: rolling validation balanced accuracy did not improve for 60 epochs and validation loss increased over the same window.
accuracy: 0.578512
sensitivity: 0.554455
precision: 0.903226
specificity: 0.700000
IoU: 0.523364
FAR: 0.300000
F1: 0.687117
balanced_accuracy: 0.627228
loss: 0.430224
