
number of parameters : 1075406
train : (1077, 12)
valid : (128, 12)
test : (129, 12)
class weights : [1.3102189302444458, 0.8085585832595825]
data extracted
EPOCH 1:
VALIDATION
valid epoch balanced_accuracy: 0.497917
EPOCH 2:
VALIDATION
valid epoch balanced_accuracy: 0.531250
EPOCH 3:
VALIDATION
valid epoch balanced_accuracy: 0.525000
EPOCH 4:
VALIDATION
valid epoch balanced_accuracy: 0.516667
EPOCH 5:
VALIDATION
valid epoch balanced_accuracy: 0.483333
EPOCH 6:
VALIDATION
valid epoch balanced_accuracy: 0.472917
EPOCH 7:
VALIDATION
valid epoch balanced_accuracy: 0.518750
EPOCH 8:
VALIDATION
valid epoch balanced_accuracy: 0.533333
EPOCH 9:
VALIDATION
valid epoch balanced_accuracy: 0.543750
EPOCH 10:
VALIDATION
valid epoch balanced_accuracy: 0.518750
EPOCH 11:
VALIDATION
valid epoch balanced_accuracy: 0.537500
EPOCH 12:
VALIDATION
valid epoch balanced_accuracy: 0.633333
EPOCH 13:
VALIDATION
valid epoch balanced_accuracy: 0.679167
EPOCH 14:
VALIDATION
valid epoch balanced_accuracy: 0.545833
EPOCH 15:
VALIDATION
valid epoch balanced_accuracy: 0.597917
EPOCH 16:
VALIDATION
valid epoch balanced_accuracy: 0.543750
EPOCH 17:
VALIDATION
valid epoch balanced_accuracy: 0.600000
EPOCH 18:
VALIDATION
valid epoch balanced_accuracy: 0.558333
EPOCH 19:
VALIDATION
valid epoch balanced_accuracy: 0.500000
EPOCH 20:
VALIDATION
valid epoch balanced_accuracy: 0.550000
EPOCH 21:
VALIDATION
valid epoch balanced_accuracy: 0.518750
EPOCH 22:
VALIDATION
valid epoch balanced_accuracy: 0.568750
EPOCH 23:
VALIDATION
valid epoch balanced_accuracy: 0.614583
EPOCH 24:
VALIDATION
valid epoch balanced_accuracy: 0.504167
EPOCH 25:
VALIDATION
valid epoch balanced_accuracy: 0.556250
EPOCH 26:
VALIDATION
valid epoch balanced_accuracy: 0.556250
EPOCH 27:
VALIDATION
valid epoch balanced_accuracy: 0.518750
EPOCH 28:
VALIDATION
valid epoch balanced_accuracy: 0.566667
EPOCH 29:
VALIDATION
valid epoch balanced_accuracy: 0.506250
EPOCH 30:
VALIDATION
valid epoch balanced_accuracy: 0.543750
EPOCH 31:
VALIDATION
valid epoch balanced_accuracy: 0.572917
EPOCH 32:
VALIDATION
valid epoch balanced_accuracy: 0.535417
EPOCH 33:
VALIDATION
valid epoch balanced_accuracy: 0.514583
EPOCH 34:
VALIDATION
valid epoch balanced_accuracy: 0.531250
EPOCH 35:
VALIDATION
valid epoch balanced_accuracy: 0.539583
EPOCH 36:
VALIDATION
valid epoch balanced_accuracy: 0.535417
EPOCH 37:
VALIDATION
valid epoch balanced_accuracy: 0.545833
EPOCH 38:
VALIDATION
valid epoch balanced_accuracy: 0.545833
EPOCH 39:
VALIDATION
valid epoch balanced_accuracy: 0.577083
EPOCH 40:
VALIDATION
valid epoch balanced_accuracy: 0.539583
EPOCH 41:
VALIDATION
valid epoch balanced_accuracy: 0.485417
EPOCH 42:
VALIDATION
valid epoch balanced_accuracy: 0.522917
EPOCH 43:
VALIDATION
valid epoch balanced_accuracy: 0.543750
EPOCH 44:
VALIDATION
valid epoch balanced_accuracy: 0.545833
EPOCH 45:
VALIDATION
valid epoch balanced_accuracy: 0.531250
EPOCH 46:
VALIDATION
valid epoch balanced_accuracy: 0.550000
EPOCH 47:
VALIDATION
valid epoch balanced_accuracy: 0.516667
EPOCH 48:
VALIDATION
valid epoch balanced_accuracy: 0.508333
EPOCH 49:
VALIDATION
valid epoch balanced_accuracy: 0.579167
EPOCH 50:
VALIDATION
valid epoch balanced_accuracy: 0.531250
EPOCH 51:
VALIDATION
valid epoch balanced_accuracy: 0.510417
EPOCH 52:
VALIDATION
valid epoch balanced_accuracy: 0.583333
EPOCH 53:
VALIDATION
valid epoch balanced_accuracy: 0.560417
EPOCH 54:
VALIDATION
valid epoch balanced_accuracy: 0.556250
EPOCH 55:
VALIDATION
valid epoch balanced_accuracy: 0.545833
EPOCH 56:
VALIDATION
valid epoch balanced_accuracy: 0.545833
EPOCH 57:
VALIDATION
valid epoch balanced_accuracy: 0.587500
EPOCH 58:
VALIDATION
valid epoch balanced_accuracy: 0.545833
EPOCH 59:
VALIDATION
valid epoch balanced_accuracy: 0.535417
EPOCH 60:
VALIDATION
valid epoch balanced_accuracy: 0.543750
EPOCH 61:
VALIDATION
valid epoch balanced_accuracy: 0.518750
EPOCH 62:
VALIDATION
valid epoch balanced_accuracy: 0.554167
EPOCH 63:
VALIDATION
valid epoch balanced_accuracy: 0.558333
EPOCH 64:
VALIDATION
valid epoch balanced_accuracy: 0.547917
EPOCH 65:
VALIDATION
valid epoch balanced_accuracy: 0.493750
EPOCH 66:
VALIDATION
valid epoch balanced_accuracy: 0.541667
EPOCH 67:
VALIDATION
valid epoch balanced_accuracy: 0.554167
EPOCH 68:
VALIDATION
valid epoch balanced_accuracy: 0.527083
EPOCH 69:
VALIDATION
valid epoch balanced_accuracy: 0.539583
EPOCH 70:
VALIDATION
valid epoch balanced_accuracy: 0.525000
EPOCH 71:
VALIDATION
valid epoch balanced_accuracy: 0.614583
EPOCH 72:
VALIDATION
valid epoch balanced_accuracy: 0.533333
EPOCH 73:
VALIDATION
valid epoch balanced_accuracy: 0.518750
EPOCH 74:
VALIDATION
valid epoch balanced_accuracy: 0.485417
EPOCH 75:
VALIDATION
valid epoch balanced_accuracy: 0.493750
EPOCH 76:
VALIDATION
valid epoch balanced_accuracy: 0.535417
EARLY STOPPING: rolling validation balanced accuracy did not improve for 60 epochs and validation loss increased over the same window.
accuracy: 0.682171
sensitivity: 0.166667
precision: 0.538462
specificity: 0.931034
IoU: 0.145833
FAR: 0.068966
F1: 0.254545
balanced_accuracy: 0.548851
loss: 0.839246
