
number of parameters : 1075406
train : (1082, 12)
valid : (126, 12)
test : (126, 12)
class weights : [1.3004807233810425, 0.8123123049736023]
data extracted
EPOCH 1:
VALIDATION
valid epoch balanced_accuracy: 0.442627
EPOCH 2:
VALIDATION
valid epoch balanced_accuracy: 0.515798
EPOCH 3:
VALIDATION
valid epoch balanced_accuracy: 0.530211
EPOCH 4:
VALIDATION
valid epoch balanced_accuracy: 0.511364
EPOCH 5:
VALIDATION
valid epoch balanced_accuracy: 0.494734
EPOCH 6:
VALIDATION
valid epoch balanced_accuracy: 0.467849
EPOCH 7:
VALIDATION
valid epoch balanced_accuracy: 0.538248
EPOCH 8:
VALIDATION
valid epoch balanced_accuracy: 0.542129
EPOCH 9:
VALIDATION
valid epoch balanced_accuracy: 0.505543
EPOCH 10:
VALIDATION
valid epoch balanced_accuracy: 0.458980
EPOCH 11:
VALIDATION
valid epoch balanced_accuracy: 0.485865
EPOCH 12:
VALIDATION
valid epoch balanced_accuracy: 0.467018
EPOCH 13:
VALIDATION
valid epoch balanced_accuracy: 0.445676
EPOCH 14:
VALIDATION
valid epoch balanced_accuracy: 0.447894
EPOCH 15:
VALIDATION
valid epoch balanced_accuracy: 0.455654
EPOCH 16:
VALIDATION
valid epoch balanced_accuracy: 0.489745
EPOCH 17:
VALIDATION
valid epoch balanced_accuracy: 0.442905
EPOCH 18:
VALIDATION
valid epoch balanced_accuracy: 0.477550
EPOCH 19:
VALIDATION
valid epoch balanced_accuracy: 0.406874
EPOCH 20:
VALIDATION
valid epoch balanced_accuracy: 0.361973
EPOCH 21:
VALIDATION
valid epoch balanced_accuracy: 0.469789
EPOCH 22:
VALIDATION
valid epoch balanced_accuracy: 0.445122
EPOCH 23:
VALIDATION
valid epoch balanced_accuracy: 0.462860
EPOCH 24:
VALIDATION
valid epoch balanced_accuracy: 0.471452
EPOCH 25:
VALIDATION
valid epoch balanced_accuracy: 0.441796
EPOCH 26:
VALIDATION
valid epoch balanced_accuracy: 0.433204
EPOCH 27:
VALIDATION
valid epoch balanced_accuracy: 0.561530
EPOCH 28:
VALIDATION
valid epoch balanced_accuracy: 0.416020
EPOCH 29:
VALIDATION
valid epoch balanced_accuracy: 0.475055
EPOCH 30:
VALIDATION
valid epoch balanced_accuracy: 0.463692
EPOCH 31:
VALIDATION
valid epoch balanced_accuracy: 0.436807
EPOCH 32:
VALIDATION
valid epoch balanced_accuracy: 0.493348
EPOCH 33:
VALIDATION
valid epoch balanced_accuracy: 0.483647
EPOCH 34:
VALIDATION
valid epoch balanced_accuracy: 0.446231
EPOCH 35:
VALIDATION
valid epoch balanced_accuracy: 0.466463
EPOCH 36:
VALIDATION
valid epoch balanced_accuracy: 0.488359
EPOCH 37:
VALIDATION
valid epoch balanced_accuracy: 0.502772
EPOCH 38:
VALIDATION
valid epoch balanced_accuracy: 0.485588
EPOCH 39:
VALIDATION
valid epoch balanced_accuracy: 0.402162
EPOCH 40:
VALIDATION
valid epoch balanced_accuracy: 0.433204
EPOCH 41:
VALIDATION
valid epoch balanced_accuracy: 0.450665
EPOCH 42:
VALIDATION
valid epoch balanced_accuracy: 0.490854
EPOCH 43:
VALIDATION
valid epoch balanced_accuracy: 0.514135
EPOCH 44:
VALIDATION
valid epoch balanced_accuracy: 0.465632
EPOCH 45:
VALIDATION
valid epoch balanced_accuracy: 0.479490
EPOCH 46:
VALIDATION
valid epoch balanced_accuracy: 0.472561
EPOCH 47:
VALIDATION
valid epoch balanced_accuracy: 0.486696
EPOCH 48:
VALIDATION
valid epoch balanced_accuracy: 0.468958
EPOCH 49:
VALIDATION
valid epoch balanced_accuracy: 0.436253
EPOCH 50:
VALIDATION
valid epoch balanced_accuracy: 0.486419
EPOCH 51:
VALIDATION
valid epoch balanced_accuracy: 0.490022
EPOCH 52:
VALIDATION
valid epoch balanced_accuracy: 0.501386
EPOCH 53:
VALIDATION
valid epoch balanced_accuracy: 0.451774
EPOCH 54:
VALIDATION
valid epoch balanced_accuracy: 0.544069
EPOCH 55:
VALIDATION
valid epoch balanced_accuracy: 0.521341
EPOCH 56:
VALIDATION
valid epoch balanced_accuracy: 0.503880
EPOCH 57:
VALIDATION
valid epoch balanced_accuracy: 0.476164
EPOCH 58:
VALIDATION
valid epoch balanced_accuracy: 0.452605
EPOCH 59:
VALIDATION
valid epoch balanced_accuracy: 0.480322
EPOCH 60:
VALIDATION
valid epoch balanced_accuracy: 0.488359
EPOCH 61:
VALIDATION
valid epoch balanced_accuracy: 0.416851
EPOCH 62:
VALIDATION
valid epoch balanced_accuracy: 0.539080
EPOCH 63:
VALIDATION
valid epoch balanced_accuracy: 0.487528
EPOCH 64:
VALIDATION
valid epoch balanced_accuracy: 0.457040
EPOCH 65:
VALIDATION
valid epoch balanced_accuracy: 0.453437
EPOCH 66:
VALIDATION
valid epoch balanced_accuracy: 0.483093
EPOCH 67:
VALIDATION
valid epoch balanced_accuracy: 0.452605
EPOCH 68:
VALIDATION
valid epoch balanced_accuracy: 0.482262
EARLY STOPPING: rolling validation balanced accuracy did not improve for 60 epochs and validation loss increased over the same window.
accuracy: 0.642857
sensitivity: 0.195652
precision: 0.529412
specificity: 0.900000
IoU: 0.166667
FAR: 0.100000
F1: 0.285714
balanced_accuracy: 0.547826
loss: 0.776807
