Waiting for exclusive access to GPU GPU-03552530-e0ea-aba8-6e58-1c63bbaea5f4.
=== GROUP: CRAL-TRIO | VARIANT: bidir_edges_standard | SEED: 1 | GPU: Tesla V100-SXM2-32GB ===

number of parameters : 1075406
train : (970, 12)
valid : (180, 12)
test : (181, 12)
class weights : [1.1602870225906372, 0.8786231875419617]
data extracted
EPOCH 1:
VALIDATION
valid epoch balanced_accuracy: 0.366667
EPOCH 2:
VALIDATION
valid epoch balanced_accuracy: 0.487619
EPOCH 3:
VALIDATION
valid epoch balanced_accuracy: 0.507619
EPOCH 4:
VALIDATION
valid epoch balanced_accuracy: 0.520000
EPOCH 5:
VALIDATION
valid epoch balanced_accuracy: 0.588571
EPOCH 6:
VALIDATION
valid epoch balanced_accuracy: 0.528571
EPOCH 7:
VALIDATION
valid epoch balanced_accuracy: 0.535238
EPOCH 8:
VALIDATION
valid epoch balanced_accuracy: 0.656190
EPOCH 9:
VALIDATION
valid epoch balanced_accuracy: 0.725714
EPOCH 10:
VALIDATION
valid epoch balanced_accuracy: 0.604762
EPOCH 11:
VALIDATION
valid epoch balanced_accuracy: 0.587619
EPOCH 12:
VALIDATION
valid epoch balanced_accuracy: 0.657143
EPOCH 13:
VALIDATION
valid epoch balanced_accuracy: 0.566667
EPOCH 14:
VALIDATION
valid epoch balanced_accuracy: 0.665714
EPOCH 15:
VALIDATION
valid epoch balanced_accuracy: 0.630476
EPOCH 16:
VALIDATION
valid epoch balanced_accuracy: 0.549524
EPOCH 17:
VALIDATION
valid epoch balanced_accuracy: 0.557143
EPOCH 18:
VALIDATION
valid epoch balanced_accuracy: 0.545714
EPOCH 19:
VALIDATION
valid epoch balanced_accuracy: 0.485714
EPOCH 20:
VALIDATION
valid epoch balanced_accuracy: 0.440000
EPOCH 21:
VALIDATION
valid epoch balanced_accuracy: 0.540952
EPOCH 22:
VALIDATION
valid epoch balanced_accuracy: 0.624762
EPOCH 23:
VALIDATION
valid epoch balanced_accuracy: 0.632381
EPOCH 24:
VALIDATION
valid epoch balanced_accuracy: 0.534286
EPOCH 25:
VALIDATION
valid epoch balanced_accuracy: 0.538095
EPOCH 26:
VALIDATION
valid epoch balanced_accuracy: 0.630476
EPOCH 27:
VALIDATION
valid epoch balanced_accuracy: 0.512381
EPOCH 28:
VALIDATION
valid epoch balanced_accuracy: 0.610476
EPOCH 29:
VALIDATION
valid epoch balanced_accuracy: 0.592381
EPOCH 30:
VALIDATION
valid epoch balanced_accuracy: 0.651429
EPOCH 31:
VALIDATION
valid epoch balanced_accuracy: 0.528571
EPOCH 32:
VALIDATION
valid epoch balanced_accuracy: 0.555238
EPOCH 33:
VALIDATION
valid epoch balanced_accuracy: 0.421905
EPOCH 34:
VALIDATION
valid epoch balanced_accuracy: 0.435238
EPOCH 35:
VALIDATION
valid epoch balanced_accuracy: 0.633333
EPOCH 36:
VALIDATION
valid epoch balanced_accuracy: 0.652381
EPOCH 37:
VALIDATION
valid epoch balanced_accuracy: 0.561905
EPOCH 38:
VALIDATION
valid epoch balanced_accuracy: 0.427619
EPOCH 39:
VALIDATION
valid epoch balanced_accuracy: 0.526667
EPOCH 40:
VALIDATION
valid epoch balanced_accuracy: 0.623810
EPOCH 41:
VALIDATION
valid epoch balanced_accuracy: 0.520000
EPOCH 42:
VALIDATION
valid epoch balanced_accuracy: 0.486667
EPOCH 43:
VALIDATION
valid epoch balanced_accuracy: 0.472381
EPOCH 44:
VALIDATION
valid epoch balanced_accuracy: 0.504762
EPOCH 45:
VALIDATION
valid epoch balanced_accuracy: 0.565714
EPOCH 46:
VALIDATION
valid epoch balanced_accuracy: 0.559048
EPOCH 47:
VALIDATION
valid epoch balanced_accuracy: 0.437143
EPOCH 48:
VALIDATION
valid epoch balanced_accuracy: 0.514286
EPOCH 49:
VALIDATION
valid epoch balanced_accuracy: 0.574286
EPOCH 50:
VALIDATION
valid epoch balanced_accuracy: 0.486667
EPOCH 51:
VALIDATION
valid epoch balanced_accuracy: 0.523810
EPOCH 52:
VALIDATION
valid epoch balanced_accuracy: 0.495238
EPOCH 53:
VALIDATION
valid epoch balanced_accuracy: 0.447619
EPOCH 54:
VALIDATION
valid epoch balanced_accuracy: 0.626667
EPOCH 55:
VALIDATION
valid epoch balanced_accuracy: 0.595238
EPOCH 56:
VALIDATION
valid epoch balanced_accuracy: 0.462857
EPOCH 57:
VALIDATION
valid epoch balanced_accuracy: 0.564762
EPOCH 58:
VALIDATION
valid epoch balanced_accuracy: 0.513333
EPOCH 59:
VALIDATION
valid epoch balanced_accuracy: 0.500000
EPOCH 60:
VALIDATION
valid epoch balanced_accuracy: 0.557143
EPOCH 61:
VALIDATION
valid epoch balanced_accuracy: 0.593333
EPOCH 62:
VALIDATION
valid epoch balanced_accuracy: 0.494286
EPOCH 63:
VALIDATION
valid epoch balanced_accuracy: 0.499048
EPOCH 64:
VALIDATION
valid epoch balanced_accuracy: 0.546667
EPOCH 65:
VALIDATION
valid epoch balanced_accuracy: 0.500952
EPOCH 66:
VALIDATION
valid epoch balanced_accuracy: 0.495238
EPOCH 67:
VALIDATION
valid epoch balanced_accuracy: 0.455238
EPOCH 68:
VALIDATION
valid epoch balanced_accuracy: 0.482857
EPOCH 69:
VALIDATION
valid epoch balanced_accuracy: 0.503810
EPOCH 70:
VALIDATION
valid epoch balanced_accuracy: 0.506667
EPOCH 71:
VALIDATION
valid epoch balanced_accuracy: 0.480000
EPOCH 72:
VALIDATION
valid epoch balanced_accuracy: 0.488571
EARLY STOPPING: rolling validation balanced accuracy did not improve for 60 epochs and validation loss increased over the same window.
accuracy: 0.574586
sensitivity: 0.484848
precision: 0.648649
specificity: 0.682927
IoU: 0.384000
FAR: 0.317073
F1: 0.554913
balanced_accuracy: 0.583888
loss: 0.751242
