Waiting for exclusive access to GPU GPU-69db9281-b6cc-2928-3dcb-e62f96efbe2e.
=== GROUP: START | VARIANT: bbp_fa_nps3mlp_dpt01_wd0001_gm_plm64_hid64_GRL_dp_rmpft | SEED: 3 | GPU: NVIDIA H100 ===

number of parameters : 1279114
train : (1112, 12)
valid : (200, 12)
test : (200, 12)
class weights : [1.0, 1.0]
balanced batches : 70 per epoch covering all 1112 train rows, target 8 positive + 8 unlabeled
cache warmed : 35 proteins, 409 lipid encodings, 0 lipid graphs, 131 MiB
data extracted
EPOCH 1:
VALIDATION
valid epoch balanced_accuracy: 0.483435
EPOCH 2:
VALIDATION
valid epoch balanced_accuracy: 0.478581
EPOCH 3:
VALIDATION
valid epoch balanced_accuracy: 0.505005
EPOCH 4:
VALIDATION
valid epoch balanced_accuracy: 0.525323
EPOCH 5:
VALIDATION
valid epoch balanced_accuracy: 0.507707
EPOCH 6:
VALIDATION
valid epoch balanced_accuracy: 0.521369
EPOCH 7:
VALIDATION
valid epoch balanced_accuracy: 0.518667
EPOCH 8:
VALIDATION
valid epoch balanced_accuracy: 0.531078
EPOCH 9:
VALIDATION
valid epoch balanced_accuracy: 0.510760
EPOCH 10:
VALIDATION
valid epoch balanced_accuracy: 0.520769
EPOCH 11:
VALIDATION
valid epoch balanced_accuracy: 0.537784
EPOCH 12:
VALIDATION
valid epoch balanced_accuracy: 0.503153
EPOCH 13:
VALIDATION
valid epoch balanced_accuracy: 0.515914
EPOCH 14:
VALIDATION
valid epoch balanced_accuracy: 0.545991
EPOCH 15:
VALIDATION
valid epoch balanced_accuracy: 0.585627
EPOCH 16:
VALIDATION
valid epoch balanced_accuracy: 0.490391
EPOCH 17:
VALIDATION
valid epoch balanced_accuracy: 0.562957
EPOCH 18:
VALIDATION
valid epoch balanced_accuracy: 0.538635
EPOCH 19:
VALIDATION
valid epoch balanced_accuracy: 0.514963
EPOCH 20:
VALIDATION
valid epoch balanced_accuracy: 0.554449
EPOCH 21:
VALIDATION
valid epoch balanced_accuracy: 0.560755
EPOCH 22:
VALIDATION
valid epoch balanced_accuracy: 0.612101
EPOCH 23:
VALIDATION
valid epoch balanced_accuracy: 0.569312
EPOCH 24:
VALIDATION
valid epoch balanced_accuracy: 0.549895
EPOCH 25:
VALIDATION
valid epoch balanced_accuracy: 0.565359
EPOCH 26:
VALIDATION
valid epoch balanced_accuracy: 0.501001
EPOCH 27:
VALIDATION
valid epoch balanced_accuracy: 0.531078
EPOCH 28:
VALIDATION
valid epoch balanced_accuracy: 0.616955
EPOCH 29:
VALIDATION
valid epoch balanced_accuracy: 0.523471
EPOCH 30:
VALIDATION
valid epoch balanced_accuracy: 0.434541
EPOCH 31:
VALIDATION
valid epoch balanced_accuracy: 0.580172
EPOCH 32:
VALIDATION
valid epoch balanced_accuracy: 0.554399
EPOCH 33:
VALIDATION
valid epoch balanced_accuracy: 0.533180
EPOCH 34:
VALIDATION
valid epoch balanced_accuracy: 0.565059
EPOCH 35:
VALIDATION
valid epoch balanced_accuracy: 0.520719
EPOCH 36:
VALIDATION
valid epoch balanced_accuracy: 0.600240
EPOCH 37:
VALIDATION
valid epoch balanced_accuracy: 0.529226
EPOCH 38:
VALIDATION
valid epoch balanced_accuracy: 0.539536
EPOCH 39:
VALIDATION
valid epoch balanced_accuracy: 0.575618
EPOCH 40:
VALIDATION
valid epoch balanced_accuracy: 0.587178
EPOCH 41:
VALIDATION
valid epoch balanced_accuracy: 0.544690
EPOCH 42:
VALIDATION
valid epoch balanced_accuracy: 0.586278
EPOCH 43:
VALIDATION
valid epoch balanced_accuracy: 0.578070
EPOCH 44:
VALIDATION
valid epoch balanced_accuracy: 0.567461
EPOCH 45:
VALIDATION
valid epoch balanced_accuracy: 0.577169
EPOCH 46:
VALIDATION
valid epoch balanced_accuracy: 0.606596
EPOCH 47:
VALIDATION
valid epoch balanced_accuracy: 0.586578
EPOCH 48:
VALIDATION
valid epoch balanced_accuracy: 0.608398
EPOCH 49:
VALIDATION
valid epoch balanced_accuracy: 0.585027
EPOCH 50:
VALIDATION
valid epoch balanced_accuracy: 0.573516
EPOCH 51:
VALIDATION
valid epoch balanced_accuracy: 0.548043
EPOCH 52:
VALIDATION
valid epoch balanced_accuracy: 0.568061
EPOCH 53:
VALIDATION
valid epoch balanced_accuracy: 0.543789
EPOCH 54:
VALIDATION
valid epoch balanced_accuracy: 0.537384
EPOCH 55:
VALIDATION
valid epoch balanced_accuracy: 0.558353
EPOCH 56:
VALIDATION
valid epoch balanced_accuracy: 0.596587
EPOCH 57:
VALIDATION
valid epoch balanced_accuracy: 0.575618
EPOCH 58:
VALIDATION
valid epoch balanced_accuracy: 0.606596
EPOCH 59:
VALIDATION
valid epoch balanced_accuracy: 0.589581
EPOCH 60:
VALIDATION
valid epoch balanced_accuracy: 0.563807
EPOCH 61:
VALIDATION
valid epoch balanced_accuracy: 0.554399
EPOCH 62:
VALIDATION
valid epoch balanced_accuracy: 0.576219
EPOCH 63:
VALIDATION
valid epoch balanced_accuracy: 0.605645
EPOCH 64:
VALIDATION
valid epoch balanced_accuracy: 0.623561
EPOCH 65:
VALIDATION
valid epoch balanced_accuracy: 0.570463
EPOCH 66:
VALIDATION
valid epoch balanced_accuracy: 0.575918
EPOCH 67:
VALIDATION
valid epoch balanced_accuracy: 0.572265
EPOCH 68:
VALIDATION
valid epoch balanced_accuracy: 0.642128
EPOCH 69:
VALIDATION
valid epoch balanced_accuracy: 0.663948
EPOCH 70:
VALIDATION
valid epoch balanced_accuracy: 0.585027
EPOCH 71:
VALIDATION
valid epoch balanced_accuracy: 0.590782
EPOCH 72:
VALIDATION
valid epoch balanced_accuracy: 0.642078
EPOCH 73:
VALIDATION
valid epoch balanced_accuracy: 0.571715
EPOCH 74:
VALIDATION
valid epoch balanced_accuracy: 0.571664
EPOCH 75:
VALIDATION
valid epoch balanced_accuracy: 0.558653
EPOCH 76:
VALIDATION
valid epoch balanced_accuracy: 0.592333
EPOCH 77:
VALIDATION
valid epoch balanced_accuracy: 0.599289
EPOCH 78:
VALIDATION
valid epoch balanced_accuracy: 0.559854
EPOCH 79:
VALIDATION
valid epoch balanced_accuracy: 0.585027
EPOCH 80:
VALIDATION
valid epoch balanced_accuracy: 0.627214
EPOCH 81:
VALIDATION
valid epoch balanced_accuracy: 0.615054
EPOCH 82:
VALIDATION
valid epoch balanced_accuracy: 0.571364
EPOCH 83:
VALIDATION
valid epoch balanced_accuracy: 0.593234
EPOCH 84:
VALIDATION
valid epoch balanced_accuracy: 0.527074
EPOCH 85:
VALIDATION
valid epoch balanced_accuracy: 0.631118
EPOCH 86:
VALIDATION
valid epoch balanced_accuracy: 0.541337
EPOCH 87:
VALIDATION
valid epoch balanced_accuracy: 0.582624
EPOCH 88:
VALIDATION
valid epoch balanced_accuracy: 0.620559
EPOCH 89:
VALIDATION
valid epoch balanced_accuracy: 0.520118
EPOCH 90:
VALIDATION
valid epoch balanced_accuracy: 0.527074
EPOCH 91:
VALIDATION
valid epoch balanced_accuracy: 0.584426
EPOCH 92:
VALIDATION
valid epoch balanced_accuracy: 0.605645
EPOCH 93:
VALIDATION
valid epoch balanced_accuracy: 0.576519
EPOCH 94:
VALIDATION
valid epoch balanced_accuracy: 0.588029
EPOCH 95:
VALIDATION
valid epoch balanced_accuracy: 0.554399
EPOCH 96:
VALIDATION
valid epoch balanced_accuracy: 0.621109
EPOCH 97:
VALIDATION
valid epoch balanced_accuracy: 0.593234
EPOCH 98:
VALIDATION
valid epoch balanced_accuracy: 0.564108
EPOCH 99:
VALIDATION
valid epoch balanced_accuracy: 0.590181
EPOCH 100:
VALIDATION
valid epoch balanced_accuracy: 0.626013
EPOCH 101:
VALIDATION
valid epoch balanced_accuracy: 0.618407
EPOCH 102:
VALIDATION
valid epoch balanced_accuracy: 0.546792
EPOCH 103:
VALIDATION
valid epoch balanced_accuracy: 0.516165
EPOCH 104:
VALIDATION
valid epoch balanced_accuracy: 0.492193
EPOCH 105:
VALIDATION
valid epoch balanced_accuracy: 0.560154
EPOCH 106:
VALIDATION
valid epoch balanced_accuracy: 0.562857
EPOCH 107:
VALIDATION
valid epoch balanced_accuracy: 0.570163
EPOCH 108:
VALIDATION
valid epoch balanced_accuracy: 0.605045
EPOCH 109:
VALIDATION
valid epoch balanced_accuracy: 0.579572
EPOCH 110:
VALIDATION
valid epoch balanced_accuracy: 0.595036
EPOCH 111:
VALIDATION
valid epoch balanced_accuracy: 0.506756
EPOCH 112:
VALIDATION
valid epoch balanced_accuracy: 0.648484
EPOCH 113:
VALIDATION
valid epoch balanced_accuracy: 0.510409
EPOCH 114:
VALIDATION
valid epoch balanced_accuracy: 0.549845
EPOCH 115:
VALIDATION
valid epoch balanced_accuracy: 0.549244
EPOCH 116:
VALIDATION
valid epoch balanced_accuracy: 0.521619
EPOCH 117:
VALIDATION
valid epoch balanced_accuracy: 0.603843
EPOCH 118:
VALIDATION
valid epoch balanced_accuracy: 0.594735
EPOCH 119:
VALIDATION
valid epoch balanced_accuracy: 0.570764
EPOCH 120:
VALIDATION
valid epoch balanced_accuracy: 0.562606
EPOCH 121:
VALIDATION
valid epoch balanced_accuracy: 0.584126
EPOCH 122:
VALIDATION
valid epoch balanced_accuracy: 0.502202
EPOCH 123:
VALIDATION
valid epoch balanced_accuracy: 0.545591
EPOCH 124:
VALIDATION
valid epoch balanced_accuracy: 0.626614
EPOCH 125:
VALIDATION
valid epoch balanced_accuracy: 0.507957
EPOCH 126:
VALIDATION
valid epoch balanced_accuracy: 0.534681
EPOCH 127:
VALIDATION
valid epoch balanced_accuracy: 0.524372
EPOCH 128:
VALIDATION
valid epoch balanced_accuracy: 0.652737
EPOCH 129:
VALIDATION
valid epoch balanced_accuracy: 0.626914
EPOCH 130:
VALIDATION
valid epoch balanced_accuracy: 0.604444
EPOCH 131:
VALIDATION
valid epoch balanced_accuracy: 0.593534
EPOCH 132:
VALIDATION
valid epoch balanced_accuracy: 0.511310
EPOCH 133:
VALIDATION
valid epoch balanced_accuracy: 0.579271
EPOCH 134:
VALIDATION
valid epoch balanced_accuracy: 0.568662
EPOCH 135:
VALIDATION
valid epoch balanced_accuracy: 0.507357
EPOCH 136:
VALIDATION
valid epoch balanced_accuracy: 0.563807
EPOCH 137:
VALIDATION
valid epoch balanced_accuracy: 0.578070
EPOCH 138:
VALIDATION
valid epoch balanced_accuracy: 0.577169
EPOCH 139:
VALIDATION
valid epoch balanced_accuracy: 0.578070
EPOCH 140:
VALIDATION
valid epoch balanced_accuracy: 0.635122
EPOCH 141:
VALIDATION
valid epoch balanced_accuracy: 0.548944
EPOCH 142:
VALIDATION
valid epoch balanced_accuracy: 0.593234
EPOCH 143:
VALIDATION
valid epoch balanced_accuracy: 0.602342
EPOCH 144:
VALIDATION
valid epoch balanced_accuracy: 0.574117
EPOCH 145:
VALIDATION
valid epoch balanced_accuracy: 0.554099
EPOCH 146:
VALIDATION
valid epoch balanced_accuracy: 0.596587
EPOCH 147:
VALIDATION
valid epoch balanced_accuracy: 0.593234
EPOCH 148:
VALIDATION
valid epoch balanced_accuracy: 0.568362
EPOCH 149:
VALIDATION
valid epoch balanced_accuracy: 0.621760
EPOCH 150:
VALIDATION
valid epoch balanced_accuracy: 0.592633
accuracy: 0.630000
sensitivity: 0.680412
precision: 0.605505
specificity: 0.582524
IoU: 0.471429
FAR: 0.417476
F1: 0.640777
balanced_accuracy: 0.631468
loss: 1.321449
