=== GROUP: GLTP | VARIANT: bbp_fa_nps3mlp_dpt01_gm_plm64_hid64_GRL_dp_rmpft | SEED: 0 | GPU: NVIDIA H100 | SLOT: 3 ===

number of parameters : 1279114
train : (1350, 12)
valid : (81, 12)
test : (81, 12)
class weights : [1.0, 1.0]
balanced batches : 85 per epoch covering all 1350 train rows, target 8 positive + 8 unlabeled
cache warmed : 35 proteins, 409 lipid encodings, 0 lipid graphs, 131 MiB
data extracted
EPOCH 1:
VALIDATION
valid epoch balanced_accuracy: 0.220209
EPOCH 2:
VALIDATION
valid epoch balanced_accuracy: 0.238022
EPOCH 3:
VALIDATION
valid epoch balanced_accuracy: 0.269963
EPOCH 4:
VALIDATION
valid epoch balanced_accuracy: 0.252150
EPOCH 5:
VALIDATION
valid epoch balanced_accuracy: 0.249386
EPOCH 6:
VALIDATION
valid epoch balanced_accuracy: 0.283477
EPOCH 7:
VALIDATION
valid epoch balanced_accuracy: 0.297604
EPOCH 8:
VALIDATION
valid epoch balanced_accuracy: 0.299754
EPOCH 9:
VALIDATION
valid epoch balanced_accuracy: 0.299754
EPOCH 10:
VALIDATION
valid epoch balanced_accuracy: 0.299140
EPOCH 11:
VALIDATION
valid epoch balanced_accuracy: 0.290541
EPOCH 12:
VALIDATION
valid epoch balanced_accuracy: 0.354423
EPOCH 13:
VALIDATION
valid epoch balanced_accuracy: 0.290541
EPOCH 14:
VALIDATION
valid epoch balanced_accuracy: 0.388514
EPOCH 15:
VALIDATION
valid epoch balanced_accuracy: 0.269963
EPOCH 16:
VALIDATION
valid epoch balanced_accuracy: 0.378686
EPOCH 17:
VALIDATION
valid epoch balanced_accuracy: 0.406327
EPOCH 18:
VALIDATION
valid epoch balanced_accuracy: 0.285627
EPOCH 19:
VALIDATION
valid epoch balanced_accuracy: 0.285627
EPOCH 20:
VALIDATION
valid epoch balanced_accuracy: 0.376536
EPOCH 21:
VALIDATION
valid epoch balanced_accuracy: 0.351658
EPOCH 22:
VALIDATION
valid epoch balanced_accuracy: 0.399263
EPOCH 23:
VALIDATION
valid epoch balanced_accuracy: 0.463145
EPOCH 24:
VALIDATION
valid epoch balanced_accuracy: 0.308354
EPOCH 25:
VALIDATION
valid epoch balanced_accuracy: 0.319717
EPOCH 26:
VALIDATION
valid epoch balanced_accuracy: 0.319717
EPOCH 27:
VALIDATION
valid epoch balanced_accuracy: 0.308354
EPOCH 28:
VALIDATION
valid epoch balanced_accuracy: 0.299140
EPOCH 29:
VALIDATION
valid epoch balanced_accuracy: 0.331081
EPOCH 30:
VALIDATION
valid epoch balanced_accuracy: 0.331081
EPOCH 31:
VALIDATION
valid epoch balanced_accuracy: 0.353808
EPOCH 32:
VALIDATION
valid epoch balanced_accuracy: 0.365172
EPOCH 33:
VALIDATION
valid epoch balanced_accuracy: 0.376536
EPOCH 34:
VALIDATION
valid epoch balanced_accuracy: 0.399263
EPOCH 35:
VALIDATION
valid epoch balanced_accuracy: 0.365172
EPOCH 36:
VALIDATION
valid epoch balanced_accuracy: 0.365172
EPOCH 37:
VALIDATION
valid epoch balanced_accuracy: 0.387899
EPOCH 38:
VALIDATION
valid epoch balanced_accuracy: 0.342445
EPOCH 39:
VALIDATION
valid epoch balanced_accuracy: 0.399263
EPOCH 40:
VALIDATION
valid epoch balanced_accuracy: 0.353808
EPOCH 41:
VALIDATION
valid epoch balanced_accuracy: 0.397113
EPOCH 42:
VALIDATION
valid epoch balanced_accuracy: 0.353808
EPOCH 43:
VALIDATION
valid epoch balanced_accuracy: 0.376536
EPOCH 44:
VALIDATION
valid epoch balanced_accuracy: 0.410627
EPOCH 45:
VALIDATION
valid epoch balanced_accuracy: 0.453931
EPOCH 46:
VALIDATION
valid epoch balanced_accuracy: 0.433354
EPOCH 47:
VALIDATION
valid epoch balanced_accuracy: 0.408477
EPOCH 48:
VALIDATION
valid epoch balanced_accuracy: 0.410627
EPOCH 49:
VALIDATION
valid epoch balanced_accuracy: 0.456081
EPOCH 50:
VALIDATION
valid epoch balanced_accuracy: 0.399263
EPOCH 51:
VALIDATION
valid epoch balanced_accuracy: 0.417690
EPOCH 52:
VALIDATION
valid epoch balanced_accuracy: 0.417690
EPOCH 53:
VALIDATION
valid epoch balanced_accuracy: 0.365172
EPOCH 54:
VALIDATION
valid epoch balanced_accuracy: 0.376536
EPOCH 55:
VALIDATION
valid epoch balanced_accuracy: 0.387899
EPOCH 56:
VALIDATION
valid epoch balanced_accuracy: 0.419840
EPOCH 57:
VALIDATION
valid epoch balanced_accuracy: 0.421990
EPOCH 58:
VALIDATION
valid epoch balanced_accuracy: 0.342445
EPOCH 59:
VALIDATION
valid epoch balanced_accuracy: 0.399263
EPOCH 60:
VALIDATION
valid epoch balanced_accuracy: 0.385749
EPOCH 61:
VALIDATION
valid epoch balanced_accuracy: 0.331081
EPOCH 62:
VALIDATION
valid epoch balanced_accuracy: 0.453931
EPOCH 63:
VALIDATION
valid epoch balanced_accuracy: 0.385749
EPOCH 64:
VALIDATION
valid epoch balanced_accuracy: 0.476658
EPOCH 65:
VALIDATION
valid epoch balanced_accuracy: 0.449631
EPOCH 66:
VALIDATION
valid epoch balanced_accuracy: 0.353808
EPOCH 67:
VALIDATION
valid epoch balanced_accuracy: 0.410627
EPOCH 68:
VALIDATION
valid epoch balanced_accuracy: 0.433354
EPOCH 69:
VALIDATION
valid epoch balanced_accuracy: 0.387899
EPOCH 70:
VALIDATION
valid epoch balanced_accuracy: 0.376536
EPOCH 71:
VALIDATION
valid epoch balanced_accuracy: 0.365172
EPOCH 72:
VALIDATION
valid epoch balanced_accuracy: 0.342445
EPOCH 73:
VALIDATION
valid epoch balanced_accuracy: 0.442568
EPOCH 74:
VALIDATION
valid epoch balanced_accuracy: 0.397113
EPOCH 75:
VALIDATION
valid epoch balanced_accuracy: 0.426904
EPOCH 76:
VALIDATION
valid epoch balanced_accuracy: 0.495086
EPOCH 77:
VALIDATION
valid epoch balanced_accuracy: 0.331081
EPOCH 78:
VALIDATION
valid epoch balanced_accuracy: 0.408477
EPOCH 79:
VALIDATION
valid epoch balanced_accuracy: 0.467445
EPOCH 80:
VALIDATION
valid epoch balanced_accuracy: 0.465295
EPOCH 81:
VALIDATION
valid epoch balanced_accuracy: 0.410627
EPOCH 82:
VALIDATION
valid epoch balanced_accuracy: 0.444717
EPOCH 83:
VALIDATION
valid epoch balanced_accuracy: 0.397113
EPOCH 84:
VALIDATION
valid epoch balanced_accuracy: 0.453931
EPOCH 85:
VALIDATION
valid epoch balanced_accuracy: 0.410627
EPOCH 86:
VALIDATION
valid epoch balanced_accuracy: 0.387899
EPOCH 87:
VALIDATION
valid epoch balanced_accuracy: 0.433354
EPOCH 88:
VALIDATION
valid epoch balanced_accuracy: 0.442568
EPOCH 89:
VALIDATION
valid epoch balanced_accuracy: 0.399263
EPOCH 90:
VALIDATION
valid epoch balanced_accuracy: 0.419840
EPOCH 91:
VALIDATION
valid epoch balanced_accuracy: 0.442568
EPOCH 92:
VALIDATION
valid epoch balanced_accuracy: 0.460995
EPOCH 93:
VALIDATION
valid epoch balanced_accuracy: 0.465295
EPOCH 94:
VALIDATION
valid epoch balanced_accuracy: 0.410627
EPOCH 95:
VALIDATION
valid epoch balanced_accuracy: 0.433354
EPOCH 96:
VALIDATION
valid epoch balanced_accuracy: 0.431204
EPOCH 97:
VALIDATION
valid epoch balanced_accuracy: 0.429054
EPOCH 98:
VALIDATION
valid epoch balanced_accuracy: 0.399263
EPOCH 99:
VALIDATION
valid epoch balanced_accuracy: 0.444717
EPOCH 100:
VALIDATION
valid epoch balanced_accuracy: 0.442568
EPOCH 101:
VALIDATION
valid epoch balanced_accuracy: 0.419840
EPOCH 102:
VALIDATION
valid epoch balanced_accuracy: 0.383600
EPOCH 103:
VALIDATION
valid epoch balanced_accuracy: 0.460995
EPOCH 104:
VALIDATION
valid epoch balanced_accuracy: 0.460995
EPOCH 105:
VALIDATION
valid epoch balanced_accuracy: 0.421990
EPOCH 106:
VALIDATION
valid epoch balanced_accuracy: 0.421990
EPOCH 107:
VALIDATION
valid epoch balanced_accuracy: 0.387899
EPOCH 108:
VALIDATION
valid epoch balanced_accuracy: 0.421990
EPOCH 109:
VALIDATION
valid epoch balanced_accuracy: 0.353808
EPOCH 110:
VALIDATION
valid epoch balanced_accuracy: 0.421990
EPOCH 111:
VALIDATION
valid epoch balanced_accuracy: 0.370086
EPOCH 112:
VALIDATION
valid epoch balanced_accuracy: 0.404177
EPOCH 113:
VALIDATION
valid epoch balanced_accuracy: 0.387899
EPOCH 114:
VALIDATION
valid epoch balanced_accuracy: 0.399263
EPOCH 115:
VALIDATION
valid epoch balanced_accuracy: 0.365172
EPOCH 116:
VALIDATION
valid epoch balanced_accuracy: 0.429054
EPOCH 117:
VALIDATION
valid epoch balanced_accuracy: 0.347359
EPOCH 118:
VALIDATION
valid epoch balanced_accuracy: 0.453931
EPOCH 119:
VALIDATION
valid epoch balanced_accuracy: 0.408477
EPOCH 120:
VALIDATION
valid epoch balanced_accuracy: 0.431204
EPOCH 121:
VALIDATION
valid epoch balanced_accuracy: 0.433354
EPOCH 122:
VALIDATION
valid epoch balanced_accuracy: 0.410627
EPOCH 123:
VALIDATION
valid epoch balanced_accuracy: 0.387899
EPOCH 124:
VALIDATION
valid epoch balanced_accuracy: 0.421990
EPOCH 125:
VALIDATION
valid epoch balanced_accuracy: 0.347359
EPOCH 126:
VALIDATION
valid epoch balanced_accuracy: 0.446867
EPOCH 127:
VALIDATION
valid epoch balanced_accuracy: 0.365172
EPOCH 128:
VALIDATION
valid epoch balanced_accuracy: 0.406327
EPOCH 129:
VALIDATION
valid epoch balanced_accuracy: 0.485872
EPOCH 130:
VALIDATION
valid epoch balanced_accuracy: 0.417690
EPOCH 131:
VALIDATION
valid epoch balanced_accuracy: 0.397113
EPOCH 132:
VALIDATION
valid epoch balanced_accuracy: 0.308354
EPOCH 133:
VALIDATION
valid epoch balanced_accuracy: 0.374386
EPOCH 134:
VALIDATION
valid epoch balanced_accuracy: 0.399263
EPOCH 135:
VALIDATION
valid epoch balanced_accuracy: 0.410627
EPOCH 136:
VALIDATION
valid epoch balanced_accuracy: 0.353808
EPOCH 137:
VALIDATION
valid epoch balanced_accuracy: 0.399263
EPOCH 138:
VALIDATION
valid epoch balanced_accuracy: 0.399263
EPOCH 139:
VALIDATION
valid epoch balanced_accuracy: 0.421990
EPOCH 140:
VALIDATION
valid epoch balanced_accuracy: 0.365172
EPOCH 141:
VALIDATION
valid epoch balanced_accuracy: 0.387899
EPOCH 142:
VALIDATION
valid epoch balanced_accuracy: 0.365172
EPOCH 143:
VALIDATION
valid epoch balanced_accuracy: 0.408477
EPOCH 144:
VALIDATION
valid epoch balanced_accuracy: 0.365172
EPOCH 145:
VALIDATION
valid epoch balanced_accuracy: 0.319717
EPOCH 146:
VALIDATION
valid epoch balanced_accuracy: 0.379300
EPOCH 147:
VALIDATION
valid epoch balanced_accuracy: 0.431204
EPOCH 148:
VALIDATION
valid epoch balanced_accuracy: 0.360872
EPOCH 149:
VALIDATION
valid epoch balanced_accuracy: 0.387899
EPOCH 150:
VALIDATION
valid epoch balanced_accuracy: 0.410627
accuracy: 0.395062
sensitivity: 0.045455
precision: 0.222222
specificity: 0.810811
IoU: 0.039216
FAR: 0.189189
F1: 0.075472
balanced_accuracy: 0.428133
loss: 10.329759
