
number of parameters : 1098455
train : (1076, 12)
valid : (128, 12)
test : (127, 12)
class weights : [1.312195062637329, 0.8078078031539917]
data extracted
EPOCH 1:
VALIDATION
valid epoch balanced_accuracy: 0.406250
EPOCH 2:
VALIDATION
valid epoch balanced_accuracy: 0.518750
EPOCH 3:
VALIDATION
valid epoch balanced_accuracy: 0.487500
EPOCH 4:
VALIDATION
valid epoch balanced_accuracy: 0.500000
EPOCH 5:
VALIDATION
valid epoch balanced_accuracy: 0.535417
EPOCH 6:
VALIDATION
valid epoch balanced_accuracy: 0.504167
EPOCH 7:
VALIDATION
valid epoch balanced_accuracy: 0.564583
EPOCH 8:
VALIDATION
valid epoch balanced_accuracy: 0.552083
EPOCH 9:
VALIDATION
valid epoch balanced_accuracy: 0.512500
EPOCH 10:
VALIDATION
valid epoch balanced_accuracy: 0.562500
EPOCH 11:
VALIDATION
valid epoch balanced_accuracy: 0.533333
EPOCH 12:
VALIDATION
valid epoch balanced_accuracy: 0.545833
EPOCH 13:
VALIDATION
valid epoch balanced_accuracy: 0.608333
EPOCH 14:
VALIDATION
valid epoch balanced_accuracy: 0.645833
EPOCH 15:
VALIDATION
valid epoch balanced_accuracy: 0.722917
EPOCH 16:
VALIDATION
valid epoch balanced_accuracy: 0.620833
EPOCH 17:
VALIDATION
valid epoch balanced_accuracy: 0.679167
EPOCH 18:
VALIDATION
valid epoch balanced_accuracy: 0.679167
EPOCH 19:
VALIDATION
valid epoch balanced_accuracy: 0.745833
EPOCH 20:
VALIDATION
valid epoch balanced_accuracy: 0.708333
EPOCH 21:
VALIDATION
valid epoch balanced_accuracy: 0.625000
EPOCH 22:
VALIDATION
valid epoch balanced_accuracy: 0.679167
EPOCH 23:
VALIDATION
valid epoch balanced_accuracy: 0.731250
EPOCH 24:
VALIDATION
valid epoch balanced_accuracy: 0.720833
EPOCH 25:
VALIDATION
valid epoch balanced_accuracy: 0.645833
EPOCH 26:
VALIDATION
valid epoch balanced_accuracy: 0.677083
EPOCH 27:
VALIDATION
valid epoch balanced_accuracy: 0.710417
EPOCH 28:
VALIDATION
valid epoch balanced_accuracy: 0.716667
EPOCH 29:
VALIDATION
valid epoch balanced_accuracy: 0.693750
EPOCH 30:
VALIDATION
valid epoch balanced_accuracy: 0.691667
EPOCH 31:
VALIDATION
valid epoch balanced_accuracy: 0.681250
EPOCH 32:
VALIDATION
valid epoch balanced_accuracy: 0.704167
EPOCH 33:
VALIDATION
valid epoch balanced_accuracy: 0.710417
EPOCH 34:
VALIDATION
valid epoch balanced_accuracy: 0.697917
EPOCH 35:
VALIDATION
valid epoch balanced_accuracy: 0.654167
EPOCH 36:
VALIDATION
valid epoch balanced_accuracy: 0.670833
EPOCH 37:
VALIDATION
valid epoch balanced_accuracy: 0.712500
EPOCH 38:
VALIDATION
valid epoch balanced_accuracy: 0.654167
EPOCH 39:
VALIDATION
valid epoch balanced_accuracy: 0.695833
EPOCH 40:
VALIDATION
valid epoch balanced_accuracy: 0.702083
EPOCH 41:
VALIDATION
valid epoch balanced_accuracy: 0.697917
EPOCH 42:
VALIDATION
valid epoch balanced_accuracy: 0.727083
EPOCH 43:
VALIDATION
valid epoch balanced_accuracy: 0.702083
EPOCH 44:
VALIDATION
valid epoch balanced_accuracy: 0.641667
EPOCH 45:
VALIDATION
valid epoch balanced_accuracy: 0.704167
EPOCH 46:
VALIDATION
valid epoch balanced_accuracy: 0.741667
EPOCH 47:
VALIDATION
valid epoch balanced_accuracy: 0.708333
EPOCH 48:
VALIDATION
valid epoch balanced_accuracy: 0.747917
EPOCH 49:
VALIDATION
valid epoch balanced_accuracy: 0.652083
EPOCH 50:
VALIDATION
valid epoch balanced_accuracy: 0.729167
EPOCH 51:
VALIDATION
valid epoch balanced_accuracy: 0.727083
EPOCH 52:
VALIDATION
valid epoch balanced_accuracy: 0.650000
EPOCH 53:
VALIDATION
valid epoch balanced_accuracy: 0.745833
EPOCH 54:
VALIDATION
valid epoch balanced_accuracy: 0.716667
EPOCH 55:
VALIDATION
valid epoch balanced_accuracy: 0.672917
EPOCH 56:
VALIDATION
valid epoch balanced_accuracy: 0.706250
EPOCH 57:
VALIDATION
valid epoch balanced_accuracy: 0.720833
EPOCH 58:
VALIDATION
valid epoch balanced_accuracy: 0.675000
EPOCH 59:
VALIDATION
valid epoch balanced_accuracy: 0.702083
EPOCH 60:
VALIDATION
valid epoch balanced_accuracy: 0.672917
EPOCH 61:
VALIDATION
valid epoch balanced_accuracy: 0.695833
EPOCH 62:
VALIDATION
valid epoch balanced_accuracy: 0.687500
EPOCH 63:
VALIDATION
valid epoch balanced_accuracy: 0.704167
EPOCH 64:
VALIDATION
valid epoch balanced_accuracy: 0.685417
EPOCH 65:
VALIDATION
valid epoch balanced_accuracy: 0.689583
EPOCH 66:
VALIDATION
valid epoch balanced_accuracy: 0.708333
EPOCH 67:
VALIDATION
valid epoch balanced_accuracy: 0.706250
EPOCH 68:
VALIDATION
valid epoch balanced_accuracy: 0.687500
EPOCH 69:
VALIDATION
valid epoch balanced_accuracy: 0.664583
EPOCH 70:
VALIDATION
valid epoch balanced_accuracy: 0.722917
EPOCH 71:
VALIDATION
valid epoch balanced_accuracy: 0.714583
EPOCH 72:
VALIDATION
valid epoch balanced_accuracy: 0.716667
EPOCH 73:
VALIDATION
valid epoch balanced_accuracy: 0.704167
EPOCH 74:
VALIDATION
valid epoch balanced_accuracy: 0.762500
EPOCH 75:
VALIDATION
valid epoch balanced_accuracy: 0.727083
EPOCH 76:
VALIDATION
valid epoch balanced_accuracy: 0.735417
EPOCH 77:
VALIDATION
valid epoch balanced_accuracy: 0.735417
EPOCH 78:
VALIDATION
valid epoch balanced_accuracy: 0.739583
EPOCH 79:
VALIDATION
valid epoch balanced_accuracy: 0.697917
EPOCH 80:
VALIDATION
valid epoch balanced_accuracy: 0.714583
EPOCH 81:
VALIDATION
valid epoch balanced_accuracy: 0.722917
EPOCH 82:
VALIDATION
valid epoch balanced_accuracy: 0.741667
EPOCH 83:
VALIDATION
valid epoch balanced_accuracy: 0.720833
EPOCH 84:
VALIDATION
valid epoch balanced_accuracy: 0.733333
EPOCH 85:
VALIDATION
valid epoch balanced_accuracy: 0.729167
EPOCH 86:
VALIDATION
valid epoch balanced_accuracy: 0.704167
EPOCH 87:
VALIDATION
valid epoch balanced_accuracy: 0.727083
EPOCH 88:
VALIDATION
valid epoch balanced_accuracy: 0.747917
EPOCH 89:
VALIDATION
valid epoch balanced_accuracy: 0.758333
EPOCH 90:
VALIDATION
valid epoch balanced_accuracy: 0.722917
EPOCH 91:
VALIDATION
valid epoch balanced_accuracy: 0.743750
EPOCH 92:
VALIDATION
valid epoch balanced_accuracy: 0.716667
EPOCH 93:
VALIDATION
valid epoch balanced_accuracy: 0.679167
EPOCH 94:
VALIDATION
valid epoch balanced_accuracy: 0.739583
EPOCH 95:
VALIDATION
valid epoch balanced_accuracy: 0.679167
EPOCH 96:
VALIDATION
valid epoch balanced_accuracy: 0.716667
EPOCH 97:
VALIDATION
valid epoch balanced_accuracy: 0.695833
EPOCH 98:
VALIDATION
valid epoch balanced_accuracy: 0.691667
EPOCH 99:
VALIDATION
valid epoch balanced_accuracy: 0.762500
EPOCH 100:
VALIDATION
valid epoch balanced_accuracy: 0.756250
EPOCH 101:
VALIDATION
valid epoch balanced_accuracy: 0.706250
EPOCH 102:
VALIDATION
valid epoch balanced_accuracy: 0.743750
EPOCH 103:
VALIDATION
valid epoch balanced_accuracy: 0.720833
EPOCH 104:
VALIDATION
valid epoch balanced_accuracy: 0.739583
EPOCH 105:
VALIDATION
valid epoch balanced_accuracy: 0.747917
EPOCH 106:
VALIDATION
valid epoch balanced_accuracy: 0.741667
EPOCH 107:
VALIDATION
valid epoch balanced_accuracy: 0.725000
EPOCH 108:
VALIDATION
valid epoch balanced_accuracy: 0.754167
EPOCH 109:
VALIDATION
valid epoch balanced_accuracy: 0.760417
EPOCH 110:
VALIDATION
valid epoch balanced_accuracy: 0.752083
EPOCH 111:
VALIDATION
valid epoch balanced_accuracy: 0.783333
EPOCH 112:
VALIDATION
valid epoch balanced_accuracy: 0.747917
EPOCH 113:
VALIDATION
valid epoch balanced_accuracy: 0.754167
EPOCH 114:
VALIDATION
valid epoch balanced_accuracy: 0.733333
EPOCH 115:
VALIDATION
valid epoch balanced_accuracy: 0.760417
EPOCH 116:
VALIDATION
valid epoch balanced_accuracy: 0.756250
EPOCH 117:
VALIDATION
valid epoch balanced_accuracy: 0.804167
EPOCH 118:
VALIDATION
valid epoch balanced_accuracy: 0.725000
EPOCH 119:
VALIDATION
valid epoch balanced_accuracy: 0.762500
EPOCH 120:
VALIDATION
valid epoch balanced_accuracy: 0.797917
EPOCH 121:
VALIDATION
valid epoch balanced_accuracy: 0.804167
EPOCH 122:
VALIDATION
valid epoch balanced_accuracy: 0.764583
EPOCH 123:
VALIDATION
valid epoch balanced_accuracy: 0.772917
EPOCH 124:
VALIDATION
valid epoch balanced_accuracy: 0.764583
EPOCH 125:
VALIDATION
valid epoch balanced_accuracy: 0.833333
EPOCH 126:
VALIDATION
valid epoch balanced_accuracy: 0.804167
EPOCH 127:
VALIDATION
valid epoch balanced_accuracy: 0.787500
EPOCH 128:
VALIDATION
valid epoch balanced_accuracy: 0.789583
EPOCH 129:
VALIDATION
valid epoch balanced_accuracy: 0.831250
EPOCH 130:
VALIDATION
valid epoch balanced_accuracy: 0.812500
EPOCH 131:
VALIDATION
valid epoch balanced_accuracy: 0.804167
EPOCH 132:
VALIDATION
valid epoch balanced_accuracy: 0.825000
EPOCH 133:
VALIDATION
valid epoch balanced_accuracy: 0.772917
EPOCH 134:
VALIDATION
valid epoch balanced_accuracy: 0.816667
EPOCH 135:
VALIDATION
valid epoch balanced_accuracy: 0.804167
EPOCH 136:
VALIDATION
valid epoch balanced_accuracy: 0.818750
EPOCH 137:
VALIDATION
valid epoch balanced_accuracy: 0.804167
EPOCH 138:
VALIDATION
valid epoch balanced_accuracy: 0.820833
EPOCH 139:
VALIDATION
valid epoch balanced_accuracy: 0.793750
EPOCH 140:
VALIDATION
valid epoch balanced_accuracy: 0.785417
EPOCH 141:
VALIDATION
valid epoch balanced_accuracy: 0.808333
EPOCH 142:
VALIDATION
valid epoch balanced_accuracy: 0.768750
EPOCH 143:
VALIDATION
valid epoch balanced_accuracy: 0.829167
EPOCH 144:
VALIDATION
valid epoch balanced_accuracy: 0.797917
EPOCH 145:
VALIDATION
valid epoch balanced_accuracy: 0.783333
EPOCH 146:
VALIDATION
valid epoch balanced_accuracy: 0.754167
EPOCH 147:
VALIDATION
valid epoch balanced_accuracy: 0.745833
EPOCH 148:
VALIDATION
valid epoch balanced_accuracy: 0.791667
EPOCH 149:
VALIDATION
valid epoch balanced_accuracy: 0.752083
EPOCH 150:
VALIDATION
valid epoch balanced_accuracy: 0.777083
accuracy: 0.748031
sensitivity: 0.690476
precision: 0.604167
specificity: 0.776471
IoU: 0.475410
FAR: 0.223529
F1: 0.644444
balanced_accuracy: 0.733473
loss: 1.252114
Traceback (most recent call last):
  File "/home/kalinina/DL_project/./training/new_train.py", line 808, in <module>
    run_test(run_summary)
  File "/home/kalinina/DL_project/./training/new_train.py", line 736, in run_test
    append_metric(
  File "/home/kalinina/DL_project/append_metric_to_table.py", line 31, in append_metric
    upsert_row(table, row)
  File "/home/kalinina/DL_project/build_metrics_table.py", line 691, in upsert_row
    with _table_lock(table_path):
  File "/home/kalinina/.conda/envs/Kalinin_project_LP/lib/python3.10/contextlib.py", line 135, in __enter__
    return next(self.gen)
  File "/home/kalinina/DL_project/build_metrics_table.py", line 680, in _table_lock
    table_path.parent.mkdir(parents=True, exist_ok=True)
AttributeError: 'str' object has no attribute 'parent'
