Waiting for exclusive access to GPU GPU-9e4e2b6c-19ea-73ef-7026-00619f988787.
=== GROUP: lipocalin | VARIANT: esm3_compression_19 | SEED: 0 | GPU: Tesla V100-SXM2-32GB ===

number of parameters : 1098455
train : (1059, 12)
valid : (136, 12)
test : (136, 12)
class weights : [1.3473281860351562, 0.795045018196106]
data extracted
EPOCH 1:
VALIDATION
valid epoch balanced_accuracy: 0.454831
EPOCH 2:
VALIDATION
valid epoch balanced_accuracy: 0.543478
EPOCH 3:
VALIDATION
valid epoch balanced_accuracy: 0.506280
EPOCH 4:
VALIDATION
valid epoch balanced_accuracy: 0.477536
EPOCH 5:
VALIDATION
valid epoch balanced_accuracy: 0.492995
EPOCH 6:
VALIDATION
valid epoch balanced_accuracy: 0.483092
EPOCH 7:
VALIDATION
valid epoch balanced_accuracy: 0.516667
EPOCH 8:
VALIDATION
valid epoch balanced_accuracy: 0.514734
EPOCH 9:
VALIDATION
valid epoch balanced_accuracy: 0.539614
EPOCH 10:
VALIDATION
valid epoch balanced_accuracy: 0.533575
EPOCH 11:
VALIDATION
valid epoch balanced_accuracy: 0.488647
EPOCH 12:
VALIDATION
valid epoch balanced_accuracy: 0.543720
EPOCH 13:
VALIDATION
valid epoch balanced_accuracy: 0.571739
EPOCH 14:
VALIDATION
valid epoch balanced_accuracy: 0.578502
EPOCH 15:
VALIDATION
valid epoch balanced_accuracy: 0.529710
EPOCH 16:
VALIDATION
valid epoch balanced_accuracy: 0.560628
EPOCH 17:
VALIDATION
valid epoch balanced_accuracy: 0.514493
EPOCH 18:
VALIDATION
valid epoch balanced_accuracy: 0.560870
EPOCH 19:
VALIDATION
valid epoch balanced_accuracy: 0.514010
EPOCH 20:
VALIDATION
valid epoch balanced_accuracy: 0.491787
EPOCH 21:
VALIDATION
valid epoch balanced_accuracy: 0.637681
EPOCH 22:
VALIDATION
valid epoch balanced_accuracy: 0.467391
EPOCH 23:
VALIDATION
valid epoch balanced_accuracy: 0.507971
EPOCH 24:
VALIDATION
valid epoch balanced_accuracy: 0.524396
EPOCH 25:
VALIDATION
valid epoch balanced_accuracy: 0.554589
EPOCH 26:
VALIDATION
valid epoch balanced_accuracy: 0.489614
EPOCH 27:
VALIDATION
valid epoch balanced_accuracy: 0.473430
EPOCH 28:
VALIDATION
valid epoch balanced_accuracy: 0.539855
EPOCH 29:
VALIDATION
valid epoch balanced_accuracy: 0.472705
EPOCH 30:
VALIDATION
valid epoch balanced_accuracy: 0.572222
EPOCH 31:
VALIDATION
valid epoch balanced_accuracy: 0.488647
EPOCH 32:
VALIDATION
valid epoch balanced_accuracy: 0.523188
EPOCH 33:
VALIDATION
valid epoch balanced_accuracy: 0.502657
EPOCH 34:
VALIDATION
valid epoch balanced_accuracy: 0.478261
EPOCH 35:
VALIDATION
valid epoch balanced_accuracy: 0.494203
EPOCH 36:
VALIDATION
valid epoch balanced_accuracy: 0.496135
EPOCH 37:
VALIDATION
valid epoch balanced_accuracy: 0.483575
EPOCH 38:
VALIDATION
valid epoch balanced_accuracy: 0.506039
EPOCH 39:
VALIDATION
valid epoch balanced_accuracy: 0.528986
EPOCH 40:
VALIDATION
valid epoch balanced_accuracy: 0.488406
EPOCH 41:
VALIDATION
valid epoch balanced_accuracy: 0.451449
EPOCH 42:
VALIDATION
valid epoch balanced_accuracy: 0.494203
EPOCH 43:
VALIDATION
valid epoch balanced_accuracy: 0.462077
EPOCH 44:
VALIDATION
valid epoch balanced_accuracy: 0.474638
EPOCH 45:
VALIDATION
valid epoch balanced_accuracy: 0.522947
EPOCH 46:
VALIDATION
valid epoch balanced_accuracy: 0.469565
EPOCH 47:
VALIDATION
valid epoch balanced_accuracy: 0.478502
EPOCH 48:
VALIDATION
valid epoch balanced_accuracy: 0.469807
EPOCH 49:
VALIDATION
valid epoch balanced_accuracy: 0.445169
EPOCH 50:
VALIDATION
valid epoch balanced_accuracy: 0.461111
EPOCH 51:
VALIDATION
valid epoch balanced_accuracy: 0.472947
EPOCH 52:
VALIDATION
valid epoch balanced_accuracy: 0.478261
EPOCH 53:
VALIDATION
valid epoch balanced_accuracy: 0.499275
EPOCH 54:
VALIDATION
valid epoch balanced_accuracy: 0.441787
EPOCH 55:
VALIDATION
valid epoch balanced_accuracy: 0.462077
EPOCH 56:
VALIDATION
valid epoch balanced_accuracy: 0.472947
EPOCH 57:
VALIDATION
valid epoch balanced_accuracy: 0.446377
EPOCH 58:
VALIDATION
valid epoch balanced_accuracy: 0.490338
EPOCH 59:
VALIDATION
valid epoch balanced_accuracy: 0.478502
EPOCH 60:
VALIDATION
valid epoch balanced_accuracy: 0.452657
EPOCH 61:
VALIDATION
valid epoch balanced_accuracy: 0.468116
EPOCH 62:
VALIDATION
valid epoch balanced_accuracy: 0.559420
EPOCH 63:
VALIDATION
valid epoch balanced_accuracy: 0.478019
EPOCH 64:
VALIDATION
valid epoch balanced_accuracy: 0.478261
EPOCH 65:
VALIDATION
valid epoch balanced_accuracy: 0.483575
EPOCH 66:
VALIDATION
valid epoch balanced_accuracy: 0.451449
EPOCH 67:
VALIDATION
valid epoch balanced_accuracy: 0.527295
EPOCH 68:
VALIDATION
valid epoch balanced_accuracy: 0.511111
EPOCH 69:
VALIDATION
valid epoch balanced_accuracy: 0.419565
EPOCH 70:
VALIDATION
valid epoch balanced_accuracy: 0.522947
EPOCH 71:
VALIDATION
valid epoch balanced_accuracy: 0.440580
EPOCH 72:
VALIDATION
valid epoch balanced_accuracy: 0.419565
EPOCH 73:
VALIDATION
valid epoch balanced_accuracy: 0.502174
EPOCH 74:
VALIDATION
valid epoch balanced_accuracy: 0.369324
EPOCH 75:
VALIDATION
valid epoch balanced_accuracy: 0.430435
EPOCH 76:
VALIDATION
valid epoch balanced_accuracy: 0.477778
EPOCH 77:
VALIDATION
valid epoch balanced_accuracy: 0.445169
EPOCH 78:
VALIDATION
valid epoch balanced_accuracy: 0.478019
EPOCH 79:
VALIDATION
valid epoch balanced_accuracy: 0.494928
EPOCH 80:
VALIDATION
valid epoch balanced_accuracy: 0.495169
EPOCH 81:
VALIDATION
valid epoch balanced_accuracy: 0.500483
EPOCH 82:
VALIDATION
valid epoch balanced_accuracy: 0.581401
EPOCH 83:
VALIDATION
valid epoch balanced_accuracy: 0.489372
EPOCH 84:
VALIDATION
valid epoch balanced_accuracy: 0.495169
EPOCH 85:
VALIDATION
valid epoch balanced_accuracy: 0.512560
EPOCH 86:
VALIDATION
valid epoch balanced_accuracy: 0.461353
EPOCH 87:
VALIDATION
valid epoch balanced_accuracy: 0.461353
EPOCH 88:
VALIDATION
valid epoch balanced_accuracy: 0.483816
EPOCH 89:
VALIDATION
valid epoch balanced_accuracy: 0.505797
EPOCH 90:
VALIDATION
valid epoch balanced_accuracy: 0.505556
EPOCH 91:
VALIDATION
valid epoch balanced_accuracy: 0.533816
EPOCH 92:
VALIDATION
valid epoch balanced_accuracy: 0.516667
EPOCH 93:
VALIDATION
valid epoch balanced_accuracy: 0.587198
EPOCH 94:
VALIDATION
valid epoch balanced_accuracy: 0.516425
EPOCH 95:
VALIDATION
valid epoch balanced_accuracy: 0.539130
EPOCH 96:
VALIDATION
valid epoch balanced_accuracy: 0.488647
EPOCH 97:
VALIDATION
valid epoch balanced_accuracy: 0.512077
EPOCH 98:
VALIDATION
valid epoch balanced_accuracy: 0.516908
EPOCH 99:
VALIDATION
valid epoch balanced_accuracy: 0.494686
EPOCH 100:
VALIDATION
valid epoch balanced_accuracy: 0.538889
EPOCH 101:
VALIDATION
valid epoch balanced_accuracy: 0.500000
EPOCH 102:
VALIDATION
valid epoch balanced_accuracy: 0.490097
EPOCH 103:
VALIDATION
valid epoch balanced_accuracy: 0.506039
EPOCH 104:
VALIDATION
valid epoch balanced_accuracy: 0.543720
EPOCH 105:
VALIDATION
valid epoch balanced_accuracy: 0.516908
EPOCH 106:
VALIDATION
valid epoch balanced_accuracy: 0.495169
EPOCH 107:
VALIDATION
valid epoch balanced_accuracy: 0.506280
EPOCH 108:
VALIDATION
valid epoch balanced_accuracy: 0.494928
EPOCH 109:
VALIDATION
valid epoch balanced_accuracy: 0.554348
EPOCH 110:
VALIDATION
valid epoch balanced_accuracy: 0.533092
EPOCH 111:
VALIDATION
valid epoch balanced_accuracy: 0.460386
EPOCH 112:
VALIDATION
valid epoch balanced_accuracy: 0.489855
EPOCH 113:
VALIDATION
valid epoch balanced_accuracy: 0.435507
EPOCH 114:
VALIDATION
valid epoch balanced_accuracy: 0.457488
EPOCH 115:
VALIDATION
valid epoch balanced_accuracy: 0.538406
EPOCH 116:
VALIDATION
valid epoch balanced_accuracy: 0.500242
EPOCH 117:
VALIDATION
valid epoch balanced_accuracy: 0.489130
EPOCH 118:
VALIDATION
valid epoch balanced_accuracy: 0.461836
EPOCH 119:
VALIDATION
valid epoch balanced_accuracy: 0.505072
EPOCH 120:
VALIDATION
valid epoch balanced_accuracy: 0.462319
EPOCH 121:
VALIDATION
valid epoch balanced_accuracy: 0.484541
EPOCH 122:
VALIDATION
valid epoch balanced_accuracy: 0.495652
EPOCH 123:
VALIDATION
valid epoch balanced_accuracy: 0.451449
EPOCH 124:
VALIDATION
valid epoch balanced_accuracy: 0.479710
EPOCH 125:
VALIDATION
valid epoch balanced_accuracy: 0.463527
EPOCH 126:
VALIDATION
valid epoch balanced_accuracy: 0.495169
EPOCH 127:
VALIDATION
valid epoch balanced_accuracy: 0.473430
EPOCH 128:
VALIDATION
valid epoch balanced_accuracy: 0.484783
EPOCH 129:
VALIDATION
valid epoch balanced_accuracy: 0.478019
EPOCH 130:
VALIDATION
valid epoch balanced_accuracy: 0.489372
EPOCH 131:
VALIDATION
valid epoch balanced_accuracy: 0.478986
EPOCH 132:
VALIDATION
valid epoch balanced_accuracy: 0.490338
EPOCH 133:
VALIDATION
valid epoch balanced_accuracy: 0.484300
EPOCH 134:
VALIDATION
valid epoch balanced_accuracy: 0.478986
EPOCH 135:
VALIDATION
valid epoch balanced_accuracy: 0.469082
EPOCH 136:
VALIDATION
valid epoch balanced_accuracy: 0.456522
EPOCH 137:
VALIDATION
valid epoch balanced_accuracy: 0.450483
EPOCH 138:
VALIDATION
valid epoch balanced_accuracy: 0.450966
EPOCH 139:
VALIDATION
valid epoch balanced_accuracy: 0.435507
EPOCH 140:
VALIDATION
valid epoch balanced_accuracy: 0.505797
EPOCH 141:
VALIDATION
valid epoch balanced_accuracy: 0.413285
EPOCH 142:
VALIDATION
valid epoch balanced_accuracy: 0.440821
EPOCH 143:
VALIDATION
valid epoch balanced_accuracy: 0.489372
EPOCH 144:
VALIDATION
valid epoch balanced_accuracy: 0.494686
EPOCH 145:
VALIDATION
valid epoch balanced_accuracy: 0.473430
EPOCH 146:
VALIDATION
valid epoch balanced_accuracy: 0.532850
EPOCH 147:
VALIDATION
valid epoch balanced_accuracy: 0.473188
EPOCH 148:
VALIDATION
valid epoch balanced_accuracy: 0.494928
EPOCH 149:
VALIDATION
valid epoch balanced_accuracy: 0.489372
EPOCH 150:
VALIDATION
valid epoch balanced_accuracy: 0.521498
accuracy: 0.558824
sensitivity: 0.477273
precision: 0.362069
specificity: 0.597826
IoU: 0.259259
FAR: 0.402174
F1: 0.411765
balanced_accuracy: 0.537549
loss: 0.885462
Traceback (most recent call last):
  File "/home/kalinina/DL_project/./training/new_train.py", line 808, in <module>
    run_test(run_summary)
  File "/home/kalinina/DL_project/./training/new_train.py", line 736, in run_test
    append_metric(
  File "/home/kalinina/DL_project/append_metric_to_table.py", line 23, in append_metric
    row = metric_row(
  File "/home/kalinina/DL_project/build_metrics_table.py", line 531, in metric_row
    metrics_root = metrics_root.resolve()
AttributeError: 'str' object has no attribute 'resolve'
