Waiting for exclusive access to GPU GPU-c4340cd5-b641-a6d3-022e-854d83cab1b6.
=== GROUP: CRAL-TRIO | VARIANT: bbp_nps3mlp_dpt01_wd0001_gm_plm64_hid64_grl | SEED: 1 | GPU: NVIDIA H200 ===

number of parameters : 1550858
train : (1104, 12)
valid : (204, 12)
test : (204, 12)
class weights : [1.0, 1.0]
balanced batches : 69 per epoch covering all 1104 train rows, target 8 positive + 8 unlabeled
data extracted
EPOCH 1:
VALIDATION
valid epoch balanced_accuracy: 0.500000
EPOCH 2:
VALIDATION
valid epoch balanced_accuracy: 0.495385
EPOCH 3:
VALIDATION
valid epoch balanced_accuracy: 0.373077
EPOCH 4:
VALIDATION
valid epoch balanced_accuracy: 0.368269
EPOCH 5:
VALIDATION
valid epoch balanced_accuracy: 0.378654
EPOCH 6:
VALIDATION
valid epoch balanced_accuracy: 0.460192
EPOCH 7:
VALIDATION
valid epoch balanced_accuracy: 0.446346
EPOCH 8:
VALIDATION
valid epoch balanced_accuracy: 0.468846
EPOCH 9:
VALIDATION
valid epoch balanced_accuracy: 0.456731
EPOCH 10:
VALIDATION
valid epoch balanced_accuracy: 0.542692
EPOCH 11:
VALIDATION
valid epoch balanced_accuracy: 0.556923
EPOCH 12:
VALIDATION
valid epoch balanced_accuracy: 0.581538
EPOCH 13:
VALIDATION
valid epoch balanced_accuracy: 0.629423
EPOCH 14:
VALIDATION
valid epoch balanced_accuracy: 0.596731
EPOCH 15:
VALIDATION
valid epoch balanced_accuracy: 0.571154
EPOCH 16:
VALIDATION
valid epoch balanced_accuracy: 0.599423
EPOCH 17:
VALIDATION
valid epoch balanced_accuracy: 0.599423
EPOCH 18:
VALIDATION
valid epoch balanced_accuracy: 0.518077
EPOCH 19:
VALIDATION
valid epoch balanced_accuracy: 0.369423
EPOCH 20:
VALIDATION
valid epoch balanced_accuracy: 0.335769
EPOCH 21:
VALIDATION
valid epoch balanced_accuracy: 0.392692
EPOCH 22:
VALIDATION
valid epoch balanced_accuracy: 0.492308
EPOCH 23:
VALIDATION
valid epoch balanced_accuracy: 0.355385
EPOCH 24:
VALIDATION
valid epoch balanced_accuracy: 0.340192
EPOCH 25:
VALIDATION
valid epoch balanced_accuracy: 0.318654
EPOCH 26:
VALIDATION
valid epoch balanced_accuracy: 0.326923
EPOCH 27:
VALIDATION
valid epoch balanced_accuracy: 0.487885
EPOCH 28:
VALIDATION
valid epoch balanced_accuracy: 0.320769
EPOCH 29:
VALIDATION
valid epoch balanced_accuracy: 0.358846
EPOCH 30:
VALIDATION
valid epoch balanced_accuracy: 0.338269
EPOCH 31:
VALIDATION
valid epoch balanced_accuracy: 0.455385
EPOCH 32:
VALIDATION
valid epoch balanced_accuracy: 0.695577
EPOCH 33:
VALIDATION
valid epoch balanced_accuracy: 0.344038
EPOCH 34:
VALIDATION
valid epoch balanced_accuracy: 0.338269
EPOCH 35:
VALIDATION
valid epoch balanced_accuracy: 0.389808
EPOCH 36:
VALIDATION
valid epoch balanced_accuracy: 0.349038
EPOCH 37:
VALIDATION
valid epoch balanced_accuracy: 0.320192
EPOCH 38:
VALIDATION
valid epoch balanced_accuracy: 0.537115
EPOCH 39:
VALIDATION
valid epoch balanced_accuracy: 0.569615
EPOCH 40:
VALIDATION
valid epoch balanced_accuracy: 0.493077
EPOCH 41:
VALIDATION
valid epoch balanced_accuracy: 0.580577
EPOCH 42:
VALIDATION
valid epoch balanced_accuracy: 0.279808
EPOCH 43:
VALIDATION
valid epoch balanced_accuracy: 0.362692
EPOCH 44:
VALIDATION
valid epoch balanced_accuracy: 0.568077
EPOCH 45:
VALIDATION
valid epoch balanced_accuracy: 0.419808
EPOCH 46:
VALIDATION
valid epoch balanced_accuracy: 0.498269
EPOCH 47:
VALIDATION
valid epoch balanced_accuracy: 0.339038
EPOCH 48:
VALIDATION
valid epoch balanced_accuracy: 0.558462
EPOCH 49:
VALIDATION
valid epoch balanced_accuracy: 0.462885
EPOCH 50:
VALIDATION
valid epoch balanced_accuracy: 0.338654
EPOCH 51:
VALIDATION
valid epoch balanced_accuracy: 0.381923
EPOCH 52:
VALIDATION
valid epoch balanced_accuracy: 0.410385
EPOCH 53:
VALIDATION
valid epoch balanced_accuracy: 0.384615
EPOCH 54:
VALIDATION
valid epoch balanced_accuracy: 0.329231
EPOCH 55:
VALIDATION
valid epoch balanced_accuracy: 0.361731
EPOCH 56:
VALIDATION
valid epoch balanced_accuracy: 0.296346
EPOCH 57:
VALIDATION
valid epoch balanced_accuracy: 0.304808
EPOCH 58:
VALIDATION
valid epoch balanced_accuracy: 0.340769
EPOCH 59:
VALIDATION
valid epoch balanced_accuracy: 0.351923
EPOCH 60:
VALIDATION
valid epoch balanced_accuracy: 0.406154
EPOCH 61:
VALIDATION
valid epoch balanced_accuracy: 0.413654
EPOCH 62:
VALIDATION
valid epoch balanced_accuracy: 0.341154
EPOCH 63:
VALIDATION
valid epoch balanced_accuracy: 0.368462
EPOCH 64:
VALIDATION
valid epoch balanced_accuracy: 0.401346
EPOCH 65:
VALIDATION
valid epoch balanced_accuracy: 0.428077
EPOCH 66:
VALIDATION
valid epoch balanced_accuracy: 0.338462
EPOCH 67:
VALIDATION
valid epoch balanced_accuracy: 0.329615
EPOCH 68:
VALIDATION
valid epoch balanced_accuracy: 0.360385
EPOCH 69:
VALIDATION
valid epoch balanced_accuracy: 0.380000
EPOCH 70:
VALIDATION
valid epoch balanced_accuracy: 0.361346
EPOCH 71:
VALIDATION
valid epoch balanced_accuracy: 0.370000
EPOCH 72:
VALIDATION
valid epoch balanced_accuracy: 0.378462
EPOCH 73:
VALIDATION
valid epoch balanced_accuracy: 0.332115
EPOCH 74:
VALIDATION
valid epoch balanced_accuracy: 0.350962
EPOCH 75:
VALIDATION
valid epoch balanced_accuracy: 0.356346
EPOCH 76:
VALIDATION
valid epoch balanced_accuracy: 0.359038
EPOCH 77:
VALIDATION
valid epoch balanced_accuracy: 0.422500
EPOCH 78:
VALIDATION
valid epoch balanced_accuracy: 0.476731
EPOCH 79:
VALIDATION
valid epoch balanced_accuracy: 0.339038
EPOCH 80:
VALIDATION
valid epoch balanced_accuracy: 0.359615
EPOCH 81:
VALIDATION
valid epoch balanced_accuracy: 0.345385
EPOCH 82:
VALIDATION
valid epoch balanced_accuracy: 0.386923
EPOCH 83:
VALIDATION
valid epoch balanced_accuracy: 0.555962
EPOCH 84:
VALIDATION
valid epoch balanced_accuracy: 0.347885
EPOCH 85:
VALIDATION
valid epoch balanced_accuracy: 0.381731
EPOCH 86:
VALIDATION
valid epoch balanced_accuracy: 0.494231
EPOCH 87:
VALIDATION
valid epoch balanced_accuracy: 0.392115
EPOCH 88:
VALIDATION
valid epoch balanced_accuracy: 0.413077
EPOCH 89:
VALIDATION
valid epoch balanced_accuracy: 0.411731
EPOCH 90:
VALIDATION
valid epoch balanced_accuracy: 0.468462
EPOCH 91:
VALIDATION
valid epoch balanced_accuracy: 0.447885
EPOCH 92:
VALIDATION
valid epoch balanced_accuracy: 0.355385
EPOCH 93:
VALIDATION
valid epoch balanced_accuracy: 0.360000
EPOCH 94:
VALIDATION
valid epoch balanced_accuracy: 0.442692
EPOCH 95:
VALIDATION
valid epoch balanced_accuracy: 0.485962
EPOCH 96:
VALIDATION
valid epoch balanced_accuracy: 0.380577
EPOCH 97:
VALIDATION
valid epoch balanced_accuracy: 0.496731
EPOCH 98:
VALIDATION
valid epoch balanced_accuracy: 0.450192
EPOCH 99:
VALIDATION
valid epoch balanced_accuracy: 0.430192
EPOCH 100:
VALIDATION
valid epoch balanced_accuracy: 0.578077
EPOCH 101:
VALIDATION
valid epoch balanced_accuracy: 0.574808
EPOCH 102:
VALIDATION
valid epoch balanced_accuracy: 0.521154
EPOCH 103:
VALIDATION
valid epoch balanced_accuracy: 0.430192
EPOCH 104:
VALIDATION
valid epoch balanced_accuracy: 0.588654
EPOCH 105:
VALIDATION
valid epoch balanced_accuracy: 0.510769
EPOCH 106:
VALIDATION
valid epoch balanced_accuracy: 0.536538
EPOCH 107:
VALIDATION
valid epoch balanced_accuracy: 0.487308
EPOCH 108:
VALIDATION
valid epoch balanced_accuracy: 0.515385
EPOCH 109:
VALIDATION
valid epoch balanced_accuracy: 0.516538
EPOCH 110:
VALIDATION
valid epoch balanced_accuracy: 0.626538
EPOCH 111:
VALIDATION
valid epoch balanced_accuracy: 0.516731
EPOCH 112:
VALIDATION
valid epoch balanced_accuracy: 0.560577
EPOCH 113:
VALIDATION
valid epoch balanced_accuracy: 0.501154
EPOCH 114:
VALIDATION
valid epoch balanced_accuracy: 0.494808
EPOCH 115:
VALIDATION
valid epoch balanced_accuracy: 0.426538
EPOCH 116:
VALIDATION
valid epoch balanced_accuracy: 0.465962
EPOCH 117:
VALIDATION
valid epoch balanced_accuracy: 0.526731
EPOCH 118:
VALIDATION
valid epoch balanced_accuracy: 0.590577
EPOCH 119:
VALIDATION
valid epoch balanced_accuracy: 0.471154
EPOCH 120:
VALIDATION
valid epoch balanced_accuracy: 0.503846
EPOCH 121:
VALIDATION
valid epoch balanced_accuracy: 0.521538
EPOCH 122:
VALIDATION
valid epoch balanced_accuracy: 0.596923
EPOCH 123:
VALIDATION
valid epoch balanced_accuracy: 0.501154
EPOCH 124:
VALIDATION
valid epoch balanced_accuracy: 0.561538
EPOCH 125:
VALIDATION
valid epoch balanced_accuracy: 0.541538
EPOCH 126:
VALIDATION
valid epoch balanced_accuracy: 0.623654
EPOCH 127:
VALIDATION
valid epoch balanced_accuracy: 0.474423
EPOCH 128:
VALIDATION
valid epoch balanced_accuracy: 0.507692
EPOCH 129:
VALIDATION
valid epoch balanced_accuracy: 0.517308
EPOCH 130:
VALIDATION
valid epoch balanced_accuracy: 0.490192
EPOCH 131:
VALIDATION
valid epoch balanced_accuracy: 0.521923
EPOCH 132:
VALIDATION
valid epoch balanced_accuracy: 0.501154
EPOCH 133:
VALIDATION
valid epoch balanced_accuracy: 0.606346
EPOCH 134:
VALIDATION
valid epoch balanced_accuracy: 0.590385
EPOCH 135:
VALIDATION
valid epoch balanced_accuracy: 0.570000
EPOCH 136:
VALIDATION
valid epoch balanced_accuracy: 0.610192
EPOCH 137:
VALIDATION
valid epoch balanced_accuracy: 0.533846
EPOCH 138:
VALIDATION
valid epoch balanced_accuracy: 0.592500
EPOCH 139:
VALIDATION
valid epoch balanced_accuracy: 0.531346
EPOCH 140:
VALIDATION
valid epoch balanced_accuracy: 0.661154
EPOCH 141:
VALIDATION
valid epoch balanced_accuracy: 0.515000
EPOCH 142:
VALIDATION
valid epoch balanced_accuracy: 0.461154
EPOCH 143:
VALIDATION
valid epoch balanced_accuracy: 0.464423
EPOCH 144:
VALIDATION
valid epoch balanced_accuracy: 0.514231
EPOCH 145:
VALIDATION
valid epoch balanced_accuracy: 0.541923
EPOCH 146:
VALIDATION
valid epoch balanced_accuracy: 0.544808
EPOCH 147:
VALIDATION
valid epoch balanced_accuracy: 0.491154
EPOCH 148:
VALIDATION
valid epoch balanced_accuracy: 0.531154
EPOCH 149:
VALIDATION
valid epoch balanced_accuracy: 0.531731
EPOCH 150:
VALIDATION
valid epoch balanced_accuracy: 0.525769
accuracy: 0.632353
sensitivity: 0.500000
precision: 0.693333
specificity: 0.770000
IoU: 0.409449
FAR: 0.230000
F1: 0.581006
balanced_accuracy: 0.635000
loss: 0.661330
