Waiting for exclusive access to GPU GPU-cfaa68f4-2966-7f1f-0be3-8452b3a1dff6.
=== GROUP: CRAL-TRIO | VARIANT: bbp_nps3mlp_dpt01_wd0001_gm_plm64_hid64_GRL | SEED: 1 | GPU: NVIDIA H100 ===

number of parameters : 1550858
train : (1104, 12)
valid : (204, 12)
test : (204, 12)
class weights : [1.0, 1.0]
balanced batches : 69 per epoch covering all 1104 train rows, target 8 positive + 8 unlabeled
data extracted
EPOCH 1:
VALIDATION
valid epoch balanced_accuracy: 0.629038
EPOCH 2:
VALIDATION
valid epoch balanced_accuracy: 0.378077
EPOCH 3:
VALIDATION
valid epoch balanced_accuracy: 0.377885
EPOCH 4:
VALIDATION
valid epoch balanced_accuracy: 0.364808
EPOCH 5:
VALIDATION
valid epoch balanced_accuracy: 0.418462
EPOCH 6:
VALIDATION
valid epoch balanced_accuracy: 0.485769
EPOCH 7:
VALIDATION
valid epoch balanced_accuracy: 0.545769
EPOCH 8:
VALIDATION
valid epoch balanced_accuracy: 0.504231
EPOCH 9:
VALIDATION
valid epoch balanced_accuracy: 0.550192
EPOCH 10:
VALIDATION
valid epoch balanced_accuracy: 0.561538
EPOCH 11:
VALIDATION
valid epoch balanced_accuracy: 0.499231
EPOCH 12:
VALIDATION
valid epoch balanced_accuracy: 0.685000
EPOCH 13:
VALIDATION
valid epoch balanced_accuracy: 0.634808
EPOCH 14:
VALIDATION
valid epoch balanced_accuracy: 0.609808
EPOCH 15:
VALIDATION
valid epoch balanced_accuracy: 0.576923
EPOCH 16:
VALIDATION
valid epoch balanced_accuracy: 0.600962
EPOCH 17:
VALIDATION
valid epoch balanced_accuracy: 0.596538
EPOCH 18:
VALIDATION
valid epoch balanced_accuracy: 0.596731
EPOCH 19:
VALIDATION
valid epoch balanced_accuracy: 0.493654
EPOCH 20:
VALIDATION
valid epoch balanced_accuracy: 0.648077
EPOCH 21:
VALIDATION
valid epoch balanced_accuracy: 0.591538
EPOCH 22:
VALIDATION
valid epoch balanced_accuracy: 0.549615
EPOCH 23:
VALIDATION
valid epoch balanced_accuracy: 0.567692
EPOCH 24:
VALIDATION
valid epoch balanced_accuracy: 0.616923
EPOCH 25:
VALIDATION
valid epoch balanced_accuracy: 0.577885
EPOCH 26:
VALIDATION
valid epoch balanced_accuracy: 0.540000
EPOCH 27:
VALIDATION
valid epoch balanced_accuracy: 0.539423
EPOCH 28:
VALIDATION
valid epoch balanced_accuracy: 0.534808
EPOCH 29:
VALIDATION
valid epoch balanced_accuracy: 0.596346
EPOCH 30:
VALIDATION
valid epoch balanced_accuracy: 0.546346
EPOCH 31:
VALIDATION
valid epoch balanced_accuracy: 0.529423
EPOCH 32:
VALIDATION
valid epoch balanced_accuracy: 0.596154
EPOCH 33:
VALIDATION
valid epoch balanced_accuracy: 0.586731
EPOCH 34:
VALIDATION
valid epoch balanced_accuracy: 0.544423
EPOCH 35:
VALIDATION
valid epoch balanced_accuracy: 0.590192
EPOCH 36:
VALIDATION
valid epoch balanced_accuracy: 0.535769
EPOCH 37:
VALIDATION
valid epoch balanced_accuracy: 0.624808
EPOCH 38:
VALIDATION
valid epoch balanced_accuracy: 0.503269
EPOCH 39:
VALIDATION
valid epoch balanced_accuracy: 0.579808
EPOCH 40:
VALIDATION
valid epoch balanced_accuracy: 0.500000
EPOCH 41:
VALIDATION
valid epoch balanced_accuracy: 0.658462
EPOCH 42:
VALIDATION
valid epoch balanced_accuracy: 0.500000
EPOCH 43:
VALIDATION
valid epoch balanced_accuracy: 0.425962
EPOCH 44:
VALIDATION
valid epoch balanced_accuracy: 0.574615
EPOCH 45:
VALIDATION
valid epoch balanced_accuracy: 0.454808
EPOCH 46:
VALIDATION
valid epoch balanced_accuracy: 0.448462
EPOCH 47:
VALIDATION
valid epoch balanced_accuracy: 0.393462
EPOCH 48:
VALIDATION
valid epoch balanced_accuracy: 0.523654
EPOCH 49:
VALIDATION
valid epoch balanced_accuracy: 0.526346
EPOCH 50:
VALIDATION
valid epoch balanced_accuracy: 0.540769
EPOCH 51:
VALIDATION
valid epoch balanced_accuracy: 0.535577
EPOCH 52:
VALIDATION
valid epoch balanced_accuracy: 0.512115
EPOCH 53:
VALIDATION
valid epoch balanced_accuracy: 0.540577
EPOCH 54:
VALIDATION
valid epoch balanced_accuracy: 0.525192
EPOCH 55:
VALIDATION
valid epoch balanced_accuracy: 0.535577
EPOCH 56:
VALIDATION
valid epoch balanced_accuracy: 0.525192
EPOCH 57:
VALIDATION
valid epoch balanced_accuracy: 0.510000
EPOCH 58:
VALIDATION
valid epoch balanced_accuracy: 0.535769
EPOCH 59:
VALIDATION
valid epoch balanced_accuracy: 0.535577
EPOCH 60:
VALIDATION
valid epoch balanced_accuracy: 0.521731
EPOCH 61:
VALIDATION
valid epoch balanced_accuracy: 0.540962
EPOCH 62:
VALIDATION
valid epoch balanced_accuracy: 0.397115
EPOCH 63:
VALIDATION
valid epoch balanced_accuracy: 0.506731
EPOCH 64:
VALIDATION
valid epoch balanced_accuracy: 0.342308
EPOCH 65:
VALIDATION
valid epoch balanced_accuracy: 0.405962
EPOCH 66:
VALIDATION
valid epoch balanced_accuracy: 0.342692
EPOCH 67:
VALIDATION
valid epoch balanced_accuracy: 0.352692
EPOCH 68:
VALIDATION
valid epoch balanced_accuracy: 0.313654
EPOCH 69:
VALIDATION
valid epoch balanced_accuracy: 0.298846
EPOCH 70:
VALIDATION
valid epoch balanced_accuracy: 0.412885
EPOCH 71:
VALIDATION
valid epoch balanced_accuracy: 0.310385
EPOCH 72:
VALIDATION
valid epoch balanced_accuracy: 0.349038
EPOCH 73:
VALIDATION
valid epoch balanced_accuracy: 0.353462
EPOCH 74:
VALIDATION
valid epoch balanced_accuracy: 0.343846
EPOCH 75:
VALIDATION
valid epoch balanced_accuracy: 0.358846
EPOCH 76:
VALIDATION
valid epoch balanced_accuracy: 0.339423
EPOCH 77:
VALIDATION
valid epoch balanced_accuracy: 0.372885
EPOCH 78:
VALIDATION
valid epoch balanced_accuracy: 0.358846
EPOCH 79:
VALIDATION
valid epoch balanced_accuracy: 0.319808
EPOCH 80:
VALIDATION
valid epoch balanced_accuracy: 0.368846
EPOCH 81:
VALIDATION
valid epoch balanced_accuracy: 0.329808
EPOCH 82:
VALIDATION
valid epoch balanced_accuracy: 0.372500
EPOCH 83:
VALIDATION
valid epoch balanced_accuracy: 0.354038
EPOCH 84:
VALIDATION
valid epoch balanced_accuracy: 0.344231
EPOCH 85:
VALIDATION
valid epoch balanced_accuracy: 0.349231
EPOCH 86:
VALIDATION
valid epoch balanced_accuracy: 0.359038
EPOCH 87:
VALIDATION
valid epoch balanced_accuracy: 0.349231
EPOCH 88:
VALIDATION
valid epoch balanced_accuracy: 0.334231
EPOCH 89:
VALIDATION
valid epoch balanced_accuracy: 0.354231
EPOCH 90:
VALIDATION
valid epoch balanced_accuracy: 0.314231
EPOCH 91:
VALIDATION
valid epoch balanced_accuracy: 0.329038
EPOCH 92:
VALIDATION
valid epoch balanced_accuracy: 0.344038
EPOCH 93:
VALIDATION
valid epoch balanced_accuracy: 0.344231
EPOCH 94:
VALIDATION
valid epoch balanced_accuracy: 0.329038
EPOCH 95:
VALIDATION
valid epoch balanced_accuracy: 0.349423
EPOCH 96:
VALIDATION
valid epoch balanced_accuracy: 0.339423
EPOCH 97:
VALIDATION
valid epoch balanced_accuracy: 0.344615
EPOCH 98:
VALIDATION
valid epoch balanced_accuracy: 0.386538
EPOCH 99:
VALIDATION
valid epoch balanced_accuracy: 0.339808
EPOCH 100:
VALIDATION
valid epoch balanced_accuracy: 0.354423
EPOCH 101:
VALIDATION
valid epoch balanced_accuracy: 0.465769
EPOCH 102:
VALIDATION
valid epoch balanced_accuracy: 0.383077
EPOCH 103:
VALIDATION
valid epoch balanced_accuracy: 0.334423
EPOCH 104:
VALIDATION
valid epoch balanced_accuracy: 0.329038
EPOCH 105:
VALIDATION
valid epoch balanced_accuracy: 0.348269
EPOCH 106:
VALIDATION
valid epoch balanced_accuracy: 0.328654
EPOCH 107:
VALIDATION
valid epoch balanced_accuracy: 0.319423
EPOCH 108:
VALIDATION
valid epoch balanced_accuracy: 0.339231
EPOCH 109:
VALIDATION
valid epoch balanced_accuracy: 0.399615
EPOCH 110:
VALIDATION
valid epoch balanced_accuracy: 0.334615
EPOCH 111:
VALIDATION
valid epoch balanced_accuracy: 0.339038
EPOCH 112:
VALIDATION
valid epoch balanced_accuracy: 0.473077
EPOCH 113:
VALIDATION
valid epoch balanced_accuracy: 0.398654
EPOCH 114:
VALIDATION
valid epoch balanced_accuracy: 0.329615
EPOCH 115:
VALIDATION
valid epoch balanced_accuracy: 0.344423
EPOCH 116:
VALIDATION
valid epoch balanced_accuracy: 0.329615
EPOCH 117:
VALIDATION
valid epoch balanced_accuracy: 0.676731
EPOCH 118:
VALIDATION
valid epoch balanced_accuracy: 0.405769
EPOCH 119:
VALIDATION
valid epoch balanced_accuracy: 0.382308
EPOCH 120:
VALIDATION
valid epoch balanced_accuracy: 0.397885
EPOCH 121:
VALIDATION
valid epoch balanced_accuracy: 0.640962
EPOCH 122:
VALIDATION
valid epoch balanced_accuracy: 0.567500
EPOCH 123:
VALIDATION
valid epoch balanced_accuracy: 0.354423
EPOCH 124:
VALIDATION
valid epoch balanced_accuracy: 0.398846
EPOCH 125:
VALIDATION
valid epoch balanced_accuracy: 0.402692
EPOCH 126:
VALIDATION
valid epoch balanced_accuracy: 0.353846
EPOCH 127:
VALIDATION
valid epoch balanced_accuracy: 0.320000
EPOCH 128:
VALIDATION
valid epoch balanced_accuracy: 0.324808
EPOCH 129:
VALIDATION
valid epoch balanced_accuracy: 0.424423
EPOCH 130:
VALIDATION
valid epoch balanced_accuracy: 0.339423
EPOCH 131:
VALIDATION
valid epoch balanced_accuracy: 0.354423
EPOCH 132:
VALIDATION
valid epoch balanced_accuracy: 0.373654
EPOCH 133:
VALIDATION
valid epoch balanced_accuracy: 0.345000
EPOCH 134:
VALIDATION
valid epoch balanced_accuracy: 0.339423
EPOCH 135:
VALIDATION
valid epoch balanced_accuracy: 0.344615
EPOCH 136:
VALIDATION
valid epoch balanced_accuracy: 0.383077
EPOCH 137:
VALIDATION
valid epoch balanced_accuracy: 0.344615
EPOCH 138:
VALIDATION
valid epoch balanced_accuracy: 0.424615
EPOCH 139:
VALIDATION
valid epoch balanced_accuracy: 0.438269
EPOCH 140:
VALIDATION
valid epoch balanced_accuracy: 0.344038
EPOCH 141:
VALIDATION
valid epoch balanced_accuracy: 0.279615
EPOCH 142:
VALIDATION
valid epoch balanced_accuracy: 0.389808
EPOCH 143:
VALIDATION
valid epoch balanced_accuracy: 0.340000
EPOCH 144:
VALIDATION
valid epoch balanced_accuracy: 0.354231
EPOCH 145:
VALIDATION
valid epoch balanced_accuracy: 0.344038
EPOCH 146:
VALIDATION
valid epoch balanced_accuracy: 0.324231
EPOCH 147:
VALIDATION
valid epoch balanced_accuracy: 0.369423
EPOCH 148:
VALIDATION
valid epoch balanced_accuracy: 0.350000
EPOCH 149:
VALIDATION
valid epoch balanced_accuracy: 0.344808
EPOCH 150:
VALIDATION
valid epoch balanced_accuracy: 0.339808
accuracy: 0.617647
sensitivity: 0.961538
precision: 0.574713
specificity: 0.260000
IoU: 0.561798
FAR: 0.740000
F1: 0.719424
balanced_accuracy: 0.610769
loss: 0.693422
