
number of parameters : 1550858
train : (1104, 12)
valid : (204, 12)
test : (204, 12)
class weights : [1.0, 1.0]
balanced batches : 69 per epoch covering all 1104 train rows, target 8 positive + 8 unlabeled
data extracted
EPOCH 1:
VALIDATION
valid epoch balanced_accuracy: 0.500000
EPOCH 2:
VALIDATION
valid epoch balanced_accuracy: 0.469808
EPOCH 3:
VALIDATION
valid epoch balanced_accuracy: 0.399038
EPOCH 4:
VALIDATION
valid epoch balanced_accuracy: 0.347308
EPOCH 5:
VALIDATION
valid epoch balanced_accuracy: 0.347115
EPOCH 6:
VALIDATION
valid epoch balanced_accuracy: 0.357308
EPOCH 7:
VALIDATION
valid epoch balanced_accuracy: 0.367308
EPOCH 8:
VALIDATION
valid epoch balanced_accuracy: 0.366154
EPOCH 9:
VALIDATION
valid epoch balanced_accuracy: 0.382308
EPOCH 10:
VALIDATION
valid epoch balanced_accuracy: 0.462885
EPOCH 11:
VALIDATION
valid epoch balanced_accuracy: 0.515385
EPOCH 12:
VALIDATION
valid epoch balanced_accuracy: 0.480769
EPOCH 13:
VALIDATION
valid epoch balanced_accuracy: 0.528654
EPOCH 14:
VALIDATION
valid epoch balanced_accuracy: 0.515769
EPOCH 15:
VALIDATION
valid epoch balanced_accuracy: 0.515769
EPOCH 16:
VALIDATION
valid epoch balanced_accuracy: 0.490769
EPOCH 17:
VALIDATION
valid epoch balanced_accuracy: 0.562115
EPOCH 18:
VALIDATION
valid epoch balanced_accuracy: 0.522115
EPOCH 19:
VALIDATION
valid epoch balanced_accuracy: 0.518077
EPOCH 20:
VALIDATION
valid epoch balanced_accuracy: 0.524808
EPOCH 21:
VALIDATION
valid epoch balanced_accuracy: 0.552692
EPOCH 22:
VALIDATION
valid epoch balanced_accuracy: 0.491923
EPOCH 23:
VALIDATION
valid epoch balanced_accuracy: 0.568269
EPOCH 24:
VALIDATION
valid epoch balanced_accuracy: 0.553077
EPOCH 25:
VALIDATION
valid epoch balanced_accuracy: 0.558077
EPOCH 26:
VALIDATION
valid epoch balanced_accuracy: 0.527692
EPOCH 27:
VALIDATION
valid epoch balanced_accuracy: 0.595577
EPOCH 28:
VALIDATION
valid epoch balanced_accuracy: 0.565000
EPOCH 29:
VALIDATION
valid epoch balanced_accuracy: 0.536923
EPOCH 30:
VALIDATION
valid epoch balanced_accuracy: 0.578269
EPOCH 31:
VALIDATION
valid epoch balanced_accuracy: 0.557692
EPOCH 32:
VALIDATION
valid epoch balanced_accuracy: 0.566538
EPOCH 33:
VALIDATION
valid epoch balanced_accuracy: 0.579231
EPOCH 34:
VALIDATION
valid epoch balanced_accuracy: 0.615385
EPOCH 35:
VALIDATION
valid epoch balanced_accuracy: 0.554615
EPOCH 36:
VALIDATION
valid epoch balanced_accuracy: 0.589423
EPOCH 37:
VALIDATION
valid epoch balanced_accuracy: 0.625962
EPOCH 38:
VALIDATION
valid epoch balanced_accuracy: 0.532885
EPOCH 39:
VALIDATION
valid epoch balanced_accuracy: 0.547115
EPOCH 40:
VALIDATION
valid epoch balanced_accuracy: 0.546346
EPOCH 41:
VALIDATION
valid epoch balanced_accuracy: 0.609038
EPOCH 42:
VALIDATION
valid epoch balanced_accuracy: 0.601538
EPOCH 43:
VALIDATION
valid epoch balanced_accuracy: 0.602692
EPOCH 44:
VALIDATION
valid epoch balanced_accuracy: 0.464808
EPOCH 45:
VALIDATION
valid epoch balanced_accuracy: 0.474423
EPOCH 46:
VALIDATION
valid epoch balanced_accuracy: 0.402885
EPOCH 47:
VALIDATION
valid epoch balanced_accuracy: 0.388269
EPOCH 48:
VALIDATION
valid epoch balanced_accuracy: 0.574231
EPOCH 49:
VALIDATION
valid epoch balanced_accuracy: 0.450000
EPOCH 50:
VALIDATION
valid epoch balanced_accuracy: 0.353846
EPOCH 51:
VALIDATION
valid epoch balanced_accuracy: 0.422885
EPOCH 52:
VALIDATION
valid epoch balanced_accuracy: 0.383846
EPOCH 53:
VALIDATION
valid epoch balanced_accuracy: 0.373077
EPOCH 54:
VALIDATION
valid epoch balanced_accuracy: 0.387115
EPOCH 55:
VALIDATION
valid epoch balanced_accuracy: 0.437692
EPOCH 56:
VALIDATION
valid epoch balanced_accuracy: 0.354423
EPOCH 57:
VALIDATION
valid epoch balanced_accuracy: 0.353077
EPOCH 58:
VALIDATION
valid epoch balanced_accuracy: 0.413462
EPOCH 59:
VALIDATION
valid epoch balanced_accuracy: 0.399231
EPOCH 60:
VALIDATION
valid epoch balanced_accuracy: 0.399615
EPOCH 61:
VALIDATION
valid epoch balanced_accuracy: 0.442692
EPOCH 62:
VALIDATION
valid epoch balanced_accuracy: 0.443077
EPOCH 63:
VALIDATION
valid epoch balanced_accuracy: 0.404808
EPOCH 64:
VALIDATION
valid epoch balanced_accuracy: 0.339423
EPOCH 65:
VALIDATION
valid epoch balanced_accuracy: 0.328269
EPOCH 66:
VALIDATION
valid epoch balanced_accuracy: 0.427692
EPOCH 67:
VALIDATION
valid epoch balanced_accuracy: 0.418462
EPOCH 68:
VALIDATION
valid epoch balanced_accuracy: 0.403269
EPOCH 69:
VALIDATION
valid epoch balanced_accuracy: 0.443462
EPOCH 70:
VALIDATION
valid epoch balanced_accuracy: 0.462692
EPOCH 71:
VALIDATION
valid epoch balanced_accuracy: 0.333462
EPOCH 72:
VALIDATION
valid epoch balanced_accuracy: 0.485577
EPOCH 73:
VALIDATION
valid epoch balanced_accuracy: 0.423077
EPOCH 74:
VALIDATION
valid epoch balanced_accuracy: 0.457885
EPOCH 75:
VALIDATION
valid epoch balanced_accuracy: 0.457308
EPOCH 76:
VALIDATION
valid epoch balanced_accuracy: 0.558462
EPOCH 77:
VALIDATION
valid epoch balanced_accuracy: 0.438269
EPOCH 78:
VALIDATION
valid epoch balanced_accuracy: 0.437885
EPOCH 79:
VALIDATION
valid epoch balanced_accuracy: 0.423269
EPOCH 80:
VALIDATION
valid epoch balanced_accuracy: 0.437885
EPOCH 81:
VALIDATION
valid epoch balanced_accuracy: 0.432885
EPOCH 82:
VALIDATION
valid epoch balanced_accuracy: 0.525192
EPOCH 83:
VALIDATION
valid epoch balanced_accuracy: 0.423269
EPOCH 84:
VALIDATION
valid epoch balanced_accuracy: 0.480769
EPOCH 85:
VALIDATION
valid epoch balanced_accuracy: 0.481346
EPOCH 86:
VALIDATION
valid epoch balanced_accuracy: 0.586923
EPOCH 87:
VALIDATION
valid epoch balanced_accuracy: 0.628654
EPOCH 88:
VALIDATION
valid epoch balanced_accuracy: 0.455769
EPOCH 89:
VALIDATION
valid epoch balanced_accuracy: 0.538846
EPOCH 90:
VALIDATION
valid epoch balanced_accuracy: 0.629615
EPOCH 91:
VALIDATION
valid epoch balanced_accuracy: 0.528077
EPOCH 92:
VALIDATION
valid epoch balanced_accuracy: 0.460962
EPOCH 93:
VALIDATION
valid epoch balanced_accuracy: 0.398269
EPOCH 94:
VALIDATION
valid epoch balanced_accuracy: 0.524038
EPOCH 95:
VALIDATION
valid epoch balanced_accuracy: 0.447692
EPOCH 96:
VALIDATION
valid epoch balanced_accuracy: 0.471538
EPOCH 97:
VALIDATION
valid epoch balanced_accuracy: 0.428269
EPOCH 98:
VALIDATION
valid epoch balanced_accuracy: 0.437308
EPOCH 99:
VALIDATION
valid epoch balanced_accuracy: 0.418077
EPOCH 100:
VALIDATION
valid epoch balanced_accuracy: 0.427885
EPOCH 101:
VALIDATION
valid epoch balanced_accuracy: 0.456154
EPOCH 102:
VALIDATION
valid epoch balanced_accuracy: 0.505385
EPOCH 103:
VALIDATION
valid epoch balanced_accuracy: 0.423462
EPOCH 104:
VALIDATION
valid epoch balanced_accuracy: 0.458077
EPOCH 105:
VALIDATION
valid epoch balanced_accuracy: 0.471538
EPOCH 106:
VALIDATION
valid epoch balanced_accuracy: 0.509038
EPOCH 107:
VALIDATION
valid epoch balanced_accuracy: 0.423269
EPOCH 108:
VALIDATION
valid epoch balanced_accuracy: 0.452115
EPOCH 109:
VALIDATION
valid epoch balanced_accuracy: 0.462692
EPOCH 110:
VALIDATION
valid epoch balanced_accuracy: 0.471346
EPOCH 111:
VALIDATION
valid epoch balanced_accuracy: 0.476538
EPOCH 112:
VALIDATION
valid epoch balanced_accuracy: 0.422885
EPOCH 113:
VALIDATION
valid epoch balanced_accuracy: 0.457885
EPOCH 114:
VALIDATION
valid epoch balanced_accuracy: 0.412692
EPOCH 115:
VALIDATION
valid epoch balanced_accuracy: 0.491154
EPOCH 116:
VALIDATION
valid epoch balanced_accuracy: 0.462308
EPOCH 117:
VALIDATION
valid epoch balanced_accuracy: 0.462692
EPOCH 118:
VALIDATION
valid epoch balanced_accuracy: 0.441154
EPOCH 119:
VALIDATION
valid epoch balanced_accuracy: 0.476538
EPOCH 120:
VALIDATION
valid epoch balanced_accuracy: 0.441923
EPOCH 121:
VALIDATION
valid epoch balanced_accuracy: 0.471346
EPOCH 122:
VALIDATION
valid epoch balanced_accuracy: 0.456154
EPOCH 123:
VALIDATION
valid epoch balanced_accuracy: 0.528077
EPOCH 124:
VALIDATION
valid epoch balanced_accuracy: 0.453269
EPOCH 125:
VALIDATION
valid epoch balanced_accuracy: 0.438846
EPOCH 126:
VALIDATION
valid epoch balanced_accuracy: 0.557692
EPOCH 127:
VALIDATION
valid epoch balanced_accuracy: 0.490577
EPOCH 128:
VALIDATION
valid epoch balanced_accuracy: 0.528846
EPOCH 129:
VALIDATION
valid epoch balanced_accuracy: 0.471731
EPOCH 130:
VALIDATION
valid epoch balanced_accuracy: 0.423462
EPOCH 131:
VALIDATION
valid epoch balanced_accuracy: 0.485385
EPOCH 132:
VALIDATION
valid epoch balanced_accuracy: 0.485962
EPOCH 133:
VALIDATION
valid epoch balanced_accuracy: 0.518654
EPOCH 134:
VALIDATION
valid epoch balanced_accuracy: 0.571346
EPOCH 135:
VALIDATION
valid epoch balanced_accuracy: 0.494231
EPOCH 136:
VALIDATION
valid epoch balanced_accuracy: 0.438654
EPOCH 137:
VALIDATION
valid epoch balanced_accuracy: 0.432308
EPOCH 138:
VALIDATION
valid epoch balanced_accuracy: 0.443077
EPOCH 139:
VALIDATION
valid epoch balanced_accuracy: 0.495577
EPOCH 140:
VALIDATION
valid epoch balanced_accuracy: 0.432308
EPOCH 141:
VALIDATION
valid epoch balanced_accuracy: 0.452115
EPOCH 142:
VALIDATION
valid epoch balanced_accuracy: 0.428269
EPOCH 143:
VALIDATION
valid epoch balanced_accuracy: 0.422885
EPOCH 144:
VALIDATION
valid epoch balanced_accuracy: 0.500192
EPOCH 145:
VALIDATION
valid epoch balanced_accuracy: 0.448077
EPOCH 146:
VALIDATION
valid epoch balanced_accuracy: 0.443269
EPOCH 147:
VALIDATION
valid epoch balanced_accuracy: 0.454423
EPOCH 148:
VALIDATION
valid epoch balanced_accuracy: 0.438269
EPOCH 149:
VALIDATION
valid epoch balanced_accuracy: 0.438654
EPOCH 150:
VALIDATION
valid epoch balanced_accuracy: 0.605962
accuracy: 0.593137
sensitivity: 0.360000
precision: 0.654545
specificity: 0.817308
IoU: 0.302521
FAR: 0.182692
F1: 0.464516
balanced_accuracy: 0.588654
loss: 0.651603
