
number of parameters : 1403984
train : (1112, 12)
valid : (200, 12)
test : (200, 12)
PU rho : 0.550000
class weights : [1.0, 1.0]
balanced batches : 70 per epoch covering all 1112 train rows, target 8 positive + 8 unlabeled
data extracted
EPOCH 1:
PU nnPU correction: 0/70 batches, min negative_loss=0.242736, mean negative_loss=0.312768
VALIDATION
valid epoch balanced_accuracy: 0.500000
EPOCH 2:
PU nnPU correction: 0/70 batches, min negative_loss=0.315809, mean negative_loss=0.408029
VALIDATION
valid epoch balanced_accuracy: 0.500000
EPOCH 3:
PU nnPU correction: 0/70 batches, min negative_loss=0.103958, mean negative_loss=0.296532
VALIDATION
valid epoch balanced_accuracy: 0.495098
EPOCH 4:
PU nnPU correction: 1/70 batches, min negative_loss=-0.007730, mean negative_loss=0.293542
VALIDATION
valid epoch balanced_accuracy: 0.456283
EPOCH 5:
PU nnPU correction: 0/70 batches, min negative_loss=0.075828, mean negative_loss=0.235877
VALIDATION
valid epoch balanced_accuracy: 0.422369
EPOCH 6:
PU nnPU correction: 1/70 batches, min negative_loss=-0.020366, mean negative_loss=0.227713
VALIDATION
valid epoch balanced_accuracy: 0.421969
EPOCH 7:
PU nnPU correction: 0/70 batches, min negative_loss=0.081370, mean negative_loss=0.241805
VALIDATION
valid epoch balanced_accuracy: 0.430472
EPOCH 8:
PU nnPU correction: 1/70 batches, min negative_loss=-0.038236, mean negative_loss=0.241234
VALIDATION
valid epoch balanced_accuracy: 0.451080
EPOCH 9:
PU nnPU correction: 0/70 batches, min negative_loss=0.022509, mean negative_loss=0.224267
VALIDATION
valid epoch balanced_accuracy: 0.437275
EPOCH 10:
PU nnPU correction: 0/70 batches, min negative_loss=0.012938, mean negative_loss=0.229568
VALIDATION
valid epoch balanced_accuracy: 0.422269
EPOCH 11:
PU nnPU correction: 0/70 batches, min negative_loss=0.012779, mean negative_loss=0.224604
VALIDATION
valid epoch balanced_accuracy: 0.430872
EPOCH 12:
PU nnPU correction: 0/70 batches, min negative_loss=0.013948, mean negative_loss=0.182831
VALIDATION
valid epoch balanced_accuracy: 0.463986
EPOCH 13:
PU nnPU correction: 0/70 batches, min negative_loss=0.031319, mean negative_loss=0.241051
VALIDATION
valid epoch balanced_accuracy: 0.480792
EPOCH 14:
PU nnPU correction: 0/70 batches, min negative_loss=0.076591, mean negative_loss=0.246292
VALIDATION
valid epoch balanced_accuracy: 0.463786
EPOCH 15:
PU nnPU correction: 0/70 batches, min negative_loss=0.075019, mean negative_loss=0.247989
VALIDATION
valid epoch balanced_accuracy: 0.452381
EPOCH 16:
PU nnPU correction: 1/70 batches, min negative_loss=-0.049901, mean negative_loss=0.232648
VALIDATION
valid epoch balanced_accuracy: 0.452481
EPOCH 17:
PU nnPU correction: 0/70 batches, min negative_loss=0.012521, mean negative_loss=0.231667
VALIDATION
valid epoch balanced_accuracy: 0.392457
EPOCH 18:
PU nnPU correction: 0/70 batches, min negative_loss=0.025158, mean negative_loss=0.214374
VALIDATION
valid epoch balanced_accuracy: 0.378551
EPOCH 19:
PU nnPU correction: 1/70 batches, min negative_loss=-0.043881, mean negative_loss=0.231522
VALIDATION
valid epoch balanced_accuracy: 0.383653
EPOCH 20:
PU nnPU correction: 0/70 batches, min negative_loss=0.035220, mean negative_loss=0.224715
VALIDATION
valid epoch balanced_accuracy: 0.390256
EPOCH 21:
PU nnPU correction: 0/70 batches, min negative_loss=0.012509, mean negative_loss=0.213589
VALIDATION
valid epoch balanced_accuracy: 0.407963
EPOCH 22:
PU nnPU correction: 0/70 batches, min negative_loss=0.001898, mean negative_loss=0.208908
VALIDATION
valid epoch balanced_accuracy: 0.394758
EPOCH 23:
PU nnPU correction: 0/70 batches, min negative_loss=0.018824, mean negative_loss=0.215723
VALIDATION
valid epoch balanced_accuracy: 0.422969
EPOCH 24:
PU nnPU correction: 1/70 batches, min negative_loss=-0.049820, mean negative_loss=0.216607
VALIDATION
valid epoch balanced_accuracy: 0.395158
EPOCH 25:
PU nnPU correction: 0/70 batches, min negative_loss=0.012501, mean negative_loss=0.209170
VALIDATION
valid epoch balanced_accuracy: 0.421469
EPOCH 26:
PU nnPU correction: 0/70 batches, min negative_loss=0.012504, mean negative_loss=0.229450
VALIDATION
valid epoch balanced_accuracy: 0.377951
EPOCH 27:
PU nnPU correction: 1/70 batches, min negative_loss=-0.033479, mean negative_loss=0.205147
VALIDATION
valid epoch balanced_accuracy: 0.447079
EPOCH 28:
PU nnPU correction: 0/70 batches, min negative_loss=0.008839, mean negative_loss=0.238954
VALIDATION
valid epoch balanced_accuracy: 0.402261
EPOCH 29:
PU nnPU correction: 0/70 batches, min negative_loss=0.012511, mean negative_loss=0.233774
VALIDATION
valid epoch balanced_accuracy: 0.406463
EPOCH 30:
PU nnPU correction: 0/70 batches, min negative_loss=0.012560, mean negative_loss=0.199439
VALIDATION
valid epoch balanced_accuracy: 0.429772
EPOCH 31:
PU nnPU correction: 0/70 batches, min negative_loss=0.021434, mean negative_loss=0.209303
VALIDATION
valid epoch balanced_accuracy: 0.399560
EPOCH 32:
PU nnPU correction: 0/70 batches, min negative_loss=0.012563, mean negative_loss=0.198513
VALIDATION
valid epoch balanced_accuracy: 0.426271
EPOCH 33:
PU nnPU correction: 1/70 batches, min negative_loss=-0.039181, mean negative_loss=0.211505
VALIDATION
valid epoch balanced_accuracy: 0.395858
EPOCH 34:
PU nnPU correction: 0/70 batches, min negative_loss=0.012501, mean negative_loss=0.205567
VALIDATION
valid epoch balanced_accuracy: 0.423669
EPOCH 35:
PU nnPU correction: 0/70 batches, min negative_loss=0.012642, mean negative_loss=0.206509
VALIDATION
valid epoch balanced_accuracy: 0.468087
EPOCH 36:
PU nnPU correction: 0/70 batches, min negative_loss=0.018726, mean negative_loss=0.196307
VALIDATION
valid epoch balanced_accuracy: 0.479292
EPOCH 37:
PU nnPU correction: 2/70 batches, min negative_loss=-0.049742, mean negative_loss=0.186599
VALIDATION
valid epoch balanced_accuracy: 0.442877
EPOCH 38:
PU nnPU correction: 0/70 batches, min negative_loss=0.012568, mean negative_loss=0.203323
VALIDATION
valid epoch balanced_accuracy: 0.476691
EPOCH 39:
PU nnPU correction: 0/70 batches, min negative_loss=0.012508, mean negative_loss=0.198027
VALIDATION
valid epoch balanced_accuracy: 0.458583
EPOCH 40:
PU nnPU correction: 1/70 batches, min negative_loss=-0.049982, mean negative_loss=0.194056
VALIDATION
valid epoch balanced_accuracy: 0.457283
EPOCH 41:
PU nnPU correction: 0/70 batches, min negative_loss=0.074679, mean negative_loss=0.202185
VALIDATION
valid epoch balanced_accuracy: 0.446679
EPOCH 42:
PU nnPU correction: 0/70 batches, min negative_loss=0.012501, mean negative_loss=0.184295
VALIDATION
valid epoch balanced_accuracy: 0.462585
EPOCH 43:
PU nnPU correction: 0/70 batches, min negative_loss=0.018880, mean negative_loss=0.185121
VALIDATION
valid epoch balanced_accuracy: 0.375450
EPOCH 44:
PU nnPU correction: 1/70 batches, min negative_loss=-0.049956, mean negative_loss=0.209463
VALIDATION
valid epoch balanced_accuracy: 0.566226
EPOCH 45:
PU nnPU correction: 1/70 batches, min negative_loss=-0.007818, mean negative_loss=0.193354
VALIDATION
valid epoch balanced_accuracy: 0.426671
EPOCH 46:
PU nnPU correction: 0/70 batches, min negative_loss=0.034536, mean negative_loss=0.214115
VALIDATION
valid epoch balanced_accuracy: 0.447279
EPOCH 47:
PU nnPU correction: 1/70 batches, min negative_loss=-0.043766, mean negative_loss=0.180638
VALIDATION
valid epoch balanced_accuracy: 0.452381
EPOCH 48:
PU nnPU correction: 1/70 batches, min negative_loss=-0.005833, mean negative_loss=0.188645
VALIDATION
valid epoch balanced_accuracy: 0.457483
EPOCH 49:
PU nnPU correction: 0/70 batches, min negative_loss=0.012500, mean negative_loss=0.185230
VALIDATION
valid epoch balanced_accuracy: 0.468687
EPOCH 50:
PU nnPU correction: 1/70 batches, min negative_loss=-0.037238, mean negative_loss=0.201012
VALIDATION
valid epoch balanced_accuracy: 0.460784
EPOCH 51:
PU nnPU correction: 0/70 batches, min negative_loss=0.012501, mean negative_loss=0.177014
VALIDATION
valid epoch balanced_accuracy: 0.468487
EPOCH 52:
PU nnPU correction: 0/70 batches, min negative_loss=0.013557, mean negative_loss=0.175451
VALIDATION
valid epoch balanced_accuracy: 0.529612
EPOCH 53:
PU nnPU correction: 0/70 batches, min negative_loss=0.012669, mean negative_loss=0.187299
VALIDATION
valid epoch balanced_accuracy: 0.502501
EPOCH 54:
PU nnPU correction: 0/70 batches, min negative_loss=0.012575, mean negative_loss=0.187337
VALIDATION
valid epoch balanced_accuracy: 0.411365
EPOCH 55:
PU nnPU correction: 1/70 batches, min negative_loss=-0.043608, mean negative_loss=0.194041
VALIDATION
valid epoch balanced_accuracy: 0.538015
EPOCH 56:
PU nnPU correction: 3/70 batches, min negative_loss=-0.049981, mean negative_loss=0.173928
VALIDATION
valid epoch balanced_accuracy: 0.508203
EPOCH 57:
PU nnPU correction: 0/70 batches, min negative_loss=0.012502, mean negative_loss=0.182301
VALIDATION
valid epoch balanced_accuracy: 0.529212
EPOCH 58:
PU nnPU correction: 0/70 batches, min negative_loss=0.011539, mean negative_loss=0.173082
VALIDATION
valid epoch balanced_accuracy: 0.467087
EPOCH 59:
PU nnPU correction: 0/70 batches, min negative_loss=0.012784, mean negative_loss=0.179656
VALIDATION
valid epoch balanced_accuracy: 0.457283
EPOCH 60:
PU nnPU correction: 3/70 batches, min negative_loss=-0.049917, mean negative_loss=0.168328
VALIDATION
valid epoch balanced_accuracy: 0.544918
EPOCH 61:
PU nnPU correction: 0/70 batches, min negative_loss=0.012500, mean negative_loss=0.162534
VALIDATION
valid epoch balanced_accuracy: 0.515906
EPOCH 62:
PU nnPU correction: 3/70 batches, min negative_loss=-0.049953, mean negative_loss=0.154789
VALIDATION
valid epoch balanced_accuracy: 0.472789
EPOCH 63:
PU nnPU correction: 1/70 batches, min negative_loss=-0.043567, mean negative_loss=0.170575
VALIDATION
valid epoch balanced_accuracy: 0.536615
EPOCH 64:
PU nnPU correction: 1/70 batches, min negative_loss=-0.042857, mean negative_loss=0.179093
VALIDATION
valid epoch balanced_accuracy: 0.525310
EPOCH 65:
PU nnPU correction: 2/70 batches, min negative_loss=-0.049406, mean negative_loss=0.172099
VALIDATION
valid epoch balanced_accuracy: 0.514106
EPOCH 66:
PU nnPU correction: 1/70 batches, min negative_loss=-0.043749, mean negative_loss=0.161037
VALIDATION
valid epoch balanced_accuracy: 0.564526
EPOCH 67:
PU nnPU correction: 0/70 batches, min negative_loss=0.012517, mean negative_loss=0.158700
VALIDATION
valid epoch balanced_accuracy: 0.548619
EPOCH 68:
PU nnPU correction: 2/70 batches, min negative_loss=-0.049989, mean negative_loss=0.159130
VALIDATION
valid epoch balanced_accuracy: 0.558623
EPOCH 69:
PU nnPU correction: 3/70 batches, min negative_loss=-0.049999, mean negative_loss=0.162545
VALIDATION
valid epoch balanced_accuracy: 0.564326
EPOCH 70:
PU nnPU correction: 0/70 batches, min negative_loss=0.012503, mean negative_loss=0.189087
VALIDATION
valid epoch balanced_accuracy: 0.456883
EPOCH 71:
PU nnPU correction: 1/70 batches, min negative_loss=-0.043714, mean negative_loss=0.211139
VALIDATION
valid epoch balanced_accuracy: 0.436074
EPOCH 72:
PU nnPU correction: 0/70 batches, min negative_loss=0.012502, mean negative_loss=0.196044
VALIDATION
valid epoch balanced_accuracy: 0.431573
EPOCH 73:
PU nnPU correction: 1/70 batches, min negative_loss=-0.043740, mean negative_loss=0.195763
VALIDATION
valid epoch balanced_accuracy: 0.460784
EPOCH 74:
PU nnPU correction: 2/70 batches, min negative_loss=-0.049998, mean negative_loss=0.191615
VALIDATION
valid epoch balanced_accuracy: 0.552921
EPOCH 75:
PU nnPU correction: 1/70 batches, min negative_loss=-0.050000, mean negative_loss=0.181526
VALIDATION
valid epoch balanced_accuracy: 0.461184
EPOCH 76:
PU nnPU correction: 2/70 batches, min negative_loss=-0.049999, mean negative_loss=0.177142
VALIDATION
valid epoch balanced_accuracy: 0.527011
EPOCH 77:
PU nnPU correction: 1/70 batches, min negative_loss=-0.017107, mean negative_loss=0.187018
VALIDATION
valid epoch balanced_accuracy: 0.548019
EPOCH 78:
PU nnPU correction: 0/70 batches, min negative_loss=0.012500, mean negative_loss=0.183005
VALIDATION
valid epoch balanced_accuracy: 0.466287
EPOCH 79:
PU nnPU correction: 0/70 batches, min negative_loss=0.018750, mean negative_loss=0.191322
VALIDATION
valid epoch balanced_accuracy: 0.538415
EPOCH 80:
PU nnPU correction: 0/70 batches, min negative_loss=0.012509, mean negative_loss=0.181913
VALIDATION
valid epoch balanced_accuracy: 0.506403
EPOCH 81:
PU nnPU correction: 2/70 batches, min negative_loss=-0.049854, mean negative_loss=0.169274
VALIDATION
valid epoch balanced_accuracy: 0.519408
EPOCH 82:
PU nnPU correction: 0/70 batches, min negative_loss=0.012593, mean negative_loss=0.173292
VALIDATION
valid epoch balanced_accuracy: 0.519608
EPOCH 83:
PU nnPU correction: 1/70 batches, min negative_loss=-0.049993, mean negative_loss=0.166954
VALIDATION
valid epoch balanced_accuracy: 0.519608
EPOCH 84:
PU nnPU correction: 1/70 batches, min negative_loss=-0.043750, mean negative_loss=0.167227
VALIDATION
valid epoch balanced_accuracy: 0.519608
EPOCH 85:
PU nnPU correction: 3/70 batches, min negative_loss=-0.049996, mean negative_loss=0.167580
VALIDATION
valid epoch balanced_accuracy: 0.519608
EPOCH 86:
PU nnPU correction: 0/70 batches, min negative_loss=0.012500, mean negative_loss=0.166546
VALIDATION
valid epoch balanced_accuracy: 0.519608
EPOCH 87:
PU nnPU correction: 2/70 batches, min negative_loss=-0.049984, mean negative_loss=0.166288
VALIDATION
valid epoch balanced_accuracy: 0.524710
EPOCH 88:
PU nnPU correction: 0/70 batches, min negative_loss=0.012500, mean negative_loss=0.167022
VALIDATION
valid epoch balanced_accuracy: 0.520608
EPOCH 89:
PU nnPU correction: 2/70 batches, min negative_loss=-0.043745, mean negative_loss=0.182133
VALIDATION
valid epoch balanced_accuracy: 0.528411
EPOCH 90:
PU nnPU correction: 1/70 batches, min negative_loss=-0.042635, mean negative_loss=0.194167
VALIDATION
valid epoch balanced_accuracy: 0.542717
EPOCH 91:
PU nnPU correction: 0/70 batches, min negative_loss=0.012500, mean negative_loss=0.169797
VALIDATION
valid epoch balanced_accuracy: 0.514306
EPOCH 92:
PU nnPU correction: 2/70 batches, min negative_loss=-0.049998, mean negative_loss=0.164784
VALIDATION
valid epoch balanced_accuracy: 0.437075
EPOCH 93:
PU nnPU correction: 1/70 batches, min negative_loss=-0.037850, mean negative_loss=0.185086
VALIDATION
valid epoch balanced_accuracy: 0.441977
EPOCH 94:
PU nnPU correction: 1/70 batches, min negative_loss=-0.049834, mean negative_loss=0.194074
VALIDATION
valid epoch balanced_accuracy: 0.571128
EPOCH 95:
PU nnPU correction: 0/70 batches, min negative_loss=0.012266, mean negative_loss=0.197383
VALIDATION
valid epoch balanced_accuracy: 0.436675
EPOCH 96:
PU nnPU correction: 0/70 batches, min negative_loss=0.012500, mean negative_loss=0.189841
VALIDATION
valid epoch balanced_accuracy: 0.456883
EPOCH 97:
PU nnPU correction: 2/70 batches, min negative_loss=-0.049963, mean negative_loss=0.164934
VALIDATION
valid epoch balanced_accuracy: 0.502901
EPOCH 98:
PU nnPU correction: 0/70 batches, min negative_loss=0.069226, mean negative_loss=0.200330
VALIDATION
valid epoch balanced_accuracy: 0.448679
EPOCH 99:
PU nnPU correction: 0/70 batches, min negative_loss=0.075000, mean negative_loss=0.200122
VALIDATION
valid epoch balanced_accuracy: 0.539016
EPOCH 100:
PU nnPU correction: 3/70 batches, min negative_loss=-0.043438, mean negative_loss=0.171717
VALIDATION
valid epoch balanced_accuracy: 0.476491
EPOCH 101:
PU nnPU correction: 1/70 batches, min negative_loss=-0.043692, mean negative_loss=0.187689
VALIDATION
valid epoch balanced_accuracy: 0.509804
EPOCH 102:
PU nnPU correction: 0/70 batches, min negative_loss=0.012500, mean negative_loss=0.179959
VALIDATION
valid epoch balanced_accuracy: 0.558023
EPOCH 103:
PU nnPU correction: 1/70 batches, min negative_loss=-0.049540, mean negative_loss=0.182836
VALIDATION
valid epoch balanced_accuracy: 0.543517
EPOCH 104:
PU nnPU correction: 0/70 batches, min negative_loss=0.012515, mean negative_loss=0.180023
VALIDATION
valid epoch balanced_accuracy: 0.501601
EPOCH 105:
PU nnPU correction: 0/70 batches, min negative_loss=0.012500, mean negative_loss=0.166931
VALIDATION
valid epoch balanced_accuracy: 0.510204
EPOCH 106:
PU nnPU correction: 0/70 batches, min negative_loss=0.012505, mean negative_loss=0.162402
VALIDATION
valid epoch balanced_accuracy: 0.557423
EPOCH 107:
PU nnPU correction: 0/70 batches, min negative_loss=0.012500, mean negative_loss=0.174462
VALIDATION
valid epoch balanced_accuracy: 0.562725
EPOCH 108:
PU nnPU correction: 1/70 batches, min negative_loss=-0.049997, mean negative_loss=0.185881
VALIDATION
valid epoch balanced_accuracy: 0.558023
EPOCH 109:
PU nnPU correction: 0/70 batches, min negative_loss=0.018750, mean negative_loss=0.182955
VALIDATION
valid epoch balanced_accuracy: 0.509604
EPOCH 110:
PU nnPU correction: 1/70 batches, min negative_loss=-0.049998, mean negative_loss=0.170624
VALIDATION
valid epoch balanced_accuracy: 0.466487
EPOCH 111:
PU nnPU correction: 0/70 batches, min negative_loss=0.012500, mean negative_loss=0.167199
VALIDATION
valid epoch balanced_accuracy: 0.476291
EPOCH 112:
PU nnPU correction: 1/70 batches, min negative_loss=-0.049998, mean negative_loss=0.167019
VALIDATION
valid epoch balanced_accuracy: 0.481192
EPOCH 113:
PU nnPU correction: 1/70 batches, min negative_loss=-0.043746, mean negative_loss=0.166631
VALIDATION
valid epoch balanced_accuracy: 0.533313
EPOCH 114:
PU nnPU correction: 1/70 batches, min negative_loss=-0.050000, mean negative_loss=0.177986
VALIDATION
valid epoch balanced_accuracy: 0.495498
EPOCH 115:
PU nnPU correction: 0/70 batches, min negative_loss=0.012501, mean negative_loss=0.162537
VALIDATION
valid epoch balanced_accuracy: 0.510604
EPOCH 116:
PU nnPU correction: 2/70 batches, min negative_loss=-0.043699, mean negative_loss=0.164190
VALIDATION
valid epoch balanced_accuracy: 0.515106
EPOCH 117:
PU nnPU correction: 0/70 batches, min negative_loss=0.012500, mean negative_loss=0.164060
VALIDATION
valid epoch balanced_accuracy: 0.515106
EPOCH 118:
PU nnPU correction: 1/70 batches, min negative_loss=-0.043750, mean negative_loss=0.164070
VALIDATION
valid epoch balanced_accuracy: 0.520208
EPOCH 119:
PU nnPU correction: 0/70 batches, min negative_loss=0.012500, mean negative_loss=0.163950
VALIDATION
valid epoch balanced_accuracy: 0.520208
EPOCH 120:
PU nnPU correction: 3/70 batches, min negative_loss=-0.050000, mean negative_loss=0.171387
VALIDATION
valid epoch balanced_accuracy: 0.462785
EPOCH 121:
PU nnPU correction: 2/70 batches, min negative_loss=-0.049999, mean negative_loss=0.177893
VALIDATION
valid epoch balanced_accuracy: 0.456983
EPOCH 122:
PU nnPU correction: 0/70 batches, min negative_loss=0.012500, mean negative_loss=0.184082
VALIDATION
valid epoch balanced_accuracy: 0.462085
EPOCH 123:
PU nnPU correction: 0/70 batches, min negative_loss=0.012500, mean negative_loss=0.184975
VALIDATION
valid epoch balanced_accuracy: 0.462085
EPOCH 124:
PU nnPU correction: 1/70 batches, min negative_loss=-0.043747, mean negative_loss=0.184070
VALIDATION
valid epoch balanced_accuracy: 0.462085
EPOCH 125:
PU nnPU correction: 0/70 batches, min negative_loss=0.012500, mean negative_loss=0.184592
VALIDATION
valid epoch balanced_accuracy: 0.462085
EPOCH 126:
PU nnPU correction: 1/70 batches, min negative_loss=-0.043745, mean negative_loss=0.183980
VALIDATION
valid epoch balanced_accuracy: 0.462085
EPOCH 127:
PU nnPU correction: 1/70 batches, min negative_loss=-0.050000, mean negative_loss=0.183828
VALIDATION
valid epoch balanced_accuracy: 0.467187
EPOCH 128:
PU nnPU correction: 0/70 batches, min negative_loss=0.012500, mean negative_loss=0.184592
VALIDATION
valid epoch balanced_accuracy: 0.467187
EPOCH 129:
PU nnPU correction: 0/70 batches, min negative_loss=0.012500, mean negative_loss=0.184248
VALIDATION
valid epoch balanced_accuracy: 0.467187
EPOCH 130:
PU nnPU correction: 1/70 batches, min negative_loss=-0.043750, mean negative_loss=0.183967
VALIDATION
valid epoch balanced_accuracy: 0.467187
EPOCH 131:
PU nnPU correction: 1/70 batches, min negative_loss=-0.050000, mean negative_loss=0.183954
VALIDATION
valid epoch balanced_accuracy: 0.467187
EPOCH 132:
PU nnPU correction: 0/70 batches, min negative_loss=0.012501, mean negative_loss=0.183954
VALIDATION
valid epoch balanced_accuracy: 0.467187
EPOCH 133:
PU nnPU correction: 1/70 batches, min negative_loss=-0.043749, mean negative_loss=0.184465
VALIDATION
valid epoch balanced_accuracy: 0.472289
EPOCH 134:
PU nnPU correction: 1/70 batches, min negative_loss=-0.043750, mean negative_loss=0.183852
VALIDATION
valid epoch balanced_accuracy: 0.472289
EPOCH 135:
PU nnPU correction: 0/70 batches, min negative_loss=0.012500, mean negative_loss=0.183955
VALIDATION
valid epoch balanced_accuracy: 0.472289
EPOCH 136:
PU nnPU correction: 0/70 batches, min negative_loss=0.012495, mean negative_loss=0.184222
VALIDATION
valid epoch balanced_accuracy: 0.472289
EPOCH 137:
PU nnPU correction: 2/70 batches, min negative_loss=-0.050000, mean negative_loss=0.183838
VALIDATION
valid epoch balanced_accuracy: 0.472289
EPOCH 138:
PU nnPU correction: 0/70 batches, min negative_loss=0.012500, mean negative_loss=0.183826
VALIDATION
valid epoch balanced_accuracy: 0.472289
EPOCH 139:
PU nnPU correction: 1/70 batches, min negative_loss=-0.050000, mean negative_loss=0.184230
VALIDATION
valid epoch balanced_accuracy: 0.472289
EPOCH 140:
PU nnPU correction: 1/70 batches, min negative_loss=-0.037500, mean negative_loss=0.181980
VALIDATION
valid epoch balanced_accuracy: 0.482393
EPOCH 141:
PU nnPU correction: 29/70 batches, min negative_loss=-0.037500, mean negative_loss=0.047622
VALIDATION
valid epoch balanced_accuracy: 0.493497
EPOCH 142:
PU nnPU correction: 56/70 batches, min negative_loss=-0.016732, mean negative_loss=0.000686
VALIDATION
valid epoch balanced_accuracy: 0.500000
EPOCH 143:
PU nnPU correction: 59/70 batches, min negative_loss=-0.000002, mean negative_loss=-0.000000
VALIDATION
valid epoch balanced_accuracy: 0.500000
EPOCH 144:
PU nnPU correction: 59/70 batches, min negative_loss=-0.000001, mean negative_loss=0.000000
VALIDATION
valid epoch balanced_accuracy: 0.500000
EPOCH 145:
PU nnPU correction: 54/70 batches, min negative_loss=-0.000003, mean negative_loss=-0.000000
VALIDATION
valid epoch balanced_accuracy: 0.500000
EPOCH 146:
PU nnPU correction: 52/70 batches, min negative_loss=-0.000002, mean negative_loss=-0.000000
VALIDATION
valid epoch balanced_accuracy: 0.500000
EPOCH 147:
PU nnPU correction: 55/70 batches, min negative_loss=-0.000003, mean negative_loss=-0.000000
VALIDATION
valid epoch balanced_accuracy: 0.500000
EPOCH 148:
PU nnPU correction: 54/70 batches, min negative_loss=-0.000009, mean negative_loss=-0.000000
VALIDATION
valid epoch balanced_accuracy: 0.500000
EPOCH 149:
PU nnPU correction: 54/70 batches, min negative_loss=-0.000002, mean negative_loss=0.000000
VALIDATION
valid epoch balanced_accuracy: 0.500000
EPOCH 150:
PU nnPU correction: 55/70 batches, min negative_loss=-0.000003, mean negative_loss=-0.000000
VALIDATION
valid epoch balanced_accuracy: 0.500000
accuracy: 0.515000
sensitivity: 0.581633
precision: 0.504425
specificity: 0.450980
IoU: 0.370130
FAR: 0.549020
F1: 0.540284
balanced_accuracy: 0.516307
loss: 0.488201
