Waiting for exclusive access to GPU GPU-686f887c-83d7-400a-ba3f-d0dab41dcc04.
=== GROUP: IP_trans | VARIANT: nps3mlp_gine_residual | SEED: 3 | GPU: Tesla V100-SXM2-32GB ===

number of parameters : 757256
train : (1209, 12)
valid : (61, 12)
test : (61, 12)
class weights : [1.1669883728027344, 0.8748190999031067]
data extracted
EPOCH 1:
VALIDATION
valid epoch balanced_accuracy: 0.500000
EPOCH 2:
VALIDATION
valid epoch balanced_accuracy: 0.472043
EPOCH 3:
VALIDATION
valid epoch balanced_accuracy: 0.642473
EPOCH 4:
VALIDATION
valid epoch balanced_accuracy: 0.576344
EPOCH 5:
VALIDATION
valid epoch balanced_accuracy: 0.585484
EPOCH 6:
VALIDATION
valid epoch balanced_accuracy: 0.657527
EPOCH 7:
VALIDATION
valid epoch balanced_accuracy: 0.629032
EPOCH 8:
VALIDATION
valid epoch balanced_accuracy: 0.652688
EPOCH 9:
VALIDATION
valid epoch balanced_accuracy: 0.605376
EPOCH 10:
VALIDATION
valid epoch balanced_accuracy: 0.570430
EPOCH 11:
VALIDATION
valid epoch balanced_accuracy: 0.652151
EPOCH 12:
