Waiting for exclusive access to GPU GPU-3cb076f3-7ac1-db4a-2571-512d6e1a8bc7.
=== GROUP: IP_trans | VARIANT: nps3mlp_gine_residual | SEED: 2 | GPU: NVIDIA A100-PCIE-40GB ===

number of parameters : 757256
train : (1220, 12)
valid : (56, 12)
test : (55, 12)
class weights : [1.1531190872192383, 0.8827785849571228]
data extracted
EPOCH 1:
VALIDATION
valid epoch balanced_accuracy: 0.642857
EPOCH 2:
VALIDATION
valid epoch balanced_accuracy: 0.623810
EPOCH 3:
VALIDATION
valid epoch balanced_accuracy: 0.652381
EPOCH 4:
VALIDATION
valid epoch balanced_accuracy: 0.580952
EPOCH 5:
VALIDATION
valid epoch balanced_accuracy: 0.657143
EPOCH 6:
VALIDATION
valid epoch balanced_accuracy: 0.690476
EPOCH 7:
VALIDATION
valid epoch balanced_accuracy: 0.676190
EPOCH 8:
VALIDATION
valid epoch balanced_accuracy: 0.604762
EPOCH 9:
VALIDATION
valid epoch balanced_accuracy: 0.690476
EPOCH 10:
VALIDATION
valid epoch balanced_accuracy: 0.595238
EPOCH 11:
VALIDATION
valid epoch balanced_accuracy: 0.609524
EPOCH 12:
VALIDATION
valid epoch balanced_accuracy: 0.609524
EPOCH 13:
VALIDATION
valid epoch balanced_accuracy: 0.690476
EPOCH 14:
VALIDATION
valid epoch balanced_accuracy: 0.647619
EPOCH 15:
