
number of parameters : 1075406
train : (1004, 12)
valid : (165, 12)
test : (165, 12)
class weights : [1.1106194257736206, 0.9094203114509583]
data extracted
EPOCH 1:
VALIDATION
valid epoch balanced_accuracy: 0.530384
EPOCH 2:
VALIDATION
valid epoch balanced_accuracy: 0.643390
EPOCH 3:
VALIDATION
valid epoch balanced_accuracy: 0.586430
EPOCH 4:
VALIDATION
valid epoch balanced_accuracy: 0.514925
EPOCH 5:
VALIDATION
valid epoch balanced_accuracy: 0.601432
EPOCH 6:
VALIDATION
valid epoch balanced_accuracy: 0.622601
EPOCH 7:
VALIDATION
valid epoch balanced_accuracy: 0.523759
EPOCH 8:
VALIDATION
valid epoch balanced_accuracy: 0.553457
EPOCH 9:
VALIDATION
valid epoch balanced_accuracy: 0.637603
EPOCH 10:
VALIDATION
valid epoch balanced_accuracy: 0.562976
EPOCH 11:
VALIDATION
valid epoch balanced_accuracy: 0.322723
EPOCH 12:
VALIDATION
valid epoch balanced_accuracy: 0.633643
EPOCH 13:
VALIDATION
valid epoch balanced_accuracy: 0.598690
EPOCH 14:
VALIDATION
valid epoch balanced_accuracy: 0.665398
EPOCH 15:
VALIDATION
valid epoch balanced_accuracy: 0.580338
EPOCH 16:
VALIDATION
valid epoch balanced_accuracy: 0.627779
EPOCH 17:
VALIDATION
valid epoch balanced_accuracy: 0.620317
EPOCH 18:
VALIDATION
valid epoch balanced_accuracy: 0.598386
EPOCH 19:
VALIDATION
valid epoch balanced_accuracy: 0.588105
EPOCH 20:
VALIDATION
valid epoch balanced_accuracy: 0.672936
EPOCH 21:
VALIDATION
valid epoch balanced_accuracy: 0.540969
EPOCH 22:
VALIDATION
valid epoch balanced_accuracy: 0.671718
EPOCH 23:
VALIDATION
valid epoch balanced_accuracy: 0.625800
EPOCH 24:
VALIDATION
valid epoch balanced_accuracy: 0.582623
EPOCH 25:
VALIDATION
valid epoch balanced_accuracy: 0.656869
EPOCH 26:
VALIDATION
valid epoch balanced_accuracy: 0.705148
EPOCH 27:
VALIDATION
valid epoch balanced_accuracy: 0.639202
EPOCH 28:
VALIDATION
valid epoch balanced_accuracy: 0.669053
EPOCH 29:
VALIDATION
valid epoch balanced_accuracy: 0.626256
EPOCH 30:
VALIDATION
valid epoch balanced_accuracy: 0.603488
EPOCH 31:
VALIDATION
valid epoch balanced_accuracy: 0.679257
EPOCH 32:
VALIDATION
valid epoch balanced_accuracy: 0.609351
EPOCH 33:
VALIDATION
valid epoch balanced_accuracy: 0.613311
EPOCH 34:
VALIDATION
valid epoch balanced_accuracy: 0.617652
EPOCH 35:
VALIDATION
valid epoch balanced_accuracy: 0.603031
EPOCH 36:
VALIDATION
valid epoch balanced_accuracy: 0.605848
EPOCH 37:
VALIDATION
valid epoch balanced_accuracy: 0.567012
EPOCH 38:
VALIDATION
valid epoch balanced_accuracy: 0.554447
EPOCH 39:
VALIDATION
valid epoch balanced_accuracy: 0.586963
EPOCH 40:
VALIDATION
valid epoch balanced_accuracy: 0.526500
EPOCH 41:
VALIDATION
valid epoch balanced_accuracy: 0.690603
EPOCH 42:
VALIDATION
valid epoch balanced_accuracy: 0.603488
EPOCH 43:
VALIDATION
valid epoch balanced_accuracy: 0.661971
EPOCH 44:
VALIDATION
valid epoch balanced_accuracy: 0.587420
EPOCH 45:
VALIDATION
valid epoch balanced_accuracy: 0.651386
EPOCH 46:
VALIDATION
valid epoch balanced_accuracy: 0.637603
EPOCH 47:
VALIDATION
valid epoch balanced_accuracy: 0.586963
EPOCH 48:
VALIDATION
valid epoch balanced_accuracy: 0.618413
EPOCH 49:
VALIDATION
valid epoch balanced_accuracy: 0.674535
EPOCH 50:
VALIDATION
valid epoch balanced_accuracy: 0.625114
EPOCH 51:
VALIDATION
valid epoch balanced_accuracy: 0.546223
EPOCH 52:
VALIDATION
valid epoch balanced_accuracy: 0.575236
EPOCH 53:
VALIDATION
valid epoch balanced_accuracy: 0.652147
EPOCH 54:
VALIDATION
valid epoch balanced_accuracy: 0.627399
EPOCH 55:
VALIDATION
valid epoch balanced_accuracy: 0.627779
EPOCH 56:
VALIDATION
valid epoch balanced_accuracy: 0.515154
EPOCH 57:
VALIDATION
valid epoch balanced_accuracy: 0.578358
EPOCH 58:
VALIDATION
valid epoch balanced_accuracy: 0.579957
EPOCH 59:
VALIDATION
valid epoch balanced_accuracy: 0.649787
EPOCH 60:
VALIDATION
valid epoch balanced_accuracy: 0.649787
EPOCH 61:
VALIDATION
valid epoch balanced_accuracy: 0.644685
EPOCH 62:
VALIDATION
valid epoch balanced_accuracy: 0.670576
EPOCH 63:
VALIDATION
valid epoch balanced_accuracy: 0.669814
EPOCH 64:
VALIDATION
valid epoch balanced_accuracy: 0.667454
EPOCH 65:
VALIDATION
valid epoch balanced_accuracy: 0.597167
EPOCH 66:
VALIDATION
valid epoch balanced_accuracy: 0.647807
EPOCH 67:
VALIDATION
valid epoch balanced_accuracy: 0.667834
EPOCH 68:
VALIDATION
valid epoch balanced_accuracy: 0.608970
EPOCH 69:
VALIDATION
valid epoch balanced_accuracy: 0.594426
EPOCH 70:
VALIDATION
valid epoch balanced_accuracy: 0.572495
EPOCH 71:
VALIDATION
valid epoch balanced_accuracy: 0.650168
EPOCH 72:
VALIDATION
valid epoch balanced_accuracy: 0.637222
EPOCH 73:
VALIDATION
valid epoch balanced_accuracy: 0.582699
EPOCH 74:
VALIDATION
valid epoch balanced_accuracy: 0.653290
EPOCH 75:
VALIDATION
valid epoch balanced_accuracy: 0.650168
EPOCH 76:
VALIDATION
valid epoch balanced_accuracy: 0.630978
EPOCH 77:
VALIDATION
valid epoch balanced_accuracy: 0.644304
EPOCH 78:
VALIDATION
valid epoch balanced_accuracy: 0.633719
EPOCH 79:
VALIDATION
valid epoch balanced_accuracy: 0.551325
EPOCH 80:
VALIDATION
valid epoch balanced_accuracy: 0.572114
EPOCH 81:
VALIDATION
valid epoch balanced_accuracy: 0.720835
EPOCH 82:
VALIDATION
valid epoch balanced_accuracy: 0.615291
EPOCH 83:
VALIDATION
valid epoch balanced_accuracy: 0.554066
EPOCH 84:
VALIDATION
valid epoch balanced_accuracy: 0.579957
EPOCH 85:
VALIDATION
valid epoch balanced_accuracy: 0.621154
EPOCH 86:
VALIDATION
valid epoch balanced_accuracy: 0.618413
EPOCH 87:
VALIDATION
valid epoch balanced_accuracy: 0.628236
EPOCH 88:
VALIDATION
valid epoch balanced_accuracy: 0.626256
EPOCH 89:
VALIDATION
valid epoch balanced_accuracy: 0.625495
EPOCH 90:
VALIDATION
valid epoch balanced_accuracy: 0.633338
EPOCH 91:
VALIDATION
valid epoch balanced_accuracy: 0.643542
EPOCH 92:
VALIDATION
valid epoch balanced_accuracy: 0.595644
EPOCH 93:
VALIDATION
valid epoch balanced_accuracy: 0.625876
EPOCH 94:
VALIDATION
valid epoch balanced_accuracy: 0.625876
EPOCH 95:
VALIDATION
valid epoch balanced_accuracy: 0.636080
EPOCH 96:
VALIDATION
valid epoch balanced_accuracy: 0.610570
EPOCH 97:
VALIDATION
valid epoch balanced_accuracy: 0.638440
EPOCH 98:
VALIDATION
valid epoch balanced_accuracy: 0.587420
EPOCH 99:
VALIDATION
valid epoch balanced_accuracy: 0.623515
EPOCH 100:
VALIDATION
valid epoch balanced_accuracy: 0.621154
EPOCH 101:
VALIDATION
valid epoch balanced_accuracy: 0.611712
EPOCH 102:
VALIDATION
valid epoch balanced_accuracy: 0.578358
EPOCH 103:
VALIDATION
valid epoch balanced_accuracy: 0.596406
EPOCH 104:
VALIDATION
valid epoch balanced_accuracy: 0.591304
EPOCH 105:
VALIDATION
valid epoch balanced_accuracy: 0.572495
EPOCH 106:
VALIDATION
valid epoch balanced_accuracy: 0.601508
EPOCH 107:
VALIDATION
valid epoch balanced_accuracy: 0.613692
EPOCH 108:
VALIDATION
valid epoch balanced_accuracy: 0.577977
EPOCH 109:
VALIDATION
valid epoch balanced_accuracy: 0.588562
EPOCH 110:
VALIDATION
valid epoch balanced_accuracy: 0.621154
EPOCH 111:
VALIDATION
valid epoch balanced_accuracy: 0.606610
EPOCH 112:
VALIDATION
valid epoch balanced_accuracy: 0.375038
EPOCH 113:
VALIDATION
valid epoch balanced_accuracy: 0.471977
EPOCH 114:
VALIDATION
valid epoch balanced_accuracy: 0.610113
EPOCH 115:
VALIDATION
valid epoch balanced_accuracy: 0.556808
EPOCH 116:
VALIDATION
valid epoch balanced_accuracy: 0.722434
EPOCH 117:
VALIDATION
valid epoch balanced_accuracy: 0.649787
EPOCH 118:
VALIDATION
valid epoch balanced_accuracy: 0.694944
EPOCH 119:
VALIDATION
valid epoch balanced_accuracy: 0.634100
EPOCH 120:
VALIDATION
valid epoch balanced_accuracy: 0.692964
EPOCH 121:
VALIDATION
valid epoch balanced_accuracy: 0.685501
EPOCH 122:
VALIDATION
valid epoch balanced_accuracy: 0.676135
EPOCH 123:
VALIDATION
valid epoch balanced_accuracy: 0.651386
EPOCH 124:
VALIDATION
valid epoch balanced_accuracy: 0.661590
EPOCH 125:
VALIDATION
valid epoch balanced_accuracy: 0.644304
EPOCH 126:
VALIDATION
valid epoch balanced_accuracy: 0.654508
EPOCH 127:
VALIDATION
valid epoch balanced_accuracy: 0.661971
EPOCH 128:
VALIDATION
valid epoch balanced_accuracy: 0.654508
EPOCH 129:
VALIDATION
valid epoch balanced_accuracy: 0.647045
EPOCH 130:
VALIDATION
valid epoch balanced_accuracy: 0.654508
EPOCH 131:
VALIDATION
valid epoch balanced_accuracy: 0.647045
EPOCH 132:
VALIDATION
valid epoch balanced_accuracy: 0.659610
EPOCH 133:
VALIDATION
valid epoch balanced_accuracy: 0.654508
EPOCH 134:
VALIDATION
valid epoch balanced_accuracy: 0.654508
EPOCH 135:
VALIDATION
valid epoch balanced_accuracy: 0.652147
EPOCH 136:
VALIDATION
valid epoch balanced_accuracy: 0.674535
EPOCH 137:
VALIDATION
valid epoch balanced_accuracy: 0.631359
EPOCH 138:
VALIDATION
valid epoch balanced_accuracy: 0.641943
EPOCH 139:
VALIDATION
valid epoch balanced_accuracy: 0.644304
EPOCH 140:
VALIDATION
valid epoch balanced_accuracy: 0.651386
EPOCH 141:
VALIDATION
valid epoch balanced_accuracy: 0.675297
EPOCH 142:
VALIDATION
valid epoch balanced_accuracy: 0.692583
EPOCH 143:
VALIDATION
valid epoch balanced_accuracy: 0.658392
EPOCH 144:
VALIDATION
valid epoch balanced_accuracy: 0.546147
EPOCH 145:
VALIDATION
valid epoch balanced_accuracy: 0.660829
EPOCH 146:
VALIDATION
valid epoch balanced_accuracy: 0.617652
EPOCH 147:
VALIDATION
valid epoch balanced_accuracy: 0.663570
EPOCH 148:
VALIDATION
valid epoch balanced_accuracy: 0.663570
EPOCH 149:
VALIDATION
valid epoch balanced_accuracy: 0.627856
EPOCH 150:
VALIDATION
valid epoch balanced_accuracy: 0.671794
accuracy: 0.672727
sensitivity: 0.679245
precision: 0.782609
specificity: 0.661017
IoU: 0.571429
FAR: 0.338983
F1: 0.727273
balanced_accuracy: 0.670131
loss: 1.593924
