
number of parameters : 1296796
train : (1332, 12)
valid : (90, 12)
test : (90, 12)
class weights : [1.0, 1.0]
balanced batches : 84 per epoch covering all 1332 train rows, target 8 positive + 8 unlabeled
cache warmed : 35 proteins, 409 lipid encodings, 0 lipid graphs, 131 MiB
data extracted
EPOCH 1:
VALIDATION
valid epoch balanced_accuracy: 0.422222
EPOCH 2:
VALIDATION
valid epoch balanced_accuracy: 0.466667
EPOCH 3:
VALIDATION
valid epoch balanced_accuracy: 0.433333
EPOCH 4:
VALIDATION
valid epoch balanced_accuracy: 0.455556
EPOCH 5:
VALIDATION
valid epoch balanced_accuracy: 0.455556
EPOCH 6:
VALIDATION
valid epoch balanced_accuracy: 0.488889
EPOCH 7:
VALIDATION
valid epoch balanced_accuracy: 0.466667
EPOCH 8:
VALIDATION
valid epoch balanced_accuracy: 0.455556
EPOCH 9:
VALIDATION
valid epoch balanced_accuracy: 0.488889
EPOCH 10:
VALIDATION
valid epoch balanced_accuracy: 0.500000
EPOCH 11:
VALIDATION
valid epoch balanced_accuracy: 0.544444
EPOCH 12:
VALIDATION
valid epoch balanced_accuracy: 0.533333
EPOCH 13:
VALIDATION
valid epoch balanced_accuracy: 0.633333
EPOCH 14:
VALIDATION
valid epoch balanced_accuracy: 0.500000
EPOCH 15:
VALIDATION
valid epoch balanced_accuracy: 0.411111
EPOCH 16:
VALIDATION
valid epoch balanced_accuracy: 0.588889
EPOCH 17:
VALIDATION
valid epoch balanced_accuracy: 0.555556
EPOCH 18:
VALIDATION
valid epoch balanced_accuracy: 0.522222
EPOCH 19:
VALIDATION
valid epoch balanced_accuracy: 0.500000
EPOCH 20:
VALIDATION
valid epoch balanced_accuracy: 0.544444
EPOCH 21:
VALIDATION
valid epoch balanced_accuracy: 0.466667
EPOCH 22:
VALIDATION
valid epoch balanced_accuracy: 0.644444
EPOCH 23:
VALIDATION
valid epoch balanced_accuracy: 0.644444
EPOCH 24:
VALIDATION
valid epoch balanced_accuracy: 0.677778
EPOCH 25:
VALIDATION
valid epoch balanced_accuracy: 0.577778
EPOCH 26:
VALIDATION
valid epoch balanced_accuracy: 0.522222
EPOCH 27:
VALIDATION
valid epoch balanced_accuracy: 0.600000
EPOCH 28:
VALIDATION
valid epoch balanced_accuracy: 0.688889
EPOCH 29:
VALIDATION
valid epoch balanced_accuracy: 0.733333
EPOCH 30:
VALIDATION
valid epoch balanced_accuracy: 0.788889
EPOCH 31:
VALIDATION
valid epoch balanced_accuracy: 0.700000
EPOCH 32:
VALIDATION
valid epoch balanced_accuracy: 0.733333
EPOCH 33:
VALIDATION
valid epoch balanced_accuracy: 0.544444
EPOCH 34:
VALIDATION
valid epoch balanced_accuracy: 0.655556
EPOCH 35:
VALIDATION
valid epoch balanced_accuracy: 0.611111
EPOCH 36:
VALIDATION
valid epoch balanced_accuracy: 0.600000
EPOCH 37:
VALIDATION
valid epoch balanced_accuracy: 0.622222
EPOCH 38:
VALIDATION
valid epoch balanced_accuracy: 0.788889
EPOCH 39:
VALIDATION
valid epoch balanced_accuracy: 0.566667
EPOCH 40:
VALIDATION
valid epoch balanced_accuracy: 0.644444
EPOCH 41:
VALIDATION
valid epoch balanced_accuracy: 0.711111
EPOCH 42:
VALIDATION
valid epoch balanced_accuracy: 0.600000
EPOCH 43:
VALIDATION
valid epoch balanced_accuracy: 0.644444
EPOCH 44:
VALIDATION
valid epoch balanced_accuracy: 0.666667
EPOCH 45:
VALIDATION
valid epoch balanced_accuracy: 0.622222
EPOCH 46:
VALIDATION
valid epoch balanced_accuracy: 0.744444
EPOCH 47:
VALIDATION
valid epoch balanced_accuracy: 0.777778
EPOCH 48:
VALIDATION
valid epoch balanced_accuracy: 0.700000
EPOCH 49:
VALIDATION
valid epoch balanced_accuracy: 0.855556
EPOCH 50:
VALIDATION
valid epoch balanced_accuracy: 0.688889
EPOCH 51:
VALIDATION
valid epoch balanced_accuracy: 0.655556
EPOCH 52:
VALIDATION
valid epoch balanced_accuracy: 0.566667
EPOCH 53:
VALIDATION
valid epoch balanced_accuracy: 0.522222
EPOCH 54:
VALIDATION
valid epoch balanced_accuracy: 0.633333
EPOCH 55:
VALIDATION
valid epoch balanced_accuracy: 0.755556
EPOCH 56:
VALIDATION
valid epoch balanced_accuracy: 0.711111
EPOCH 57:
VALIDATION
valid epoch balanced_accuracy: 0.755556
EPOCH 58:
VALIDATION
valid epoch balanced_accuracy: 0.733333
EPOCH 59:
VALIDATION
valid epoch balanced_accuracy: 0.766667
EPOCH 60:
VALIDATION
valid epoch balanced_accuracy: 0.722222
EPOCH 61:
VALIDATION
valid epoch balanced_accuracy: 0.711111
EPOCH 62:
VALIDATION
valid epoch balanced_accuracy: 0.733333
EPOCH 63:
VALIDATION
valid epoch balanced_accuracy: 0.777778
EPOCH 64:
VALIDATION
valid epoch balanced_accuracy: 0.688889
EPOCH 65:
VALIDATION
valid epoch balanced_accuracy: 0.777778
EPOCH 66:
VALIDATION
valid epoch balanced_accuracy: 0.755556
EPOCH 67:
VALIDATION
valid epoch balanced_accuracy: 0.800000
EPOCH 68:
VALIDATION
valid epoch balanced_accuracy: 0.722222
EPOCH 69:
VALIDATION
valid epoch balanced_accuracy: 0.811111
EPOCH 70:
VALIDATION
valid epoch balanced_accuracy: 0.722222
EPOCH 71:
VALIDATION
valid epoch balanced_accuracy: 0.722222
EPOCH 72:
VALIDATION
valid epoch balanced_accuracy: 0.666667
EPOCH 73:
VALIDATION
valid epoch balanced_accuracy: 0.744444
EPOCH 74:
VALIDATION
valid epoch balanced_accuracy: 0.788889
EPOCH 75:
VALIDATION
valid epoch balanced_accuracy: 0.711111
EPOCH 76:
VALIDATION
valid epoch balanced_accuracy: 0.722222
EPOCH 77:
VALIDATION
valid epoch balanced_accuracy: 0.722222
EPOCH 78:
VALIDATION
valid epoch balanced_accuracy: 0.755556
EPOCH 79:
VALIDATION
valid epoch balanced_accuracy: 0.688889
EPOCH 80:
VALIDATION
valid epoch balanced_accuracy: 0.700000
EPOCH 81:
VALIDATION
valid epoch balanced_accuracy: 0.722222
EPOCH 82:
VALIDATION
valid epoch balanced_accuracy: 0.733333
EPOCH 83:
VALIDATION
valid epoch balanced_accuracy: 0.800000
EPOCH 84:
VALIDATION
valid epoch balanced_accuracy: 0.622222
EPOCH 85:
VALIDATION
valid epoch balanced_accuracy: 0.655556
EPOCH 86:
VALIDATION
valid epoch balanced_accuracy: 0.733333
EPOCH 87:
VALIDATION
valid epoch balanced_accuracy: 0.677778
EPOCH 88:
VALIDATION
valid epoch balanced_accuracy: 0.644444
EPOCH 89:
VALIDATION
valid epoch balanced_accuracy: 0.611111
EPOCH 90:
VALIDATION
valid epoch balanced_accuracy: 0.744444
EPOCH 91:
VALIDATION
valid epoch balanced_accuracy: 0.733333
EPOCH 92:
VALIDATION
valid epoch balanced_accuracy: 0.722222
EPOCH 93:
VALIDATION
valid epoch balanced_accuracy: 0.666667
EPOCH 94:
VALIDATION
valid epoch balanced_accuracy: 0.722222
EPOCH 95:
VALIDATION
valid epoch balanced_accuracy: 0.811111
EPOCH 96:
VALIDATION
valid epoch balanced_accuracy: 0.722222
EPOCH 97:
VALIDATION
valid epoch balanced_accuracy: 0.633333
EPOCH 98:
VALIDATION
valid epoch balanced_accuracy: 0.633333
EPOCH 99:
VALIDATION
valid epoch balanced_accuracy: 0.733333
EPOCH 100:
VALIDATION
valid epoch balanced_accuracy: 0.744444
EPOCH 101:
VALIDATION
valid epoch balanced_accuracy: 0.777778
EPOCH 102:
VALIDATION
valid epoch balanced_accuracy: 0.633333
EPOCH 103:
VALIDATION
valid epoch balanced_accuracy: 0.677778
EPOCH 104:
VALIDATION
valid epoch balanced_accuracy: 0.711111
EPOCH 105:
VALIDATION
valid epoch balanced_accuracy: 0.788889
EPOCH 106:
VALIDATION
valid epoch balanced_accuracy: 0.644444
EPOCH 107:
VALIDATION
valid epoch balanced_accuracy: 0.611111
EPOCH 108:
VALIDATION
valid epoch balanced_accuracy: 0.700000
EPOCH 109:
VALIDATION
valid epoch balanced_accuracy: 0.666667
EPOCH 110:
VALIDATION
valid epoch balanced_accuracy: 0.700000
EPOCH 111:
VALIDATION
valid epoch balanced_accuracy: 0.755556
EPOCH 112:
VALIDATION
valid epoch balanced_accuracy: 0.677778
EPOCH 113:
VALIDATION
valid epoch balanced_accuracy: 0.666667
EPOCH 114:
VALIDATION
valid epoch balanced_accuracy: 0.622222
EPOCH 115:
VALIDATION
valid epoch balanced_accuracy: 0.700000
EPOCH 116:
VALIDATION
valid epoch balanced_accuracy: 0.544444
EPOCH 117:
VALIDATION
valid epoch balanced_accuracy: 0.677778
EPOCH 118:
VALIDATION
valid epoch balanced_accuracy: 0.744444
EPOCH 119:
VALIDATION
valid epoch balanced_accuracy: 0.666667
EPOCH 120:
VALIDATION
valid epoch balanced_accuracy: 0.655556
EPOCH 121:
VALIDATION
valid epoch balanced_accuracy: 0.711111
EPOCH 122:
VALIDATION
valid epoch balanced_accuracy: 0.700000
EPOCH 123:
VALIDATION
valid epoch balanced_accuracy: 0.733333
EPOCH 124:
VALIDATION
valid epoch balanced_accuracy: 0.733333
EPOCH 125:
VALIDATION
valid epoch balanced_accuracy: 0.744444
EPOCH 126:
VALIDATION
valid epoch balanced_accuracy: 0.744444
EPOCH 127:
VALIDATION
valid epoch balanced_accuracy: 0.777778
EPOCH 128:
VALIDATION
valid epoch balanced_accuracy: 0.744444
EPOCH 129:
VALIDATION
valid epoch balanced_accuracy: 0.711111
EPOCH 130:
VALIDATION
valid epoch balanced_accuracy: 0.777778
EPOCH 131:
VALIDATION
valid epoch balanced_accuracy: 0.688889
EPOCH 132:
VALIDATION
valid epoch balanced_accuracy: 0.711111
EPOCH 133:
VALIDATION
valid epoch balanced_accuracy: 0.755556
EPOCH 134:
VALIDATION
valid epoch balanced_accuracy: 0.644444
EPOCH 135:
VALIDATION
valid epoch balanced_accuracy: 0.700000
EPOCH 136:
VALIDATION
valid epoch balanced_accuracy: 0.677778
EPOCH 137:
VALIDATION
valid epoch balanced_accuracy: 0.677778
EPOCH 138:
VALIDATION
valid epoch balanced_accuracy: 0.677778
EPOCH 139:
VALIDATION
valid epoch balanced_accuracy: 0.666667
EPOCH 140:
VALIDATION
valid epoch balanced_accuracy: 0.655556
EPOCH 141:
VALIDATION
valid epoch balanced_accuracy: 0.777778
EPOCH 142:
VALIDATION
valid epoch balanced_accuracy: 0.755556
EPOCH 143:
VALIDATION
valid epoch balanced_accuracy: 0.666667
EPOCH 144:
VALIDATION
valid epoch balanced_accuracy: 0.722222
EPOCH 145:
VALIDATION
valid epoch balanced_accuracy: 0.655556
EPOCH 146:
VALIDATION
valid epoch balanced_accuracy: 0.711111
EPOCH 147:
VALIDATION
valid epoch balanced_accuracy: 0.766667
EPOCH 148:
VALIDATION
valid epoch balanced_accuracy: 0.688889
EPOCH 149:
VALIDATION
valid epoch balanced_accuracy: 0.755556
EPOCH 150:
VALIDATION
valid epoch balanced_accuracy: 0.811111
accuracy: 0.811111
sensitivity: 0.888889
precision: 0.769231
specificity: 0.733333
IoU: 0.701754
FAR: 0.266667
F1: 0.824742
balanced_accuracy: 0.811111
loss: 0.612306
