
number of parameters : 1403984
train : (987, 12)
valid : (172, 12)
test : (172, 12)
class weights : [1.134482741355896, 0.89402174949646]
data extracted
EPOCH 1:
VALIDATION
valid epoch balanced_accuracy: 0.500000
EPOCH 2:
VALIDATION
valid epoch balanced_accuracy: 0.500000
EPOCH 3:
VALIDATION
valid epoch balanced_accuracy: 0.500000
/home/kalinina/.conda/envs/Kalinin_project_LP/lib/python3.10/site-packages/torch/optim/lr_scheduler.py:243: UserWarning: The epoch parameter in `scheduler.step()` was not necessary and is being deprecated where possible. Please use `scheduler.step()` to step the scheduler. During the deprecation, if epoch is different from None, the closed form is used instead of the new chainable form, where available. Please open an issue if you are unable to replicate your use case: https://github.com/pytorch/pytorch/issues/new/choose.
  warnings.warn(EPOCH_DEPRECATION_WARNING, UserWarning)
EPOCH 4:
VALIDATION
valid epoch balanced_accuracy: 0.500000
EPOCH 5:
VALIDATION
valid epoch balanced_accuracy: 0.506944
EPOCH 6:
VALIDATION
valid epoch balanced_accuracy: 0.541667
EPOCH 7:
VALIDATION
valid epoch balanced_accuracy: 0.611111
EPOCH 8:
VALIDATION
valid epoch balanced_accuracy: 0.597222
EPOCH 9:
VALIDATION
valid epoch balanced_accuracy: 0.665278
EPOCH 10:
VALIDATION
valid epoch balanced_accuracy: 0.621944
EPOCH 11:
VALIDATION
valid epoch balanced_accuracy: 0.656389
EPOCH 12:
VALIDATION
valid epoch balanced_accuracy: 0.661111
EPOCH 13:
VALIDATION
valid epoch balanced_accuracy: 0.656111
EPOCH 14:
VALIDATION
valid epoch balanced_accuracy: 0.519444
EPOCH 15:
VALIDATION
valid epoch balanced_accuracy: 0.555833
EPOCH 16:
VALIDATION
valid epoch balanced_accuracy: 0.678056
EPOCH 17:
VALIDATION
valid epoch balanced_accuracy: 0.618889
EPOCH 18:
VALIDATION
valid epoch balanced_accuracy: 0.672222
EPOCH 19:
VALIDATION
valid epoch balanced_accuracy: 0.548611
EPOCH 20:
VALIDATION
valid epoch balanced_accuracy: 0.568611
EPOCH 21:
VALIDATION
valid epoch balanced_accuracy: 0.544444
EPOCH 22:
VALIDATION
valid epoch balanced_accuracy: 0.504167
EPOCH 23:
VALIDATION
valid epoch balanced_accuracy: 0.583889
EPOCH 24:
VALIDATION
valid epoch balanced_accuracy: 0.536667
EPOCH 25:
VALIDATION
valid epoch balanced_accuracy: 0.560833
EPOCH 26:
VALIDATION
valid epoch balanced_accuracy: 0.519444
EPOCH 27:
VALIDATION
valid epoch balanced_accuracy: 0.488611
EPOCH 28:
VALIDATION
valid epoch balanced_accuracy: 0.542778
EPOCH 29:
VALIDATION
valid epoch balanced_accuracy: 0.484167
EPOCH 30:
VALIDATION
valid epoch balanced_accuracy: 0.525556
EPOCH 31:
VALIDATION
valid epoch balanced_accuracy: 0.545833
EPOCH 32:
VALIDATION
valid epoch balanced_accuracy: 0.522500
EPOCH 33:
VALIDATION
valid epoch balanced_accuracy: 0.500833
EPOCH 34:
VALIDATION
valid epoch balanced_accuracy: 0.526667
EPOCH 35:
VALIDATION
valid epoch balanced_accuracy: 0.550000
EPOCH 36:
VALIDATION
valid epoch balanced_accuracy: 0.525278
EPOCH 37:
VALIDATION
valid epoch balanced_accuracy: 0.558056
EPOCH 38:
VALIDATION
valid epoch balanced_accuracy: 0.551944
EPOCH 39:
VALIDATION
valid epoch balanced_accuracy: 0.540833
EPOCH 40:
VALIDATION
valid epoch balanced_accuracy: 0.526667
EPOCH 41:
VALIDATION
valid epoch balanced_accuracy: 0.493056
EPOCH 42:
VALIDATION
valid epoch balanced_accuracy: 0.538056
EPOCH 43:
VALIDATION
valid epoch balanced_accuracy: 0.488056
EPOCH 44:
VALIDATION
valid epoch balanced_accuracy: 0.542222
EPOCH 45:
VALIDATION
valid epoch balanced_accuracy: 0.526944
EPOCH 46:
VALIDATION
valid epoch balanced_accuracy: 0.495000
EPOCH 47:
VALIDATION
valid epoch balanced_accuracy: 0.580278
EPOCH 48:
VALIDATION
valid epoch balanced_accuracy: 0.559444
EPOCH 49:
VALIDATION
valid epoch balanced_accuracy: 0.547778
EPOCH 50:
VALIDATION
valid epoch balanced_accuracy: 0.552500
EPOCH 51:
VALIDATION
valid epoch balanced_accuracy: 0.516111
EPOCH 52:
VALIDATION
valid epoch balanced_accuracy: 0.549167
EPOCH 53:
VALIDATION
valid epoch balanced_accuracy: 0.515000
EPOCH 54:
VALIDATION
valid epoch balanced_accuracy: 0.530278
EPOCH 55:
VALIDATION
valid epoch balanced_accuracy: 0.580556
EPOCH 56:
VALIDATION
valid epoch balanced_accuracy: 0.551667
EPOCH 57:
VALIDATION
valid epoch balanced_accuracy: 0.536389
EPOCH 58:
VALIDATION
valid epoch balanced_accuracy: 0.595556
EPOCH 59:
VALIDATION
valid epoch balanced_accuracy: 0.576389
EPOCH 60:
VALIDATION
valid epoch balanced_accuracy: 0.602500
EPOCH 61:
VALIDATION
valid epoch balanced_accuracy: 0.592500
EPOCH 62:
VALIDATION
valid epoch balanced_accuracy: 0.605278
EPOCH 63:
VALIDATION
valid epoch balanced_accuracy: 0.603333
EPOCH 64:
VALIDATION
valid epoch balanced_accuracy: 0.545278
EPOCH 65:
VALIDATION
valid epoch balanced_accuracy: 0.576944
EPOCH 66:
VALIDATION
valid epoch balanced_accuracy: 0.550278
EPOCH 67:
VALIDATION
valid epoch balanced_accuracy: 0.566389
EPOCH 68:
VALIDATION
valid epoch balanced_accuracy: 0.526667
EPOCH 69:
VALIDATION
valid epoch balanced_accuracy: 0.578056
EPOCH 70:
VALIDATION
valid epoch balanced_accuracy: 0.570278
EPOCH 71:
VALIDATION
valid epoch balanced_accuracy: 0.525000
EPOCH 72:
VALIDATION
valid epoch balanced_accuracy: 0.547222
EPOCH 73:
VALIDATION
valid epoch balanced_accuracy: 0.522222
EPOCH 74:
VALIDATION
valid epoch balanced_accuracy: 0.516944
EPOCH 75:
VALIDATION
valid epoch balanced_accuracy: 0.622500
EPOCH 76:
VALIDATION
valid epoch balanced_accuracy: 0.601389
EPOCH 77:
VALIDATION
valid epoch balanced_accuracy: 0.554167
EPOCH 78:
VALIDATION
valid epoch balanced_accuracy: 0.598333
EPOCH 79:
VALIDATION
valid epoch balanced_accuracy: 0.527222
EPOCH 80:
VALIDATION
valid epoch balanced_accuracy: 0.550278
EPOCH 81:
VALIDATION
valid epoch balanced_accuracy: 0.537222
EPOCH 82:
VALIDATION
valid epoch balanced_accuracy: 0.569444
EPOCH 83:
VALIDATION
valid epoch balanced_accuracy: 0.580278
EPOCH 84:
VALIDATION
valid epoch balanced_accuracy: 0.568333
EPOCH 85:
VALIDATION
valid epoch balanced_accuracy: 0.514167
EPOCH 86:
VALIDATION
valid epoch balanced_accuracy: 0.563333
EPOCH 87:
VALIDATION
valid epoch balanced_accuracy: 0.553333
EPOCH 88:
VALIDATION
valid epoch balanced_accuracy: 0.537222
EPOCH 89:
VALIDATION
valid epoch balanced_accuracy: 0.519444
EPOCH 90:
VALIDATION
valid epoch balanced_accuracy: 0.530278
EPOCH 91:
VALIDATION
valid epoch balanced_accuracy: 0.562222
EPOCH 92:
VALIDATION
valid epoch balanced_accuracy: 0.535278
EPOCH 93:
VALIDATION
valid epoch balanced_accuracy: 0.566389
EPOCH 94:
VALIDATION
valid epoch balanced_accuracy: 0.545278
EPOCH 95:
VALIDATION
valid epoch balanced_accuracy: 0.575278
EPOCH 96:
VALIDATION
valid epoch balanced_accuracy: 0.582500
EPOCH 97:
VALIDATION
valid epoch balanced_accuracy: 0.570278
EPOCH 98:
VALIDATION
valid epoch balanced_accuracy: 0.531389
EPOCH 99:
VALIDATION
valid epoch balanced_accuracy: 0.559444
EPOCH 100:
VALIDATION
valid epoch balanced_accuracy: 0.544167
EPOCH 101:
VALIDATION
valid epoch balanced_accuracy: 0.549444
EPOCH 102:
VALIDATION
valid epoch balanced_accuracy: 0.553333
EPOCH 103:
VALIDATION
valid epoch balanced_accuracy: 0.539444
EPOCH 104:
VALIDATION
valid epoch balanced_accuracy: 0.569444
EPOCH 105:
VALIDATION
valid epoch balanced_accuracy: 0.563333
EPOCH 106:
VALIDATION
valid epoch balanced_accuracy: 0.563333
EPOCH 107:
VALIDATION
valid epoch balanced_accuracy: 0.576389
EPOCH 108:
VALIDATION
valid epoch balanced_accuracy: 0.563333
EPOCH 109:
VALIDATION
valid epoch balanced_accuracy: 0.542222
EPOCH 110:
VALIDATION
valid epoch balanced_accuracy: 0.566389
EPOCH 111:
VALIDATION
valid epoch balanced_accuracy: 0.538333
EPOCH 112:
VALIDATION
valid epoch balanced_accuracy: 0.559444
EPOCH 113:
VALIDATION
valid epoch balanced_accuracy: 0.581667
EPOCH 114:
VALIDATION
valid epoch balanced_accuracy: 0.553333
EPOCH 115:
VALIDATION
valid epoch balanced_accuracy: 0.559444
EPOCH 116:
VALIDATION
valid epoch balanced_accuracy: 0.548611
EPOCH 117:
VALIDATION
valid epoch balanced_accuracy: 0.519167
EPOCH 118:
VALIDATION
valid epoch balanced_accuracy: 0.559444
EPOCH 119:
VALIDATION
valid epoch balanced_accuracy: 0.540278
EPOCH 120:
VALIDATION
valid epoch balanced_accuracy: 0.566389
EPOCH 121:
VALIDATION
valid epoch balanced_accuracy: 0.573333
EPOCH 122:
VALIDATION
valid epoch balanced_accuracy: 0.566389
EPOCH 123:
VALIDATION
valid epoch balanced_accuracy: 0.556389
EPOCH 124:
VALIDATION
valid epoch balanced_accuracy: 0.561389
EPOCH 125:
VALIDATION
valid epoch balanced_accuracy: 0.556389
EPOCH 126:
VALIDATION
valid epoch balanced_accuracy: 0.561389
EPOCH 127:
VALIDATION
valid epoch balanced_accuracy: 0.556389
EPOCH 128:
VALIDATION
valid epoch balanced_accuracy: 0.556389
EPOCH 129:
VALIDATION
valid epoch balanced_accuracy: 0.559444
EPOCH 130:
VALIDATION
valid epoch balanced_accuracy: 0.556389
EPOCH 131:
VALIDATION
valid epoch balanced_accuracy: 0.569444
EPOCH 132:
VALIDATION
valid epoch balanced_accuracy: 0.566389
EPOCH 133:
VALIDATION
valid epoch balanced_accuracy: 0.556389
EPOCH 134:
VALIDATION
valid epoch balanced_accuracy: 0.556389
EPOCH 135:
VALIDATION
valid epoch balanced_accuracy: 0.556389
EPOCH 136:
VALIDATION
valid epoch balanced_accuracy: 0.571389
EPOCH 137:
VALIDATION
valid epoch balanced_accuracy: 0.563333
EPOCH 138:
VALIDATION
valid epoch balanced_accuracy: 0.566389
EPOCH 139:
VALIDATION
valid epoch balanced_accuracy: 0.566389
EPOCH 140:
VALIDATION
valid epoch balanced_accuracy: 0.560278
EPOCH 141:
VALIDATION
valid epoch balanced_accuracy: 0.566389
EPOCH 142:
VALIDATION
valid epoch balanced_accuracy: 0.566389
EPOCH 143:
VALIDATION
valid epoch balanced_accuracy: 0.556389
EPOCH 144:
VALIDATION
valid epoch balanced_accuracy: 0.566389
EPOCH 145:
VALIDATION
valid epoch balanced_accuracy: 0.561389
EPOCH 146:
VALIDATION
valid epoch balanced_accuracy: 0.563333
EPOCH 147:
VALIDATION
valid epoch balanced_accuracy: 0.547500
EPOCH 148:
VALIDATION
valid epoch balanced_accuracy: 0.557500
EPOCH 149:
VALIDATION
valid epoch balanced_accuracy: 0.569444
EPOCH 150:
VALIDATION
valid epoch balanced_accuracy: 0.556389
accuracy: 0.744186
sensitivity: 0.951923
precision: 0.717391
specificity: 0.426471
IoU: 0.692308
FAR: 0.573529
F1: 0.818182
balanced_accuracy: 0.689197
loss: 0.782449
