
number of parameters : 2801870
train : (1212, 12)
valid : (61, 12)
test : (61, 12)
class weights : [1.1631478071212769, 0.8769898414611816]
data extracted
EPOCH 1:
VALIDATION
valid epoch balanced_accuracy: 0.500000
EPOCH 2:
VALIDATION
valid epoch balanced_accuracy: 0.453125
EPOCH 3:
VALIDATION
valid epoch balanced_accuracy: 0.500000
EPOCH 4:
VALIDATION
valid epoch balanced_accuracy: 0.602371
EPOCH 5:
VALIDATION
valid epoch balanced_accuracy: 0.526940
EPOCH 6:
VALIDATION
valid epoch balanced_accuracy: 0.734375
EPOCH 7:
VALIDATION
valid epoch balanced_accuracy: 0.564655
EPOCH 8:
VALIDATION
valid epoch balanced_accuracy: 0.484375
EPOCH 9:
VALIDATION
valid epoch balanced_accuracy: 0.591056
EPOCH 10:
VALIDATION
valid epoch balanced_accuracy: 0.484375
EPOCH 11:
VALIDATION
valid epoch balanced_accuracy: 0.572198
EPOCH 12:
VALIDATION
valid epoch balanced_accuracy: 0.595905
EPOCH 13:
VALIDATION
valid epoch balanced_accuracy: 0.525323
EPOCH 14:
VALIDATION
valid epoch balanced_accuracy: 0.630388
EPOCH 15:
VALIDATION
valid epoch balanced_accuracy: 0.487608
EPOCH 16:
VALIDATION
valid epoch balanced_accuracy: 0.540948
EPOCH 17:
VALIDATION
valid epoch balanced_accuracy: 0.554957
EPOCH 18:
VALIDATION
valid epoch balanced_accuracy: 0.652478
EPOCH 19:
VALIDATION
valid epoch balanced_accuracy: 0.636853
EPOCH 20:
VALIDATION
valid epoch balanced_accuracy: 0.501616
EPOCH 21:
VALIDATION
valid epoch balanced_accuracy: 0.627155
EPOCH 22:
VALIDATION
valid epoch balanced_accuracy: 0.614763
EPOCH 23:
VALIDATION
valid epoch balanced_accuracy: 0.536099
EPOCH 24:
VALIDATION
valid epoch balanced_accuracy: 0.616379
EPOCH 25:
VALIDATION
valid epoch balanced_accuracy: 0.632004
EPOCH 26:
VALIDATION
valid epoch balanced_accuracy: 0.530172
EPOCH 27:
VALIDATION
valid epoch balanced_accuracy: 0.484375
EPOCH 28:
VALIDATION
valid epoch balanced_accuracy: 0.520474
EPOCH 29:
VALIDATION
valid epoch balanced_accuracy: 0.522091
EPOCH 30:
VALIDATION
valid epoch balanced_accuracy: 0.526940
EPOCH 31:
VALIDATION
valid epoch balanced_accuracy: 0.554957
EPOCH 32:
VALIDATION
valid epoch balanced_accuracy: 0.501616
EPOCH 33:
VALIDATION
valid epoch balanced_accuracy: 0.508082
EPOCH 34:
VALIDATION
valid epoch balanced_accuracy: 0.539332
EPOCH 35:
VALIDATION
valid epoch balanced_accuracy: 0.489224
EPOCH 36:
VALIDATION
valid epoch balanced_accuracy: 0.633621
EPOCH 37:
VALIDATION
valid epoch balanced_accuracy: 0.523707
EPOCH 38:
VALIDATION
valid epoch balanced_accuracy: 0.633621
EPOCH 39:
VALIDATION
valid epoch balanced_accuracy: 0.501616
EPOCH 40:
VALIDATION
valid epoch balanced_accuracy: 0.501616
EPOCH 41:
VALIDATION
valid epoch balanced_accuracy: 0.684267
EPOCH 42:
VALIDATION
valid epoch balanced_accuracy: 0.526940
EPOCH 43:
VALIDATION
valid epoch balanced_accuracy: 0.504849
EPOCH 44:
VALIDATION
valid epoch balanced_accuracy: 0.504849
EPOCH 45:
VALIDATION
valid epoch balanced_accuracy: 0.500000
EPOCH 46:
VALIDATION
valid epoch balanced_accuracy: 0.511315
EPOCH 47:
VALIDATION
valid epoch balanced_accuracy: 0.589978
EPOCH 48:
VALIDATION
valid epoch balanced_accuracy: 0.506466
EPOCH 49:
VALIDATION
valid epoch balanced_accuracy: 0.476832
EPOCH 50:
VALIDATION
valid epoch balanced_accuracy: 0.559806
EPOCH 51:
VALIDATION
valid epoch balanced_accuracy: 0.440733
EPOCH 52:
VALIDATION
valid epoch balanced_accuracy: 0.522091
EPOCH 53:
VALIDATION
valid epoch balanced_accuracy: 0.485991
EPOCH 54:
VALIDATION
valid epoch balanced_accuracy: 0.476832
EPOCH 55:
VALIDATION
valid epoch balanced_accuracy: 0.501616
EPOCH 56:
VALIDATION
valid epoch balanced_accuracy: 0.459591
EPOCH 57:
VALIDATION
valid epoch balanced_accuracy: 0.489224
EPOCH 58:
VALIDATION
valid epoch balanced_accuracy: 0.471983
EPOCH 59:
VALIDATION
valid epoch balanced_accuracy: 0.457974
EPOCH 60:
VALIDATION
valid epoch balanced_accuracy: 0.508082
EPOCH 61:
VALIDATION
valid epoch balanced_accuracy: 0.501616
EPOCH 62:
VALIDATION
valid epoch balanced_accuracy: 0.487608
EPOCH 63:
VALIDATION
valid epoch balanced_accuracy: 0.471983
EPOCH 64:
VALIDATION
valid epoch balanced_accuracy: 0.487608
EPOCH 65:
VALIDATION
valid epoch balanced_accuracy: 0.487608
EPOCH 66:
VALIDATION
valid epoch balanced_accuracy: 0.487608
EPOCH 67:
VALIDATION
valid epoch balanced_accuracy: 0.503233
EPOCH 68:
VALIDATION
valid epoch balanced_accuracy: 0.487608
EPOCH 69:
VALIDATION
valid epoch balanced_accuracy: 0.487608
EPOCH 70:
VALIDATION
valid epoch balanced_accuracy: 0.487608
EPOCH 71:
VALIDATION
valid epoch balanced_accuracy: 0.471983
EPOCH 72:
VALIDATION
valid epoch balanced_accuracy: 0.471983
EPOCH 73:
VALIDATION
valid epoch balanced_accuracy: 0.459591
EPOCH 74:
VALIDATION
valid epoch balanced_accuracy: 0.487608
EPOCH 75:
VALIDATION
valid epoch balanced_accuracy: 0.501616
EPOCH 76:
VALIDATION
valid epoch balanced_accuracy: 0.470366
EPOCH 77:
VALIDATION
valid epoch balanced_accuracy: 0.517780
EPOCH 78:
VALIDATION
valid epoch balanced_accuracy: 0.504849
EPOCH 79:
VALIDATION
valid epoch balanced_accuracy: 0.503233
EPOCH 80:
VALIDATION
valid epoch balanced_accuracy: 0.503233
EPOCH 81:
VALIDATION
valid epoch balanced_accuracy: 0.485991
EPOCH 82:
VALIDATION
valid epoch balanced_accuracy: 0.504849
EARLY STOPPING: rolling validation balanced accuracy did not improve for 60 epochs and validation loss increased over the same window.
accuracy: 0.590164
sensitivity: 0.500000
precision: 0.720000
specificity: 0.720000
IoU: 0.418605
FAR: 0.280000
F1: 0.590164
balanced_accuracy: 0.610000
loss: 1.006783
