Waiting for exclusive access to GPU GPU-6df3662d-f25f-4e85-f491-9dffe06d9102.
=== GROUP: LBP_BPI_CETP | VARIANT: single_gat_transformer | SEED: 4 | FINAL_DROPOUT: 0.0 | WEIGHT_DECAY: 1e-5 | GPU: Tesla V100-SXM2-32GB ===

number of parameters : 1614030
train : (1246, 12)
valid : (42, 12)
test : (43, 12)
class weights : [1.143119215965271, 0.8887304067611694]
data extracted
EPOCH 1:
VALIDATION
valid epoch balanced_accuracy: 0.546921
EPOCH 2:
VALIDATION
valid epoch balanced_accuracy: 0.711144
EPOCH 3:
VALIDATION
valid epoch balanced_accuracy: 0.681818
EPOCH 4:
VALIDATION
valid epoch balanced_accuracy: 0.444282
EPOCH 5:
VALIDATION
valid epoch balanced_accuracy: 0.592375
EPOCH 6:
VALIDATION
valid epoch balanced_accuracy: 0.502933
EPOCH 7:
VALIDATION
valid epoch balanced_accuracy: 0.614370
EPOCH 8:
VALIDATION
valid epoch balanced_accuracy: 0.627566
EPOCH 9:
VALIDATION
valid epoch balanced_accuracy: 0.645161
EPOCH 10:
VALIDATION
valid epoch balanced_accuracy: 0.612903
EPOCH 11:
VALIDATION
valid epoch balanced_accuracy: 0.664223
EPOCH 12:
VALIDATION
valid epoch balanced_accuracy: 0.715543
EPOCH 13:
VALIDATION
valid epoch balanced_accuracy: 0.500000
EPOCH 14:
VALIDATION
valid epoch balanced_accuracy: 0.645161
EPOCH 15:
VALIDATION
valid epoch balanced_accuracy: 0.645161
EPOCH 16:
VALIDATION
valid epoch balanced_accuracy: 0.629032
EPOCH 17:
VALIDATION
valid epoch balanced_accuracy: 0.744868
EPOCH 18:
VALIDATION
valid epoch balanced_accuracy: 0.564516
EPOCH 19:
VALIDATION
valid epoch balanced_accuracy: 0.645161
EPOCH 20:
VALIDATION
valid epoch balanced_accuracy: 0.844575
EPOCH 21:
VALIDATION
valid epoch balanced_accuracy: 0.693548
EPOCH 22:
VALIDATION
valid epoch balanced_accuracy: 0.648094
EPOCH 23:
VALIDATION
valid epoch balanced_accuracy: 0.664223
EPOCH 24:
VALIDATION
valid epoch balanced_accuracy: 0.709677
EPOCH 25:
VALIDATION
valid epoch balanced_accuracy: 0.822581
EPOCH 26:
VALIDATION
valid epoch balanced_accuracy: 0.758065
EPOCH 27:
VALIDATION
valid epoch balanced_accuracy: 0.677419
EPOCH 28:
VALIDATION
valid epoch balanced_accuracy: 0.758065
EPOCH 29:
VALIDATION
valid epoch balanced_accuracy: 0.612903
EPOCH 30:
VALIDATION
valid epoch balanced_accuracy: 0.822581
EPOCH 31:
VALIDATION
valid epoch balanced_accuracy: 0.661290
EPOCH 32:
VALIDATION
valid epoch balanced_accuracy: 0.758065
EPOCH 33:
VALIDATION
valid epoch balanced_accuracy: 0.725806
EPOCH 34:
VALIDATION
valid epoch balanced_accuracy: 0.677419
EPOCH 35:
VALIDATION
valid epoch balanced_accuracy: 0.661290
EPOCH 36:
VALIDATION
valid epoch balanced_accuracy: 0.870968
EPOCH 37:
VALIDATION
valid epoch balanced_accuracy: 0.709677
EPOCH 38:
VALIDATION
valid epoch balanced_accuracy: 0.790323
EPOCH 39:
VALIDATION
valid epoch balanced_accuracy: 0.806452
EPOCH 40:
VALIDATION
valid epoch balanced_accuracy: 0.790323
EPOCH 41:
VALIDATION
valid epoch balanced_accuracy: 0.741935
EPOCH 42:
VALIDATION
valid epoch balanced_accuracy: 0.664223
EPOCH 43:
VALIDATION
valid epoch balanced_accuracy: 0.709677
EPOCH 44:
VALIDATION
valid epoch balanced_accuracy: 0.709677
EPOCH 45:
VALIDATION
valid epoch balanced_accuracy: 0.693548
EPOCH 46:
VALIDATION
valid epoch balanced_accuracy: 0.712610
EPOCH 47:
VALIDATION
valid epoch balanced_accuracy: 0.822581
EPOCH 48:
VALIDATION
valid epoch balanced_accuracy: 0.854839
EPOCH 49:
VALIDATION
valid epoch balanced_accuracy: 0.844575
EPOCH 50:
VALIDATION
valid epoch balanced_accuracy: 0.854839
EPOCH 51:
VALIDATION
valid epoch balanced_accuracy: 0.857771
EPOCH 52:
VALIDATION
valid epoch balanced_accuracy: 0.790323
EPOCH 53:
VALIDATION
valid epoch balanced_accuracy: 0.825513
EPOCH 54:
VALIDATION
valid epoch balanced_accuracy: 0.699413
EPOCH 55:
VALIDATION
valid epoch balanced_accuracy: 0.825513
EPOCH 56:
VALIDATION
valid epoch balanced_accuracy: 0.854839
EPOCH 57:
VALIDATION
valid epoch balanced_accuracy: 0.825513
EPOCH 58:
VALIDATION
valid epoch balanced_accuracy: 0.806452
EPOCH 59:
VALIDATION
valid epoch balanced_accuracy: 0.806452
EPOCH 60:
VALIDATION
valid epoch balanced_accuracy: 0.728739
EPOCH 61:
VALIDATION
valid epoch balanced_accuracy: 0.857771
EPOCH 62:
VALIDATION
valid epoch balanced_accuracy: 0.793255
EPOCH 63:
VALIDATION
valid epoch balanced_accuracy: 0.870968
EPOCH 64:
VALIDATION
valid epoch balanced_accuracy: 0.693548
EPOCH 65:
VALIDATION
valid epoch balanced_accuracy: 0.741935
EPOCH 66:
VALIDATION
valid epoch balanced_accuracy: 0.887097
EPOCH 67:
VALIDATION
valid epoch balanced_accuracy: 0.731672
EPOCH 68:
VALIDATION
valid epoch balanced_accuracy: 0.870968
EPOCH 69:
VALIDATION
valid epoch balanced_accuracy: 0.693548
EPOCH 70:
VALIDATION
valid epoch balanced_accuracy: 0.702346
EPOCH 71:
VALIDATION
valid epoch balanced_accuracy: 0.763930
EPOCH 72:
VALIDATION
valid epoch balanced_accuracy: 0.873900
EPOCH 73:
VALIDATION
valid epoch balanced_accuracy: 0.731672
EPOCH 74:
VALIDATION
valid epoch balanced_accuracy: 0.809384
EPOCH 75:
VALIDATION
valid epoch balanced_accuracy: 0.809384
EPOCH 76:
VALIDATION
valid epoch balanced_accuracy: 0.747801
EPOCH 77:
VALIDATION
valid epoch balanced_accuracy: 0.838710
EPOCH 78:
VALIDATION
valid epoch balanced_accuracy: 0.841642
EPOCH 79:
VALIDATION
valid epoch balanced_accuracy: 0.721408
EPOCH 80:
VALIDATION
valid epoch balanced_accuracy: 0.890029
EPOCH 81:
VALIDATION
valid epoch balanced_accuracy: 0.744868
EPOCH 82:
VALIDATION
valid epoch balanced_accuracy: 0.763930
EPOCH 83:
VALIDATION
valid epoch balanced_accuracy: 0.699413
EPOCH 84:
VALIDATION
valid epoch balanced_accuracy: 0.825513
EPOCH 85:
VALIDATION
valid epoch balanced_accuracy: 0.793255
EPOCH 86:
VALIDATION
valid epoch balanced_accuracy: 0.812317
EPOCH 87:
VALIDATION
valid epoch balanced_accuracy: 0.806452
EPOCH 88:
VALIDATION
valid epoch balanced_accuracy: 0.809384
EPOCH 89:
VALIDATION
valid epoch balanced_accuracy: 0.680352
EPOCH 90:
VALIDATION
valid epoch balanced_accuracy: 0.857771
EPOCH 91:
VALIDATION
valid epoch balanced_accuracy: 0.825513
EPOCH 92:
VALIDATION
valid epoch balanced_accuracy: 0.718475
EPOCH 93:
VALIDATION
valid epoch balanced_accuracy: 0.796188
EPOCH 94:
VALIDATION
valid epoch balanced_accuracy: 0.825513
EPOCH 95:
VALIDATION
valid epoch balanced_accuracy: 0.780059
EPOCH 96:
VALIDATION
valid epoch balanced_accuracy: 0.750733
EPOCH 97:
VALIDATION
valid epoch balanced_accuracy: 0.744868
EPOCH 98:
VALIDATION
valid epoch balanced_accuracy: 0.822581
EPOCH 99:
VALIDATION
valid epoch balanced_accuracy: 0.777126
EPOCH 100:
VALIDATION
valid epoch balanced_accuracy: 0.758065
EPOCH 101:
VALIDATION
valid epoch balanced_accuracy: 0.822581
EPOCH 102:
VALIDATION
valid epoch balanced_accuracy: 0.806452
EPOCH 103:
VALIDATION
valid epoch balanced_accuracy: 0.844575
EPOCH 104:
VALIDATION
valid epoch balanced_accuracy: 0.857771
EPOCH 105:
VALIDATION
valid epoch balanced_accuracy: 0.753666
EPOCH 106:
VALIDATION
valid epoch balanced_accuracy: 0.777126
EPOCH 107:
VALIDATION
valid epoch balanced_accuracy: 0.870968
EPOCH 108:
VALIDATION
valid epoch balanced_accuracy: 0.844575
EPOCH 109:
VALIDATION
valid epoch balanced_accuracy: 0.780059
EPOCH 110:
VALIDATION
valid epoch balanced_accuracy: 0.728739
EPOCH 111:
VALIDATION
valid epoch balanced_accuracy: 0.774194
EPOCH 112:
VALIDATION
valid epoch balanced_accuracy: 0.825513
EARLY STOPPING: rolling validation balanced accuracy did not improve for 60 epochs and validation loss increased over the same window.
accuracy: 0.813953
sensitivity: 0.833333
precision: 0.833333
specificity: 0.789474
IoU: 0.714286
FAR: 0.210526
F1: 0.833333
balanced_accuracy: 0.811404
loss: 0.767326
