Waiting for exclusive access to GPU GPU-c950f105-ca64-53ba-9e6d-341a3e74bf3c.
=== GROUP: LBP_BPI_CETP | VARIANT: single_gat_transformer | SEED: 1 | FINAL_DROPOUT: 0.0 | WEIGHT_DECAY: 1e-5 | GPU: Tesla V100-SXM2-32GB ===

number of parameters : 1614030
train : (1230, 12)
valid : (50, 12)
test : (51, 12)
class weights : [1.162570834159851, 0.8773181438446045]
data extracted
EPOCH 1:
VALIDATION
valid epoch balanced_accuracy: 0.544872
EPOCH 2:
VALIDATION
valid epoch balanced_accuracy: 0.719551
EPOCH 3:
VALIDATION
valid epoch balanced_accuracy: 0.493590
EPOCH 4:
VALIDATION
valid epoch balanced_accuracy: 0.679487
EPOCH 5:
VALIDATION
valid epoch balanced_accuracy: 0.689103
EPOCH 6:
VALIDATION
valid epoch balanced_accuracy: 0.458333
EPOCH 7:
VALIDATION
valid epoch balanced_accuracy: 0.636218
EPOCH 8:
VALIDATION
valid epoch balanced_accuracy: 0.665064
EPOCH 9:
VALIDATION
valid epoch balanced_accuracy: 0.589744
EPOCH 10:
VALIDATION
valid epoch balanced_accuracy: 0.533654
EPOCH 11:
VALIDATION
valid epoch balanced_accuracy: 0.690705
EPOCH 12:
VALIDATION
valid epoch balanced_accuracy: 0.528846
EPOCH 13:
VALIDATION
valid epoch balanced_accuracy: 0.629808
EPOCH 14:
VALIDATION
valid epoch balanced_accuracy: 0.703526
EPOCH 15:
VALIDATION
valid epoch balanced_accuracy: 0.724359
EPOCH 16:
VALIDATION
valid epoch balanced_accuracy: 0.623397
EPOCH 17:
VALIDATION
valid epoch balanced_accuracy: 0.567308
EPOCH 18:
VALIDATION
valid epoch balanced_accuracy: 0.714744
EPOCH 19:
VALIDATION
valid epoch balanced_accuracy: 0.551282
EPOCH 20:
VALIDATION
valid epoch balanced_accuracy: 0.719551
EPOCH 21:
VALIDATION
valid epoch balanced_accuracy: 0.551282
EPOCH 22:
VALIDATION
valid epoch balanced_accuracy: 0.576923
EPOCH 23:
VALIDATION
valid epoch balanced_accuracy: 0.564103
EPOCH 24:
VALIDATION
valid epoch balanced_accuracy: 0.679487
EPOCH 25:
VALIDATION
valid epoch balanced_accuracy: 0.567308
EPOCH 26:
VALIDATION
valid epoch balanced_accuracy: 0.725962
EPOCH 27:
VALIDATION
valid epoch balanced_accuracy: 0.634615
EPOCH 28:
VALIDATION
valid epoch balanced_accuracy: 0.740385
EPOCH 29:
VALIDATION
valid epoch balanced_accuracy: 0.743590
EPOCH 30:
VALIDATION
valid epoch balanced_accuracy: 0.698718
EPOCH 31:
VALIDATION
valid epoch balanced_accuracy: 0.676282
EPOCH 32:
VALIDATION
valid epoch balanced_accuracy: 0.761218
EPOCH 33:
VALIDATION
valid epoch balanced_accuracy: 0.657051
EPOCH 34:
VALIDATION
valid epoch balanced_accuracy: 0.677885
EPOCH 35:
VALIDATION
valid epoch balanced_accuracy: 0.700321
EPOCH 36:
VALIDATION
valid epoch balanced_accuracy: 0.657051
EPOCH 37:
VALIDATION
valid epoch balanced_accuracy: 0.661859
EPOCH 38:
VALIDATION
valid epoch balanced_accuracy: 0.592949
EPOCH 39:
VALIDATION
valid epoch balanced_accuracy: 0.636218
EPOCH 40:
VALIDATION
valid epoch balanced_accuracy: 0.676282
EPOCH 41:
VALIDATION
valid epoch balanced_accuracy: 0.719551
EPOCH 42:
VALIDATION
valid epoch balanced_accuracy: 0.681090
EPOCH 43:
VALIDATION
valid epoch balanced_accuracy: 0.700321
EPOCH 44:
VALIDATION
valid epoch balanced_accuracy: 0.741987
EPOCH 45:
VALIDATION
valid epoch balanced_accuracy: 0.655449
EPOCH 46:
VALIDATION
valid epoch balanced_accuracy: 0.719551
EPOCH 47:
VALIDATION
valid epoch balanced_accuracy: 0.636218
EPOCH 48:
VALIDATION
valid epoch balanced_accuracy: 0.657051
EPOCH 49:
VALIDATION
valid epoch balanced_accuracy: 0.653846
EPOCH 50:
VALIDATION
valid epoch balanced_accuracy: 0.679487
EPOCH 51:
VALIDATION
valid epoch balanced_accuracy: 0.658654
EPOCH 52:
VALIDATION
valid epoch balanced_accuracy: 0.655449
EPOCH 53:
VALIDATION
valid epoch balanced_accuracy: 0.657051
EPOCH 54:
VALIDATION
valid epoch balanced_accuracy: 0.743590
EPOCH 55:
VALIDATION
valid epoch balanced_accuracy: 0.697115
EPOCH 56:
VALIDATION
valid epoch balanced_accuracy: 0.634615
EPOCH 57:
VALIDATION
valid epoch balanced_accuracy: 0.716346
EPOCH 58:
VALIDATION
valid epoch balanced_accuracy: 0.697115
EPOCH 59:
VALIDATION
valid epoch balanced_accuracy: 0.698718
EPOCH 60:
VALIDATION
valid epoch balanced_accuracy: 0.697115
EPOCH 61:
VALIDATION
valid epoch balanced_accuracy: 0.679487
EPOCH 62:
VALIDATION
valid epoch balanced_accuracy: 0.676282
EPOCH 63:
VALIDATION
valid epoch balanced_accuracy: 0.676282
EPOCH 64:
VALIDATION
valid epoch balanced_accuracy: 0.658654
EPOCH 65:
VALIDATION
valid epoch balanced_accuracy: 0.676282
EPOCH 66:
VALIDATION
valid epoch balanced_accuracy: 0.613782
EPOCH 67:
VALIDATION
valid epoch balanced_accuracy: 0.679487
EPOCH 68:
VALIDATION
valid epoch balanced_accuracy: 0.613782
EPOCH 69:
VALIDATION
valid epoch balanced_accuracy: 0.655449
EPOCH 70:
VALIDATION
valid epoch balanced_accuracy: 0.636218
EPOCH 71:
VALIDATION
valid epoch balanced_accuracy: 0.700321
EPOCH 72:
VALIDATION
valid epoch balanced_accuracy: 0.657051
EPOCH 73:
VALIDATION
valid epoch balanced_accuracy: 0.613782
EPOCH 74:
VALIDATION
valid epoch balanced_accuracy: 0.697115
EPOCH 75:
VALIDATION
valid epoch balanced_accuracy: 0.676282
EPOCH 76:
VALIDATION
valid epoch balanced_accuracy: 0.677885
EPOCH 77:
VALIDATION
valid epoch balanced_accuracy: 0.738782
EPOCH 78:
VALIDATION
valid epoch balanced_accuracy: 0.740385
EPOCH 79:
VALIDATION
valid epoch balanced_accuracy: 0.700321
EPOCH 80:
VALIDATION
valid epoch balanced_accuracy: 0.705128
EPOCH 81:
VALIDATION
valid epoch balanced_accuracy: 0.676282
EPOCH 82:
VALIDATION
valid epoch balanced_accuracy: 0.592949
EPOCH 83:
VALIDATION
valid epoch balanced_accuracy: 0.676282
EPOCH 84:
VALIDATION
valid epoch balanced_accuracy: 0.634615
EPOCH 85:
VALIDATION
valid epoch balanced_accuracy: 0.657051
EPOCH 86:
VALIDATION
valid epoch balanced_accuracy: 0.674679
EPOCH 87:
VALIDATION
valid epoch balanced_accuracy: 0.657051
EPOCH 88:
VALIDATION
valid epoch balanced_accuracy: 0.634615
EPOCH 89:
VALIDATION
valid epoch balanced_accuracy: 0.677885
EPOCH 90:
VALIDATION
valid epoch balanced_accuracy: 0.655449
EPOCH 91:
VALIDATION
valid epoch balanced_accuracy: 0.677885
EPOCH 92:
VALIDATION
valid epoch balanced_accuracy: 0.676282
EARLY STOPPING: rolling validation balanced accuracy did not improve for 60 epochs and validation loss increased over the same window.
accuracy: 0.666667
sensitivity: 0.586207
precision: 0.772727
specificity: 0.772727
IoU: 0.500000
FAR: 0.227273
F1: 0.666667
balanced_accuracy: 0.679467
loss: 0.977775
