
number of parameters : 1189002
train : (1104, 12)
valid : (204, 12)
test : (204, 12)
class weights : [1.0, 1.0]
balanced batches : 69 per epoch covering all 1104 train rows, target 8 positive + 8 unlabeled
cache warmed : 35 proteins, 409 lipid encodings, 0 lipid graphs, 88 MiB
data extracted
EPOCH 1:
VALIDATION
valid epoch balanced_accuracy: 0.304040
EPOCH 2:
VALIDATION
valid epoch balanced_accuracy: 0.313564
EPOCH 3:
VALIDATION
valid epoch balanced_accuracy: 0.344444
EPOCH 4:
VALIDATION
valid epoch balanced_accuracy: 0.388456
EPOCH 5:
VALIDATION
valid epoch balanced_accuracy: 0.541126
EPOCH 6:
VALIDATION
valid epoch balanced_accuracy: 0.467100
EPOCH 7:
VALIDATION
valid epoch balanced_accuracy: 0.553680
EPOCH 8:
VALIDATION
valid epoch balanced_accuracy: 0.561183
EPOCH 9:
VALIDATION
valid epoch balanced_accuracy: 0.608947
EPOCH 10:
VALIDATION
valid epoch balanced_accuracy: 0.651515
EPOCH 11:
VALIDATION
valid epoch balanced_accuracy: 0.477922
EPOCH 12:
VALIDATION
valid epoch balanced_accuracy: 0.605195
EPOCH 13:
VALIDATION
valid epoch balanced_accuracy: 0.570996
EPOCH 14:
VALIDATION
valid epoch balanced_accuracy: 0.567677
EPOCH 15:
VALIDATION
valid epoch balanced_accuracy: 0.586580
EPOCH 16:
VALIDATION
valid epoch balanced_accuracy: 0.560462
EPOCH 17:
VALIDATION
valid epoch balanced_accuracy: 0.517460
EPOCH 18:
VALIDATION
valid epoch balanced_accuracy: 0.581962
EPOCH 19:
VALIDATION
valid epoch balanced_accuracy: 0.609091
EPOCH 20:
VALIDATION
valid epoch balanced_accuracy: 0.619913
EPOCH 21:
VALIDATION
valid epoch balanced_accuracy: 0.575469
EPOCH 22:
VALIDATION
valid epoch balanced_accuracy: 0.526984
EPOCH 23:
VALIDATION
valid epoch balanced_accuracy: 0.613997
EPOCH 24:
VALIDATION
valid epoch balanced_accuracy: 0.662482
EPOCH 25:
VALIDATION
valid epoch balanced_accuracy: 0.619481
EPOCH 26:
VALIDATION
valid epoch balanced_accuracy: 0.667532
EPOCH 27:
VALIDATION
valid epoch balanced_accuracy: 0.626840
EPOCH 28:
VALIDATION
valid epoch balanced_accuracy: 0.645455
EPOCH 29:
VALIDATION
valid epoch balanced_accuracy: 0.601443
EPOCH 30:
VALIDATION
valid epoch balanced_accuracy: 0.709812
EPOCH 31:
VALIDATION
valid epoch balanced_accuracy: 0.602886
EPOCH 32:
VALIDATION
valid epoch balanced_accuracy: 0.633045
EPOCH 33:
VALIDATION
valid epoch balanced_accuracy: 0.664069
EPOCH 34:
VALIDATION
valid epoch balanced_accuracy: 0.643434
EPOCH 35:
VALIDATION
valid epoch balanced_accuracy: 0.593651
EPOCH 36:
VALIDATION
valid epoch balanced_accuracy: 0.560895
EPOCH 37:
VALIDATION
valid epoch balanced_accuracy: 0.645310
EPOCH 38:
VALIDATION
valid epoch balanced_accuracy: 0.647042
EPOCH 39:
VALIDATION
valid epoch balanced_accuracy: 0.646176
EPOCH 40:
VALIDATION
valid epoch balanced_accuracy: 0.622367
EPOCH 41:
VALIDATION
valid epoch balanced_accuracy: 0.677056
EPOCH 42:
VALIDATION
valid epoch balanced_accuracy: 0.693651
EPOCH 43:
VALIDATION
valid epoch balanced_accuracy: 0.710101
EPOCH 44:
VALIDATION
valid epoch balanced_accuracy: 0.707359
EPOCH 45:
VALIDATION
valid epoch balanced_accuracy: 0.672006
EPOCH 46:
VALIDATION
valid epoch balanced_accuracy: 0.655844
EPOCH 47:
VALIDATION
valid epoch balanced_accuracy: 0.687734
EPOCH 48:
VALIDATION
valid epoch balanced_accuracy: 0.649639
EPOCH 49:
VALIDATION
valid epoch balanced_accuracy: 0.618326
EPOCH 50:
VALIDATION
valid epoch balanced_accuracy: 0.693651
EPOCH 51:
VALIDATION
valid epoch balanced_accuracy: 0.668398
EPOCH 52:
VALIDATION
valid epoch balanced_accuracy: 0.671429
EPOCH 53:
VALIDATION
valid epoch balanced_accuracy: 0.679076
EPOCH 54:
VALIDATION
valid epoch balanced_accuracy: 0.663059
EPOCH 55:
VALIDATION
valid epoch balanced_accuracy: 0.671717
EPOCH 56:
VALIDATION
valid epoch balanced_accuracy: 0.660895
EPOCH 57:
VALIDATION
valid epoch balanced_accuracy: 0.543001
EPOCH 58:
VALIDATION
valid epoch balanced_accuracy: 0.689322
EPOCH 59:
VALIDATION
valid epoch balanced_accuracy: 0.538240
EPOCH 60:
VALIDATION
valid epoch balanced_accuracy: 0.691631
EPOCH 61:
VALIDATION
valid epoch balanced_accuracy: 0.679942
EPOCH 62:
VALIDATION
valid epoch balanced_accuracy: 0.708225
EPOCH 63:
VALIDATION
valid epoch balanced_accuracy: 0.646609
EPOCH 64:
VALIDATION
valid epoch balanced_accuracy: 0.620779
EPOCH 65:
VALIDATION
valid epoch balanced_accuracy: 0.686580
EPOCH 66:
VALIDATION
valid epoch balanced_accuracy: 0.703752
EPOCH 67:
VALIDATION
valid epoch balanced_accuracy: 0.712698
EPOCH 68:
VALIDATION
valid epoch balanced_accuracy: 0.656854
EPOCH 69:
VALIDATION
valid epoch balanced_accuracy: 0.571284
EPOCH 70:
VALIDATION
valid epoch balanced_accuracy: 0.683550
EPOCH 71:
VALIDATION
valid epoch balanced_accuracy: 0.697258
EPOCH 72:
VALIDATION
valid epoch balanced_accuracy: 0.698701
EPOCH 73:
VALIDATION
valid epoch balanced_accuracy: 0.679942
EPOCH 74:
VALIDATION
valid epoch balanced_accuracy: 0.701443
EPOCH 75:
VALIDATION
valid epoch balanced_accuracy: 0.632323
EPOCH 76:
VALIDATION
valid epoch balanced_accuracy: 0.712410
EPOCH 77:
VALIDATION
valid epoch balanced_accuracy: 0.702597
EPOCH 78:
VALIDATION
valid epoch balanced_accuracy: 0.682973
EPOCH 79:
VALIDATION
valid epoch balanced_accuracy: 0.650505
EPOCH 80:
VALIDATION
valid epoch balanced_accuracy: 0.681818
EPOCH 81:
VALIDATION
valid epoch balanced_accuracy: 0.534055
EPOCH 82:
VALIDATION
valid epoch balanced_accuracy: 0.701732
EPOCH 83:
VALIDATION
valid epoch balanced_accuracy: 0.672872
EPOCH 84:
VALIDATION
valid epoch balanced_accuracy: 0.712410
EPOCH 85:
VALIDATION
valid epoch balanced_accuracy: 0.524242
EPOCH 86:
VALIDATION
valid epoch balanced_accuracy: 0.702886
EPOCH 87:
VALIDATION
valid epoch balanced_accuracy: 0.660317
EPOCH 88:
VALIDATION
valid epoch balanced_accuracy: 0.650649
EPOCH 89:
VALIDATION
valid epoch balanced_accuracy: 0.711833
EPOCH 90:
VALIDATION
valid epoch balanced_accuracy: 0.646320
EPOCH 91:
VALIDATION
valid epoch balanced_accuracy: 0.688889
EPOCH 92:
VALIDATION
valid epoch balanced_accuracy: 0.694228
EPOCH 93:
VALIDATION
valid epoch balanced_accuracy: 0.640981
EPOCH 94:
VALIDATION
valid epoch balanced_accuracy: 0.712698
EPOCH 95:
VALIDATION
valid epoch balanced_accuracy: 0.500722
EPOCH 96:
VALIDATION
valid epoch balanced_accuracy: 0.674892
EPOCH 97:
VALIDATION
valid epoch balanced_accuracy: 0.600722
EPOCH 98:
VALIDATION
valid epoch balanced_accuracy: 0.700866
EPOCH 99:
VALIDATION
valid epoch balanced_accuracy: 0.717460
EPOCH 100:
VALIDATION
valid epoch balanced_accuracy: 0.679654
EPOCH 101:
VALIDATION
valid epoch balanced_accuracy: 0.664791
EPOCH 102:
VALIDATION
valid epoch balanced_accuracy: 0.620346
EPOCH 103:
VALIDATION
valid epoch balanced_accuracy: 0.651515
EPOCH 104:
VALIDATION
valid epoch balanced_accuracy: 0.693074
EPOCH 105:
VALIDATION
valid epoch balanced_accuracy: 0.646465
EPOCH 106:
VALIDATION
valid epoch balanced_accuracy: 0.698990
EPOCH 107:
VALIDATION
valid epoch balanced_accuracy: 0.707648
EPOCH 108:
VALIDATION
valid epoch balanced_accuracy: 0.712410
EPOCH 109:
VALIDATION
valid epoch balanced_accuracy: 0.539105
EPOCH 110:
VALIDATION
valid epoch balanced_accuracy: 0.731746
EPOCH 111:
VALIDATION
valid epoch balanced_accuracy: 0.727850
EPOCH 112:
VALIDATION
valid epoch balanced_accuracy: 0.671429
EPOCH 113:
VALIDATION
valid epoch balanced_accuracy: 0.682973
EPOCH 114:
VALIDATION
valid epoch balanced_accuracy: 0.712987
EPOCH 115:
VALIDATION
valid epoch balanced_accuracy: 0.717172
EPOCH 116:
VALIDATION
valid epoch balanced_accuracy: 0.604906
EPOCH 117:
VALIDATION
valid epoch balanced_accuracy: 0.713276
EPOCH 118:
VALIDATION
valid epoch balanced_accuracy: 0.633189
EPOCH 119:
VALIDATION
valid epoch balanced_accuracy: 0.723088
EPOCH 120:
VALIDATION
valid epoch balanced_accuracy: 0.599567
EPOCH 121:
VALIDATION
valid epoch balanced_accuracy: 0.681241
EPOCH 122:
VALIDATION
valid epoch balanced_accuracy: 0.693939
EPOCH 123:
VALIDATION
valid epoch balanced_accuracy: 0.727273
EPOCH 124:
VALIDATION
valid epoch balanced_accuracy: 0.726984
EPOCH 125:
VALIDATION
valid epoch balanced_accuracy: 0.604906
EPOCH 126:
VALIDATION
valid epoch balanced_accuracy: 0.675469
EPOCH 127:
VALIDATION
valid epoch balanced_accuracy: 0.681530
EPOCH 128:
VALIDATION
valid epoch balanced_accuracy: 0.686580
EPOCH 129:
VALIDATION
valid epoch balanced_accuracy: 0.623377
EPOCH 130:
VALIDATION
valid epoch balanced_accuracy: 0.693362
EPOCH 131:
VALIDATION
valid epoch balanced_accuracy: 0.697258
EPOCH 132:
VALIDATION
valid epoch balanced_accuracy: 0.713276
EPOCH 133:
VALIDATION
valid epoch balanced_accuracy: 0.698701
EPOCH 134:
VALIDATION
valid epoch balanced_accuracy: 0.703175
EPOCH 135:
VALIDATION
valid epoch balanced_accuracy: 0.687446
EPOCH 136:
VALIDATION
valid epoch balanced_accuracy: 0.722222
EPOCH 137:
VALIDATION
valid epoch balanced_accuracy: 0.717749
EPOCH 138:
VALIDATION
valid epoch balanced_accuracy: 0.668398
EPOCH 139:
VALIDATION
valid epoch balanced_accuracy: 0.697258
EPOCH 140:
VALIDATION
valid epoch balanced_accuracy: 0.696970
EPOCH 141:
VALIDATION
valid epoch balanced_accuracy: 0.623088
EPOCH 142:
VALIDATION
valid epoch balanced_accuracy: 0.684704
EPOCH 143:
VALIDATION
valid epoch balanced_accuracy: 0.605483
EPOCH 144:
VALIDATION
valid epoch balanced_accuracy: 0.671717
EPOCH 145:
VALIDATION
valid epoch balanced_accuracy: 0.651082
EPOCH 146:
VALIDATION
valid epoch balanced_accuracy: 0.617749
EPOCH 147:
VALIDATION
valid epoch balanced_accuracy: 0.678211
EPOCH 148:
VALIDATION
valid epoch balanced_accuracy: 0.693362
EPOCH 149:
VALIDATION
valid epoch balanced_accuracy: 0.711833
EPOCH 150:
VALIDATION
valid epoch balanced_accuracy: 0.696970
accuracy: 0.651961
sensitivity: 0.555556
precision: 0.670732
specificity: 0.742857
IoU: 0.436508
FAR: 0.257143
F1: 0.607735
balanced_accuracy: 0.649206
loss: 0.804080
