
number of parameters : 1189002
train : (1104, 12)
valid : (204, 12)
test : (204, 12)
class weights : [1.0, 1.0]
balanced batches : 69 per epoch covering all 1104 train rows, target 8 positive + 8 unlabeled
cache warmed : 35 proteins, 409 lipid encodings, 0 lipid graphs, 88 MiB
data extracted
EPOCH 1:
VALIDATION
valid epoch balanced_accuracy: 0.332884
EPOCH 2:
VALIDATION
valid epoch balanced_accuracy: 0.423885
EPOCH 3:
VALIDATION
valid epoch balanced_accuracy: 0.417285
EPOCH 4:
VALIDATION
valid epoch balanced_accuracy: 0.453705
EPOCH 5:
VALIDATION
valid epoch balanced_accuracy: 0.578042
EPOCH 6:
VALIDATION
valid epoch balanced_accuracy: 0.537624
EPOCH 7:
VALIDATION
valid epoch balanced_accuracy: 0.574525
EPOCH 8:
VALIDATION
valid epoch balanced_accuracy: 0.544079
EPOCH 9:
VALIDATION
valid epoch balanced_accuracy: 0.538780
EPOCH 10:
VALIDATION
valid epoch balanced_accuracy: 0.664419
EPOCH 11:
VALIDATION
valid epoch balanced_accuracy: 0.616437
EPOCH 12:
VALIDATION
valid epoch balanced_accuracy: 0.602081
EPOCH 13:
VALIDATION
valid epoch balanced_accuracy: 0.720782
EPOCH 14:
VALIDATION
valid epoch balanced_accuracy: 0.611138
EPOCH 15:
VALIDATION
valid epoch balanced_accuracy: 0.627228
EPOCH 16:
VALIDATION
valid epoch balanced_accuracy: 0.683110
EPOCH 17:
VALIDATION
valid epoch balanced_accuracy: 0.585509
EPOCH 18:
VALIDATION
valid epoch balanced_accuracy: 0.699200
EPOCH 19:
VALIDATION
valid epoch balanced_accuracy: 0.590182
EPOCH 20:
VALIDATION
valid epoch balanced_accuracy: 0.707101
EPOCH 21:
VALIDATION
valid epoch balanced_accuracy: 0.651701
EPOCH 22:
VALIDATION
valid epoch balanced_accuracy: 0.712256
EPOCH 23:
VALIDATION
valid epoch balanced_accuracy: 0.633972
EPOCH 24:
VALIDATION
valid epoch balanced_accuracy: 0.596637
EPOCH 25:
VALIDATION
valid epoch balanced_accuracy: 0.562964
EPOCH 26:
VALIDATION
valid epoch balanced_accuracy: 0.702573
EPOCH 27:
VALIDATION
valid epoch balanced_accuracy: 0.641054
EPOCH 28:
VALIDATION
valid epoch balanced_accuracy: 0.576501
EPOCH 29:
VALIDATION
valid epoch balanced_accuracy: 0.650255
EPOCH 30:
VALIDATION
valid epoch balanced_accuracy: 0.602177
EPOCH 31:
VALIDATION
valid epoch balanced_accuracy: 0.705993
EPOCH 32:
VALIDATION
valid epoch balanced_accuracy: 0.649292
EPOCH 33:
VALIDATION
valid epoch balanced_accuracy: 0.710329
EPOCH 34:
VALIDATION
valid epoch balanced_accuracy: 0.621592
EPOCH 35:
VALIDATION
valid epoch balanced_accuracy: 0.727719
EPOCH 36:
VALIDATION
valid epoch balanced_accuracy: 0.706137
EPOCH 37:
VALIDATION
valid epoch balanced_accuracy: 0.697755
EPOCH 38:
VALIDATION
valid epoch balanced_accuracy: 0.576501
EPOCH 39:
VALIDATION
valid epoch balanced_accuracy: 0.696792
EPOCH 40:
VALIDATION
valid epoch balanced_accuracy: 0.724347
EPOCH 41:
VALIDATION
valid epoch balanced_accuracy: 0.672175
EPOCH 42:
VALIDATION
valid epoch balanced_accuracy: 0.679256
EPOCH 43:
VALIDATION
valid epoch balanced_accuracy: 0.658638
EPOCH 44:
VALIDATION
valid epoch balanced_accuracy: 0.662973
EPOCH 45:
VALIDATION
valid epoch balanced_accuracy: 0.566818
EPOCH 46:
VALIDATION
valid epoch balanced_accuracy: 0.659119
EPOCH 47:
VALIDATION
valid epoch balanced_accuracy: 0.716447
EPOCH 48:
VALIDATION
valid epoch balanced_accuracy: 0.579150
EPOCH 49:
VALIDATION
valid epoch balanced_accuracy: 0.682966
EPOCH 50:
VALIDATION
valid epoch balanced_accuracy: 0.556990
EPOCH 51:
VALIDATION
valid epoch balanced_accuracy: 0.662299
EPOCH 52:
VALIDATION
valid epoch balanced_accuracy: 0.573658
EPOCH 53:
VALIDATION
valid epoch balanced_accuracy: 0.648810
EPOCH 54:
VALIDATION
valid epoch balanced_accuracy: 0.686627
EPOCH 55:
VALIDATION
valid epoch balanced_accuracy: 0.720156
EPOCH 56:
VALIDATION
valid epoch balanced_accuracy: 0.582571
EPOCH 57:
VALIDATION
valid epoch balanced_accuracy: 0.647509
EPOCH 58:
VALIDATION
valid epoch balanced_accuracy: 0.666008
EPOCH 59:
VALIDATION
valid epoch balanced_accuracy: 0.672175
EPOCH 60:
VALIDATION
valid epoch balanced_accuracy: 0.640428
EPOCH 61:
VALIDATION
valid epoch balanced_accuracy: 0.602852
EPOCH 62:
VALIDATION
valid epoch balanced_accuracy: 0.670874
EPOCH 63:
VALIDATION
valid epoch balanced_accuracy: 0.607188
EPOCH 64:
VALIDATION
valid epoch balanced_accuracy: 0.565276
EPOCH 65:
VALIDATION
valid epoch balanced_accuracy: 0.669236
EPOCH 66:
VALIDATION
valid epoch balanced_accuracy: 0.596541
EPOCH 67:
VALIDATION
valid epoch balanced_accuracy: 0.607332
EPOCH 68:
VALIDATION
valid epoch balanced_accuracy: 0.575923
EPOCH 69:
VALIDATION
valid epoch balanced_accuracy: 0.623470
EPOCH 70:
VALIDATION
valid epoch balanced_accuracy: 0.618460
EPOCH 71:
VALIDATION
valid epoch balanced_accuracy: 0.533866
EPOCH 72:
VALIDATION
valid epoch balanced_accuracy: 0.633346
EPOCH 73:
VALIDATION
valid epoch balanced_accuracy: 0.647317
EPOCH 74:
VALIDATION
valid epoch balanced_accuracy: 0.601551
EPOCH 75:
VALIDATION
valid epoch balanced_accuracy: 0.614606
EPOCH 76:
VALIDATION
valid epoch balanced_accuracy: 0.617979
EPOCH 77:
VALIDATION
valid epoch balanced_accuracy: 0.615763
EPOCH 78:
VALIDATION
valid epoch balanced_accuracy: 0.503131
EPOCH 79:
VALIDATION
valid epoch balanced_accuracy: 0.519222
EPOCH 80:
VALIDATION
valid epoch balanced_accuracy: 0.618460
EPOCH 81:
VALIDATION
valid epoch balanced_accuracy: 0.585027
EPOCH 82:
VALIDATION
valid epoch balanced_accuracy: 0.633780
EPOCH 83:
VALIDATION
valid epoch balanced_accuracy: 0.640235
EPOCH 84:
VALIDATION
valid epoch balanced_accuracy: 0.643655
EPOCH 85:
VALIDATION
valid epoch balanced_accuracy: 0.613643
EPOCH 86:
VALIDATION
valid epoch balanced_accuracy: 0.616871
EPOCH 87:
VALIDATION
valid epoch balanced_accuracy: 0.577416
EPOCH 88:
VALIDATION
valid epoch balanced_accuracy: 0.627517
EPOCH 89:
VALIDATION
valid epoch balanced_accuracy: 0.648328
EPOCH 90:
VALIDATION
valid epoch balanced_accuracy: 0.603719
EPOCH 91:
VALIDATION
valid epoch balanced_accuracy: 0.657192
EPOCH 92:
VALIDATION
valid epoch balanced_accuracy: 0.665237
EPOCH 93:
VALIDATION
valid epoch balanced_accuracy: 0.544031
EPOCH 94:
VALIDATION
valid epoch balanced_accuracy: 0.622218
EPOCH 95:
VALIDATION
valid epoch balanced_accuracy: 0.647847
EPOCH 96:
VALIDATION
valid epoch balanced_accuracy: 0.619472
EPOCH 97:
VALIDATION
valid epoch balanced_accuracy: 0.589797
EPOCH 98:
VALIDATION
valid epoch balanced_accuracy: 0.617834
EPOCH 99:
VALIDATION
valid epoch balanced_accuracy: 0.625735
EPOCH 100:
VALIDATION
valid epoch balanced_accuracy: 0.619809
EPOCH 101:
VALIDATION
valid epoch balanced_accuracy: 0.615088
EPOCH 102:
VALIDATION
valid epoch balanced_accuracy: 0.624482
EPOCH 103:
VALIDATION
valid epoch balanced_accuracy: 0.651701
EPOCH 104:
VALIDATION
valid epoch balanced_accuracy: 0.660565
EPOCH 105:
VALIDATION
valid epoch balanced_accuracy: 0.552895
EPOCH 106:
VALIDATION
valid epoch balanced_accuracy: 0.657674
EPOCH 107:
VALIDATION
valid epoch balanced_accuracy: 0.619424
EPOCH 108:
VALIDATION
valid epoch balanced_accuracy: 0.677329
EPOCH 109:
VALIDATION
valid epoch balanced_accuracy: 0.571828
EPOCH 110:
VALIDATION
valid epoch balanced_accuracy: 0.644763
EPOCH 111:
VALIDATION
valid epoch balanced_accuracy: 0.555015
EPOCH 112:
VALIDATION
valid epoch balanced_accuracy: 0.571442
EPOCH 113:
VALIDATION
valid epoch balanced_accuracy: 0.609018
EPOCH 114:
VALIDATION
valid epoch balanced_accuracy: 0.614606
EPOCH 115:
VALIDATION
valid epoch balanced_accuracy: 0.653001
EPOCH 116:
VALIDATION
valid epoch balanced_accuracy: 0.645582
EPOCH 117:
VALIDATION
valid epoch balanced_accuracy: 0.577850
EPOCH 118:
VALIDATION
valid epoch balanced_accuracy: 0.575923
EPOCH 119:
VALIDATION
valid epoch balanced_accuracy: 0.587677
EPOCH 120:
VALIDATION
valid epoch balanced_accuracy: 0.606128
EPOCH 121:
VALIDATION
valid epoch balanced_accuracy: 0.566769
EPOCH 122:
VALIDATION
valid epoch balanced_accuracy: 0.571587
EPOCH 123:
VALIDATION
valid epoch balanced_accuracy: 0.579680
EPOCH 124:
VALIDATION
valid epoch balanced_accuracy: 0.563205
EPOCH 125:
VALIDATION
valid epoch balanced_accuracy: 0.666201
EPOCH 126:
VALIDATION
valid epoch balanced_accuracy: 0.634743
EPOCH 127:
VALIDATION
valid epoch balanced_accuracy: 0.631564
EPOCH 128:
VALIDATION
valid epoch balanced_accuracy: 0.614510
EPOCH 129:
VALIDATION
valid epoch balanced_accuracy: 0.514549
EPOCH 130:
VALIDATION
valid epoch balanced_accuracy: 0.614799
EPOCH 131:
VALIDATION
valid epoch balanced_accuracy: 0.620773
EPOCH 132:
VALIDATION
valid epoch balanced_accuracy: 0.538588
EPOCH 133:
VALIDATION
valid epoch balanced_accuracy: 0.571780
EPOCH 134:
VALIDATION
valid epoch balanced_accuracy: 0.551113
EPOCH 135:
VALIDATION
valid epoch balanced_accuracy: 0.623519
EPOCH 136:
VALIDATION
valid epoch balanced_accuracy: 0.631419
EPOCH 137:
VALIDATION
valid epoch balanced_accuracy: 0.585798
EPOCH 138:
VALIDATION
valid epoch balanced_accuracy: 0.676655
EPOCH 139:
VALIDATION
valid epoch balanced_accuracy: 0.644426
EPOCH 140:
VALIDATION
valid epoch balanced_accuracy: 0.638115
EPOCH 141:
VALIDATION
valid epoch balanced_accuracy: 0.585606
EPOCH 142:
VALIDATION
valid epoch balanced_accuracy: 0.529868
EPOCH 143:
VALIDATION
valid epoch balanced_accuracy: 0.620725
EPOCH 144:
VALIDATION
valid epoch balanced_accuracy: 0.666490
EPOCH 145:
VALIDATION
valid epoch balanced_accuracy: 0.644137
EPOCH 146:
VALIDATION
valid epoch balanced_accuracy: 0.547114
EPOCH 147:
VALIDATION
valid epoch balanced_accuracy: 0.567588
EPOCH 148:
VALIDATION
valid epoch balanced_accuracy: 0.639946
EPOCH 149:
VALIDATION
valid epoch balanced_accuracy: 0.621062
EPOCH 150:
VALIDATION
valid epoch balanced_accuracy: 0.605598
accuracy: 0.676471
sensitivity: 0.682243
precision: 0.695238
specificity: 0.670103
IoU: 0.525180
FAR: 0.329897
F1: 0.688679
balanced_accuracy: 0.676173
loss: 0.730778
