
number of parameters : 2363474
train : (1112, 12)
valid : (200, 12)
test : (200, 12)
class weights : [1.0, 1.0]
balanced batches : 70 per epoch covering all 1112 train rows, target 8 positive + 8 unlabeled
data extracted
EPOCH 1:
VALIDATION
valid epoch balanced_accuracy: 0.444378
EPOCH 2:
VALIDATION
valid epoch balanced_accuracy: 0.487695
EPOCH 3:
VALIDATION
valid epoch balanced_accuracy: 0.452181
EPOCH 4:
VALIDATION
valid epoch balanced_accuracy: 0.465486
EPOCH 5:
VALIDATION
valid epoch balanced_accuracy: 0.463385
EPOCH 6:
VALIDATION
valid epoch balanced_accuracy: 0.511204
EPOCH 7:
VALIDATION
valid epoch balanced_accuracy: 0.595338
EPOCH 8:
VALIDATION
valid epoch balanced_accuracy: 0.549520
EPOCH 9:
VALIDATION
valid epoch balanced_accuracy: 0.587335
EPOCH 10:
VALIDATION
valid epoch balanced_accuracy: 0.567127
EPOCH 11:
VALIDATION
valid epoch balanced_accuracy: 0.517707
EPOCH 12:
VALIDATION
valid epoch balanced_accuracy: 0.572629
EPOCH 13:
VALIDATION
valid epoch balanced_accuracy: 0.579132
EPOCH 14:
VALIDATION
valid epoch balanced_accuracy: 0.428671
EPOCH 15:
VALIDATION
valid epoch balanced_accuracy: 0.470688
EPOCH 16:
VALIDATION
valid epoch balanced_accuracy: 0.466887
EPOCH 17:
VALIDATION
valid epoch balanced_accuracy: 0.507903
EPOCH 18:
VALIDATION
valid epoch balanced_accuracy: 0.558523
EPOCH 19:
VALIDATION
valid epoch balanced_accuracy: 0.461985
EPOCH 20:
VALIDATION
valid epoch balanced_accuracy: 0.534914
EPOCH 21:
VALIDATION
valid epoch balanced_accuracy: 0.594038
EPOCH 22:
VALIDATION
valid epoch balanced_accuracy: 0.443577
EPOCH 23:
VALIDATION
valid epoch balanced_accuracy: 0.513205
EPOCH 24:
VALIDATION
valid epoch balanced_accuracy: 0.597939
EPOCH 25:
VALIDATION
valid epoch balanced_accuracy: 0.477891
EPOCH 26:
VALIDATION
valid epoch balanced_accuracy: 0.463986
EPOCH 27:
VALIDATION
valid epoch balanced_accuracy: 0.562025
EPOCH 28:
VALIDATION
valid epoch balanced_accuracy: 0.464186
EPOCH 29:
VALIDATION
valid epoch balanced_accuracy: 0.579332
EPOCH 30:
VALIDATION
valid epoch balanced_accuracy: 0.569328
EPOCH 31:
VALIDATION
valid epoch balanced_accuracy: 0.511004
EPOCH 32:
VALIDATION
valid epoch balanced_accuracy: 0.654862
EPOCH 33:
VALIDATION
valid epoch balanced_accuracy: 0.584034
EPOCH 34:
VALIDATION
valid epoch balanced_accuracy: 0.574830
EPOCH 35:
VALIDATION
valid epoch balanced_accuracy: 0.626951
EPOCH 36:
VALIDATION
valid epoch balanced_accuracy: 0.489496
EPOCH 37:
VALIDATION
valid epoch balanced_accuracy: 0.558323
EPOCH 38:
VALIDATION
valid epoch balanced_accuracy: 0.545018
EPOCH 39:
VALIDATION
valid epoch balanced_accuracy: 0.528111
EPOCH 40:
VALIDATION
valid epoch balanced_accuracy: 0.677371
EPOCH 41:
VALIDATION
valid epoch balanced_accuracy: 0.601240
EPOCH 42:
VALIDATION
valid epoch balanced_accuracy: 0.465386
EPOCH 43:
VALIDATION
valid epoch balanced_accuracy: 0.514406
EPOCH 44:
VALIDATION
valid epoch balanced_accuracy: 0.541116
EPOCH 45:
VALIDATION
valid epoch balanced_accuracy: 0.563425
EPOCH 46:
VALIDATION
valid epoch balanced_accuracy: 0.623449
EPOCH 47:
VALIDATION
valid epoch balanced_accuracy: 0.584034
EPOCH 48:
VALIDATION
valid epoch balanced_accuracy: 0.574030
EPOCH 49:
VALIDATION
valid epoch balanced_accuracy: 0.528511
EPOCH 50:
VALIDATION
valid epoch balanced_accuracy: 0.686975
EPOCH 51:
VALIDATION
valid epoch balanced_accuracy: 0.568527
EPOCH 52:
VALIDATION
valid epoch balanced_accuracy: 0.497899
EPOCH 53:
VALIDATION
valid epoch balanced_accuracy: 0.559524
EPOCH 54:
VALIDATION
valid epoch balanced_accuracy: 0.597539
EPOCH 55:
VALIDATION
valid epoch balanced_accuracy: 0.642857
EPOCH 56:
VALIDATION
valid epoch balanced_accuracy: 0.556323
EPOCH 57:
VALIDATION
valid epoch balanced_accuracy: 0.599140
EPOCH 58:
VALIDATION
valid epoch balanced_accuracy: 0.474190
EPOCH 59:
VALIDATION
valid epoch balanced_accuracy: 0.602841
EPOCH 60:
VALIDATION
valid epoch balanced_accuracy: 0.598139
EPOCH 61:
VALIDATION
valid epoch balanced_accuracy: 0.476190
EPOCH 62:
VALIDATION
valid epoch balanced_accuracy: 0.642657
EPOCH 63:
VALIDATION
valid epoch balanced_accuracy: 0.618948
EPOCH 64:
VALIDATION
valid epoch balanced_accuracy: 0.559124
EPOCH 65:
VALIDATION
valid epoch balanced_accuracy: 0.584234
EPOCH 66:
VALIDATION
valid epoch balanced_accuracy: 0.589536
EPOCH 67:
VALIDATION
valid epoch balanced_accuracy: 0.574030
EPOCH 68:
VALIDATION
valid epoch balanced_accuracy: 0.691277
EPOCH 69:
VALIDATION
valid epoch balanced_accuracy: 0.672069
EPOCH 70:
VALIDATION
valid epoch balanced_accuracy: 0.657363
EPOCH 71:
VALIDATION
valid epoch balanced_accuracy: 0.579332
EPOCH 72:
VALIDATION
valid epoch balanced_accuracy: 0.568527
EPOCH 73:
VALIDATION
valid epoch balanced_accuracy: 0.533013
EPOCH 74:
VALIDATION
valid epoch balanced_accuracy: 0.578731
EPOCH 75:
VALIDATION
valid epoch balanced_accuracy: 0.584834
EPOCH 76:
VALIDATION
valid epoch balanced_accuracy: 0.583233
EPOCH 77:
VALIDATION
valid epoch balanced_accuracy: 0.647159
EPOCH 78:
VALIDATION
valid epoch balanced_accuracy: 0.613245
EPOCH 79:
VALIDATION
valid epoch balanced_accuracy: 0.616947
EPOCH 80:
VALIDATION
valid epoch balanced_accuracy: 0.617747
EPOCH 81:
VALIDATION
valid epoch balanced_accuracy: 0.529512
EPOCH 82:
VALIDATION
valid epoch balanced_accuracy: 0.631653
EPOCH 83:
VALIDATION
valid epoch balanced_accuracy: 0.584234
EPOCH 84:
VALIDATION
valid epoch balanced_accuracy: 0.638355
EPOCH 85:
VALIDATION
valid epoch balanced_accuracy: 0.607143
EPOCH 86:
VALIDATION
valid epoch balanced_accuracy: 0.573429
EPOCH 87:
VALIDATION
valid epoch balanced_accuracy: 0.559724
EPOCH 88:
VALIDATION
valid epoch balanced_accuracy: 0.497999
EPOCH 89:
VALIDATION
valid epoch balanced_accuracy: 0.562625
EPOCH 90:
VALIDATION
valid epoch balanced_accuracy: 0.533613
EPOCH 91:
VALIDATION
valid epoch balanced_accuracy: 0.485194
EPOCH 92:
VALIDATION
valid epoch balanced_accuracy: 0.451881
EPOCH 93:
VALIDATION
valid epoch balanced_accuracy: 0.551220
EPOCH 94:
VALIDATION
valid epoch balanced_accuracy: 0.620348
EPOCH 95:
VALIDATION
valid epoch balanced_accuracy: 0.593037
EPOCH 96:
VALIDATION
valid epoch balanced_accuracy: 0.598739
EPOCH 97:
VALIDATION
valid epoch balanced_accuracy: 0.579132
EPOCH 98:
VALIDATION
valid epoch balanced_accuracy: 0.680672
EPOCH 99:
VALIDATION
valid epoch balanced_accuracy: 0.583433
EPOCH 100:
VALIDATION
valid epoch balanced_accuracy: 0.582833
EPOCH 101:
VALIDATION
valid epoch balanced_accuracy: 0.583433
EPOCH 102:
VALIDATION
valid epoch balanced_accuracy: 0.594038
EPOCH 103:
VALIDATION
valid epoch balanced_accuracy: 0.523209
EPOCH 104:
VALIDATION
valid epoch balanced_accuracy: 0.466787
EPOCH 105:
VALIDATION
valid epoch balanced_accuracy: 0.553621
EPOCH 106:
VALIDATION
valid epoch balanced_accuracy: 0.529112
EPOCH 107:
VALIDATION
valid epoch balanced_accuracy: 0.567927
EPOCH 108:
VALIDATION
valid epoch balanced_accuracy: 0.528311
EPOCH 109:
VALIDATION
valid epoch balanced_accuracy: 0.544418
EPOCH 110:
VALIDATION
valid epoch balanced_accuracy: 0.504602
EPOCH 111:
VALIDATION
valid epoch balanced_accuracy: 0.495198
EPOCH 112:
VALIDATION
valid epoch balanced_accuracy: 0.647759
EPOCH 113:
VALIDATION
valid epoch balanced_accuracy: 0.543617
EPOCH 114:
VALIDATION
valid epoch balanced_accuracy: 0.530112
EPOCH 115:
VALIDATION
valid epoch balanced_accuracy: 0.490096
EPOCH 116:
VALIDATION
valid epoch balanced_accuracy: 0.553221
EPOCH 117:
VALIDATION
valid epoch balanced_accuracy: 0.592837
EPOCH 118:
VALIDATION
valid epoch balanced_accuracy: 0.569328
EPOCH 119:
VALIDATION
valid epoch balanced_accuracy: 0.549920
EPOCH 120:
VALIDATION
valid epoch balanced_accuracy: 0.558123
EPOCH 121:
VALIDATION
valid epoch balanced_accuracy: 0.573830
EPOCH 122:
VALIDATION
valid epoch balanced_accuracy: 0.567527
EPOCH 123:
VALIDATION
valid epoch balanced_accuracy: 0.539316
EPOCH 124:
VALIDATION
valid epoch balanced_accuracy: 0.548719
EPOCH 125:
VALIDATION
valid epoch balanced_accuracy: 0.603441
EPOCH 126:
VALIDATION
valid epoch balanced_accuracy: 0.682273
EPOCH 127:
VALIDATION
valid epoch balanced_accuracy: 0.444578
EPOCH 128:
VALIDATION
valid epoch balanced_accuracy: 0.545018
EPOCH 129:
VALIDATION
valid epoch balanced_accuracy: 0.538916
EPOCH 130:
VALIDATION
valid epoch balanced_accuracy: 0.525210
EPOCH 131:
VALIDATION
valid epoch balanced_accuracy: 0.505602
EPOCH 132:
VALIDATION
valid epoch balanced_accuracy: 0.553421
EPOCH 133:
VALIDATION
valid epoch balanced_accuracy: 0.539116
EPOCH 134:
VALIDATION
valid epoch balanced_accuracy: 0.490096
EPOCH 135:
VALIDATION
valid epoch balanced_accuracy: 0.480492
EPOCH 136:
VALIDATION
valid epoch balanced_accuracy: 0.564426
EPOCH 137:
VALIDATION
valid epoch balanced_accuracy: 0.479892
EPOCH 138:
VALIDATION
valid epoch balanced_accuracy: 0.480892
EPOCH 139:
VALIDATION
valid epoch balanced_accuracy: 0.499100
EPOCH 140:
VALIDATION
valid epoch balanced_accuracy: 0.540316
EPOCH 141:
VALIDATION
valid epoch balanced_accuracy: 0.618147
EPOCH 142:
VALIDATION
valid epoch balanced_accuracy: 0.649460
EPOCH 143:
VALIDATION
valid epoch balanced_accuracy: 0.640056
EPOCH 144:
VALIDATION
valid epoch balanced_accuracy: 0.524210
EPOCH 145:
VALIDATION
valid epoch balanced_accuracy: 0.548519
EPOCH 146:
VALIDATION
valid epoch balanced_accuracy: 0.589536
EPOCH 147:
VALIDATION
valid epoch balanced_accuracy: 0.539716
EPOCH 148:
VALIDATION
valid epoch balanced_accuracy: 0.550120
EPOCH 149:
VALIDATION
valid epoch balanced_accuracy: 0.569328
EPOCH 150:
VALIDATION
valid epoch balanced_accuracy: 0.544818
accuracy: 0.690000
sensitivity: 0.510204
precision: 0.781250
specificity: 0.862745
IoU: 0.446429
FAR: 0.137255
F1: 0.617284
balanced_accuracy: 0.686475
loss: 1.417619
