Waiting for exclusive access to GPU GPU-7b6eb320-b9ce-377c-7f11-da6a0056ab8a.
=== GROUP: START | VARIANT: bbp_nps3mlp_dpt01_gm_mlpplm1ldet | SEED: 4 | GPU: NVIDIA H200 ===

number of parameters : 2363474
train : (1112, 12)
valid : (200, 12)
test : (200, 12)
class weights : [1.0, 1.0]
balanced batches : 70 per epoch covering all 1112 train rows, target 8 positive + 8 unlabeled
data extracted
EPOCH 1:
VALIDATION
valid epoch balanced_accuracy: 0.455038
EPOCH 2:
VALIDATION
valid epoch balanced_accuracy: 0.510136
EPOCH 3:
VALIDATION
valid epoch balanced_accuracy: 0.470895
EPOCH 4:
VALIDATION
valid epoch balanced_accuracy: 0.481232
EPOCH 5:
VALIDATION
valid epoch balanced_accuracy: 0.561421
EPOCH 6:
VALIDATION
valid epoch balanced_accuracy: 0.502710
EPOCH 7:
VALIDATION
valid epoch balanced_accuracy: 0.497692
EPOCH 8:
VALIDATION
valid epoch balanced_accuracy: 0.449719
EPOCH 9:
VALIDATION
valid epoch balanced_accuracy: 0.539643
EPOCH 10:
VALIDATION
valid epoch balanced_accuracy: 0.548073
EPOCH 11:
VALIDATION
valid epoch balanced_accuracy: 0.539442
EPOCH 12:
VALIDATION
valid epoch balanced_accuracy: 0.530008
EPOCH 13:
VALIDATION
valid epoch balanced_accuracy: 0.522983
EPOCH 14:
VALIDATION
valid epoch balanced_accuracy: 0.485749
EPOCH 15:
VALIDATION
valid epoch balanced_accuracy: 0.544259
EPOCH 16:
VALIDATION
valid epoch balanced_accuracy: 0.547772
EPOCH 17:
VALIDATION
valid epoch balanced_accuracy: 0.585006
EPOCH 18:
VALIDATION
valid epoch balanced_accuracy: 0.558210
EPOCH 19:
VALIDATION
valid epoch balanced_accuracy: 0.576174
EPOCH 20:
VALIDATION
valid epoch balanced_accuracy: 0.576576
EPOCH 21:
VALIDATION
valid epoch balanced_accuracy: 0.609293
EPOCH 22:
VALIDATION
valid epoch balanced_accuracy: 0.540646
EPOCH 23:
VALIDATION
valid epoch balanced_accuracy: 0.577680
EPOCH 24:
VALIDATION
valid epoch balanced_accuracy: 0.583200
EPOCH 25:
VALIDATION
valid epoch balanced_accuracy: 0.584303
EPOCH 26:
VALIDATION
valid epoch balanced_accuracy: 0.539542
EPOCH 27:
VALIDATION
valid epoch balanced_accuracy: 0.576676
EPOCH 28:
VALIDATION
valid epoch balanced_accuracy: 0.568948
EPOCH 29:
VALIDATION
valid epoch balanced_accuracy: 0.512846
EPOCH 30:
VALIDATION
valid epoch balanced_accuracy: 0.571156
EPOCH 31:
VALIDATION
valid epoch balanced_accuracy: 0.577178
EPOCH 32:
VALIDATION
valid epoch balanced_accuracy: 0.621638
EPOCH 33:
VALIDATION
valid epoch balanced_accuracy: 0.550080
EPOCH 34:
VALIDATION
valid epoch balanced_accuracy: 0.544059
EPOCH 35:
VALIDATION
valid epoch balanced_accuracy: 0.575974
EPOCH 36:
VALIDATION
valid epoch balanced_accuracy: 0.590225
EPOCH 37:
VALIDATION
valid epoch balanced_accuracy: 0.525692
EPOCH 38:
VALIDATION
valid epoch balanced_accuracy: 0.577178
EPOCH 39:
VALIDATION
valid epoch balanced_accuracy: 0.615717
EPOCH 40:
VALIDATION
valid epoch balanced_accuracy: 0.588418
EPOCH 41:
VALIDATION
valid epoch balanced_accuracy: 0.590124
EPOCH 42:
VALIDATION
valid epoch balanced_accuracy: 0.600361
EPOCH 43:
VALIDATION
valid epoch balanced_accuracy: 0.571959
EPOCH 44:
VALIDATION
valid epoch balanced_accuracy: 0.562525
EPOCH 45:
VALIDATION
valid epoch balanced_accuracy: 0.604878
EPOCH 46:
VALIDATION
valid epoch balanced_accuracy: 0.615717
EPOCH 47:
VALIDATION
valid epoch balanced_accuracy: 0.583501
EPOCH 48:
VALIDATION
valid epoch balanced_accuracy: 0.581794
EPOCH 49:
VALIDATION
valid epoch balanced_accuracy: 0.612003
EPOCH 50:
VALIDATION
valid epoch balanced_accuracy: 0.579687
EPOCH 51:
VALIDATION
valid epoch balanced_accuracy: 0.587816
EPOCH 52:
VALIDATION
valid epoch balanced_accuracy: 0.519771
EPOCH 53:
VALIDATION
valid epoch balanced_accuracy: 0.614914
EPOCH 54:
VALIDATION
valid epoch balanced_accuracy: 0.595444
EPOCH 55:
VALIDATION
valid epoch balanced_accuracy: 0.513950
EPOCH 56:
VALIDATION
valid epoch balanced_accuracy: 0.555901
EPOCH 57:
VALIDATION
valid epoch balanced_accuracy: 0.555199
EPOCH 58:
VALIDATION
valid epoch balanced_accuracy: 0.590325
EPOCH 59:
VALIDATION
valid epoch balanced_accuracy: 0.552389
EPOCH 60:
VALIDATION
valid epoch balanced_accuracy: 0.556303
EPOCH 61:
VALIDATION
valid epoch balanced_accuracy: 0.635086
EPOCH 62:
VALIDATION
valid epoch balanced_accuracy: 0.572461
EPOCH 63:
VALIDATION
valid epoch balanced_accuracy: 0.623344
EPOCH 64:
VALIDATION
valid epoch balanced_accuracy: 0.557607
EPOCH 65:
VALIDATION
valid epoch balanced_accuracy: 0.635688
EPOCH 66:
VALIDATION
valid epoch balanced_accuracy: 0.548173
EPOCH 67:
VALIDATION
valid epoch balanced_accuracy: 0.522180
EPOCH 68:
VALIDATION
valid epoch balanced_accuracy: 0.597250
EPOCH 69:
VALIDATION
valid epoch balanced_accuracy: 0.519269
EPOCH 70:
VALIDATION
valid epoch balanced_accuracy: 0.567142
EPOCH 71:
VALIDATION
valid epoch balanced_accuracy: 0.525090
EPOCH 72:
VALIDATION
valid epoch balanced_accuracy: 0.528703
EPOCH 73:
VALIDATION
valid epoch balanced_accuracy: 0.594942
EPOCH 74:
VALIDATION
valid epoch balanced_accuracy: 0.592533
EPOCH 75:
VALIDATION
valid epoch balanced_accuracy: 0.554095
EPOCH 76:
VALIDATION
valid epoch balanced_accuracy: 0.568246
EPOCH 77:
VALIDATION
valid epoch balanced_accuracy: 0.502108
EPOCH 78:
VALIDATION
valid epoch balanced_accuracy: 0.552890
EPOCH 79:
VALIDATION
valid epoch balanced_accuracy: 0.543456
EPOCH 80:
VALIDATION
valid epoch balanced_accuracy: 0.621538
EPOCH 81:
VALIDATION
valid epoch balanced_accuracy: 0.534022
EPOCH 82:
VALIDATION
valid epoch balanced_accuracy: 0.562927
EPOCH 83:
VALIDATION
valid epoch balanced_accuracy: 0.584906
EPOCH 84:
VALIDATION
valid epoch balanced_accuracy: 0.618426
EPOCH 85:
VALIDATION
valid epoch balanced_accuracy: 0.461863
EPOCH 86:
VALIDATION
valid epoch balanced_accuracy: 0.547672
EPOCH 87:
VALIDATION
valid epoch balanced_accuracy: 0.523986
EPOCH 88:
VALIDATION
valid epoch balanced_accuracy: 0.557106
EPOCH 89:
VALIDATION
valid epoch balanced_accuracy: 0.530409
EPOCH 90:
VALIDATION
valid epoch balanced_accuracy: 0.492071
EPOCH 91:
VALIDATION
valid epoch balanced_accuracy: 0.574870
EPOCH 92:
VALIDATION
valid epoch balanced_accuracy: 0.601867
EPOCH 93:
VALIDATION
valid epoch balanced_accuracy: 0.597752
EPOCH 94:
VALIDATION
valid epoch balanced_accuracy: 0.571859
EPOCH 95:
VALIDATION
valid epoch balanced_accuracy: 0.565335
EPOCH 96:
VALIDATION
valid epoch balanced_accuracy: 0.556503
EPOCH 97:
VALIDATION
valid epoch balanced_accuracy: 0.544761
EPOCH 98:
VALIDATION
valid epoch balanced_accuracy: 0.583099
EPOCH 99:
VALIDATION
valid epoch balanced_accuracy: 0.522782
EPOCH 100:
VALIDATION
valid epoch balanced_accuracy: 0.586612
EPOCH 101:
VALIDATION
valid epoch balanced_accuracy: 0.529908
EPOCH 102:
VALIDATION
valid epoch balanced_accuracy: 0.549980
EPOCH 103:
VALIDATION
valid epoch balanced_accuracy: 0.512144
EPOCH 104:
VALIDATION
valid epoch balanced_accuracy: 0.635086
EPOCH 105:
VALIDATION
valid epoch balanced_accuracy: 0.549980
EPOCH 106:
VALIDATION
valid epoch balanced_accuracy: 0.589020
EPOCH 107:
VALIDATION
valid epoch balanced_accuracy: 0.528101
EPOCH 108:
VALIDATION
valid epoch balanced_accuracy: 0.535227
EPOCH 109:
VALIDATION
valid epoch balanced_accuracy: 0.541148
EPOCH 110:
VALIDATION
valid epoch balanced_accuracy: 0.567744
EPOCH 111:
VALIDATION
valid epoch balanced_accuracy: 0.537635
EPOCH 112:
VALIDATION
valid epoch balanced_accuracy: 0.585407
EPOCH 113:
VALIDATION
valid epoch balanced_accuracy: 0.532818
EPOCH 114:
VALIDATION
valid epoch balanced_accuracy: 0.534625
EPOCH 115:
VALIDATION
valid epoch balanced_accuracy: 0.490867
EPOCH 116:
VALIDATION
valid epoch balanced_accuracy: 0.506825
EPOCH 117:
VALIDATION
valid epoch balanced_accuracy: 0.539944
EPOCH 118:
VALIDATION
valid epoch balanced_accuracy: 0.516861
EPOCH 119:
VALIDATION
valid epoch balanced_accuracy: 0.629767
EPOCH 120:
VALIDATION
valid epoch balanced_accuracy: 0.652750
EPOCH 121:
VALIDATION
valid epoch balanced_accuracy: 0.565335
EPOCH 122:
VALIDATION
valid epoch balanced_accuracy: 0.578884
EPOCH 123:
VALIDATION
valid epoch balanced_accuracy: 0.531614
EPOCH 124:
VALIDATION
valid epoch balanced_accuracy: 0.616118
EPOCH 125:
VALIDATION
valid epoch balanced_accuracy: 0.574067
EPOCH 126:
VALIDATION
valid epoch balanced_accuracy: 0.630971
EPOCH 127:
VALIDATION
valid epoch balanced_accuracy: 0.512746
EPOCH 128:
VALIDATION
valid epoch balanced_accuracy: 0.526395
EPOCH 129:
VALIDATION
valid epoch balanced_accuracy: 0.525793
EPOCH 130:
VALIDATION
valid epoch balanced_accuracy: 0.577780
EPOCH 131:
VALIDATION
valid epoch balanced_accuracy: 0.515656
EPOCH 132:
VALIDATION
valid epoch balanced_accuracy: 0.494380
EPOCH 133:
VALIDATION
valid epoch balanced_accuracy: 0.534022
EPOCH 134:
VALIDATION
valid epoch balanced_accuracy: 0.477820
EPOCH 135:
VALIDATION
valid epoch balanced_accuracy: 0.555199
EPOCH 136:
VALIDATION
valid epoch balanced_accuracy: 0.516861
EPOCH 137:
VALIDATION
valid epoch balanced_accuracy: 0.518065
EPOCH 138:
VALIDATION
valid epoch balanced_accuracy: 0.511542
EPOCH 139:
VALIDATION
valid epoch balanced_accuracy: 0.528603
EPOCH 140:
VALIDATION
valid epoch balanced_accuracy: 0.629165
EPOCH 141:
VALIDATION
valid epoch balanced_accuracy: 0.523986
EPOCH 142:
VALIDATION
valid epoch balanced_accuracy: 0.545965
EPOCH 143:
VALIDATION
valid epoch balanced_accuracy: 0.540546
EPOCH 144:
VALIDATION
valid epoch balanced_accuracy: 0.484344
EPOCH 145:
VALIDATION
valid epoch balanced_accuracy: 0.474308
EPOCH 146:
VALIDATION
valid epoch balanced_accuracy: 0.534625
EPOCH 147:
VALIDATION
valid epoch balanced_accuracy: 0.561220
EPOCH 148:
VALIDATION
valid epoch balanced_accuracy: 0.470795
EPOCH 149:
VALIDATION
valid epoch balanced_accuracy: 0.524488
EPOCH 150:
VALIDATION
valid epoch balanced_accuracy: 0.481433
accuracy: 0.590000
sensitivity: 0.452830
precision: 0.666667
specificity: 0.744681
IoU: 0.369231
FAR: 0.255319
F1: 0.539326
balanced_accuracy: 0.598756
loss: 2.450312
