Waiting for exclusive access to GPU GPU-3cb076f3-7ac1-db4a-2571-512d6e1a8bc7.
=== GROUP: lipocalin | VARIANT: bbp_nps3mlp_dpt01_gm_mlpopt_y01 | SEED: 0 | GPU: NVIDIA A100-PCIE-40GB ===

number of parameters : 3087866
train : (1332, 12)
valid : (90, 12)
test : (90, 12)
class weights : [1.0, 1.0]
balanced batches : 84 per epoch covering all 1332 train rows, target 8 positive + 8 unlabeled
data extracted
EPOCH 1:
VALIDATION
valid epoch balanced_accuracy: 0.561086
EPOCH 2:
VALIDATION
valid epoch balanced_accuracy: 0.574661
EPOCH 3:
VALIDATION
valid epoch balanced_accuracy: 0.552036
EPOCH 4:
VALIDATION
valid epoch balanced_accuracy: 0.555807
EPOCH 5:
VALIDATION
valid epoch balanced_accuracy: 0.528658
EPOCH 6:
VALIDATION
valid epoch balanced_accuracy: 0.562594
EPOCH 7:
VALIDATION
valid epoch balanced_accuracy: 0.533183
EPOCH 8:
VALIDATION
valid epoch balanced_accuracy: 0.575415
EPOCH 9:
VALIDATION
valid epoch balanced_accuracy: 0.521116
EPOCH 10:
VALIDATION
valid epoch balanced_accuracy: 0.493967
EPOCH 11:
VALIDATION
valid epoch balanced_accuracy: 0.495475
EPOCH 12:
VALIDATION
valid epoch balanced_accuracy: 0.504525
EPOCH 13:
VALIDATION
valid epoch balanced_accuracy: 0.493967
EPOCH 14:
VALIDATION
valid epoch balanced_accuracy: 0.508296
EPOCH 15:
VALIDATION
valid epoch balanced_accuracy: 0.507541
EPOCH 16:
VALIDATION
valid epoch balanced_accuracy: 0.516591
EPOCH 17:
VALIDATION
valid epoch balanced_accuracy: 0.494721
EPOCH 18:
VALIDATION
valid epoch balanced_accuracy: 0.598793
EPOCH 19:
VALIDATION
valid epoch balanced_accuracy: 0.527149
EPOCH 20:
VALIDATION
valid epoch balanced_accuracy: 0.536199
EPOCH 21:
VALIDATION
valid epoch balanced_accuracy: 0.558824
EPOCH 22:
VALIDATION
valid epoch balanced_accuracy: 0.494721
EPOCH 23:
VALIDATION
valid epoch balanced_accuracy: 0.523379
EPOCH 24:
VALIDATION
valid epoch balanced_accuracy: 0.475113
EPOCH 25:
VALIDATION
valid epoch balanced_accuracy: 0.449472
EPOCH 26:
VALIDATION
valid epoch balanced_accuracy: 0.478884
EPOCH 27:
VALIDATION
valid epoch balanced_accuracy: 0.530166
EPOCH 28:
VALIDATION
valid epoch balanced_accuracy: 0.507541
EPOCH 29:
VALIDATION
valid epoch balanced_accuracy: 0.536199
EPOCH 30:
VALIDATION
valid epoch balanced_accuracy: 0.565611
EPOCH 31:
VALIDATION
valid epoch balanced_accuracy: 0.587481
EPOCH 32:
VALIDATION
valid epoch balanced_accuracy: 0.625943
EPOCH 33:
VALIDATION
valid epoch balanced_accuracy: 0.555807
EPOCH 34:
VALIDATION
valid epoch balanced_accuracy: 0.613876
EPOCH 35:
VALIDATION
valid epoch balanced_accuracy: 0.625943
EPOCH 36:
VALIDATION
valid epoch balanced_accuracy: 0.647813
EPOCH 37:
VALIDATION
valid epoch balanced_accuracy: 0.579940
EPOCH 38:
VALIDATION
valid epoch balanced_accuracy: 0.604827
EPOCH 39:
VALIDATION
valid epoch balanced_accuracy: 0.500000
EPOCH 40:
VALIDATION
valid epoch balanced_accuracy: 0.500000
EPOCH 41:
VALIDATION
valid epoch balanced_accuracy: 0.500000
EPOCH 42:
VALIDATION
valid epoch balanced_accuracy: 0.500000
EPOCH 43:
VALIDATION
valid epoch balanced_accuracy: 0.500000
EPOCH 44:
VALIDATION
valid epoch balanced_accuracy: 0.500000
EPOCH 45:
VALIDATION
valid epoch balanced_accuracy: 0.500000
EPOCH 46:
VALIDATION
valid epoch balanced_accuracy: 0.500000
EPOCH 47:
VALIDATION
valid epoch balanced_accuracy: 0.500000
EPOCH 48:
VALIDATION
valid epoch balanced_accuracy: 0.500000
EPOCH 49:
VALIDATION
valid epoch balanced_accuracy: 0.500000
EPOCH 50:
VALIDATION
valid epoch balanced_accuracy: 0.500000
EPOCH 51:
VALIDATION
valid epoch balanced_accuracy: 0.500000
EPOCH 52:
VALIDATION
valid epoch balanced_accuracy: 0.500000
EPOCH 53:
VALIDATION
valid epoch balanced_accuracy: 0.500000
EPOCH 54:
VALIDATION
valid epoch balanced_accuracy: 0.500000
EPOCH 55:
VALIDATION
valid epoch balanced_accuracy: 0.500000
EPOCH 56:
VALIDATION
valid epoch balanced_accuracy: 0.500000
EPOCH 57:
VALIDATION
valid epoch balanced_accuracy: 0.500000
EPOCH 58:
VALIDATION
valid epoch balanced_accuracy: 0.500000
EPOCH 59:
VALIDATION
valid epoch balanced_accuracy: 0.500000
EPOCH 60:
VALIDATION
valid epoch balanced_accuracy: 0.500000
EPOCH 61:
VALIDATION
valid epoch balanced_accuracy: 0.500000
EPOCH 62:
VALIDATION
valid epoch balanced_accuracy: 0.500000
EPOCH 63:
VALIDATION
valid epoch balanced_accuracy: 0.500000
EPOCH 64:
VALIDATION
valid epoch balanced_accuracy: 0.500000
EPOCH 65:
VALIDATION
valid epoch balanced_accuracy: 0.500000
EPOCH 66:
VALIDATION
valid epoch balanced_accuracy: 0.500000
EPOCH 67:
VALIDATION
valid epoch balanced_accuracy: 0.500000
EPOCH 68:
VALIDATION
valid epoch balanced_accuracy: 0.500000
EPOCH 69:
VALIDATION
valid epoch balanced_accuracy: 0.500000
EPOCH 70:
VALIDATION
valid epoch balanced_accuracy: 0.500000
EPOCH 71:
VALIDATION
valid epoch balanced_accuracy: 0.500000
EPOCH 72:
VALIDATION
valid epoch balanced_accuracy: 0.500000
EPOCH 73:
VALIDATION
valid epoch balanced_accuracy: 0.500000
EPOCH 74:
VALIDATION
valid epoch balanced_accuracy: 0.500000
EPOCH 75:
VALIDATION
valid epoch balanced_accuracy: 0.500000
EPOCH 76:
VALIDATION
valid epoch balanced_accuracy: 0.500000
EPOCH 77:
VALIDATION
valid epoch balanced_accuracy: 0.500000
EPOCH 78:
VALIDATION
valid epoch balanced_accuracy: 0.500000
EPOCH 79:
VALIDATION
valid epoch balanced_accuracy: 0.500000
EPOCH 80:
VALIDATION
valid epoch balanced_accuracy: 0.500000
EPOCH 81:
VALIDATION
valid epoch balanced_accuracy: 0.500000
EPOCH 82:
VALIDATION
valid epoch balanced_accuracy: 0.500000
EPOCH 83:
VALIDATION
valid epoch balanced_accuracy: 0.500000
EPOCH 84:
VALIDATION
valid epoch balanced_accuracy: 0.500000
EPOCH 85:
VALIDATION
valid epoch balanced_accuracy: 0.500000
EPOCH 86:
VALIDATION
valid epoch balanced_accuracy: 0.500000
EPOCH 87:
VALIDATION
valid epoch balanced_accuracy: 0.500000
EPOCH 88:
VALIDATION
valid epoch balanced_accuracy: 0.500000
EPOCH 89:
VALIDATION
valid epoch balanced_accuracy: 0.500000
EPOCH 90:
VALIDATION
valid epoch balanced_accuracy: 0.500000
EPOCH 91:
VALIDATION
valid epoch balanced_accuracy: 0.500000
EPOCH 92:
VALIDATION
valid epoch balanced_accuracy: 0.500000
EPOCH 93:
VALIDATION
valid epoch balanced_accuracy: 0.500000
EPOCH 94:
VALIDATION
valid epoch balanced_accuracy: 0.500000
EPOCH 95:
VALIDATION
valid epoch balanced_accuracy: 0.500000
EPOCH 96:
VALIDATION
valid epoch balanced_accuracy: 0.500000
EPOCH 97:
VALIDATION
valid epoch balanced_accuracy: 0.500000
EPOCH 98:
VALIDATION
valid epoch balanced_accuracy: 0.500000
EPOCH 99:
VALIDATION
valid epoch balanced_accuracy: 0.500000
EPOCH 100:
VALIDATION
valid epoch balanced_accuracy: 0.500000
EPOCH 101:
VALIDATION
valid epoch balanced_accuracy: 0.500000
EPOCH 102:
VALIDATION
valid epoch balanced_accuracy: 0.500000
EPOCH 103:
VALIDATION
valid epoch balanced_accuracy: 0.500000
EPOCH 104:
VALIDATION
valid epoch balanced_accuracy: 0.500000
EPOCH 105:
VALIDATION
valid epoch balanced_accuracy: 0.500000
EPOCH 106:
VALIDATION
valid epoch balanced_accuracy: 0.500000
EPOCH 107:
VALIDATION
valid epoch balanced_accuracy: 0.500000
EPOCH 108:
VALIDATION
valid epoch balanced_accuracy: 0.500000
EPOCH 109:
VALIDATION
valid epoch balanced_accuracy: 0.500000
EPOCH 110:
VALIDATION
valid epoch balanced_accuracy: 0.500000
EPOCH 111:
VALIDATION
valid epoch balanced_accuracy: 0.500000
EPOCH 112:
VALIDATION
valid epoch balanced_accuracy: 0.500000
EPOCH 113:
VALIDATION
valid epoch balanced_accuracy: 0.500000
EPOCH 114:
VALIDATION
valid epoch balanced_accuracy: 0.500000
EPOCH 115:
VALIDATION
valid epoch balanced_accuracy: 0.500000
EPOCH 116:
VALIDATION
valid epoch balanced_accuracy: 0.500000
EPOCH 117:
VALIDATION
valid epoch balanced_accuracy: 0.500000
EPOCH 118:
VALIDATION
valid epoch balanced_accuracy: 0.500000
EPOCH 119:
VALIDATION
valid epoch balanced_accuracy: 0.500000
EPOCH 120:
VALIDATION
valid epoch balanced_accuracy: 0.500000
EPOCH 121:
VALIDATION
valid epoch balanced_accuracy: 0.500000
EPOCH 122:
VALIDATION
valid epoch balanced_accuracy: 0.500000
EPOCH 123:
VALIDATION
valid epoch balanced_accuracy: 0.500000
EPOCH 124:
VALIDATION
valid epoch balanced_accuracy: 0.500000
EPOCH 125:
VALIDATION
valid epoch balanced_accuracy: 0.500000
EPOCH 126:
VALIDATION
valid epoch balanced_accuracy: 0.500000
EPOCH 127:
VALIDATION
valid epoch balanced_accuracy: 0.500000
EPOCH 128:
VALIDATION
valid epoch balanced_accuracy: 0.500000
EPOCH 129:
VALIDATION
valid epoch balanced_accuracy: 0.500000
EPOCH 130:
VALIDATION
valid epoch balanced_accuracy: 0.500000
EPOCH 131:
VALIDATION
valid epoch balanced_accuracy: 0.500000
EPOCH 132:
VALIDATION
valid epoch balanced_accuracy: 0.500000
EPOCH 133:
VALIDATION
valid epoch balanced_accuracy: 0.500000
EPOCH 134:
VALIDATION
valid epoch balanced_accuracy: 0.500000
EPOCH 135:
VALIDATION
valid epoch balanced_accuracy: 0.500000
EPOCH 136:
VALIDATION
valid epoch balanced_accuracy: 0.500000
EPOCH 137:
VALIDATION
valid epoch balanced_accuracy: 0.500000
EPOCH 138:
VALIDATION
valid epoch balanced_accuracy: 0.500000
EPOCH 139:
VALIDATION
valid epoch balanced_accuracy: 0.500000
EPOCH 140:
VALIDATION
valid epoch balanced_accuracy: 0.500000
EPOCH 141:
VALIDATION
valid epoch balanced_accuracy: 0.500000
EPOCH 142:
VALIDATION
valid epoch balanced_accuracy: 0.500000
EPOCH 143:
VALIDATION
valid epoch balanced_accuracy: 0.500000
EPOCH 144:
VALIDATION
valid epoch balanced_accuracy: 0.500000
EPOCH 145:
VALIDATION
valid epoch balanced_accuracy: 0.500000
EPOCH 146:
VALIDATION
valid epoch balanced_accuracy: 0.500000
EPOCH 147:
VALIDATION
valid epoch balanced_accuracy: 0.500000
EPOCH 148:
VALIDATION
valid epoch balanced_accuracy: 0.500000
EPOCH 149:
VALIDATION
valid epoch balanced_accuracy: 0.500000
EPOCH 150:
VALIDATION
valid epoch balanced_accuracy: 0.500000
Discovered surviving group widths (pruned architecture):
  lipid1.attention.FFN.0: 96/96 active
  lipid1.attention.FFN.4: 384/384 active
  lipid1.attention.FFN.8: 384/384 active
  lipid1.attention.FFN.11: 96/96 active
  protein1.enc_plm.1: 10/10 active
  protein1.attention.FFN.0: 96/96 active
  protein1.attention.FFN.4: 384/384 active
  protein1.attention.FFN.8: 384/384 active
  protein1.attention.FFN.11: 96/96 active
  protein1.mlp.0: 768/768 active
  protein1.mlp.4: 384/384 active
  protein1.mlp.8: 384/384 active
  protein1.mlp.12: 96/96 active
  cross_attention1.lipFFN.0: 96/96 active
  cross_attention1.lipFFN.4: 384/384 active
  cross_attention1.lipFFN.8: 384/384 active
  cross_attention1.lipFFN.11: 96/96 active
  cross_attention1.protFFN.0: 96/96 active
  cross_attention1.protFFN.4: 384/384 active
  cross_attention1.protFFN.8: 384/384 active
  cross_attention1.protFFN.11: 96/96 active
  final_layer.binar.0: 192/192 active
  final_layer.binar.4: 384/384 active
  final_layer.binar.8: 384/384 active
  final_layer.binar.12: 96/96 active
accuracy: 0.566667
sensitivity: 0.725490
precision: 0.596774
specificity: 0.358974
IoU: 0.486842
FAR: 0.641026
F1: 0.654867
balanced_accuracy: 0.542232
loss: 0.689166
