=== GROUP: scp2 | VARIANT: bbp_fa_fbng_nps3mlp_dpt01_wd0001_gm_plm64_hid64_GRL_dp_rmpft | SEED: 3 | GPU: NVIDIA H100 | SLOT: 0 ===

number of parameters : 901194
train : (1426, 12)
valid : (43, 12)
test : (43, 12)
class weights : [1.0, 1.0]
balanced batches : 90 per epoch covering all 1426 train rows, target 8 positive + 8 unlabeled
cache warmed : 35 proteins, 409 lipid encodings, 0 lipid graphs, 88 MiB
data extracted
EPOCH 1:
VALIDATION
valid epoch balanced_accuracy: 0.596667
EPOCH 2:
VALIDATION
valid epoch balanced_accuracy: 0.621111
EPOCH 3:
VALIDATION
valid epoch balanced_accuracy: 0.556667
EPOCH 4:
VALIDATION
valid epoch balanced_accuracy: 0.450000
EPOCH 5:
VALIDATION
valid epoch balanced_accuracy: 0.482222
EPOCH 6:
VALIDATION
valid epoch balanced_accuracy: 0.442222
EPOCH 7:
VALIDATION
valid epoch balanced_accuracy: 0.513333
EPOCH 8:
VALIDATION
valid epoch balanced_accuracy: 0.454444
EPOCH 9:
VALIDATION
valid epoch balanced_accuracy: 0.497778
EPOCH 10:
VALIDATION
valid epoch balanced_accuracy: 0.445556
EPOCH 11:
VALIDATION
valid epoch balanced_accuracy: 0.482222
EPOCH 12:
VALIDATION
valid epoch balanced_accuracy: 0.502222
EPOCH 13:
VALIDATION
valid epoch balanced_accuracy: 0.450000
EPOCH 14:
VALIDATION
valid epoch balanced_accuracy: 0.494444
EPOCH 15:
VALIDATION
valid epoch balanced_accuracy: 0.387778
EPOCH 16:
VALIDATION
valid epoch balanced_accuracy: 0.485556
EPOCH 17:
VALIDATION
valid epoch balanced_accuracy: 0.474444
EPOCH 18:
VALIDATION
valid epoch balanced_accuracy: 0.375556
EPOCH 19:
VALIDATION
valid epoch balanced_accuracy: 0.485556
EPOCH 20:
VALIDATION
valid epoch balanced_accuracy: 0.570000
EPOCH 21:
VALIDATION
valid epoch balanced_accuracy: 0.511111
EPOCH 22:
VALIDATION
valid epoch balanced_accuracy: 0.435556
EPOCH 23:
VALIDATION
valid epoch balanced_accuracy: 0.557778
EPOCH 24:
VALIDATION
valid epoch balanced_accuracy: 0.550000
EPOCH 25:
VALIDATION
valid epoch balanced_accuracy: 0.597778
EPOCH 26:
VALIDATION
valid epoch balanced_accuracy: 0.542222
EPOCH 27:
VALIDATION
valid epoch balanced_accuracy: 0.593333
EPOCH 28:
VALIDATION
valid epoch balanced_accuracy: 0.463333
EPOCH 29:
VALIDATION
valid epoch balanced_accuracy: 0.570000
EPOCH 30:
VALIDATION
valid epoch balanced_accuracy: 0.518889
EPOCH 31:
VALIDATION
valid epoch balanced_accuracy: 0.471111
EPOCH 32:
VALIDATION
valid epoch balanced_accuracy: 0.561111
EPOCH 33:
VALIDATION
valid epoch balanced_accuracy: 0.602222
EPOCH 34:
VALIDATION
valid epoch balanced_accuracy: 0.557778
EPOCH 35:
VALIDATION
valid epoch balanced_accuracy: 0.653333
EPOCH 36:
VALIDATION
valid epoch balanced_accuracy: 0.650000
EPOCH 37:
VALIDATION
valid epoch balanced_accuracy: 0.574444
EPOCH 38:
VALIDATION
valid epoch balanced_accuracy: 0.630000
EPOCH 39:
VALIDATION
valid epoch balanced_accuracy: 0.610000
EPOCH 40:
VALIDATION
valid epoch balanced_accuracy: 0.585556
EPOCH 41:
VALIDATION
valid epoch balanced_accuracy: 0.665556
EPOCH 42:
VALIDATION
valid epoch balanced_accuracy: 0.463333
EPOCH 43:
VALIDATION
valid epoch balanced_accuracy: 0.630000
EPOCH 44:
VALIDATION
valid epoch balanced_accuracy: 0.475556
EPOCH 45:
VALIDATION
valid epoch balanced_accuracy: 0.581111
EPOCH 46:
VALIDATION
valid epoch balanced_accuracy: 0.657778
EPOCH 47:
VALIDATION
valid epoch balanced_accuracy: 0.514444
EPOCH 48:
VALIDATION
valid epoch balanced_accuracy: 0.530000
EPOCH 49:
VALIDATION
valid epoch balanced_accuracy: 0.415556
EPOCH 50:
VALIDATION
valid epoch balanced_accuracy: 0.650000
EPOCH 51:
VALIDATION
valid epoch balanced_accuracy: 0.435556
EPOCH 52:
VALIDATION
valid epoch balanced_accuracy: 0.486667
EPOCH 53:
VALIDATION
valid epoch balanced_accuracy: 0.451111
EPOCH 54:
VALIDATION
valid epoch balanced_accuracy: 0.577778
EPOCH 55:
VALIDATION
valid epoch balanced_accuracy: 0.562222
EPOCH 56:
VALIDATION
valid epoch balanced_accuracy: 0.590000
EPOCH 57:
VALIDATION
valid epoch balanced_accuracy: 0.498889
EPOCH 58:
VALIDATION
valid epoch balanced_accuracy: 0.554444
EPOCH 59:
VALIDATION
valid epoch balanced_accuracy: 0.550000
EPOCH 60:
VALIDATION
valid epoch balanced_accuracy: 0.537778
EPOCH 61:
VALIDATION
valid epoch balanced_accuracy: 0.506667
EPOCH 62:
VALIDATION
valid epoch balanced_accuracy: 0.367778
EPOCH 63:
VALIDATION
valid epoch balanced_accuracy: 0.514444
EPOCH 64:
VALIDATION
valid epoch balanced_accuracy: 0.534444
EPOCH 65:
VALIDATION
valid epoch balanced_accuracy: 0.545556
EPOCH 66:
VALIDATION
valid epoch balanced_accuracy: 0.597778
EPOCH 67:
VALIDATION
valid epoch balanced_accuracy: 0.395556
EPOCH 68:
VALIDATION
valid epoch balanced_accuracy: 0.550000
EPOCH 69:
VALIDATION
valid epoch balanced_accuracy: 0.486667
EPOCH 70:
VALIDATION
valid epoch balanced_accuracy: 0.550000
EPOCH 71:
VALIDATION
valid epoch balanced_accuracy: 0.522222
EPOCH 72:
VALIDATION
valid epoch balanced_accuracy: 0.570000
EPOCH 73:
VALIDATION
valid epoch balanced_accuracy: 0.590000
EPOCH 74:
VALIDATION
valid epoch balanced_accuracy: 0.550000
EPOCH 75:
VALIDATION
valid epoch balanced_accuracy: 0.570000
EPOCH 76:
VALIDATION
valid epoch balanced_accuracy: 0.511111
EPOCH 77:
VALIDATION
valid epoch balanced_accuracy: 0.554444
EPOCH 78:
VALIDATION
valid epoch balanced_accuracy: 0.582222
EPOCH 79:
VALIDATION
valid epoch balanced_accuracy: 0.558889
EPOCH 80:
VALIDATION
valid epoch balanced_accuracy: 0.522222
EPOCH 81:
VALIDATION
valid epoch balanced_accuracy: 0.514444
EPOCH 82:
VALIDATION
valid epoch balanced_accuracy: 0.562222
EPOCH 83:
VALIDATION
valid epoch balanced_accuracy: 0.554444
EPOCH 84:
VALIDATION
valid epoch balanced_accuracy: 0.514444
EPOCH 85:
VALIDATION
valid epoch balanced_accuracy: 0.574444
EPOCH 86:
VALIDATION
valid epoch balanced_accuracy: 0.574444
EPOCH 87:
VALIDATION
valid epoch balanced_accuracy: 0.443333
EPOCH 88:
VALIDATION
valid epoch balanced_accuracy: 0.514444
EPOCH 89:
VALIDATION
valid epoch balanced_accuracy: 0.431111
EPOCH 90:
VALIDATION
valid epoch balanced_accuracy: 0.550000
EPOCH 91:
VALIDATION
valid epoch balanced_accuracy: 0.466667
EPOCH 92:
VALIDATION
valid epoch balanced_accuracy: 0.574444
EPOCH 93:
VALIDATION
valid epoch balanced_accuracy: 0.542222
EPOCH 94:
VALIDATION
valid epoch balanced_accuracy: 0.438889
EPOCH 95:
VALIDATION
valid epoch balanced_accuracy: 0.641111
EPOCH 96:
VALIDATION
valid epoch balanced_accuracy: 0.582222
EPOCH 97:
VALIDATION
valid epoch balanced_accuracy: 0.546667
EPOCH 98:
VALIDATION
valid epoch balanced_accuracy: 0.494444
EPOCH 99:
VALIDATION
valid epoch balanced_accuracy: 0.522222
EPOCH 100:
VALIDATION
valid epoch balanced_accuracy: 0.506667
EPOCH 101:
VALIDATION
valid epoch balanced_accuracy: 0.491111
EPOCH 102:
VALIDATION
valid epoch balanced_accuracy: 0.574444
EPOCH 103:
VALIDATION
valid epoch balanced_accuracy: 0.562222
EPOCH 104:
VALIDATION
valid epoch balanced_accuracy: 0.542222
EPOCH 105:
VALIDATION
valid epoch balanced_accuracy: 0.657778
EPOCH 106:
VALIDATION
valid epoch balanced_accuracy: 0.530000
EPOCH 107:
VALIDATION
valid epoch balanced_accuracy: 0.458889
EPOCH 108:
VALIDATION
valid epoch balanced_accuracy: 0.538889
EPOCH 109:
VALIDATION
valid epoch balanced_accuracy: 0.514444
EPOCH 110:
VALIDATION
valid epoch balanced_accuracy: 0.494444
EPOCH 111:
VALIDATION
valid epoch balanced_accuracy: 0.463333
EPOCH 112:
VALIDATION
valid epoch balanced_accuracy: 0.550000
EPOCH 113:
VALIDATION
valid epoch balanced_accuracy: 0.554444
EPOCH 114:
VALIDATION
valid epoch balanced_accuracy: 0.534444
EPOCH 115:
VALIDATION
valid epoch balanced_accuracy: 0.498889
EPOCH 116:
VALIDATION
valid epoch balanced_accuracy: 0.506667
EPOCH 117:
VALIDATION
valid epoch balanced_accuracy: 0.590000
EPOCH 118:
VALIDATION
valid epoch balanced_accuracy: 0.610000
EPOCH 119:
VALIDATION
valid epoch balanced_accuracy: 0.566667
EPOCH 120:
VALIDATION
valid epoch balanced_accuracy: 0.594444
EPOCH 121:
VALIDATION
valid epoch balanced_accuracy: 0.423333
EPOCH 122:
VALIDATION
valid epoch balanced_accuracy: 0.518889
EPOCH 123:
VALIDATION
valid epoch balanced_accuracy: 0.526667
EPOCH 124:
VALIDATION
valid epoch balanced_accuracy: 0.590000
EPOCH 125:
VALIDATION
valid epoch balanced_accuracy: 0.526667
EPOCH 126:
VALIDATION
valid epoch balanced_accuracy: 0.534444
EPOCH 127:
VALIDATION
valid epoch balanced_accuracy: 0.423333
EPOCH 128:
VALIDATION
valid epoch balanced_accuracy: 0.443333
EPOCH 129:
VALIDATION
valid epoch balanced_accuracy: 0.522222
EPOCH 130:
VALIDATION
valid epoch balanced_accuracy: 0.534444
EPOCH 131:
VALIDATION
valid epoch balanced_accuracy: 0.582222
EPOCH 132:
VALIDATION
valid epoch balanced_accuracy: 0.554444
EPOCH 133:
VALIDATION
valid epoch balanced_accuracy: 0.622222
EPOCH 134:
VALIDATION
valid epoch balanced_accuracy: 0.570000
EPOCH 135:
VALIDATION
valid epoch balanced_accuracy: 0.443333
EPOCH 136:
