Waiting for exclusive access to GPU GPU-86f9f34b-a38e-a8e8-7d40-fdd06b86d437.
=== GROUP: lipocalin | VARIANT: no_post_sa_4mlp | SEED: 1 | GPU: Tesla V100-SXM2-32GB ===

number of parameters : 1798734
train : (1085, 12)
valid : (123, 12)
test : (123, 12)
class weights : [1.29474937915802, 0.81456458568573]
data extracted
EPOCH 1:
VALIDATION
valid epoch balanced_accuracy: 0.383055
EPOCH 2:
VALIDATION
valid epoch balanced_accuracy: 0.424770
EPOCH 3:
VALIDATION
valid epoch balanced_accuracy: 0.460155
EPOCH 4:
VALIDATION
valid epoch balanced_accuracy: 0.508343
EPOCH 5:
VALIDATION
valid epoch balanced_accuracy: 0.481732
EPOCH 6:
VALIDATION
valid epoch balanced_accuracy: 0.481732
EPOCH 7:
VALIDATION
valid epoch balanced_accuracy: 0.434839
EPOCH 8:
VALIDATION
valid epoch balanced_accuracy: 0.390679
EPOCH 9:
VALIDATION
valid epoch balanced_accuracy: 0.377014
EPOCH 10:
VALIDATION
valid epoch balanced_accuracy: 0.459148
EPOCH 11:
VALIDATION
valid epoch balanced_accuracy: 0.398734
EPOCH 12:
VALIDATION
valid epoch balanced_accuracy: 0.407509
EPOCH 13:
VALIDATION
valid epoch balanced_accuracy: 0.377014
EPOCH 14:
VALIDATION
valid epoch balanced_accuracy: 0.432825
EPOCH 15:
VALIDATION
valid epoch balanced_accuracy: 0.465621
EPOCH 16:
VALIDATION
valid epoch balanced_accuracy: 0.434983
EPOCH 17:
VALIDATION
valid epoch balanced_accuracy: 0.487198
EPOCH 18:
VALIDATION
valid epoch balanced_accuracy: 0.439154
EPOCH 19:
VALIDATION
valid epoch balanced_accuracy: 0.465621
EPOCH 20:
VALIDATION
valid epoch balanced_accuracy: 0.430236
EPOCH 21:
VALIDATION
valid epoch balanced_accuracy: 0.463176
EPOCH 22:
VALIDATION
valid epoch balanced_accuracy: 0.449223
EPOCH 23:
VALIDATION
valid epoch balanced_accuracy: 0.494822
EPOCH 24:
VALIDATION
valid epoch balanced_accuracy: 0.499856
EPOCH 25:
VALIDATION
valid epoch balanced_accuracy: 0.501151
EPOCH 26:
VALIDATION
valid epoch balanced_accuracy: 0.468067
EPOCH 27:
VALIDATION
valid epoch balanced_accuracy: 0.517405
EPOCH 28:
VALIDATION
valid epoch balanced_accuracy: 0.494678
EPOCH 29:
VALIDATION
valid epoch balanced_accuracy: 0.502445
EPOCH 30:
VALIDATION
valid epoch balanced_accuracy: 0.454114
EPOCH 31:
VALIDATION
valid epoch balanced_accuracy: 0.531358
EPOCH 32:
VALIDATION
valid epoch balanced_accuracy: 0.519994
EPOCH 33:
VALIDATION
valid epoch balanced_accuracy: 0.514960
EPOCH 34:
VALIDATION
valid epoch balanced_accuracy: 0.512371
EPOCH 35:
VALIDATION
valid epoch balanced_accuracy: 0.532509
EPOCH 36:
VALIDATION
valid epoch balanced_accuracy: 0.494678
EPOCH 37:
VALIDATION
valid epoch balanced_accuracy: 0.537543
EPOCH 38:
VALIDATION
valid epoch balanced_accuracy: 0.489499
EPOCH 39:
VALIDATION
valid epoch balanced_accuracy: 0.544016
EPOCH 40:
VALIDATION
valid epoch balanced_accuracy: 0.504747
EPOCH 41:
VALIDATION
valid epoch balanced_accuracy: 0.512371
EPOCH 42:
VALIDATION
valid epoch balanced_accuracy: 0.574367
EPOCH 43:
VALIDATION
valid epoch balanced_accuracy: 0.517405
EPOCH 44:
VALIDATION
valid epoch balanced_accuracy: 0.487054
EPOCH 45:
VALIDATION
valid epoch balanced_accuracy: 0.536392
EPOCH 46:
VALIDATION
valid epoch balanced_accuracy: 0.548907
EPOCH 47:
VALIDATION
valid epoch balanced_accuracy: 0.488493
EPOCH 48:
VALIDATION
valid epoch balanced_accuracy: 0.523734
EPOCH 49:
VALIDATION
valid epoch balanced_accuracy: 0.485903
EPOCH 50:
VALIDATION
valid epoch balanced_accuracy: 0.503596
EPOCH 51:
VALIDATION
valid epoch balanced_accuracy: 0.517549
EPOCH 52:
VALIDATION
valid epoch balanced_accuracy: 0.509925
EPOCH 53:
VALIDATION
valid epoch balanced_accuracy: 0.503596
EPOCH 54:
VALIDATION
valid epoch balanced_accuracy: 0.474540
EPOCH 55:
VALIDATION
valid epoch balanced_accuracy: 0.492232
EPOCH 56:
VALIDATION
valid epoch balanced_accuracy: 0.563003
EPOCH 57:
VALIDATION
valid epoch balanced_accuracy: 0.473101
EPOCH 58:
VALIDATION
valid epoch balanced_accuracy: 0.471807
EPOCH 59:
VALIDATION
valid epoch balanced_accuracy: 0.457998
EPOCH 60:
VALIDATION
valid epoch balanced_accuracy: 0.526323
EPOCH 61:
VALIDATION
valid epoch balanced_accuracy: 0.533803
EPOCH 62:
VALIDATION
valid epoch balanced_accuracy: 0.463032
EPOCH 63:
VALIDATION
valid epoch balanced_accuracy: 0.488493
EPOCH 64:
VALIDATION
valid epoch balanced_accuracy: 0.451812
EPOCH 65:
