=== GROUP: scp2 | VARIANT: bbp_fa_bng_nps3mlp_dpt01_wd0001_gm_plm64_hid64_GRL_dp_rmpft | SEED: 1 | GPU: NVIDIA H100 | SLOT: 2 ===

number of parameters : 1287306
train : (1426, 12)
valid : (43, 12)
test : (43, 12)
class weights : [1.0, 1.0]
balanced batches : 90 per epoch covering all 1426 train rows, target 8 positive + 8 unlabeled
cache warmed : 35 proteins, 409 lipid encodings, 0 lipid graphs, 134 MiB
data extracted
EPOCH 1:
VALIDATION
valid epoch balanced_accuracy: 0.709276
EPOCH 2:
VALIDATION
valid epoch balanced_accuracy: 0.671946
EPOCH 3:
VALIDATION
valid epoch balanced_accuracy: 0.613122
EPOCH 4:
VALIDATION
valid epoch balanced_accuracy: 0.621041
EPOCH 5:
VALIDATION
valid epoch balanced_accuracy: 0.652715
EPOCH 6:
VALIDATION
valid epoch balanced_accuracy: 0.621041
EPOCH 7:
VALIDATION
valid epoch balanced_accuracy: 0.642534
EPOCH 8:
VALIDATION
valid epoch balanced_accuracy: 0.601810
EPOCH 9:
VALIDATION
valid epoch balanced_accuracy: 0.633484
EPOCH 10:
VALIDATION
valid epoch balanced_accuracy: 0.561086
EPOCH 11:
VALIDATION
valid epoch balanced_accuracy: 0.481900
EPOCH 12:
VALIDATION
valid epoch balanced_accuracy: 0.601810
EPOCH 13:
VALIDATION
valid epoch balanced_accuracy: 0.550905
EPOCH 14:
VALIDATION
valid epoch balanced_accuracy: 0.502262
EPOCH 15:
VALIDATION
valid epoch balanced_accuracy: 0.481900
EPOCH 16:
VALIDATION
valid epoch balanced_accuracy: 0.501131
EPOCH 17:
VALIDATION
valid epoch balanced_accuracy: 0.533937
EPOCH 18:
VALIDATION
valid epoch balanced_accuracy: 0.561086
EPOCH 19:
VALIDATION
valid epoch balanced_accuracy: 0.472851
EPOCH 20:
VALIDATION
valid epoch balanced_accuracy: 0.553167
EPOCH 21:
VALIDATION
valid epoch balanced_accuracy: 0.492081
EPOCH 22:
VALIDATION
valid epoch balanced_accuracy: 0.501131
EPOCH 23:
VALIDATION
valid epoch balanced_accuracy: 0.481900
EPOCH 24:
VALIDATION
valid epoch balanced_accuracy: 0.535068
EPOCH 25:
VALIDATION
valid epoch balanced_accuracy: 0.600679
EPOCH 26:
VALIDATION
valid epoch balanced_accuracy: 0.502262
EPOCH 27:
VALIDATION
valid epoch balanced_accuracy: 0.621041
EPOCH 28:
VALIDATION
valid epoch balanced_accuracy: 0.544118
EPOCH 29:
VALIDATION
valid epoch balanced_accuracy: 0.677602
EPOCH 30:
VALIDATION
valid epoch balanced_accuracy: 0.561086
EPOCH 31:
VALIDATION
valid epoch balanced_accuracy: 0.540724
EPOCH 32:
VALIDATION
valid epoch balanced_accuracy: 0.453620
EPOCH 33:
VALIDATION
valid epoch balanced_accuracy: 0.472851
EPOCH 34:
VALIDATION
valid epoch balanced_accuracy: 0.453620
EPOCH 35:
VALIDATION
valid epoch balanced_accuracy: 0.619910
EPOCH 36:
VALIDATION
valid epoch balanced_accuracy: 0.540724
EPOCH 37:
VALIDATION
valid epoch balanced_accuracy: 0.511312
EPOCH 38:
VALIDATION
valid epoch balanced_accuracy: 0.481900
EPOCH 39:
VALIDATION
valid epoch balanced_accuracy: 0.540724
EPOCH 40:
VALIDATION
valid epoch balanced_accuracy: 0.511312
EPOCH 41:
VALIDATION
valid epoch balanced_accuracy: 0.530543
EPOCH 42:
VALIDATION
valid epoch balanced_accuracy: 0.472851
EPOCH 43:
VALIDATION
valid epoch balanced_accuracy: 0.570136
EPOCH 44:
VALIDATION
valid epoch balanced_accuracy: 0.540724
EPOCH 45:
VALIDATION
valid epoch balanced_accuracy: 0.512443
EPOCH 46:
VALIDATION
valid epoch balanced_accuracy: 0.540724
EPOCH 47:
VALIDATION
valid epoch balanced_accuracy: 0.530543
EPOCH 48:
VALIDATION
valid epoch balanced_accuracy: 0.492081
EPOCH 49:
VALIDATION
valid epoch balanced_accuracy: 0.550905
EPOCH 50:
VALIDATION
valid epoch balanced_accuracy: 0.501131
EPOCH 51:
VALIDATION
valid epoch balanced_accuracy: 0.550905
EPOCH 52:
VALIDATION
valid epoch balanced_accuracy: 0.530543
EPOCH 53:
VALIDATION
valid epoch balanced_accuracy: 0.581448
EPOCH 54:
VALIDATION
valid epoch balanced_accuracy: 0.501131
EPOCH 55:
VALIDATION
valid epoch balanced_accuracy: 0.570136
EPOCH 56:
VALIDATION
valid epoch balanced_accuracy: 0.570136
EPOCH 57:
VALIDATION
valid epoch balanced_accuracy: 0.549774
EPOCH 58:
VALIDATION
valid epoch balanced_accuracy: 0.530543
EPOCH 59:
VALIDATION
valid epoch balanced_accuracy: 0.563348
EPOCH 60:
VALIDATION
valid epoch balanced_accuracy: 0.550905
EPOCH 61:
VALIDATION
valid epoch balanced_accuracy: 0.492081
EPOCH 62:
VALIDATION
valid epoch balanced_accuracy: 0.531674
EPOCH 63:
VALIDATION
valid epoch balanced_accuracy: 0.530543
EPOCH 64:
VALIDATION
valid epoch balanced_accuracy: 0.581448
EPOCH 65:
VALIDATION
valid epoch balanced_accuracy: 0.511312
EPOCH 66:
VALIDATION
valid epoch balanced_accuracy: 0.580317
EPOCH 67:
VALIDATION
valid epoch balanced_accuracy: 0.570136
EPOCH 68:
VALIDATION
valid epoch balanced_accuracy: 0.511312
EPOCH 69:
VALIDATION
valid epoch balanced_accuracy: 0.619910
EPOCH 70:
VALIDATION
valid epoch balanced_accuracy: 0.501131
EPOCH 71:
VALIDATION
valid epoch balanced_accuracy: 0.521493
EPOCH 72:
VALIDATION
valid epoch balanced_accuracy: 0.570136
EPOCH 73:
VALIDATION
valid epoch balanced_accuracy: 0.553167
EPOCH 74:
VALIDATION
valid epoch balanced_accuracy: 0.559955
EPOCH 75:
VALIDATION
valid epoch balanced_accuracy: 0.532805
EPOCH 76:
VALIDATION
valid epoch balanced_accuracy: 0.561086
EPOCH 77:
VALIDATION
valid epoch balanced_accuracy: 0.618778
EPOCH 78:
VALIDATION
valid epoch balanced_accuracy: 0.541855
EPOCH 79:
VALIDATION
valid epoch balanced_accuracy: 0.599548
EPOCH 80:
VALIDATION
valid epoch balanced_accuracy: 0.493213
EPOCH 81:
VALIDATION
valid epoch balanced_accuracy: 0.503394
EPOCH 82:
VALIDATION
valid epoch balanced_accuracy: 0.512443
EPOCH 83:
VALIDATION
valid epoch balanced_accuracy: 0.501131
EPOCH 84:
VALIDATION
valid epoch balanced_accuracy: 0.475113
EPOCH 85:
VALIDATION
valid epoch balanced_accuracy: 0.628959
EPOCH 86:
VALIDATION
valid epoch balanced_accuracy: 0.531674
EPOCH 87:
VALIDATION
valid epoch balanced_accuracy: 0.532805
EPOCH 88:
VALIDATION
valid epoch balanced_accuracy: 0.542986
EPOCH 89:
VALIDATION
valid epoch balanced_accuracy: 0.618778
EPOCH 90:
VALIDATION
valid epoch balanced_accuracy: 0.540724
EPOCH 91:
VALIDATION
valid epoch balanced_accuracy: 0.521493
EPOCH 92:
VALIDATION
valid epoch balanced_accuracy: 0.522624
EPOCH 93:
VALIDATION
valid epoch balanced_accuracy: 0.521493
EPOCH 94:
VALIDATION
valid epoch balanced_accuracy: 0.541855
EPOCH 95:
VALIDATION
valid epoch balanced_accuracy: 0.541855
EPOCH 96:
VALIDATION
valid epoch balanced_accuracy: 0.639140
EPOCH 97:
VALIDATION
valid epoch balanced_accuracy: 0.523756
EPOCH 98:
VALIDATION
valid epoch balanced_accuracy: 0.580317
EPOCH 99:
VALIDATION
valid epoch balanced_accuracy: 0.540724
EPOCH 100:
VALIDATION
valid epoch balanced_accuracy: 0.521493
EPOCH 101:
VALIDATION
valid epoch balanced_accuracy: 0.552036
EPOCH 102:
VALIDATION
valid epoch balanced_accuracy: 0.483032
EPOCH 103:
VALIDATION
valid epoch balanced_accuracy: 0.521493
EPOCH 104:
VALIDATION
valid epoch balanced_accuracy: 0.541855
EPOCH 105:
VALIDATION
valid epoch balanced_accuracy: 0.532805
EPOCH 106:
VALIDATION
valid epoch balanced_accuracy: 0.521493
EPOCH 107:
VALIDATION
valid epoch balanced_accuracy: 0.550905
EPOCH 108:
VALIDATION
valid epoch balanced_accuracy: 0.513575
EPOCH 109:
VALIDATION
valid epoch balanced_accuracy: 0.521493
EPOCH 110:
VALIDATION
valid epoch balanced_accuracy: 0.559955
EPOCH 111:
VALIDATION
valid epoch balanced_accuracy: 0.521493
EPOCH 112:
VALIDATION
valid epoch balanced_accuracy: 0.531674
EPOCH 113:
VALIDATION
valid epoch balanced_accuracy: 0.599548
EPOCH 114:
VALIDATION
valid epoch balanced_accuracy: 0.483032
EPOCH 115:
VALIDATION
valid epoch balanced_accuracy: 0.502262
EPOCH 116:
VALIDATION
valid epoch balanced_accuracy: 0.540724
EPOCH 117:
VALIDATION
valid epoch balanced_accuracy: 0.502262
EPOCH 118:
VALIDATION
valid epoch balanced_accuracy: 0.549774
EPOCH 119:
VALIDATION
valid epoch balanced_accuracy: 0.503394
EPOCH 120:
VALIDATION
valid epoch balanced_accuracy: 0.559955
EPOCH 121:
VALIDATION
valid epoch balanced_accuracy: 0.483032
EPOCH 122:
VALIDATION
valid epoch balanced_accuracy: 0.540724
EPOCH 123:
VALIDATION
valid epoch balanced_accuracy: 0.540724
EPOCH 124:
VALIDATION
valid epoch balanced_accuracy: 0.570136
EPOCH 125:
VALIDATION
valid epoch balanced_accuracy: 0.483032
EPOCH 126:
VALIDATION
valid epoch balanced_accuracy: 0.502262
EPOCH 127:
VALIDATION
valid epoch balanced_accuracy: 0.561086
EPOCH 128:
VALIDATION
valid epoch balanced_accuracy: 0.502262
EPOCH 129:
VALIDATION
valid epoch balanced_accuracy: 0.522624
EPOCH 130:
VALIDATION
valid epoch balanced_accuracy: 0.521493
EPOCH 131:
VALIDATION
valid epoch balanced_accuracy: 0.541855
EPOCH 132:
VALIDATION
valid epoch balanced_accuracy: 0.483032
EPOCH 133:
VALIDATION
valid epoch balanced_accuracy: 0.512443
EPOCH 134:
VALIDATION
valid epoch balanced_accuracy: 0.550905
EPOCH 135:
VALIDATION
valid epoch balanced_accuracy: 0.559955
EPOCH 136:
VALIDATION
valid epoch balanced_accuracy: 0.541855
EPOCH 137:
VALIDATION
valid epoch balanced_accuracy: 0.522624
EPOCH 138:
VALIDATION
valid epoch balanced_accuracy: 0.580317
EPOCH 139:
VALIDATION
valid epoch balanced_accuracy: 0.521493
EPOCH 140:
VALIDATION
valid epoch balanced_accuracy: 0.541855
EPOCH 141:
VALIDATION
valid epoch balanced_accuracy: 0.540724
EPOCH 142:
VALIDATION
valid epoch balanced_accuracy: 0.464932
EPOCH 143:
VALIDATION
valid epoch balanced_accuracy: 0.502262
EPOCH 144:
VALIDATION
valid epoch balanced_accuracy: 0.540724
EPOCH 145:
VALIDATION
valid epoch balanced_accuracy: 0.590498
EPOCH 146:
VALIDATION
valid epoch balanced_accuracy: 0.540724
EPOCH 147:
VALIDATION
valid epoch balanced_accuracy: 0.559955
EPOCH 148:
VALIDATION
valid epoch balanced_accuracy: 0.502262
EPOCH 149:
VALIDATION
valid epoch balanced_accuracy: 0.483032
EPOCH 150:
VALIDATION
valid epoch balanced_accuracy: 0.502262
accuracy: 0.395349
sensitivity: 0.384615
precision: 0.500000
specificity: 0.411765
IoU: 0.277778
FAR: 0.588235
F1: 0.434783
balanced_accuracy: 0.398190
loss: 0.687917
