
number of parameters : 1075406
train : (1077, 12)
valid : (128, 12)
test : (129, 12)
class weights : [1.3102189302444458, 0.8085585832595825]
data extracted
EPOCH 1:
VALIDATION
valid epoch balanced_accuracy: 0.493750
EPOCH 2:
VALIDATION
valid epoch balanced_accuracy: 0.550000
EPOCH 3:
VALIDATION
valid epoch balanced_accuracy: 0.462500
EPOCH 4:
VALIDATION
valid epoch balanced_accuracy: 0.500000
EPOCH 5:
VALIDATION
valid epoch balanced_accuracy: 0.481250
EPOCH 6:
VALIDATION
valid epoch balanced_accuracy: 0.468750
EPOCH 7:
VALIDATION
valid epoch balanced_accuracy: 0.514583
EPOCH 8:
VALIDATION
valid epoch balanced_accuracy: 0.485417
EPOCH 9:
VALIDATION
valid epoch balanced_accuracy: 0.552083
EPOCH 10:
VALIDATION
valid epoch balanced_accuracy: 0.518750
EPOCH 11:
VALIDATION
valid epoch balanced_accuracy: 0.577083
EPOCH 12:
VALIDATION
valid epoch balanced_accuracy: 0.506250
EPOCH 13:
VALIDATION
valid epoch balanced_accuracy: 0.489583
EPOCH 14:
VALIDATION
valid epoch balanced_accuracy: 0.429167
EPOCH 15:
VALIDATION
valid epoch balanced_accuracy: 0.622917
EPOCH 16:
VALIDATION
valid epoch balanced_accuracy: 0.543750
EPOCH 17:
VALIDATION
valid epoch balanced_accuracy: 0.518750
EPOCH 18:
VALIDATION
valid epoch balanced_accuracy: 0.537500
EPOCH 19:
VALIDATION
valid epoch balanced_accuracy: 0.625000
EPOCH 20:
VALIDATION
valid epoch balanced_accuracy: 0.493750
EPOCH 21:
VALIDATION
valid epoch balanced_accuracy: 0.443750
EPOCH 22:
VALIDATION
valid epoch balanced_accuracy: 0.554167
EPOCH 23:
VALIDATION
valid epoch balanced_accuracy: 0.593750
EPOCH 24:
VALIDATION
valid epoch balanced_accuracy: 0.533333
EPOCH 25:
VALIDATION
valid epoch balanced_accuracy: 0.533333
EPOCH 26:
VALIDATION
valid epoch balanced_accuracy: 0.570833
EPOCH 27:
VALIDATION
valid epoch balanced_accuracy: 0.479167
EPOCH 28:
VALIDATION
valid epoch balanced_accuracy: 0.495833
EPOCH 29:
VALIDATION
valid epoch balanced_accuracy: 0.500000
EPOCH 30:
VALIDATION
valid epoch balanced_accuracy: 0.608333
EPOCH 31:
VALIDATION
valid epoch balanced_accuracy: 0.560417
EPOCH 32:
VALIDATION
valid epoch balanced_accuracy: 0.543750
EPOCH 33:
VALIDATION
valid epoch balanced_accuracy: 0.481250
EPOCH 34:
VALIDATION
valid epoch balanced_accuracy: 0.495833
EPOCH 35:
VALIDATION
valid epoch balanced_accuracy: 0.520833
EPOCH 36:
VALIDATION
valid epoch balanced_accuracy: 0.479167
EPOCH 37:
VALIDATION
valid epoch balanced_accuracy: 0.577083
EPOCH 38:
VALIDATION
valid epoch balanced_accuracy: 0.560417
EPOCH 39:
VALIDATION
valid epoch balanced_accuracy: 0.600000
EPOCH 40:
VALIDATION
valid epoch balanced_accuracy: 0.583333
EPOCH 41:
VALIDATION
valid epoch balanced_accuracy: 0.481250
EPOCH 42:
VALIDATION
valid epoch balanced_accuracy: 0.516667
EPOCH 43:
VALIDATION
valid epoch balanced_accuracy: 0.477083
EPOCH 44:
VALIDATION
valid epoch balanced_accuracy: 0.618750
EPOCH 45:
VALIDATION
valid epoch balanced_accuracy: 0.562500
EPOCH 46:
VALIDATION
valid epoch balanced_accuracy: 0.670833
EPOCH 47:
VALIDATION
valid epoch balanced_accuracy: 0.583333
EPOCH 48:
VALIDATION
valid epoch balanced_accuracy: 0.606250
EPOCH 49:
VALIDATION
valid epoch balanced_accuracy: 0.597917
EPOCH 50:
VALIDATION
valid epoch balanced_accuracy: 0.585417
EPOCH 51:
VALIDATION
valid epoch balanced_accuracy: 0.620833
EPOCH 52:
VALIDATION
valid epoch balanced_accuracy: 0.635417
EPOCH 53:
VALIDATION
valid epoch balanced_accuracy: 0.560417
EPOCH 54:
VALIDATION
valid epoch balanced_accuracy: 0.556250
EPOCH 55:
VALIDATION
valid epoch balanced_accuracy: 0.493750
EPOCH 56:
VALIDATION
valid epoch balanced_accuracy: 0.554167
EPOCH 57:
VALIDATION
valid epoch balanced_accuracy: 0.497917
EPOCH 58:
VALIDATION
valid epoch balanced_accuracy: 0.575000
EPOCH 59:
VALIDATION
valid epoch balanced_accuracy: 0.522917
EPOCH 60:
VALIDATION
valid epoch balanced_accuracy: 0.545833
EPOCH 61:
VALIDATION
valid epoch balanced_accuracy: 0.506250
EPOCH 62:
VALIDATION
valid epoch balanced_accuracy: 0.489583
EPOCH 63:
VALIDATION
valid epoch balanced_accuracy: 0.593750
EPOCH 64:
VALIDATION
valid epoch balanced_accuracy: 0.466667
EPOCH 65:
VALIDATION
valid epoch balanced_accuracy: 0.562500
EPOCH 66:
VALIDATION
valid epoch balanced_accuracy: 0.502083
EPOCH 67:
VALIDATION
valid epoch balanced_accuracy: 0.562500
EPOCH 68:
VALIDATION
valid epoch balanced_accuracy: 0.522917
EPOCH 69:
VALIDATION
valid epoch balanced_accuracy: 0.554167
EPOCH 70:
VALIDATION
valid epoch balanced_accuracy: 0.562500
EPOCH 71:
VALIDATION
valid epoch balanced_accuracy: 0.487500
EPOCH 72:
VALIDATION
valid epoch balanced_accuracy: 0.514583
EPOCH 73:
VALIDATION
valid epoch balanced_accuracy: 0.460417
EPOCH 74:
VALIDATION
valid epoch balanced_accuracy: 0.466667
EPOCH 75:
VALIDATION
valid epoch balanced_accuracy: 0.522917
EPOCH 76:
VALIDATION
valid epoch balanced_accuracy: 0.529167
EPOCH 77:
VALIDATION
valid epoch balanced_accuracy: 0.525000
EPOCH 78:
VALIDATION
valid epoch balanced_accuracy: 0.537500
EPOCH 79:
VALIDATION
valid epoch balanced_accuracy: 0.543750
EPOCH 80:
VALIDATION
valid epoch balanced_accuracy: 0.550000
EPOCH 81:
VALIDATION
valid epoch balanced_accuracy: 0.579167
EPOCH 82:
VALIDATION
valid epoch balanced_accuracy: 0.633333
EPOCH 83:
VALIDATION
valid epoch balanced_accuracy: 0.475000
EPOCH 84:
VALIDATION
valid epoch balanced_accuracy: 0.531250
EPOCH 85:
VALIDATION
valid epoch balanced_accuracy: 0.514583
EPOCH 86:
VALIDATION
valid epoch balanced_accuracy: 0.529167
EPOCH 87:
VALIDATION
valid epoch balanced_accuracy: 0.543750
EPOCH 88:
VALIDATION
valid epoch balanced_accuracy: 0.550000
EPOCH 89:
VALIDATION
valid epoch balanced_accuracy: 0.514583
EPOCH 90:
VALIDATION
valid epoch balanced_accuracy: 0.606250
EPOCH 91:
VALIDATION
valid epoch balanced_accuracy: 0.489583
EPOCH 92:
VALIDATION
valid epoch balanced_accuracy: 0.570833
EPOCH 93:
VALIDATION
valid epoch balanced_accuracy: 0.497917
EPOCH 94:
VALIDATION
valid epoch balanced_accuracy: 0.502083
EPOCH 95:
VALIDATION
valid epoch balanced_accuracy: 0.495833
EPOCH 96:
VALIDATION
valid epoch balanced_accuracy: 0.500000
EPOCH 97:
VALIDATION
valid epoch balanced_accuracy: 0.660417
EPOCH 98:
VALIDATION
valid epoch balanced_accuracy: 0.537500
EPOCH 99:
VALIDATION
valid epoch balanced_accuracy: 0.581250
EPOCH 100:
VALIDATION
valid epoch balanced_accuracy: 0.583333
EPOCH 101:
VALIDATION
valid epoch balanced_accuracy: 0.575000
EPOCH 102:
VALIDATION
valid epoch balanced_accuracy: 0.631250
EPOCH 103:
VALIDATION
valid epoch balanced_accuracy: 0.602083
EPOCH 104:
VALIDATION
valid epoch balanced_accuracy: 0.608333
EPOCH 105:
VALIDATION
valid epoch balanced_accuracy: 0.633333
EPOCH 106:
VALIDATION
valid epoch balanced_accuracy: 0.637500
EPOCH 107:
VALIDATION
valid epoch balanced_accuracy: 0.627083
EPOCH 108:
VALIDATION
valid epoch balanced_accuracy: 0.608333
EPOCH 109:
VALIDATION
valid epoch balanced_accuracy: 0.604167
EPOCH 110:
VALIDATION
valid epoch balanced_accuracy: 0.597917
EPOCH 111:
VALIDATION
valid epoch balanced_accuracy: 0.612500
EPOCH 112:
VALIDATION
valid epoch balanced_accuracy: 0.627083
EPOCH 113:
VALIDATION
valid epoch balanced_accuracy: 0.614583
EPOCH 114:
VALIDATION
valid epoch balanced_accuracy: 0.600000
EPOCH 115:
VALIDATION
valid epoch balanced_accuracy: 0.612500
EPOCH 116:
VALIDATION
valid epoch balanced_accuracy: 0.616667
EPOCH 117:
VALIDATION
valid epoch balanced_accuracy: 0.652083
EPOCH 118:
VALIDATION
valid epoch balanced_accuracy: 0.627083
EPOCH 119:
VALIDATION
valid epoch balanced_accuracy: 0.679167
EPOCH 120:
VALIDATION
valid epoch balanced_accuracy: 0.641667
EPOCH 121:
VALIDATION
valid epoch balanced_accuracy: 0.545833
EPOCH 122:
VALIDATION
valid epoch balanced_accuracy: 0.454167
EPOCH 123:
VALIDATION
valid epoch balanced_accuracy: 0.491667
EPOCH 124:
VALIDATION
valid epoch balanced_accuracy: 0.591667
EPOCH 125:
VALIDATION
valid epoch balanced_accuracy: 0.552083
EPOCH 126:
VALIDATION
valid epoch balanced_accuracy: 0.602083
EPOCH 127:
VALIDATION
valid epoch balanced_accuracy: 0.652083
EPOCH 128:
VALIDATION
valid epoch balanced_accuracy: 0.597917
EPOCH 129:
VALIDATION
valid epoch balanced_accuracy: 0.700000
EPOCH 130:
VALIDATION
valid epoch balanced_accuracy: 0.506250
EPOCH 131:
VALIDATION
valid epoch balanced_accuracy: 0.570833
EPOCH 132:
VALIDATION
valid epoch balanced_accuracy: 0.456250
EPOCH 133:
VALIDATION
valid epoch balanced_accuracy: 0.477083
EPOCH 134:
VALIDATION
valid epoch balanced_accuracy: 0.450000
EPOCH 135:
VALIDATION
valid epoch balanced_accuracy: 0.475000
EPOCH 136:
VALIDATION
valid epoch balanced_accuracy: 0.464583
EPOCH 137:
VALIDATION
valid epoch balanced_accuracy: 0.485417
EPOCH 138:
VALIDATION
valid epoch balanced_accuracy: 0.610417
EPOCH 139:
VALIDATION
valid epoch balanced_accuracy: 0.537500
EPOCH 140:
VALIDATION
valid epoch balanced_accuracy: 0.589583
EPOCH 141:
VALIDATION
valid epoch balanced_accuracy: 0.581250
EPOCH 142:
VALIDATION
valid epoch balanced_accuracy: 0.589583
EPOCH 143:
VALIDATION
valid epoch balanced_accuracy: 0.602083
EPOCH 144:
VALIDATION
valid epoch balanced_accuracy: 0.589583
EPOCH 145:
VALIDATION
valid epoch balanced_accuracy: 0.587500
EPOCH 146:
VALIDATION
valid epoch balanced_accuracy: 0.572917
EPOCH 147:
VALIDATION
valid epoch balanced_accuracy: 0.595833
EPOCH 148:
VALIDATION
valid epoch balanced_accuracy: 0.560417
EPOCH 149:
VALIDATION
valid epoch balanced_accuracy: 0.612500
EPOCH 150:
VALIDATION
valid epoch balanced_accuracy: 0.531250
accuracy: 0.674419
sensitivity: 0.571429
precision: 0.500000
specificity: 0.724138
IoU: 0.363636
FAR: 0.275862
F1: 0.533333
balanced_accuracy: 0.647783
loss: 1.190790
