
number of parameters : 1098455
train : (1246, 12)
valid : (42, 12)
test : (43, 12)
class weights : [1.1688555479049683, 0.8737727999687195]
data extracted
EPOCH 1:
VALIDATION
valid epoch balanced_accuracy: 0.627273
EPOCH 2:
VALIDATION
valid epoch balanced_accuracy: 0.522727
EPOCH 3:
VALIDATION
valid epoch balanced_accuracy: 0.531818
EPOCH 4:
VALIDATION
valid epoch balanced_accuracy: 0.559091
EPOCH 5:
VALIDATION
valid epoch balanced_accuracy: 0.511364
EPOCH 6:
VALIDATION
valid epoch balanced_accuracy: 0.543182
EPOCH 7:
VALIDATION
valid epoch balanced_accuracy: 0.554545
EPOCH 8:
VALIDATION
valid epoch balanced_accuracy: 0.586364
EPOCH 9:
VALIDATION
valid epoch balanced_accuracy: 0.581818
EPOCH 10:
VALIDATION
valid epoch balanced_accuracy: 0.450000
EPOCH 11:
VALIDATION
valid epoch balanced_accuracy: 0.450000
EPOCH 12:
VALIDATION
valid epoch balanced_accuracy: 0.600000
EPOCH 13:
VALIDATION
valid epoch balanced_accuracy: 0.513636
EPOCH 14:
VALIDATION
valid epoch balanced_accuracy: 0.459091
EPOCH 15:
VALIDATION
valid epoch balanced_accuracy: 0.440909
EPOCH 16:
VALIDATION
valid epoch balanced_accuracy: 0.534091
EPOCH 17:
VALIDATION
valid epoch balanced_accuracy: 0.493182
EPOCH 18:
VALIDATION
valid epoch balanced_accuracy: 0.506818
EPOCH 19:
VALIDATION
valid epoch balanced_accuracy: 0.479545
EPOCH 20:
VALIDATION
valid epoch balanced_accuracy: 0.534091
EPOCH 21:
VALIDATION
valid epoch balanced_accuracy: 0.490909
EPOCH 22:
VALIDATION
valid epoch balanced_accuracy: 0.561364
EPOCH 23:
VALIDATION
valid epoch balanced_accuracy: 0.529545
EPOCH 24:
VALIDATION
valid epoch balanced_accuracy: 0.584091
EPOCH 25:
VALIDATION
valid epoch balanced_accuracy: 0.538636
EPOCH 26:
VALIDATION
valid epoch balanced_accuracy: 0.438636
EPOCH 27:
VALIDATION
valid epoch balanced_accuracy: 0.481818
EPOCH 28:
VALIDATION
valid epoch balanced_accuracy: 0.495455
EPOCH 29:
VALIDATION
valid epoch balanced_accuracy: 0.481818
EPOCH 30:
VALIDATION
valid epoch balanced_accuracy: 0.506818
EPOCH 31:
VALIDATION
valid epoch balanced_accuracy: 0.445455
EPOCH 32:
VALIDATION
valid epoch balanced_accuracy: 0.531818
EPOCH 33:
VALIDATION
valid epoch balanced_accuracy: 0.563636
EPOCH 34:
VALIDATION
valid epoch balanced_accuracy: 0.488636
EPOCH 35:
VALIDATION
valid epoch balanced_accuracy: 0.531818
EPOCH 36:
VALIDATION
valid epoch balanced_accuracy: 0.634091
EPOCH 37:
VALIDATION
valid epoch balanced_accuracy: 0.556818
EPOCH 38:
VALIDATION
valid epoch balanced_accuracy: 0.531818
EPOCH 39:
VALIDATION
valid epoch balanced_accuracy: 0.586364
EPOCH 40:
VALIDATION
valid epoch balanced_accuracy: 0.534091
EPOCH 41:
VALIDATION
valid epoch balanced_accuracy: 0.506818
EPOCH 42:
VALIDATION
valid epoch balanced_accuracy: 0.559091
EPOCH 43:
VALIDATION
valid epoch balanced_accuracy: 0.559091
EPOCH 44:
VALIDATION
valid epoch balanced_accuracy: 0.509091
EPOCH 45:
VALIDATION
valid epoch balanced_accuracy: 0.490909
EPOCH 46:
VALIDATION
valid epoch balanced_accuracy: 0.481818
EPOCH 47:
VALIDATION
valid epoch balanced_accuracy: 0.556818
EPOCH 48:
VALIDATION
valid epoch balanced_accuracy: 0.579545
EPOCH 49:
VALIDATION
valid epoch balanced_accuracy: 0.609091
EPOCH 50:
VALIDATION
valid epoch balanced_accuracy: 0.534091
EPOCH 51:
VALIDATION
valid epoch balanced_accuracy: 0.538636
EPOCH 52:
VALIDATION
valid epoch balanced_accuracy: 0.579545
EPOCH 53:
VALIDATION
valid epoch balanced_accuracy: 0.565909
EPOCH 54:
VALIDATION
valid epoch balanced_accuracy: 0.538636
EPOCH 55:
VALIDATION
valid epoch balanced_accuracy: 0.536364
EPOCH 56:
VALIDATION
valid epoch balanced_accuracy: 0.606818
EPOCH 57:
VALIDATION
valid epoch balanced_accuracy: 0.590909
EPOCH 58:
VALIDATION
valid epoch balanced_accuracy: 0.581818
EPOCH 59:
VALIDATION
valid epoch balanced_accuracy: 0.527273
EPOCH 60:
VALIDATION
valid epoch balanced_accuracy: 0.734091
EPOCH 61:
VALIDATION
valid epoch balanced_accuracy: 0.504545
EPOCH 62:
VALIDATION
valid epoch balanced_accuracy: 0.709091
EPOCH 63:
VALIDATION
valid epoch balanced_accuracy: 0.609091
EPOCH 64:
VALIDATION
valid epoch balanced_accuracy: 0.618182
EPOCH 65:
VALIDATION
valid epoch balanced_accuracy: 0.579545
EPOCH 66:
VALIDATION
valid epoch balanced_accuracy: 0.536364
EPOCH 67:
VALIDATION
valid epoch balanced_accuracy: 0.575000
EPOCH 68:
VALIDATION
valid epoch balanced_accuracy: 0.613636
EPOCH 69:
VALIDATION
valid epoch balanced_accuracy: 0.538636
EPOCH 70:
VALIDATION
valid epoch balanced_accuracy: 0.531818
EPOCH 71:
VALIDATION
valid epoch balanced_accuracy: 0.609091
EPOCH 72:
VALIDATION
valid epoch balanced_accuracy: 0.636364
EPOCH 73:
VALIDATION
valid epoch balanced_accuracy: 0.584091
EPOCH 74:
VALIDATION
valid epoch balanced_accuracy: 0.634091
EPOCH 75:
VALIDATION
valid epoch balanced_accuracy: 0.504545
EPOCH 76:
VALIDATION
valid epoch balanced_accuracy: 0.500000
EPOCH 77:
VALIDATION
valid epoch balanced_accuracy: 0.502273
EPOCH 78:
VALIDATION
valid epoch balanced_accuracy: 0.577273
EPOCH 79:
VALIDATION
valid epoch balanced_accuracy: 0.538636
EPOCH 80:
VALIDATION
valid epoch balanced_accuracy: 0.579545
EPOCH 81:
VALIDATION
valid epoch balanced_accuracy: 0.502273
EPOCH 82:
VALIDATION
valid epoch balanced_accuracy: 0.529545
EPOCH 83:
VALIDATION
valid epoch balanced_accuracy: 0.581818
EPOCH 84:
VALIDATION
valid epoch balanced_accuracy: 0.611364
EPOCH 85:
VALIDATION
valid epoch balanced_accuracy: 0.550000
EPOCH 86:
VALIDATION
valid epoch balanced_accuracy: 0.552273
EPOCH 87:
VALIDATION
valid epoch balanced_accuracy: 0.531818
EPOCH 88:
VALIDATION
valid epoch balanced_accuracy: 0.552273
EPOCH 89:
VALIDATION
valid epoch balanced_accuracy: 0.550000
EPOCH 90:
VALIDATION
valid epoch balanced_accuracy: 0.479545
EPOCH 91:
VALIDATION
valid epoch balanced_accuracy: 0.631818
EPOCH 92:
VALIDATION
valid epoch balanced_accuracy: 0.525000
EPOCH 93:
VALIDATION
valid epoch balanced_accuracy: 0.579545
EPOCH 94:
VALIDATION
valid epoch balanced_accuracy: 0.552273
EPOCH 95:
VALIDATION
valid epoch balanced_accuracy: 0.504545
EPOCH 96:
VALIDATION
valid epoch balanced_accuracy: 0.586364
EPOCH 97:
VALIDATION
valid epoch balanced_accuracy: 0.577273
EPOCH 98:
VALIDATION
valid epoch balanced_accuracy: 0.554545
EPOCH 99:
VALIDATION
valid epoch balanced_accuracy: 0.527273
EPOCH 100:
VALIDATION
valid epoch balanced_accuracy: 0.606818
EPOCH 101:
VALIDATION
valid epoch balanced_accuracy: 0.654545
EPOCH 102:
VALIDATION
valid epoch balanced_accuracy: 0.531818
EPOCH 103:
VALIDATION
valid epoch balanced_accuracy: 0.561364
EPOCH 104:
VALIDATION
valid epoch balanced_accuracy: 0.577273
EPOCH 105:
VALIDATION
valid epoch balanced_accuracy: 0.559091
EPOCH 106:
VALIDATION
valid epoch balanced_accuracy: 0.615909
EPOCH 107:
VALIDATION
valid epoch balanced_accuracy: 0.552273
EPOCH 108:
VALIDATION
valid epoch balanced_accuracy: 0.577273
EPOCH 109:
VALIDATION
valid epoch balanced_accuracy: 0.552273
EPOCH 110:
VALIDATION
valid epoch balanced_accuracy: 0.525000
EPOCH 111:
VALIDATION
valid epoch balanced_accuracy: 0.611364
EPOCH 112:
VALIDATION
valid epoch balanced_accuracy: 0.565909
EPOCH 113:
VALIDATION
valid epoch balanced_accuracy: 0.531818
EPOCH 114:
VALIDATION
valid epoch balanced_accuracy: 0.554545
EPOCH 115:
VALIDATION
valid epoch balanced_accuracy: 0.506818
EPOCH 116:
VALIDATION
valid epoch balanced_accuracy: 0.504545
EPOCH 117:
VALIDATION
valid epoch balanced_accuracy: 0.506818
EPOCH 118:
VALIDATION
valid epoch balanced_accuracy: 0.484091
EPOCH 119:
VALIDATION
valid epoch balanced_accuracy: 0.502273
EPOCH 120:
VALIDATION
valid epoch balanced_accuracy: 0.506818
EPOCH 121:
VALIDATION
valid epoch balanced_accuracy: 0.502273
EPOCH 122:
VALIDATION
valid epoch balanced_accuracy: 0.509091
EPOCH 123:
VALIDATION
valid epoch balanced_accuracy: 0.502273
EPOCH 124:
VALIDATION
valid epoch balanced_accuracy: 0.531818
EPOCH 125:
VALIDATION
valid epoch balanced_accuracy: 0.502273
EPOCH 126:
VALIDATION
valid epoch balanced_accuracy: 0.561364
EPOCH 127:
VALIDATION
valid epoch balanced_accuracy: 0.509091
EPOCH 128:
VALIDATION
valid epoch balanced_accuracy: 0.502273
EPOCH 129:
VALIDATION
valid epoch balanced_accuracy: 0.502273
EPOCH 130:
VALIDATION
valid epoch balanced_accuracy: 0.438636
EPOCH 131:
VALIDATION
valid epoch balanced_accuracy: 0.525000
EPOCH 132:
VALIDATION
valid epoch balanced_accuracy: 0.556818
EPOCH 133:
VALIDATION
valid epoch balanced_accuracy: 0.556818
EPOCH 134:
VALIDATION
valid epoch balanced_accuracy: 0.454545
EPOCH 135:
VALIDATION
valid epoch balanced_accuracy: 0.579545
EPOCH 136:
VALIDATION
valid epoch balanced_accuracy: 0.550000
EPOCH 137:
VALIDATION
valid epoch balanced_accuracy: 0.584091
EPOCH 138:
VALIDATION
valid epoch balanced_accuracy: 0.552273
EPOCH 139:
VALIDATION
valid epoch balanced_accuracy: 0.550000
EPOCH 140:
VALIDATION
valid epoch balanced_accuracy: 0.502273
EPOCH 141:
VALIDATION
valid epoch balanced_accuracy: 0.525000
EPOCH 142:
VALIDATION
valid epoch balanced_accuracy: 0.600000
EPOCH 143:
VALIDATION
valid epoch balanced_accuracy: 0.525000
EPOCH 144:
VALIDATION
valid epoch balanced_accuracy: 0.502273
EPOCH 145:
VALIDATION
valid epoch balanced_accuracy: 0.552273
EPOCH 146:
VALIDATION
valid epoch balanced_accuracy: 0.502273
EPOCH 147:
VALIDATION
valid epoch balanced_accuracy: 0.502273
EPOCH 148:
VALIDATION
valid epoch balanced_accuracy: 0.502273
EPOCH 149:
VALIDATION
valid epoch balanced_accuracy: 0.525000
EPOCH 150:
VALIDATION
valid epoch balanced_accuracy: 0.552273
accuracy: 0.604651
sensitivity: 0.521739
precision: 0.666667
specificity: 0.700000
IoU: 0.413793
FAR: 0.300000
F1: 0.585366
balanced_accuracy: 0.610870
loss: 1.992076
Traceback (most recent call last):
  File "/home/kalinina/DL_project/./training/new_train.py", line 808, in <module>
    run_test(run_summary)
  File "/home/kalinina/DL_project/./training/new_train.py", line 736, in run_test
    append_metric(
  File "/home/kalinina/DL_project/append_metric_to_table.py", line 31, in append_metric
    upsert_row(table, row)
  File "/home/kalinina/DL_project/build_metrics_table.py", line 691, in upsert_row
    with _table_lock(table_path):
  File "/home/kalinina/.conda/envs/Kalinin_project_LP/lib/python3.10/contextlib.py", line 135, in __enter__
    return next(self.gen)
  File "/home/kalinina/DL_project/build_metrics_table.py", line 680, in _table_lock
    table_path.parent.mkdir(parents=True, exist_ok=True)
AttributeError: 'str' object has no attribute 'parent'
