Waiting for exclusive access to GPU GPU-d5bb7f78-734e-955a-e73d-007c399f84e6.
=== GROUP: GLTP | VARIANT: nps3mlp_dpt015 | SEED: 0 | GPU: Tesla V100-SXM2-32GB ===

number of parameters : 1403982
train : (1221, 12)
valid : (55, 12)
test : (55, 12)
class weights : [1.1181318759918213, 0.9044444561004639]
data extracted
EPOCH 1:
VALIDATION
valid epoch balanced_accuracy: 0.500000
EPOCH 2:
VALIDATION
valid epoch balanced_accuracy: 0.207875
EPOCH 3:
VALIDATION
valid epoch balanced_accuracy: 0.174908
EPOCH 4:
VALIDATION
valid epoch balanced_accuracy: 0.136447
EPOCH 5:
VALIDATION
valid epoch balanced_accuracy: 0.136447
EPOCH 6:
VALIDATION
valid epoch balanced_accuracy: 0.136447
EPOCH 7:
VALIDATION
valid epoch balanced_accuracy: 0.136447
EPOCH 8:
VALIDATION
valid epoch balanced_accuracy: 0.112637
EPOCH 9:
VALIDATION
valid epoch balanced_accuracy: 0.151099
EPOCH 10:
VALIDATION
valid epoch balanced_accuracy: 0.189560
EPOCH 11:
VALIDATION
valid epoch balanced_accuracy: 0.086081
EPOCH 12:
VALIDATION
valid epoch balanced_accuracy: 0.420330
EPOCH 13:
VALIDATION
valid epoch balanced_accuracy: 0.189560
EPOCH 14:
VALIDATION
valid epoch balanced_accuracy: 0.331502
EPOCH 15:
VALIDATION
valid epoch balanced_accuracy: 0.174908
EPOCH 16:
VALIDATION
valid epoch balanced_accuracy: 0.331502
EPOCH 17:
VALIDATION
valid epoch balanced_accuracy: 0.151099
EPOCH 18:
VALIDATION
valid epoch balanced_accuracy: 0.151099
EPOCH 19:
VALIDATION
valid epoch balanced_accuracy: 0.228022
EPOCH 20:
VALIDATION
valid epoch balanced_accuracy: 0.381868
EPOCH 21:
VALIDATION
valid epoch balanced_accuracy: 0.266484
EPOCH 22:
VALIDATION
valid epoch balanced_accuracy: 0.266484
EPOCH 23:
VALIDATION
valid epoch balanced_accuracy: 0.331502
EPOCH 24:
VALIDATION
valid epoch balanced_accuracy: 0.304945
EPOCH 25:
VALIDATION
valid epoch balanced_accuracy: 0.228022
EPOCH 26:
VALIDATION
valid epoch balanced_accuracy: 0.266484
EPOCH 27:
VALIDATION
valid epoch balanced_accuracy: 0.343407
EPOCH 28:
VALIDATION
valid epoch balanced_accuracy: 0.381868
EPOCH 29:
VALIDATION
valid epoch balanced_accuracy: 0.343407
EPOCH 30:
VALIDATION
valid epoch balanced_accuracy: 0.343407
EPOCH 31:
VALIDATION
valid epoch balanced_accuracy: 0.369963
EPOCH 32:
VALIDATION
valid epoch balanced_accuracy: 0.228022
EPOCH 33:
VALIDATION
valid epoch balanced_accuracy: 0.304945
EPOCH 34:
VALIDATION
valid epoch balanced_accuracy: 0.420330
EPOCH 35:
VALIDATION
valid epoch balanced_accuracy: 0.381868
EPOCH 36:
VALIDATION
valid epoch balanced_accuracy: 0.381868
EPOCH 37:
VALIDATION
valid epoch balanced_accuracy: 0.343407
EPOCH 38:
VALIDATION
valid epoch balanced_accuracy: 0.124542
EPOCH 39:
VALIDATION
valid epoch balanced_accuracy: 0.381868
EPOCH 40:
VALIDATION
valid epoch balanced_accuracy: 0.304945
EPOCH 41:
VALIDATION
valid epoch balanced_accuracy: 0.266484
EPOCH 42:
VALIDATION
valid epoch balanced_accuracy: 0.343407
EPOCH 43:
VALIDATION
valid epoch balanced_accuracy: 0.266484
EPOCH 44:
VALIDATION
valid epoch balanced_accuracy: 0.381868
EPOCH 45:
VALIDATION
valid epoch balanced_accuracy: 0.304945
EPOCH 46:
VALIDATION
valid epoch balanced_accuracy: 0.343407
EPOCH 47:
VALIDATION
valid epoch balanced_accuracy: 0.266484
EPOCH 48:
VALIDATION
valid epoch balanced_accuracy: 0.228022
EPOCH 49:
VALIDATION
valid epoch balanced_accuracy: 0.369963
EPOCH 50:
VALIDATION
valid epoch balanced_accuracy: 0.393773
EPOCH 51:
VALIDATION
valid epoch balanced_accuracy: 0.304945
EPOCH 52:
VALIDATION
valid epoch balanced_accuracy: 0.343407
EPOCH 53:
VALIDATION
valid epoch balanced_accuracy: 0.316850
EPOCH 54:
VALIDATION
valid epoch balanced_accuracy: 0.381868
EPOCH 55:
VALIDATION
valid epoch balanced_accuracy: 0.228022
EPOCH 56:
VALIDATION
valid epoch balanced_accuracy: 0.343407
EPOCH 57:
VALIDATION
valid epoch balanced_accuracy: 0.266484
EPOCH 58:
VALIDATION
valid epoch balanced_accuracy: 0.343407
EPOCH 59:
VALIDATION
valid epoch balanced_accuracy: 0.343407
EPOCH 60:
VALIDATION
valid epoch balanced_accuracy: 0.228022
EPOCH 61:
VALIDATION
valid epoch balanced_accuracy: 0.228022
EPOCH 62:
VALIDATION
valid epoch balanced_accuracy: 0.266484
EPOCH 63:
VALIDATION
valid epoch balanced_accuracy: 0.343407
EPOCH 64:
VALIDATION
valid epoch balanced_accuracy: 0.316850
EPOCH 65:
VALIDATION
valid epoch balanced_accuracy: 0.381868
EPOCH 66:
VALIDATION
valid epoch balanced_accuracy: 0.239927
EPOCH 67:
VALIDATION
valid epoch balanced_accuracy: 0.266484
EPOCH 68:
VALIDATION
valid epoch balanced_accuracy: 0.355311
EPOCH 69:
VALIDATION
valid epoch balanced_accuracy: 0.278388
EPOCH 70:
VALIDATION
valid epoch balanced_accuracy: 0.278388
EPOCH 71:
VALIDATION
valid epoch balanced_accuracy: 0.381868
EPOCH 72:
VALIDATION
valid epoch balanced_accuracy: 0.278388
EPOCH 73:
VALIDATION
valid epoch balanced_accuracy: 0.304945
EPOCH 74:
VALIDATION
valid epoch balanced_accuracy: 0.201465
EPOCH 75:
VALIDATION
valid epoch balanced_accuracy: 0.304945
EPOCH 76:
VALIDATION
valid epoch balanced_accuracy: 0.228022
EPOCH 77:
VALIDATION
valid epoch balanced_accuracy: 0.304945
EPOCH 78:
VALIDATION
valid epoch balanced_accuracy: 0.304945
EPOCH 79:
VALIDATION
valid epoch balanced_accuracy: 0.266484
EPOCH 80:
VALIDATION
valid epoch balanced_accuracy: 0.304945
EPOCH 81:
VALIDATION
valid epoch balanced_accuracy: 0.343407
EPOCH 82:
VALIDATION
valid epoch balanced_accuracy: 0.201465
EPOCH 83:
VALIDATION
valid epoch balanced_accuracy: 0.228022
EPOCH 84:
VALIDATION
valid epoch balanced_accuracy: 0.381868
EPOCH 85:
VALIDATION
valid epoch balanced_accuracy: 0.343407
EPOCH 86:
VALIDATION
valid epoch balanced_accuracy: 0.343407
EPOCH 87:
VALIDATION
valid epoch balanced_accuracy: 0.266484
EPOCH 88:
VALIDATION
valid epoch balanced_accuracy: 0.343407
EPOCH 89:
VALIDATION
valid epoch balanced_accuracy: 0.381868
EPOCH 90:
VALIDATION
valid epoch balanced_accuracy: 0.381868
EPOCH 91:
VALIDATION
valid epoch balanced_accuracy: 0.381868
EPOCH 92:
VALIDATION
valid epoch balanced_accuracy: 0.381868
EPOCH 93:
VALIDATION
valid epoch balanced_accuracy: 0.304945
EPOCH 94:
VALIDATION
valid epoch balanced_accuracy: 0.266484
EPOCH 95:
VALIDATION
valid epoch balanced_accuracy: 0.381868
EPOCH 96:
VALIDATION
valid epoch balanced_accuracy: 0.343407
EPOCH 97:
VALIDATION
valid epoch balanced_accuracy: 0.343407
EPOCH 98:
VALIDATION
valid epoch balanced_accuracy: 0.381868
EPOCH 99:
VALIDATION
valid epoch balanced_accuracy: 0.381868
EPOCH 100:
VALIDATION
valid epoch balanced_accuracy: 0.381868
EPOCH 101:
VALIDATION
valid epoch balanced_accuracy: 0.201465
EPOCH 102:
VALIDATION
valid epoch balanced_accuracy: 0.331502
EPOCH 103:
VALIDATION
valid epoch balanced_accuracy: 0.304945
EPOCH 104:
VALIDATION
valid epoch balanced_accuracy: 0.316850
EPOCH 105:
VALIDATION
valid epoch balanced_accuracy: 0.393773
EPOCH 106:
VALIDATION
valid epoch balanced_accuracy: 0.381868
EPOCH 107:
VALIDATION
valid epoch balanced_accuracy: 0.381868
EPOCH 108:
VALIDATION
valid epoch balanced_accuracy: 0.381868
EPOCH 109:
VALIDATION
valid epoch balanced_accuracy: 0.343407
EPOCH 110:
VALIDATION
valid epoch balanced_accuracy: 0.266484
EPOCH 111:
VALIDATION
valid epoch balanced_accuracy: 0.239927
EPOCH 112:
VALIDATION
valid epoch balanced_accuracy: 0.381868
EPOCH 113:
VALIDATION
valid epoch balanced_accuracy: 0.343407
EPOCH 114:
VALIDATION
valid epoch balanced_accuracy: 0.343407
EPOCH 115:
VALIDATION
valid epoch balanced_accuracy: 0.381868
EPOCH 116:
VALIDATION
valid epoch balanced_accuracy: 0.381868
EPOCH 117:
VALIDATION
valid epoch balanced_accuracy: 0.381868
EPOCH 118:
VALIDATION
valid epoch balanced_accuracy: 0.381868
EPOCH 119:
VALIDATION
valid epoch balanced_accuracy: 0.381868
EPOCH 120:
VALIDATION
valid epoch balanced_accuracy: 0.304945
EPOCH 121:
VALIDATION
valid epoch balanced_accuracy: 0.381868
EPOCH 122:
VALIDATION
valid epoch balanced_accuracy: 0.343407
EPOCH 123:
VALIDATION
valid epoch balanced_accuracy: 0.381868
EPOCH 124:
VALIDATION
valid epoch balanced_accuracy: 0.304945
EPOCH 125:
VALIDATION
valid epoch balanced_accuracy: 0.304945
EPOCH 126:
VALIDATION
valid epoch balanced_accuracy: 0.304945
EPOCH 127:
VALIDATION
valid epoch balanced_accuracy: 0.381868
EPOCH 128:
VALIDATION
valid epoch balanced_accuracy: 0.228022
EPOCH 129:
VALIDATION
valid epoch balanced_accuracy: 0.278388
EPOCH 130:
VALIDATION
valid epoch balanced_accuracy: 0.420330
EPOCH 131:
VALIDATION
valid epoch balanced_accuracy: 0.304945
EPOCH 132:
VALIDATION
valid epoch balanced_accuracy: 0.266484
EPOCH 133:
VALIDATION
valid epoch balanced_accuracy: 0.304945
EPOCH 134:
VALIDATION
valid epoch balanced_accuracy: 0.381868
EPOCH 135:
VALIDATION
valid epoch balanced_accuracy: 0.343407
EPOCH 136:
VALIDATION
valid epoch balanced_accuracy: 0.304945
EPOCH 137:
VALIDATION
valid epoch balanced_accuracy: 0.304945
EPOCH 138:
VALIDATION
valid epoch balanced_accuracy: 0.381868
EPOCH 139:
VALIDATION
valid epoch balanced_accuracy: 0.304945
EPOCH 140:
VALIDATION
valid epoch balanced_accuracy: 0.381868
EPOCH 141:
VALIDATION
valid epoch balanced_accuracy: 0.343407
EPOCH 142:
VALIDATION
valid epoch balanced_accuracy: 0.343407
EPOCH 143:
VALIDATION
valid epoch balanced_accuracy: 0.343407
EPOCH 144:
VALIDATION
valid epoch balanced_accuracy: 0.343407
EPOCH 145:
VALIDATION
valid epoch balanced_accuracy: 0.304945
EPOCH 146:
VALIDATION
valid epoch balanced_accuracy: 0.381868
EPOCH 147:
VALIDATION
valid epoch balanced_accuracy: 0.343407
EPOCH 148:
VALIDATION
valid epoch balanced_accuracy: 0.343407
EPOCH 149:
VALIDATION
valid epoch balanced_accuracy: 0.343407
EPOCH 150:
VALIDATION
valid epoch balanced_accuracy: 0.343407
accuracy: 0.709091
sensitivity: 1.000000
precision: 0.709091
specificity: 0.000000
IoU: 0.709091
FAR: 1.000000
F1: 0.829787
balanced_accuracy: 0.500000
loss: 0.692287
