
number of parameters : 1403982
train : (1254, 12)
valid : (38, 12)
test : (39, 12)
class weights : [1.1338155269622803, 0.8944365382194519]
data extracted
EPOCH 1:
VALIDATION
valid epoch balanced_accuracy: 0.500000
EPOCH 2:
VALIDATION
valid epoch balanced_accuracy: 0.728571
EPOCH 3:
VALIDATION
valid epoch balanced_accuracy: 0.500000
EPOCH 4:
VALIDATION
valid epoch balanced_accuracy: 0.764286
EPOCH 5:
VALIDATION
valid epoch balanced_accuracy: 0.500000
EPOCH 6:
VALIDATION
valid epoch balanced_accuracy: 0.650000
EPOCH 7:
VALIDATION
valid epoch balanced_accuracy: 0.500000
EPOCH 8:
VALIDATION
valid epoch balanced_accuracy: 0.550000
EPOCH 9:
VALIDATION
valid epoch balanced_accuracy: 0.582143
EPOCH 10:
VALIDATION
valid epoch balanced_accuracy: 0.542857
EPOCH 11:
VALIDATION
valid epoch balanced_accuracy: 0.692857
EPOCH 12:
VALIDATION
valid epoch balanced_accuracy: 0.496429
EPOCH 13:
VALIDATION
valid epoch balanced_accuracy: 0.525000
EPOCH 14:
VALIDATION
valid epoch balanced_accuracy: 0.446429
EPOCH 15:
VALIDATION
valid epoch balanced_accuracy: 0.475000
EPOCH 16:
VALIDATION
valid epoch balanced_accuracy: 0.303571
EPOCH 17:
VALIDATION
valid epoch balanced_accuracy: 0.353571
EPOCH 18:
VALIDATION
valid epoch balanced_accuracy: 0.385714
EPOCH 19:
VALIDATION
valid epoch balanced_accuracy: 0.335714
EPOCH 20:
VALIDATION
valid epoch balanced_accuracy: 0.339286
EPOCH 21:
VALIDATION
valid epoch balanced_accuracy: 0.392857
EPOCH 22:
VALIDATION
valid epoch balanced_accuracy: 0.525000
EPOCH 23:
VALIDATION
valid epoch balanced_accuracy: 0.521429
EPOCH 24:
VALIDATION
valid epoch balanced_accuracy: 0.475000
EPOCH 25:
VALIDATION
valid epoch balanced_accuracy: 0.375000
EPOCH 26:
VALIDATION
valid epoch balanced_accuracy: 0.457143
EPOCH 27:
VALIDATION
valid epoch balanced_accuracy: 0.357143
EPOCH 28:
VALIDATION
valid epoch balanced_accuracy: 0.457143
EPOCH 29:
VALIDATION
valid epoch balanced_accuracy: 0.471429
EPOCH 30:
VALIDATION
valid epoch balanced_accuracy: 0.389286
EPOCH 31:
VALIDATION
valid epoch balanced_accuracy: 0.467857
EPOCH 32:
VALIDATION
valid epoch balanced_accuracy: 0.407143
EPOCH 33:
VALIDATION
valid epoch balanced_accuracy: 0.403571
EPOCH 34:
VALIDATION
valid epoch balanced_accuracy: 0.467857
EPOCH 35:
VALIDATION
valid epoch balanced_accuracy: 0.489286
EPOCH 36:
VALIDATION
valid epoch balanced_accuracy: 0.507143
EPOCH 37:
VALIDATION
valid epoch balanced_accuracy: 0.403571
EPOCH 38:
VALIDATION
valid epoch balanced_accuracy: 0.457143
EPOCH 39:
VALIDATION
valid epoch balanced_accuracy: 0.382143
EPOCH 40:
VALIDATION
valid epoch balanced_accuracy: 0.414286
EPOCH 41:
VALIDATION
valid epoch balanced_accuracy: 0.414286
EPOCH 42:
VALIDATION
valid epoch balanced_accuracy: 0.450000
EPOCH 43:
VALIDATION
valid epoch balanced_accuracy: 0.425000
EPOCH 44:
VALIDATION
valid epoch balanced_accuracy: 0.403571
EPOCH 45:
VALIDATION
valid epoch balanced_accuracy: 0.432143
EPOCH 46:
VALIDATION
valid epoch balanced_accuracy: 0.507143
EPOCH 47:
VALIDATION
valid epoch balanced_accuracy: 0.421429
EPOCH 48:
VALIDATION
valid epoch balanced_accuracy: 0.439286
EPOCH 49:
VALIDATION
valid epoch balanced_accuracy: 0.450000
EPOCH 50:
VALIDATION
valid epoch balanced_accuracy: 0.439286
EPOCH 51:
VALIDATION
valid epoch balanced_accuracy: 0.417857
EPOCH 52:
VALIDATION
valid epoch balanced_accuracy: 0.482143
EPOCH 53:
VALIDATION
valid epoch balanced_accuracy: 0.407143
EPOCH 54:
VALIDATION
valid epoch balanced_accuracy: 0.475000
EPOCH 55:
VALIDATION
valid epoch balanced_accuracy: 0.425000
EPOCH 56:
VALIDATION
valid epoch balanced_accuracy: 0.503571
EPOCH 57:
VALIDATION
valid epoch balanced_accuracy: 0.371429
EPOCH 58:
VALIDATION
valid epoch balanced_accuracy: 0.453571
EPOCH 59:
VALIDATION
valid epoch balanced_accuracy: 0.442857
EPOCH 60:
VALIDATION
valid epoch balanced_accuracy: 0.400000
EPOCH 61:
VALIDATION
valid epoch balanced_accuracy: 0.457143
EPOCH 62:
VALIDATION
valid epoch balanced_accuracy: 0.471429
EPOCH 63:
VALIDATION
valid epoch balanced_accuracy: 0.435714
EPOCH 64:
VALIDATION
valid epoch balanced_accuracy: 0.450000
EPOCH 65:
VALIDATION
valid epoch balanced_accuracy: 0.425000
EPOCH 66:
VALIDATION
valid epoch balanced_accuracy: 0.521429
EPOCH 67:
VALIDATION
valid epoch balanced_accuracy: 0.400000
EPOCH 68:
VALIDATION
valid epoch balanced_accuracy: 0.392857
EPOCH 69:
VALIDATION
valid epoch balanced_accuracy: 0.450000
EPOCH 70:
VALIDATION
valid epoch balanced_accuracy: 0.417857
EPOCH 71:
VALIDATION
valid epoch balanced_accuracy: 0.475000
EPOCH 72:
VALIDATION
valid epoch balanced_accuracy: 0.457143
EPOCH 73:
VALIDATION
valid epoch balanced_accuracy: 0.457143
EPOCH 74:
VALIDATION
valid epoch balanced_accuracy: 0.439286
EPOCH 75:
VALIDATION
valid epoch balanced_accuracy: 0.410714
EPOCH 76:
VALIDATION
valid epoch balanced_accuracy: 0.450000
EPOCH 77:
VALIDATION
valid epoch balanced_accuracy: 0.457143
EPOCH 78:
VALIDATION
valid epoch balanced_accuracy: 0.360714
EPOCH 79:
VALIDATION
valid epoch balanced_accuracy: 0.492857
EPOCH 80:
VALIDATION
valid epoch balanced_accuracy: 0.460714
EPOCH 81:
VALIDATION
valid epoch balanced_accuracy: 0.407143
EPOCH 82:
VALIDATION
valid epoch balanced_accuracy: 0.432143
EPOCH 83:
VALIDATION
valid epoch balanced_accuracy: 0.385714
EPOCH 84:
VALIDATION
valid epoch balanced_accuracy: 0.428571
EPOCH 85:
VALIDATION
valid epoch balanced_accuracy: 0.485714
EPOCH 86:
VALIDATION
valid epoch balanced_accuracy: 0.460714
EPOCH 87:
VALIDATION
valid epoch balanced_accuracy: 0.457143
EPOCH 88:
VALIDATION
valid epoch balanced_accuracy: 0.407143
EPOCH 89:
VALIDATION
valid epoch balanced_accuracy: 0.475000
EPOCH 90:
VALIDATION
valid epoch balanced_accuracy: 0.475000
EPOCH 91:
VALIDATION
valid epoch balanced_accuracy: 0.421429
EPOCH 92:
VALIDATION
valid epoch balanced_accuracy: 0.489286
EPOCH 93:
VALIDATION
valid epoch balanced_accuracy: 0.489286
EPOCH 94:
VALIDATION
valid epoch balanced_accuracy: 0.435714
EPOCH 95:
VALIDATION
valid epoch balanced_accuracy: 0.471429
EPOCH 96:
VALIDATION
valid epoch balanced_accuracy: 0.439286
EPOCH 97:
VALIDATION
valid epoch balanced_accuracy: 0.275000
EPOCH 98:
VALIDATION
valid epoch balanced_accuracy: 0.457143
EPOCH 99:
VALIDATION
valid epoch balanced_accuracy: 0.435714
EPOCH 100:
VALIDATION
valid epoch balanced_accuracy: 0.471429
EPOCH 101:
VALIDATION
valid epoch balanced_accuracy: 0.310714
EPOCH 102:
VALIDATION
valid epoch balanced_accuracy: 0.453571
EPOCH 103:
VALIDATION
valid epoch balanced_accuracy: 0.442857
EPOCH 104:
VALIDATION
valid epoch balanced_accuracy: 0.403571
EPOCH 105:
VALIDATION
valid epoch balanced_accuracy: 0.367857
EPOCH 106:
VALIDATION
valid epoch balanced_accuracy: 0.482143
EPOCH 107:
VALIDATION
valid epoch balanced_accuracy: 0.389286
EPOCH 108:
VALIDATION
valid epoch balanced_accuracy: 0.507143
EPOCH 109:
VALIDATION
valid epoch balanced_accuracy: 0.400000
EPOCH 110:
VALIDATION
valid epoch balanced_accuracy: 0.557143
EPOCH 111:
VALIDATION
valid epoch balanced_accuracy: 0.492857
EPOCH 112:
VALIDATION
valid epoch balanced_accuracy: 0.492857
EPOCH 113:
VALIDATION
valid epoch balanced_accuracy: 0.439286
EPOCH 114:
VALIDATION
valid epoch balanced_accuracy: 0.507143
EPOCH 115:
VALIDATION
valid epoch balanced_accuracy: 0.457143
EPOCH 116:
VALIDATION
valid epoch balanced_accuracy: 0.457143
EPOCH 117:
VALIDATION
valid epoch balanced_accuracy: 0.489286
EPOCH 118:
VALIDATION
valid epoch balanced_accuracy: 0.489286
EPOCH 119:
VALIDATION
valid epoch balanced_accuracy: 0.525000
EPOCH 120:
VALIDATION
valid epoch balanced_accuracy: 0.492857
EPOCH 121:
VALIDATION
valid epoch balanced_accuracy: 0.471429
EPOCH 122:
VALIDATION
valid epoch balanced_accuracy: 0.475000
EPOCH 123:
VALIDATION
valid epoch balanced_accuracy: 0.503571
EPOCH 124:
VALIDATION
valid epoch balanced_accuracy: 0.539286
EPOCH 125:
VALIDATION
valid epoch balanced_accuracy: 0.507143
EPOCH 126:
VALIDATION
valid epoch balanced_accuracy: 0.539286
EPOCH 127:
VALIDATION
valid epoch balanced_accuracy: 0.503571
EPOCH 128:
VALIDATION
valid epoch balanced_accuracy: 0.382143
EPOCH 129:
VALIDATION
valid epoch balanced_accuracy: 0.507143
EPOCH 130:
VALIDATION
valid epoch balanced_accuracy: 0.507143
EPOCH 131:
VALIDATION
valid epoch balanced_accuracy: 0.414286
EPOCH 132:
VALIDATION
valid epoch balanced_accuracy: 0.503571
EPOCH 133:
VALIDATION
valid epoch balanced_accuracy: 0.507143
EPOCH 134:
VALIDATION
valid epoch balanced_accuracy: 0.507143
EPOCH 135:
VALIDATION
valid epoch balanced_accuracy: 0.539286
EPOCH 136:
VALIDATION
valid epoch balanced_accuracy: 0.503571
EPOCH 137:
VALIDATION
valid epoch balanced_accuracy: 0.507143
EPOCH 138:
VALIDATION
valid epoch balanced_accuracy: 0.507143
EPOCH 139:
VALIDATION
valid epoch balanced_accuracy: 0.503571
EPOCH 140:
VALIDATION
valid epoch balanced_accuracy: 0.489286
EPOCH 141:
VALIDATION
valid epoch balanced_accuracy: 0.503571
EPOCH 142:
VALIDATION
valid epoch balanced_accuracy: 0.489286
EPOCH 143:
VALIDATION
valid epoch balanced_accuracy: 0.503571
EPOCH 144:
VALIDATION
valid epoch balanced_accuracy: 0.503571
EPOCH 145:
VALIDATION
valid epoch balanced_accuracy: 0.489286
EPOCH 146:
VALIDATION
valid epoch balanced_accuracy: 0.539286
EPOCH 147:
VALIDATION
valid epoch balanced_accuracy: 0.489286
EPOCH 148:
VALIDATION
valid epoch balanced_accuracy: 0.503571
EPOCH 149:
VALIDATION
valid epoch balanced_accuracy: 0.453571
EPOCH 150:
VALIDATION
valid epoch balanced_accuracy: 0.485714
accuracy: 0.743590
sensitivity: 1.000000
precision: 0.729730
specificity: 0.166667
IoU: 0.729730
FAR: 0.833333
F1: 0.843750
balanced_accuracy: 0.583333
loss: 0.510093
