
number of parameters : 1798734
train : (987, 12)
valid : (172, 12)
test : (172, 12)
class weights : [1.134482741355896, 0.89402174949646]
data extracted
EPOCH 1:
VALIDATION
valid epoch balanced_accuracy: 0.548333
EPOCH 2:
VALIDATION
valid epoch balanced_accuracy: 0.500000
EPOCH 3:
VALIDATION
valid epoch balanced_accuracy: 0.500000
EPOCH 4:
VALIDATION
valid epoch balanced_accuracy: 0.566389
EPOCH 5:
VALIDATION
valid epoch balanced_accuracy: 0.559167
EPOCH 6:
VALIDATION
valid epoch balanced_accuracy: 0.637222
EPOCH 7:
VALIDATION
valid epoch balanced_accuracy: 0.520833
EPOCH 8:
VALIDATION
valid epoch balanced_accuracy: 0.493056
EPOCH 9:
VALIDATION
valid epoch balanced_accuracy: 0.525556
EPOCH 10:
VALIDATION
valid epoch balanced_accuracy: 0.463333
EPOCH 11:
VALIDATION
valid epoch balanced_accuracy: 0.440000
EPOCH 12:
VALIDATION
valid epoch balanced_accuracy: 0.574167
EPOCH 13:
VALIDATION
valid epoch balanced_accuracy: 0.648333
EPOCH 14:
VALIDATION
valid epoch balanced_accuracy: 0.670556
EPOCH 15:
VALIDATION
valid epoch balanced_accuracy: 0.572500
EPOCH 16:
VALIDATION
valid epoch balanced_accuracy: 0.657500
EPOCH 17:
VALIDATION
valid epoch balanced_accuracy: 0.636389
EPOCH 18:
VALIDATION
valid epoch balanced_accuracy: 0.669444
EPOCH 19:
VALIDATION
valid epoch balanced_accuracy: 0.598889
EPOCH 20:
VALIDATION
valid epoch balanced_accuracy: 0.540278
EPOCH 21:
VALIDATION
valid epoch balanced_accuracy: 0.658056
EPOCH 22:
VALIDATION
valid epoch balanced_accuracy: 0.620000
EPOCH 23:
VALIDATION
valid epoch balanced_accuracy: 0.602222
EPOCH 24:
VALIDATION
valid epoch balanced_accuracy: 0.592778
EPOCH 25:
VALIDATION
valid epoch balanced_accuracy: 0.623889
EPOCH 26:
VALIDATION
valid epoch balanced_accuracy: 0.706667
EPOCH 27:
VALIDATION
valid epoch balanced_accuracy: 0.621944
EPOCH 28:
VALIDATION
valid epoch balanced_accuracy: 0.626111
EPOCH 29:
VALIDATION
valid epoch balanced_accuracy: 0.593333
EPOCH 30:
VALIDATION
valid epoch balanced_accuracy: 0.623889
EPOCH 31:
VALIDATION
valid epoch balanced_accuracy: 0.639722
EPOCH 32:
VALIDATION
valid epoch balanced_accuracy: 0.605556
EPOCH 33:
VALIDATION
valid epoch balanced_accuracy: 0.575833
EPOCH 34:
VALIDATION
valid epoch balanced_accuracy: 0.574167
EPOCH 35:
VALIDATION
valid epoch balanced_accuracy: 0.641667
EPOCH 36:
VALIDATION
valid epoch balanced_accuracy: 0.636389
EPOCH 37:
VALIDATION
valid epoch balanced_accuracy: 0.696944
EPOCH 38:
VALIDATION
valid epoch balanced_accuracy: 0.590000
EPOCH 39:
VALIDATION
valid epoch balanced_accuracy: 0.684722
EPOCH 40:
VALIDATION
valid epoch balanced_accuracy: 0.602500
EPOCH 41:
VALIDATION
valid epoch balanced_accuracy: 0.628889
EPOCH 42:
VALIDATION
valid epoch balanced_accuracy: 0.681389
EPOCH 43:
VALIDATION
valid epoch balanced_accuracy: 0.671111
EPOCH 44:
VALIDATION
valid epoch balanced_accuracy: 0.635278
EPOCH 45:
VALIDATION
valid epoch balanced_accuracy: 0.598333
EPOCH 46:
VALIDATION
valid epoch balanced_accuracy: 0.636389
EPOCH 47:
VALIDATION
valid epoch balanced_accuracy: 0.618889
EPOCH 48:
VALIDATION
valid epoch balanced_accuracy: 0.665278
EPOCH 49:
VALIDATION
valid epoch balanced_accuracy: 0.565833
EPOCH 50:
VALIDATION
valid epoch balanced_accuracy: 0.473056
EPOCH 51:
VALIDATION
valid epoch balanced_accuracy: 0.632500
EPOCH 52:
VALIDATION
valid epoch balanced_accuracy: 0.608333
EPOCH 53:
VALIDATION
valid epoch balanced_accuracy: 0.565556
EPOCH 54:
VALIDATION
valid epoch balanced_accuracy: 0.642778
EPOCH 55:
VALIDATION
valid epoch balanced_accuracy: 0.655000
EPOCH 56:
VALIDATION
valid epoch balanced_accuracy: 0.665278
EPOCH 57:
VALIDATION
valid epoch balanced_accuracy: 0.674722
EPOCH 58:
VALIDATION
valid epoch balanced_accuracy: 0.692500
EPOCH 59:
VALIDATION
valid epoch balanced_accuracy: 0.654444
EPOCH 60:
VALIDATION
valid epoch balanced_accuracy: 0.646944
EPOCH 61:
VALIDATION
valid epoch balanced_accuracy: 0.611111
EPOCH 62:
VALIDATION
valid epoch balanced_accuracy: 0.658333
EPOCH 63:
VALIDATION
valid epoch balanced_accuracy: 0.615278
EPOCH 64:
VALIDATION
valid epoch balanced_accuracy: 0.645556
EPOCH 65:
VALIDATION
valid epoch balanced_accuracy: 0.659722
EPOCH 66:
VALIDATION
valid epoch balanced_accuracy: 0.644444
EPOCH 67:
VALIDATION
valid epoch balanced_accuracy: 0.656389
EPOCH 68:
VALIDATION
valid epoch balanced_accuracy: 0.626389
EPOCH 69:
VALIDATION
valid epoch balanced_accuracy: 0.616667
EPOCH 70:
VALIDATION
valid epoch balanced_accuracy: 0.585000
EPOCH 71:
VALIDATION
valid epoch balanced_accuracy: 0.630278
EPOCH 72:
