
number of parameters : 1403984
train : (1402, 12)
valid : (55, 12)
test : (55, 12)
PU rho : 0.550000
class weights : [1.0, 1.0]
balanced batches : 88 per epoch covering all 1402 train rows, target 8 positive + 8 unlabeled
data extracted
EPOCH 1:
PU nnPU correction: 0/88 batches, min negative_loss=0.236125, mean negative_loss=0.326289
VALIDATION
valid epoch balanced_accuracy: 0.500000
EPOCH 2:
PU nnPU correction: 0/88 batches, min negative_loss=0.250951, mean negative_loss=0.402915
VALIDATION
valid epoch balanced_accuracy: 0.696909
EPOCH 3:
PU nnPU correction: 0/88 batches, min negative_loss=0.089853, mean negative_loss=0.328691
VALIDATION
valid epoch balanced_accuracy: 0.696909
EPOCH 4:
PU nnPU correction: 0/88 batches, min negative_loss=0.076814, mean negative_loss=0.309700
VALIDATION
valid epoch balanced_accuracy: 0.713038
EPOCH 5:
PU nnPU correction: 0/88 batches, min negative_loss=0.137398, mean negative_loss=0.317836
VALIDATION
valid epoch balanced_accuracy: 0.713038
EPOCH 6:
PU nnPU correction: 0/88 batches, min negative_loss=0.075461, mean negative_loss=0.296391
VALIDATION
valid epoch balanced_accuracy: 0.696909
EPOCH 7:
PU nnPU correction: 0/88 batches, min negative_loss=0.075712, mean negative_loss=0.309602
VALIDATION
valid epoch balanced_accuracy: 0.696909
EPOCH 8:
PU nnPU correction: 0/88 batches, min negative_loss=0.014299, mean negative_loss=0.313297
VALIDATION
valid epoch balanced_accuracy: 0.696909
EPOCH 9:
PU nnPU correction: 0/88 batches, min negative_loss=0.138034, mean negative_loss=0.311688
VALIDATION
valid epoch balanced_accuracy: 0.696909
EPOCH 10:
PU nnPU correction: 0/88 batches, min negative_loss=0.075071, mean negative_loss=0.309101
VALIDATION
valid epoch balanced_accuracy: 0.696909
EPOCH 11:
PU nnPU correction: 0/88 batches, min negative_loss=0.081479, mean negative_loss=0.308736
VALIDATION
valid epoch balanced_accuracy: 0.696909
EPOCH 12:
PU nnPU correction: 0/88 batches, min negative_loss=0.075063, mean negative_loss=0.309012
VALIDATION
valid epoch balanced_accuracy: 0.696909
EPOCH 13:
PU nnPU correction: 0/88 batches, min negative_loss=0.137399, mean negative_loss=0.308614
VALIDATION
valid epoch balanced_accuracy: 0.696909
EPOCH 14:
PU nnPU correction: 0/88 batches, min negative_loss=0.075081, mean negative_loss=0.308805
VALIDATION
valid epoch balanced_accuracy: 0.696909
EPOCH 15:
PU nnPU correction: 0/88 batches, min negative_loss=0.143804, mean negative_loss=0.308617
VALIDATION
valid epoch balanced_accuracy: 0.696909
EPOCH 16:
PU nnPU correction: 0/88 batches, min negative_loss=0.137507, mean negative_loss=0.309002
VALIDATION
valid epoch balanced_accuracy: 0.696909
EPOCH 17:
PU nnPU correction: 0/88 batches, min negative_loss=0.137454, mean negative_loss=0.308933
VALIDATION
valid epoch balanced_accuracy: 0.696909
EPOCH 18:
PU nnPU correction: 0/88 batches, min negative_loss=0.075046, mean negative_loss=0.308918
VALIDATION
valid epoch balanced_accuracy: 0.696909
EPOCH 19:
PU nnPU correction: 0/88 batches, min negative_loss=0.081258, mean negative_loss=0.308606
VALIDATION
valid epoch balanced_accuracy: 0.696909
EPOCH 20:
PU nnPU correction: 0/88 batches, min negative_loss=0.137513, mean negative_loss=0.309012
VALIDATION
valid epoch balanced_accuracy: 0.696909
EPOCH 21:
PU nnPU correction: 0/88 batches, min negative_loss=0.137499, mean negative_loss=0.308893
VALIDATION
valid epoch balanced_accuracy: 0.696909
EPOCH 22:
PU nnPU correction: 0/88 batches, min negative_loss=0.075020, mean negative_loss=0.308785
VALIDATION
valid epoch balanced_accuracy: 0.696909
EPOCH 23:
PU nnPU correction: 0/88 batches, min negative_loss=0.137518, mean negative_loss=0.308933
VALIDATION
valid epoch balanced_accuracy: 0.696909
EPOCH 24:
PU nnPU correction: 0/88 batches, min negative_loss=0.137505, mean negative_loss=0.308906
VALIDATION
valid epoch balanced_accuracy: 0.696909
EPOCH 25:
PU nnPU correction: 0/88 batches, min negative_loss=0.137511, mean negative_loss=0.309027
VALIDATION
valid epoch balanced_accuracy: 0.696909
EPOCH 26:
PU nnPU correction: 0/88 batches, min negative_loss=0.075009, mean negative_loss=0.308799
VALIDATION
valid epoch balanced_accuracy: 0.696909
EPOCH 27:
PU nnPU correction: 0/88 batches, min negative_loss=0.021428, mean negative_loss=0.308293
VALIDATION
valid epoch balanced_accuracy: 0.696909
EPOCH 28:
PU nnPU correction: 0/88 batches, min negative_loss=0.075012, mean negative_loss=0.308694
VALIDATION
valid epoch balanced_accuracy: 0.696909
EPOCH 29:
PU nnPU correction: 0/88 batches, min negative_loss=0.075018, mean negative_loss=0.308390
VALIDATION
valid epoch balanced_accuracy: 0.696909
EPOCH 30:
PU nnPU correction: 0/88 batches, min negative_loss=0.081249, mean negative_loss=0.308603
VALIDATION
valid epoch balanced_accuracy: 0.696909
EPOCH 31:
PU nnPU correction: 0/88 batches, min negative_loss=0.137516, mean negative_loss=0.308811
VALIDATION
valid epoch balanced_accuracy: 0.696909
EPOCH 32:
PU nnPU correction: 0/88 batches, min negative_loss=0.081261, mean negative_loss=0.308218
VALIDATION
valid epoch balanced_accuracy: 0.696909
EPOCH 33:
PU nnPU correction: 0/88 batches, min negative_loss=0.137504, mean negative_loss=0.308912
VALIDATION
valid epoch balanced_accuracy: 0.696909
EPOCH 34:
PU nnPU correction: 0/88 batches, min negative_loss=0.075002, mean negative_loss=0.308613
VALIDATION
valid epoch balanced_accuracy: 0.696909
EPOCH 35:
PU nnPU correction: 0/88 batches, min negative_loss=0.137494, mean negative_loss=0.308799
VALIDATION
valid epoch balanced_accuracy: 0.696909
EPOCH 36:
PU nnPU correction: 0/88 batches, min negative_loss=0.075003, mean negative_loss=0.308912
VALIDATION
valid epoch balanced_accuracy: 0.696909
EPOCH 37:
PU nnPU correction: 0/88 batches, min negative_loss=0.137504, mean negative_loss=0.308495
VALIDATION
valid epoch balanced_accuracy: 0.696909
EPOCH 38:
PU nnPU correction: 0/88 batches, min negative_loss=0.075008, mean negative_loss=0.308495
VALIDATION
valid epoch balanced_accuracy: 0.696909
EPOCH 39:
PU nnPU correction: 0/88 batches, min negative_loss=0.012508, mean negative_loss=0.308901
VALIDATION
valid epoch balanced_accuracy: 0.696909
EPOCH 40:
PU nnPU correction: 0/88 batches, min negative_loss=0.137509, mean negative_loss=0.309022
VALIDATION
valid epoch balanced_accuracy: 0.696909
EPOCH 41:
PU nnPU correction: 0/88 batches, min negative_loss=0.137503, mean negative_loss=0.308403
VALIDATION
valid epoch balanced_accuracy: 0.696909
EPOCH 42:
PU nnPU correction: 0/88 batches, min negative_loss=0.025011, mean negative_loss=0.308392
VALIDATION
valid epoch balanced_accuracy: 0.696909
EPOCH 43:
PU nnPU correction: 0/88 batches, min negative_loss=0.075008, mean negative_loss=0.308911
VALIDATION
valid epoch balanced_accuracy: 0.696909
EPOCH 44:
PU nnPU correction: 0/88 batches, min negative_loss=0.075008, mean negative_loss=0.308716
VALIDATION
valid epoch balanced_accuracy: 0.696909
EPOCH 45:
PU nnPU correction: 0/88 batches, min negative_loss=0.075015, mean negative_loss=0.309122
VALIDATION
valid epoch balanced_accuracy: 0.696909
EPOCH 46:
PU nnPU correction: 0/88 batches, min negative_loss=0.075007, mean negative_loss=0.308607
VALIDATION
valid epoch balanced_accuracy: 0.696909
EPOCH 47:
PU nnPU correction: 0/88 batches, min negative_loss=0.075026, mean negative_loss=0.308606
VALIDATION
valid epoch balanced_accuracy: 0.696909
EPOCH 48:
PU nnPU correction: 0/88 batches, min negative_loss=0.075010, mean negative_loss=0.308621
VALIDATION
valid epoch balanced_accuracy: 0.696909
EPOCH 49:
PU nnPU correction: 0/88 batches, min negative_loss=0.018755, mean negative_loss=0.308817
VALIDATION
valid epoch balanced_accuracy: 0.696909
EPOCH 50:
PU nnPU correction: 0/88 batches, min negative_loss=0.164288, mean negative_loss=0.308604
VALIDATION
valid epoch balanced_accuracy: 0.696909
EPOCH 51:
PU nnPU correction: 0/88 batches, min negative_loss=0.137502, mean negative_loss=0.308897
VALIDATION
valid epoch balanced_accuracy: 0.696909
EPOCH 52:
PU nnPU correction: 0/88 batches, min negative_loss=0.137502, mean negative_loss=0.308895
VALIDATION
valid epoch balanced_accuracy: 0.696909
EPOCH 53:
PU nnPU correction: 0/88 batches, min negative_loss=0.137501, mean negative_loss=0.308606
VALIDATION
valid epoch balanced_accuracy: 0.696909
EPOCH 54:
PU nnPU correction: 0/88 batches, min negative_loss=0.143764, mean negative_loss=0.308796
VALIDATION
valid epoch balanced_accuracy: 0.696909
EPOCH 55:
PU nnPU correction: 0/88 batches, min negative_loss=0.137498, mean negative_loss=0.309002
VALIDATION
valid epoch balanced_accuracy: 0.696909
EPOCH 56:
PU nnPU correction: 0/88 batches, min negative_loss=0.018752, mean negative_loss=0.308496
VALIDATION
valid epoch balanced_accuracy: 0.696909
EPOCH 57:
PU nnPU correction: 0/88 batches, min negative_loss=0.200001, mean negative_loss=0.308595
VALIDATION
valid epoch balanced_accuracy: 0.696909
EPOCH 58:
PU nnPU correction: 0/88 batches, min negative_loss=0.137501, mean negative_loss=0.308593
VALIDATION
valid epoch balanced_accuracy: 0.696909
EPOCH 59:
PU nnPU correction: 0/88 batches, min negative_loss=0.137502, mean negative_loss=0.308605
VALIDATION
valid epoch balanced_accuracy: 0.696909
EPOCH 60:
PU nnPU correction: 0/88 batches, min negative_loss=0.137501, mean negative_loss=0.308796
VALIDATION
valid epoch balanced_accuracy: 0.696909
EPOCH 61:
PU nnPU correction: 0/88 batches, min negative_loss=0.137496, mean negative_loss=0.308705
VALIDATION
valid epoch balanced_accuracy: 0.696909
EPOCH 62:
PU nnPU correction: 0/88 batches, min negative_loss=0.137500, mean negative_loss=0.308694
VALIDATION
valid epoch balanced_accuracy: 0.696909
EPOCH 63:
PU nnPU correction: 0/88 batches, min negative_loss=0.137502, mean negative_loss=0.308708
VALIDATION
valid epoch balanced_accuracy: 0.696909
EPOCH 64:
PU nnPU correction: 6/88 batches, min negative_loss=-0.006106, mean negative_loss=0.141473
VALIDATION
valid epoch balanced_accuracy: 0.500000
EPOCH 65:
PU nnPU correction: 7/88 batches, min negative_loss=-0.000000, mean negative_loss=0.000000
VALIDATION
valid epoch balanced_accuracy: 0.500000
EPOCH 66:
PU nnPU correction: 7/88 batches, min negative_loss=-0.000000, mean negative_loss=0.000000
VALIDATION
valid epoch balanced_accuracy: 0.500000
EPOCH 67:
PU nnPU correction: 4/88 batches, min negative_loss=-0.000000, mean negative_loss=0.000000
VALIDATION
valid epoch balanced_accuracy: 0.500000
EPOCH 68:
PU nnPU correction: 7/88 batches, min negative_loss=-0.000000, mean negative_loss=0.000000
VALIDATION
valid epoch balanced_accuracy: 0.500000
EPOCH 69:
PU nnPU correction: 10/88 batches, min negative_loss=-0.000000, mean negative_loss=0.000000
VALIDATION
valid epoch balanced_accuracy: 0.500000
EPOCH 70:
PU nnPU correction: 4/88 batches, min negative_loss=-0.000000, mean negative_loss=0.000000
VALIDATION
valid epoch balanced_accuracy: 0.500000
EPOCH 71:
PU nnPU correction: 7/88 batches, min negative_loss=-0.000000, mean negative_loss=-0.000000
VALIDATION
valid epoch balanced_accuracy: 0.500000
EPOCH 72:
PU nnPU correction: 2/88 batches, min negative_loss=-0.000000, mean negative_loss=0.000000
VALIDATION
valid epoch balanced_accuracy: 0.500000
EPOCH 73:
PU nnPU correction: 7/88 batches, min negative_loss=-0.000000, mean negative_loss=0.000000
VALIDATION
valid epoch balanced_accuracy: 0.500000
EPOCH 74:
PU nnPU correction: 2/88 batches, min negative_loss=-0.000000, mean negative_loss=0.000000
VALIDATION
valid epoch balanced_accuracy: 0.500000
EPOCH 75:
PU nnPU correction: 5/88 batches, min negative_loss=-0.000000, mean negative_loss=0.000000
VALIDATION
valid epoch balanced_accuracy: 0.500000
EPOCH 76:
PU nnPU correction: 4/88 batches, min negative_loss=-0.000000, mean negative_loss=0.000000
VALIDATION
valid epoch balanced_accuracy: 0.500000
EPOCH 77:
PU nnPU correction: 3/88 batches, min negative_loss=-0.000000, mean negative_loss=0.000000
VALIDATION
valid epoch balanced_accuracy: 0.500000
EPOCH 78:
PU nnPU correction: 8/88 batches, min negative_loss=-0.000000, mean negative_loss=0.000000
VALIDATION
valid epoch balanced_accuracy: 0.500000
EPOCH 79:
PU nnPU correction: 6/88 batches, min negative_loss=-0.000000, mean negative_loss=0.000000
VALIDATION
valid epoch balanced_accuracy: 0.500000
EPOCH 80:
PU nnPU correction: 7/88 batches, min negative_loss=-0.000000, mean negative_loss=0.000000
VALIDATION
valid epoch balanced_accuracy: 0.500000
EPOCH 81:
PU nnPU correction: 10/88 batches, min negative_loss=-0.000000, mean negative_loss=0.000000
VALIDATION
valid epoch balanced_accuracy: 0.500000
EPOCH 82:
PU nnPU correction: 3/88 batches, min negative_loss=-0.000000, mean negative_loss=0.000000
VALIDATION
valid epoch balanced_accuracy: 0.500000
EPOCH 83:
PU nnPU correction: 1/88 batches, min negative_loss=-0.000000, mean negative_loss=0.000000
VALIDATION
valid epoch balanced_accuracy: 0.500000
EPOCH 84:
PU nnPU correction: 4/88 batches, min negative_loss=-0.000000, mean negative_loss=0.000000
VALIDATION
valid epoch balanced_accuracy: 0.500000
EPOCH 85:
PU nnPU correction: 2/88 batches, min negative_loss=-0.000000, mean negative_loss=0.000000
VALIDATION
valid epoch balanced_accuracy: 0.500000
EPOCH 86:
PU nnPU correction: 3/88 batches, min negative_loss=-0.000000, mean negative_loss=0.000000
VALIDATION
valid epoch balanced_accuracy: 0.500000
EPOCH 87:
PU nnPU correction: 4/88 batches, min negative_loss=-0.000000, mean negative_loss=0.000000
VALIDATION
valid epoch balanced_accuracy: 0.500000
EPOCH 88:
PU nnPU correction: 2/88 batches, min negative_loss=-0.000000, mean negative_loss=0.000000
VALIDATION
valid epoch balanced_accuracy: 0.500000
EPOCH 89:
PU nnPU correction: 1/88 batches, min negative_loss=-0.000000, mean negative_loss=0.000000
VALIDATION
valid epoch balanced_accuracy: 0.500000
EPOCH 90:
PU nnPU correction: 3/88 batches, min negative_loss=-0.000000, mean negative_loss=0.000000
VALIDATION
valid epoch balanced_accuracy: 0.500000
EPOCH 91:
PU nnPU correction: 1/88 batches, min negative_loss=-0.000000, mean negative_loss=0.000000
VALIDATION
valid epoch balanced_accuracy: 0.500000
EPOCH 92:
PU nnPU correction: 5/88 batches, min negative_loss=-0.000000, mean negative_loss=0.000000
VALIDATION
valid epoch balanced_accuracy: 0.500000
EPOCH 93:
PU nnPU correction: 0/88 batches, min negative_loss=0.000000, mean negative_loss=0.000000
VALIDATION
valid epoch balanced_accuracy: 0.500000
EPOCH 94:
PU nnPU correction: 1/88 batches, min negative_loss=-0.000000, mean negative_loss=0.000000
VALIDATION
valid epoch balanced_accuracy: 0.500000
EPOCH 95:
PU nnPU correction: 2/88 batches, min negative_loss=-0.000000, mean negative_loss=0.000000
VALIDATION
valid epoch balanced_accuracy: 0.500000
EPOCH 96:
PU nnPU correction: 4/88 batches, min negative_loss=-0.000000, mean negative_loss=0.000000
VALIDATION
valid epoch balanced_accuracy: 0.500000
EPOCH 97:
PU nnPU correction: 2/88 batches, min negative_loss=-0.000000, mean negative_loss=0.000000
VALIDATION
valid epoch balanced_accuracy: 0.500000
EPOCH 98:
PU nnPU correction: 3/88 batches, min negative_loss=-0.000000, mean negative_loss=0.000000
VALIDATION
valid epoch balanced_accuracy: 0.500000
EPOCH 99:
PU nnPU correction: 0/88 batches, min negative_loss=0.000000, mean negative_loss=0.000000
VALIDATION
valid epoch balanced_accuracy: 0.500000
EPOCH 100:
PU nnPU correction: 2/88 batches, min negative_loss=-0.000000, mean negative_loss=0.000000
VALIDATION
valid epoch balanced_accuracy: 0.500000
EPOCH 101:
PU nnPU correction: 1/88 batches, min negative_loss=-0.000000, mean negative_loss=0.000001
VALIDATION
valid epoch balanced_accuracy: 0.500000
EPOCH 102:
PU nnPU correction: 1/88 batches, min negative_loss=-0.000000, mean negative_loss=0.000001
VALIDATION
valid epoch balanced_accuracy: 0.500000
EPOCH 103:
PU nnPU correction: 0/88 batches, min negative_loss=0.000000, mean negative_loss=0.000001
VALIDATION
valid epoch balanced_accuracy: 0.500000
EPOCH 104:
PU nnPU correction: 1/88 batches, min negative_loss=-0.000001, mean negative_loss=0.000001
VALIDATION
valid epoch balanced_accuracy: 0.500000
EPOCH 105:
PU nnPU correction: 0/88 batches, min negative_loss=0.000000, mean negative_loss=0.000001
VALIDATION
valid epoch balanced_accuracy: 0.500000
EPOCH 106:
PU nnPU correction: 0/88 batches, min negative_loss=0.000000, mean negative_loss=0.000002
VALIDATION
valid epoch balanced_accuracy: 0.500000
EPOCH 107:
PU nnPU correction: 2/88 batches, min negative_loss=-0.000000, mean negative_loss=0.000003
VALIDATION
valid epoch balanced_accuracy: 0.500000
EPOCH 108:
PU nnPU correction: 1/88 batches, min negative_loss=-0.000003, mean negative_loss=0.000004
VALIDATION
valid epoch balanced_accuracy: 0.500000
EPOCH 109:
PU nnPU correction: 0/88 batches, min negative_loss=0.000001, mean negative_loss=0.000007
VALIDATION
valid epoch balanced_accuracy: 0.500000
EPOCH 110:
PU nnPU correction: 0/88 batches, min negative_loss=0.000004, mean negative_loss=0.000023
VALIDATION
valid epoch balanced_accuracy: 0.500000
EPOCH 111:
PU nnPU correction: 0/88 batches, min negative_loss=0.000035, mean negative_loss=0.140118
VALIDATION
valid epoch balanced_accuracy: 0.500000
EPOCH 112:
PU nnPU correction: 0/88 batches, min negative_loss=0.449762, mean negative_loss=0.449955
VALIDATION
valid epoch balanced_accuracy: 0.500000
EPOCH 113:
PU nnPU correction: 0/88 batches, min negative_loss=0.449941, mean negative_loss=0.449975
VALIDATION
valid epoch balanced_accuracy: 0.500000
EPOCH 114:
PU nnPU correction: 0/88 batches, min negative_loss=0.449952, mean negative_loss=0.449979
VALIDATION
valid epoch balanced_accuracy: 0.500000
EPOCH 115:
PU nnPU correction: 0/88 batches, min negative_loss=0.449931, mean negative_loss=0.449982
VALIDATION
valid epoch balanced_accuracy: 0.500000
EPOCH 116:
PU nnPU correction: 0/88 batches, min negative_loss=0.449936, mean negative_loss=0.449983
VALIDATION
valid epoch balanced_accuracy: 0.500000
EPOCH 117:
PU nnPU correction: 0/88 batches, min negative_loss=0.449908, mean negative_loss=0.449980
VALIDATION
valid epoch balanced_accuracy: 0.500000
EPOCH 118:
PU nnPU correction: 0/88 batches, min negative_loss=0.449934, mean negative_loss=0.449983
VALIDATION
valid epoch balanced_accuracy: 0.500000
EPOCH 119:
PU nnPU correction: 0/88 batches, min negative_loss=0.449938, mean negative_loss=0.449983
VALIDATION
valid epoch balanced_accuracy: 0.500000
EPOCH 120:
PU nnPU correction: 0/88 batches, min negative_loss=0.449914, mean negative_loss=0.449981
VALIDATION
valid epoch balanced_accuracy: 0.500000
EPOCH 121:
PU nnPU correction: 0/88 batches, min negative_loss=0.449950, mean negative_loss=0.449986
VALIDATION
valid epoch balanced_accuracy: 0.500000
EPOCH 122:
PU nnPU correction: 0/88 batches, min negative_loss=0.449944, mean negative_loss=0.449982
VALIDATION
valid epoch balanced_accuracy: 0.500000
EPOCH 123:
PU nnPU correction: 0/88 batches, min negative_loss=0.449955, mean negative_loss=0.449981
VALIDATION
valid epoch balanced_accuracy: 0.500000
EPOCH 124:
PU nnPU correction: 0/88 batches, min negative_loss=0.449925, mean negative_loss=0.449978
VALIDATION
valid epoch balanced_accuracy: 0.500000
EPOCH 125:
PU nnPU correction: 0/88 batches, min negative_loss=0.449932, mean negative_loss=0.449976
VALIDATION
valid epoch balanced_accuracy: 0.500000
EPOCH 126:
PU nnPU correction: 0/88 batches, min negative_loss=0.449925, mean negative_loss=0.449978
VALIDATION
valid epoch balanced_accuracy: 0.500000
EPOCH 127:
PU nnPU correction: 0/88 batches, min negative_loss=0.449892, mean negative_loss=0.449974
VALIDATION
valid epoch balanced_accuracy: 0.500000
EPOCH 128:
PU nnPU correction: 0/88 batches, min negative_loss=0.449883, mean negative_loss=0.449969
VALIDATION
valid epoch balanced_accuracy: 0.500000
EPOCH 129:
PU nnPU correction: 0/88 batches, min negative_loss=0.449925, mean negative_loss=0.449967
VALIDATION
valid epoch balanced_accuracy: 0.500000
EPOCH 130:
PU nnPU correction: 0/88 batches, min negative_loss=0.449871, mean negative_loss=0.449968
VALIDATION
valid epoch balanced_accuracy: 0.500000
EPOCH 131:
PU nnPU correction: 0/88 batches, min negative_loss=0.449718, mean negative_loss=0.449906
VALIDATION
valid epoch balanced_accuracy: 0.500000
EPOCH 132:
PU nnPU correction: 0/88 batches, min negative_loss=0.098693, mean negative_loss=0.423915
VALIDATION
valid epoch balanced_accuracy: 0.479167
EPOCH 133:
PU nnPU correction: 0/88 batches, min negative_loss=0.003485, mean negative_loss=0.381996
VALIDATION
valid epoch balanced_accuracy: 0.500000
EPOCH 134:
PU nnPU correction: 0/88 batches, min negative_loss=0.449603, mean negative_loss=0.449858
VALIDATION
valid epoch balanced_accuracy: 0.500000
EPOCH 135:
PU nnPU correction: 0/88 batches, min negative_loss=0.449737, mean negative_loss=0.449884
VALIDATION
valid epoch balanced_accuracy: 0.500000
EPOCH 136:
PU nnPU correction: 0/88 batches, min negative_loss=0.449754, mean negative_loss=0.449906
VALIDATION
valid epoch balanced_accuracy: 0.500000
EPOCH 137:
PU nnPU correction: 0/88 batches, min negative_loss=0.449803, mean negative_loss=0.449935
VALIDATION
valid epoch balanced_accuracy: 0.500000
EPOCH 138:
PU nnPU correction: 0/88 batches, min negative_loss=0.449853, mean negative_loss=0.449938
VALIDATION
valid epoch balanced_accuracy: 0.500000
EPOCH 139:
PU nnPU correction: 0/88 batches, min negative_loss=0.449895, mean negative_loss=0.449952
VALIDATION
valid epoch balanced_accuracy: 0.500000
EPOCH 140:
PU nnPU correction: 0/88 batches, min negative_loss=0.449875, mean negative_loss=0.449953
VALIDATION
valid epoch balanced_accuracy: 0.500000
EPOCH 141:
PU nnPU correction: 0/88 batches, min negative_loss=0.449881, mean negative_loss=0.449956
VALIDATION
valid epoch balanced_accuracy: 0.500000
EPOCH 142:
PU nnPU correction: 0/88 batches, min negative_loss=0.449889, mean negative_loss=0.449953
VALIDATION
valid epoch balanced_accuracy: 0.500000
EPOCH 143:
PU nnPU correction: 0/88 batches, min negative_loss=0.449892, mean negative_loss=0.449954
VALIDATION
valid epoch balanced_accuracy: 0.500000
EPOCH 144:
PU nnPU correction: 0/88 batches, min negative_loss=0.449902, mean negative_loss=0.449958
VALIDATION
valid epoch balanced_accuracy: 0.500000
EPOCH 145:
PU nnPU correction: 0/88 batches, min negative_loss=0.449913, mean negative_loss=0.449969
VALIDATION
valid epoch balanced_accuracy: 0.500000
EPOCH 146:
PU nnPU correction: 0/88 batches, min negative_loss=0.449931, mean negative_loss=0.449973
VALIDATION
valid epoch balanced_accuracy: 0.500000
EPOCH 147:
PU nnPU correction: 0/88 batches, min negative_loss=0.449891, mean negative_loss=0.449971
VALIDATION
valid epoch balanced_accuracy: 0.500000
EPOCH 148:
PU nnPU correction: 0/88 batches, min negative_loss=0.449916, mean negative_loss=0.449971
VALIDATION
valid epoch balanced_accuracy: 0.500000
EPOCH 149:
PU nnPU correction: 0/88 batches, min negative_loss=0.449929, mean negative_loss=0.449975
VALIDATION
valid epoch balanced_accuracy: 0.500000
EPOCH 150:
PU nnPU correction: 0/88 batches, min negative_loss=0.449932, mean negative_loss=0.449976
VALIDATION
valid epoch balanced_accuracy: 0.500000
accuracy: 0.581818
sensitivity: 0.875000
precision: 0.512195
specificity: 0.354839
IoU: 0.477273
FAR: 0.645161
F1: 0.646154
balanced_accuracy: 0.614919
loss: 0.323208
