Waiting for exclusive access to GPU GPU-686f887c-83d7-400a-ba3f-d0dab41dcc04.
=== GROUP: scp2 | VARIANT: nps3mlp_gat_residual | SEED: 2 | GPU: Tesla V100-SXM2-32GB ===

number of parameters : 1411151
train : (1246, 12)
valid : (42, 12)
test : (43, 12)
class weights : [1.1688555479049683, 0.8737727999687195]
data extracted
EPOCH 1:
VALIDATION
valid epoch balanced_accuracy: 0.513636
EPOCH 2:
VALIDATION
valid epoch balanced_accuracy: 0.556818
EPOCH 3:
VALIDATION
valid epoch balanced_accuracy: 0.561364
EPOCH 4:
VALIDATION
valid epoch balanced_accuracy: 0.547727
EPOCH 5:
VALIDATION
valid epoch balanced_accuracy: 0.577273
EPOCH 6:
VALIDATION
valid epoch balanced_accuracy: 0.552273
EPOCH 7:
VALIDATION
valid epoch balanced_accuracy: 0.525000
EPOCH 8:
VALIDATION
valid epoch balanced_accuracy: 0.525000
EPOCH 9:
VALIDATION
valid epoch balanced_accuracy: 0.502273
EPOCH 10:
VALIDATION
valid epoch balanced_accuracy: 0.525000
EPOCH 11:
VALIDATION
valid epoch balanced_accuracy: 0.554545
EPOCH 12:
VALIDATION
valid epoch balanced_accuracy: 0.525000
EPOCH 13:
VALIDATION
valid epoch balanced_accuracy: 0.525000
EPOCH 14:
VALIDATION
valid epoch balanced_accuracy: 0.525000
EPOCH 15:
VALIDATION
valid epoch balanced_accuracy: 0.527273
EPOCH 16:
VALIDATION
valid epoch balanced_accuracy: 0.575000
EPOCH 17:
VALIDATION
valid epoch balanced_accuracy: 0.550000
EPOCH 18:
VALIDATION
valid epoch balanced_accuracy: 0.550000
EPOCH 19:
VALIDATION
valid epoch balanced_accuracy: 0.500000
EPOCH 20:
VALIDATION
valid epoch balanced_accuracy: 0.602273
EPOCH 21:
VALIDATION
valid epoch balanced_accuracy: 0.500000
EPOCH 22:
VALIDATION
valid epoch balanced_accuracy: 0.500000
EPOCH 23:
VALIDATION
valid epoch balanced_accuracy: 0.525000
EPOCH 24:
VALIDATION
valid epoch balanced_accuracy: 0.600000
EPOCH 25:
VALIDATION
valid epoch balanced_accuracy: 0.577273
EPOCH 26:
VALIDATION
valid epoch balanced_accuracy: 0.604545
EPOCH 27:
VALIDATION
valid epoch balanced_accuracy: 0.500000
EPOCH 28:
VALIDATION
valid epoch balanced_accuracy: 0.531818
EPOCH 29:
VALIDATION
valid epoch balanced_accuracy: 0.500000
EPOCH 30:
VALIDATION
valid epoch balanced_accuracy: 0.500000
EPOCH 31:
VALIDATION
valid epoch balanced_accuracy: 0.554545
EPOCH 32:
VALIDATION
valid epoch balanced_accuracy: 0.525000
EPOCH 33:
VALIDATION
valid epoch balanced_accuracy: 0.527273
EPOCH 34:
VALIDATION
valid epoch balanced_accuracy: 0.600000
EPOCH 35:
VALIDATION
valid epoch balanced_accuracy: 0.500000
EPOCH 36:
VALIDATION
valid epoch balanced_accuracy: 0.556818
EPOCH 37:
VALIDATION
valid epoch balanced_accuracy: 0.477273
EPOCH 38:
VALIDATION
valid epoch balanced_accuracy: 0.500000
EPOCH 39:
VALIDATION
valid epoch balanced_accuracy: 0.502273
EPOCH 40:
VALIDATION
valid epoch balanced_accuracy: 0.500000
EPOCH 41:
VALIDATION
valid epoch balanced_accuracy: 0.527273
EPOCH 42:
VALIDATION
valid epoch balanced_accuracy: 0.502273
EPOCH 43:
VALIDATION
valid epoch balanced_accuracy: 0.525000
EPOCH 44:
VALIDATION
valid epoch balanced_accuracy: 0.509091
EPOCH 45:
VALIDATION
valid epoch balanced_accuracy: 0.504545
EPOCH 46:
VALIDATION
valid epoch balanced_accuracy: 0.552273
EPOCH 47:
VALIDATION
valid epoch balanced_accuracy: 0.525000
EPOCH 48:
VALIDATION
valid epoch balanced_accuracy: 0.554545
EPOCH 49:
VALIDATION
valid epoch balanced_accuracy: 0.454545
EPOCH 50:
VALIDATION
valid epoch balanced_accuracy: 0.500000
EPOCH 51:
VALIDATION
valid epoch balanced_accuracy: 0.500000
EPOCH 52:
VALIDATION
valid epoch balanced_accuracy: 0.500000
EPOCH 53:
VALIDATION
valid epoch balanced_accuracy: 0.500000
EPOCH 54:
VALIDATION
valid epoch balanced_accuracy: 0.500000
EPOCH 55:
VALIDATION
valid epoch balanced_accuracy: 0.477273
EPOCH 56:
VALIDATION
valid epoch balanced_accuracy: 0.500000
EPOCH 57:
VALIDATION
valid epoch balanced_accuracy: 0.500000
EPOCH 58:
VALIDATION
valid epoch balanced_accuracy: 0.479545
EPOCH 59:
VALIDATION
valid epoch balanced_accuracy: 0.477273
EPOCH 60:
VALIDATION
valid epoch balanced_accuracy: 0.500000
EPOCH 61:
VALIDATION
valid epoch balanced_accuracy: 0.552273
EPOCH 62:
VALIDATION
valid epoch balanced_accuracy: 0.525000
EPOCH 63:
VALIDATION
valid epoch balanced_accuracy: 0.500000
EPOCH 64:
VALIDATION
valid epoch balanced_accuracy: 0.502273
EPOCH 65:
VALIDATION
valid epoch balanced_accuracy: 0.500000
EPOCH 66:
VALIDATION
valid epoch balanced_accuracy: 0.500000
EPOCH 67:
VALIDATION
valid epoch balanced_accuracy: 0.500000
EPOCH 68:
VALIDATION
valid epoch balanced_accuracy: 0.459091
EPOCH 69:
VALIDATION
valid epoch balanced_accuracy: 0.500000
EPOCH 70:
VALIDATION
valid epoch balanced_accuracy: 0.477273
EPOCH 71:
VALIDATION
valid epoch balanced_accuracy: 0.502273
EPOCH 72:
VALIDATION
valid epoch balanced_accuracy: 0.454545
EPOCH 73:
VALIDATION
valid epoch balanced_accuracy: 0.525000
EPOCH 74:
VALIDATION
valid epoch balanced_accuracy: 0.500000
EPOCH 75:
VALIDATION
valid epoch balanced_accuracy: 0.500000
EPOCH 76:
VALIDATION
valid epoch balanced_accuracy: 0.525000
EPOCH 77:
VALIDATION
valid epoch balanced_accuracy: 0.527273
EPOCH 78:
VALIDATION
valid epoch balanced_accuracy: 0.477273
EPOCH 79:
VALIDATION
valid epoch balanced_accuracy: 0.477273
EPOCH 80:
VALIDATION
valid epoch balanced_accuracy: 0.502273
EPOCH 81:
VALIDATION
valid epoch balanced_accuracy: 0.500000
EPOCH 82:
VALIDATION
valid epoch balanced_accuracy: 0.481818
EPOCH 83:
VALIDATION
valid epoch balanced_accuracy: 0.500000
EPOCH 84:
VALIDATION
valid epoch balanced_accuracy: 0.525000
EPOCH 85:
VALIDATION
valid epoch balanced_accuracy: 0.500000
EPOCH 86:
VALIDATION
valid epoch balanced_accuracy: 0.500000
EPOCH 87:
VALIDATION
valid epoch balanced_accuracy: 0.477273
EPOCH 88:
VALIDATION
valid epoch balanced_accuracy: 0.500000
EPOCH 89:
VALIDATION
valid epoch balanced_accuracy: 0.500000
EPOCH 90:
VALIDATION
valid epoch balanced_accuracy: 0.500000
EPOCH 91:
VALIDATION
valid epoch balanced_accuracy: 0.502273
EPOCH 92:
VALIDATION
valid epoch balanced_accuracy: 0.500000
EPOCH 93:
VALIDATION
valid epoch balanced_accuracy: 0.477273
EPOCH 94:
VALIDATION
valid epoch balanced_accuracy: 0.500000
EPOCH 95:
VALIDATION
valid epoch balanced_accuracy: 0.500000
EPOCH 96:
VALIDATION
valid epoch balanced_accuracy: 0.500000
EPOCH 97:
VALIDATION
valid epoch balanced_accuracy: 0.477273
EPOCH 98:
VALIDATION
valid epoch balanced_accuracy: 0.454545
EPOCH 99:
VALIDATION
valid epoch balanced_accuracy: 0.504545
EPOCH 100:
VALIDATION
valid epoch balanced_accuracy: 0.502273
EPOCH 101:
VALIDATION
valid epoch balanced_accuracy: 0.454545
EPOCH 102:
VALIDATION
valid epoch balanced_accuracy: 0.411364
EPOCH 103:
VALIDATION
valid epoch balanced_accuracy: 0.479545
EPOCH 104:
VALIDATION
valid epoch balanced_accuracy: 0.454545
EPOCH 105:
VALIDATION
valid epoch balanced_accuracy: 0.454545
EPOCH 106:
VALIDATION
valid epoch balanced_accuracy: 0.504545
EPOCH 107:
VALIDATION
valid epoch balanced_accuracy: 0.454545
EPOCH 108:
VALIDATION
valid epoch balanced_accuracy: 0.477273
EPOCH 109:
VALIDATION
valid epoch balanced_accuracy: 0.479545
EPOCH 110:
VALIDATION
valid epoch balanced_accuracy: 0.479545
EPOCH 111:
VALIDATION
valid epoch balanced_accuracy: 0.456818
EPOCH 112:
VALIDATION
valid epoch balanced_accuracy: 0.477273
EPOCH 113:
VALIDATION
valid epoch balanced_accuracy: 0.477273
EPOCH 114:
VALIDATION
valid epoch balanced_accuracy: 0.479545
EPOCH 115:
VALIDATION
valid epoch balanced_accuracy: 0.454545
EPOCH 116:
VALIDATION
valid epoch balanced_accuracy: 0.477273
EPOCH 117:
VALIDATION
valid epoch balanced_accuracy: 0.479545
EPOCH 118:
VALIDATION
valid epoch balanced_accuracy: 0.454545
EPOCH 119:
VALIDATION
valid epoch balanced_accuracy: 0.477273
EPOCH 120:
VALIDATION
valid epoch balanced_accuracy: 0.454545
EPOCH 121:
VALIDATION
valid epoch balanced_accuracy: 0.500000
EPOCH 122:
VALIDATION
valid epoch balanced_accuracy: 0.431818
EPOCH 123:
VALIDATION
valid epoch balanced_accuracy: 0.477273
EPOCH 124:
VALIDATION
valid epoch balanced_accuracy: 0.454545
EPOCH 125:
VALIDATION
valid epoch balanced_accuracy: 0.454545
EPOCH 126:
VALIDATION
valid epoch balanced_accuracy: 0.454545
EPOCH 127:
VALIDATION
valid epoch balanced_accuracy: 0.479545
EPOCH 128:
VALIDATION
valid epoch balanced_accuracy: 0.454545
EPOCH 129:
VALIDATION
valid epoch balanced_accuracy: 0.477273
EPOCH 130:
VALIDATION
valid epoch balanced_accuracy: 0.504545
EPOCH 131:
VALIDATION
valid epoch balanced_accuracy: 0.434091
EPOCH 132:
VALIDATION
valid epoch balanced_accuracy: 0.409091
EPOCH 133:
VALIDATION
valid epoch balanced_accuracy: 0.504545
EPOCH 134:
VALIDATION
valid epoch balanced_accuracy: 0.481818
EPOCH 135:
VALIDATION
valid epoch balanced_accuracy: 0.484091
EPOCH 136:
VALIDATION
valid epoch balanced_accuracy: 0.484091
EPOCH 137:
VALIDATION
valid epoch balanced_accuracy: 0.484091
EPOCH 138:
VALIDATION
valid epoch balanced_accuracy: 0.461364
EPOCH 139:
VALIDATION
valid epoch balanced_accuracy: 0.459091
EPOCH 140:
VALIDATION
valid epoch balanced_accuracy: 0.436364
EPOCH 141:
VALIDATION
valid epoch balanced_accuracy: 0.459091
EPOCH 142:
VALIDATION
valid epoch balanced_accuracy: 0.484091
EPOCH 143:
VALIDATION
valid epoch balanced_accuracy: 0.459091
EPOCH 144:
VALIDATION
valid epoch balanced_accuracy: 0.434091
EPOCH 145:
VALIDATION
valid epoch balanced_accuracy: 0.459091
EPOCH 146:
VALIDATION
valid epoch balanced_accuracy: 0.459091
EPOCH 147:
VALIDATION
valid epoch balanced_accuracy: 0.459091
EPOCH 148:
VALIDATION
valid epoch balanced_accuracy: 0.502273
EPOCH 149:
VALIDATION
valid epoch balanced_accuracy: 0.502273
EPOCH 150:
VALIDATION
valid epoch balanced_accuracy: 0.531818
accuracy: 0.465116
sensitivity: 0.260870
precision: 0.500000
specificity: 0.700000
IoU: 0.206897
FAR: 0.300000
F1: 0.342857
balanced_accuracy: 0.480435
loss: 1.580919
