
number of parameters : 1075406
train : (1221, 12)
valid : (55, 12)
test : (55, 12)
class weights : [1.1181318759918213, 0.9044444561004639]
data extracted
EPOCH 1:
VALIDATION
valid epoch balanced_accuracy: 0.419071
EPOCH 2:
VALIDATION
valid epoch balanced_accuracy: 0.450321
EPOCH 3:
VALIDATION
valid epoch balanced_accuracy: 0.137821
EPOCH 4:
VALIDATION
valid epoch balanced_accuracy: 0.419071
EPOCH 5:
VALIDATION
valid epoch balanced_accuracy: 0.468750
EPOCH 6:
VALIDATION
valid epoch balanced_accuracy: 0.419071
EPOCH 7:
VALIDATION
valid epoch balanced_accuracy: 0.450321
EPOCH 8:
VALIDATION
valid epoch balanced_accuracy: 0.468750
EPOCH 9:
VALIDATION
valid epoch balanced_accuracy: 0.450321
EPOCH 10:
VALIDATION
valid epoch balanced_accuracy: 0.450321
EPOCH 11:
VALIDATION
valid epoch balanced_accuracy: 0.450321
EPOCH 12:
VALIDATION
valid epoch balanced_accuracy: 0.325321
EPOCH 13:
VALIDATION
valid epoch balanced_accuracy: 0.387821
EPOCH 14:
VALIDATION
valid epoch balanced_accuracy: 0.481571
EPOCH 15:
VALIDATION
valid epoch balanced_accuracy: 0.481571
EPOCH 16:
VALIDATION
valid epoch balanced_accuracy: 0.437500
EPOCH 17:
VALIDATION
valid epoch balanced_accuracy: 0.468750
EPOCH 18:
VALIDATION
valid epoch balanced_accuracy: 0.406250
EPOCH 19:
VALIDATION
valid epoch balanced_accuracy: 0.500000
EPOCH 20:
VALIDATION
valid epoch balanced_accuracy: 0.468750
EPOCH 21:
VALIDATION
valid epoch balanced_accuracy: 0.356571
EPOCH 22:
VALIDATION
valid epoch balanced_accuracy: 0.312500
EPOCH 23:
VALIDATION
valid epoch balanced_accuracy: 0.387821
EPOCH 24:
VALIDATION
valid epoch balanced_accuracy: 0.437500
EPOCH 25:
VALIDATION
valid epoch balanced_accuracy: 0.406250
EPOCH 26:
VALIDATION
valid epoch balanced_accuracy: 0.375000
EPOCH 27:
VALIDATION
valid epoch balanced_accuracy: 0.387821
EPOCH 28:
VALIDATION
valid epoch balanced_accuracy: 0.419071
EPOCH 29:
VALIDATION
valid epoch balanced_accuracy: 0.356571
EPOCH 30:
VALIDATION
valid epoch balanced_accuracy: 0.419071
EPOCH 31:
VALIDATION
valid epoch balanced_accuracy: 0.450321
EPOCH 32:
VALIDATION
valid epoch balanced_accuracy: 0.281250
EPOCH 33:
VALIDATION
valid epoch balanced_accuracy: 0.343750
EPOCH 34:
VALIDATION
valid epoch balanced_accuracy: 0.450321
EPOCH 35:
VALIDATION
valid epoch balanced_accuracy: 0.375000
EPOCH 36:
VALIDATION
valid epoch balanced_accuracy: 0.406250
EPOCH 37:
VALIDATION
valid epoch balanced_accuracy: 0.343750
EPOCH 38:
VALIDATION
valid epoch balanced_accuracy: 0.375000
EPOCH 39:
VALIDATION
valid epoch balanced_accuracy: 0.312500
EPOCH 40:
VALIDATION
valid epoch balanced_accuracy: 0.343750
EPOCH 41:
VALIDATION
valid epoch balanced_accuracy: 0.312500
EPOCH 42:
VALIDATION
valid epoch balanced_accuracy: 0.294071
EPOCH 43:
VALIDATION
valid epoch balanced_accuracy: 0.375000
EPOCH 44:
VALIDATION
valid epoch balanced_accuracy: 0.406250
EPOCH 45:
VALIDATION
valid epoch balanced_accuracy: 0.375000
EPOCH 46:
VALIDATION
valid epoch balanced_accuracy: 0.387821
EPOCH 47:
VALIDATION
valid epoch balanced_accuracy: 0.312500
EPOCH 48:
VALIDATION
valid epoch balanced_accuracy: 0.406250
EPOCH 49:
VALIDATION
valid epoch balanced_accuracy: 0.406250
EPOCH 50:
VALIDATION
valid epoch balanced_accuracy: 0.312500
EPOCH 51:
VALIDATION
valid epoch balanced_accuracy: 0.406250
EPOCH 52:
VALIDATION
valid epoch balanced_accuracy: 0.375000
EPOCH 53:
VALIDATION
valid epoch balanced_accuracy: 0.375000
EPOCH 54:
VALIDATION
valid epoch balanced_accuracy: 0.356571
EPOCH 55:
VALIDATION
valid epoch balanced_accuracy: 0.375000
EPOCH 56:
VALIDATION
valid epoch balanced_accuracy: 0.312500
EPOCH 57:
VALIDATION
valid epoch balanced_accuracy: 0.406250
EPOCH 58:
VALIDATION
valid epoch balanced_accuracy: 0.231571
EPOCH 59:
VALIDATION
valid epoch balanced_accuracy: 0.325321
EPOCH 60:
VALIDATION
valid epoch balanced_accuracy: 0.343750
EPOCH 61:
VALIDATION
valid epoch balanced_accuracy: 0.294071
EPOCH 62:
VALIDATION
valid epoch balanced_accuracy: 0.375000
EPOCH 63:
VALIDATION
valid epoch balanced_accuracy: 0.343750
EPOCH 64:
VALIDATION
valid epoch balanced_accuracy: 0.343750
EPOCH 65:
VALIDATION
valid epoch balanced_accuracy: 0.343750
EPOCH 66:
VALIDATION
valid epoch balanced_accuracy: 0.312500
EPOCH 67:
VALIDATION
valid epoch balanced_accuracy: 0.375000
EPOCH 68:
VALIDATION
valid epoch balanced_accuracy: 0.375000
EPOCH 69:
VALIDATION
valid epoch balanced_accuracy: 0.312500
EPOCH 70:
VALIDATION
valid epoch balanced_accuracy: 0.312500
EPOCH 71:
VALIDATION
valid epoch balanced_accuracy: 0.343750
EPOCH 72:
VALIDATION
valid epoch balanced_accuracy: 0.294071
EPOCH 73:
VALIDATION
valid epoch balanced_accuracy: 0.312500
EPOCH 74:
VALIDATION
valid epoch balanced_accuracy: 0.312500
EPOCH 75:
VALIDATION
valid epoch balanced_accuracy: 0.312500
EPOCH 76:
VALIDATION
valid epoch balanced_accuracy: 0.356571
EPOCH 77:
VALIDATION
valid epoch balanced_accuracy: 0.312500
EPOCH 78:
VALIDATION
valid epoch balanced_accuracy: 0.312500
EPOCH 79:
VALIDATION
valid epoch balanced_accuracy: 0.294071
EARLY STOPPING: rolling validation balanced accuracy did not improve for 60 epochs and validation loss increased over the same window.
accuracy: 0.236364
sensitivity: 0.000000
precision: undefined
specificity: 1.000000
IoU: 0.000000
FAR: 0.000000
F1: 0.000000
balanced_accuracy: 0.500000
loss: 4.529304
