Waiting for exclusive access to GPU GPU-ac37ca99-0ede-46a3-55a3-87e83a06ac50.
=== GROUP: GLTP | VARIANT: single_gat_layer | SEED: 1 | FINAL_DROPOUT: 0.0 | WEIGHT_DECAY: 1e-5 | GPU: Tesla V100-SXM2-32GB ===

number of parameters : 1075406
train : (1224, 12)
valid : (54, 12)
test : (53, 12)
class weights : [1.1147540807724, 0.9066666960716248]
data extracted
EPOCH 1:
VALIDATION
valid epoch balanced_accuracy: 0.201113
EPOCH 2:
VALIDATION
valid epoch balanced_accuracy: 0.422893
EPOCH 3:
VALIDATION
valid epoch balanced_accuracy: 0.230525
EPOCH 4:
VALIDATION
valid epoch balanced_accuracy: 0.259936
EPOCH 5:
VALIDATION
valid epoch balanced_accuracy: 0.289348
EPOCH 6:
VALIDATION
valid epoch balanced_accuracy: 0.318760
EPOCH 7:
VALIDATION
valid epoch balanced_accuracy: 0.201113
EPOCH 8:
VALIDATION
valid epoch balanced_accuracy: 0.291733
EPOCH 9:
VALIDATION
valid epoch balanced_accuracy: 0.246423
EPOCH 10:
VALIDATION
valid epoch balanced_accuracy: 0.307631
EPOCH 11:
VALIDATION
valid epoch balanced_accuracy: 0.278219
EPOCH 12:
VALIDATION
valid epoch balanced_accuracy: 0.379968
EPOCH 13:
VALIDATION
valid epoch balanced_accuracy: 0.350556
EPOCH 14:
VALIDATION
valid epoch balanced_accuracy: 0.411765
EPOCH 15:
VALIDATION
valid epoch balanced_accuracy: 0.411765
EPOCH 16:
VALIDATION
valid epoch balanced_accuracy: 0.395866
EPOCH 17:
VALIDATION
valid epoch balanced_accuracy: 0.382353
EPOCH 18:
VALIDATION
valid epoch balanced_accuracy: 0.366455
EPOCH 19:
VALIDATION
valid epoch balanced_accuracy: 0.395866
EPOCH 20:
VALIDATION
valid epoch balanced_accuracy: 0.382353
EPOCH 21:
VALIDATION
valid epoch balanced_accuracy: 0.382353
EPOCH 22:
VALIDATION
valid epoch balanced_accuracy: 0.382353
EPOCH 23:
VALIDATION
valid epoch balanced_accuracy: 0.379968
EPOCH 24:
VALIDATION
valid epoch balanced_accuracy: 0.337043
EPOCH 25:
VALIDATION
valid epoch balanced_accuracy: 0.366455
EPOCH 26:
VALIDATION
valid epoch balanced_accuracy: 0.382353
EPOCH 27:
VALIDATION
valid epoch balanced_accuracy: 0.382353
EPOCH 28:
VALIDATION
valid epoch balanced_accuracy: 0.382353
EPOCH 29:
VALIDATION
valid epoch balanced_accuracy: 0.395866
EPOCH 30:
VALIDATION
valid epoch balanced_accuracy: 0.379968
EPOCH 31:
VALIDATION
valid epoch balanced_accuracy: 0.382353
EPOCH 32:
VALIDATION
valid epoch balanced_accuracy: 0.382353
EPOCH 33:
VALIDATION
valid epoch balanced_accuracy: 0.409380
EPOCH 34:
VALIDATION
valid epoch balanced_accuracy: 0.352941
EPOCH 35:
VALIDATION
valid epoch balanced_accuracy: 0.411765
EPOCH 36:
VALIDATION
valid epoch balanced_accuracy: 0.382353
EPOCH 37:
VALIDATION
valid epoch balanced_accuracy: 0.382353
EPOCH 38:
VALIDATION
valid epoch balanced_accuracy: 0.382353
EPOCH 39:
VALIDATION
valid epoch balanced_accuracy: 0.382353
EPOCH 40:
VALIDATION
valid epoch balanced_accuracy: 0.382353
EPOCH 41:
VALIDATION
valid epoch balanced_accuracy: 0.409380
EPOCH 42:
VALIDATION
valid epoch balanced_accuracy: 0.366455
EPOCH 43:
VALIDATION
valid epoch balanced_accuracy: 0.382353
EPOCH 44:
VALIDATION
valid epoch balanced_accuracy: 0.382353
EPOCH 45:
VALIDATION
valid epoch balanced_accuracy: 0.382353
EPOCH 46:
VALIDATION
valid epoch balanced_accuracy: 0.382353
EPOCH 47:
VALIDATION
valid epoch balanced_accuracy: 0.395866
EPOCH 48:
VALIDATION
valid epoch balanced_accuracy: 0.382353
EPOCH 49:
VALIDATION
valid epoch balanced_accuracy: 0.382353
EPOCH 50:
VALIDATION
valid epoch balanced_accuracy: 0.352941
EPOCH 51:
VALIDATION
valid epoch balanced_accuracy: 0.305246
EPOCH 52:
VALIDATION
valid epoch balanced_accuracy: 0.382353
EPOCH 53:
VALIDATION
valid epoch balanced_accuracy: 0.382353
EPOCH 54:
VALIDATION
valid epoch balanced_accuracy: 0.382353
EPOCH 55:
VALIDATION
valid epoch balanced_accuracy: 0.422893
EPOCH 56:
VALIDATION
valid epoch balanced_accuracy: 0.409380
EPOCH 57:
VALIDATION
valid epoch balanced_accuracy: 0.395866
EPOCH 58:
VALIDATION
valid epoch balanced_accuracy: 0.382353
EPOCH 59:
VALIDATION
valid epoch balanced_accuracy: 0.395866
EPOCH 60:
VALIDATION
valid epoch balanced_accuracy: 0.395866
EPOCH 61:
VALIDATION
valid epoch balanced_accuracy: 0.352941
EPOCH 62:
VALIDATION
valid epoch balanced_accuracy: 0.382353
EPOCH 63:
VALIDATION
valid epoch balanced_accuracy: 0.382353
EPOCH 64:
VALIDATION
valid epoch balanced_accuracy: 0.395866
EPOCH 65:
VALIDATION
valid epoch balanced_accuracy: 0.382353
EPOCH 66:
VALIDATION
valid epoch balanced_accuracy: 0.431638
EPOCH 67:
VALIDATION
valid epoch balanced_accuracy: 0.395866
EPOCH 68:
VALIDATION
valid epoch balanced_accuracy: 0.379968
EPOCH 69:
VALIDATION
valid epoch balanced_accuracy: 0.395866
EPOCH 70:
VALIDATION
valid epoch balanced_accuracy: 0.395866
EPOCH 71:
VALIDATION
valid epoch balanced_accuracy: 0.382353
EPOCH 72:
VALIDATION
valid epoch balanced_accuracy: 0.382353
EPOCH 73:
VALIDATION
valid epoch balanced_accuracy: 0.395866
EPOCH 74:
VALIDATION
valid epoch balanced_accuracy: 0.382353
EPOCH 75:
VALIDATION
valid epoch balanced_accuracy: 0.382353
EPOCH 76:
VALIDATION
valid epoch balanced_accuracy: 0.422893
EPOCH 77:
VALIDATION
valid epoch balanced_accuracy: 0.436407
EPOCH 78:
VALIDATION
valid epoch balanced_accuracy: 0.436407
EPOCH 79:
VALIDATION
valid epoch balanced_accuracy: 0.409380
EPOCH 80:
VALIDATION
valid epoch balanced_accuracy: 0.382353
EPOCH 81:
VALIDATION
valid epoch balanced_accuracy: 0.422893
EPOCH 82:
VALIDATION
valid epoch balanced_accuracy: 0.409380
EPOCH 83:
VALIDATION
valid epoch balanced_accuracy: 0.461049
EPOCH 84:
VALIDATION
valid epoch balanced_accuracy: 0.409380
EPOCH 85:
VALIDATION
valid epoch balanced_accuracy: 0.379968
EPOCH 86:
VALIDATION
valid epoch balanced_accuracy: 0.470588
EPOCH 87:
VALIDATION
valid epoch balanced_accuracy: 0.408585
EPOCH 88:
VALIDATION
valid epoch balanced_accuracy: 0.352941
EPOCH 89:
VALIDATION
valid epoch balanced_accuracy: 0.382353
EPOCH 90:
VALIDATION
valid epoch balanced_accuracy: 0.411765
EPOCH 91:
VALIDATION
valid epoch balanced_accuracy: 0.449921
EPOCH 92:
VALIDATION
valid epoch balanced_accuracy: 0.391097
EPOCH 93:
VALIDATION
valid epoch balanced_accuracy: 0.382353
EPOCH 94:
VALIDATION
valid epoch balanced_accuracy: 0.406995
EPOCH 95:
VALIDATION
valid epoch balanced_accuracy: 0.382353
EPOCH 96:
VALIDATION
valid epoch balanced_accuracy: 0.436407
EPOCH 97:
VALIDATION
valid epoch balanced_accuracy: 0.463434
EPOCH 98:
VALIDATION
valid epoch balanced_accuracy: 0.382353
EPOCH 99:
VALIDATION
valid epoch balanced_accuracy: 0.436407
EPOCH 100:
VALIDATION
valid epoch balanced_accuracy: 0.409380
EPOCH 101:
VALIDATION
valid epoch balanced_accuracy: 0.436407
EPOCH 102:
VALIDATION
valid epoch balanced_accuracy: 0.422893
EPOCH 103:
VALIDATION
valid epoch balanced_accuracy: 0.409380
EPOCH 104:
VALIDATION
valid epoch balanced_accuracy: 0.382353
EPOCH 105:
VALIDATION
valid epoch balanced_accuracy: 0.379968
EPOCH 106:
VALIDATION
valid epoch balanced_accuracy: 0.411765
EPOCH 107:
VALIDATION
valid epoch balanced_accuracy: 0.382353
EPOCH 108:
VALIDATION
valid epoch balanced_accuracy: 0.395866
EPOCH 109:
VALIDATION
valid epoch balanced_accuracy: 0.382353
EPOCH 110:
VALIDATION
valid epoch balanced_accuracy: 0.472178
EPOCH 111:
VALIDATION
valid epoch balanced_accuracy: 0.382353
EPOCH 112:
VALIDATION
valid epoch balanced_accuracy: 0.382353
EPOCH 113:
VALIDATION
valid epoch balanced_accuracy: 0.382353
EPOCH 114:
VALIDATION
valid epoch balanced_accuracy: 0.395866
EPOCH 115:
VALIDATION
valid epoch balanced_accuracy: 0.382353
EPOCH 116:
VALIDATION
valid epoch balanced_accuracy: 0.382353
EPOCH 117:
VALIDATION
valid epoch balanced_accuracy: 0.382353
EPOCH 118:
VALIDATION
valid epoch balanced_accuracy: 0.395866
EPOCH 119:
VALIDATION
valid epoch balanced_accuracy: 0.382353
EPOCH 120:
VALIDATION
valid epoch balanced_accuracy: 0.382353
EPOCH 121:
VALIDATION
valid epoch balanced_accuracy: 0.382353
EPOCH 122:
VALIDATION
valid epoch balanced_accuracy: 0.382353
EPOCH 123:
VALIDATION
valid epoch balanced_accuracy: 0.382353
EPOCH 124:
VALIDATION
valid epoch balanced_accuracy: 0.382353
EPOCH 125:
VALIDATION
valid epoch balanced_accuracy: 0.382353
EPOCH 126:
VALIDATION
valid epoch balanced_accuracy: 0.382353
EPOCH 127:
VALIDATION
valid epoch balanced_accuracy: 0.490461
EPOCH 128:
VALIDATION
valid epoch balanced_accuracy: 0.366455
EPOCH 129:
VALIDATION
valid epoch balanced_accuracy: 0.479332
EPOCH 130:
VALIDATION
valid epoch balanced_accuracy: 0.476948
EPOCH 131:
VALIDATION
valid epoch balanced_accuracy: 0.465819
EPOCH 132:
VALIDATION
valid epoch balanced_accuracy: 0.393482
EPOCH 133:
VALIDATION
valid epoch balanced_accuracy: 0.379968
EPOCH 134:
VALIDATION
valid epoch balanced_accuracy: 0.395866
EPOCH 135:
VALIDATION
valid epoch balanced_accuracy: 0.377583
EPOCH 136:
VALIDATION
valid epoch balanced_accuracy: 0.395866
EPOCH 137:
VALIDATION
valid epoch balanced_accuracy: 0.337043
EPOCH 138:
VALIDATION
valid epoch balanced_accuracy: 0.350556
EPOCH 139:
VALIDATION
valid epoch balanced_accuracy: 0.395866
EPOCH 140:
VALIDATION
valid epoch balanced_accuracy: 0.350556
EPOCH 141:
VALIDATION
valid epoch balanced_accuracy: 0.350556
EPOCH 142:
VALIDATION
valid epoch balanced_accuracy: 0.364070
EPOCH 143:
VALIDATION
valid epoch balanced_accuracy: 0.323529
EPOCH 144:
VALIDATION
valid epoch balanced_accuracy: 0.364070
EPOCH 145:
VALIDATION
valid epoch balanced_accuracy: 0.377583
EPOCH 146:
VALIDATION
valid epoch balanced_accuracy: 0.350556
EPOCH 147:
VALIDATION
valid epoch balanced_accuracy: 0.391097
EPOCH 148:
VALIDATION
valid epoch balanced_accuracy: 0.382353
EPOCH 149:
VALIDATION
valid epoch balanced_accuracy: 0.411765
EPOCH 150:
VALIDATION
valid epoch balanced_accuracy: 0.388712
accuracy: 0.226415
sensitivity: 0.136364
precision: 0.666667
specificity: 0.666667
IoU: 0.127660
FAR: 0.333333
F1: 0.226415
balanced_accuracy: 0.401515
loss: 6.811585
