Waiting for exclusive access to GPU GPU-cbe650a6-6a01-7ee8-8bcf-15459195dc19.
=== GROUP: scp2 | VARIANT: no_post_sa_3mlp_gelu | SEED: 0 | GPU: Tesla V100-SXM2-32GB ===

number of parameters : 1403982
train : (1236, 12)
valid : (48, 12)
test : (47, 12)
class weights : [1.181644320487976, 0.8667601943016052]
data extracted
EPOCH 1:
VALIDATION
valid epoch balanced_accuracy: 0.500000
EPOCH 2:
VALIDATION
valid epoch balanced_accuracy: 0.580420
EPOCH 3:
VALIDATION
valid epoch balanced_accuracy: 0.526224
EPOCH 4:
VALIDATION
valid epoch balanced_accuracy: 0.526224
EPOCH 5:
VALIDATION
valid epoch balanced_accuracy: 0.559441
EPOCH 6:
VALIDATION
valid epoch balanced_accuracy: 0.487762
EPOCH 7:
VALIDATION
valid epoch balanced_accuracy: 0.526224
EPOCH 8:
VALIDATION
valid epoch balanced_accuracy: 0.585664
EPOCH 9:
VALIDATION
valid epoch balanced_accuracy: 0.506993
EPOCH 10:
VALIDATION
valid epoch balanced_accuracy: 0.631119
EPOCH 11:
VALIDATION
valid epoch balanced_accuracy: 0.461538
EPOCH 12:
VALIDATION
valid epoch balanced_accuracy: 0.657343
EPOCH 13:
VALIDATION
valid epoch balanced_accuracy: 0.526224
EPOCH 14:
VALIDATION
valid epoch balanced_accuracy: 0.624126
EPOCH 15:
VALIDATION
valid epoch balanced_accuracy: 0.555944
EPOCH 16:
VALIDATION
valid epoch balanced_accuracy: 0.646853
EPOCH 17:
VALIDATION
valid epoch balanced_accuracy: 0.526224
EPOCH 18:
VALIDATION
valid epoch balanced_accuracy: 0.695804
EPOCH 19:
VALIDATION
valid epoch balanced_accuracy: 0.646853
EPOCH 20:
VALIDATION
valid epoch balanced_accuracy: 0.666084
EPOCH 21:
VALIDATION
valid epoch balanced_accuracy: 0.715035
EPOCH 22:
VALIDATION
valid epoch balanced_accuracy: 0.741259
EPOCH 23:
VALIDATION
valid epoch balanced_accuracy: 0.643357
EPOCH 24:
VALIDATION
valid epoch balanced_accuracy: 0.666084
EPOCH 25:
VALIDATION
valid epoch balanced_accuracy: 0.639860
EPOCH 26:
VALIDATION
valid epoch balanced_accuracy: 0.617133
EPOCH 27:
VALIDATION
valid epoch balanced_accuracy: 0.597902
EPOCH 28:
VALIDATION
valid epoch balanced_accuracy: 0.571678
EPOCH 29:
VALIDATION
valid epoch balanced_accuracy: 0.646853
EPOCH 30:
VALIDATION
valid epoch balanced_accuracy: 0.620629
EPOCH 31:
VALIDATION
valid epoch balanced_accuracy: 0.666084
EPOCH 32:
VALIDATION
valid epoch balanced_accuracy: 0.653846
EPOCH 33:
VALIDATION
valid epoch balanced_accuracy: 0.741259
EPOCH 34:
VALIDATION
valid epoch balanced_accuracy: 0.650350
EPOCH 35:
VALIDATION
valid epoch balanced_accuracy: 0.624126
EPOCH 36:
VALIDATION
valid epoch balanced_accuracy: 0.597902
EPOCH 37:
VALIDATION
valid epoch balanced_accuracy: 0.575175
EPOCH 38:
VALIDATION
valid epoch balanced_accuracy: 0.685315
EPOCH 39:
VALIDATION
valid epoch balanced_accuracy: 0.643357
EPOCH 40:
VALIDATION
valid epoch balanced_accuracy: 0.650350
EPOCH 41:
VALIDATION
valid epoch balanced_accuracy: 0.487762
EPOCH 42:
VALIDATION
valid epoch balanced_accuracy: 0.715035
EPOCH 43:
VALIDATION
valid epoch balanced_accuracy: 0.627622
EPOCH 44:
VALIDATION
valid epoch balanced_accuracy: 0.620629
EPOCH 45:
VALIDATION
valid epoch balanced_accuracy: 0.646853
EPOCH 46:
VALIDATION
valid epoch balanced_accuracy: 0.763986
EPOCH 47:
VALIDATION
valid epoch balanced_accuracy: 0.529720
EPOCH 48:
VALIDATION
valid epoch balanced_accuracy: 0.695804
EPOCH 49:
VALIDATION
valid epoch balanced_accuracy: 0.613636
EPOCH 50:
VALIDATION
valid epoch balanced_accuracy: 0.650350
EPOCH 51:
VALIDATION
valid epoch balanced_accuracy: 0.666084
EPOCH 52:
VALIDATION
valid epoch balanced_accuracy: 0.620629
EPOCH 53:
VALIDATION
valid epoch balanced_accuracy: 0.741259
EPOCH 54:
VALIDATION
valid epoch balanced_accuracy: 0.722028
EPOCH 55:
VALIDATION
valid epoch balanced_accuracy: 0.715035
EPOCH 56:
VALIDATION
valid epoch balanced_accuracy: 0.718531
EPOCH 57:
VALIDATION
valid epoch balanced_accuracy: 0.711538
EPOCH 58:
VALIDATION
valid epoch balanced_accuracy: 0.695804
EPOCH 59:
VALIDATION
valid epoch balanced_accuracy: 0.673077
EPOCH 60:
VALIDATION
valid epoch balanced_accuracy: 0.718531
EPOCH 61:
VALIDATION
valid epoch balanced_accuracy: 0.695804
EPOCH 62:
VALIDATION
valid epoch balanced_accuracy: 0.737762
EPOCH 63:
VALIDATION
valid epoch balanced_accuracy: 0.660839
EPOCH 64:
VALIDATION
valid epoch balanced_accuracy: 0.702797
EPOCH 65:
VALIDATION
valid epoch balanced_accuracy: 0.718531
EPOCH 66:
VALIDATION
valid epoch balanced_accuracy: 0.725524
EPOCH 67:
VALIDATION
valid epoch balanced_accuracy: 0.575175
EPOCH 68:
VALIDATION
valid epoch balanced_accuracy: 0.748252
EPOCH 69:
VALIDATION
valid epoch balanced_accuracy: 0.748252
EPOCH 70:
VALIDATION
valid epoch balanced_accuracy: 0.575175
EPOCH 71:
VALIDATION
valid epoch balanced_accuracy: 0.711538
EPOCH 72:
VALIDATION
valid epoch balanced_accuracy: 0.730769
EPOCH 73:
VALIDATION
valid epoch balanced_accuracy: 0.673077
EPOCH 74:
VALIDATION
valid epoch balanced_accuracy: 0.646853
EPOCH 75:
VALIDATION
valid epoch balanced_accuracy: 0.653846
EPOCH 76:
VALIDATION
valid epoch balanced_accuracy: 0.646853
EPOCH 77:
VALIDATION
valid epoch balanced_accuracy: 0.699301
EPOCH 78:
VALIDATION
valid epoch balanced_accuracy: 0.653846
EPOCH 79:
VALIDATION
valid epoch balanced_accuracy: 0.653846
EPOCH 80:
VALIDATION
valid epoch balanced_accuracy: 0.578671
EPOCH 81:
VALIDATION
valid epoch balanced_accuracy: 0.646853
EPOCH 82:
VALIDATION
valid epoch balanced_accuracy: 0.634615
EPOCH 83:
VALIDATION
valid epoch balanced_accuracy: 0.608392
EPOCH 84:
VALIDATION
valid epoch balanced_accuracy: 0.643357
EPOCH 85:
VALIDATION
valid epoch balanced_accuracy: 0.673077
EPOCH 86:
VALIDATION
valid epoch balanced_accuracy: 0.646853
EPOCH 87:
VALIDATION
valid epoch balanced_accuracy: 0.673077
EPOCH 88:
VALIDATION
valid epoch balanced_accuracy: 0.666084
EPOCH 89:
VALIDATION
valid epoch balanced_accuracy: 0.669580
EPOCH 90:
VALIDATION
valid epoch balanced_accuracy: 0.666084
EPOCH 91:
VALIDATION
valid epoch balanced_accuracy: 0.692308
EPOCH 92:
VALIDATION
valid epoch balanced_accuracy: 0.688811
EPOCH 93:
VALIDATION
valid epoch balanced_accuracy: 0.627622
EPOCH 94:
VALIDATION
valid epoch balanced_accuracy: 0.624126
EPOCH 95:
VALIDATION
valid epoch balanced_accuracy: 0.646853
EPOCH 96:
VALIDATION
valid epoch balanced_accuracy: 0.692308
EPOCH 97:
VALIDATION
valid epoch balanced_accuracy: 0.597902
EPOCH 98:
VALIDATION
valid epoch balanced_accuracy: 0.688811
EPOCH 99:
VALIDATION
valid epoch balanced_accuracy: 0.695804
EPOCH 100:
VALIDATION
valid epoch balanced_accuracy: 0.620629
EPOCH 101:
VALIDATION
valid epoch balanced_accuracy: 0.666084
EPOCH 102:
VALIDATION
valid epoch balanced_accuracy: 0.646853
EPOCH 103:
VALIDATION
valid epoch balanced_accuracy: 0.711538
EPOCH 104:
VALIDATION
valid epoch balanced_accuracy: 0.669580
EPOCH 105:
VALIDATION
valid epoch balanced_accuracy: 0.617133
EPOCH 106:
VALIDATION
valid epoch balanced_accuracy: 0.646853
EPOCH 107:
VALIDATION
valid epoch balanced_accuracy: 0.676573
EPOCH 108:
VALIDATION
valid epoch balanced_accuracy: 0.676573
EPOCH 109:
VALIDATION
valid epoch balanced_accuracy: 0.646853
EPOCH 110:
VALIDATION
valid epoch balanced_accuracy: 0.669580
EPOCH 111:
VALIDATION
valid epoch balanced_accuracy: 0.643357
EPOCH 112:
VALIDATION
valid epoch balanced_accuracy: 0.627622
EPOCH 113:
VALIDATION
valid epoch balanced_accuracy: 0.627622
EPOCH 114:
VALIDATION
valid epoch balanced_accuracy: 0.650350
EPOCH 115:
VALIDATION
valid epoch balanced_accuracy: 0.627622
EPOCH 116:
VALIDATION
valid epoch balanced_accuracy: 0.643357
EPOCH 117:
VALIDATION
valid epoch balanced_accuracy: 0.627622
EPOCH 118:
VALIDATION
valid epoch balanced_accuracy: 0.669580
EPOCH 119:
VALIDATION
valid epoch balanced_accuracy: 0.666084
EPOCH 120:
VALIDATION
valid epoch balanced_accuracy: 0.620629
EPOCH 121:
VALIDATION
valid epoch balanced_accuracy: 0.624126
EPOCH 122:
VALIDATION
valid epoch balanced_accuracy: 0.666084
EPOCH 123:
VALIDATION
valid epoch balanced_accuracy: 0.669580
EPOCH 124:
VALIDATION
valid epoch balanced_accuracy: 0.695804
EPOCH 125:
VALIDATION
valid epoch balanced_accuracy: 0.695804
EPOCH 126:
VALIDATION
valid epoch balanced_accuracy: 0.688811
EPOCH 127:
VALIDATION
valid epoch balanced_accuracy: 0.650350
EPOCH 128:
VALIDATION
valid epoch balanced_accuracy: 0.662587
EPOCH 129:
VALIDATION
valid epoch balanced_accuracy: 0.620629
EPOCH 130:
VALIDATION
valid epoch balanced_accuracy: 0.673077
EPOCH 131:
VALIDATION
valid epoch balanced_accuracy: 0.650350
EPOCH 132:
VALIDATION
valid epoch balanced_accuracy: 0.650350
EPOCH 133:
VALIDATION
valid epoch balanced_accuracy: 0.725524
EPOCH 134:
VALIDATION
valid epoch balanced_accuracy: 0.736014
EPOCH 135:
VALIDATION
valid epoch balanced_accuracy: 0.729021
EPOCH 136:
VALIDATION
valid epoch balanced_accuracy: 0.627622
EPOCH 137:
VALIDATION
valid epoch balanced_accuracy: 0.695804
EPOCH 138:
VALIDATION
valid epoch balanced_accuracy: 0.692308
EPOCH 139:
VALIDATION
valid epoch balanced_accuracy: 0.627622
EPOCH 140:
VALIDATION
valid epoch balanced_accuracy: 0.760490
EPOCH 141:
VALIDATION
valid epoch balanced_accuracy: 0.634615
EPOCH 142:
VALIDATION
valid epoch balanced_accuracy: 0.748252
EPOCH 143:
VALIDATION
valid epoch balanced_accuracy: 0.715035
EPOCH 144:
VALIDATION
valid epoch balanced_accuracy: 0.673077
EPOCH 145:
VALIDATION
valid epoch balanced_accuracy: 0.673077
EPOCH 146:
VALIDATION
valid epoch balanced_accuracy: 0.692308
EPOCH 147:
VALIDATION
valid epoch balanced_accuracy: 0.722028
EPOCH 148:
VALIDATION
valid epoch balanced_accuracy: 0.699301
EPOCH 149:
VALIDATION
valid epoch balanced_accuracy: 0.669580
EPOCH 150:
VALIDATION
valid epoch balanced_accuracy: 0.692308
accuracy: 0.617021
sensitivity: 0.285714
precision: 0.666667
specificity: 0.884615
IoU: 0.250000
FAR: 0.115385
F1: 0.400000
balanced_accuracy: 0.585165
loss: 1.916864
