Waiting for exclusive access to GPU GPU-d6f2d203-5a7d-2b85-03a9-8ad92df5a755.
=== GROUP: ML | VARIANT: nps3mlp_gine_residual | SEED: 1 | GPU: NVIDIA A100-PCIE-40GB ===

number of parameters : 757256
train : (1301, 12)
valid : (15, 12)
test : (15, 12)
class weights : [1.1720720529556274, 0.8719838857650757]
data extracted
EPOCH 1:
VALIDATION
valid epoch balanced_accuracy: 0.534091
EPOCH 2:
VALIDATION
valid epoch balanced_accuracy: 0.522727
EPOCH 3:
VALIDATION
valid epoch balanced_accuracy: 0.636364
EPOCH 4:
VALIDATION
valid epoch balanced_accuracy: 0.522727
EPOCH 5:
VALIDATION
valid epoch balanced_accuracy: 0.647727
EPOCH 6:
VALIDATION
valid epoch balanced_accuracy: 0.477273
EPOCH 7:
VALIDATION
valid epoch balanced_accuracy: 0.363636
EPOCH 8:
VALIDATION
valid epoch balanced_accuracy: 0.522727
EPOCH 9:
VALIDATION
valid epoch balanced_accuracy: 0.352273
EPOCH 10:
VALIDATION
valid epoch balanced_accuracy: 0.772727
EPOCH 11:
VALIDATION
valid epoch balanced_accuracy: 0.363636
EPOCH 12:
VALIDATION
valid epoch balanced_accuracy: 0.397727
EPOCH 13:
VALIDATION
valid epoch balanced_accuracy: 0.443182
EPOCH 14:
VALIDATION
valid epoch balanced_accuracy: 0.272727
EPOCH 15:
VALIDATION
valid epoch balanced_accuracy: 0.647727
EPOCH 16:
VALIDATION
valid epoch balanced_accuracy: 0.409091
EPOCH 17:
VALIDATION
valid epoch balanced_accuracy: 0.363636
EPOCH 18:
VALIDATION
valid epoch balanced_accuracy: 0.443182
EPOCH 19:
VALIDATION
valid epoch balanced_accuracy: 0.409091
EPOCH 20:
VALIDATION
valid epoch balanced_accuracy: 0.363636
EPOCH 21:
VALIDATION
valid epoch balanced_accuracy: 0.647727
EPOCH 22:
VALIDATION
valid epoch balanced_accuracy: 0.318182
EPOCH 23:
VALIDATION
valid epoch balanced_accuracy: 0.522727
EPOCH 24:
VALIDATION
valid epoch balanced_accuracy: 0.363636
EPOCH 25:
VALIDATION
valid epoch balanced_accuracy: 0.318182
EPOCH 26:
VALIDATION
valid epoch balanced_accuracy: 0.318182
EPOCH 27:
VALIDATION
valid epoch balanced_accuracy: 0.318182
EPOCH 28:
VALIDATION
valid epoch balanced_accuracy: 0.318182
EPOCH 29:
VALIDATION
valid epoch balanced_accuracy: 0.363636
EPOCH 30:
VALIDATION
valid epoch balanced_accuracy: 0.318182
EPOCH 31:
VALIDATION
valid epoch balanced_accuracy: 0.318182
EPOCH 32:
VALIDATION
valid epoch balanced_accuracy: 0.318182
EPOCH 33:
VALIDATION
valid epoch balanced_accuracy: 0.443182
EPOCH 34:
VALIDATION
valid epoch balanced_accuracy: 0.443182
EPOCH 35:
VALIDATION
valid epoch balanced_accuracy: 0.318182
EPOCH 36:
VALIDATION
valid epoch balanced_accuracy: 0.363636
EPOCH 37:
VALIDATION
valid epoch balanced_accuracy: 0.318182
EPOCH 38:
VALIDATION
valid epoch balanced_accuracy: 0.318182
EPOCH 39:
VALIDATION
valid epoch balanced_accuracy: 0.409091
EPOCH 40:
VALIDATION
valid epoch balanced_accuracy: 0.318182
EPOCH 41:
VALIDATION
valid epoch balanced_accuracy: 0.318182
EPOCH 42:
VALIDATION
valid epoch balanced_accuracy: 0.318182
EPOCH 43:
VALIDATION
valid epoch balanced_accuracy: 0.318182
EPOCH 44:
VALIDATION
valid epoch balanced_accuracy: 0.318182
EPOCH 45:
VALIDATION
valid epoch balanced_accuracy: 0.318182
EPOCH 46:
VALIDATION
valid epoch balanced_accuracy: 0.443182
EPOCH 47:
VALIDATION
valid epoch balanced_accuracy: 0.363636
EPOCH 48:
VALIDATION
valid epoch balanced_accuracy: 0.443182
EPOCH 49:
VALIDATION
valid epoch balanced_accuracy: 0.363636
EPOCH 50:
VALIDATION
valid epoch balanced_accuracy: 0.522727
EPOCH 51:
VALIDATION
valid epoch balanced_accuracy: 0.318182
EPOCH 52:
VALIDATION
valid epoch balanced_accuracy: 0.318182
EPOCH 53:
VALIDATION
valid epoch balanced_accuracy: 0.318182
EPOCH 54:
VALIDATION
valid epoch balanced_accuracy: 0.318182
EPOCH 55:
VALIDATION
valid epoch balanced_accuracy: 0.318182
EPOCH 56:
VALIDATION
valid epoch balanced_accuracy: 0.318182
EPOCH 57:
VALIDATION
valid epoch balanced_accuracy: 0.318182
EPOCH 58:
VALIDATION
valid epoch balanced_accuracy: 0.363636
EPOCH 59:
VALIDATION
valid epoch balanced_accuracy: 0.318182
EPOCH 60:
VALIDATION
valid epoch balanced_accuracy: 0.363636
EPOCH 61:
VALIDATION
valid epoch balanced_accuracy: 0.363636
EPOCH 62:
VALIDATION
valid epoch balanced_accuracy: 0.318182
EPOCH 63:
VALIDATION
valid epoch balanced_accuracy: 0.443182
EPOCH 64:
VALIDATION
valid epoch balanced_accuracy: 0.443182
EPOCH 65:
VALIDATION
valid epoch balanced_accuracy: 0.443182
EPOCH 66:
VALIDATION
valid epoch balanced_accuracy: 0.363636
EPOCH 67:
VALIDATION
valid epoch balanced_accuracy: 0.318182
EPOCH 68:
VALIDATION
valid epoch balanced_accuracy: 0.363636
EPOCH 69:
VALIDATION
valid epoch balanced_accuracy: 0.363636
EPOCH 70:
VALIDATION
valid epoch balanced_accuracy: 0.318182
EPOCH 71:
VALIDATION
valid epoch balanced_accuracy: 0.443182
EPOCH 72:
VALIDATION
valid epoch balanced_accuracy: 0.363636
EPOCH 73:
VALIDATION
valid epoch balanced_accuracy: 0.363636
EPOCH 74:
VALIDATION
valid epoch balanced_accuracy: 0.363636
EPOCH 75:
VALIDATION
valid epoch balanced_accuracy: 0.318182
EPOCH 76:
VALIDATION
valid epoch balanced_accuracy: 0.318182
EPOCH 77:
VALIDATION
valid epoch balanced_accuracy: 0.363636
EPOCH 78:
VALIDATION
valid epoch balanced_accuracy: 0.318182
EPOCH 79:
VALIDATION
valid epoch balanced_accuracy: 0.318182
EPOCH 80:
VALIDATION
valid epoch balanced_accuracy: 0.363636
EPOCH 81:
VALIDATION
valid epoch balanced_accuracy: 0.318182
EPOCH 82:
VALIDATION
valid epoch balanced_accuracy: 0.363636
EPOCH 83:
VALIDATION
valid epoch balanced_accuracy: 0.318182
EPOCH 84:
VALIDATION
valid epoch balanced_accuracy: 0.363636
EPOCH 85:
VALIDATION
valid epoch balanced_accuracy: 0.363636
EPOCH 86:
VALIDATION
valid epoch balanced_accuracy: 0.363636
EPOCH 87:
VALIDATION
valid epoch balanced_accuracy: 0.318182
EPOCH 88:
VALIDATION
valid epoch balanced_accuracy: 0.272727
EPOCH 89:
VALIDATION
valid epoch balanced_accuracy: 0.318182
EPOCH 90:
VALIDATION
valid epoch balanced_accuracy: 0.363636
EPOCH 91:
VALIDATION
valid epoch balanced_accuracy: 0.318182
EPOCH 92:
VALIDATION
valid epoch balanced_accuracy: 0.397727
EPOCH 93:
VALIDATION
valid epoch balanced_accuracy: 0.443182
EPOCH 94:
VALIDATION
valid epoch balanced_accuracy: 0.363636
EPOCH 95:
VALIDATION
valid epoch balanced_accuracy: 0.409091
EPOCH 96:
VALIDATION
valid epoch balanced_accuracy: 0.318182
EPOCH 97:
VALIDATION
valid epoch balanced_accuracy: 0.318182
EPOCH 98:
VALIDATION
valid epoch balanced_accuracy: 0.363636
EPOCH 99:
VALIDATION
valid epoch balanced_accuracy: 0.363636
EPOCH 100:
VALIDATION
valid epoch balanced_accuracy: 0.363636
EPOCH 101:
VALIDATION
valid epoch balanced_accuracy: 0.318182
EPOCH 102:
VALIDATION
valid epoch balanced_accuracy: 0.318182
EPOCH 103:
VALIDATION
valid epoch balanced_accuracy: 0.318182
EPOCH 104:
VALIDATION
valid epoch balanced_accuracy: 0.318182
EPOCH 105:
VALIDATION
valid epoch balanced_accuracy: 0.318182
EPOCH 106:
VALIDATION
valid epoch balanced_accuracy: 0.363636
EPOCH 107:
VALIDATION
valid epoch balanced_accuracy: 0.363636
EPOCH 108:
VALIDATION
valid epoch balanced_accuracy: 0.363636
EPOCH 109:
VALIDATION
valid epoch balanced_accuracy: 0.363636
EPOCH 110:
VALIDATION
valid epoch balanced_accuracy: 0.318182
EPOCH 111:
VALIDATION
valid epoch balanced_accuracy: 0.363636
EPOCH 112:
VALIDATION
valid epoch balanced_accuracy: 0.272727
EPOCH 113:
VALIDATION
valid epoch balanced_accuracy: 0.363636
EPOCH 114:
VALIDATION
valid epoch balanced_accuracy: 0.363636
EPOCH 115:
VALIDATION
valid epoch balanced_accuracy: 0.363636
EPOCH 116:
VALIDATION
valid epoch balanced_accuracy: 0.363636
EPOCH 117:
VALIDATION
valid epoch balanced_accuracy: 0.318182
EPOCH 118:
VALIDATION
valid epoch balanced_accuracy: 0.363636
EPOCH 119:
VALIDATION
valid epoch balanced_accuracy: 0.363636
EPOCH 120:
VALIDATION
valid epoch balanced_accuracy: 0.363636
EPOCH 121:
VALIDATION
valid epoch balanced_accuracy: 0.318182
EPOCH 122:
VALIDATION
valid epoch balanced_accuracy: 0.363636
EPOCH 123:
VALIDATION
valid epoch balanced_accuracy: 0.363636
EPOCH 124:
VALIDATION
valid epoch balanced_accuracy: 0.363636
EPOCH 125:
VALIDATION
valid epoch balanced_accuracy: 0.363636
EPOCH 126:
VALIDATION
valid epoch balanced_accuracy: 0.318182
EPOCH 127:
VALIDATION
valid epoch balanced_accuracy: 0.318182
EPOCH 128:
VALIDATION
valid epoch balanced_accuracy: 0.363636
EPOCH 129:
VALIDATION
valid epoch balanced_accuracy: 0.318182
EPOCH 130:
VALIDATION
valid epoch balanced_accuracy: 0.363636
EPOCH 131:
VALIDATION
valid epoch balanced_accuracy: 0.318182
EPOCH 132:
VALIDATION
valid epoch balanced_accuracy: 0.318182
EPOCH 133:
VALIDATION
valid epoch balanced_accuracy: 0.363636
EPOCH 134:
VALIDATION
valid epoch balanced_accuracy: 0.363636
EPOCH 135:
VALIDATION
valid epoch balanced_accuracy: 0.363636
EPOCH 136:
VALIDATION
valid epoch balanced_accuracy: 0.272727
EPOCH 137:
VALIDATION
valid epoch balanced_accuracy: 0.272727
EPOCH 138:
VALIDATION
valid epoch balanced_accuracy: 0.318182
EPOCH 139:
VALIDATION
valid epoch balanced_accuracy: 0.363636
EPOCH 140:
VALIDATION
valid epoch balanced_accuracy: 0.363636
EPOCH 141:
VALIDATION
valid epoch balanced_accuracy: 0.363636
EPOCH 142:
VALIDATION
valid epoch balanced_accuracy: 0.363636
EPOCH 143:
VALIDATION
valid epoch balanced_accuracy: 0.363636
EPOCH 144:
VALIDATION
valid epoch balanced_accuracy: 0.363636
EPOCH 145:
VALIDATION
valid epoch balanced_accuracy: 0.363636
EPOCH 146:
VALIDATION
valid epoch balanced_accuracy: 0.363636
EPOCH 147:
VALIDATION
valid epoch balanced_accuracy: 0.363636
EPOCH 148:
VALIDATION
valid epoch balanced_accuracy: 0.363636
EPOCH 149:
VALIDATION
valid epoch balanced_accuracy: 0.318182
EPOCH 150:
VALIDATION
valid epoch balanced_accuracy: 0.363636
accuracy: 0.666667
sensitivity: 1.000000
precision: 0.545455
specificity: 0.444444
IoU: 0.545455
FAR: 0.555556
F1: 0.705882
balanced_accuracy: 0.722222
loss: 0.576428
