Waiting for exclusive access to GPU GPU-dc4f9df4-a164-f5f6-51ef-afcfa186ef16.
=== GROUP: LBP_BPI_CETP | VARIANT: esm3_compression_19 | SEED: 2 | GPU: NVIDIA A100-PCIE-40GB ===

number of parameters : 1098455
train : (1244, 12)
valid : (44, 12)
test : (43, 12)
class weights : [1.1454880237579346, 0.8873038291931152]
data extracted
EPOCH 1:
VALIDATION
valid epoch balanced_accuracy: 0.529412
EPOCH 2:
VALIDATION
valid epoch balanced_accuracy: 0.641612
EPOCH 3:
VALIDATION
valid epoch balanced_accuracy: 0.529412
EPOCH 4:
VALIDATION
valid epoch balanced_accuracy: 0.687364
EPOCH 5:
VALIDATION
valid epoch balanced_accuracy: 0.749455
EPOCH 6:
VALIDATION
valid epoch balanced_accuracy: 0.764706
EPOCH 7:
VALIDATION
valid epoch balanced_accuracy: 0.586057
EPOCH 8:
VALIDATION
valid epoch balanced_accuracy: 0.626362
EPOCH 9:
VALIDATION
valid epoch balanced_accuracy: 0.604575
EPOCH 10:
VALIDATION
valid epoch balanced_accuracy: 0.826797
EPOCH 11:
VALIDATION
valid epoch balanced_accuracy: 0.734205
EPOCH 12:
VALIDATION
valid epoch balanced_accuracy: 0.567538
EPOCH 13:
VALIDATION
valid epoch balanced_accuracy: 0.596950
EPOCH 14:
VALIDATION
valid epoch balanced_accuracy: 0.586057
EPOCH 15:
VALIDATION
valid epoch balanced_accuracy: 0.749455
EPOCH 16:
VALIDATION
valid epoch balanced_accuracy: 0.697168
EPOCH 17:
VALIDATION
valid epoch balanced_accuracy: 0.511983
EPOCH 18:
VALIDATION
valid epoch balanced_accuracy: 0.612200
EPOCH 19:
VALIDATION
valid epoch balanced_accuracy: 0.623094
EPOCH 20:
VALIDATION
valid epoch balanced_accuracy: 0.826797
EPOCH 21:
VALIDATION
valid epoch balanced_accuracy: 0.493464
EPOCH 22:
VALIDATION
valid epoch balanced_accuracy: 0.464052
EPOCH 23:
VALIDATION
valid epoch balanced_accuracy: 0.570806
EPOCH 24:
VALIDATION
valid epoch balanced_accuracy: 0.596950
EPOCH 25:
VALIDATION
valid epoch balanced_accuracy: 0.544662
EPOCH 26:
VALIDATION
valid epoch balanced_accuracy: 0.675381
EPOCH 27:
VALIDATION
valid epoch balanced_accuracy: 0.623094
EPOCH 28:
VALIDATION
valid epoch balanced_accuracy: 0.700436
EPOCH 29:
VALIDATION
valid epoch balanced_accuracy: 0.552288
EPOCH 30:
VALIDATION
valid epoch balanced_accuracy: 0.567538
EPOCH 31:
VALIDATION
valid epoch balanced_accuracy: 0.541394
EPOCH 32:
VALIDATION
valid epoch balanced_accuracy: 0.567538
EPOCH 33:
VALIDATION
valid epoch balanced_accuracy: 0.570806
EPOCH 34:
VALIDATION
valid epoch balanced_accuracy: 0.533769
EPOCH 35:
VALIDATION
valid epoch balanced_accuracy: 0.522876
EPOCH 36:
VALIDATION
valid epoch balanced_accuracy: 0.416122
EPOCH 37:
VALIDATION
valid epoch balanced_accuracy: 0.549020
EPOCH 38:
VALIDATION
valid epoch balanced_accuracy: 0.660131
EPOCH 39:
VALIDATION
valid epoch balanced_accuracy: 0.644880
EPOCH 40:
VALIDATION
valid epoch balanced_accuracy: 0.511983
EPOCH 41:
VALIDATION
valid epoch balanced_accuracy: 0.578431
EPOCH 42:
VALIDATION
valid epoch balanced_accuracy: 0.567538
EPOCH 43:
VALIDATION
valid epoch balanced_accuracy: 0.504357
EPOCH 44:
VALIDATION
valid epoch balanced_accuracy: 0.467320
EPOCH 45:
VALIDATION
valid epoch balanced_accuracy: 0.541394
EPOCH 46:
VALIDATION
valid epoch balanced_accuracy: 0.456427
EPOCH 47:
VALIDATION
valid epoch balanced_accuracy: 0.493464
EPOCH 48:
VALIDATION
valid epoch balanced_accuracy: 0.582789
EPOCH 49:
VALIDATION
valid epoch balanced_accuracy: 0.456427
EPOCH 50:
VALIDATION
valid epoch balanced_accuracy: 0.434641
EPOCH 51:
VALIDATION
valid epoch balanced_accuracy: 0.522876
EPOCH 52:
VALIDATION
valid epoch balanced_accuracy: 0.604575
EPOCH 53:
VALIDATION
valid epoch balanced_accuracy: 0.586057
EPOCH 54:
VALIDATION
valid epoch balanced_accuracy: 0.567538
EPOCH 55:
VALIDATION
valid epoch balanced_accuracy: 0.504357
EPOCH 56:
VALIDATION
valid epoch balanced_accuracy: 0.416122
EPOCH 57:
VALIDATION
valid epoch balanced_accuracy: 0.559913
EPOCH 58:
VALIDATION
valid epoch balanced_accuracy: 0.586057
EPOCH 59:
VALIDATION
valid epoch balanced_accuracy: 0.530501
EPOCH 60:
VALIDATION
valid epoch balanced_accuracy: 0.511983
EPOCH 61:
VALIDATION
valid epoch balanced_accuracy: 0.516340
EPOCH 62:
VALIDATION
valid epoch balanced_accuracy: 0.541394
EPOCH 63:
VALIDATION
valid epoch balanced_accuracy: 0.530501
EPOCH 64:
VALIDATION
valid epoch balanced_accuracy: 0.437908
EPOCH 65:
VALIDATION
valid epoch balanced_accuracy: 0.530501
EPOCH 66:
VALIDATION
valid epoch balanced_accuracy: 0.530501
EPOCH 67:
VALIDATION
valid epoch balanced_accuracy: 0.501089
EPOCH 68:
VALIDATION
valid epoch balanced_accuracy: 0.593682
EPOCH 69:
VALIDATION
valid epoch balanced_accuracy: 0.493464
EPOCH 70:
VALIDATION
valid epoch balanced_accuracy: 0.501089
EPOCH 71:
VALIDATION
valid epoch balanced_accuracy: 0.474946
EPOCH 72:
VALIDATION
valid epoch balanced_accuracy: 0.511983
EPOCH 73:
VALIDATION
valid epoch balanced_accuracy: 0.564270
EPOCH 74:
VALIDATION
valid epoch balanced_accuracy: 0.519608
EPOCH 75:
VALIDATION
valid epoch balanced_accuracy: 0.726580
EPOCH 76:
VALIDATION
valid epoch balanced_accuracy: 0.683007
EPOCH 77:
VALIDATION
valid epoch balanced_accuracy: 0.633987
EPOCH 78:
VALIDATION
valid epoch balanced_accuracy: 0.538126
EPOCH 79:
VALIDATION
valid epoch balanced_accuracy: 0.530501
EPOCH 80:
VALIDATION
valid epoch balanced_accuracy: 0.515251
EPOCH 81:
VALIDATION
valid epoch balanced_accuracy: 0.541394
EPOCH 82:
VALIDATION
valid epoch balanced_accuracy: 0.460784
EPOCH 83:
VALIDATION
valid epoch balanced_accuracy: 0.519608
EPOCH 84:
VALIDATION
valid epoch balanced_accuracy: 0.541394
EPOCH 85:
VALIDATION
valid epoch balanced_accuracy: 0.541394
EPOCH 86:
VALIDATION
valid epoch balanced_accuracy: 0.519608
EPOCH 87:
VALIDATION
valid epoch balanced_accuracy: 0.519608
EPOCH 88:
VALIDATION
valid epoch balanced_accuracy: 0.586057
EPOCH 89:
VALIDATION
valid epoch balanced_accuracy: 0.570806
EPOCH 90:
VALIDATION
valid epoch balanced_accuracy: 0.549020
EPOCH 91:
VALIDATION
valid epoch balanced_accuracy: 0.559913
EPOCH 92:
VALIDATION
valid epoch balanced_accuracy: 0.589325
EPOCH 93:
VALIDATION
valid epoch balanced_accuracy: 0.567538
EPOCH 94:
VALIDATION
valid epoch balanced_accuracy: 0.549020
EPOCH 95:
VALIDATION
valid epoch balanced_accuracy: 0.593682
EPOCH 96:
VALIDATION
valid epoch balanced_accuracy: 0.549020
EPOCH 97:
VALIDATION
valid epoch balanced_accuracy: 0.649237
EPOCH 98:
VALIDATION
valid epoch balanced_accuracy: 0.586057
EPOCH 99:
VALIDATION
valid epoch balanced_accuracy: 0.623094
EPOCH 100:
VALIDATION
valid epoch balanced_accuracy: 0.656863
EPOCH 101:
VALIDATION
valid epoch balanced_accuracy: 0.612200
EPOCH 102:
VALIDATION
valid epoch balanced_accuracy: 0.530501
EPOCH 103:
VALIDATION
valid epoch balanced_accuracy: 0.519608
EPOCH 104:
VALIDATION
valid epoch balanced_accuracy: 0.549020
EPOCH 105:
VALIDATION
valid epoch balanced_accuracy: 0.630719
EPOCH 106:
VALIDATION
valid epoch balanced_accuracy: 0.604575
EPOCH 107:
VALIDATION
valid epoch balanced_accuracy: 0.604575
EPOCH 108:
VALIDATION
valid epoch balanced_accuracy: 0.549020
EPOCH 109:
VALIDATION
valid epoch balanced_accuracy: 0.519608
EPOCH 110:
VALIDATION
valid epoch balanced_accuracy: 0.530501
EPOCH 111:
VALIDATION
valid epoch balanced_accuracy: 0.530501
EPOCH 112:
VALIDATION
valid epoch balanced_accuracy: 0.549020
EPOCH 113:
VALIDATION
valid epoch balanced_accuracy: 0.612200
EPOCH 114:
VALIDATION
valid epoch balanced_accuracy: 0.530501
EPOCH 115:
VALIDATION
valid epoch balanced_accuracy: 0.552288
EPOCH 116:
VALIDATION
valid epoch balanced_accuracy: 0.533769
EPOCH 117:
VALIDATION
valid epoch balanced_accuracy: 0.586057
EPOCH 118:
VALIDATION
valid epoch balanced_accuracy: 0.549020
EPOCH 119:
VALIDATION
valid epoch balanced_accuracy: 0.604575
EPOCH 120:
VALIDATION
valid epoch balanced_accuracy: 0.549020
EPOCH 121:
VALIDATION
valid epoch balanced_accuracy: 0.530501
EPOCH 122:
VALIDATION
valid epoch balanced_accuracy: 0.630719
EPOCH 123:
VALIDATION
valid epoch balanced_accuracy: 0.530501
EPOCH 124:
VALIDATION
valid epoch balanced_accuracy: 0.649237
EPOCH 125:
VALIDATION
valid epoch balanced_accuracy: 0.594771
EPOCH 126:
VALIDATION
valid epoch balanced_accuracy: 0.563181
EPOCH 127:
VALIDATION
valid epoch balanced_accuracy: 0.397603
EPOCH 128:
VALIDATION
valid epoch balanced_accuracy: 0.453159
EPOCH 129:
VALIDATION
valid epoch balanced_accuracy: 0.530501
EPOCH 130:
VALIDATION
valid epoch balanced_accuracy: 0.559913
EPOCH 131:
VALIDATION
valid epoch balanced_accuracy: 0.511983
EPOCH 132:
VALIDATION
valid epoch balanced_accuracy: 0.453159
EPOCH 133:
VALIDATION
valid epoch balanced_accuracy: 0.559913
EPOCH 134:
VALIDATION
valid epoch balanced_accuracy: 0.522876
EPOCH 135:
VALIDATION
valid epoch balanced_accuracy: 0.467320
EPOCH 136:
VALIDATION
valid epoch balanced_accuracy: 0.485839
EPOCH 137:
VALIDATION
valid epoch balanced_accuracy: 0.549020
EPOCH 138:
VALIDATION
valid epoch balanced_accuracy: 0.522876
EPOCH 139:
VALIDATION
valid epoch balanced_accuracy: 0.474946
EPOCH 140:
VALIDATION
valid epoch balanced_accuracy: 0.578431
EPOCH 141:
VALIDATION
valid epoch balanced_accuracy: 0.490196
EPOCH 142:
VALIDATION
valid epoch balanced_accuracy: 0.619826
EPOCH 143:
VALIDATION
valid epoch balanced_accuracy: 0.633987
EPOCH 144:
VALIDATION
valid epoch balanced_accuracy: 0.538126
EPOCH 145:
VALIDATION
valid epoch balanced_accuracy: 0.664488
EPOCH 146:
VALIDATION
valid epoch balanced_accuracy: 0.619826
EPOCH 147:
VALIDATION
valid epoch balanced_accuracy: 0.623094
EPOCH 148:
VALIDATION
valid epoch balanced_accuracy: 0.567538
EPOCH 149:
VALIDATION
valid epoch balanced_accuracy: 0.567538
EPOCH 150:
VALIDATION
valid epoch balanced_accuracy: 0.627451
accuracy: 0.558140
sensitivity: 0.392857
precision: 0.846154
specificity: 0.866667
IoU: 0.366667
FAR: 0.133333
F1: 0.536585
balanced_accuracy: 0.629762
loss: 0.647083
Traceback (most recent call last):
  File "/home/kalinina/DL_project/./training/new_train.py", line 808, in <module>
    run_test(run_summary)
  File "/home/kalinina/DL_project/./training/new_train.py", line 736, in run_test
    append_metric(
  File "/home/kalinina/DL_project/append_metric_to_table.py", line 31, in append_metric
    upsert_row(table, row)
  File "/home/kalinina/DL_project/build_metrics_table.py", line 691, in upsert_row
    with _table_lock(table_path):
  File "/home/kalinina/.conda/envs/Kalinin_project_LP/lib/python3.10/contextlib.py", line 135, in __enter__
    return next(self.gen)
  File "/home/kalinina/DL_project/build_metrics_table.py", line 680, in _table_lock
    table_path.parent.mkdir(parents=True, exist_ok=True)
AttributeError: 'str' object has no attribute 'parent'
