Waiting for exclusive access to GPU GPU-e38fd50b-f28d-bca0-1506-1209c3351206.
=== GROUP: LBP_BPI_CETP | VARIANT: esm3_compression_19 | SEED: 4 | GPU: Tesla V100-SXM2-32GB ===

number of parameters : 1098455
train : (1246, 12)
valid : (42, 12)
test : (43, 12)
class weights : [1.143119215965271, 0.8887304067611694]
data extracted
EPOCH 1:
VALIDATION
valid epoch balanced_accuracy: 0.398827
EPOCH 2:
VALIDATION
valid epoch balanced_accuracy: 0.665689
EPOCH 3:
VALIDATION
valid epoch balanced_accuracy: 0.590909
EPOCH 4:
VALIDATION
valid epoch balanced_accuracy: 0.608504
EPOCH 5:
VALIDATION
valid epoch balanced_accuracy: 0.705279
EPOCH 6:
VALIDATION
valid epoch balanced_accuracy: 0.790323
EPOCH 7:
VALIDATION
valid epoch balanced_accuracy: 0.799120
EPOCH 8:
VALIDATION
valid epoch balanced_accuracy: 0.815249
EPOCH 9:
VALIDATION
valid epoch balanced_accuracy: 0.580645
EPOCH 10:
VALIDATION
valid epoch balanced_accuracy: 0.870968
EPOCH 11:
VALIDATION
valid epoch balanced_accuracy: 0.790323
EPOCH 12:
VALIDATION
valid epoch balanced_accuracy: 0.758065
EPOCH 13:
VALIDATION
valid epoch balanced_accuracy: 0.645161
EPOCH 14:
VALIDATION
valid epoch balanced_accuracy: 0.854839
EPOCH 15:
VALIDATION
valid epoch balanced_accuracy: 0.793255
EPOCH 16:
VALIDATION
valid epoch balanced_accuracy: 0.822581
EPOCH 17:
VALIDATION
valid epoch balanced_accuracy: 0.841642
EPOCH 18:
VALIDATION
valid epoch balanced_accuracy: 0.516129
EPOCH 19:
VALIDATION
valid epoch balanced_accuracy: 0.629032
EPOCH 20:
VALIDATION
valid epoch balanced_accuracy: 0.689150
EPOCH 21:
VALIDATION
valid epoch balanced_accuracy: 0.806452
EPOCH 22:
VALIDATION
valid epoch balanced_accuracy: 0.548387
EPOCH 23:
VALIDATION
valid epoch balanced_accuracy: 0.709677
EPOCH 24:
VALIDATION
valid epoch balanced_accuracy: 0.596774
EPOCH 25:
VALIDATION
valid epoch balanced_accuracy: 0.841642
EPOCH 26:
VALIDATION
valid epoch balanced_accuracy: 0.854839
EPOCH 27:
VALIDATION
valid epoch balanced_accuracy: 0.693548
EPOCH 28:
VALIDATION
valid epoch balanced_accuracy: 0.857771
EPOCH 29:
VALIDATION
valid epoch balanced_accuracy: 0.661290
EPOCH 30:
VALIDATION
valid epoch balanced_accuracy: 0.870968
EPOCH 31:
VALIDATION
valid epoch balanced_accuracy: 0.693548
EPOCH 32:
VALIDATION
valid epoch balanced_accuracy: 0.822581
EPOCH 33:
VALIDATION
valid epoch balanced_accuracy: 0.709677
EPOCH 34:
VALIDATION
valid epoch balanced_accuracy: 0.854839
EPOCH 35:
VALIDATION
valid epoch balanced_accuracy: 0.677419
EPOCH 36:
VALIDATION
valid epoch balanced_accuracy: 0.890029
EPOCH 37:
VALIDATION
valid epoch balanced_accuracy: 0.758065
EPOCH 38:
VALIDATION
valid epoch balanced_accuracy: 0.838710
EPOCH 39:
VALIDATION
valid epoch balanced_accuracy: 0.822581
EPOCH 40:
VALIDATION
valid epoch balanced_accuracy: 0.854839
EPOCH 41:
VALIDATION
valid epoch balanced_accuracy: 0.725806
EPOCH 42:
VALIDATION
valid epoch balanced_accuracy: 0.725806
EPOCH 43:
VALIDATION
valid epoch balanced_accuracy: 0.677419
EPOCH 44:
VALIDATION
valid epoch balanced_accuracy: 0.693548
EPOCH 45:
VALIDATION
valid epoch balanced_accuracy: 0.774194
EPOCH 46:
VALIDATION
valid epoch balanced_accuracy: 0.854839
EPOCH 47:
VALIDATION
valid epoch balanced_accuracy: 0.758065
EPOCH 48:
VALIDATION
valid epoch balanced_accuracy: 0.790323
EPOCH 49:
VALIDATION
valid epoch balanced_accuracy: 0.935484
EPOCH 50:
VALIDATION
valid epoch balanced_accuracy: 0.693548
EPOCH 51:
VALIDATION
valid epoch balanced_accuracy: 0.838710
EPOCH 52:
VALIDATION
valid epoch balanced_accuracy: 0.741935
EPOCH 53:
VALIDATION
valid epoch balanced_accuracy: 0.758065
EPOCH 54:
VALIDATION
valid epoch balanced_accuracy: 0.838710
EPOCH 55:
VALIDATION
valid epoch balanced_accuracy: 0.822581
EPOCH 56:
VALIDATION
valid epoch balanced_accuracy: 0.822581
EPOCH 57:
VALIDATION
valid epoch balanced_accuracy: 0.790323
EPOCH 58:
VALIDATION
valid epoch balanced_accuracy: 0.857771
EPOCH 59:
VALIDATION
valid epoch balanced_accuracy: 0.838710
EPOCH 60:
VALIDATION
valid epoch balanced_accuracy: 0.693548
EPOCH 61:
VALIDATION
valid epoch balanced_accuracy: 0.822581
EPOCH 62:
VALIDATION
valid epoch balanced_accuracy: 0.806452
EPOCH 63:
VALIDATION
valid epoch balanced_accuracy: 0.822581
EPOCH 64:
VALIDATION
valid epoch balanced_accuracy: 0.645161
EPOCH 65:
VALIDATION
valid epoch balanced_accuracy: 0.774194
EPOCH 66:
VALIDATION
valid epoch balanced_accuracy: 0.809384
EPOCH 67:
VALIDATION
valid epoch balanced_accuracy: 0.758065
EPOCH 68:
VALIDATION
valid epoch balanced_accuracy: 0.629032
EPOCH 69:
VALIDATION
valid epoch balanced_accuracy: 0.532258
EPOCH 70:
VALIDATION
valid epoch balanced_accuracy: 0.758065
EPOCH 71:
VALIDATION
valid epoch balanced_accuracy: 0.887097
EPOCH 72:
VALIDATION
valid epoch balanced_accuracy: 0.870968
EPOCH 73:
VALIDATION
valid epoch balanced_accuracy: 0.712610
EPOCH 74:
VALIDATION
valid epoch balanced_accuracy: 0.758065
EPOCH 75:
VALIDATION
valid epoch balanced_accuracy: 0.870968
EPOCH 76:
VALIDATION
valid epoch balanced_accuracy: 0.822581
EPOCH 77:
VALIDATION
valid epoch balanced_accuracy: 0.822581
EPOCH 78:
VALIDATION
valid epoch balanced_accuracy: 0.774194
EPOCH 79:
VALIDATION
valid epoch balanced_accuracy: 0.838710
EPOCH 80:
VALIDATION
valid epoch balanced_accuracy: 0.919355
EPOCH 81:
VALIDATION
valid epoch balanced_accuracy: 0.806452
EPOCH 82:
VALIDATION
valid epoch balanced_accuracy: 0.774194
EPOCH 83:
VALIDATION
valid epoch balanced_accuracy: 0.612903
EPOCH 84:
VALIDATION
valid epoch balanced_accuracy: 0.825513
EPOCH 85:
VALIDATION
valid epoch balanced_accuracy: 0.741935
EPOCH 86:
VALIDATION
valid epoch balanced_accuracy: 0.741935
EPOCH 87:
VALIDATION
valid epoch balanced_accuracy: 0.629032
EPOCH 88:
VALIDATION
valid epoch balanced_accuracy: 0.841642
EPOCH 89:
VALIDATION
valid epoch balanced_accuracy: 0.825513
EPOCH 90:
VALIDATION
valid epoch balanced_accuracy: 0.903226
EPOCH 91:
VALIDATION
valid epoch balanced_accuracy: 0.741935
EPOCH 92:
VALIDATION
valid epoch balanced_accuracy: 0.870968
EPOCH 93:
VALIDATION
valid epoch balanced_accuracy: 0.790323
EPOCH 94:
VALIDATION
valid epoch balanced_accuracy: 0.822581
EPOCH 95:
VALIDATION
valid epoch balanced_accuracy: 0.712610
EPOCH 96:
VALIDATION
valid epoch balanced_accuracy: 0.870968
EPOCH 97:
VALIDATION
valid epoch balanced_accuracy: 0.793255
EPOCH 98:
VALIDATION
valid epoch balanced_accuracy: 0.887097
EPOCH 99:
VALIDATION
valid epoch balanced_accuracy: 0.806452
EPOCH 100:
VALIDATION
valid epoch balanced_accuracy: 0.887097
EPOCH 101:
VALIDATION
valid epoch balanced_accuracy: 0.870968
EPOCH 102:
VALIDATION
valid epoch balanced_accuracy: 0.870968
EPOCH 103:
VALIDATION
valid epoch balanced_accuracy: 0.870968
EPOCH 104:
VALIDATION
valid epoch balanced_accuracy: 0.870968
EPOCH 105:
VALIDATION
valid epoch balanced_accuracy: 0.887097
EPOCH 106:
VALIDATION
valid epoch balanced_accuracy: 0.854839
EPOCH 107:
VALIDATION
valid epoch balanced_accuracy: 0.887097
EPOCH 108:
VALIDATION
valid epoch balanced_accuracy: 0.854839
EPOCH 109:
VALIDATION
valid epoch balanced_accuracy: 0.758065
EPOCH 110:
VALIDATION
valid epoch balanced_accuracy: 0.774194
EPOCH 111:
VALIDATION
valid epoch balanced_accuracy: 0.741935
EPOCH 112:
VALIDATION
valid epoch balanced_accuracy: 0.838710
EPOCH 113:
VALIDATION
valid epoch balanced_accuracy: 0.806452
EPOCH 114:
VALIDATION
valid epoch balanced_accuracy: 0.774194
EPOCH 115:
VALIDATION
valid epoch balanced_accuracy: 0.854839
EPOCH 116:
VALIDATION
valid epoch balanced_accuracy: 0.790323
EPOCH 117:
VALIDATION
valid epoch balanced_accuracy: 0.838710
EPOCH 118:
VALIDATION
valid epoch balanced_accuracy: 0.806452
EPOCH 119:
VALIDATION
valid epoch balanced_accuracy: 0.806452
EPOCH 120:
VALIDATION
valid epoch balanced_accuracy: 0.725806
EPOCH 121:
VALIDATION
valid epoch balanced_accuracy: 0.822581
EPOCH 122:
VALIDATION
valid epoch balanced_accuracy: 0.774194
EPOCH 123:
VALIDATION
valid epoch balanced_accuracy: 0.774194
EPOCH 124:
VALIDATION
valid epoch balanced_accuracy: 0.777126
EPOCH 125:
VALIDATION
valid epoch balanced_accuracy: 0.741935
EPOCH 126:
VALIDATION
valid epoch balanced_accuracy: 0.903226
EPOCH 127:
VALIDATION
valid epoch balanced_accuracy: 0.854839
EPOCH 128:
VALIDATION
valid epoch balanced_accuracy: 0.741935
EPOCH 129:
VALIDATION
valid epoch balanced_accuracy: 0.758065
EPOCH 130:
VALIDATION
valid epoch balanced_accuracy: 0.870968
EPOCH 131:
VALIDATION
valid epoch balanced_accuracy: 0.809384
EPOCH 132:
VALIDATION
valid epoch balanced_accuracy: 0.838710
EPOCH 133:
VALIDATION
valid epoch balanced_accuracy: 0.870968
EPOCH 134:
VALIDATION
valid epoch balanced_accuracy: 0.903226
EPOCH 135:
VALIDATION
valid epoch balanced_accuracy: 0.854839
EPOCH 136:
VALIDATION
valid epoch balanced_accuracy: 0.806452
EPOCH 137:
VALIDATION
valid epoch balanced_accuracy: 0.854839
EPOCH 138:
VALIDATION
valid epoch balanced_accuracy: 0.873900
EPOCH 139:
VALIDATION
valid epoch balanced_accuracy: 0.919355
EPOCH 140:
VALIDATION
valid epoch balanced_accuracy: 0.709677
EPOCH 141:
VALIDATION
valid epoch balanced_accuracy: 0.809384
EPOCH 142:
VALIDATION
valid epoch balanced_accuracy: 0.903226
EPOCH 143:
VALIDATION
valid epoch balanced_accuracy: 0.870968
EPOCH 144:
VALIDATION
valid epoch balanced_accuracy: 0.838710
EPOCH 145:
VALIDATION
valid epoch balanced_accuracy: 0.728739
EPOCH 146:
VALIDATION
valid epoch balanced_accuracy: 0.822581
EPOCH 147:
VALIDATION
valid epoch balanced_accuracy: 0.712610
EPOCH 148:
VALIDATION
valid epoch balanced_accuracy: 0.790323
EPOCH 149:
VALIDATION
valid epoch balanced_accuracy: 0.838710
EPOCH 150:
VALIDATION
valid epoch balanced_accuracy: 0.822581
accuracy: 0.837209
sensitivity: 0.791667
precision: 0.904762
specificity: 0.894737
IoU: 0.730769
FAR: 0.105263
F1: 0.844444
balanced_accuracy: 0.843202
loss: 1.247313
Traceback (most recent call last):
  File "/home/kalinina/DL_project/./training/new_train.py", line 808, in <module>
    run_test(run_summary)
  File "/home/kalinina/DL_project/./training/new_train.py", line 736, in run_test
    append_metric(
  File "/home/kalinina/DL_project/append_metric_to_table.py", line 23, in append_metric
    row = metric_row(
  File "/home/kalinina/DL_project/build_metrics_table.py", line 531, in metric_row
    metrics_root = metrics_root.resolve()
AttributeError: 'str' object has no attribute 'resolve'
