
number of parameters : 1098455
train : (1254, 12)
valid : (38, 12)
test : (39, 12)
class weights : [1.1338155269622803, 0.8944365382194519]
data extracted
EPOCH 1:
VALIDATION
valid epoch balanced_accuracy: 0.607143
EPOCH 2:
VALIDATION
valid epoch balanced_accuracy: 0.600000
EPOCH 3:
VALIDATION
valid epoch balanced_accuracy: 0.750000
EPOCH 4:
VALIDATION
valid epoch balanced_accuracy: 0.500000
EPOCH 5:
VALIDATION
valid epoch balanced_accuracy: 0.714286
EPOCH 6:
VALIDATION
valid epoch balanced_accuracy: 0.778571
EPOCH 7:
VALIDATION
valid epoch balanced_accuracy: 0.678571
EPOCH 8:
VALIDATION
valid epoch balanced_accuracy: 0.678571
EPOCH 9:
VALIDATION
valid epoch balanced_accuracy: 0.775000
EPOCH 10:
VALIDATION
valid epoch balanced_accuracy: 0.739286
EPOCH 11:
VALIDATION
valid epoch balanced_accuracy: 0.525000
EPOCH 12:
VALIDATION
valid epoch balanced_accuracy: 0.807143
EPOCH 13:
VALIDATION
valid epoch balanced_accuracy: 0.603571
EPOCH 14:
VALIDATION
valid epoch balanced_accuracy: 0.557143
EPOCH 15:
VALIDATION
valid epoch balanced_accuracy: 0.792857
EPOCH 16:
VALIDATION
valid epoch balanced_accuracy: 0.450000
EPOCH 17:
VALIDATION
valid epoch balanced_accuracy: 0.482143
EPOCH 18:
VALIDATION
valid epoch balanced_accuracy: 0.721429
EPOCH 19:
VALIDATION
valid epoch balanced_accuracy: 0.357143
EPOCH 20:
VALIDATION
valid epoch balanced_accuracy: 0.514286
EPOCH 21:
VALIDATION
valid epoch balanced_accuracy: 0.703571
EPOCH 22:
VALIDATION
valid epoch balanced_accuracy: 0.739286
EPOCH 23:
VALIDATION
valid epoch balanced_accuracy: 0.414286
EPOCH 24:
VALIDATION
valid epoch balanced_accuracy: 0.689286
EPOCH 25:
VALIDATION
valid epoch balanced_accuracy: 0.589286
EPOCH 26:
VALIDATION
valid epoch balanced_accuracy: 0.650000
EPOCH 27:
VALIDATION
valid epoch balanced_accuracy: 0.485714
EPOCH 28:
VALIDATION
valid epoch balanced_accuracy: 0.657143
EPOCH 29:
VALIDATION
valid epoch balanced_accuracy: 0.439286
EPOCH 30:
VALIDATION
valid epoch balanced_accuracy: 0.500000
EPOCH 31:
VALIDATION
valid epoch balanced_accuracy: 0.303571
EPOCH 32:
VALIDATION
valid epoch balanced_accuracy: 0.721429
EPOCH 33:
VALIDATION
valid epoch balanced_accuracy: 0.703571
EPOCH 34:
VALIDATION
valid epoch balanced_accuracy: 0.717857
EPOCH 35:
VALIDATION
valid epoch balanced_accuracy: 0.489286
EPOCH 36:
VALIDATION
valid epoch balanced_accuracy: 0.382143
EPOCH 37:
VALIDATION
valid epoch balanced_accuracy: 0.382143
EPOCH 38:
VALIDATION
valid epoch balanced_accuracy: 0.467857
EPOCH 39:
VALIDATION
valid epoch balanced_accuracy: 0.442857
EPOCH 40:
VALIDATION
valid epoch balanced_accuracy: 0.239286
EPOCH 41:
VALIDATION
valid epoch balanced_accuracy: 0.410714
EPOCH 42:
VALIDATION
valid epoch balanced_accuracy: 0.435714
EPOCH 43:
VALIDATION
valid epoch balanced_accuracy: 0.517857
EPOCH 44:
VALIDATION
valid epoch balanced_accuracy: 0.200000
EPOCH 45:
VALIDATION
valid epoch balanced_accuracy: 0.335714
EPOCH 46:
VALIDATION
valid epoch balanced_accuracy: 0.275000
EPOCH 47:
VALIDATION
valid epoch balanced_accuracy: 0.221429
EPOCH 48:
VALIDATION
valid epoch balanced_accuracy: 0.292857
EPOCH 49:
VALIDATION
valid epoch balanced_accuracy: 0.400000
EPOCH 50:
VALIDATION
valid epoch balanced_accuracy: 0.292857
EPOCH 51:
VALIDATION
valid epoch balanced_accuracy: 0.353571
EPOCH 52:
VALIDATION
valid epoch balanced_accuracy: 0.346429
EPOCH 53:
VALIDATION
valid epoch balanced_accuracy: 0.328571
EPOCH 54:
VALIDATION
valid epoch balanced_accuracy: 0.367857
EPOCH 55:
VALIDATION
valid epoch balanced_accuracy: 0.382143
EPOCH 56:
VALIDATION
valid epoch balanced_accuracy: 0.453571
EPOCH 57:
VALIDATION
valid epoch balanced_accuracy: 0.446429
EPOCH 58:
VALIDATION
valid epoch balanced_accuracy: 0.221429
EPOCH 59:
VALIDATION
valid epoch balanced_accuracy: 0.435714
EPOCH 60:
VALIDATION
valid epoch balanced_accuracy: 0.310714
EPOCH 61:
VALIDATION
valid epoch balanced_accuracy: 0.310714
EPOCH 62:
VALIDATION
valid epoch balanced_accuracy: 0.453571
EPOCH 63:
VALIDATION
valid epoch balanced_accuracy: 0.321429
EPOCH 64:
VALIDATION
valid epoch balanced_accuracy: 0.364286
EPOCH 65:
VALIDATION
valid epoch balanced_accuracy: 0.310714
EPOCH 66:
VALIDATION
valid epoch balanced_accuracy: 0.378571
EPOCH 67:
VALIDATION
valid epoch balanced_accuracy: 0.307143
EPOCH 68:
VALIDATION
valid epoch balanced_accuracy: 0.382143
EPOCH 69:
VALIDATION
valid epoch balanced_accuracy: 0.328571
EPOCH 70:
VALIDATION
valid epoch balanced_accuracy: 0.282143
EPOCH 71:
VALIDATION
valid epoch balanced_accuracy: 0.325000
EPOCH 72:
VALIDATION
valid epoch balanced_accuracy: 0.275000
EPOCH 73:
VALIDATION
valid epoch balanced_accuracy: 0.307143
EPOCH 74:
VALIDATION
valid epoch balanced_accuracy: 0.310714
EPOCH 75:
VALIDATION
valid epoch balanced_accuracy: 0.471429
EPOCH 76:
VALIDATION
valid epoch balanced_accuracy: 0.342857
EPOCH 77:
VALIDATION
valid epoch balanced_accuracy: 0.435714
EPOCH 78:
VALIDATION
valid epoch balanced_accuracy: 0.292857
EPOCH 79:
VALIDATION
valid epoch balanced_accuracy: 0.646429
EPOCH 80:
VALIDATION
valid epoch balanced_accuracy: 0.575000
EPOCH 81:
VALIDATION
valid epoch balanced_accuracy: 0.510714
EPOCH 82:
VALIDATION
valid epoch balanced_accuracy: 0.664286
EPOCH 83:
VALIDATION
valid epoch balanced_accuracy: 0.453571
EPOCH 84:
VALIDATION
valid epoch balanced_accuracy: 0.439286
EPOCH 85:
VALIDATION
valid epoch balanced_accuracy: 0.607143
EPOCH 86:
VALIDATION
valid epoch balanced_accuracy: 0.289286
EPOCH 87:
VALIDATION
valid epoch balanced_accuracy: 0.253571
EPOCH 88:
VALIDATION
valid epoch balanced_accuracy: 0.342857
EPOCH 89:
VALIDATION
valid epoch balanced_accuracy: 0.364286
EPOCH 90:
VALIDATION
valid epoch balanced_accuracy: 0.328571
EPOCH 91:
VALIDATION
valid epoch balanced_accuracy: 0.371429
EPOCH 92:
VALIDATION
valid epoch balanced_accuracy: 0.217857
EPOCH 93:
VALIDATION
valid epoch balanced_accuracy: 0.239286
EPOCH 94:
VALIDATION
valid epoch balanced_accuracy: 0.400000
EPOCH 95:
VALIDATION
valid epoch balanced_accuracy: 0.253571
EPOCH 96:
VALIDATION
valid epoch balanced_accuracy: 0.328571
EPOCH 97:
VALIDATION
valid epoch balanced_accuracy: 0.257143
EPOCH 98:
VALIDATION
valid epoch balanced_accuracy: 0.271429
EPOCH 99:
VALIDATION
valid epoch balanced_accuracy: 0.253571
EPOCH 100:
VALIDATION
valid epoch balanced_accuracy: 0.253571
EPOCH 101:
VALIDATION
valid epoch balanced_accuracy: 0.303571
EPOCH 102:
VALIDATION
valid epoch balanced_accuracy: 0.253571
EPOCH 103:
VALIDATION
valid epoch balanced_accuracy: 0.235714
EPOCH 104:
VALIDATION
valid epoch balanced_accuracy: 0.235714
EPOCH 105:
VALIDATION
valid epoch balanced_accuracy: 0.250000
EPOCH 106:
VALIDATION
valid epoch balanced_accuracy: 0.275000
EPOCH 107:
VALIDATION
valid epoch balanced_accuracy: 0.432143
EPOCH 108:
VALIDATION
valid epoch balanced_accuracy: 0.253571
EPOCH 109:
VALIDATION
valid epoch balanced_accuracy: 0.303571
EPOCH 110:
VALIDATION
valid epoch balanced_accuracy: 0.253571
EPOCH 111:
VALIDATION
valid epoch balanced_accuracy: 0.235714
EPOCH 112:
VALIDATION
valid epoch balanced_accuracy: 0.321429
EPOCH 113:
VALIDATION
valid epoch balanced_accuracy: 0.271429
EPOCH 114:
VALIDATION
valid epoch balanced_accuracy: 0.271429
EPOCH 115:
VALIDATION
valid epoch balanced_accuracy: 0.357143
EPOCH 116:
VALIDATION
valid epoch balanced_accuracy: 0.289286
EPOCH 117:
VALIDATION
valid epoch balanced_accuracy: 0.235714
EPOCH 118:
VALIDATION
valid epoch balanced_accuracy: 0.289286
EPOCH 119:
VALIDATION
valid epoch balanced_accuracy: 0.289286
EPOCH 120:
VALIDATION
valid epoch balanced_accuracy: 0.253571
EPOCH 121:
VALIDATION
valid epoch balanced_accuracy: 0.342857
EPOCH 122:
VALIDATION
valid epoch balanced_accuracy: 0.271429
EPOCH 123:
VALIDATION
valid epoch balanced_accuracy: 0.307143
EPOCH 124:
VALIDATION
valid epoch balanced_accuracy: 0.271429
EPOCH 125:
VALIDATION
valid epoch balanced_accuracy: 0.300000
EPOCH 126:
VALIDATION
valid epoch balanced_accuracy: 0.200000
EPOCH 127:
VALIDATION
valid epoch balanced_accuracy: 0.407143
EPOCH 128:
VALIDATION
valid epoch balanced_accuracy: 0.217857
EPOCH 129:
VALIDATION
valid epoch balanced_accuracy: 0.221429
EPOCH 130:
VALIDATION
valid epoch balanced_accuracy: 0.267857
EPOCH 131:
VALIDATION
valid epoch balanced_accuracy: 0.364286
EPOCH 132:
VALIDATION
valid epoch balanced_accuracy: 0.285714
EPOCH 133:
VALIDATION
valid epoch balanced_accuracy: 0.382143
EPOCH 134:
VALIDATION
valid epoch balanced_accuracy: 0.310714
EPOCH 135:
VALIDATION
valid epoch balanced_accuracy: 0.310714
EPOCH 136:
VALIDATION
valid epoch balanced_accuracy: 0.325000
EPOCH 137:
VALIDATION
valid epoch balanced_accuracy: 0.310714
EPOCH 138:
VALIDATION
valid epoch balanced_accuracy: 0.275000
EPOCH 139:
VALIDATION
valid epoch balanced_accuracy: 0.239286
EPOCH 140:
VALIDATION
valid epoch balanced_accuracy: 0.360714
EPOCH 141:
VALIDATION
valid epoch balanced_accuracy: 0.407143
EPOCH 142:
VALIDATION
valid epoch balanced_accuracy: 0.342857
EPOCH 143:
VALIDATION
valid epoch balanced_accuracy: 0.307143
EPOCH 144:
VALIDATION
valid epoch balanced_accuracy: 0.235714
EPOCH 145:
VALIDATION
valid epoch balanced_accuracy: 0.257143
EPOCH 146:
VALIDATION
valid epoch balanced_accuracy: 0.185714
EPOCH 147:
VALIDATION
valid epoch balanced_accuracy: 0.271429
EPOCH 148:
VALIDATION
valid epoch balanced_accuracy: 0.346429
EPOCH 149:
VALIDATION
valid epoch balanced_accuracy: 0.292857
EPOCH 150:
VALIDATION
valid epoch balanced_accuracy: 0.217857
accuracy: 0.717949
sensitivity: 0.740741
precision: 0.833333
specificity: 0.666667
IoU: 0.645161
FAR: 0.333333
F1: 0.784314
balanced_accuracy: 0.703704
loss: 0.612619
Traceback (most recent call last):
  File "/home/kalinina/DL_project/./training/new_train.py", line 808, in <module>
    run_test(run_summary)
  File "/home/kalinina/DL_project/./training/new_train.py", line 736, in run_test
    append_metric(
  File "/home/kalinina/DL_project/append_metric_to_table.py", line 31, in append_metric
    upsert_row(table, row)
  File "/home/kalinina/DL_project/build_metrics_table.py", line 691, in upsert_row
    with _table_lock(table_path):
  File "/home/kalinina/.conda/envs/Kalinin_project_LP/lib/python3.10/contextlib.py", line 135, in __enter__
    return next(self.gen)
  File "/home/kalinina/DL_project/build_metrics_table.py", line 680, in _table_lock
    table_path.parent.mkdir(parents=True, exist_ok=True)
AttributeError: 'str' object has no attribute 'parent'
