Waiting for exclusive access to GPU GPU-3d901ca2-883a-b37a-1cb7-5e9c28415c30.
=== GROUP: START | VARIANT: nps3mlp_graph_norm | SEED: 2 | GPU: Tesla V100-SXM2-32GB ===

number of parameters : 1404622
train : (1083, 12)
valid : (124, 12)
test : (124, 12)
class weights : [1.0275142192840576, 0.9739208817481995]
data extracted
EPOCH 1:
VALIDATION
valid epoch balanced_accuracy: 0.494792
EPOCH 2:
VALIDATION
valid epoch balanced_accuracy: 0.392857
EPOCH 3:
VALIDATION
valid epoch balanced_accuracy: 0.496280
EPOCH 4:
VALIDATION
valid epoch balanced_accuracy: 0.485863
EPOCH 5:
VALIDATION
valid epoch balanced_accuracy: 0.484375
EPOCH 6:
VALIDATION
valid epoch balanced_accuracy: 0.501488
EPOCH 7:
VALIDATION
valid epoch balanced_accuracy: 0.361607
EPOCH 8:
VALIDATION
valid epoch balanced_accuracy: 0.468750
EPOCH 9:
VALIDATION
valid epoch balanced_accuracy: 0.463542
EPOCH 10:
VALIDATION
valid epoch balanced_accuracy: 0.420387
EPOCH 11:
VALIDATION
valid epoch balanced_accuracy: 0.517857
EPOCH 12:
VALIDATION
valid epoch balanced_accuracy: 0.529762
EPOCH 13:
VALIDATION
valid epoch balanced_accuracy: 0.587054
EPOCH 14:
VALIDATION
valid epoch balanced_accuracy: 0.575893
EPOCH 15:
VALIDATION
valid epoch balanced_accuracy: 0.544643
EPOCH 16:
VALIDATION
valid epoch balanced_accuracy: 0.551339
EPOCH 17:
VALIDATION
valid epoch balanced_accuracy: 0.546875
EPOCH 18:
VALIDATION
valid epoch balanced_accuracy: 0.584821
EPOCH 19:
VALIDATION
valid epoch balanced_accuracy: 0.548363
EPOCH 20:
VALIDATION
valid epoch balanced_accuracy: 0.586310
EPOCH 21:
VALIDATION
valid epoch balanced_accuracy: 0.633185
EPOCH 22:
VALIDATION
valid epoch balanced_accuracy: 0.584821
EPOCH 23:
VALIDATION
valid epoch balanced_accuracy: 0.584821
EPOCH 24:
VALIDATION
valid epoch balanced_accuracy: 0.644345
EPOCH 25:
VALIDATION
valid epoch balanced_accuracy: 0.576637
EPOCH 26:
VALIDATION
valid epoch balanced_accuracy: 0.482143
EPOCH 27:
VALIDATION
valid epoch balanced_accuracy: 0.578125
EPOCH 28:
VALIDATION
valid epoch balanced_accuracy: 0.569940
EPOCH 29:
VALIDATION
valid epoch balanced_accuracy: 0.540923
EPOCH 30:
VALIDATION
valid epoch balanced_accuracy: 0.527530
EPOCH 31:
VALIDATION
valid epoch balanced_accuracy: 0.566220
EPOCH 32:
VALIDATION
valid epoch balanced_accuracy: 0.552083
EPOCH 33:
VALIDATION
valid epoch balanced_accuracy: 0.642113
EPOCH 34:
VALIDATION
valid epoch balanced_accuracy: 0.548363
EPOCH 35:
VALIDATION
valid epoch balanced_accuracy: 0.601935
EPOCH 36:
VALIDATION
valid epoch balanced_accuracy: 0.511161
EPOCH 37:
VALIDATION
valid epoch balanced_accuracy: 0.521577
EPOCH 38:
VALIDATION
valid epoch balanced_accuracy: 0.561012
EPOCH 39:
VALIDATION
valid epoch balanced_accuracy: 0.598958
EPOCH 40:
VALIDATION
valid epoch balanced_accuracy: 0.592262
EPOCH 41:
VALIDATION
valid epoch balanced_accuracy: 0.577381
EPOCH 42:
VALIDATION
valid epoch balanced_accuracy: 0.630952
EPOCH 43:
VALIDATION
valid epoch balanced_accuracy: 0.595982
EPOCH 44:
VALIDATION
valid epoch balanced_accuracy: 0.623512
EPOCH 45:
VALIDATION
valid epoch balanced_accuracy: 0.537202
EPOCH 46:
VALIDATION
valid epoch balanced_accuracy: 0.604167
EPOCH 47:
VALIDATION
valid epoch balanced_accuracy: 0.593006
EPOCH 48:
VALIDATION
valid epoch balanced_accuracy: 0.608631
EPOCH 49:
VALIDATION
valid epoch balanced_accuracy: 0.555060
EPOCH 50:
VALIDATION
valid epoch balanced_accuracy: 0.545387
EPOCH 51:
VALIDATION
valid epoch balanced_accuracy: 0.613095
EPOCH 52:
VALIDATION
valid epoch balanced_accuracy: 0.591518
EPOCH 53:
VALIDATION
valid epoch balanced_accuracy: 0.634673
EPOCH 54:
VALIDATION
valid epoch balanced_accuracy: 0.616815
EPOCH 55:
VALIDATION
valid epoch balanced_accuracy: 0.633929
EPOCH 56:
VALIDATION
valid epoch balanced_accuracy: 0.651786
EPOCH 57:
VALIDATION
valid epoch balanced_accuracy: 0.636905
EPOCH 58:
VALIDATION
valid epoch balanced_accuracy: 0.566220
EPOCH 59:
VALIDATION
valid epoch balanced_accuracy: 0.571429
EPOCH 60:
VALIDATION
valid epoch balanced_accuracy: 0.641369
EPOCH 61:
VALIDATION
valid epoch balanced_accuracy: 0.578869
EPOCH 62:
VALIDATION
valid epoch balanced_accuracy: 0.609375
EPOCH 63:
VALIDATION
valid epoch balanced_accuracy: 0.594494
EPOCH 64:
VALIDATION
valid epoch balanced_accuracy: 0.610863
EPOCH 65:
VALIDATION
valid epoch balanced_accuracy: 0.594494
EPOCH 66:
VALIDATION
valid epoch balanced_accuracy: 0.595982
EPOCH 67:
VALIDATION
valid epoch balanced_accuracy: 0.605655
EPOCH 68:
VALIDATION
valid epoch balanced_accuracy: 0.649554
EPOCH 69:
VALIDATION
valid epoch balanced_accuracy: 0.588542
EPOCH 70:
VALIDATION
valid epoch balanced_accuracy: 0.581845
EPOCH 71:
VALIDATION
valid epoch balanced_accuracy: 0.611607
EPOCH 72:
VALIDATION
valid epoch balanced_accuracy: 0.576637
EPOCH 73:
VALIDATION
valid epoch balanced_accuracy: 0.615327
EPOCH 74:
VALIDATION
valid epoch balanced_accuracy: 0.610119
EPOCH 75:
VALIDATION
valid epoch balanced_accuracy: 0.615327
EPOCH 76:
VALIDATION
valid epoch balanced_accuracy: 0.606399
EPOCH 77:
VALIDATION
valid epoch balanced_accuracy: 0.581101
EPOCH 78:
VALIDATION
valid epoch balanced_accuracy: 0.570685
EPOCH 79:
VALIDATION
valid epoch balanced_accuracy: 0.601190
EPOCH 80:
VALIDATION
valid epoch balanced_accuracy: 0.580357
EPOCH 81:
VALIDATION
valid epoch balanced_accuracy: 0.610119
EPOCH 82:
VALIDATION
valid epoch balanced_accuracy: 0.578125
EPOCH 83:
VALIDATION
valid epoch balanced_accuracy: 0.639137
EPOCH 84:
VALIDATION
valid epoch balanced_accuracy: 0.530506
EPOCH 85:
VALIDATION
valid epoch balanced_accuracy: 0.537202
EPOCH 86:
VALIDATION
valid epoch balanced_accuracy: 0.542411
EPOCH 87:
VALIDATION
valid epoch balanced_accuracy: 0.499256
EPOCH 88:
VALIDATION
valid epoch balanced_accuracy: 0.555804
EPOCH 89:
VALIDATION
valid epoch balanced_accuracy: 0.459077
EPOCH 90:
VALIDATION
valid epoch balanced_accuracy: 0.476190
EPOCH 91:
VALIDATION
valid epoch balanced_accuracy: 0.534226
EPOCH 92:
VALIDATION
valid epoch balanced_accuracy: 0.490327
EPOCH 93:
VALIDATION
valid epoch balanced_accuracy: 0.537202
EPOCH 94:
VALIDATION
valid epoch balanced_accuracy: 0.547619
EPOCH 95:
VALIDATION
valid epoch balanced_accuracy: 0.492560
EPOCH 96:
VALIDATION
valid epoch balanced_accuracy: 0.537202
EPOCH 97:
VALIDATION
valid epoch balanced_accuracy: 0.479911
EPOCH 98:
VALIDATION
valid epoch balanced_accuracy: 0.540179
EPOCH 99:
VALIDATION
valid epoch balanced_accuracy: 0.536458
EPOCH 100:
VALIDATION
valid epoch balanced_accuracy: 0.627232
EPOCH 101:
VALIDATION
valid epoch balanced_accuracy: 0.656250
EPOCH 102:
VALIDATION
valid epoch balanced_accuracy: 0.677827
EPOCH 103:
VALIDATION
valid epoch balanced_accuracy: 0.608631
EPOCH 104:
VALIDATION
valid epoch balanced_accuracy: 0.560268
EPOCH 105:
VALIDATION
valid epoch balanced_accuracy: 0.589286
EPOCH 106:
VALIDATION
valid epoch balanced_accuracy: 0.596726
EPOCH 107:
VALIDATION
valid epoch balanced_accuracy: 0.544643
EPOCH 108:
VALIDATION
valid epoch balanced_accuracy: 0.546875
EPOCH 109:
VALIDATION
valid epoch balanced_accuracy: 0.554315
EPOCH 110:
VALIDATION
valid epoch balanced_accuracy: 0.610119
EPOCH 111:
VALIDATION
valid epoch balanced_accuracy: 0.542411
EPOCH 112:
VALIDATION
valid epoch balanced_accuracy: 0.594494
EPOCH 113:
VALIDATION
valid epoch balanced_accuracy: 0.531994
EPOCH 114:
VALIDATION
valid epoch balanced_accuracy: 0.539435
EPOCH 115:
VALIDATION
valid epoch balanced_accuracy: 0.564732
EPOCH 116:
VALIDATION
valid epoch balanced_accuracy: 0.552827
EPOCH 117:
VALIDATION
valid epoch balanced_accuracy: 0.552827
EPOCH 118:
VALIDATION
valid epoch balanced_accuracy: 0.573661
EPOCH 119:
VALIDATION
valid epoch balanced_accuracy: 0.589286
EPOCH 120:
VALIDATION
valid epoch balanced_accuracy: 0.544643
EPOCH 121:
VALIDATION
valid epoch balanced_accuracy: 0.558036
EPOCH 122:
VALIDATION
valid epoch balanced_accuracy: 0.565476
EPOCH 123:
VALIDATION
valid epoch balanced_accuracy: 0.564732
EPOCH 124:
VALIDATION
valid epoch balanced_accuracy: 0.636161
EPOCH 125:
VALIDATION
valid epoch balanced_accuracy: 0.575893
EPOCH 126:
VALIDATION
valid epoch balanced_accuracy: 0.615327
EPOCH 127:
VALIDATION
valid epoch balanced_accuracy: 0.575893
EPOCH 128:
VALIDATION
valid epoch balanced_accuracy: 0.620536
EPOCH 129:
VALIDATION
valid epoch balanced_accuracy: 0.554315
EPOCH 130:
VALIDATION
valid epoch balanced_accuracy: 0.620536
EPOCH 131:
VALIDATION
valid epoch balanced_accuracy: 0.570685
EPOCH 132:
VALIDATION
valid epoch balanced_accuracy: 0.594494
EPOCH 133:
VALIDATION
valid epoch balanced_accuracy: 0.565476
EPOCH 134:
VALIDATION
valid epoch balanced_accuracy: 0.581101
EPOCH 135:
VALIDATION
valid epoch balanced_accuracy: 0.594494
EPOCH 136:
VALIDATION
valid epoch balanced_accuracy: 0.557292
EPOCH 137:
VALIDATION
valid epoch balanced_accuracy: 0.570685
EPOCH 138:
VALIDATION
valid epoch balanced_accuracy: 0.534226
EPOCH 139:
VALIDATION
valid epoch balanced_accuracy: 0.620536
EPOCH 140:
VALIDATION
valid epoch balanced_accuracy: 0.554315
EPOCH 141:
VALIDATION
valid epoch balanced_accuracy: 0.639137
EPOCH 142:
VALIDATION
valid epoch balanced_accuracy: 0.541667
EPOCH 143:
VALIDATION
valid epoch balanced_accuracy: 0.595982
EPOCH 144:
VALIDATION
valid epoch balanced_accuracy: 0.514881
EPOCH 145:
VALIDATION
valid epoch balanced_accuracy: 0.555060
EPOCH 146:
VALIDATION
valid epoch balanced_accuracy: 0.534970
EPOCH 147:
VALIDATION
valid epoch balanced_accuracy: 0.550595
EPOCH 148:
VALIDATION
valid epoch balanced_accuracy: 0.472470
EPOCH 149:
VALIDATION
valid epoch balanced_accuracy: 0.517113
EPOCH 150:
VALIDATION
valid epoch balanced_accuracy: 0.543155
accuracy: 0.459677
sensitivity: 0.365385
precision: 0.974359
specificity: 0.950000
IoU: 0.361905
FAR: 0.050000
F1: 0.531469
balanced_accuracy: 0.657692
loss: 3.754272
