
number of parameters : 1189002
train : (1402, 12)
valid : (55, 12)
test : (55, 12)
class weights : [1.0, 1.0]
balanced batches : 88 per epoch covering all 1402 train rows, target 8 positive + 8 unlabeled
cache warmed : 35 proteins, 409 lipid encodings, 0 lipid graphs, 88 MiB
data extracted
EPOCH 1:
VALIDATION
valid epoch balanced_accuracy: 0.717742
EPOCH 2:
VALIDATION
valid epoch balanced_accuracy: 0.847446
EPOCH 3:
VALIDATION
valid epoch balanced_accuracy: 0.821909
EPOCH 4:
VALIDATION
valid epoch balanced_accuracy: 0.805780
EPOCH 5:
VALIDATION
valid epoch balanced_accuracy: 0.697581
EPOCH 6:
VALIDATION
valid epoch balanced_accuracy: 0.663306
EPOCH 7:
VALIDATION
valid epoch balanced_accuracy: 0.821909
EPOCH 8:
VALIDATION
valid epoch balanced_accuracy: 0.826613
EPOCH 9:
VALIDATION
valid epoch balanced_accuracy: 0.805780
EPOCH 10:
VALIDATION
valid epoch balanced_accuracy: 0.801075
EPOCH 11:
VALIDATION
valid epoch balanced_accuracy: 0.734543
EPOCH 12:
VALIDATION
valid epoch balanced_accuracy: 0.718414
EPOCH 13:
VALIDATION
valid epoch balanced_accuracy: 0.718414
EPOCH 14:
VALIDATION
valid epoch balanced_accuracy: 0.718414
EPOCH 15:
VALIDATION
valid epoch balanced_accuracy: 0.745968
EPOCH 16:
VALIDATION
valid epoch balanced_accuracy: 0.697581
EPOCH 17:
VALIDATION
valid epoch balanced_accuracy: 0.718414
EPOCH 18:
VALIDATION
valid epoch balanced_accuracy: 0.718414
EPOCH 19:
VALIDATION
valid epoch balanced_accuracy: 0.718414
EPOCH 20:
VALIDATION
valid epoch balanced_accuracy: 0.725134
EPOCH 21:
VALIDATION
valid epoch balanced_accuracy: 0.598790
EPOCH 22:
VALIDATION
valid epoch balanced_accuracy: 0.665323
EPOCH 23:
VALIDATION
valid epoch balanced_accuracy: 0.695565
EPOCH 24:
VALIDATION
valid epoch balanced_accuracy: 0.697581
EPOCH 25:
VALIDATION
valid epoch balanced_accuracy: 0.697581
EPOCH 26:
VALIDATION
valid epoch balanced_accuracy: 0.665323
EPOCH 27:
VALIDATION
valid epoch balanced_accuracy: 0.699597
EPOCH 28:
VALIDATION
valid epoch balanced_accuracy: 0.697581
EPOCH 29:
VALIDATION
valid epoch balanced_accuracy: 0.699597
EPOCH 30:
VALIDATION
valid epoch balanced_accuracy: 0.697581
EPOCH 31:
VALIDATION
valid epoch balanced_accuracy: 0.633065
EPOCH 32:
VALIDATION
valid epoch balanced_accuracy: 0.637769
EPOCH 33:
VALIDATION
valid epoch balanced_accuracy: 0.731855
EPOCH 34:
VALIDATION
valid epoch balanced_accuracy: 0.658602
EPOCH 35:
VALIDATION
valid epoch balanced_accuracy: 0.591398
EPOCH 36:
VALIDATION
valid epoch balanced_accuracy: 0.762097
EPOCH 37:
VALIDATION
valid epoch balanced_accuracy: 0.649194
EPOCH 38:
VALIDATION
valid epoch balanced_accuracy: 0.681452
EPOCH 39:
VALIDATION
valid epoch balanced_accuracy: 0.713710
EPOCH 40:
VALIDATION
valid epoch balanced_accuracy: 0.616935
EPOCH 41:
VALIDATION
valid epoch balanced_accuracy: 0.616935
EPOCH 42:
VALIDATION
valid epoch balanced_accuracy: 0.649194
EPOCH 43:
VALIDATION
valid epoch balanced_accuracy: 0.684140
EPOCH 44:
VALIDATION
valid epoch balanced_accuracy: 0.633065
EPOCH 45:
VALIDATION
valid epoch balanced_accuracy: 0.591398
EPOCH 46:
VALIDATION
valid epoch balanced_accuracy: 0.681452
EPOCH 47:
VALIDATION
valid epoch balanced_accuracy: 0.665323
EPOCH 48:
VALIDATION
valid epoch balanced_accuracy: 0.616935
EPOCH 49:
VALIDATION
valid epoch balanced_accuracy: 0.681452
EPOCH 50:
VALIDATION
valid epoch balanced_accuracy: 0.616935
EPOCH 51:
VALIDATION
valid epoch balanced_accuracy: 0.695565
EPOCH 52:
VALIDATION
valid epoch balanced_accuracy: 0.616935
EPOCH 53:
VALIDATION
valid epoch balanced_accuracy: 0.649194
EPOCH 54:
VALIDATION
valid epoch balanced_accuracy: 0.637769
EPOCH 55:
VALIDATION
valid epoch balanced_accuracy: 0.616935
EPOCH 56:
VALIDATION
valid epoch balanced_accuracy: 0.596102
EPOCH 57:
VALIDATION
valid epoch balanced_accuracy: 0.616935
EPOCH 58:
VALIDATION
valid epoch balanced_accuracy: 0.637769
EPOCH 59:
VALIDATION
valid epoch balanced_accuracy: 0.618952
EPOCH 60:
VALIDATION
valid epoch balanced_accuracy: 0.665323
EPOCH 61:
VALIDATION
valid epoch balanced_accuracy: 0.644489
EPOCH 62:
VALIDATION
valid epoch balanced_accuracy: 0.623656
EPOCH 63:
VALIDATION
valid epoch balanced_accuracy: 0.621640
EPOCH 64:
VALIDATION
valid epoch balanced_accuracy: 0.600806
EPOCH 65:
VALIDATION
valid epoch balanced_accuracy: 0.616935
EPOCH 66:
VALIDATION
valid epoch balanced_accuracy: 0.637769
EPOCH 67:
VALIDATION
valid epoch balanced_accuracy: 0.651210
EPOCH 68:
VALIDATION
valid epoch balanced_accuracy: 0.676747
EPOCH 69:
VALIDATION
valid epoch balanced_accuracy: 0.655242
EPOCH 70:
VALIDATION
valid epoch balanced_accuracy: 0.612231
EPOCH 71:
VALIDATION
valid epoch balanced_accuracy: 0.600806
EPOCH 72:
VALIDATION
valid epoch balanced_accuracy: 0.660618
EPOCH 73:
VALIDATION
valid epoch balanced_accuracy: 0.598118
EPOCH 74:
VALIDATION
valid epoch balanced_accuracy: 0.593414
EPOCH 75:
VALIDATION
valid epoch balanced_accuracy: 0.679435
EPOCH 76:
VALIDATION
valid epoch balanced_accuracy: 0.731855
EPOCH 77:
VALIDATION
valid epoch balanced_accuracy: 0.637769
EPOCH 78:
VALIDATION
valid epoch balanced_accuracy: 0.591398
EPOCH 79:
VALIDATION
valid epoch balanced_accuracy: 0.618952
EPOCH 80:
VALIDATION
valid epoch balanced_accuracy: 0.577285
EPOCH 81:
VALIDATION
valid epoch balanced_accuracy: 0.593414
EPOCH 82:
VALIDATION
valid epoch balanced_accuracy: 0.633065
EPOCH 83:
VALIDATION
valid epoch balanced_accuracy: 0.598118
EPOCH 84:
VALIDATION
valid epoch balanced_accuracy: 0.575269
EPOCH 85:
VALIDATION
valid epoch balanced_accuracy: 0.596102
EPOCH 86:
VALIDATION
valid epoch balanced_accuracy: 0.647177
EPOCH 87:
VALIDATION
valid epoch balanced_accuracy: 0.605511
EPOCH 88:
VALIDATION
valid epoch balanced_accuracy: 0.709005
EPOCH 89:
VALIDATION
valid epoch balanced_accuracy: 0.591398
EPOCH 90:
VALIDATION
valid epoch balanced_accuracy: 0.681452
EPOCH 91:
VALIDATION
valid epoch balanced_accuracy: 0.605511
EPOCH 92:
VALIDATION
valid epoch balanced_accuracy: 0.639785
EPOCH 93:
VALIDATION
valid epoch balanced_accuracy: 0.579973
EPOCH 94:
VALIDATION
valid epoch balanced_accuracy: 0.639785
EPOCH 95:
VALIDATION
valid epoch balanced_accuracy: 0.616935
EPOCH 96:
VALIDATION
valid epoch balanced_accuracy: 0.644489
EPOCH 97:
VALIDATION
valid epoch balanced_accuracy: 0.637769
EPOCH 98:
VALIDATION
valid epoch balanced_accuracy: 0.565860
EPOCH 99:
VALIDATION
valid epoch balanced_accuracy: 0.681452
EPOCH 100:
VALIDATION
valid epoch balanced_accuracy: 0.581989
EPOCH 101:
VALIDATION
valid epoch balanced_accuracy: 0.591398
EPOCH 102:
VALIDATION
valid epoch balanced_accuracy: 0.649194
EPOCH 103:
VALIDATION
valid epoch balanced_accuracy: 0.637769
EPOCH 104:
VALIDATION
valid epoch balanced_accuracy: 0.674059
EPOCH 105:
VALIDATION
valid epoch balanced_accuracy: 0.602823
EPOCH 106:
VALIDATION
valid epoch balanced_accuracy: 0.639785
EPOCH 107:
VALIDATION
valid epoch balanced_accuracy: 0.522177
EPOCH 108:
VALIDATION
valid epoch balanced_accuracy: 0.584677
EPOCH 109:
VALIDATION
valid epoch balanced_accuracy: 0.727151
EPOCH 110:
VALIDATION
valid epoch balanced_accuracy: 0.600806
EPOCH 111:
VALIDATION
valid epoch balanced_accuracy: 0.713710
EPOCH 112:
VALIDATION
valid epoch balanced_accuracy: 0.670027
EPOCH 113:
VALIDATION
valid epoch balanced_accuracy: 0.653226
EPOCH 114:
VALIDATION
valid epoch balanced_accuracy: 0.655914
EPOCH 115:
VALIDATION
valid epoch balanced_accuracy: 0.621640
EPOCH 116:
VALIDATION
valid epoch balanced_accuracy: 0.567876
EPOCH 117:
VALIDATION
valid epoch balanced_accuracy: 0.551747
EPOCH 118:
VALIDATION
valid epoch balanced_accuracy: 0.616935
EPOCH 119:
VALIDATION
valid epoch balanced_accuracy: 0.630376
EPOCH 120:
VALIDATION
valid epoch balanced_accuracy: 0.605511
EPOCH 121:
VALIDATION
valid epoch balanced_accuracy: 0.605511
EPOCH 122:
VALIDATION
valid epoch balanced_accuracy: 0.598118
EPOCH 123:
VALIDATION
valid epoch balanced_accuracy: 0.579973
EPOCH 124:
VALIDATION
valid epoch balanced_accuracy: 0.633065
EPOCH 125:
VALIDATION
valid epoch balanced_accuracy: 0.602823
EPOCH 126:
VALIDATION
valid epoch balanced_accuracy: 0.623656
EPOCH 127:
VALIDATION
valid epoch balanced_accuracy: 0.731855
EPOCH 128:
VALIDATION
valid epoch balanced_accuracy: 0.586694
EPOCH 129:
VALIDATION
valid epoch balanced_accuracy: 0.570565
EPOCH 130:
VALIDATION
valid epoch balanced_accuracy: 0.630376
EPOCH 131:
VALIDATION
valid epoch balanced_accuracy: 0.586694
EPOCH 132:
VALIDATION
valid epoch balanced_accuracy: 0.614247
EPOCH 133:
VALIDATION
valid epoch balanced_accuracy: 0.618952
EPOCH 134:
VALIDATION
valid epoch balanced_accuracy: 0.584005
EPOCH 135:
VALIDATION
valid epoch balanced_accuracy: 0.596102
EPOCH 136:
VALIDATION
valid epoch balanced_accuracy: 0.510081
EPOCH 137:
VALIDATION
valid epoch balanced_accuracy: 0.639785
EPOCH 138:
VALIDATION
valid epoch balanced_accuracy: 0.646505
EPOCH 139:
VALIDATION
valid epoch balanced_accuracy: 0.614247
EPOCH 140:
VALIDATION
valid epoch balanced_accuracy: 0.628360
EPOCH 141:
VALIDATION
valid epoch balanced_accuracy: 0.644489
EPOCH 142:
VALIDATION
valid epoch balanced_accuracy: 0.609543
EPOCH 143:
VALIDATION
valid epoch balanced_accuracy: 0.579973
EPOCH 144:
VALIDATION
valid epoch balanced_accuracy: 0.565860
EPOCH 145:
VALIDATION
valid epoch balanced_accuracy: 0.614247
EPOCH 146:
VALIDATION
valid epoch balanced_accuracy: 0.607527
EPOCH 147:
VALIDATION
valid epoch balanced_accuracy: 0.547715
EPOCH 148:
VALIDATION
valid epoch balanced_accuracy: 0.614247
EPOCH 149:
VALIDATION
valid epoch balanced_accuracy: 0.561156
EPOCH 150:
VALIDATION
valid epoch balanced_accuracy: 0.549731
accuracy: 0.709091
sensitivity: 0.791667
precision: 0.633333
specificity: 0.645161
IoU: 0.542857
FAR: 0.354839
F1: 0.703704
balanced_accuracy: 0.718414
loss: 0.622368
