Waiting for exclusive access to GPU GPU-2500c8e9-64e4-c7b3-599c-a19301eceaca.
=== GROUP: START | VARIANT: bbp_nps3mlp_dpt01_gm | SEED: 4 | GPU: NVIDIA H100 ===

number of parameters : 1403984
train : (1112, 12)
valid : (200, 12)
test : (200, 12)
class weights : [1.0, 1.0]
balanced batches : 70 per epoch covering all 1112 train rows, target 8 positive + 8 unlabeled
data extracted
EPOCH 1:
VALIDATION
valid epoch balanced_accuracy: 0.486853
EPOCH 2:
VALIDATION
valid epoch balanced_accuracy: 0.530309
EPOCH 3:
VALIDATION
valid epoch balanced_accuracy: 0.481032
EPOCH 4:
VALIDATION
valid epoch balanced_accuracy: 0.496788
EPOCH 5:
VALIDATION
valid epoch balanced_accuracy: 0.581493
EPOCH 6:
VALIDATION
valid epoch balanced_accuracy: 0.525291
EPOCH 7:
VALIDATION
valid epoch balanced_accuracy: 0.506022
EPOCH 8:
VALIDATION
valid epoch balanced_accuracy: 0.447310
EPOCH 9:
VALIDATION
valid epoch balanced_accuracy: 0.517864
EPOCH 10:
VALIDATION
valid epoch balanced_accuracy: 0.545163
EPOCH 11:
VALIDATION
valid epoch balanced_accuracy: 0.551786
EPOCH 12:
VALIDATION
valid epoch balanced_accuracy: 0.545363
EPOCH 13:
VALIDATION
valid epoch balanced_accuracy: 0.599759
EPOCH 14:
VALIDATION
valid epoch balanced_accuracy: 0.575974
EPOCH 15:
VALIDATION
valid epoch balanced_accuracy: 0.571959
EPOCH 16:
VALIDATION
valid epoch balanced_accuracy: 0.542955
EPOCH 17:
VALIDATION
valid epoch balanced_accuracy: 0.608089
EPOCH 18:
VALIDATION
valid epoch balanced_accuracy: 0.611903
EPOCH 19:
VALIDATION
valid epoch balanced_accuracy: 0.589623
EPOCH 20:
VALIDATION
valid epoch balanced_accuracy: 0.619029
EPOCH 21:
VALIDATION
valid epoch balanced_accuracy: 0.651646
EPOCH 22:
VALIDATION
valid epoch balanced_accuracy: 0.563729
EPOCH 23:
VALIDATION
valid epoch balanced_accuracy: 0.597150
EPOCH 24:
VALIDATION
valid epoch balanced_accuracy: 0.603272
EPOCH 25:
VALIDATION
valid epoch balanced_accuracy: 0.543657
EPOCH 26:
VALIDATION
valid epoch balanced_accuracy: 0.545363
EPOCH 27:
VALIDATION
valid epoch balanced_accuracy: 0.581895
EPOCH 28:
VALIDATION
valid epoch balanced_accuracy: 0.633380
EPOCH 29:
VALIDATION
valid epoch balanced_accuracy: 0.637395
EPOCH 30:
VALIDATION
valid epoch balanced_accuracy: 0.646126
EPOCH 31:
VALIDATION
valid epoch balanced_accuracy: 0.625552
EPOCH 32:
VALIDATION
valid epoch balanced_accuracy: 0.628061
EPOCH 33:
VALIDATION
valid epoch balanced_accuracy: 0.626857
EPOCH 34:
VALIDATION
valid epoch balanced_accuracy: 0.638699
EPOCH 35:
VALIDATION
valid epoch balanced_accuracy: 0.650341
EPOCH 36:
VALIDATION
valid epoch balanced_accuracy: 0.599057
EPOCH 37:
VALIDATION
valid epoch balanced_accuracy: 0.625552
EPOCH 38:
VALIDATION
valid epoch balanced_accuracy: 0.642212
EPOCH 39:
VALIDATION
valid epoch balanced_accuracy: 0.648033
EPOCH 40:
VALIDATION
valid epoch balanced_accuracy: 0.663288
EPOCH 41:
VALIDATION
valid epoch balanced_accuracy: 0.610899
EPOCH 42:
VALIDATION
valid epoch balanced_accuracy: 0.616319
EPOCH 43:
VALIDATION
valid epoch balanced_accuracy: 0.666399
EPOCH 44:
VALIDATION
valid epoch balanced_accuracy: 0.654556
EPOCH 45:
VALIDATION
valid epoch balanced_accuracy: 0.655259
EPOCH 46:
VALIDATION
valid epoch balanced_accuracy: 0.633280
EPOCH 47:
VALIDATION
valid epoch balanced_accuracy: 0.587615
EPOCH 48:
VALIDATION
valid epoch balanced_accuracy: 0.606684
EPOCH 49:
VALIDATION
valid epoch balanced_accuracy: 0.626154
EPOCH 50:
VALIDATION
valid epoch balanced_accuracy: 0.658872
EPOCH 51:
VALIDATION
valid epoch balanced_accuracy: 0.598254
EPOCH 52:
VALIDATION
valid epoch balanced_accuracy: 0.623143
EPOCH 53:
VALIDATION
valid epoch balanced_accuracy: 0.652148
EPOCH 54:
VALIDATION
valid epoch balanced_accuracy: 0.684163
EPOCH 55:
VALIDATION
valid epoch balanced_accuracy: 0.631975
EPOCH 56:
VALIDATION
valid epoch balanced_accuracy: 0.645122
EPOCH 57:
VALIDATION
valid epoch balanced_accuracy: 0.689984
EPOCH 58:
VALIDATION
valid epoch balanced_accuracy: 0.669912
EPOCH 59:
VALIDATION
valid epoch balanced_accuracy: 0.642212
EPOCH 60:
VALIDATION
valid epoch balanced_accuracy: 0.655058
EPOCH 61:
VALIDATION
valid epoch balanced_accuracy: 0.638699
EPOCH 62:
VALIDATION
valid epoch balanced_accuracy: 0.636090
EPOCH 63:
VALIDATION
valid epoch balanced_accuracy: 0.644621
EPOCH 64:
VALIDATION
valid epoch balanced_accuracy: 0.649940
EPOCH 65:
VALIDATION
valid epoch balanced_accuracy: 0.612605
EPOCH 66:
VALIDATION
valid epoch balanced_accuracy: 0.673525
EPOCH 67:
VALIDATION
valid epoch balanced_accuracy: 0.624548
EPOCH 68:
VALIDATION
valid epoch balanced_accuracy: 0.644420
EPOCH 69:
VALIDATION
valid epoch balanced_accuracy: 0.646226
EPOCH 70:
VALIDATION
valid epoch balanced_accuracy: 0.671216
EPOCH 71:
VALIDATION
valid epoch balanced_accuracy: 0.623143
EPOCH 72:
VALIDATION
valid epoch balanced_accuracy: 0.645122
EPOCH 73:
VALIDATION
valid epoch balanced_accuracy: 0.571758
EPOCH 74:
VALIDATION
valid epoch balanced_accuracy: 0.619330
EPOCH 75:
VALIDATION
valid epoch balanced_accuracy: 0.655159
EPOCH 76:
VALIDATION
valid epoch balanced_accuracy: 0.606283
EPOCH 77:
VALIDATION
valid epoch balanced_accuracy: 0.619631
EPOCH 78:
VALIDATION
valid epoch balanced_accuracy: 0.676435
EPOCH 79:
VALIDATION
valid epoch balanced_accuracy: 0.624348
EPOCH 80:
VALIDATION
valid epoch balanced_accuracy: 0.633280
EPOCH 81:
VALIDATION
valid epoch balanced_accuracy: 0.635086
EPOCH 82:
VALIDATION
valid epoch balanced_accuracy: 0.655761
EPOCH 83:
VALIDATION
valid epoch balanced_accuracy: 0.548173
EPOCH 84:
VALIDATION
valid epoch balanced_accuracy: 0.601265
EPOCH 85:
VALIDATION
valid epoch balanced_accuracy: 0.634484
EPOCH 86:
VALIDATION
valid epoch balanced_accuracy: 0.571859
EPOCH 87:
VALIDATION
valid epoch balanced_accuracy: 0.576475
EPOCH 88:
VALIDATION
valid epoch balanced_accuracy: 0.636190
EPOCH 89:
VALIDATION
valid epoch balanced_accuracy: 0.654456
EPOCH 90:
VALIDATION
valid epoch balanced_accuracy: 0.584203
EPOCH 91:
VALIDATION
valid epoch balanced_accuracy: 0.548876
EPOCH 92:
VALIDATION
valid epoch balanced_accuracy: 0.636692
EPOCH 93:
VALIDATION
valid epoch balanced_accuracy: 0.641008
EPOCH 94:
VALIDATION
valid epoch balanced_accuracy: 0.633882
EPOCH 95:
VALIDATION
valid epoch balanced_accuracy: 0.615616
EPOCH 96:
VALIDATION
valid epoch balanced_accuracy: 0.666299
EPOCH 97:
VALIDATION
valid epoch balanced_accuracy: 0.636190
EPOCH 98:
VALIDATION
valid epoch balanced_accuracy: 0.650943
EPOCH 99:
VALIDATION
valid epoch balanced_accuracy: 0.615516
EPOCH 100:
VALIDATION
valid epoch balanced_accuracy: 0.640907
EPOCH 101:
VALIDATION
valid epoch balanced_accuracy: 0.599558
EPOCH 102:
VALIDATION
valid epoch balanced_accuracy: 0.616620
EPOCH 103:
VALIDATION
valid epoch balanced_accuracy: 0.621337
EPOCH 104:
VALIDATION
valid epoch balanced_accuracy: 0.629165
EPOCH 105:
VALIDATION
valid epoch balanced_accuracy: 0.584404
EPOCH 106:
VALIDATION
valid epoch balanced_accuracy: 0.610197
EPOCH 107:
VALIDATION
valid epoch balanced_accuracy: 0.637395
EPOCH 108:
VALIDATION
valid epoch balanced_accuracy: 0.648635
EPOCH 109:
VALIDATION
valid epoch balanced_accuracy: 0.677539
EPOCH 110:
VALIDATION
valid epoch balanced_accuracy: 0.646829
EPOCH 111:
VALIDATION
valid epoch balanced_accuracy: 0.679346
EPOCH 112:
VALIDATION
valid epoch balanced_accuracy: 0.678743
EPOCH 113:
VALIDATION
valid epoch balanced_accuracy: 0.642112
EPOCH 114:
VALIDATION
valid epoch balanced_accuracy: 0.676435
EPOCH 115:
VALIDATION
valid epoch balanced_accuracy: 0.641509
EPOCH 116:
VALIDATION
valid epoch balanced_accuracy: 0.632778
EPOCH 117:
VALIDATION
valid epoch balanced_accuracy: 0.488458
EPOCH 118:
VALIDATION
valid epoch balanced_accuracy: 0.642613
EPOCH 119:
VALIDATION
valid epoch balanced_accuracy: 0.632678
EPOCH 120:
VALIDATION
valid epoch balanced_accuracy: 0.652148
EPOCH 121:
VALIDATION
valid epoch balanced_accuracy: 0.653352
EPOCH 122:
VALIDATION
valid epoch balanced_accuracy: 0.633982
EPOCH 123:
VALIDATION
valid epoch balanced_accuracy: 0.659976
EPOCH 124:
VALIDATION
valid epoch balanced_accuracy: 0.662184
EPOCH 125:
VALIDATION
valid epoch balanced_accuracy: 0.656865
EPOCH 126:
VALIDATION
valid epoch balanced_accuracy: 0.682959
EPOCH 127:
VALIDATION
valid epoch balanced_accuracy: 0.688177
EPOCH 128:
VALIDATION
valid epoch balanced_accuracy: 0.665697
EPOCH 129:
VALIDATION
valid epoch balanced_accuracy: 0.695905
EPOCH 130:
VALIDATION
valid epoch balanced_accuracy: 0.678743
EPOCH 131:
VALIDATION
valid epoch balanced_accuracy: 0.684063
EPOCH 132:
VALIDATION
valid epoch balanced_accuracy: 0.674127
EPOCH 133:
VALIDATION
valid epoch balanced_accuracy: 0.657467
EPOCH 134:
VALIDATION
valid epoch balanced_accuracy: 0.688177
EPOCH 135:
VALIDATION
valid epoch balanced_accuracy: 0.681052
EPOCH 136:
VALIDATION
valid epoch balanced_accuracy: 0.658671
EPOCH 137:
VALIDATION
valid epoch balanced_accuracy: 0.639201
EPOCH 138:
VALIDATION
valid epoch balanced_accuracy: 0.602569
EPOCH 139:
VALIDATION
valid epoch balanced_accuracy: 0.667603
EPOCH 140:
VALIDATION
valid epoch balanced_accuracy: 0.672923
EPOCH 141:
VALIDATION
valid epoch balanced_accuracy: 0.659273
EPOCH 142:
VALIDATION
valid epoch balanced_accuracy: 0.686471
EPOCH 143:
VALIDATION
valid epoch balanced_accuracy: 0.657467
EPOCH 144:
VALIDATION
valid epoch balanced_accuracy: 0.661582
EPOCH 145:
VALIDATION
valid epoch balanced_accuracy: 0.662184
EPOCH 146:
VALIDATION
valid epoch balanced_accuracy: 0.665195
EPOCH 147:
VALIDATION
valid epoch balanced_accuracy: 0.672822
EPOCH 148:
VALIDATION
valid epoch balanced_accuracy: 0.662786
EPOCH 149:
VALIDATION
valid epoch balanced_accuracy: 0.663990
EPOCH 150:
VALIDATION
valid epoch balanced_accuracy: 0.658671
accuracy: 0.625000
sensitivity: 0.481132
precision: 0.718310
specificity: 0.787234
IoU: 0.404762
FAR: 0.212766
F1: 0.576271
balanced_accuracy: 0.634183
loss: 2.813853
