Waiting for exclusive access to GPU GPU-b0f8836e-a8e2-66c9-3424-6137a2b712ae.
=== GROUP: START | VARIANT: bbp_nps3mlp_dpt01_gm | SEED: 1 | GPU: NVIDIA H100 ===

number of parameters : 1403984
train : (1112, 12)
valid : (200, 12)
test : (200, 12)
class weights : [1.0, 1.0]
balanced batches : 70 per epoch covering all 1112 train rows, target 8 positive + 8 unlabeled
data extracted
EPOCH 1:
VALIDATION
valid epoch balanced_accuracy: 0.448579
EPOCH 2:
VALIDATION
valid epoch balanced_accuracy: 0.548820
EPOCH 3:
VALIDATION
valid epoch balanced_accuracy: 0.478091
EPOCH 4:
VALIDATION
valid epoch balanced_accuracy: 0.565526
EPOCH 5:
VALIDATION
valid epoch balanced_accuracy: 0.568627
EPOCH 6:
VALIDATION
valid epoch balanced_accuracy: 0.578631
EPOCH 7:
VALIDATION
valid epoch balanced_accuracy: 0.600340
EPOCH 8:
VALIDATION
valid epoch balanced_accuracy: 0.571929
EPOCH 9:
VALIDATION
valid epoch balanced_accuracy: 0.645158
EPOCH 10:
VALIDATION
valid epoch balanced_accuracy: 0.501901
EPOCH 11:
VALIDATION
valid epoch balanced_accuracy: 0.511505
EPOCH 12:
VALIDATION
valid epoch balanced_accuracy: 0.563725
EPOCH 13:
VALIDATION
valid epoch balanced_accuracy: 0.470288
EPOCH 14:
VALIDATION
valid epoch balanced_accuracy: 0.489396
EPOCH 15:
VALIDATION
valid epoch balanced_accuracy: 0.543417
EPOCH 16:
VALIDATION
valid epoch balanced_accuracy: 0.510904
EPOCH 17:
VALIDATION
valid epoch balanced_accuracy: 0.566026
EPOCH 18:
VALIDATION
valid epoch balanced_accuracy: 0.556823
EPOCH 19:
VALIDATION
valid epoch balanced_accuracy: 0.539316
EPOCH 20:
VALIDATION
valid epoch balanced_accuracy: 0.628651
EPOCH 21:
VALIDATION
valid epoch balanced_accuracy: 0.501301
EPOCH 22:
VALIDATION
valid epoch balanced_accuracy: 0.619248
EPOCH 23:
VALIDATION
valid epoch balanced_accuracy: 0.515806
EPOCH 24:
VALIDATION
valid epoch balanced_accuracy: 0.531112
EPOCH 25:
VALIDATION
valid epoch balanced_accuracy: 0.528211
EPOCH 26:
VALIDATION
valid epoch balanced_accuracy: 0.560924
EPOCH 27:
VALIDATION
valid epoch balanced_accuracy: 0.643357
EPOCH 28:
VALIDATION
valid epoch balanced_accuracy: 0.540516
EPOCH 29:
VALIDATION
valid epoch balanced_accuracy: 0.544418
EPOCH 30:
VALIDATION
valid epoch balanced_accuracy: 0.544018
EPOCH 31:
VALIDATION
valid epoch balanced_accuracy: 0.627851
EPOCH 32:
VALIDATION
valid epoch balanced_accuracy: 0.555622
EPOCH 33:
VALIDATION
valid epoch balanced_accuracy: 0.550920
EPOCH 34:
VALIDATION
valid epoch balanced_accuracy: 0.540716
EPOCH 35:
VALIDATION
valid epoch balanced_accuracy: 0.536415
EPOCH 36:
VALIDATION
valid epoch balanced_accuracy: 0.580732
EPOCH 37:
VALIDATION
valid epoch balanced_accuracy: 0.597039
EPOCH 38:
VALIDATION
valid epoch balanced_accuracy: 0.653962
EPOCH 39:
VALIDATION
valid epoch balanced_accuracy: 0.588435
EPOCH 40:
VALIDATION
valid epoch balanced_accuracy: 0.586034
EPOCH 41:
VALIDATION
valid epoch balanced_accuracy: 0.559924
EPOCH 42:
VALIDATION
valid epoch balanced_accuracy: 0.582133
EPOCH 43:
VALIDATION
valid epoch balanced_accuracy: 0.525410
EPOCH 44:
VALIDATION
valid epoch balanced_accuracy: 0.545018
EPOCH 45:
VALIDATION
valid epoch balanced_accuracy: 0.609544
EPOCH 46:
VALIDATION
valid epoch balanced_accuracy: 0.530912
EPOCH 47:
VALIDATION
valid epoch balanced_accuracy: 0.622549
EPOCH 48:
VALIDATION
valid epoch balanced_accuracy: 0.595238
EPOCH 49:
VALIDATION
valid epoch balanced_accuracy: 0.524610
EPOCH 50:
VALIDATION
valid epoch balanced_accuracy: 0.559724
EPOCH 51:
VALIDATION
valid epoch balanced_accuracy: 0.586234
EPOCH 52:
VALIDATION
valid epoch balanced_accuracy: 0.569928
EPOCH 53:
VALIDATION
valid epoch balanced_accuracy: 0.576030
EPOCH 54:
VALIDATION
valid epoch balanced_accuracy: 0.581132
EPOCH 55:
VALIDATION
valid epoch balanced_accuracy: 0.566026
EPOCH 56:
VALIDATION
valid epoch balanced_accuracy: 0.595438
EPOCH 57:
VALIDATION
valid epoch balanced_accuracy: 0.570728
EPOCH 58:
VALIDATION
valid epoch balanced_accuracy: 0.602541
EPOCH 59:
VALIDATION
valid epoch balanced_accuracy: 0.525610
EPOCH 60:
VALIDATION
valid epoch balanced_accuracy: 0.530112
EPOCH 61:
VALIDATION
valid epoch balanced_accuracy: 0.571529
EPOCH 62:
VALIDATION
valid epoch balanced_accuracy: 0.551321
EPOCH 63:
VALIDATION
valid epoch balanced_accuracy: 0.554022
EPOCH 64:
VALIDATION
valid epoch balanced_accuracy: 0.560524
EPOCH 65:
VALIDATION
valid epoch balanced_accuracy: 0.504402
EPOCH 66:
VALIDATION
valid epoch balanced_accuracy: 0.539516
EPOCH 67:
VALIDATION
valid epoch balanced_accuracy: 0.585634
EPOCH 68:
VALIDATION
valid epoch balanced_accuracy: 0.564026
EPOCH 69:
VALIDATION
valid epoch balanced_accuracy: 0.556623
EPOCH 70:
VALIDATION
valid epoch balanced_accuracy: 0.544618
EPOCH 71:
VALIDATION
valid epoch balanced_accuracy: 0.525010
EPOCH 72:
VALIDATION
valid epoch balanced_accuracy: 0.555022
EPOCH 73:
VALIDATION
valid epoch balanced_accuracy: 0.589736
EPOCH 74:
VALIDATION
valid epoch balanced_accuracy: 0.580532
EPOCH 75:
VALIDATION
valid epoch balanced_accuracy: 0.550720
EPOCH 76:
VALIDATION
valid epoch balanced_accuracy: 0.554822
EPOCH 77:
VALIDATION
valid epoch balanced_accuracy: 0.545818
EPOCH 78:
VALIDATION
valid epoch balanced_accuracy: 0.535014
EPOCH 79:
VALIDATION
valid epoch balanced_accuracy: 0.570128
EPOCH 80:
VALIDATION
valid epoch balanced_accuracy: 0.551521
EPOCH 81:
VALIDATION
valid epoch balanced_accuracy: 0.530312
EPOCH 82:
VALIDATION
valid epoch balanced_accuracy: 0.587035
EPOCH 83:
VALIDATION
valid epoch balanced_accuracy: 0.554622
EPOCH 84:
VALIDATION
valid epoch balanced_accuracy: 0.575030
EPOCH 85:
VALIDATION
valid epoch balanced_accuracy: 0.580732
EPOCH 86:
VALIDATION
valid epoch balanced_accuracy: 0.522109
EPOCH 87:
VALIDATION
valid epoch balanced_accuracy: 0.523609
EPOCH 88:
VALIDATION
valid epoch balanced_accuracy: 0.595838
EPOCH 89:
VALIDATION
valid epoch balanced_accuracy: 0.544418
EPOCH 90:
VALIDATION
valid epoch balanced_accuracy: 0.579532
EPOCH 91:
VALIDATION
valid epoch balanced_accuracy: 0.560724
EPOCH 92:
VALIDATION
valid epoch balanced_accuracy: 0.548719
EPOCH 93:
VALIDATION
valid epoch balanced_accuracy: 0.614646
EPOCH 94:
VALIDATION
valid epoch balanced_accuracy: 0.585634
EPOCH 95:
VALIDATION
valid epoch balanced_accuracy: 0.543417
EPOCH 96:
VALIDATION
valid epoch balanced_accuracy: 0.520108
EPOCH 97:
VALIDATION
valid epoch balanced_accuracy: 0.565426
EPOCH 98:
VALIDATION
valid epoch balanced_accuracy: 0.560124
EPOCH 99:
VALIDATION
valid epoch balanced_accuracy: 0.554822
EPOCH 100:
VALIDATION
valid epoch balanced_accuracy: 0.549520
EPOCH 101:
VALIDATION
valid epoch balanced_accuracy: 0.554622
EPOCH 102:
VALIDATION
valid epoch balanced_accuracy: 0.523810
EPOCH 103:
VALIDATION
valid epoch balanced_accuracy: 0.528912
EPOCH 104:
VALIDATION
valid epoch balanced_accuracy: 0.611144
EPOCH 105:
VALIDATION
valid epoch balanced_accuracy: 0.544418
EPOCH 106:
VALIDATION
valid epoch balanced_accuracy: 0.586234
EPOCH 107:
VALIDATION
valid epoch balanced_accuracy: 0.544218
EPOCH 108:
VALIDATION
valid epoch balanced_accuracy: 0.575630
EPOCH 109:
VALIDATION
valid epoch balanced_accuracy: 0.546419
EPOCH 110:
VALIDATION
valid epoch balanced_accuracy: 0.590136
EPOCH 111:
VALIDATION
valid epoch balanced_accuracy: 0.590536
EPOCH 112:
VALIDATION
valid epoch balanced_accuracy: 0.591937
EPOCH 113:
VALIDATION
valid epoch balanced_accuracy: 0.609344
EPOCH 114:
VALIDATION
valid epoch balanced_accuracy: 0.574430
EPOCH 115:
VALIDATION
valid epoch balanced_accuracy: 0.538916
EPOCH 116:
VALIDATION
valid epoch balanced_accuracy: 0.595438
EPOCH 117:
VALIDATION
valid epoch balanced_accuracy: 0.602141
EPOCH 118:
VALIDATION
valid epoch balanced_accuracy: 0.610944
EPOCH 119:
VALIDATION
valid epoch balanced_accuracy: 0.576030
EPOCH 120:
VALIDATION
valid epoch balanced_accuracy: 0.575630
EPOCH 121:
VALIDATION
valid epoch balanced_accuracy: 0.595438
EPOCH 122:
VALIDATION
valid epoch balanced_accuracy: 0.600140
EPOCH 123:
VALIDATION
valid epoch balanced_accuracy: 0.614846
EPOCH 124:
VALIDATION
valid epoch balanced_accuracy: 0.620748
EPOCH 125:
VALIDATION
valid epoch balanced_accuracy: 0.591537
EPOCH 126:
VALIDATION
valid epoch balanced_accuracy: 0.543417
EPOCH 127:
VALIDATION
valid epoch balanced_accuracy: 0.564826
EPOCH 128:
VALIDATION
valid epoch balanced_accuracy: 0.626451
EPOCH 129:
VALIDATION
valid epoch balanced_accuracy: 0.564826
EPOCH 130:
VALIDATION
valid epoch balanced_accuracy: 0.544218
EPOCH 131:
VALIDATION
valid epoch balanced_accuracy: 0.579932
EPOCH 132:
VALIDATION
valid epoch balanced_accuracy: 0.594838
EPOCH 133:
VALIDATION
valid epoch balanced_accuracy: 0.510304
EPOCH 134:
VALIDATION
valid epoch balanced_accuracy: 0.544618
EPOCH 135:
VALIDATION
valid epoch balanced_accuracy: 0.524010
EPOCH 136:
VALIDATION
valid epoch balanced_accuracy: 0.549920
EPOCH 137:
VALIDATION
valid epoch balanced_accuracy: 0.554822
EPOCH 138:
VALIDATION
valid epoch balanced_accuracy: 0.555422
EPOCH 139:
VALIDATION
valid epoch balanced_accuracy: 0.515206
EPOCH 140:
VALIDATION
valid epoch balanced_accuracy: 0.544818
EPOCH 141:
VALIDATION
valid epoch balanced_accuracy: 0.555822
EPOCH 142:
VALIDATION
valid epoch balanced_accuracy: 0.580332
EPOCH 143:
VALIDATION
valid epoch balanced_accuracy: 0.559524
EPOCH 144:
VALIDATION
valid epoch balanced_accuracy: 0.570128
EPOCH 145:
VALIDATION
valid epoch balanced_accuracy: 0.549720
EPOCH 146:
VALIDATION
valid epoch balanced_accuracy: 0.576030
EPOCH 147:
VALIDATION
valid epoch balanced_accuracy: 0.580532
EPOCH 148:
VALIDATION
valid epoch balanced_accuracy: 0.544218
EPOCH 149:
VALIDATION
valid epoch balanced_accuracy: 0.579932
EPOCH 150:
VALIDATION
valid epoch balanced_accuracy: 0.504202
accuracy: 0.580000
sensitivity: 0.480392
precision: 0.612500
specificity: 0.683673
IoU: 0.368421
FAR: 0.316327
F1: 0.538462
balanced_accuracy: 0.582033
loss: 3.948381
