
number of parameters : 1403984
train : (1104, 12)
valid : (204, 12)
test : (204, 12)
class weights : [1.0, 1.0]
data extracted
EPOCH 1:
VALIDATION
valid epoch balanced_accuracy: 0.387885
EPOCH 2:
VALIDATION
valid epoch balanced_accuracy: 0.372500
EPOCH 3:
VALIDATION
valid epoch balanced_accuracy: 0.378846
EPOCH 4:
VALIDATION
valid epoch balanced_accuracy: 0.419038
EPOCH 5:
VALIDATION
valid epoch balanced_accuracy: 0.377885
EPOCH 6:
VALIDATION
valid epoch balanced_accuracy: 0.486923
EPOCH 7:
VALIDATION
valid epoch balanced_accuracy: 0.586154
EPOCH 8:
VALIDATION
valid epoch balanced_accuracy: 0.714423
EPOCH 9:
VALIDATION
valid epoch balanced_accuracy: 0.665385
EPOCH 10:
VALIDATION
valid epoch balanced_accuracy: 0.663462
EPOCH 11:
VALIDATION
valid epoch balanced_accuracy: 0.580192
EPOCH 12:
VALIDATION
valid epoch balanced_accuracy: 0.513462
EPOCH 13:
VALIDATION
valid epoch balanced_accuracy: 0.587500
EPOCH 14:
VALIDATION
valid epoch balanced_accuracy: 0.760192
EPOCH 15:
VALIDATION
valid epoch balanced_accuracy: 0.679808
EPOCH 16:
VALIDATION
valid epoch balanced_accuracy: 0.724423
EPOCH 17:
VALIDATION
valid epoch balanced_accuracy: 0.580000
EPOCH 18:
VALIDATION
valid epoch balanced_accuracy: 0.745769
EPOCH 19:
VALIDATION
valid epoch balanced_accuracy: 0.760577
EPOCH 20:
VALIDATION
valid epoch balanced_accuracy: 0.670192
EPOCH 21:
VALIDATION
valid epoch balanced_accuracy: 0.637115
EPOCH 22:
VALIDATION
valid epoch balanced_accuracy: 0.603462
EPOCH 23:
VALIDATION
valid epoch balanced_accuracy: 0.731923
EPOCH 24:
VALIDATION
valid epoch balanced_accuracy: 0.650577
EPOCH 25:
VALIDATION
valid epoch balanced_accuracy: 0.641923
EPOCH 26:
VALIDATION
valid epoch balanced_accuracy: 0.698654
EPOCH 27:
VALIDATION
valid epoch balanced_accuracy: 0.690385
EPOCH 28:
VALIDATION
valid epoch balanced_accuracy: 0.695385
EPOCH 29:
VALIDATION
valid epoch balanced_accuracy: 0.731346
EPOCH 30:
VALIDATION
valid epoch balanced_accuracy: 0.611923
EPOCH 31:
VALIDATION
valid epoch balanced_accuracy: 0.596154
EPOCH 32:
VALIDATION
valid epoch balanced_accuracy: 0.627308
EPOCH 33:
VALIDATION
valid epoch balanced_accuracy: 0.717115
EPOCH 34:
VALIDATION
valid epoch balanced_accuracy: 0.612308
EPOCH 35:
VALIDATION
valid epoch balanced_accuracy: 0.626731
EPOCH 36:
VALIDATION
valid epoch balanced_accuracy: 0.602308
EPOCH 37:
VALIDATION
valid epoch balanced_accuracy: 0.675385
EPOCH 38:
VALIDATION
valid epoch balanced_accuracy: 0.645385
EPOCH 39:
VALIDATION
valid epoch balanced_accuracy: 0.625192
EPOCH 40:
VALIDATION
valid epoch balanced_accuracy: 0.558269
EPOCH 41:
VALIDATION
valid epoch balanced_accuracy: 0.655577
EPOCH 42:
VALIDATION
valid epoch balanced_accuracy: 0.716923
EPOCH 43:
VALIDATION
valid epoch balanced_accuracy: 0.689231
EPOCH 44:
VALIDATION
valid epoch balanced_accuracy: 0.693846
EPOCH 45:
VALIDATION
valid epoch balanced_accuracy: 0.656346
EPOCH 46:
VALIDATION
valid epoch balanced_accuracy: 0.674423
EPOCH 47:
VALIDATION
valid epoch balanced_accuracy: 0.756923
EPOCH 48:
VALIDATION
valid epoch balanced_accuracy: 0.593846
EPOCH 49:
VALIDATION
valid epoch balanced_accuracy: 0.664038
EPOCH 50:
VALIDATION
valid epoch balanced_accuracy: 0.619231
EPOCH 51:
VALIDATION
valid epoch balanced_accuracy: 0.683462
EPOCH 52:
VALIDATION
valid epoch balanced_accuracy: 0.684808
EPOCH 53:
VALIDATION
valid epoch balanced_accuracy: 0.717115
EPOCH 54:
VALIDATION
valid epoch balanced_accuracy: 0.703846
EPOCH 55:
VALIDATION
valid epoch balanced_accuracy: 0.694231
EPOCH 56:
VALIDATION
valid epoch balanced_accuracy: 0.679231
EPOCH 57:
VALIDATION
valid epoch balanced_accuracy: 0.689231
EPOCH 58:
VALIDATION
valid epoch balanced_accuracy: 0.741154
EPOCH 59:
VALIDATION
valid epoch balanced_accuracy: 0.622500
EPOCH 60:
VALIDATION
valid epoch balanced_accuracy: 0.703462
EPOCH 61:
VALIDATION
valid epoch balanced_accuracy: 0.680000
EPOCH 62:
VALIDATION
valid epoch balanced_accuracy: 0.626923
EPOCH 63:
VALIDATION
valid epoch balanced_accuracy: 0.689615
EPOCH 64:
VALIDATION
valid epoch balanced_accuracy: 0.718077
EPOCH 65:
VALIDATION
valid epoch balanced_accuracy: 0.641538
EPOCH 66:
VALIDATION
valid epoch balanced_accuracy: 0.708654
EPOCH 67:
VALIDATION
valid epoch balanced_accuracy: 0.685000
EPOCH 68:
VALIDATION
valid epoch balanced_accuracy: 0.693077
EPOCH 69:
VALIDATION
valid epoch balanced_accuracy: 0.679615
EPOCH 70:
VALIDATION
valid epoch balanced_accuracy: 0.690000
EPOCH 71:
VALIDATION
valid epoch balanced_accuracy: 0.770000
EPOCH 72:
VALIDATION
valid epoch balanced_accuracy: 0.679038
EPOCH 73:
VALIDATION
valid epoch balanced_accuracy: 0.663654
EPOCH 74:
VALIDATION
valid epoch balanced_accuracy: 0.660192
EPOCH 75:
VALIDATION
valid epoch balanced_accuracy: 0.612692
EPOCH 76:
VALIDATION
valid epoch balanced_accuracy: 0.622308
EPOCH 77:
VALIDATION
valid epoch balanced_accuracy: 0.698269
EPOCH 78:
VALIDATION
valid epoch balanced_accuracy: 0.712308
EPOCH 79:
VALIDATION
valid epoch balanced_accuracy: 0.693654
EPOCH 80:
VALIDATION
valid epoch balanced_accuracy: 0.702500
EPOCH 81:
VALIDATION
valid epoch balanced_accuracy: 0.665192
EPOCH 82:
VALIDATION
valid epoch balanced_accuracy: 0.622308
EPOCH 83:
VALIDATION
valid epoch balanced_accuracy: 0.665192
EPOCH 84:
VALIDATION
valid epoch balanced_accuracy: 0.699423
EPOCH 85:
VALIDATION
valid epoch balanced_accuracy: 0.650962
EPOCH 86:
VALIDATION
valid epoch balanced_accuracy: 0.655577
EPOCH 87:
VALIDATION
valid epoch balanced_accuracy: 0.711731
EPOCH 88:
VALIDATION
valid epoch balanced_accuracy: 0.665000
EPOCH 89:
VALIDATION
valid epoch balanced_accuracy: 0.716923
EPOCH 90:
VALIDATION
valid epoch balanced_accuracy: 0.674423
EPOCH 91:
VALIDATION
valid epoch balanced_accuracy: 0.660577
EPOCH 92:
VALIDATION
valid epoch balanced_accuracy: 0.721154
EPOCH 93:
VALIDATION
valid epoch balanced_accuracy: 0.645769
EPOCH 94:
VALIDATION
valid epoch balanced_accuracy: 0.659808
EPOCH 95:
VALIDATION
valid epoch balanced_accuracy: 0.722692
EPOCH 96:
VALIDATION
valid epoch balanced_accuracy: 0.683846
EPOCH 97:
VALIDATION
valid epoch balanced_accuracy: 0.626731
EPOCH 98:
VALIDATION
valid epoch balanced_accuracy: 0.722500
EPOCH 99:
VALIDATION
valid epoch balanced_accuracy: 0.684423
EPOCH 100:
VALIDATION
valid epoch balanced_accuracy: 0.655000
EPOCH 101:
VALIDATION
valid epoch balanced_accuracy: 0.692500
EPOCH 102:
VALIDATION
valid epoch balanced_accuracy: 0.675000
EPOCH 103:
VALIDATION
valid epoch balanced_accuracy: 0.669615
EPOCH 104:
VALIDATION
valid epoch balanced_accuracy: 0.665000
EPOCH 105:
VALIDATION
valid epoch balanced_accuracy: 0.627692
EPOCH 106:
VALIDATION
valid epoch balanced_accuracy: 0.698846
EPOCH 107:
VALIDATION
valid epoch balanced_accuracy: 0.665192
EPOCH 108:
VALIDATION
valid epoch balanced_accuracy: 0.697885
EPOCH 109:
VALIDATION
valid epoch balanced_accuracy: 0.745962
EPOCH 110:
VALIDATION
valid epoch balanced_accuracy: 0.602692
EPOCH 111:
VALIDATION
valid epoch balanced_accuracy: 0.659615
EPOCH 112:
VALIDATION
valid epoch balanced_accuracy: 0.669808
EPOCH 113:
VALIDATION
valid epoch balanced_accuracy: 0.702115
EPOCH 114:
VALIDATION
valid epoch balanced_accuracy: 0.711538
EPOCH 115:
VALIDATION
valid epoch balanced_accuracy: 0.669231
EPOCH 116:
VALIDATION
valid epoch balanced_accuracy: 0.711731
EPOCH 117:
VALIDATION
valid epoch balanced_accuracy: 0.649808
EPOCH 118:
VALIDATION
valid epoch balanced_accuracy: 0.627115
EPOCH 119:
VALIDATION
valid epoch balanced_accuracy: 0.650192
EPOCH 120:
VALIDATION
valid epoch balanced_accuracy: 0.725192
EPOCH 121:
VALIDATION
valid epoch balanced_accuracy: 0.626346
EPOCH 122:
VALIDATION
valid epoch balanced_accuracy: 0.726923
EPOCH 123:
VALIDATION
valid epoch balanced_accuracy: 0.645962
EPOCH 124:
VALIDATION
valid epoch balanced_accuracy: 0.725385
EPOCH 125:
VALIDATION
valid epoch balanced_accuracy: 0.674615
EPOCH 126:
VALIDATION
valid epoch balanced_accuracy: 0.655577
EPOCH 127:
VALIDATION
valid epoch balanced_accuracy: 0.660000
EPOCH 128:
VALIDATION
valid epoch balanced_accuracy: 0.636538
EPOCH 129:
VALIDATION
valid epoch balanced_accuracy: 0.607885
EPOCH 130:
VALIDATION
valid epoch balanced_accuracy: 0.688654
EPOCH 131:
VALIDATION
valid epoch balanced_accuracy: 0.698462
EPOCH 132:
VALIDATION
valid epoch balanced_accuracy: 0.685192
EPOCH 133:
VALIDATION
valid epoch balanced_accuracy: 0.680962
EPOCH 134:
VALIDATION
valid epoch balanced_accuracy: 0.737308
EPOCH 135:
VALIDATION
valid epoch balanced_accuracy: 0.707885
EPOCH 136:
VALIDATION
valid epoch balanced_accuracy: 0.699038
EPOCH 137:
VALIDATION
valid epoch balanced_accuracy: 0.709231
EPOCH 138:
VALIDATION
valid epoch balanced_accuracy: 0.702692
EPOCH 139:
VALIDATION
valid epoch balanced_accuracy: 0.703269
EPOCH 140:
VALIDATION
valid epoch balanced_accuracy: 0.689231
EPOCH 141:
VALIDATION
valid epoch balanced_accuracy: 0.679423
EPOCH 142:
VALIDATION
valid epoch balanced_accuracy: 0.684808
EPOCH 143:
VALIDATION
valid epoch balanced_accuracy: 0.698269
EPOCH 144:
VALIDATION
valid epoch balanced_accuracy: 0.717885
EPOCH 145:
VALIDATION
valid epoch balanced_accuracy: 0.679808
EPOCH 146:
VALIDATION
valid epoch balanced_accuracy: 0.675192
EPOCH 147:
VALIDATION
valid epoch balanced_accuracy: 0.708269
EPOCH 148:
VALIDATION
valid epoch balanced_accuracy: 0.675385
EPOCH 149:
VALIDATION
valid epoch balanced_accuracy: 0.703846
EPOCH 150:
VALIDATION
valid epoch balanced_accuracy: 0.688654
accuracy: 0.696078
sensitivity: 0.690000
precision: 0.690000
specificity: 0.701923
IoU: 0.526718
FAR: 0.298077
F1: 0.690000
balanced_accuracy: 0.695962
loss: 1.291898
