
number of parameters : 428678
train : (1083, 12)
valid : (124, 12)
test : (124, 12)
class weights : [1.0275142192840576, 0.9739208817481995]
data extracted
EPOCH 1:
VALIDATION
valid epoch balanced_accuracy: 0.499798
EPOCH 2:
VALIDATION
valid epoch balanced_accuracy: 0.612525
EPOCH 3:
VALIDATION
valid epoch balanced_accuracy: 0.479798
EPOCH 4:
VALIDATION
valid epoch balanced_accuracy: 0.597980
EPOCH 5:
VALIDATION
valid epoch balanced_accuracy: 0.613535
EPOCH 6:
VALIDATION
valid epoch balanced_accuracy: 0.648283
EPOCH 7:
VALIDATION
valid epoch balanced_accuracy: 0.673939
EPOCH 8:
VALIDATION
valid epoch balanced_accuracy: 0.598384
EPOCH 9:
VALIDATION
valid epoch balanced_accuracy: 0.653333
EPOCH 10:
VALIDATION
valid epoch balanced_accuracy: 0.673737
EPOCH 11:
VALIDATION
valid epoch balanced_accuracy: 0.628081
EPOCH 12:
VALIDATION
valid epoch balanced_accuracy: 0.588687
EPOCH 13:
VALIDATION
valid epoch balanced_accuracy: 0.587273
EPOCH 14:
VALIDATION
valid epoch balanced_accuracy: 0.658586
EPOCH 15:
VALIDATION
valid epoch balanced_accuracy: 0.612727
EPOCH 16:
VALIDATION
valid epoch balanced_accuracy: 0.602828
EPOCH 17:
VALIDATION
valid epoch balanced_accuracy: 0.648889
EPOCH 18:
VALIDATION
valid epoch balanced_accuracy: 0.622222
EPOCH 19:
VALIDATION
valid epoch balanced_accuracy: 0.658384
EPOCH 20:
VALIDATION
valid epoch balanced_accuracy: 0.568081
EPOCH 21:
VALIDATION
valid epoch balanced_accuracy: 0.613939
EPOCH 22:
VALIDATION
valid epoch balanced_accuracy: 0.578384
EPOCH 23:
VALIDATION
valid epoch balanced_accuracy: 0.628283
EPOCH 24:
VALIDATION
valid epoch balanced_accuracy: 0.572525
EPOCH 25:
VALIDATION
valid epoch balanced_accuracy: 0.553131
EPOCH 26:
VALIDATION
valid epoch balanced_accuracy: 0.406263
EPOCH 27:
VALIDATION
valid epoch balanced_accuracy: 0.506869
EPOCH 28:
VALIDATION
valid epoch balanced_accuracy: 0.522626
EPOCH 29:
VALIDATION
valid epoch balanced_accuracy: 0.562828
EPOCH 30:
VALIDATION
valid epoch balanced_accuracy: 0.608081
EPOCH 31:
VALIDATION
valid epoch balanced_accuracy: 0.562828
EPOCH 32:
VALIDATION
valid epoch balanced_accuracy: 0.648081
EPOCH 33:
VALIDATION
valid epoch balanced_accuracy: 0.577980
EPOCH 34:
VALIDATION
valid epoch balanced_accuracy: 0.512121
EPOCH 35:
VALIDATION
valid epoch balanced_accuracy: 0.567273
EPOCH 36:
VALIDATION
valid epoch balanced_accuracy: 0.567879
EPOCH 37:
VALIDATION
valid epoch balanced_accuracy: 0.637980
EPOCH 38:
VALIDATION
valid epoch balanced_accuracy: 0.612929
EPOCH 39:
VALIDATION
valid epoch balanced_accuracy: 0.608283
EPOCH 40:
VALIDATION
valid epoch balanced_accuracy: 0.612929
EPOCH 41:
VALIDATION
valid epoch balanced_accuracy: 0.522424
EPOCH 42:
VALIDATION
valid epoch balanced_accuracy: 0.562424
EPOCH 43:
VALIDATION
valid epoch balanced_accuracy: 0.633535
EPOCH 44:
VALIDATION
valid epoch balanced_accuracy: 0.593131
EPOCH 45:
VALIDATION
valid epoch balanced_accuracy: 0.612929
EPOCH 46:
VALIDATION
valid epoch balanced_accuracy: 0.482020
EPOCH 47:
VALIDATION
valid epoch balanced_accuracy: 0.577576
EPOCH 48:
VALIDATION
valid epoch balanced_accuracy: 0.512121
EPOCH 49:
VALIDATION
valid epoch balanced_accuracy: 0.517374
EPOCH 50:
VALIDATION
valid epoch balanced_accuracy: 0.557374
EPOCH 51:
VALIDATION
valid epoch balanced_accuracy: 0.562424
EPOCH 52:
VALIDATION
valid epoch balanced_accuracy: 0.592525
EPOCH 53:
VALIDATION
valid epoch balanced_accuracy: 0.552727
EPOCH 54:
VALIDATION
valid epoch balanced_accuracy: 0.612525
EPOCH 55:
VALIDATION
valid epoch balanced_accuracy: 0.557172
EPOCH 56:
VALIDATION
valid epoch balanced_accuracy: 0.507273
EPOCH 57:
VALIDATION
valid epoch balanced_accuracy: 0.607879
EPOCH 58:
VALIDATION
valid epoch balanced_accuracy: 0.572727
EPOCH 59:
VALIDATION
valid epoch balanced_accuracy: 0.562020
EPOCH 60:
VALIDATION
valid epoch balanced_accuracy: 0.567879
EPOCH 61:
VALIDATION
valid epoch balanced_accuracy: 0.572525
EPOCH 62:
VALIDATION
valid epoch balanced_accuracy: 0.567273
EPOCH 63:
VALIDATION
valid epoch balanced_accuracy: 0.582828
EPOCH 64:
VALIDATION
valid epoch balanced_accuracy: 0.588081
EPOCH 65:
VALIDATION
valid epoch balanced_accuracy: 0.572929
EPOCH 66:
VALIDATION
valid epoch balanced_accuracy: 0.497172
EPOCH 67:
VALIDATION
valid epoch balanced_accuracy: 0.597172
EPOCH 68:
VALIDATION
valid epoch balanced_accuracy: 0.567273
EPOCH 69:
VALIDATION
valid epoch balanced_accuracy: 0.612323
EPOCH 70:
VALIDATION
valid epoch balanced_accuracy: 0.583030
EPOCH 71:
VALIDATION
valid epoch balanced_accuracy: 0.622626
EPOCH 72:
VALIDATION
valid epoch balanced_accuracy: 0.562626
EPOCH 73:
VALIDATION
valid epoch balanced_accuracy: 0.597374
EPOCH 74:
VALIDATION
valid epoch balanced_accuracy: 0.507273
EPOCH 75:
VALIDATION
valid epoch balanced_accuracy: 0.582828
EPOCH 76:
VALIDATION
valid epoch balanced_accuracy: 0.608081
EPOCH 77:
VALIDATION
valid epoch balanced_accuracy: 0.582222
EPOCH 78:
VALIDATION
valid epoch balanced_accuracy: 0.603232
EPOCH 79:
VALIDATION
valid epoch balanced_accuracy: 0.537980
EPOCH 80:
VALIDATION
valid epoch balanced_accuracy: 0.694141
EPOCH 81:
VALIDATION
valid epoch balanced_accuracy: 0.567677
EPOCH 82:
VALIDATION
valid epoch balanced_accuracy: 0.546869
EPOCH 83:
VALIDATION
valid epoch balanced_accuracy: 0.542020
EPOCH 84:
VALIDATION
valid epoch balanced_accuracy: 0.557980
EPOCH 85:
VALIDATION
valid epoch balanced_accuracy: 0.546869
EPOCH 86:
VALIDATION
valid epoch balanced_accuracy: 0.612929
EPOCH 87:
VALIDATION
valid epoch balanced_accuracy: 0.577576
EPOCH 88:
VALIDATION
valid epoch balanced_accuracy: 0.537374
EPOCH 89:
VALIDATION
valid epoch balanced_accuracy: 0.577576
EPOCH 90:
VALIDATION
valid epoch balanced_accuracy: 0.547071
EPOCH 91:
VALIDATION
valid epoch balanced_accuracy: 0.537172
EPOCH 92:
VALIDATION
valid epoch balanced_accuracy: 0.547475
EPOCH 93:
VALIDATION
valid epoch balanced_accuracy: 0.576970
EPOCH 94:
VALIDATION
valid epoch balanced_accuracy: 0.502626
EPOCH 95:
VALIDATION
valid epoch balanced_accuracy: 0.567677
EPOCH 96:
VALIDATION
valid epoch balanced_accuracy: 0.608081
EPOCH 97:
VALIDATION
valid epoch balanced_accuracy: 0.432525
EPOCH 98:
VALIDATION
valid epoch balanced_accuracy: 0.663434
EPOCH 99:
VALIDATION
valid epoch balanced_accuracy: 0.516970
EPOCH 100:
VALIDATION
valid epoch balanced_accuracy: 0.597576
EPOCH 101:
VALIDATION
valid epoch balanced_accuracy: 0.571919
EPOCH 102:
VALIDATION
valid epoch balanced_accuracy: 0.557374
EPOCH 103:
VALIDATION
valid epoch balanced_accuracy: 0.627879
EPOCH 104:
VALIDATION
valid epoch balanced_accuracy: 0.577374
EPOCH 105:
VALIDATION
valid epoch balanced_accuracy: 0.547273
EPOCH 106:
VALIDATION
valid epoch balanced_accuracy: 0.552323
EPOCH 107:
VALIDATION
valid epoch balanced_accuracy: 0.587273
EPOCH 108:
VALIDATION
valid epoch balanced_accuracy: 0.552525
EPOCH 109:
VALIDATION
valid epoch balanced_accuracy: 0.587273
EPOCH 110:
VALIDATION
valid epoch balanced_accuracy: 0.607879
EPOCH 111:
VALIDATION
valid epoch balanced_accuracy: 0.557374
EPOCH 112:
VALIDATION
valid epoch balanced_accuracy: 0.517172
EPOCH 113:
VALIDATION
valid epoch balanced_accuracy: 0.567071
EPOCH 114:
VALIDATION
valid epoch balanced_accuracy: 0.597374
EPOCH 115:
VALIDATION
valid epoch balanced_accuracy: 0.572121
EPOCH 116:
VALIDATION
valid epoch balanced_accuracy: 0.521818
EPOCH 117:
VALIDATION
valid epoch balanced_accuracy: 0.607475
EPOCH 118:
VALIDATION
valid epoch balanced_accuracy: 0.597576
EPOCH 119:
VALIDATION
valid epoch balanced_accuracy: 0.567677
EPOCH 120:
VALIDATION
valid epoch balanced_accuracy: 0.532323
EPOCH 121:
VALIDATION
valid epoch balanced_accuracy: 0.567273
EPOCH 122:
VALIDATION
valid epoch balanced_accuracy: 0.561414
EPOCH 123:
VALIDATION
valid epoch balanced_accuracy: 0.632323
EPOCH 124:
VALIDATION
valid epoch balanced_accuracy: 0.613131
EPOCH 125:
VALIDATION
valid epoch balanced_accuracy: 0.563030
EPOCH 126:
VALIDATION
valid epoch balanced_accuracy: 0.557374
EPOCH 127:
VALIDATION
valid epoch balanced_accuracy: 0.577576
EPOCH 128:
VALIDATION
valid epoch balanced_accuracy: 0.557374
EPOCH 129:
VALIDATION
valid epoch balanced_accuracy: 0.552323
EPOCH 130:
VALIDATION
valid epoch balanced_accuracy: 0.577576
EPOCH 131:
VALIDATION
valid epoch balanced_accuracy: 0.587677
EPOCH 132:
VALIDATION
valid epoch balanced_accuracy: 0.577576
EPOCH 133:
VALIDATION
valid epoch balanced_accuracy: 0.567475
EPOCH 134:
VALIDATION
valid epoch balanced_accuracy: 0.582626
EPOCH 135:
VALIDATION
valid epoch balanced_accuracy: 0.547273
EPOCH 136:
VALIDATION
valid epoch balanced_accuracy: 0.577576
EPOCH 137:
VALIDATION
valid epoch balanced_accuracy: 0.572525
EPOCH 138:
VALIDATION
valid epoch balanced_accuracy: 0.577172
EPOCH 139:
VALIDATION
valid epoch balanced_accuracy: 0.602626
EPOCH 140:
VALIDATION
valid epoch balanced_accuracy: 0.547273
EPOCH 141:
VALIDATION
valid epoch balanced_accuracy: 0.557374
EPOCH 142:
VALIDATION
valid epoch balanced_accuracy: 0.587677
EPOCH 143:
VALIDATION
valid epoch balanced_accuracy: 0.567475
EPOCH 144:
VALIDATION
valid epoch balanced_accuracy: 0.597374
EPOCH 145:
VALIDATION
valid epoch balanced_accuracy: 0.562424
EPOCH 146:
VALIDATION
valid epoch balanced_accuracy: 0.577576
EPOCH 147:
VALIDATION
valid epoch balanced_accuracy: 0.577576
EPOCH 148:
VALIDATION
valid epoch balanced_accuracy: 0.562424
EPOCH 149:
VALIDATION
valid epoch balanced_accuracy: 0.572525
EPOCH 150:
VALIDATION
valid epoch balanced_accuracy: 0.542222
accuracy: 0.709677
sensitivity: 0.782178
precision: 0.849462
specificity: 0.391304
IoU: 0.686957
FAR: 0.608696
F1: 0.814433
balanced_accuracy: 0.586741
loss: 0.661539
