
number of parameters : 756358
train : (1207, 12)
valid : (62, 12)
test : (62, 12)
class weights : [1.1695736646652222, 0.8733718991279602]
data extracted
EPOCH 1:
VALIDATION
valid epoch balanced_accuracy: 0.618077
EPOCH 2:
VALIDATION
valid epoch balanced_accuracy: 0.484848
EPOCH 3:
VALIDATION
valid epoch balanced_accuracy: 0.520899
EPOCH 4:
VALIDATION
valid epoch balanced_accuracy: 0.572100
EPOCH 5:
VALIDATION
valid epoch balanced_accuracy: 0.518809
EPOCH 6:
VALIDATION
valid epoch balanced_accuracy: 0.625914
EPOCH 7:
VALIDATION
valid epoch balanced_accuracy: 0.464472
EPOCH 8:
VALIDATION
valid epoch balanced_accuracy: 0.580982
EPOCH 9:
VALIDATION
valid epoch balanced_accuracy: 0.615987
EPOCH 10:
VALIDATION
valid epoch balanced_accuracy: 0.505747
EPOCH 11:
VALIDATION
valid epoch balanced_accuracy: 0.506270
EPOCH 12:
VALIDATION
valid epoch balanced_accuracy: 0.518286
EPOCH 13:
VALIDATION
valid epoch balanced_accuracy: 0.576280
EPOCH 14:
VALIDATION
valid epoch balanced_accuracy: 0.562173
EPOCH 15:
VALIDATION
valid epoch balanced_accuracy: 0.479624
EPOCH 16:
VALIDATION
valid epoch balanced_accuracy: 0.608673
EPOCH 17:
VALIDATION
valid epoch balanced_accuracy: 0.567921
EPOCH 18:
VALIDATION
valid epoch balanced_accuracy: 0.501045
EPOCH 19:
VALIDATION
valid epoch balanced_accuracy: 0.605016
EPOCH 20:
VALIDATION
valid epoch balanced_accuracy: 0.622257
EPOCH 21:
VALIDATION
valid epoch balanced_accuracy: 0.566353
EPOCH 22:
VALIDATION
valid epoch balanced_accuracy: 0.486938
EPOCH 23:
VALIDATION
valid epoch balanced_accuracy: 0.538140
EPOCH 24:
VALIDATION
valid epoch balanced_accuracy: 0.516196
EPOCH 25:
VALIDATION
valid epoch balanced_accuracy: 0.527691
EPOCH 26:
VALIDATION
valid epoch balanced_accuracy: 0.622257
EPOCH 27:
VALIDATION
valid epoch balanced_accuracy: 0.633229
EPOCH 28:
VALIDATION
valid epoch balanced_accuracy: 0.540752
EPOCH 29:
VALIDATION
valid epoch balanced_accuracy: 0.529781
EPOCH 30:
VALIDATION
valid epoch balanced_accuracy: 0.529781
EPOCH 31:
VALIDATION
valid epoch balanced_accuracy: 0.510449
EPOCH 32:
VALIDATION
valid epoch balanced_accuracy: 0.523511
EPOCH 33:
VALIDATION
valid epoch balanced_accuracy: 0.555381
EPOCH 34:
VALIDATION
valid epoch balanced_accuracy: 0.572623
EPOCH 35:
VALIDATION
valid epoch balanced_accuracy: 0.605016
EPOCH 36:
VALIDATION
valid epoch balanced_accuracy: 0.635319
EPOCH 37:
VALIDATION
valid epoch balanced_accuracy: 0.585684
EPOCH 38:
VALIDATION
valid epoch balanced_accuracy: 0.546499
EPOCH 39:
VALIDATION
valid epoch balanced_accuracy: 0.589864
EPOCH 40:
VALIDATION
valid epoch balanced_accuracy: 0.634796
EPOCH 41:
VALIDATION
valid epoch balanced_accuracy: 0.536050
EPOCH 42:
VALIDATION
valid epoch balanced_accuracy: 0.587774
EPOCH 43:
VALIDATION
valid epoch balanced_accuracy: 0.538140
EPOCH 44:
VALIDATION
valid epoch balanced_accuracy: 0.620167
EPOCH 45:
VALIDATION
valid epoch balanced_accuracy: 0.566353
EPOCH 46:
VALIDATION
valid epoch balanced_accuracy: 0.566353
EPOCH 47:
VALIDATION
valid epoch balanced_accuracy: 0.497388
EPOCH 48:
VALIDATION
valid epoch balanced_accuracy: 0.577325
EPOCH 49:
VALIDATION
valid epoch balanced_accuracy: 0.663009
EPOCH 50:
VALIDATION
valid epoch balanced_accuracy: 0.514629
EPOCH 51:
VALIDATION
valid epoch balanced_accuracy: 0.531870
EPOCH 52:
VALIDATION
valid epoch balanced_accuracy: 0.598746
EPOCH 53:
VALIDATION
valid epoch balanced_accuracy: 0.600836
EPOCH 54:
VALIDATION
valid epoch balanced_accuracy: 0.660920
EPOCH 55:
VALIDATION
valid epoch balanced_accuracy: 0.538140
EPOCH 56:
VALIDATION
valid epoch balanced_accuracy: 0.602926
EPOCH 57:
VALIDATION
valid epoch balanced_accuracy: 0.585684
EPOCH 58:
VALIDATION
valid epoch balanced_accuracy: 0.551202
EPOCH 59:
VALIDATION
valid epoch balanced_accuracy: 0.527168
EPOCH 60:
VALIDATION
valid epoch balanced_accuracy: 0.566353
EPOCH 61:
VALIDATION
valid epoch balanced_accuracy: 0.497388
EPOCH 62:
VALIDATION
valid epoch balanced_accuracy: 0.544932
EPOCH 63:
VALIDATION
valid epoch balanced_accuracy: 0.583595
EPOCH 64:
VALIDATION
valid epoch balanced_accuracy: 0.531870
EPOCH 65:
VALIDATION
valid epoch balanced_accuracy: 0.579415
EPOCH 66:
VALIDATION
valid epoch balanced_accuracy: 0.536050
EPOCH 67:
VALIDATION
valid epoch balanced_accuracy: 0.547022
EPOCH 68:
VALIDATION
valid epoch balanced_accuracy: 0.557471
EPOCH 69:
VALIDATION
valid epoch balanced_accuracy: 0.570533
EPOCH 70:
VALIDATION
valid epoch balanced_accuracy: 0.497388
EPOCH 71:
VALIDATION
valid epoch balanced_accuracy: 0.587774
EPOCH 72:
VALIDATION
valid epoch balanced_accuracy: 0.598746
EPOCH 73:
VALIDATION
valid epoch balanced_accuracy: 0.560084
EPOCH 74:
VALIDATION
valid epoch balanced_accuracy: 0.506270
EPOCH 75:
VALIDATION
valid epoch balanced_accuracy: 0.434692
EPOCH 76:
VALIDATION
valid epoch balanced_accuracy: 0.562173
EPOCH 77:
VALIDATION
valid epoch balanced_accuracy: 0.639498
EPOCH 78:
VALIDATION
valid epoch balanced_accuracy: 0.607106
EPOCH 79:
VALIDATION
valid epoch balanced_accuracy: 0.645768
EPOCH 80:
VALIDATION
valid epoch balanced_accuracy: 0.516719
EPOCH 81:
VALIDATION
valid epoch balanced_accuracy: 0.531870
EPOCH 82:
VALIDATION
valid epoch balanced_accuracy: 0.510449
EPOCH 83:
VALIDATION
valid epoch balanced_accuracy: 0.551202
EPOCH 84:
VALIDATION
valid epoch balanced_accuracy: 0.538140
EPOCH 85:
VALIDATION
valid epoch balanced_accuracy: 0.520899
EPOCH 86:
VALIDATION
valid epoch balanced_accuracy: 0.538140
EPOCH 87:
VALIDATION
valid epoch balanced_accuracy: 0.533960
EPOCH 88:
VALIDATION
valid epoch balanced_accuracy: 0.533960
EPOCH 89:
VALIDATION
valid epoch balanced_accuracy: 0.583595
EPOCH 90:
VALIDATION
valid epoch balanced_accuracy: 0.533960
EPOCH 91:
VALIDATION
valid epoch balanced_accuracy: 0.536050
EPOCH 92:
VALIDATION
valid epoch balanced_accuracy: 0.607106
EPOCH 93:
VALIDATION
valid epoch balanced_accuracy: 0.538140
EPOCH 94:
VALIDATION
valid epoch balanced_accuracy: 0.585684
EPOCH 95:
VALIDATION
valid epoch balanced_accuracy: 0.566353
EPOCH 96:
VALIDATION
valid epoch balanced_accuracy: 0.533960
EPOCH 97:
VALIDATION
valid epoch balanced_accuracy: 0.520899
EPOCH 98:
VALIDATION
valid epoch balanced_accuracy: 0.510449
EPOCH 99:
VALIDATION
valid epoch balanced_accuracy: 0.618077
EPOCH 100:
VALIDATION
valid epoch balanced_accuracy: 0.538140
EPOCH 101:
VALIDATION
valid epoch balanced_accuracy: 0.572623
EPOCH 102:
VALIDATION
valid epoch balanced_accuracy: 0.568443
EPOCH 103:
VALIDATION
valid epoch balanced_accuracy: 0.555381
EPOCH 104:
VALIDATION
valid epoch balanced_accuracy: 0.566353
EPOCH 105:
VALIDATION
valid epoch balanced_accuracy: 0.533960
EPOCH 106:
VALIDATION
valid epoch balanced_accuracy: 0.626437
EPOCH 107:
VALIDATION
valid epoch balanced_accuracy: 0.589864
EPOCH 108:
VALIDATION
valid epoch balanced_accuracy: 0.585684
EPOCH 109:
VALIDATION
valid epoch balanced_accuracy: 0.585684
EPOCH 110:
VALIDATION
valid epoch balanced_accuracy: 0.533960
EPOCH 111:
VALIDATION
valid epoch balanced_accuracy: 0.609195
EPOCH 112:
VALIDATION
valid epoch balanced_accuracy: 0.503657
EPOCH 113:
VALIDATION
valid epoch balanced_accuracy: 0.694880
EPOCH 114:
VALIDATION
valid epoch balanced_accuracy: 0.604493
EPOCH 115:
VALIDATION
valid epoch balanced_accuracy: 0.589864
EPOCH 116:
VALIDATION
valid epoch balanced_accuracy: 0.568443
EPOCH 117:
VALIDATION
valid epoch balanced_accuracy: 0.568443
EPOCH 118:
VALIDATION
valid epoch balanced_accuracy: 0.497388
EPOCH 119:
VALIDATION
valid epoch balanced_accuracy: 0.551202
EPOCH 120:
VALIDATION
valid epoch balanced_accuracy: 0.549112
EPOCH 121:
VALIDATION
valid epoch balanced_accuracy: 0.549112
EPOCH 122:
VALIDATION
valid epoch balanced_accuracy: 0.551202
EPOCH 123:
VALIDATION
valid epoch balanced_accuracy: 0.533960
EPOCH 124:
VALIDATION
valid epoch balanced_accuracy: 0.547022
EPOCH 125:
VALIDATION
valid epoch balanced_accuracy: 0.533960
EPOCH 126:
VALIDATION
valid epoch balanced_accuracy: 0.501567
EPOCH 127:
VALIDATION
valid epoch balanced_accuracy: 0.514629
EPOCH 128:
VALIDATION
valid epoch balanced_accuracy: 0.516719
EPOCH 129:
VALIDATION
valid epoch balanced_accuracy: 0.482236
EPOCH 130:
VALIDATION
valid epoch balanced_accuracy: 0.664577
EPOCH 131:
VALIDATION
valid epoch balanced_accuracy: 0.567921
EPOCH 132:
VALIDATION
valid epoch balanced_accuracy: 0.570533
EPOCH 133:
VALIDATION
valid epoch balanced_accuracy: 0.596134
EPOCH 134:
VALIDATION
valid epoch balanced_accuracy: 0.576803
EPOCH 135:
VALIDATION
valid epoch balanced_accuracy: 0.589864
EPOCH 136:
VALIDATION
valid epoch balanced_accuracy: 0.555381
EPOCH 137:
VALIDATION
valid epoch balanced_accuracy: 0.559561
EPOCH 138:
VALIDATION
valid epoch balanced_accuracy: 0.605016
EPOCH 139:
VALIDATION
valid epoch balanced_accuracy: 0.570533
EPOCH 140:
VALIDATION
valid epoch balanced_accuracy: 0.555381
EPOCH 141:
VALIDATION
valid epoch balanced_accuracy: 0.570533
EPOCH 142:
VALIDATION
valid epoch balanced_accuracy: 0.570533
EPOCH 143:
VALIDATION
valid epoch balanced_accuracy: 0.557471
EPOCH 144:
VALIDATION
valid epoch balanced_accuracy: 0.555381
EPOCH 145:
VALIDATION
valid epoch balanced_accuracy: 0.553292
EPOCH 146:
VALIDATION
valid epoch balanced_accuracy: 0.542320
EPOCH 147:
VALIDATION
valid epoch balanced_accuracy: 0.555381
EPOCH 148:
VALIDATION
valid epoch balanced_accuracy: 0.553292
EPOCH 149:
VALIDATION
valid epoch balanced_accuracy: 0.555381
EPOCH 150:
VALIDATION
valid epoch balanced_accuracy: 0.542320
accuracy: 0.741935
sensitivity: 0.694444
precision: 0.833333
specificity: 0.807692
IoU: 0.609756
FAR: 0.192308
F1: 0.757576
balanced_accuracy: 0.751068
loss: 0.664494
