
number of parameters : 1009230
train : (1078, 12)
valid : (126, 12)
test : (127, 12)
class weights : [1.032567024230957, 0.9694244861602783]
data extracted
EPOCH 1:
VALIDATION
valid epoch balanced_accuracy: 0.477083
EPOCH 2:
VALIDATION
valid epoch balanced_accuracy: 0.500000
EPOCH 3:
VALIDATION
valid epoch balanced_accuracy: 0.482292
EPOCH 4:
VALIDATION
valid epoch balanced_accuracy: 0.497917
EPOCH 5:
VALIDATION
valid epoch balanced_accuracy: 0.537500
EPOCH 6:
VALIDATION
valid epoch balanced_accuracy: 0.550000
EPOCH 7:
VALIDATION
valid epoch balanced_accuracy: 0.590625
EPOCH 8:
VALIDATION
valid epoch balanced_accuracy: 0.636458
EPOCH 9:
VALIDATION
valid epoch balanced_accuracy: 0.651042
EPOCH 10:
VALIDATION
valid epoch balanced_accuracy: 0.714583
EPOCH 11:
VALIDATION
valid epoch balanced_accuracy: 0.702083
EPOCH 12:
VALIDATION
valid epoch balanced_accuracy: 0.663542
EPOCH 13:
VALIDATION
valid epoch balanced_accuracy: 0.732292
EPOCH 14:
VALIDATION
valid epoch balanced_accuracy: 0.691667
EPOCH 15:
VALIDATION
valid epoch balanced_accuracy: 0.720833
EPOCH 16:
VALIDATION
valid epoch balanced_accuracy: 0.664583
EPOCH 17:
VALIDATION
valid epoch balanced_accuracy: 0.663542
EPOCH 18:
VALIDATION
valid epoch balanced_accuracy: 0.686458
EPOCH 19:
VALIDATION
valid epoch balanced_accuracy: 0.643750
EPOCH 20:
VALIDATION
valid epoch balanced_accuracy: 0.669792
EPOCH 21:
VALIDATION
valid epoch balanced_accuracy: 0.634375
EPOCH 22:
VALIDATION
valid epoch balanced_accuracy: 0.772917
EPOCH 23:
VALIDATION
valid epoch balanced_accuracy: 0.725000
EPOCH 24:
VALIDATION
valid epoch balanced_accuracy: 0.676042
EPOCH 25:
VALIDATION
valid epoch balanced_accuracy: 0.737500
EPOCH 26:
VALIDATION
valid epoch balanced_accuracy: 0.691667
EPOCH 27:
VALIDATION
valid epoch balanced_accuracy: 0.612500
EPOCH 28:
VALIDATION
valid epoch balanced_accuracy: 0.706250
EPOCH 29:
VALIDATION
valid epoch balanced_accuracy: 0.720833
EPOCH 30:
VALIDATION
valid epoch balanced_accuracy: 0.662500
EPOCH 31:
VALIDATION
valid epoch balanced_accuracy: 0.700000
EPOCH 32:
VALIDATION
valid epoch balanced_accuracy: 0.668750
EPOCH 33:
VALIDATION
valid epoch balanced_accuracy: 0.700000
EPOCH 34:
VALIDATION
valid epoch balanced_accuracy: 0.684375
EPOCH 35:
VALIDATION
valid epoch balanced_accuracy: 0.716667
EPOCH 36:
VALIDATION
valid epoch balanced_accuracy: 0.705208
EPOCH 37:
VALIDATION
valid epoch balanced_accuracy: 0.694792
EPOCH 38:
VALIDATION
valid epoch balanced_accuracy: 0.685417
EPOCH 39:
VALIDATION
valid epoch balanced_accuracy: 0.678125
EPOCH 40:
VALIDATION
valid epoch balanced_accuracy: 0.628125
EPOCH 41:
VALIDATION
valid epoch balanced_accuracy: 0.734375
EPOCH 42:
VALIDATION
valid epoch balanced_accuracy: 0.740625
EPOCH 43:
VALIDATION
valid epoch balanced_accuracy: 0.698958
EPOCH 44:
VALIDATION
valid epoch balanced_accuracy: 0.698958
EPOCH 45:
VALIDATION
valid epoch balanced_accuracy: 0.628125
EPOCH 46:
VALIDATION
valid epoch balanced_accuracy: 0.675000
EPOCH 47:
VALIDATION
valid epoch balanced_accuracy: 0.678125
EPOCH 48:
VALIDATION
valid epoch balanced_accuracy: 0.735417
EPOCH 49:
VALIDATION
valid epoch balanced_accuracy: 0.723958
EPOCH 50:
VALIDATION
valid epoch balanced_accuracy: 0.689583
EPOCH 51:
VALIDATION
valid epoch balanced_accuracy: 0.663542
EPOCH 52:
VALIDATION
valid epoch balanced_accuracy: 0.690625
EPOCH 53:
VALIDATION
valid epoch balanced_accuracy: 0.714583
EPOCH 54:
VALIDATION
valid epoch balanced_accuracy: 0.651042
EPOCH 55:
VALIDATION
valid epoch balanced_accuracy: 0.692708
EPOCH 56:
VALIDATION
valid epoch balanced_accuracy: 0.657292
EPOCH 57:
VALIDATION
valid epoch balanced_accuracy: 0.668750
EPOCH 58:
VALIDATION
valid epoch balanced_accuracy: 0.678125
EPOCH 59:
VALIDATION
valid epoch balanced_accuracy: 0.688542
EPOCH 60:
VALIDATION
valid epoch balanced_accuracy: 0.697917
EPOCH 61:
VALIDATION
valid epoch balanced_accuracy: 0.690625
EPOCH 62:
VALIDATION
valid epoch balanced_accuracy: 0.683333
EPOCH 63:
VALIDATION
valid epoch balanced_accuracy: 0.704167
EPOCH 64:
VALIDATION
valid epoch balanced_accuracy: 0.679167
EPOCH 65:
VALIDATION
valid epoch balanced_accuracy: 0.708333
EPOCH 66:
VALIDATION
valid epoch balanced_accuracy: 0.692708
EPOCH 67:
VALIDATION
valid epoch balanced_accuracy: 0.657292
EPOCH 68:
VALIDATION
valid epoch balanced_accuracy: 0.632292
EPOCH 69:
VALIDATION
valid epoch balanced_accuracy: 0.700000
EPOCH 70:
VALIDATION
valid epoch balanced_accuracy: 0.692708
EPOCH 71:
VALIDATION
valid epoch balanced_accuracy: 0.651042
EPOCH 72:
VALIDATION
valid epoch balanced_accuracy: 0.662500
EPOCH 73:
VALIDATION
valid epoch balanced_accuracy: 0.651042
EPOCH 74:
VALIDATION
valid epoch balanced_accuracy: 0.619792
EPOCH 75:
VALIDATION
valid epoch balanced_accuracy: 0.703125
EPOCH 76:
VALIDATION
valid epoch balanced_accuracy: 0.677083
EPOCH 77:
VALIDATION
valid epoch balanced_accuracy: 0.739583
EPOCH 78:
VALIDATION
valid epoch balanced_accuracy: 0.704167
EPOCH 79:
VALIDATION
valid epoch balanced_accuracy: 0.662500
EPOCH 80:
VALIDATION
valid epoch balanced_accuracy: 0.735417
EPOCH 81:
VALIDATION
valid epoch balanced_accuracy: 0.714583
EPOCH 82:
VALIDATION
valid epoch balanced_accuracy: 0.671875
EPOCH 83:
VALIDATION
valid epoch balanced_accuracy: 0.713542
EPOCH 84:
VALIDATION
valid epoch balanced_accuracy: 0.729167
EPOCH 85:
VALIDATION
valid epoch balanced_accuracy: 0.672917
EPOCH 86:
VALIDATION
valid epoch balanced_accuracy: 0.717708
EARLY STOPPING: rolling validation balanced accuracy did not improve for 60 epochs and validation loss increased over the same window.
accuracy: 0.543307
sensitivity: 0.471154
precision: 0.942308
specificity: 0.869565
IoU: 0.457944
FAR: 0.130435
F1: 0.628205
balanced_accuracy: 0.670360
loss: 1.283206
