
number of parameters : 1403982
train : (1209, 12)
valid : (61, 12)
test : (61, 12)
class weights : [1.1669883728027344, 0.8748190999031067]
data extracted
EPOCH 1:
VALIDATION
valid epoch balanced_accuracy: 0.611828
EPOCH 2:
VALIDATION
valid epoch balanced_accuracy: 0.500000
EPOCH 3:
VALIDATION
valid epoch balanced_accuracy: 0.584409
EPOCH 4:
VALIDATION
valid epoch balanced_accuracy: 0.527957
EPOCH 5:
VALIDATION
valid epoch balanced_accuracy: 0.483871
EPOCH 6:
VALIDATION
valid epoch balanced_accuracy: 0.527419
EPOCH 7:
VALIDATION
valid epoch balanced_accuracy: 0.612903
EPOCH 8:
VALIDATION
valid epoch balanced_accuracy: 0.607527
EPOCH 9:
VALIDATION
valid epoch balanced_accuracy: 0.559140
EPOCH 10:
VALIDATION
valid epoch balanced_accuracy: 0.590860
EPOCH 11:
VALIDATION
valid epoch balanced_accuracy: 0.605376
EPOCH 12:
VALIDATION
valid epoch balanced_accuracy: 0.629032
EPOCH 13:
VALIDATION
valid epoch balanced_accuracy: 0.544086
EPOCH 14:
VALIDATION
valid epoch balanced_accuracy: 0.627957
EPOCH 15:
VALIDATION
valid epoch balanced_accuracy: 0.629032
EPOCH 16:
VALIDATION
valid epoch balanced_accuracy: 0.690323
EPOCH 17:
VALIDATION
valid epoch balanced_accuracy: 0.608065
EPOCH 18:
VALIDATION
valid epoch balanced_accuracy: 0.640860
EPOCH 19:
VALIDATION
valid epoch balanced_accuracy: 0.659140
EPOCH 20:
VALIDATION
valid epoch balanced_accuracy: 0.628495
EPOCH 21:
VALIDATION
valid epoch balanced_accuracy: 0.541935
EPOCH 22:
VALIDATION
valid epoch balanced_accuracy: 0.554839
EPOCH 23:
VALIDATION
valid epoch balanced_accuracy: 0.606989
EPOCH 24:
VALIDATION
valid epoch balanced_accuracy: 0.689785
EPOCH 25:
VALIDATION
valid epoch balanced_accuracy: 0.605914
EPOCH 26:
VALIDATION
valid epoch balanced_accuracy: 0.589247
EPOCH 27:
VALIDATION
valid epoch balanced_accuracy: 0.672581
EPOCH 28:
VALIDATION
valid epoch balanced_accuracy: 0.536559
EPOCH 29:
VALIDATION
valid epoch balanced_accuracy: 0.672581
EPOCH 30:
VALIDATION
valid epoch balanced_accuracy: 0.624731
EPOCH 31:
VALIDATION
valid epoch balanced_accuracy: 0.656989
EPOCH 32:
VALIDATION
valid epoch balanced_accuracy: 0.657527
EPOCH 33:
VALIDATION
valid epoch balanced_accuracy: 0.655376
EPOCH 34:
VALIDATION
valid epoch balanced_accuracy: 0.654301
EPOCH 35:
VALIDATION
valid epoch balanced_accuracy: 0.605914
EPOCH 36:
VALIDATION
valid epoch balanced_accuracy: 0.654839
EPOCH 37:
VALIDATION
valid epoch balanced_accuracy: 0.672043
EPOCH 38:
VALIDATION
valid epoch balanced_accuracy: 0.639785
EPOCH 39:
VALIDATION
valid epoch balanced_accuracy: 0.640860
EPOCH 40:
VALIDATION
valid epoch balanced_accuracy: 0.638710
EPOCH 41:
VALIDATION
valid epoch balanced_accuracy: 0.592473
EPOCH 42:
VALIDATION
valid epoch balanced_accuracy: 0.658065
EPOCH 43:
VALIDATION
valid epoch balanced_accuracy: 0.654839
EPOCH 44:
VALIDATION
valid epoch balanced_accuracy: 0.657527
EPOCH 45:
VALIDATION
valid epoch balanced_accuracy: 0.620430
EPOCH 46:
VALIDATION
valid epoch balanced_accuracy: 0.655376
EPOCH 47:
VALIDATION
valid epoch balanced_accuracy: 0.624731
EPOCH 48:
VALIDATION
valid epoch balanced_accuracy: 0.609677
EPOCH 49:
VALIDATION
valid epoch balanced_accuracy: 0.675269
EPOCH 50:
VALIDATION
valid epoch balanced_accuracy: 0.620430
EPOCH 51:
VALIDATION
valid epoch balanced_accuracy: 0.669892
EPOCH 52:
VALIDATION
valid epoch balanced_accuracy: 0.622581
EPOCH 53:
VALIDATION
valid epoch balanced_accuracy: 0.690323
EPOCH 54:
VALIDATION
valid epoch balanced_accuracy: 0.590323
EPOCH 55:
VALIDATION
valid epoch balanced_accuracy: 0.625269
EPOCH 56:
VALIDATION
valid epoch balanced_accuracy: 0.622581
EPOCH 57:
VALIDATION
valid epoch balanced_accuracy: 0.673118
EPOCH 58:
VALIDATION
valid epoch balanced_accuracy: 0.703763
EPOCH 59:
VALIDATION
valid epoch balanced_accuracy: 0.619892
EPOCH 60:
VALIDATION
valid epoch balanced_accuracy: 0.588172
EPOCH 61:
VALIDATION
valid epoch balanced_accuracy: 0.655376
EPOCH 62:
VALIDATION
valid epoch balanced_accuracy: 0.638710
EPOCH 63:
VALIDATION
valid epoch balanced_accuracy: 0.719355
EPOCH 64:
VALIDATION
valid epoch balanced_accuracy: 0.639247
EPOCH 65:
VALIDATION
valid epoch balanced_accuracy: 0.622581
EPOCH 66:
VALIDATION
valid epoch balanced_accuracy: 0.689247
EPOCH 67:
VALIDATION
valid epoch balanced_accuracy: 0.572043
EPOCH 68:
VALIDATION
valid epoch balanced_accuracy: 0.619892
EPOCH 69:
VALIDATION
valid epoch balanced_accuracy: 0.656989
EPOCH 70:
VALIDATION
valid epoch balanced_accuracy: 0.689785
EPOCH 71:
VALIDATION
valid epoch balanced_accuracy: 0.656989
EPOCH 72:
VALIDATION
valid epoch balanced_accuracy: 0.625806
EPOCH 73:
VALIDATION
valid epoch balanced_accuracy: 0.737097
EPOCH 74:
VALIDATION
valid epoch balanced_accuracy: 0.637634
EPOCH 75:
VALIDATION
valid epoch balanced_accuracy: 0.654301
EPOCH 76:
VALIDATION
valid epoch balanced_accuracy: 0.637097
EPOCH 77:
VALIDATION
valid epoch balanced_accuracy: 0.687097
EPOCH 78:
VALIDATION
valid epoch balanced_accuracy: 0.588710
EPOCH 79:
VALIDATION
valid epoch balanced_accuracy: 0.621505
EPOCH 80:
VALIDATION
valid epoch balanced_accuracy: 0.619892
EPOCH 81:
VALIDATION
valid epoch balanced_accuracy: 0.688172
EPOCH 82:
VALIDATION
valid epoch balanced_accuracy: 0.604301
EPOCH 83:
VALIDATION
valid epoch balanced_accuracy: 0.654301
EPOCH 84:
VALIDATION
valid epoch balanced_accuracy: 0.654301
EPOCH 85:
VALIDATION
valid epoch balanced_accuracy: 0.670430
EPOCH 86:
VALIDATION
valid epoch balanced_accuracy: 0.639247
EPOCH 87:
VALIDATION
valid epoch balanced_accuracy: 0.606989
EPOCH 88:
VALIDATION
valid epoch balanced_accuracy: 0.604839
EPOCH 89:
VALIDATION
valid epoch balanced_accuracy: 0.655914
EPOCH 90:
VALIDATION
valid epoch balanced_accuracy: 0.702688
EPOCH 91:
VALIDATION
valid epoch balanced_accuracy: 0.704301
EPOCH 92:
VALIDATION
valid epoch balanced_accuracy: 0.672581
EPOCH 93:
VALIDATION
valid epoch balanced_accuracy: 0.637097
EPOCH 94:
VALIDATION
valid epoch balanced_accuracy: 0.637097
EPOCH 95:
VALIDATION
valid epoch balanced_accuracy: 0.637634
EPOCH 96:
VALIDATION
valid epoch balanced_accuracy: 0.719355
EPOCH 97:
VALIDATION
valid epoch balanced_accuracy: 0.637634
EPOCH 98:
VALIDATION
valid epoch balanced_accuracy: 0.642473
EPOCH 99:
VALIDATION
valid epoch balanced_accuracy: 0.593548
EPOCH 100:
VALIDATION
valid epoch balanced_accuracy: 0.623118
EPOCH 101:
VALIDATION
valid epoch balanced_accuracy: 0.574731
EPOCH 102:
VALIDATION
valid epoch balanced_accuracy: 0.637634
EPOCH 103:
VALIDATION
valid epoch balanced_accuracy: 0.637634
EPOCH 104:
VALIDATION
valid epoch balanced_accuracy: 0.637634
EPOCH 105:
VALIDATION
valid epoch balanced_accuracy: 0.620968
EPOCH 106:
VALIDATION
valid epoch balanced_accuracy: 0.655376
EPOCH 107:
VALIDATION
valid epoch balanced_accuracy: 0.638172
EPOCH 108:
VALIDATION
valid epoch balanced_accuracy: 0.621505
EPOCH 109:
VALIDATION
valid epoch balanced_accuracy: 0.705376
EPOCH 110:
VALIDATION
valid epoch balanced_accuracy: 0.621505
EPOCH 111:
VALIDATION
valid epoch balanced_accuracy: 0.639247
EPOCH 112:
VALIDATION
valid epoch balanced_accuracy: 0.638172
EPOCH 113:
VALIDATION
valid epoch balanced_accuracy: 0.688710
EPOCH 114:
VALIDATION
valid epoch balanced_accuracy: 0.655376
EPOCH 115:
VALIDATION
valid epoch balanced_accuracy: 0.622581
EPOCH 116:
VALIDATION
valid epoch balanced_accuracy: 0.655914
EPOCH 117:
VALIDATION
valid epoch balanced_accuracy: 0.604839
EPOCH 118:
VALIDATION
valid epoch balanced_accuracy: 0.639247
EPOCH 119:
VALIDATION
valid epoch balanced_accuracy: 0.622581
EPOCH 120:
VALIDATION
valid epoch balanced_accuracy: 0.604839
EPOCH 121:
VALIDATION
valid epoch balanced_accuracy: 0.638710
EPOCH 122:
VALIDATION
valid epoch balanced_accuracy: 0.672043
EPOCH 123:
VALIDATION
valid epoch balanced_accuracy: 0.705914
EPOCH 124:
VALIDATION
valid epoch balanced_accuracy: 0.602688
EPOCH 125:
VALIDATION
valid epoch balanced_accuracy: 0.705914
EPOCH 126:
VALIDATION
valid epoch balanced_accuracy: 0.721505
EPOCH 127:
VALIDATION
valid epoch balanced_accuracy: 0.687097
EPOCH 128:
VALIDATION
valid epoch balanced_accuracy: 0.688172
EPOCH 129:
VALIDATION
valid epoch balanced_accuracy: 0.622043
EPOCH 130:
VALIDATION
valid epoch balanced_accuracy: 0.705376
EPOCH 131:
VALIDATION
valid epoch balanced_accuracy: 0.689247
EPOCH 132:
VALIDATION
valid epoch balanced_accuracy: 0.720968
EPOCH 133:
VALIDATION
valid epoch balanced_accuracy: 0.671505
EPOCH 134:
VALIDATION
valid epoch balanced_accuracy: 0.688172
EPOCH 135:
VALIDATION
valid epoch balanced_accuracy: 0.622043
EPOCH 136:
VALIDATION
valid epoch balanced_accuracy: 0.553763
EPOCH 137:
VALIDATION
valid epoch balanced_accuracy: 0.703226
EPOCH 138:
VALIDATION
valid epoch balanced_accuracy: 0.720968
EPOCH 139:
VALIDATION
valid epoch balanced_accuracy: 0.689247
EPOCH 140:
VALIDATION
valid epoch balanced_accuracy: 0.687634
EPOCH 141:
VALIDATION
valid epoch balanced_accuracy: 0.704839
EPOCH 142:
VALIDATION
valid epoch balanced_accuracy: 0.704301
EPOCH 143:
VALIDATION
valid epoch balanced_accuracy: 0.705376
EPOCH 144:
VALIDATION
valid epoch balanced_accuracy: 0.670968
EPOCH 145:
VALIDATION
valid epoch balanced_accuracy: 0.705376
EPOCH 146:
VALIDATION
valid epoch balanced_accuracy: 0.688172
EPOCH 147:
VALIDATION
valid epoch balanced_accuracy: 0.703763
EPOCH 148:
VALIDATION
valid epoch balanced_accuracy: 0.687097
EPOCH 149:
VALIDATION
valid epoch balanced_accuracy: 0.590323
EPOCH 150:
VALIDATION
valid epoch balanced_accuracy: 0.718817
accuracy: 0.721311
sensitivity: 0.800000
precision: 0.736842
specificity: 0.615385
IoU: 0.622222
FAR: 0.384615
F1: 0.767123
balanced_accuracy: 0.707692
loss: 1.219055
