
number of parameters : 1403982
train : (1085, 12)
valid : (123, 12)
test : (123, 12)
class weights : [1.29474937915802, 0.81456458568573]
data extracted
EPOCH 1:
VALIDATION
valid epoch balanced_accuracy: 0.432250
EPOCH 2:
VALIDATION
valid epoch balanced_accuracy: 0.488349
EPOCH 3:
VALIDATION
valid epoch balanced_accuracy: 0.502158
EPOCH 4:
VALIDATION
valid epoch balanced_accuracy: 0.517405
EPOCH 5:
VALIDATION
valid epoch balanced_accuracy: 0.537543
EPOCH 6:
VALIDATION
valid epoch balanced_accuracy: 0.470656
EPOCH 7:
VALIDATION
valid epoch balanced_accuracy: 0.548907
EPOCH 8:
VALIDATION
valid epoch balanced_accuracy: 0.516110
EPOCH 9:
VALIDATION
valid epoch balanced_accuracy: 0.498274
EPOCH 10:
VALIDATION
valid epoch balanced_accuracy: 0.499712
EPOCH 11:
VALIDATION
valid epoch balanced_accuracy: 0.514960
EPOCH 12:
VALIDATION
valid epoch balanced_accuracy: 0.498562
EPOCH 13:
VALIDATION
valid epoch balanced_accuracy: 0.527474
EPOCH 14:
VALIDATION
valid epoch balanced_accuracy: 0.494822
EPOCH 15:
VALIDATION
valid epoch balanced_accuracy: 0.526323
EPOCH 16:
VALIDATION
valid epoch balanced_accuracy: 0.513665
EPOCH 17:
VALIDATION
valid epoch balanced_accuracy: 0.448072
EPOCH 18:
VALIDATION
valid epoch balanced_accuracy: 0.485903
EPOCH 19:
VALIDATION
valid epoch balanced_accuracy: 0.468067
EPOCH 20:
VALIDATION
valid epoch balanced_accuracy: 0.498562
EPOCH 21:
VALIDATION
valid epoch balanced_accuracy: 0.493527
EPOCH 22:
VALIDATION
valid epoch balanced_accuracy: 0.522583
EPOCH 23:
VALIDATION
valid epoch balanced_accuracy: 0.487198
EPOCH 24:
VALIDATION
valid epoch balanced_accuracy: 0.517405
EPOCH 25:
VALIDATION
valid epoch balanced_accuracy: 0.510069
EPOCH 26:
VALIDATION
valid epoch balanced_accuracy: 0.523734
EPOCH 27:
VALIDATION
valid epoch balanced_accuracy: 0.514960
EPOCH 28:
VALIDATION
valid epoch balanced_accuracy: 0.524885
EPOCH 29:
VALIDATION
valid epoch balanced_accuracy: 0.468354
EPOCH 30:
VALIDATION
valid epoch balanced_accuracy: 0.488493
EPOCH 31:
VALIDATION
valid epoch balanced_accuracy: 0.492232
EPOCH 32:
VALIDATION
valid epoch balanced_accuracy: 0.472094
EPOCH 33:
VALIDATION
valid epoch balanced_accuracy: 0.541571
EPOCH 34:
VALIDATION
valid epoch balanced_accuracy: 0.531358
EPOCH 35:
VALIDATION
valid epoch balanced_accuracy: 0.483458
EPOCH 36:
VALIDATION
valid epoch balanced_accuracy: 0.543872
EPOCH 37:
VALIDATION
valid epoch balanced_accuracy: 0.502301
EPOCH 38:
VALIDATION
valid epoch balanced_accuracy: 0.487198
EPOCH 39:
VALIDATION
valid epoch balanced_accuracy: 0.479574
EPOCH 40:
VALIDATION
valid epoch balanced_accuracy: 0.503596
EPOCH 41:
VALIDATION
valid epoch balanced_accuracy: 0.468354
EPOCH 42:
VALIDATION
valid epoch balanced_accuracy: 0.455696
EPOCH 43:
VALIDATION
valid epoch balanced_accuracy: 0.478423
EPOCH 44:
VALIDATION
valid epoch balanced_accuracy: 0.482163
EPOCH 45:
VALIDATION
valid epoch balanced_accuracy: 0.528913
EPOCH 46:
VALIDATION
valid epoch balanced_accuracy: 0.482163
EPOCH 47:
VALIDATION
valid epoch balanced_accuracy: 0.462025
EPOCH 48:
VALIDATION
valid epoch balanced_accuracy: 0.464471
EPOCH 49:
VALIDATION
valid epoch balanced_accuracy: 0.453107
EPOCH 50:
VALIDATION
valid epoch balanced_accuracy: 0.504891
EPOCH 51:
VALIDATION
valid epoch balanced_accuracy: 0.576812
EPOCH 52:
VALIDATION
valid epoch balanced_accuracy: 0.499856
EPOCH 53:
VALIDATION
valid epoch balanced_accuracy: 0.521289
EPOCH 54:
VALIDATION
valid epoch balanced_accuracy: 0.589471
EPOCH 55:
VALIDATION
valid epoch balanced_accuracy: 0.506185
EPOCH 56:
VALIDATION
valid epoch balanced_accuracy: 0.491082
EPOCH 57:
VALIDATION
valid epoch balanced_accuracy: 0.464471
EPOCH 58:
VALIDATION
valid epoch balanced_accuracy: 0.501007
EPOCH 59:
VALIDATION
valid epoch balanced_accuracy: 0.511220
EPOCH 60:
VALIDATION
valid epoch balanced_accuracy: 0.545311
EPOCH 61:
VALIDATION
valid epoch balanced_accuracy: 0.500863
EPOCH 62:
VALIDATION
valid epoch balanced_accuracy: 0.483314
EPOCH 63:
VALIDATION
valid epoch balanced_accuracy: 0.449367
EPOCH 64:
VALIDATION
valid epoch balanced_accuracy: 0.468354
EPOCH 65:
VALIDATION
valid epoch balanced_accuracy: 0.464471
EPOCH 66:
VALIDATION
valid epoch balanced_accuracy: 0.484753
EPOCH 67:
VALIDATION
valid epoch balanced_accuracy: 0.455696
EPOCH 68:
VALIDATION
valid epoch balanced_accuracy: 0.459436
EPOCH 69:
VALIDATION
valid epoch balanced_accuracy: 0.455552
EPOCH 70:
VALIDATION
valid epoch balanced_accuracy: 0.507480
EPOCH 71:
VALIDATION
valid epoch balanced_accuracy: 0.436709
EPOCH 72:
VALIDATION
valid epoch balanced_accuracy: 0.494822
EPOCH 73:
VALIDATION
valid epoch balanced_accuracy: 0.516254
EPOCH 74:
VALIDATION
valid epoch balanced_accuracy: 0.536392
EPOCH 75:
VALIDATION
valid epoch balanced_accuracy: 0.494822
EPOCH 76:
VALIDATION
valid epoch balanced_accuracy: 0.504891
EPOCH 77:
VALIDATION
valid epoch balanced_accuracy: 0.489787
EPOCH 78:
VALIDATION
valid epoch balanced_accuracy: 0.478423
EPOCH 79:
VALIDATION
valid epoch balanced_accuracy: 0.513665
EPOCH 80:
VALIDATION
valid epoch balanced_accuracy: 0.480869
EPOCH 81:
VALIDATION
valid epoch balanced_accuracy: 0.485903
EPOCH 82:
VALIDATION
valid epoch balanced_accuracy: 0.485903
EPOCH 83:
VALIDATION
valid epoch balanced_accuracy: 0.468354
EPOCH 84:
VALIDATION
valid epoch balanced_accuracy: 0.499856
EPOCH 85:
VALIDATION
valid epoch balanced_accuracy: 0.497267
EPOCH 86:
VALIDATION
valid epoch balanced_accuracy: 0.504891
EPOCH 87:
VALIDATION
valid epoch balanced_accuracy: 0.479718
EPOCH 88:
VALIDATION
valid epoch balanced_accuracy: 0.467060
EPOCH 89:
VALIDATION
valid epoch balanced_accuracy: 0.473389
EPOCH 90:
VALIDATION
valid epoch balanced_accuracy: 0.479718
EPOCH 91:
VALIDATION
valid epoch balanced_accuracy: 0.497267
EPOCH 92:
VALIDATION
valid epoch balanced_accuracy: 0.502301
EPOCH 93:
VALIDATION
valid epoch balanced_accuracy: 0.523590
EPOCH 94:
VALIDATION
valid epoch balanced_accuracy: 0.469505
EPOCH 95:
VALIDATION
valid epoch balanced_accuracy: 0.468211
EPOCH 96:
VALIDATION
valid epoch balanced_accuracy: 0.460731
EPOCH 97:
VALIDATION
valid epoch balanced_accuracy: 0.490938
EPOCH 98:
VALIDATION
valid epoch balanced_accuracy: 0.532652
EPOCH 99:
VALIDATION
valid epoch balanced_accuracy: 0.498562
EPOCH 100:
VALIDATION
valid epoch balanced_accuracy: 0.491082
EPOCH 101:
VALIDATION
valid epoch balanced_accuracy: 0.496116
EPOCH 102:
VALIDATION
valid epoch balanced_accuracy: 0.517549
EPOCH 103:
VALIDATION
valid epoch balanced_accuracy: 0.491082
EPOCH 104:
VALIDATION
valid epoch balanced_accuracy: 0.531358
EPOCH 105:
VALIDATION
valid epoch balanced_accuracy: 0.484753
EPOCH 106:
VALIDATION
valid epoch balanced_accuracy: 0.514960
EPOCH 107:
VALIDATION
valid epoch balanced_accuracy: 0.502445
EPOCH 108:
VALIDATION
valid epoch balanced_accuracy: 0.459436
EPOCH 109:
VALIDATION
valid epoch balanced_accuracy: 0.474684
EPOCH 110:
VALIDATION
valid epoch balanced_accuracy: 0.531358
EPOCH 111:
VALIDATION
valid epoch balanced_accuracy: 0.512514
EPOCH 112:
VALIDATION
valid epoch balanced_accuracy: 0.511220
EPOCH 113:
VALIDATION
valid epoch balanced_accuracy: 0.532652
EPOCH 114:
VALIDATION
valid epoch balanced_accuracy: 0.527618
EPOCH 115:
VALIDATION
valid epoch balanced_accuracy: 0.472094
EPOCH 116:
VALIDATION
valid epoch balanced_accuracy: 0.493527
EPOCH 117:
VALIDATION
valid epoch balanced_accuracy: 0.521289
EPOCH 118:
VALIDATION
valid epoch balanced_accuracy: 0.521289
EPOCH 119:
VALIDATION
valid epoch balanced_accuracy: 0.514960
EPOCH 120:
VALIDATION
valid epoch balanced_accuracy: 0.532652
EPOCH 121:
VALIDATION
valid epoch balanced_accuracy: 0.489787
EPOCH 122:
VALIDATION
valid epoch balanced_accuracy: 0.511220
EPOCH 123:
VALIDATION
valid epoch balanced_accuracy: 0.493527
EPOCH 124:
VALIDATION
valid epoch balanced_accuracy: 0.519994
EPOCH 125:
VALIDATION
valid epoch balanced_accuracy: 0.514960
EPOCH 126:
VALIDATION
valid epoch balanced_accuracy: 0.508631
EPOCH 127:
VALIDATION
valid epoch balanced_accuracy: 0.508631
EPOCH 128:
VALIDATION
valid epoch balanced_accuracy: 0.503596
EPOCH 129:
VALIDATION
valid epoch balanced_accuracy: 0.504891
EPOCH 130:
VALIDATION
valid epoch balanced_accuracy: 0.509925
EPOCH 131:
VALIDATION
valid epoch balanced_accuracy: 0.502301
EPOCH 132:
VALIDATION
valid epoch balanced_accuracy: 0.488493
EPOCH 133:
VALIDATION
valid epoch balanced_accuracy: 0.490938
EPOCH 134:
VALIDATION
valid epoch balanced_accuracy: 0.493527
EPOCH 135:
VALIDATION
valid epoch balanced_accuracy: 0.527618
EPOCH 136:
VALIDATION
valid epoch balanced_accuracy: 0.503596
EPOCH 137:
VALIDATION
valid epoch balanced_accuracy: 0.555380
EPOCH 138:
VALIDATION
valid epoch balanced_accuracy: 0.502301
EPOCH 139:
VALIDATION
valid epoch balanced_accuracy: 0.511220
EPOCH 140:
VALIDATION
valid epoch balanced_accuracy: 0.488493
EPOCH 141:
VALIDATION
valid epoch balanced_accuracy: 0.487342
EPOCH 142:
VALIDATION
valid epoch balanced_accuracy: 0.462025
EPOCH 143:
VALIDATION
valid epoch balanced_accuracy: 0.468354
EPOCH 144:
VALIDATION
valid epoch balanced_accuracy: 0.465765
EPOCH 145:
VALIDATION
valid epoch balanced_accuracy: 0.518843
EPOCH 146:
VALIDATION
valid epoch balanced_accuracy: 0.522583
EPOCH 147:
VALIDATION
valid epoch balanced_accuracy: 0.470800
EPOCH 148:
VALIDATION
valid epoch balanced_accuracy: 0.528769
EPOCH 149:
VALIDATION
valid epoch balanced_accuracy: 0.453107
EPOCH 150:
VALIDATION
valid epoch balanced_accuracy: 0.540276
accuracy: 0.609756
sensitivity: 0.217391
precision: 0.454545
specificity: 0.844156
IoU: 0.172414
FAR: 0.155844
F1: 0.294118
balanced_accuracy: 0.530774
loss: 1.644885
