Waiting for exclusive access to GPU GPU-14ea7289-7392-91df-257f-8c8994d0d8b8.
=== GROUP: lipocalin | VARIANT: no_post_sa_3mlp_gelu | SEED: 3 | GPU: Tesla V100-SXM2-32GB ===

number of parameters : 1403982
train : (1069, 12)
valid : (131, 12)
test : (131, 12)
class weights : [1.3263027667999268, 0.8025525808334351]
data extracted
EPOCH 1:
VALIDATION
valid epoch balanced_accuracy: 0.500000
EPOCH 2:
VALIDATION
valid epoch balanced_accuracy: 0.481551
EPOCH 3:
VALIDATION
valid epoch balanced_accuracy: 0.527485
EPOCH 4:
VALIDATION
valid epoch balanced_accuracy: 0.489709
EPOCH 5:
VALIDATION
valid epoch balanced_accuracy: 0.486948
EPOCH 6:
VALIDATION
valid epoch balanced_accuracy: 0.509413
EPOCH 7:
VALIDATION
valid epoch balanced_accuracy: 0.520457
EPOCH 8:
VALIDATION
valid epoch balanced_accuracy: 0.500628
EPOCH 9:
VALIDATION
valid epoch balanced_accuracy: 0.502259
EPOCH 10:
VALIDATION
valid epoch balanced_accuracy: 0.517570
EPOCH 11:
VALIDATION
valid epoch balanced_accuracy: 0.538404
EPOCH 12:
VALIDATION
valid epoch balanced_accuracy: 0.548820
EPOCH 13:
VALIDATION
valid epoch balanced_accuracy: 0.460090
EPOCH 14:
VALIDATION
valid epoch balanced_accuracy: 0.549448
EPOCH 15:
VALIDATION
valid epoch balanced_accuracy: 0.601029
EPOCH 16:
VALIDATION
valid epoch balanced_accuracy: 0.617470
EPOCH 17:
VALIDATION
valid epoch balanced_accuracy: 0.628891
EPOCH 18:
VALIDATION
valid epoch balanced_accuracy: 0.575678
EPOCH 19:
VALIDATION
valid epoch balanced_accuracy: 0.587851
EPOCH 20:
VALIDATION
valid epoch balanced_accuracy: 0.498996
EPOCH 21:
VALIDATION
valid epoch balanced_accuracy: 0.617470
EPOCH 22:
VALIDATION
valid epoch balanced_accuracy: 0.570783
EPOCH 23:
VALIDATION
valid epoch balanced_accuracy: 0.615838
EPOCH 24:
VALIDATION
valid epoch balanced_accuracy: 0.638303
EPOCH 25:
VALIDATION
valid epoch balanced_accuracy: 0.620733
EPOCH 26:
VALIDATION
valid epoch balanced_accuracy: 0.630648
EPOCH 27:
VALIDATION
valid epoch balanced_accuracy: 0.631652
EPOCH 28:
VALIDATION
valid epoch balanced_accuracy: 0.581200
EPOCH 29:
VALIDATION
valid epoch balanced_accuracy: 0.565261
EPOCH 30:
VALIDATION
valid epoch balanced_accuracy: 0.637801
EPOCH 31:
VALIDATION
valid epoch balanced_accuracy: 0.626255
EPOCH 32:
VALIDATION
valid epoch balanced_accuracy: 0.625628
EPOCH 33:
VALIDATION
valid epoch balanced_accuracy: 0.628891
EPOCH 34:
VALIDATION
valid epoch balanced_accuracy: 0.615838
EPOCH 35:
VALIDATION
valid epoch balanced_accuracy: 0.637174
EPOCH 36:
VALIDATION
valid epoch balanced_accuracy: 0.643700
EPOCH 37:
VALIDATION
valid epoch balanced_accuracy: 0.625126
EPOCH 38:
VALIDATION
valid epoch balanced_accuracy: 0.627259
EPOCH 39:
VALIDATION
valid epoch balanced_accuracy: 0.696411
EPOCH 40:
VALIDATION
valid epoch balanced_accuracy: 0.575678
EPOCH 41:
VALIDATION
valid epoch balanced_accuracy: 0.653614
EPOCH 42:
VALIDATION
valid epoch balanced_accuracy: 0.579568
EPOCH 43:
VALIDATION
valid epoch balanced_accuracy: 0.608057
EPOCH 44:
VALIDATION
valid epoch balanced_accuracy: 0.645959
EPOCH 45:
VALIDATION
valid epoch balanced_accuracy: 0.630020
EPOCH 46:
VALIDATION
valid epoch balanced_accuracy: 0.601531
EPOCH 47:
VALIDATION
valid epoch balanced_accuracy: 0.631150
EPOCH 48:
VALIDATION
valid epoch balanced_accuracy: 0.644829
EPOCH 49:
VALIDATION
valid epoch balanced_accuracy: 0.567520
EPOCH 50:
VALIDATION
valid epoch balanced_accuracy: 0.637676
EPOCH 51:
VALIDATION
valid epoch balanced_accuracy: 0.573544
EPOCH 52:
VALIDATION
valid epoch balanced_accuracy: 0.656878
EPOCH 53:
VALIDATION
valid epoch balanced_accuracy: 0.602033
EPOCH 54:
VALIDATION
valid epoch balanced_accuracy: 0.601531
EPOCH 55:
VALIDATION
valid epoch balanced_accuracy: 0.637676
EPOCH 56:
VALIDATION
valid epoch balanced_accuracy: 0.592244
EPOCH 57:
VALIDATION
valid epoch balanced_accuracy: 0.622866
EPOCH 58:
VALIDATION
valid epoch balanced_accuracy: 0.599900
EPOCH 59:
VALIDATION
valid epoch balanced_accuracy: 0.585090
EPOCH 60:
VALIDATION
valid epoch balanced_accuracy: 0.621235
EPOCH 61:
VALIDATION
valid epoch balanced_accuracy: 0.614709
EPOCH 62:
VALIDATION
valid epoch balanced_accuracy: 0.609187
EPOCH 63:
VALIDATION
valid epoch balanced_accuracy: 0.653112
EPOCH 64:
VALIDATION
valid epoch balanced_accuracy: 0.626757
EPOCH 65:
VALIDATION
valid epoch balanced_accuracy: 0.650853
EPOCH 66:
VALIDATION
valid epoch balanced_accuracy: 0.623996
EPOCH 67:
VALIDATION
valid epoch balanced_accuracy: 0.653112
EPOCH 68:
VALIDATION
valid epoch balanced_accuracy: 0.656878
EPOCH 69:
VALIDATION
valid epoch balanced_accuracy: 0.631652
EPOCH 70:
VALIDATION
valid epoch balanced_accuracy: 0.633283
EPOCH 71:
VALIDATION
valid epoch balanced_accuracy: 0.616340
EPOCH 72:
VALIDATION
valid epoch balanced_accuracy: 0.642068
EPOCH 73:
VALIDATION
valid epoch balanced_accuracy: 0.628514
EPOCH 74:
VALIDATION
valid epoch balanced_accuracy: 0.639307
EPOCH 75:
VALIDATION
valid epoch balanced_accuracy: 0.619603
EPOCH 76:
VALIDATION
valid epoch balanced_accuracy: 0.612575
EPOCH 77:
VALIDATION
valid epoch balanced_accuracy: 0.552209
EPOCH 78:
VALIDATION
valid epoch balanced_accuracy: 0.580698
EPOCH 79:
VALIDATION
valid epoch balanced_accuracy: 0.596009
EPOCH 80:
VALIDATION
valid epoch balanced_accuracy: 0.596009
EPOCH 81:
VALIDATION
valid epoch balanced_accuracy: 0.623996
EPOCH 82:
VALIDATION
valid epoch balanced_accuracy: 0.649724
EPOCH 83:
VALIDATION
valid epoch balanced_accuracy: 0.598268
EPOCH 84:
VALIDATION
valid epoch balanced_accuracy: 0.607555
EPOCH 85:
VALIDATION
valid epoch balanced_accuracy: 0.623996
EPOCH 86:
VALIDATION
valid epoch balanced_accuracy: 0.567520
EPOCH 87:
VALIDATION
valid epoch balanced_accuracy: 0.608685
EPOCH 88:
VALIDATION
valid epoch balanced_accuracy: 0.658509
EPOCH 89:
VALIDATION
valid epoch balanced_accuracy: 0.610316
EPOCH 90:
VALIDATION
valid epoch balanced_accuracy: 0.601531
EPOCH 91:
VALIDATION
valid epoch balanced_accuracy: 0.610316
EPOCH 92:
VALIDATION
valid epoch balanced_accuracy: 0.578564
EPOCH 93:
VALIDATION
valid epoch balanced_accuracy: 0.595005
EPOCH 94:
VALIDATION
valid epoch balanced_accuracy: 0.622866
EPOCH 95:
VALIDATION
valid epoch balanced_accuracy: 0.593248
EPOCH 96:
VALIDATION
valid epoch balanced_accuracy: 0.650853
EPOCH 97:
VALIDATION
valid epoch balanced_accuracy: 0.588981
EPOCH 98:
VALIDATION
valid epoch balanced_accuracy: 0.598268
EPOCH 99:
VALIDATION
valid epoch balanced_accuracy: 0.614081
EPOCH 100:
VALIDATION
valid epoch balanced_accuracy: 0.637676
EPOCH 101:
VALIDATION
valid epoch balanced_accuracy: 0.593248
EPOCH 102:
VALIDATION
valid epoch balanced_accuracy: 0.584588
EPOCH 103:
VALIDATION
valid epoch balanced_accuracy: 0.619603
EPOCH 104:
VALIDATION
valid epoch balanced_accuracy: 0.616842
EPOCH 105:
VALIDATION
valid epoch balanced_accuracy: 0.637676
EPOCH 106:
VALIDATION
valid epoch balanced_accuracy: 0.587851
EPOCH 107:
VALIDATION
valid epoch balanced_accuracy: 0.617972
EPOCH 108:
VALIDATION
valid epoch balanced_accuracy: 0.582831
EPOCH 109:
VALIDATION
valid epoch balanced_accuracy: 0.633283
EPOCH 110:
VALIDATION
valid epoch balanced_accuracy: 0.590612
EPOCH 111:
VALIDATION
valid epoch balanced_accuracy: 0.586220
EPOCH 112:
VALIDATION
valid epoch balanced_accuracy: 0.589483
EPOCH 113:
VALIDATION
valid epoch balanced_accuracy: 0.577435
EPOCH 114:
VALIDATION
valid epoch balanced_accuracy: 0.603163
EPOCH 115:
VALIDATION
valid epoch balanced_accuracy: 0.597766
EPOCH 116:
VALIDATION
valid epoch balanced_accuracy: 0.628389
EPOCH 117:
VALIDATION
valid epoch balanced_accuracy: 0.589985
EPOCH 118:
VALIDATION
valid epoch balanced_accuracy: 0.555974
EPOCH 119:
VALIDATION
valid epoch balanced_accuracy: 0.496737
EPOCH 120:
VALIDATION
valid epoch balanced_accuracy: 0.577937
EPOCH 121:
VALIDATION
valid epoch balanced_accuracy: 0.577937
EPOCH 122:
VALIDATION
valid epoch balanced_accuracy: 0.586847
EPOCH 123:
VALIDATION
valid epoch balanced_accuracy: 0.631150
EPOCH 124:
VALIDATION
valid epoch balanced_accuracy: 0.680095
EPOCH 125:
VALIDATION
valid epoch balanced_accuracy: 0.687626
EPOCH 126:
VALIDATION
valid epoch balanced_accuracy: 0.531376
EPOCH 127:
VALIDATION
valid epoch balanced_accuracy: 0.663529
EPOCH 128:
VALIDATION
valid epoch balanced_accuracy: 0.644829
EPOCH 129:
VALIDATION
valid epoch balanced_accuracy: 0.635542
EPOCH 130:
VALIDATION
valid epoch balanced_accuracy: 0.637174
EPOCH 131:
VALIDATION
valid epoch balanced_accuracy: 0.643198
EPOCH 132:
VALIDATION
valid epoch balanced_accuracy: 0.611948
EPOCH 133:
VALIDATION
valid epoch balanced_accuracy: 0.632781
EPOCH 134:
VALIDATION
valid epoch balanced_accuracy: 0.625126
EPOCH 135:
VALIDATION
valid epoch balanced_accuracy: 0.631150
EPOCH 136:
VALIDATION
valid epoch balanced_accuracy: 0.589985
EPOCH 137:
VALIDATION
valid epoch balanced_accuracy: 0.589985
EPOCH 138:
VALIDATION
valid epoch balanced_accuracy: 0.632781
EPOCH 139:
VALIDATION
valid epoch balanced_accuracy: 0.619101
EPOCH 140:
VALIDATION
valid epoch balanced_accuracy: 0.631150
EPOCH 141:
VALIDATION
valid epoch balanced_accuracy: 0.629518
EPOCH 142:
VALIDATION
valid epoch balanced_accuracy: 0.615211
EPOCH 143:
VALIDATION
valid epoch balanced_accuracy: 0.621235
EPOCH 144:
VALIDATION
valid epoch balanced_accuracy: 0.633911
EPOCH 145:
VALIDATION
valid epoch balanced_accuracy: 0.632781
EPOCH 146:
VALIDATION
valid epoch balanced_accuracy: 0.640437
EPOCH 147:
VALIDATION
valid epoch balanced_accuracy: 0.638805
EPOCH 148:
VALIDATION
valid epoch balanced_accuracy: 0.630020
EPOCH 149:
VALIDATION
valid epoch balanced_accuracy: 0.585592
EPOCH 150:
VALIDATION
valid epoch balanced_accuracy: 0.639935
accuracy: 0.748092
sensitivity: 0.571429
precision: 0.615385
specificity: 0.831461
IoU: 0.421053
FAR: 0.168539
F1: 0.592593
balanced_accuracy: 0.701445
loss: 0.738052
