
number of parameters : 1075406
train : (1230, 12)
valid : (50, 12)
test : (51, 12)
class weights : [1.162570834159851, 0.8773181438446045]
data extracted
EPOCH 1:
VALIDATION
valid epoch balanced_accuracy: 0.583333
EPOCH 2:
VALIDATION
valid epoch balanced_accuracy: 0.642628
EPOCH 3:
VALIDATION
valid epoch balanced_accuracy: 0.660256
EPOCH 4:
VALIDATION
valid epoch balanced_accuracy: 0.493590
EPOCH 5:
VALIDATION
valid epoch balanced_accuracy: 0.584936
EPOCH 6:
VALIDATION
valid epoch balanced_accuracy: 0.455128
EPOCH 7:
VALIDATION
valid epoch balanced_accuracy: 0.490385
EPOCH 8:
VALIDATION
valid epoch balanced_accuracy: 0.548077
EPOCH 9:
VALIDATION
valid epoch balanced_accuracy: 0.548077
EPOCH 10:
VALIDATION
valid epoch balanced_accuracy: 0.584936
EPOCH 11:
VALIDATION
valid epoch balanced_accuracy: 0.514423
EPOCH 12:
VALIDATION
valid epoch balanced_accuracy: 0.641026
EPOCH 13:
VALIDATION
valid epoch balanced_accuracy: 0.613782
EPOCH 14:
VALIDATION
valid epoch balanced_accuracy: 0.594551
EPOCH 15:
VALIDATION
valid epoch balanced_accuracy: 0.639423
EPOCH 16:
VALIDATION
valid epoch balanced_accuracy: 0.621795
EPOCH 17:
VALIDATION
valid epoch balanced_accuracy: 0.620192
EPOCH 18:
VALIDATION
valid epoch balanced_accuracy: 0.581731
EPOCH 19:
VALIDATION
valid epoch balanced_accuracy: 0.568910
EPOCH 20:
VALIDATION
valid epoch balanced_accuracy: 0.621795
EPOCH 21:
VALIDATION
valid epoch balanced_accuracy: 0.645833
EPOCH 22:
VALIDATION
valid epoch balanced_accuracy: 0.552885
EPOCH 23:
VALIDATION
valid epoch balanced_accuracy: 0.616987
EPOCH 24:
VALIDATION
valid epoch balanced_accuracy: 0.584936
EPOCH 25:
VALIDATION
valid epoch balanced_accuracy: 0.580128
EPOCH 26:
VALIDATION
valid epoch balanced_accuracy: 0.647436
EPOCH 27:
VALIDATION
valid epoch balanced_accuracy: 0.634615
EPOCH 28:
VALIDATION
valid epoch balanced_accuracy: 0.618590
EPOCH 29:
VALIDATION
valid epoch balanced_accuracy: 0.661859
EPOCH 30:
VALIDATION
valid epoch balanced_accuracy: 0.660256
EPOCH 31:
VALIDATION
valid epoch balanced_accuracy: 0.604167
EPOCH 32:
VALIDATION
valid epoch balanced_accuracy: 0.608974
EPOCH 33:
VALIDATION
valid epoch balanced_accuracy: 0.564103
EPOCH 34:
VALIDATION
valid epoch balanced_accuracy: 0.639423
EPOCH 35:
VALIDATION
valid epoch balanced_accuracy: 0.644231
EPOCH 36:
VALIDATION
valid epoch balanced_accuracy: 0.642628
EPOCH 37:
VALIDATION
valid epoch balanced_accuracy: 0.626603
EPOCH 38:
VALIDATION
valid epoch balanced_accuracy: 0.621795
EPOCH 39:
VALIDATION
valid epoch balanced_accuracy: 0.663462
EPOCH 40:
VALIDATION
valid epoch balanced_accuracy: 0.641026
EPOCH 41:
VALIDATION
valid epoch balanced_accuracy: 0.639423
EPOCH 42:
VALIDATION
valid epoch balanced_accuracy: 0.625000
EPOCH 43:
VALIDATION
valid epoch balanced_accuracy: 0.568910
EPOCH 44:
VALIDATION
valid epoch balanced_accuracy: 0.588141
EPOCH 45:
VALIDATION
valid epoch balanced_accuracy: 0.644231
EPOCH 46:
VALIDATION
valid epoch balanced_accuracy: 0.666667
EPOCH 47:
VALIDATION
valid epoch balanced_accuracy: 0.666667
EPOCH 48:
VALIDATION
valid epoch balanced_accuracy: 0.604167
EPOCH 49:
VALIDATION
valid epoch balanced_accuracy: 0.644231
EPOCH 50:
VALIDATION
valid epoch balanced_accuracy: 0.605769
EPOCH 51:
VALIDATION
valid epoch balanced_accuracy: 0.644231
EPOCH 52:
VALIDATION
valid epoch balanced_accuracy: 0.684295
EPOCH 53:
VALIDATION
valid epoch balanced_accuracy: 0.644231
EPOCH 54:
VALIDATION
valid epoch balanced_accuracy: 0.665064
EPOCH 55:
VALIDATION
valid epoch balanced_accuracy: 0.626603
EPOCH 56:
VALIDATION
valid epoch balanced_accuracy: 0.663462
EPOCH 57:
VALIDATION
valid epoch balanced_accuracy: 0.663462
EPOCH 58:
VALIDATION
valid epoch balanced_accuracy: 0.642628
EPOCH 59:
VALIDATION
valid epoch balanced_accuracy: 0.621795
EPOCH 60:
VALIDATION
valid epoch balanced_accuracy: 0.685897
EPOCH 61:
VALIDATION
valid epoch balanced_accuracy: 0.645833
EPOCH 62:
VALIDATION
valid epoch balanced_accuracy: 0.666667
EPOCH 63:
VALIDATION
valid epoch balanced_accuracy: 0.685897
EPOCH 64:
VALIDATION
valid epoch balanced_accuracy: 0.604167
EPOCH 65:
VALIDATION
valid epoch balanced_accuracy: 0.644231
EPOCH 66:
VALIDATION
valid epoch balanced_accuracy: 0.645833
EPOCH 67:
VALIDATION
valid epoch balanced_accuracy: 0.666667
EPOCH 68:
VALIDATION
valid epoch balanced_accuracy: 0.626603
EPOCH 69:
VALIDATION
valid epoch balanced_accuracy: 0.608974
EPOCH 70:
VALIDATION
valid epoch balanced_accuracy: 0.665064
EPOCH 71:
VALIDATION
valid epoch balanced_accuracy: 0.685897
EPOCH 72:
VALIDATION
valid epoch balanced_accuracy: 0.645833
EPOCH 73:
VALIDATION
valid epoch balanced_accuracy: 0.685897
EPOCH 74:
VALIDATION
valid epoch balanced_accuracy: 0.666667
EPOCH 75:
VALIDATION
valid epoch balanced_accuracy: 0.645833
EPOCH 76:
VALIDATION
valid epoch balanced_accuracy: 0.684295
EPOCH 77:
VALIDATION
valid epoch balanced_accuracy: 0.645833
EPOCH 78:
VALIDATION
valid epoch balanced_accuracy: 0.666667
EPOCH 79:
VALIDATION
valid epoch balanced_accuracy: 0.644231
EPOCH 80:
VALIDATION
valid epoch balanced_accuracy: 0.703526
EPOCH 81:
VALIDATION
valid epoch balanced_accuracy: 0.684295
EPOCH 82:
VALIDATION
valid epoch balanced_accuracy: 0.625000
EPOCH 83:
VALIDATION
valid epoch balanced_accuracy: 0.647436
EPOCH 84:
VALIDATION
valid epoch balanced_accuracy: 0.645833
EPOCH 85:
VALIDATION
valid epoch balanced_accuracy: 0.626603
EPOCH 86:
VALIDATION
valid epoch balanced_accuracy: 0.628205
EPOCH 87:
VALIDATION
valid epoch balanced_accuracy: 0.608974
EPOCH 88:
VALIDATION
valid epoch balanced_accuracy: 0.641026
EPOCH 89:
VALIDATION
valid epoch balanced_accuracy: 0.665064
EPOCH 90:
VALIDATION
valid epoch balanced_accuracy: 0.685897
EPOCH 91:
VALIDATION
valid epoch balanced_accuracy: 0.666667
EPOCH 92:
VALIDATION
valid epoch balanced_accuracy: 0.647436
EPOCH 93:
VALIDATION
valid epoch balanced_accuracy: 0.645833
EPOCH 94:
VALIDATION
valid epoch balanced_accuracy: 0.586538
EPOCH 95:
VALIDATION
valid epoch balanced_accuracy: 0.628205
EPOCH 96:
VALIDATION
valid epoch balanced_accuracy: 0.663462
EPOCH 97:
VALIDATION
valid epoch balanced_accuracy: 0.666667
EPOCH 98:
VALIDATION
valid epoch balanced_accuracy: 0.649038
EPOCH 99:
VALIDATION
valid epoch balanced_accuracy: 0.607372
EPOCH 100:
VALIDATION
valid epoch balanced_accuracy: 0.666667
EPOCH 101:
VALIDATION
valid epoch balanced_accuracy: 0.610577
EPOCH 102:
VALIDATION
valid epoch balanced_accuracy: 0.621795
EPOCH 103:
VALIDATION
valid epoch balanced_accuracy: 0.645833
EPOCH 104:
VALIDATION
valid epoch balanced_accuracy: 0.608974
EPOCH 105:
VALIDATION
valid epoch balanced_accuracy: 0.607372
EPOCH 106:
VALIDATION
valid epoch balanced_accuracy: 0.591346
EPOCH 107:
VALIDATION
valid epoch balanced_accuracy: 0.668269
EPOCH 108:
VALIDATION
valid epoch balanced_accuracy: 0.647436
EPOCH 109:
VALIDATION
valid epoch balanced_accuracy: 0.608974
EPOCH 110:
VALIDATION
valid epoch balanced_accuracy: 0.685897
EPOCH 111:
VALIDATION
valid epoch balanced_accuracy: 0.626603
EPOCH 112:
VALIDATION
valid epoch balanced_accuracy: 0.625000
EPOCH 113:
VALIDATION
valid epoch balanced_accuracy: 0.514423
EPOCH 114:
VALIDATION
valid epoch balanced_accuracy: 0.701923
EPOCH 115:
VALIDATION
valid epoch balanced_accuracy: 0.697115
EPOCH 116:
VALIDATION
valid epoch balanced_accuracy: 0.604167
EPOCH 117:
VALIDATION
valid epoch balanced_accuracy: 0.701923
EPOCH 118:
VALIDATION
valid epoch balanced_accuracy: 0.644231
EPOCH 119:
VALIDATION
valid epoch balanced_accuracy: 0.604167
EPOCH 120:
VALIDATION
valid epoch balanced_accuracy: 0.623397
EPOCH 121:
VALIDATION
valid epoch balanced_accuracy: 0.629808
EPOCH 122:
VALIDATION
valid epoch balanced_accuracy: 0.586538
EPOCH 123:
VALIDATION
valid epoch balanced_accuracy: 0.588141
EPOCH 124:
VALIDATION
valid epoch balanced_accuracy: 0.602564
EPOCH 125:
VALIDATION
valid epoch balanced_accuracy: 0.583333
EPOCH 126:
VALIDATION
valid epoch balanced_accuracy: 0.623397
EPOCH 127:
VALIDATION
valid epoch balanced_accuracy: 0.644231
EPOCH 128:
VALIDATION
valid epoch balanced_accuracy: 0.645833
EPOCH 129:
VALIDATION
valid epoch balanced_accuracy: 0.625000
EPOCH 130:
VALIDATION
valid epoch balanced_accuracy: 0.645833
EPOCH 131:
VALIDATION
valid epoch balanced_accuracy: 0.644231
EPOCH 132:
VALIDATION
valid epoch balanced_accuracy: 0.665064
EPOCH 133:
VALIDATION
valid epoch balanced_accuracy: 0.631410
EPOCH 134:
VALIDATION
valid epoch balanced_accuracy: 0.546474
EARLY STOPPING: rolling validation balanced accuracy did not improve for 60 epochs and validation loss increased over the same window.
accuracy: 0.705882
sensitivity: 0.586207
precision: 0.850000
specificity: 0.863636
IoU: 0.531250
FAR: 0.136364
F1: 0.693878
balanced_accuracy: 0.724922
loss: 0.872463
