
number of parameters : 1075406
train : (1254, 12)
valid : (38, 12)
test : (39, 12)
class weights : [1.1338155269622803, 0.8944365382194519]
data extracted
EPOCH 1:
VALIDATION
valid epoch balanced_accuracy: 0.689286
EPOCH 2:
VALIDATION
valid epoch balanced_accuracy: 0.485714
EPOCH 3:
VALIDATION
valid epoch balanced_accuracy: 0.750000
EPOCH 4:
VALIDATION
valid epoch balanced_accuracy: 0.617857
EPOCH 5:
VALIDATION
valid epoch balanced_accuracy: 0.750000
EPOCH 6:
VALIDATION
valid epoch balanced_accuracy: 0.800000
EPOCH 7:
VALIDATION
valid epoch balanced_accuracy: 0.700000
EPOCH 8:
VALIDATION
valid epoch balanced_accuracy: 0.650000
EPOCH 9:
VALIDATION
valid epoch balanced_accuracy: 0.700000
EPOCH 10:
VALIDATION
valid epoch balanced_accuracy: 0.710714
EPOCH 11:
VALIDATION
valid epoch balanced_accuracy: 0.746429
EPOCH 12:
VALIDATION
valid epoch balanced_accuracy: 0.603571
EPOCH 13:
VALIDATION
valid epoch balanced_accuracy: 0.710714
EPOCH 14:
VALIDATION
valid epoch balanced_accuracy: 0.514286
EPOCH 15:
VALIDATION
valid epoch balanced_accuracy: 0.646429
EPOCH 16:
VALIDATION
valid epoch balanced_accuracy: 0.660714
EPOCH 17:
VALIDATION
valid epoch balanced_accuracy: 0.642857
EPOCH 18:
VALIDATION
valid epoch balanced_accuracy: 0.592857
EPOCH 19:
VALIDATION
valid epoch balanced_accuracy: 0.639286
EPOCH 20:
VALIDATION
valid epoch balanced_accuracy: 0.707143
EPOCH 21:
VALIDATION
valid epoch balanced_accuracy: 0.592857
EPOCH 22:
VALIDATION
valid epoch balanced_accuracy: 0.625000
EPOCH 23:
VALIDATION
valid epoch balanced_accuracy: 0.542857
EPOCH 24:
VALIDATION
valid epoch balanced_accuracy: 0.607143
EPOCH 25:
VALIDATION
valid epoch balanced_accuracy: 0.625000
EPOCH 26:
VALIDATION
valid epoch balanced_accuracy: 0.657143
EPOCH 27:
VALIDATION
valid epoch balanced_accuracy: 0.607143
EPOCH 28:
VALIDATION
valid epoch balanced_accuracy: 0.657143
EPOCH 29:
VALIDATION
valid epoch balanced_accuracy: 0.475000
EPOCH 30:
VALIDATION
valid epoch balanced_accuracy: 0.639286
EPOCH 31:
VALIDATION
valid epoch balanced_accuracy: 0.735714
EPOCH 32:
VALIDATION
valid epoch balanced_accuracy: 0.657143
EPOCH 33:
VALIDATION
valid epoch balanced_accuracy: 0.707143
EPOCH 34:
VALIDATION
valid epoch balanced_accuracy: 0.621429
EPOCH 35:
VALIDATION
valid epoch balanced_accuracy: 0.607143
EPOCH 36:
VALIDATION
valid epoch balanced_accuracy: 0.607143
EPOCH 37:
VALIDATION
valid epoch balanced_accuracy: 0.689286
EPOCH 38:
VALIDATION
valid epoch balanced_accuracy: 0.607143
EPOCH 39:
VALIDATION
valid epoch balanced_accuracy: 0.653571
EPOCH 40:
VALIDATION
valid epoch balanced_accuracy: 0.489286
EPOCH 41:
VALIDATION
valid epoch balanced_accuracy: 0.639286
EPOCH 42:
VALIDATION
valid epoch balanced_accuracy: 0.457143
EPOCH 43:
VALIDATION
valid epoch balanced_accuracy: 0.689286
EPOCH 44:
VALIDATION
valid epoch balanced_accuracy: 0.471429
EPOCH 45:
VALIDATION
valid epoch balanced_accuracy: 0.689286
EPOCH 46:
VALIDATION
valid epoch balanced_accuracy: 0.707143
EPOCH 47:
VALIDATION
valid epoch balanced_accuracy: 0.689286
EPOCH 48:
VALIDATION
valid epoch balanced_accuracy: 0.603571
EPOCH 49:
VALIDATION
valid epoch balanced_accuracy: 0.639286
EPOCH 50:
VALIDATION
valid epoch balanced_accuracy: 0.607143
EPOCH 51:
VALIDATION
valid epoch balanced_accuracy: 0.607143
EPOCH 52:
VALIDATION
valid epoch balanced_accuracy: 0.689286
EPOCH 53:
VALIDATION
valid epoch balanced_accuracy: 0.589286
EPOCH 54:
VALIDATION
valid epoch balanced_accuracy: 0.557143
EPOCH 55:
VALIDATION
valid epoch balanced_accuracy: 0.489286
EPOCH 56:
VALIDATION
valid epoch balanced_accuracy: 0.489286
EPOCH 57:
VALIDATION
valid epoch balanced_accuracy: 0.689286
EPOCH 58:
VALIDATION
valid epoch balanced_accuracy: 0.639286
EPOCH 59:
VALIDATION
valid epoch balanced_accuracy: 0.707143
EPOCH 60:
VALIDATION
valid epoch balanced_accuracy: 0.585714
EPOCH 61:
VALIDATION
valid epoch balanced_accuracy: 0.553571
EPOCH 62:
VALIDATION
valid epoch balanced_accuracy: 0.639286
EPOCH 63:
VALIDATION
valid epoch balanced_accuracy: 0.589286
EPOCH 64:
VALIDATION
valid epoch balanced_accuracy: 0.439286
EPOCH 65:
VALIDATION
valid epoch balanced_accuracy: 0.639286
EPOCH 66:
VALIDATION
valid epoch balanced_accuracy: 0.496429
EPOCH 67:
VALIDATION
valid epoch balanced_accuracy: 0.707143
EARLY STOPPING: rolling validation balanced accuracy did not improve for 60 epochs and validation loss increased over the same window.
accuracy: 0.769231
sensitivity: 1.000000
precision: 0.750000
specificity: 0.250000
IoU: 0.750000
FAR: 0.750000
F1: 0.857143
balanced_accuracy: 0.625000
loss: 0.540531
