
number of parameters : 1075406
train : (1230, 12)
valid : (50, 12)
test : (51, 12)
class weights : [1.162570834159851, 0.8773181438446045]
data extracted
EPOCH 1:
VALIDATION
valid epoch balanced_accuracy: 0.413462
EPOCH 2:
VALIDATION
valid epoch balanced_accuracy: 0.660256
EPOCH 3:
VALIDATION
valid epoch balanced_accuracy: 0.528846
EPOCH 4:
VALIDATION
valid epoch balanced_accuracy: 0.655449
EPOCH 5:
VALIDATION
valid epoch balanced_accuracy: 0.578526
EPOCH 6:
VALIDATION
valid epoch balanced_accuracy: 0.453526
EPOCH 7:
VALIDATION
valid epoch balanced_accuracy: 0.586538
EPOCH 8:
VALIDATION
valid epoch balanced_accuracy: 0.639423
EPOCH 9:
VALIDATION
valid epoch balanced_accuracy: 0.605769
EPOCH 10:
VALIDATION
valid epoch balanced_accuracy: 0.641026
EPOCH 11:
VALIDATION
valid epoch balanced_accuracy: 0.633013
EPOCH 12:
VALIDATION
valid epoch balanced_accuracy: 0.698718
EPOCH 13:
VALIDATION
valid epoch balanced_accuracy: 0.568910
EPOCH 14:
VALIDATION
valid epoch balanced_accuracy: 0.644231
EPOCH 15:
VALIDATION
valid epoch balanced_accuracy: 0.642628
EPOCH 16:
VALIDATION
valid epoch balanced_accuracy: 0.641026
EPOCH 17:
VALIDATION
valid epoch balanced_accuracy: 0.636218
EPOCH 18:
VALIDATION
valid epoch balanced_accuracy: 0.679487
EPOCH 19:
VALIDATION
valid epoch balanced_accuracy: 0.701923
EPOCH 20:
VALIDATION
valid epoch balanced_accuracy: 0.695513
EPOCH 21:
VALIDATION
valid epoch balanced_accuracy: 0.660256
EPOCH 22:
VALIDATION
valid epoch balanced_accuracy: 0.647436
EPOCH 23:
VALIDATION
valid epoch balanced_accuracy: 0.641026
EPOCH 24:
VALIDATION
valid epoch balanced_accuracy: 0.637821
EPOCH 25:
VALIDATION
valid epoch balanced_accuracy: 0.676282
EPOCH 26:
VALIDATION
valid epoch balanced_accuracy: 0.724359
EPOCH 27:
VALIDATION
valid epoch balanced_accuracy: 0.676282
EPOCH 28:
VALIDATION
valid epoch balanced_accuracy: 0.655449
EPOCH 29:
VALIDATION
valid epoch balanced_accuracy: 0.695513
EPOCH 30:
VALIDATION
valid epoch balanced_accuracy: 0.738782
EPOCH 31:
VALIDATION
valid epoch balanced_accuracy: 0.637821
EPOCH 32:
VALIDATION
valid epoch balanced_accuracy: 0.666667
EPOCH 33:
VALIDATION
valid epoch balanced_accuracy: 0.697115
EPOCH 34:
VALIDATION
valid epoch balanced_accuracy: 0.695513
EPOCH 35:
VALIDATION
valid epoch balanced_accuracy: 0.649038
EPOCH 36:
VALIDATION
valid epoch balanced_accuracy: 0.685897
EPOCH 37:
VALIDATION
valid epoch balanced_accuracy: 0.701923
EPOCH 38:
VALIDATION
valid epoch balanced_accuracy: 0.679487
EPOCH 39:
VALIDATION
valid epoch balanced_accuracy: 0.607372
EPOCH 40:
VALIDATION
valid epoch balanced_accuracy: 0.737179
EPOCH 41:
VALIDATION
valid epoch balanced_accuracy: 0.700321
EPOCH 42:
VALIDATION
valid epoch balanced_accuracy: 0.641026
EPOCH 43:
VALIDATION
valid epoch balanced_accuracy: 0.642628
EPOCH 44:
VALIDATION
valid epoch balanced_accuracy: 0.722756
EPOCH 45:
VALIDATION
valid epoch balanced_accuracy: 0.677885
EPOCH 46:
VALIDATION
valid epoch balanced_accuracy: 0.665064
EPOCH 47:
VALIDATION
valid epoch balanced_accuracy: 0.642628
EPOCH 48:
VALIDATION
valid epoch balanced_accuracy: 0.620192
EPOCH 49:
VALIDATION
valid epoch balanced_accuracy: 0.679487
EPOCH 50:
VALIDATION
valid epoch balanced_accuracy: 0.663462
EPOCH 51:
VALIDATION
valid epoch balanced_accuracy: 0.663462
EPOCH 52:
VALIDATION
valid epoch balanced_accuracy: 0.714744
EPOCH 53:
VALIDATION
valid epoch balanced_accuracy: 0.559295
EPOCH 54:
VALIDATION
valid epoch balanced_accuracy: 0.610577
EPOCH 55:
VALIDATION
valid epoch balanced_accuracy: 0.573718
EPOCH 56:
VALIDATION
valid epoch balanced_accuracy: 0.538462
EPOCH 57:
VALIDATION
valid epoch balanced_accuracy: 0.634615
EPOCH 58:
VALIDATION
valid epoch balanced_accuracy: 0.568910
EPOCH 59:
VALIDATION
valid epoch balanced_accuracy: 0.697115
EPOCH 60:
VALIDATION
valid epoch balanced_accuracy: 0.605769
EPOCH 61:
VALIDATION
valid epoch balanced_accuracy: 0.681090
EPOCH 62:
VALIDATION
valid epoch balanced_accuracy: 0.599359
EPOCH 63:
VALIDATION
valid epoch balanced_accuracy: 0.644231
EPOCH 64:
VALIDATION
valid epoch balanced_accuracy: 0.717949
EPOCH 65:
VALIDATION
valid epoch balanced_accuracy: 0.681090
EPOCH 66:
VALIDATION
valid epoch balanced_accuracy: 0.565705
EPOCH 67:
VALIDATION
valid epoch balanced_accuracy: 0.626603
EPOCH 68:
VALIDATION
valid epoch balanced_accuracy: 0.637821
EPOCH 69:
VALIDATION
valid epoch balanced_accuracy: 0.607372
EPOCH 70:
VALIDATION
valid epoch balanced_accuracy: 0.560897
EPOCH 71:
VALIDATION
valid epoch balanced_accuracy: 0.608974
EPOCH 72:
VALIDATION
valid epoch balanced_accuracy: 0.698718
EPOCH 73:
VALIDATION
valid epoch balanced_accuracy: 0.607372
EPOCH 74:
VALIDATION
valid epoch balanced_accuracy: 0.679487
EPOCH 75:
VALIDATION
valid epoch balanced_accuracy: 0.639423
EPOCH 76:
VALIDATION
valid epoch balanced_accuracy: 0.660256
EPOCH 77:
VALIDATION
valid epoch balanced_accuracy: 0.658654
EPOCH 78:
VALIDATION
valid epoch balanced_accuracy: 0.599359
EPOCH 79:
VALIDATION
valid epoch balanced_accuracy: 0.676282
EPOCH 80:
VALIDATION
valid epoch balanced_accuracy: 0.578526
EPOCH 81:
VALIDATION
valid epoch balanced_accuracy: 0.544872
EPOCH 82:
VALIDATION
valid epoch balanced_accuracy: 0.623397
EPOCH 83:
VALIDATION
valid epoch balanced_accuracy: 0.637821
EPOCH 84:
VALIDATION
valid epoch balanced_accuracy: 0.737179
EPOCH 85:
VALIDATION
valid epoch balanced_accuracy: 0.589744
EPOCH 86:
VALIDATION
valid epoch balanced_accuracy: 0.676282
EPOCH 87:
VALIDATION
valid epoch balanced_accuracy: 0.475962
EPOCH 88:
VALIDATION
valid epoch balanced_accuracy: 0.693910
EPOCH 89:
VALIDATION
valid epoch balanced_accuracy: 0.618590
EPOCH 90:
VALIDATION
valid epoch balanced_accuracy: 0.714744
EARLY STOPPING: rolling validation balanced accuracy did not improve for 60 epochs and validation loss increased over the same window.
accuracy: 0.666667
sensitivity: 0.655172
precision: 0.730769
specificity: 0.681818
IoU: 0.527778
FAR: 0.318182
F1: 0.690909
balanced_accuracy: 0.668495
loss: 0.688107
