
number of parameters : 1279114
train : (1382, 12)
valid : (65, 12)
test : (65, 12)
class weights : [1.0, 1.0]
balanced batches : 87 per epoch covering all 1382 train rows, target 8 positive + 8 unlabeled
cache warmed : 35 proteins, 409 lipid encodings, 0 lipid graphs, 131 MiB
data extracted
EPOCH 1:
VALIDATION
valid epoch balanced_accuracy: 0.730076
EPOCH 2:
VALIDATION
valid epoch balanced_accuracy: 0.711101
EPOCH 3:
VALIDATION
valid epoch balanced_accuracy: 0.677419
EPOCH 4:
VALIDATION
valid epoch balanced_accuracy: 0.760911
EPOCH 5:
VALIDATION
valid epoch balanced_accuracy: 0.725806
EPOCH 6:
VALIDATION
valid epoch balanced_accuracy: 0.746205
EPOCH 7:
VALIDATION
valid epoch balanced_accuracy: 0.700664
EPOCH 8:
VALIDATION
valid epoch balanced_accuracy: 0.674099
EPOCH 9:
VALIDATION
valid epoch balanced_accuracy: 0.687381
EPOCH 10:
VALIDATION
valid epoch balanced_accuracy: 0.687381
EPOCH 11:
VALIDATION
valid epoch balanced_accuracy: 0.640417
EPOCH 12:
VALIDATION
valid epoch balanced_accuracy: 0.657970
EPOCH 13:
VALIDATION
valid epoch balanced_accuracy: 0.704934
EPOCH 14:
VALIDATION
valid epoch balanced_accuracy: 0.723909
EPOCH 15:
VALIDATION
valid epoch balanced_accuracy: 0.723909
EPOCH 16:
VALIDATION
valid epoch balanced_accuracy: 0.723909
EPOCH 17:
VALIDATION
valid epoch balanced_accuracy: 0.666509
EPOCH 18:
VALIDATION
valid epoch balanced_accuracy: 0.681214
EPOCH 19:
VALIDATION
valid epoch balanced_accuracy: 0.674099
EPOCH 20:
VALIDATION
valid epoch balanced_accuracy: 0.681214
EPOCH 21:
VALIDATION
valid epoch balanced_accuracy: 0.657970
EPOCH 22:
VALIDATION
valid epoch balanced_accuracy: 0.681214
EPOCH 23:
VALIDATION
valid epoch balanced_accuracy: 0.681214
EPOCH 24:
VALIDATION
valid epoch balanced_accuracy: 0.710626
EPOCH 25:
VALIDATION
valid epoch balanced_accuracy: 0.722486
EPOCH 26:
VALIDATION
valid epoch balanced_accuracy: 0.681214
EPOCH 27:
VALIDATION
valid epoch balanced_accuracy: 0.640417
EPOCH 28:
VALIDATION
valid epoch balanced_accuracy: 0.681214
EPOCH 29:
VALIDATION
valid epoch balanced_accuracy: 0.681214
EPOCH 30:
VALIDATION
valid epoch balanced_accuracy: 0.695920
EPOCH 31:
VALIDATION
valid epoch balanced_accuracy: 0.698767
EPOCH 32:
VALIDATION
valid epoch balanced_accuracy: 0.697343
EPOCH 33:
VALIDATION
valid epoch balanced_accuracy: 0.650380
EPOCH 34:
VALIDATION
valid epoch balanced_accuracy: 0.712049
EPOCH 35:
VALIDATION
valid epoch balanced_accuracy: 0.678368
EPOCH 36:
VALIDATION
valid epoch balanced_accuracy: 0.697343
EPOCH 37:
VALIDATION
valid epoch balanced_accuracy: 0.694497
EPOCH 38:
VALIDATION
valid epoch balanced_accuracy: 0.697343
EPOCH 39:
VALIDATION
valid epoch balanced_accuracy: 0.682638
EPOCH 40:
VALIDATION
valid epoch balanced_accuracy: 0.682638
EPOCH 41:
VALIDATION
valid epoch balanced_accuracy: 0.682638
EPOCH 42:
VALIDATION
valid epoch balanced_accuracy: 0.667932
EPOCH 43:
VALIDATION
valid epoch balanced_accuracy: 0.587287
EPOCH 44:
VALIDATION
valid epoch balanced_accuracy: 0.682638
EPOCH 45:
VALIDATION
valid epoch balanced_accuracy: 0.709203
EPOCH 46:
VALIDATION
valid epoch balanced_accuracy: 0.741461
EPOCH 47:
VALIDATION
valid epoch balanced_accuracy: 0.651803
EPOCH 48:
VALIDATION
valid epoch balanced_accuracy: 0.579696
EPOCH 49:
VALIDATION
valid epoch balanced_accuracy: 0.667932
EPOCH 50:
VALIDATION
valid epoch balanced_accuracy: 0.669355
EPOCH 51:
VALIDATION
valid epoch balanced_accuracy: 0.606262
EPOCH 52:
VALIDATION
valid epoch balanced_accuracy: 0.629981
EPOCH 53:
VALIDATION
valid epoch balanced_accuracy: 0.651803
EPOCH 54:
VALIDATION
valid epoch balanced_accuracy: 0.653226
EPOCH 55:
VALIDATION
valid epoch balanced_accuracy: 0.651803
EPOCH 56:
VALIDATION
valid epoch balanced_accuracy: 0.691651
EPOCH 57:
VALIDATION
valid epoch balanced_accuracy: 0.678368
EPOCH 58:
VALIDATION
valid epoch balanced_accuracy: 0.653226
EPOCH 59:
VALIDATION
valid epoch balanced_accuracy: 0.639943
EPOCH 60:
VALIDATION
valid epoch balanced_accuracy: 0.572581
EPOCH 61:
VALIDATION
valid epoch balanced_accuracy: 0.700190
EPOCH 62:
VALIDATION
valid epoch balanced_accuracy: 0.697343
EPOCH 63:
VALIDATION
valid epoch balanced_accuracy: 0.678368
EPOCH 64:
VALIDATION
valid epoch balanced_accuracy: 0.725332
EPOCH 65:
VALIDATION
valid epoch balanced_accuracy: 0.667932
EPOCH 66:
VALIDATION
valid epoch balanced_accuracy: 0.622391
EPOCH 67:
VALIDATION
valid epoch balanced_accuracy: 0.585389
EPOCH 68:
VALIDATION
valid epoch balanced_accuracy: 0.638520
EPOCH 69:
VALIDATION
valid epoch balanced_accuracy: 0.638520
EPOCH 70:
VALIDATION
valid epoch balanced_accuracy: 0.541271
EPOCH 71:
VALIDATION
valid epoch balanced_accuracy: 0.697343
EPOCH 72:
VALIDATION
valid epoch balanced_accuracy: 0.676945
EPOCH 73:
VALIDATION
valid epoch balanced_accuracy: 0.665085
EPOCH 74:
VALIDATION
valid epoch balanced_accuracy: 0.729602
EPOCH 75:
VALIDATION
valid epoch balanced_accuracy: 0.632827
EPOCH 76:
VALIDATION
valid epoch balanced_accuracy: 0.582543
EPOCH 77:
VALIDATION
valid epoch balanced_accuracy: 0.639943
EPOCH 78:
VALIDATION
valid epoch balanced_accuracy: 0.695920
EPOCH 79:
VALIDATION
valid epoch balanced_accuracy: 0.665085
EPOCH 80:
VALIDATION
valid epoch balanced_accuracy: 0.684061
EPOCH 81:
VALIDATION
valid epoch balanced_accuracy: 0.712049
EPOCH 82:
VALIDATION
valid epoch balanced_accuracy: 0.656072
EPOCH 83:
VALIDATION
valid epoch balanced_accuracy: 0.523719
EPOCH 84:
VALIDATION
valid epoch balanced_accuracy: 0.679791
EPOCH 85:
VALIDATION
valid epoch balanced_accuracy: 0.639943
EPOCH 86:
VALIDATION
valid epoch balanced_accuracy: 0.695920
EPOCH 87:
VALIDATION
valid epoch balanced_accuracy: 0.681214
EPOCH 88:
VALIDATION
valid epoch balanced_accuracy: 0.712049
EPOCH 89:
VALIDATION
valid epoch balanced_accuracy: 0.713472
EPOCH 90:
VALIDATION
valid epoch balanced_accuracy: 0.665085
EPOCH 91:
VALIDATION
valid epoch balanced_accuracy: 0.537002
EPOCH 92:
VALIDATION
valid epoch balanced_accuracy: 0.628083
EPOCH 93:
VALIDATION
valid epoch balanced_accuracy: 0.712049
EPOCH 94:
VALIDATION
valid epoch balanced_accuracy: 0.598672
EPOCH 95:
VALIDATION
valid epoch balanced_accuracy: 0.698767
EPOCH 96:
VALIDATION
valid epoch balanced_accuracy: 0.698767
EPOCH 97:
VALIDATION
valid epoch balanced_accuracy: 0.639943
EPOCH 98:
VALIDATION
valid epoch balanced_accuracy: 0.665085
EPOCH 99:
VALIDATION
valid epoch balanced_accuracy: 0.665085
EPOCH 100:
VALIDATION
valid epoch balanced_accuracy: 0.657495
EPOCH 101:
VALIDATION
valid epoch balanced_accuracy: 0.585389
EPOCH 102:
VALIDATION
valid epoch balanced_accuracy: 0.579696
EPOCH 103:
VALIDATION
valid epoch balanced_accuracy: 0.583966
EPOCH 104:
VALIDATION
valid epoch balanced_accuracy: 0.622391
EPOCH 105:
VALIDATION
valid epoch balanced_accuracy: 0.613378
EPOCH 106:
VALIDATION
valid epoch balanced_accuracy: 0.648956
EPOCH 107:
VALIDATION
valid epoch balanced_accuracy: 0.622391
EPOCH 108:
VALIDATION
valid epoch balanced_accuracy: 0.639943
EPOCH 109:
VALIDATION
valid epoch balanced_accuracy: 0.478178
EPOCH 110:
VALIDATION
valid epoch balanced_accuracy: 0.666509
EPOCH 111:
VALIDATION
valid epoch balanced_accuracy: 0.682638
EPOCH 112:
VALIDATION
valid epoch balanced_accuracy: 0.657495
EPOCH 113:
VALIDATION
valid epoch balanced_accuracy: 0.579696
EPOCH 114:
VALIDATION
valid epoch balanced_accuracy: 0.650380
EPOCH 115:
VALIDATION
valid epoch balanced_accuracy: 0.609108
EPOCH 116:
VALIDATION
valid epoch balanced_accuracy: 0.653226
EPOCH 117:
VALIDATION
valid epoch balanced_accuracy: 0.583966
EPOCH 118:
VALIDATION
valid epoch balanced_accuracy: 0.681214
EPOCH 119:
VALIDATION
valid epoch balanced_accuracy: 0.583966
EPOCH 120:
VALIDATION
valid epoch balanced_accuracy: 0.656072
EPOCH 121:
VALIDATION
valid epoch balanced_accuracy: 0.563567
EPOCH 122:
VALIDATION
valid epoch balanced_accuracy: 0.613378
EPOCH 123:
VALIDATION
valid epoch balanced_accuracy: 0.613378
EPOCH 124:
VALIDATION
valid epoch balanced_accuracy: 0.681214
EPOCH 125:
VALIDATION
valid epoch balanced_accuracy: 0.698767
EPOCH 126:
VALIDATION
valid epoch balanced_accuracy: 0.644213
EPOCH 127:
VALIDATION
valid epoch balanced_accuracy: 0.600569
EPOCH 128:
VALIDATION
valid epoch balanced_accuracy: 0.665085
EPOCH 129:
VALIDATION
valid epoch balanced_accuracy: 0.694497
EPOCH 130:
VALIDATION
valid epoch balanced_accuracy: 0.663662
EPOCH 131:
VALIDATION
valid epoch balanced_accuracy: 0.648956
EPOCH 132:
VALIDATION
valid epoch balanced_accuracy: 0.663662
EPOCH 133:
VALIDATION
valid epoch balanced_accuracy: 0.725332
EPOCH 134:
VALIDATION
valid epoch balanced_accuracy: 0.713472
EPOCH 135:
VALIDATION
valid epoch balanced_accuracy: 0.616698
EPOCH 136:
VALIDATION
valid epoch balanced_accuracy: 0.651803
EPOCH 137:
VALIDATION
valid epoch balanced_accuracy: 0.631404
EPOCH 138:
VALIDATION
valid epoch balanced_accuracy: 0.650380
EPOCH 139:
VALIDATION
valid epoch balanced_accuracy: 0.614801
EPOCH 140:
VALIDATION
valid epoch balanced_accuracy: 0.619545
EPOCH 141:
VALIDATION
valid epoch balanced_accuracy: 0.620968
EPOCH 142:
VALIDATION
valid epoch balanced_accuracy: 0.691651
EPOCH 143:
VALIDATION
valid epoch balanced_accuracy: 0.650380
EPOCH 144:
VALIDATION
valid epoch balanced_accuracy: 0.657970
EPOCH 145:
VALIDATION
valid epoch balanced_accuracy: 0.638520
EPOCH 146:
VALIDATION
valid epoch balanced_accuracy: 0.667932
EPOCH 147:
VALIDATION
valid epoch balanced_accuracy: 0.650380
EPOCH 148:
VALIDATION
valid epoch balanced_accuracy: 0.665085
EPOCH 149:
VALIDATION
valid epoch balanced_accuracy: 0.670778
EPOCH 150:
VALIDATION
valid epoch balanced_accuracy: 0.666509
accuracy: 0.630769
sensitivity: 0.870968
precision: 0.574468
specificity: 0.411765
IoU: 0.529412
FAR: 0.588235
F1: 0.692308
balanced_accuracy: 0.641366
loss: 0.675956
