Waiting for exclusive access to GPU GPU-86f9f34b-a38e-a8e8-7d40-fdd06b86d437.
=== GROUP: IP_trans | VARIANT: nps3mlp_lindas_lipid_isomers | SEED: 3 | GPU: Tesla V100-SXM2-32GB ===

number of parameters : 1403982
train : (1209, 12)
valid : (61, 12)
test : (61, 12)
class weights : [1.1669883728027344, 0.8748190999031067]
data extracted
EPOCH 1:
VALIDATION
valid epoch balanced_accuracy: 0.500000
EPOCH 2:
VALIDATION
valid epoch balanced_accuracy: 0.500000
EPOCH 3:
VALIDATION
valid epoch balanced_accuracy: 0.568280
EPOCH 4:
VALIDATION
valid epoch balanced_accuracy: 0.567742
EPOCH 5:
VALIDATION
valid epoch balanced_accuracy: 0.500000
EPOCH 6:
VALIDATION
valid epoch balanced_accuracy: 0.516667
EPOCH 7:
VALIDATION
valid epoch balanced_accuracy: 0.669355
EPOCH 8:
VALIDATION
valid epoch balanced_accuracy: 0.583333
EPOCH 9:
VALIDATION
valid epoch balanced_accuracy: 0.633871
EPOCH 10:
VALIDATION
valid epoch balanced_accuracy: 0.533871
EPOCH 11:
VALIDATION
valid epoch balanced_accuracy: 0.533333
EPOCH 12:
VALIDATION
valid epoch balanced_accuracy: 0.601613
EPOCH 13:
VALIDATION
valid epoch balanced_accuracy: 0.569892
EPOCH 14:
VALIDATION
valid epoch balanced_accuracy: 0.603226
EPOCH 15:
VALIDATION
valid epoch balanced_accuracy: 0.517204
EPOCH 16:
VALIDATION
valid epoch balanced_accuracy: 0.583871
EPOCH 17:
VALIDATION
valid epoch balanced_accuracy: 0.533871
EPOCH 18:
VALIDATION
valid epoch balanced_accuracy: 0.569355
EPOCH 19:
VALIDATION
valid epoch balanced_accuracy: 0.567742
EPOCH 20:
VALIDATION
valid epoch balanced_accuracy: 0.601075
EPOCH 21:
VALIDATION
valid epoch balanced_accuracy: 0.533333
EPOCH 22:
VALIDATION
valid epoch balanced_accuracy: 0.617742
EPOCH 23:
VALIDATION
valid epoch balanced_accuracy: 0.533333
EPOCH 24:
VALIDATION
valid epoch balanced_accuracy: 0.603763
EPOCH 25:
VALIDATION
valid epoch balanced_accuracy: 0.585484
EPOCH 26:
VALIDATION
valid epoch balanced_accuracy: 0.568280
EPOCH 27:
VALIDATION
valid epoch balanced_accuracy: 0.568817
EPOCH 28:
VALIDATION
valid epoch balanced_accuracy: 0.584946
EPOCH 29:
VALIDATION
valid epoch balanced_accuracy: 0.533871
EPOCH 30:
VALIDATION
valid epoch balanced_accuracy: 0.517204
EPOCH 31:
VALIDATION
valid epoch balanced_accuracy: 0.534409
EPOCH 32:
VALIDATION
valid epoch balanced_accuracy: 0.553226
EPOCH 33:
VALIDATION
valid epoch balanced_accuracy: 0.517204
EPOCH 34:
VALIDATION
valid epoch balanced_accuracy: 0.534409
EPOCH 35:
VALIDATION
valid epoch balanced_accuracy: 0.534409
EPOCH 36:
VALIDATION
valid epoch balanced_accuracy: 0.517204
EPOCH 37:
VALIDATION
valid epoch balanced_accuracy: 0.534946
EPOCH 38:
VALIDATION
valid epoch balanced_accuracy: 0.550538
EPOCH 39:
VALIDATION
valid epoch balanced_accuracy: 0.567742
EPOCH 40:
VALIDATION
valid epoch balanced_accuracy: 0.534409
EPOCH 41:
VALIDATION
valid epoch balanced_accuracy: 0.550538
EPOCH 42:
VALIDATION
valid epoch balanced_accuracy: 0.533871
EPOCH 43:
VALIDATION
valid epoch balanced_accuracy: 0.634946
EPOCH 44:
VALIDATION
valid epoch balanced_accuracy: 0.567204
EPOCH 45:
VALIDATION
valid epoch balanced_accuracy: 0.584409
EPOCH 46:
VALIDATION
valid epoch balanced_accuracy: 0.567204
EPOCH 47:
VALIDATION
valid epoch balanced_accuracy: 0.601613
EPOCH 48:
VALIDATION
valid epoch balanced_accuracy: 0.583333
EPOCH 49:
VALIDATION
valid epoch balanced_accuracy: 0.600538
EPOCH 50:
VALIDATION
valid epoch balanced_accuracy: 0.550538
EPOCH 51:
VALIDATION
valid epoch balanced_accuracy: 0.533871
EPOCH 52:
VALIDATION
valid epoch balanced_accuracy: 0.516667
EPOCH 53:
VALIDATION
valid epoch balanced_accuracy: 0.566667
EPOCH 54:
VALIDATION
valid epoch balanced_accuracy: 0.570430
EPOCH 55:
VALIDATION
valid epoch balanced_accuracy: 0.567204
EPOCH 56:
VALIDATION
valid epoch balanced_accuracy: 0.518817
EPOCH 57:
VALIDATION
valid epoch balanced_accuracy: 0.567204
EPOCH 58:
VALIDATION
valid epoch balanced_accuracy: 0.600538
EPOCH 59:
VALIDATION
valid epoch balanced_accuracy: 0.534409
EPOCH 60:
VALIDATION
valid epoch balanced_accuracy: 0.534946
EPOCH 61:
VALIDATION
valid epoch balanced_accuracy: 0.533871
EPOCH 62:
VALIDATION
valid epoch balanced_accuracy: 0.583871
EPOCH 63:
VALIDATION
valid epoch balanced_accuracy: 0.567204
EPOCH 64:
VALIDATION
valid epoch balanced_accuracy: 0.550538
EPOCH 65:
VALIDATION
valid epoch balanced_accuracy: 0.533871
EPOCH 66:
VALIDATION
valid epoch balanced_accuracy: 0.533871
EPOCH 67:
VALIDATION
valid epoch balanced_accuracy: 0.516667
EPOCH 68:
VALIDATION
valid epoch balanced_accuracy: 0.533333
EPOCH 69:
VALIDATION
valid epoch balanced_accuracy: 0.551075
EPOCH 70:
VALIDATION
valid epoch balanced_accuracy: 0.551075
EPOCH 71:
VALIDATION
valid epoch balanced_accuracy: 0.550538
EPOCH 72:
VALIDATION
valid epoch balanced_accuracy: 0.534409
EPOCH 73:
VALIDATION
valid epoch balanced_accuracy: 0.550538
EPOCH 74:
VALIDATION
valid epoch balanced_accuracy: 0.567204
EPOCH 75:
VALIDATION
valid epoch balanced_accuracy: 0.533871
EPOCH 76:
VALIDATION
valid epoch balanced_accuracy: 0.533871
EPOCH 77:
VALIDATION
valid epoch balanced_accuracy: 0.567204
EPOCH 78:
VALIDATION
valid epoch balanced_accuracy: 0.533871
EPOCH 79:
VALIDATION
valid epoch balanced_accuracy: 0.517204
EPOCH 80:
VALIDATION
valid epoch balanced_accuracy: 0.534946
EPOCH 81:
VALIDATION
valid epoch balanced_accuracy: 0.551075
EPOCH 82:
VALIDATION
valid epoch balanced_accuracy: 0.584946
EPOCH 83:
VALIDATION
valid epoch balanced_accuracy: 0.516667
EPOCH 84:
VALIDATION
valid epoch balanced_accuracy: 0.533333
EPOCH 85:
VALIDATION
valid epoch balanced_accuracy: 0.566667
EPOCH 86:
VALIDATION
valid epoch balanced_accuracy: 0.569355
EPOCH 87:
VALIDATION
valid epoch balanced_accuracy: 0.585484
EPOCH 88:
VALIDATION
valid epoch balanced_accuracy: 0.551613
EPOCH 89:
VALIDATION
valid epoch balanced_accuracy: 0.566667
EPOCH 90:
VALIDATION
valid epoch balanced_accuracy: 0.550000
EPOCH 91:
VALIDATION
valid epoch balanced_accuracy: 0.533333
EPOCH 92:
VALIDATION
valid epoch balanced_accuracy: 0.534409
EPOCH 93:
VALIDATION
valid epoch balanced_accuracy: 0.550000
EPOCH 94:
VALIDATION
valid epoch balanced_accuracy: 0.566667
EPOCH 95:
VALIDATION
valid epoch balanced_accuracy: 0.516667
EPOCH 96:
VALIDATION
valid epoch balanced_accuracy: 0.551613
EPOCH 97:
VALIDATION
valid epoch balanced_accuracy: 0.566667
EPOCH 98:
VALIDATION
valid epoch balanced_accuracy: 0.534409
EPOCH 99:
VALIDATION
valid epoch balanced_accuracy: 0.567204
EPOCH 100:
VALIDATION
valid epoch balanced_accuracy: 0.566667
EPOCH 101:
VALIDATION
valid epoch balanced_accuracy: 0.566667
EPOCH 102:
VALIDATION
valid epoch balanced_accuracy: 0.550538
EPOCH 103:
VALIDATION
valid epoch balanced_accuracy: 0.518280
EPOCH 104:
VALIDATION
valid epoch balanced_accuracy: 0.518817
EPOCH 105:
VALIDATION
valid epoch balanced_accuracy: 0.533871
EPOCH 106:
VALIDATION
valid epoch balanced_accuracy: 0.550000
EPOCH 107:
VALIDATION
valid epoch balanced_accuracy: 0.551075
EPOCH 108:
VALIDATION
valid epoch balanced_accuracy: 0.567204
EPOCH 109:
VALIDATION
valid epoch balanced_accuracy: 0.517204
EPOCH 110:
VALIDATION
valid epoch balanced_accuracy: 0.552151
EPOCH 111:
VALIDATION
valid epoch balanced_accuracy: 0.533333
EPOCH 112:
VALIDATION
valid epoch balanced_accuracy: 0.551075
EPOCH 113:
VALIDATION
valid epoch balanced_accuracy: 0.518280
EPOCH 114:
VALIDATION
valid epoch balanced_accuracy: 0.533871
EPOCH 115:
VALIDATION
valid epoch balanced_accuracy: 0.550538
EPOCH 116:
VALIDATION
valid epoch balanced_accuracy: 0.518280
EPOCH 117:
VALIDATION
valid epoch balanced_accuracy: 0.533871
EPOCH 118:
VALIDATION
valid epoch balanced_accuracy: 0.518280
EPOCH 119:
VALIDATION
valid epoch balanced_accuracy: 0.550000
EPOCH 120:
VALIDATION
valid epoch balanced_accuracy: 0.550538
EPOCH 121:
VALIDATION
valid epoch balanced_accuracy: 0.550538
EPOCH 122:
VALIDATION
valid epoch balanced_accuracy: 0.550000
EPOCH 123:
VALIDATION
valid epoch balanced_accuracy: 0.533333
EPOCH 124:
VALIDATION
valid epoch balanced_accuracy: 0.550538
EPOCH 125:
VALIDATION
valid epoch balanced_accuracy: 0.550538
EPOCH 126:
VALIDATION
valid epoch balanced_accuracy: 0.518280
EPOCH 127:
VALIDATION
valid epoch balanced_accuracy: 0.550000
EPOCH 128:
VALIDATION
valid epoch balanced_accuracy: 0.518280
EPOCH 129:
VALIDATION
valid epoch balanced_accuracy: 0.550000
EPOCH 130:
VALIDATION
valid epoch balanced_accuracy: 0.566667
EPOCH 131:
VALIDATION
valid epoch balanced_accuracy: 0.518280
EPOCH 132:
VALIDATION
valid epoch balanced_accuracy: 0.534409
EPOCH 133:
VALIDATION
valid epoch balanced_accuracy: 0.534409
EPOCH 134:
VALIDATION
valid epoch balanced_accuracy: 0.550000
EPOCH 135:
VALIDATION
valid epoch balanced_accuracy: 0.550538
EPOCH 136:
VALIDATION
valid epoch balanced_accuracy: 0.517742
EPOCH 137:
VALIDATION
valid epoch balanced_accuracy: 0.534409
EPOCH 138:
VALIDATION
valid epoch balanced_accuracy: 0.534409
EPOCH 139:
VALIDATION
valid epoch balanced_accuracy: 0.550538
EPOCH 140:
VALIDATION
valid epoch balanced_accuracy: 0.534409
EPOCH 141:
VALIDATION
valid epoch balanced_accuracy: 0.566667
EPOCH 142:
VALIDATION
valid epoch balanced_accuracy: 0.534409
EPOCH 143:
VALIDATION
valid epoch balanced_accuracy: 0.534409
EPOCH 144:
VALIDATION
valid epoch balanced_accuracy: 0.566667
EPOCH 145:
VALIDATION
valid epoch balanced_accuracy: 0.534946
EPOCH 146:
VALIDATION
valid epoch balanced_accuracy: 0.500000
EPOCH 147:
VALIDATION
valid epoch balanced_accuracy: 0.516667
EPOCH 148:
VALIDATION
valid epoch balanced_accuracy: 0.583871
EPOCH 149:
VALIDATION
valid epoch balanced_accuracy: 0.566667
EPOCH 150:
VALIDATION
valid epoch balanced_accuracy: 0.533333
accuracy: 0.639344
sensitivity: 0.428571
precision: 0.882353
specificity: 0.923077
IoU: 0.405405
FAR: 0.076923
F1: 0.576923
balanced_accuracy: 0.675824
loss: 1.532330
