Waiting for exclusive access to GPU GPU-449666da-2842-bab8-498c-fdc2fdad70da.
=== GROUP: scp2 | VARIANT: dropout0 | SEED: 4 | FINAL_DROPOUT: 0.0 | WEIGHT_DECAY: 1e-5 | GPU: Tesla V100-SXM2-32GB ===

number of parameters : 1075406
train : (1243, 12)
valid : (46, 12)
test : (45, 12)
class weights : [1.1726415157318115, 0.8716689944267273]
data extracted
EPOCH 1:
VALIDATION
valid epoch balanced_accuracy: 0.500000
EPOCH 2:
VALIDATION
valid epoch balanced_accuracy: 0.521739
EPOCH 3:
VALIDATION
valid epoch balanced_accuracy: 0.608696
EPOCH 4:
VALIDATION
valid epoch balanced_accuracy: 0.652174
EPOCH 5:
VALIDATION
valid epoch balanced_accuracy: 0.500000
EPOCH 6:
VALIDATION
valid epoch balanced_accuracy: 0.608696
EPOCH 7:
VALIDATION
valid epoch balanced_accuracy: 0.608696
EPOCH 8:
VALIDATION
valid epoch balanced_accuracy: 0.652174
EPOCH 9:
VALIDATION
valid epoch balanced_accuracy: 0.500000
EPOCH 10:
VALIDATION
valid epoch balanced_accuracy: 0.521739
EPOCH 11:
VALIDATION
valid epoch balanced_accuracy: 0.630435
EPOCH 12:
VALIDATION
valid epoch balanced_accuracy: 0.608696
EPOCH 13:
VALIDATION
valid epoch balanced_accuracy: 0.521739
EPOCH 14:
VALIDATION
valid epoch balanced_accuracy: 0.608696
EPOCH 15:
VALIDATION
valid epoch balanced_accuracy: 0.565217
EPOCH 16:
VALIDATION
valid epoch balanced_accuracy: 0.608696
EPOCH 17:
VALIDATION
valid epoch balanced_accuracy: 0.543478
EPOCH 18:
VALIDATION
valid epoch balanced_accuracy: 0.543478
EPOCH 19:
VALIDATION
valid epoch balanced_accuracy: 0.521739
EPOCH 20:
VALIDATION
valid epoch balanced_accuracy: 0.543478
EPOCH 21:
VALIDATION
valid epoch balanced_accuracy: 0.543478
EPOCH 22:
VALIDATION
valid epoch balanced_accuracy: 0.630435
EPOCH 23:
VALIDATION
valid epoch balanced_accuracy: 0.521739
EPOCH 24:
VALIDATION
valid epoch balanced_accuracy: 0.565217
EPOCH 25:
VALIDATION
valid epoch balanced_accuracy: 0.543478
EPOCH 26:
VALIDATION
valid epoch balanced_accuracy: 0.543478
EPOCH 27:
VALIDATION
valid epoch balanced_accuracy: 0.565217
EPOCH 28:
VALIDATION
valid epoch balanced_accuracy: 0.565217
EPOCH 29:
VALIDATION
valid epoch balanced_accuracy: 0.521739
EPOCH 30:
VALIDATION
valid epoch balanced_accuracy: 0.565217
EPOCH 31:
VALIDATION
valid epoch balanced_accuracy: 0.521739
EPOCH 32:
VALIDATION
valid epoch balanced_accuracy: 0.543478
EPOCH 33:
VALIDATION
valid epoch balanced_accuracy: 0.565217
EPOCH 34:
VALIDATION
valid epoch balanced_accuracy: 0.543478
EPOCH 35:
VALIDATION
valid epoch balanced_accuracy: 0.565217
EPOCH 36:
VALIDATION
valid epoch balanced_accuracy: 0.543478
EPOCH 37:
VALIDATION
valid epoch balanced_accuracy: 0.565217
EPOCH 38:
VALIDATION
valid epoch balanced_accuracy: 0.521739
EPOCH 39:
VALIDATION
valid epoch balanced_accuracy: 0.521739
EPOCH 40:
VALIDATION
valid epoch balanced_accuracy: 0.565217
EPOCH 41:
VALIDATION
valid epoch balanced_accuracy: 0.608696
EPOCH 42:
VALIDATION
valid epoch balanced_accuracy: 0.543478
EPOCH 43:
VALIDATION
valid epoch balanced_accuracy: 0.565217
EPOCH 44:
VALIDATION
valid epoch balanced_accuracy: 0.543478
EPOCH 45:
VALIDATION
valid epoch balanced_accuracy: 0.565217
EPOCH 46:
VALIDATION
valid epoch balanced_accuracy: 0.565217
EPOCH 47:
VALIDATION
valid epoch balanced_accuracy: 0.543478
EPOCH 48:
VALIDATION
valid epoch balanced_accuracy: 0.565217
EPOCH 49:
VALIDATION
valid epoch balanced_accuracy: 0.586957
EPOCH 50:
VALIDATION
valid epoch balanced_accuracy: 0.565217
EPOCH 51:
VALIDATION
valid epoch balanced_accuracy: 0.500000
EPOCH 52:
VALIDATION
valid epoch balanced_accuracy: 0.521739
EPOCH 53:
VALIDATION
valid epoch balanced_accuracy: 0.521739
EPOCH 54:
VALIDATION
valid epoch balanced_accuracy: 0.543478
EPOCH 55:
VALIDATION
valid epoch balanced_accuracy: 0.543478
EPOCH 56:
VALIDATION
valid epoch balanced_accuracy: 0.543478
EPOCH 57:
VALIDATION
valid epoch balanced_accuracy: 0.543478
EPOCH 58:
VALIDATION
valid epoch balanced_accuracy: 0.521739
EPOCH 59:
VALIDATION
valid epoch balanced_accuracy: 0.521739
EPOCH 60:
VALIDATION
valid epoch balanced_accuracy: 0.543478
EPOCH 61:
VALIDATION
valid epoch balanced_accuracy: 0.565217
EPOCH 62:
VALIDATION
valid epoch balanced_accuracy: 0.565217
EPOCH 63:
VALIDATION
valid epoch balanced_accuracy: 0.543478
EPOCH 64:
VALIDATION
valid epoch balanced_accuracy: 0.500000
EPOCH 65:
VALIDATION
valid epoch balanced_accuracy: 0.543478
EPOCH 66:
VALIDATION
valid epoch balanced_accuracy: 0.543478
EPOCH 67:
VALIDATION
valid epoch balanced_accuracy: 0.543478
EPOCH 68:
VALIDATION
valid epoch balanced_accuracy: 0.500000
EARLY STOPPING: rolling validation balanced accuracy did not improve for 60 epochs and validation loss increased over the same window.
accuracy: 0.355556
sensitivity: 0.150000
precision: 0.200000
specificity: 0.520000
IoU: 0.093750
FAR: 0.480000
F1: 0.171429
balanced_accuracy: 0.335000
loss: 1.150414
