
number of parameters : 1075406
train : (1302, 12)
valid : (16, 12)
test : (16, 12)
class weights : [1.1708632707595825, 0.872654139995575]
data extracted
EPOCH 1:
VALIDATION
valid epoch balanced_accuracy: 0.538462
EPOCH 2:
VALIDATION
valid epoch balanced_accuracy: 0.538462
EPOCH 3:
VALIDATION
valid epoch balanced_accuracy: 0.538462
EPOCH 4:
VALIDATION
valid epoch balanced_accuracy: 0.525641
EPOCH 5:
VALIDATION
valid epoch balanced_accuracy: 0.525641
EPOCH 6:
VALIDATION
valid epoch balanced_accuracy: 0.615385
EPOCH 7:
VALIDATION
valid epoch balanced_accuracy: 0.538462
EPOCH 8:
VALIDATION
valid epoch balanced_accuracy: 0.410256
EPOCH 9:
VALIDATION
valid epoch balanced_accuracy: 0.576923
EPOCH 10:
VALIDATION
valid epoch balanced_accuracy: 0.538462
EPOCH 11:
VALIDATION
valid epoch balanced_accuracy: 0.564103
EPOCH 12:
VALIDATION
valid epoch balanced_accuracy: 0.410256
EPOCH 13:
VALIDATION
valid epoch balanced_accuracy: 0.487179
EPOCH 14:
VALIDATION
valid epoch balanced_accuracy: 0.564103
EPOCH 15:
VALIDATION
valid epoch balanced_accuracy: 0.615385
EPOCH 16:
VALIDATION
valid epoch balanced_accuracy: 0.653846
EPOCH 17:
VALIDATION
valid epoch balanced_accuracy: 0.692308
EPOCH 18:
VALIDATION
valid epoch balanced_accuracy: 0.397436
EPOCH 19:
VALIDATION
valid epoch balanced_accuracy: 0.474359
EPOCH 20:
VALIDATION
valid epoch balanced_accuracy: 0.564103
EPOCH 21:
VALIDATION
valid epoch balanced_accuracy: 0.564103
EPOCH 22:
VALIDATION
valid epoch balanced_accuracy: 0.679487
EPOCH 23:
VALIDATION
valid epoch balanced_accuracy: 0.564103
EPOCH 24:
VALIDATION
valid epoch balanced_accuracy: 0.435897
EPOCH 25:
VALIDATION
valid epoch balanced_accuracy: 0.448718
EPOCH 26:
VALIDATION
valid epoch balanced_accuracy: 0.641026
EPOCH 27:
VALIDATION
valid epoch balanced_accuracy: 0.602564
EPOCH 28:
VALIDATION
valid epoch balanced_accuracy: 0.564103
EPOCH 29:
VALIDATION
valid epoch balanced_accuracy: 0.512821
EPOCH 30:
VALIDATION
valid epoch balanced_accuracy: 0.641026
EPOCH 31:
VALIDATION
valid epoch balanced_accuracy: 0.525641
EPOCH 32:
VALIDATION
valid epoch balanced_accuracy: 0.602564
EPOCH 33:
VALIDATION
valid epoch balanced_accuracy: 0.487179
EPOCH 34:
VALIDATION
valid epoch balanced_accuracy: 0.641026
EPOCH 35:
VALIDATION
valid epoch balanced_accuracy: 0.564103
EPOCH 36:
VALIDATION
valid epoch balanced_accuracy: 0.602564
EPOCH 37:
VALIDATION
valid epoch balanced_accuracy: 0.525641
EPOCH 38:
VALIDATION
valid epoch balanced_accuracy: 0.525641
EPOCH 39:
VALIDATION
valid epoch balanced_accuracy: 0.641026
EPOCH 40:
VALIDATION
valid epoch balanced_accuracy: 0.653846
EPOCH 41:
VALIDATION
valid epoch balanced_accuracy: 0.679487
EPOCH 42:
VALIDATION
valid epoch balanced_accuracy: 0.525641
EPOCH 43:
VALIDATION
valid epoch balanced_accuracy: 0.641026
EPOCH 44:
VALIDATION
valid epoch balanced_accuracy: 0.512821
EPOCH 45:
VALIDATION
valid epoch balanced_accuracy: 0.679487
EPOCH 46:
VALIDATION
valid epoch balanced_accuracy: 0.641026
EPOCH 47:
VALIDATION
valid epoch balanced_accuracy: 0.641026
EPOCH 48:
VALIDATION
valid epoch balanced_accuracy: 0.448718
EPOCH 49:
VALIDATION
valid epoch balanced_accuracy: 0.641026
EPOCH 50:
VALIDATION
valid epoch balanced_accuracy: 0.679487
EPOCH 51:
VALIDATION
valid epoch balanced_accuracy: 0.487179
EPOCH 52:
VALIDATION
valid epoch balanced_accuracy: 0.397436
EPOCH 53:
VALIDATION
valid epoch balanced_accuracy: 0.397436
EPOCH 54:
VALIDATION
valid epoch balanced_accuracy: 0.512821
EPOCH 55:
VALIDATION
valid epoch balanced_accuracy: 0.397436
EPOCH 56:
VALIDATION
valid epoch balanced_accuracy: 0.397436
EPOCH 57:
VALIDATION
valid epoch balanced_accuracy: 0.487179
EPOCH 58:
VALIDATION
valid epoch balanced_accuracy: 0.397436
EPOCH 59:
VALIDATION
valid epoch balanced_accuracy: 0.487179
EPOCH 60:
VALIDATION
valid epoch balanced_accuracy: 0.525641
EPOCH 61:
VALIDATION
valid epoch balanced_accuracy: 0.564103
EPOCH 62:
VALIDATION
valid epoch balanced_accuracy: 0.448718
EPOCH 63:
VALIDATION
valid epoch balanced_accuracy: 0.525641
EPOCH 64:
VALIDATION
valid epoch balanced_accuracy: 0.564103
EPOCH 65:
VALIDATION
valid epoch balanced_accuracy: 0.525641
EPOCH 66:
VALIDATION
valid epoch balanced_accuracy: 0.474359
EPOCH 67:
VALIDATION
valid epoch balanced_accuracy: 0.448718
EPOCH 68:
VALIDATION
valid epoch balanced_accuracy: 0.487179
EPOCH 69:
VALIDATION
valid epoch balanced_accuracy: 0.525641
EPOCH 70:
VALIDATION
valid epoch balanced_accuracy: 0.564103
EPOCH 71:
VALIDATION
valid epoch balanced_accuracy: 0.397436
EPOCH 72:
VALIDATION
valid epoch balanced_accuracy: 0.397436
EPOCH 73:
VALIDATION
valid epoch balanced_accuracy: 0.474359
EPOCH 74:
VALIDATION
valid epoch balanced_accuracy: 0.525641
EPOCH 75:
VALIDATION
valid epoch balanced_accuracy: 0.679487
EPOCH 76:
VALIDATION
valid epoch balanced_accuracy: 0.397436
EPOCH 77:
VALIDATION
valid epoch balanced_accuracy: 0.512821
EPOCH 78:
VALIDATION
valid epoch balanced_accuracy: 0.435897
EPOCH 79:
VALIDATION
valid epoch balanced_accuracy: 0.487179
EPOCH 80:
VALIDATION
valid epoch balanced_accuracy: 0.525641
EPOCH 81:
VALIDATION
valid epoch balanced_accuracy: 0.564103
EPOCH 82:
VALIDATION
valid epoch balanced_accuracy: 0.602564
EPOCH 83:
VALIDATION
valid epoch balanced_accuracy: 0.448718
EPOCH 84:
VALIDATION
valid epoch balanced_accuracy: 0.564103
EPOCH 85:
VALIDATION
valid epoch balanced_accuracy: 0.358974
EPOCH 86:
VALIDATION
valid epoch balanced_accuracy: 0.525641
EPOCH 87:
VALIDATION
valid epoch balanced_accuracy: 0.448718
EPOCH 88:
VALIDATION
valid epoch balanced_accuracy: 0.769231
EPOCH 89:
VALIDATION
valid epoch balanced_accuracy: 0.448718
EPOCH 90:
VALIDATION
valid epoch balanced_accuracy: 0.487179
EPOCH 91:
VALIDATION
valid epoch balanced_accuracy: 0.564103
EPOCH 92:
VALIDATION
valid epoch balanced_accuracy: 0.487179
EPOCH 93:
VALIDATION
valid epoch balanced_accuracy: 0.474359
EPOCH 94:
VALIDATION
valid epoch balanced_accuracy: 0.487179
EPOCH 95:
VALIDATION
valid epoch balanced_accuracy: 0.487179
EPOCH 96:
VALIDATION
valid epoch balanced_accuracy: 0.525641
EPOCH 97:
VALIDATION
valid epoch balanced_accuracy: 0.487179
EPOCH 98:
VALIDATION
valid epoch balanced_accuracy: 0.487179
EPOCH 99:
VALIDATION
valid epoch balanced_accuracy: 0.397436
EPOCH 100:
VALIDATION
valid epoch balanced_accuracy: 0.525641
EPOCH 101:
VALIDATION
valid epoch balanced_accuracy: 0.525641
EPOCH 102:
VALIDATION
valid epoch balanced_accuracy: 0.692308
EPOCH 103:
VALIDATION
valid epoch balanced_accuracy: 0.474359
EARLY STOPPING: rolling validation balanced accuracy did not improve for 60 epochs and validation loss increased over the same window.
accuracy: 0.687500
sensitivity: 0.571429
precision: 0.666667
specificity: 0.777778
IoU: 0.444444
FAR: 0.222222
F1: 0.615385
balanced_accuracy: 0.674603
loss: 1.633970
