
number of parameters : 1279114
train : (1332, 12)
valid : (90, 12)
test : (90, 12)
class weights : [1.0, 1.0]
balanced batches : 84 per epoch covering all 1332 train rows, target 8 positive + 8 unlabeled
cache warmed : 35 proteins, 409 lipid encodings, 0 lipid graphs, 131 MiB
data extracted
EPOCH 1:
VALIDATION
valid epoch balanced_accuracy: 0.408103
EPOCH 2:
VALIDATION
valid epoch balanced_accuracy: 0.455040
EPOCH 3:
VALIDATION
valid epoch balanced_accuracy: 0.477273
EPOCH 4:
VALIDATION
valid epoch balanced_accuracy: 0.560771
EPOCH 5:
VALIDATION
valid epoch balanced_accuracy: 0.548913
EPOCH 6:
VALIDATION
valid epoch balanced_accuracy: 0.489625
EPOCH 7:
VALIDATION
valid epoch balanced_accuracy: 0.512352
EPOCH 8:
VALIDATION
valid epoch balanced_accuracy: 0.489625
EPOCH 9:
VALIDATION
valid epoch balanced_accuracy: 0.536067
EPOCH 10:
VALIDATION
valid epoch balanced_accuracy: 0.536561
EPOCH 11:
VALIDATION
valid epoch balanced_accuracy: 0.561265
EPOCH 12:
VALIDATION
valid epoch balanced_accuracy: 0.442688
EPOCH 13:
VALIDATION
valid epoch balanced_accuracy: 0.453063
EPOCH 14:
VALIDATION
valid epoch balanced_accuracy: 0.604743
EPOCH 15:
VALIDATION
valid epoch balanced_accuracy: 0.535079
EPOCH 16:
VALIDATION
valid epoch balanced_accuracy: 0.568676
EPOCH 17:
VALIDATION
valid epoch balanced_accuracy: 0.556818
EPOCH 18:
VALIDATION
valid epoch balanced_accuracy: 0.580040
EPOCH 19:
VALIDATION
valid epoch balanced_accuracy: 0.510375
EPOCH 20:
VALIDATION
valid epoch balanced_accuracy: 0.625988
EPOCH 21:
VALIDATION
valid epoch balanced_accuracy: 0.590415
EPOCH 22:
VALIDATION
valid epoch balanced_accuracy: 0.591897
EPOCH 23:
VALIDATION
valid epoch balanced_accuracy: 0.538538
EPOCH 24:
VALIDATION
valid epoch balanced_accuracy: 0.489625
EPOCH 25:
VALIDATION
valid epoch balanced_accuracy: 0.592885
EPOCH 26:
VALIDATION
valid epoch balanced_accuracy: 0.515316
EPOCH 27:
VALIDATION
valid epoch balanced_accuracy: 0.615613
EPOCH 28:
VALIDATION
valid epoch balanced_accuracy: 0.615119
EPOCH 29:
VALIDATION
valid epoch balanced_accuracy: 0.525198
EPOCH 30:
VALIDATION
valid epoch balanced_accuracy: 0.536067
EPOCH 31:
VALIDATION
valid epoch balanced_accuracy: 0.559289
EPOCH 32:
VALIDATION
valid epoch balanced_accuracy: 0.493083
EPOCH 33:
VALIDATION
valid epoch balanced_accuracy: 0.580534
EPOCH 34:
VALIDATION
valid epoch balanced_accuracy: 0.545949
EPOCH 35:
VALIDATION
valid epoch balanced_accuracy: 0.491601
EPOCH 36:
VALIDATION
valid epoch balanced_accuracy: 0.570158
EPOCH 37:
VALIDATION
valid epoch balanced_accuracy: 0.581028
EPOCH 38:
VALIDATION
valid epoch balanced_accuracy: 0.537549
EPOCH 39:
VALIDATION
valid epoch balanced_accuracy: 0.548419
EPOCH 40:
VALIDATION
valid epoch balanced_accuracy: 0.580534
EPOCH 41:
VALIDATION
valid epoch balanced_accuracy: 0.547431
EPOCH 42:
VALIDATION
valid epoch balanced_accuracy: 0.580040
EPOCH 43:
VALIDATION
valid epoch balanced_accuracy: 0.546937
EPOCH 44:
VALIDATION
valid epoch balanced_accuracy: 0.523221
EPOCH 45:
VALIDATION
valid epoch balanced_accuracy: 0.569664
EPOCH 46:
VALIDATION
valid epoch balanced_accuracy: 0.580534
EPOCH 47:
VALIDATION
valid epoch balanced_accuracy: 0.502964
EPOCH 48:
VALIDATION
valid epoch balanced_accuracy: 0.514822
EPOCH 49:
VALIDATION
valid epoch balanced_accuracy: 0.527174
EPOCH 50:
VALIDATION
valid epoch balanced_accuracy: 0.527174
EPOCH 51:
VALIDATION
valid epoch balanced_accuracy: 0.581028
EPOCH 52:
VALIDATION
valid epoch balanced_accuracy: 0.505929
EPOCH 53:
VALIDATION
valid epoch balanced_accuracy: 0.493083
EPOCH 54:
VALIDATION
valid epoch balanced_accuracy: 0.418478
EPOCH 55:
VALIDATION
valid epoch balanced_accuracy: 0.503953
EPOCH 56:
VALIDATION
valid epoch balanced_accuracy: 0.514328
EPOCH 57:
VALIDATION
valid epoch balanced_accuracy: 0.535573
EPOCH 58:
VALIDATION
valid epoch balanced_accuracy: 0.471344
EPOCH 59:
VALIDATION
valid epoch balanced_accuracy: 0.439229
EPOCH 60:
VALIDATION
valid epoch balanced_accuracy: 0.495059
EPOCH 61:
VALIDATION
valid epoch balanced_accuracy: 0.460474
EPOCH 62:
VALIDATION
valid epoch balanced_accuracy: 0.559289
EPOCH 63:
VALIDATION
valid epoch balanced_accuracy: 0.471838
EPOCH 64:
VALIDATION
valid epoch balanced_accuracy: 0.525692
EPOCH 65:
VALIDATION
valid epoch balanced_accuracy: 0.515810
EPOCH 66:
VALIDATION
valid epoch balanced_accuracy: 0.560277
EPOCH 67:
VALIDATION
valid epoch balanced_accuracy: 0.493577
EPOCH 68:
VALIDATION
valid epoch balanced_accuracy: 0.460968
EPOCH 69:
VALIDATION
valid epoch balanced_accuracy: 0.516304
EPOCH 70:
VALIDATION
valid epoch balanced_accuracy: 0.470356
EPOCH 71:
VALIDATION
valid epoch balanced_accuracy: 0.548913
EPOCH 72:
VALIDATION
valid epoch balanced_accuracy: 0.504447
EPOCH 73:
VALIDATION
valid epoch balanced_accuracy: 0.514328
EPOCH 74:
VALIDATION
valid epoch balanced_accuracy: 0.505929
EPOCH 75:
VALIDATION
valid epoch balanced_accuracy: 0.483202
EPOCH 76:
VALIDATION
valid epoch balanced_accuracy: 0.513834
EPOCH 77:
VALIDATION
valid epoch balanced_accuracy: 0.440711
EPOCH 78:
VALIDATION
valid epoch balanced_accuracy: 0.450593
EPOCH 79:
VALIDATION
valid epoch balanced_accuracy: 0.416502
EPOCH 80:
VALIDATION
valid epoch balanced_accuracy: 0.428854
EPOCH 81:
VALIDATION
valid epoch balanced_accuracy: 0.458498
EPOCH 82:
VALIDATION
valid epoch balanced_accuracy: 0.490119
EPOCH 83:
VALIDATION
valid epoch balanced_accuracy: 0.448617
EPOCH 84:
VALIDATION
valid epoch balanced_accuracy: 0.526186
EPOCH 85:
VALIDATION
valid epoch balanced_accuracy: 0.516304
EPOCH 86:
VALIDATION
valid epoch balanced_accuracy: 0.504447
EPOCH 87:
VALIDATION
valid epoch balanced_accuracy: 0.504941
EPOCH 88:
VALIDATION
valid epoch balanced_accuracy: 0.470356
EPOCH 89:
VALIDATION
valid epoch balanced_accuracy: 0.470356
EPOCH 90:
VALIDATION
valid epoch balanced_accuracy: 0.483202
EPOCH 91:
VALIDATION
valid epoch balanced_accuracy: 0.484684
EPOCH 92:
VALIDATION
valid epoch balanced_accuracy: 0.492589
EPOCH 93:
VALIDATION
valid epoch balanced_accuracy: 0.523715
EPOCH 94:
VALIDATION
valid epoch balanced_accuracy: 0.468379
EPOCH 95:
VALIDATION
valid epoch balanced_accuracy: 0.470850
EPOCH 96:
VALIDATION
valid epoch balanced_accuracy: 0.461462
EPOCH 97:
VALIDATION
valid epoch balanced_accuracy: 0.450593
EPOCH 98:
VALIDATION
valid epoch balanced_accuracy: 0.505929
EPOCH 99:
VALIDATION
valid epoch balanced_accuracy: 0.491107
EPOCH 100:
VALIDATION
valid epoch balanced_accuracy: 0.504447
EPOCH 101:
VALIDATION
valid epoch balanced_accuracy: 0.469368
EPOCH 102:
VALIDATION
valid epoch balanced_accuracy: 0.605731
EPOCH 103:
VALIDATION
valid epoch balanced_accuracy: 0.427866
EPOCH 104:
VALIDATION
valid epoch balanced_accuracy: 0.493083
EPOCH 105:
VALIDATION
valid epoch balanced_accuracy: 0.546937
EPOCH 106:
VALIDATION
valid epoch balanced_accuracy: 0.548419
EPOCH 107:
VALIDATION
valid epoch balanced_accuracy: 0.502964
EPOCH 108:
VALIDATION
valid epoch balanced_accuracy: 0.470850
EPOCH 109:
VALIDATION
valid epoch balanced_accuracy: 0.459980
EPOCH 110:
VALIDATION
valid epoch balanced_accuracy: 0.449605
EPOCH 111:
VALIDATION
valid epoch balanced_accuracy: 0.471344
EPOCH 112:
VALIDATION
valid epoch balanced_accuracy: 0.460968
EPOCH 113:
VALIDATION
valid epoch balanced_accuracy: 0.439229
EPOCH 114:
VALIDATION
valid epoch balanced_accuracy: 0.505435
EPOCH 115:
VALIDATION
valid epoch balanced_accuracy: 0.528656
EPOCH 116:
VALIDATION
valid epoch balanced_accuracy: 0.525198
EPOCH 117:
VALIDATION
valid epoch balanced_accuracy: 0.504941
EPOCH 118:
VALIDATION
valid epoch balanced_accuracy: 0.506917
EPOCH 119:
VALIDATION
valid epoch balanced_accuracy: 0.515810
EPOCH 120:
VALIDATION
valid epoch balanced_accuracy: 0.493577
EPOCH 121:
VALIDATION
valid epoch balanced_accuracy: 0.539032
EPOCH 122:
VALIDATION
valid epoch balanced_accuracy: 0.551383
EPOCH 123:
VALIDATION
valid epoch balanced_accuracy: 0.615613
EPOCH 124:
VALIDATION
valid epoch balanced_accuracy: 0.559289
EPOCH 125:
VALIDATION
valid epoch balanced_accuracy: 0.503458
EPOCH 126:
VALIDATION
valid epoch balanced_accuracy: 0.502964
EPOCH 127:
VALIDATION
valid epoch balanced_accuracy: 0.514328
EPOCH 128:
VALIDATION
valid epoch balanced_accuracy: 0.517292
EPOCH 129:
VALIDATION
valid epoch balanced_accuracy: 0.548419
EPOCH 130:
VALIDATION
valid epoch balanced_accuracy: 0.571640
EPOCH 131:
VALIDATION
valid epoch balanced_accuracy: 0.505435
EPOCH 132:
VALIDATION
valid epoch balanced_accuracy: 0.539032
EPOCH 133:
VALIDATION
valid epoch balanced_accuracy: 0.504447
EPOCH 134:
VALIDATION
valid epoch balanced_accuracy: 0.526680
EPOCH 135:
VALIDATION
valid epoch balanced_accuracy: 0.492095
EPOCH 136:
VALIDATION
valid epoch balanced_accuracy: 0.494565
EPOCH 137:
VALIDATION
valid epoch balanced_accuracy: 0.503458
EPOCH 138:
VALIDATION
valid epoch balanced_accuracy: 0.472332
EPOCH 139:
VALIDATION
valid epoch balanced_accuracy: 0.493083
EPOCH 140:
VALIDATION
valid epoch balanced_accuracy: 0.472826
EPOCH 141:
VALIDATION
valid epoch balanced_accuracy: 0.472332
EPOCH 142:
VALIDATION
valid epoch balanced_accuracy: 0.495553
EPOCH 143:
VALIDATION
valid epoch balanced_accuracy: 0.460968
EPOCH 144:
VALIDATION
valid epoch balanced_accuracy: 0.504941
EPOCH 145:
VALIDATION
valid epoch balanced_accuracy: 0.470356
EPOCH 146:
VALIDATION
valid epoch balanced_accuracy: 0.549901
EPOCH 147:
VALIDATION
valid epoch balanced_accuracy: 0.561759
EPOCH 148:
VALIDATION
valid epoch balanced_accuracy: 0.505929
EPOCH 149:
VALIDATION
valid epoch balanced_accuracy: 0.483202
EPOCH 150:
VALIDATION
valid epoch balanced_accuracy: 0.484190
accuracy: 0.477778
sensitivity: 0.409091
precision: 0.461538
specificity: 0.543478
IoU: 0.276923
FAR: 0.456522
F1: 0.433735
balanced_accuracy: 0.476285
loss: 1.068497
