
number of parameters : 1403984
train : (1382, 12)
valid : (65, 12)
test : (65, 12)
class weights : [1.0, 1.0]
balanced batches : 87 per epoch covering all 1382 train rows, target 8 positive + 8 unlabeled
data extracted
EPOCH 1:
VALIDATION
valid epoch balanced_accuracy: 0.632827
EPOCH 2:
VALIDATION
valid epoch balanced_accuracy: 0.718216
EPOCH 3:
VALIDATION
valid epoch balanced_accuracy: 0.484345
EPOCH 4:
VALIDATION
valid epoch balanced_accuracy: 0.650854
EPOCH 5:
VALIDATION
valid epoch balanced_accuracy: 0.722486
EPOCH 6:
VALIDATION
valid epoch balanced_accuracy: 0.757590
EPOCH 7:
VALIDATION
valid epoch balanced_accuracy: 0.741461
EPOCH 8:
VALIDATION
valid epoch balanced_accuracy: 0.685958
EPOCH 9:
VALIDATION
valid epoch balanced_accuracy: 0.675522
EPOCH 10:
VALIDATION
valid epoch balanced_accuracy: 0.706357
EPOCH 11:
VALIDATION
valid epoch balanced_accuracy: 0.698767
EPOCH 12:
VALIDATION
valid epoch balanced_accuracy: 0.503321
EPOCH 13:
VALIDATION
valid epoch balanced_accuracy: 0.670778
EPOCH 14:
VALIDATION
valid epoch balanced_accuracy: 0.685484
EPOCH 15:
VALIDATION
valid epoch balanced_accuracy: 0.714896
EPOCH 16:
VALIDATION
valid epoch balanced_accuracy: 0.606262
EPOCH 17:
VALIDATION
valid epoch balanced_accuracy: 0.607685
EPOCH 18:
VALIDATION
valid epoch balanced_accuracy: 0.479602
EPOCH 19:
VALIDATION
valid epoch balanced_accuracy: 0.417932
EPOCH 20:
VALIDATION
valid epoch balanced_accuracy: 0.482448
EPOCH 21:
VALIDATION
valid epoch balanced_accuracy: 0.637097
EPOCH 22:
VALIDATION
valid epoch balanced_accuracy: 0.434061
EPOCH 23:
VALIDATION
valid epoch balanced_accuracy: 0.451613
EPOCH 24:
VALIDATION
valid epoch balanced_accuracy: 0.448767
EPOCH 25:
VALIDATION
valid epoch balanced_accuracy: 0.520873
EPOCH 26:
VALIDATION
valid epoch balanced_accuracy: 0.384250
EPOCH 27:
VALIDATION
valid epoch balanced_accuracy: 0.635674
EPOCH 28:
VALIDATION
valid epoch balanced_accuracy: 0.385674
EPOCH 29:
VALIDATION
valid epoch balanced_accuracy: 0.463472
EPOCH 30:
VALIDATION
valid epoch balanced_accuracy: 0.537002
EPOCH 31:
VALIDATION
valid epoch balanced_accuracy: 0.448767
EPOCH 32:
VALIDATION
valid epoch balanced_accuracy: 0.416509
EPOCH 33:
VALIDATION
valid epoch balanced_accuracy: 0.416509
EPOCH 34:
VALIDATION
valid epoch balanced_accuracy: 0.447343
EPOCH 35:
VALIDATION
valid epoch balanced_accuracy: 0.481025
EPOCH 36:
VALIDATION
valid epoch balanced_accuracy: 0.444497
EPOCH 37:
VALIDATION
valid epoch balanced_accuracy: 0.457780
EPOCH 38:
VALIDATION
valid epoch balanced_accuracy: 0.448767
EPOCH 39:
VALIDATION
valid epoch balanced_accuracy: 0.466319
EPOCH 40:
VALIDATION
valid epoch balanced_accuracy: 0.509013
EPOCH 41:
VALIDATION
valid epoch balanced_accuracy: 0.466319
EPOCH 42:
VALIDATION
valid epoch balanced_accuracy: 0.462049
EPOCH 43:
VALIDATION
valid epoch balanced_accuracy: 0.434061
EPOCH 44:
VALIDATION
valid epoch balanced_accuracy: 0.450190
EPOCH 45:
VALIDATION
valid epoch balanced_accuracy: 0.492884
EPOCH 46:
VALIDATION
valid epoch balanced_accuracy: 0.506167
EPOCH 47:
VALIDATION
valid epoch balanced_accuracy: 0.435484
EPOCH 48:
VALIDATION
valid epoch balanced_accuracy: 0.434061
EPOCH 49:
VALIDATION
valid epoch balanced_accuracy: 0.434061
EPOCH 50:
VALIDATION
valid epoch balanced_accuracy: 0.553131
EPOCH 51:
VALIDATION
valid epoch balanced_accuracy: 0.522296
EPOCH 52:
VALIDATION
valid epoch balanced_accuracy: 0.491461
EPOCH 53:
VALIDATION
valid epoch balanced_accuracy: 0.451613
EPOCH 54:
VALIDATION
valid epoch balanced_accuracy: 0.450190
EPOCH 55:
VALIDATION
valid epoch balanced_accuracy: 0.492884
EPOCH 56:
VALIDATION
valid epoch balanced_accuracy: 0.417932
EPOCH 57:
VALIDATION
valid epoch balanced_accuracy: 0.450190
EPOCH 58:
VALIDATION
valid epoch balanced_accuracy: 0.535579
EPOCH 59:
VALIDATION
valid epoch balanced_accuracy: 0.523719
EPOCH 60:
VALIDATION
valid epoch balanced_accuracy: 0.478178
EPOCH 61:
VALIDATION
valid epoch balanced_accuracy: 0.450190
EPOCH 62:
VALIDATION
valid epoch balanced_accuracy: 0.494307
EPOCH 63:
VALIDATION
valid epoch balanced_accuracy: 0.451613
EPOCH 64:
VALIDATION
valid epoch balanced_accuracy: 0.481025
EPOCH 65:
VALIDATION
valid epoch balanced_accuracy: 0.478178
EPOCH 66:
VALIDATION
valid epoch balanced_accuracy: 0.417932
EPOCH 67:
VALIDATION
valid epoch balanced_accuracy: 0.554554
EPOCH 68:
VALIDATION
valid epoch balanced_accuracy: 0.434061
EPOCH 69:
VALIDATION
valid epoch balanced_accuracy: 0.463472
EPOCH 70:
VALIDATION
valid epoch balanced_accuracy: 0.466319
EPOCH 71:
VALIDATION
valid epoch balanced_accuracy: 0.463472
EPOCH 72:
VALIDATION
valid epoch balanced_accuracy: 0.450190
EPOCH 73:
VALIDATION
valid epoch balanced_accuracy: 0.450190
EPOCH 74:
VALIDATION
valid epoch balanced_accuracy: 0.464896
EPOCH 75:
VALIDATION
valid epoch balanced_accuracy: 0.594402
EPOCH 76:
VALIDATION
valid epoch balanced_accuracy: 0.613378
EPOCH 77:
VALIDATION
valid epoch balanced_accuracy: 0.450190
EPOCH 78:
VALIDATION
valid epoch balanced_accuracy: 0.451613
EPOCH 79:
VALIDATION
valid epoch balanced_accuracy: 0.450190
EPOCH 80:
VALIDATION
valid epoch balanced_accuracy: 0.466319
EPOCH 81:
VALIDATION
valid epoch balanced_accuracy: 0.463472
EPOCH 82:
VALIDATION
valid epoch balanced_accuracy: 0.463472
EPOCH 83:
VALIDATION
valid epoch balanced_accuracy: 0.450190
EPOCH 84:
VALIDATION
valid epoch balanced_accuracy: 0.450190
EPOCH 85:
VALIDATION
valid epoch balanced_accuracy: 0.450190
EPOCH 86:
VALIDATION
valid epoch balanced_accuracy: 0.450190
EPOCH 87:
VALIDATION
valid epoch balanced_accuracy: 0.583966
EPOCH 88:
VALIDATION
valid epoch balanced_accuracy: 0.464896
EPOCH 89:
VALIDATION
valid epoch balanced_accuracy: 0.481025
EPOCH 90:
VALIDATION
valid epoch balanced_accuracy: 0.434061
EPOCH 91:
VALIDATION
valid epoch balanced_accuracy: 0.450190
EPOCH 92:
VALIDATION
valid epoch balanced_accuracy: 0.434061
EPOCH 93:
VALIDATION
valid epoch balanced_accuracy: 0.450190
EPOCH 94:
VALIDATION
valid epoch balanced_accuracy: 0.448767
EPOCH 95:
VALIDATION
valid epoch balanced_accuracy: 0.463472
EPOCH 96:
VALIDATION
valid epoch balanced_accuracy: 0.434061
EPOCH 97:
VALIDATION
valid epoch balanced_accuracy: 0.514706
EPOCH 98:
VALIDATION
valid epoch balanced_accuracy: 0.466319
EPOCH 99:
VALIDATION
valid epoch balanced_accuracy: 0.462049
EPOCH 100:
VALIDATION
valid epoch balanced_accuracy: 0.450190
EPOCH 101:
VALIDATION
valid epoch balanced_accuracy: 0.450190
EPOCH 102:
VALIDATION
valid epoch balanced_accuracy: 0.464896
EPOCH 103:
VALIDATION
valid epoch balanced_accuracy: 0.434061
EPOCH 104:
VALIDATION
valid epoch balanced_accuracy: 0.450190
EPOCH 105:
VALIDATION
valid epoch balanced_accuracy: 0.498577
EPOCH 106:
VALIDATION
valid epoch balanced_accuracy: 0.448767
EPOCH 107:
VALIDATION
valid epoch balanced_accuracy: 0.450190
EPOCH 108:
VALIDATION
valid epoch balanced_accuracy: 0.434061
EPOCH 109:
VALIDATION
valid epoch balanced_accuracy: 0.450190
EPOCH 110:
VALIDATION
valid epoch balanced_accuracy: 0.498577
EPOCH 111:
VALIDATION
valid epoch balanced_accuracy: 0.492884
EPOCH 112:
VALIDATION
valid epoch balanced_accuracy: 0.483871
EPOCH 113:
VALIDATION
valid epoch balanced_accuracy: 0.450190
EPOCH 114:
VALIDATION
valid epoch balanced_accuracy: 0.434061
EPOCH 115:
VALIDATION
valid epoch balanced_accuracy: 0.450190
EPOCH 116:
VALIDATION
valid epoch balanced_accuracy: 0.463472
EPOCH 117:
VALIDATION
valid epoch balanced_accuracy: 0.466319
EPOCH 118:
VALIDATION
valid epoch balanced_accuracy: 0.434061
EPOCH 119:
VALIDATION
valid epoch balanced_accuracy: 0.434061
EPOCH 120:
VALIDATION
valid epoch balanced_accuracy: 0.434061
EPOCH 121:
VALIDATION
valid epoch balanced_accuracy: 0.450190
EPOCH 122:
VALIDATION
valid epoch balanced_accuracy: 0.434061
EPOCH 123:
VALIDATION
valid epoch balanced_accuracy: 0.450190
EPOCH 124:
VALIDATION
valid epoch balanced_accuracy: 0.450190
EPOCH 125:
VALIDATION
valid epoch balanced_accuracy: 0.466319
EPOCH 126:
VALIDATION
valid epoch balanced_accuracy: 0.463472
EPOCH 127:
VALIDATION
valid epoch balanced_accuracy: 0.432638
EPOCH 128:
VALIDATION
valid epoch balanced_accuracy: 0.369545
EPOCH 129:
VALIDATION
valid epoch balanced_accuracy: 0.462049
EPOCH 130:
VALIDATION
valid epoch balanced_accuracy: 0.450190
EPOCH 131:
VALIDATION
valid epoch balanced_accuracy: 0.417932
EPOCH 132:
VALIDATION
valid epoch balanced_accuracy: 0.434061
EPOCH 133:
VALIDATION
valid epoch balanced_accuracy: 0.450190
EPOCH 134:
VALIDATION
valid epoch balanced_accuracy: 0.434061
EPOCH 135:
VALIDATION
valid epoch balanced_accuracy: 0.417932
EPOCH 136:
VALIDATION
valid epoch balanced_accuracy: 0.434061
EPOCH 137:
VALIDATION
valid epoch balanced_accuracy: 0.434061
EPOCH 138:
VALIDATION
valid epoch balanced_accuracy: 0.497154
EPOCH 139:
VALIDATION
valid epoch balanced_accuracy: 0.498577
EPOCH 140:
VALIDATION
valid epoch balanced_accuracy: 0.464896
EPOCH 141:
VALIDATION
valid epoch balanced_accuracy: 0.467742
EPOCH 142:
VALIDATION
valid epoch balanced_accuracy: 0.482448
EPOCH 143:
VALIDATION
valid epoch balanced_accuracy: 0.482448
EPOCH 144:
VALIDATION
valid epoch balanced_accuracy: 0.466319
EPOCH 145:
VALIDATION
valid epoch balanced_accuracy: 0.495731
EPOCH 146:
VALIDATION
valid epoch balanced_accuracy: 0.466319
EPOCH 147:
VALIDATION
valid epoch balanced_accuracy: 0.495731
EPOCH 148:
VALIDATION
valid epoch balanced_accuracy: 0.523719
EPOCH 149:
VALIDATION
valid epoch balanced_accuracy: 0.495731
EPOCH 150:
VALIDATION
valid epoch balanced_accuracy: 0.466319
accuracy: 0.507692
sensitivity: 0.419355
precision: 0.481481
specificity: 0.588235
IoU: 0.288889
FAR: 0.411765
F1: 0.448276
balanced_accuracy: 0.503795
loss: 0.878431
