
number of parameters : 1798734
train : (1246, 12)
valid : (42, 12)
test : (43, 12)
class weights : [1.1688555479049683, 0.8737727999687195]
data extracted
EPOCH 1:
VALIDATION
valid epoch balanced_accuracy: 0.538462
EPOCH 2:
VALIDATION
valid epoch balanced_accuracy: 0.718750
EPOCH 3:
VALIDATION
valid epoch balanced_accuracy: 0.564904
EPOCH 4:
VALIDATION
valid epoch balanced_accuracy: 0.600962
EPOCH 5:
VALIDATION
valid epoch balanced_accuracy: 0.562500
EPOCH 6:
VALIDATION
valid epoch balanced_accuracy: 0.562500
EPOCH 7:
VALIDATION
valid epoch balanced_accuracy: 0.569712
EPOCH 8:
VALIDATION
valid epoch balanced_accuracy: 0.487981
EPOCH 9:
VALIDATION
valid epoch balanced_accuracy: 0.548077
EPOCH 10:
VALIDATION
valid epoch balanced_accuracy: 0.536058
EPOCH 11:
VALIDATION
valid epoch balanced_accuracy: 0.521635
EPOCH 12:
VALIDATION
valid epoch balanced_accuracy: 0.533654
EPOCH 13:
VALIDATION
valid epoch balanced_accuracy: 0.572115
EPOCH 14:
VALIDATION
valid epoch balanced_accuracy: 0.516827
EPOCH 15:
VALIDATION
valid epoch balanced_accuracy: 0.512019
EPOCH 16:
VALIDATION
valid epoch balanced_accuracy: 0.567308
EPOCH 17:
VALIDATION
valid epoch balanced_accuracy: 0.536058
EPOCH 18:
VALIDATION
valid epoch balanced_accuracy: 0.536058
EPOCH 19:
VALIDATION
valid epoch balanced_accuracy: 0.548077
EPOCH 20:
VALIDATION
valid epoch balanced_accuracy: 0.533654
EPOCH 21:
VALIDATION
valid epoch balanced_accuracy: 0.598558
EPOCH 22:
VALIDATION
valid epoch balanced_accuracy: 0.567308
EPOCH 23:
VALIDATION
valid epoch balanced_accuracy: 0.516827
EPOCH 24:
VALIDATION
valid epoch balanced_accuracy: 0.536058
EPOCH 25:
VALIDATION
valid epoch balanced_accuracy: 0.521635
EPOCH 26:
VALIDATION
valid epoch balanced_accuracy: 0.521635
EPOCH 27:
VALIDATION
valid epoch balanced_accuracy: 0.548077
EPOCH 28:
VALIDATION
valid epoch balanced_accuracy: 0.528846
EPOCH 29:
VALIDATION
valid epoch balanced_accuracy: 0.504808
EPOCH 30:
VALIDATION
valid epoch balanced_accuracy: 0.603365
EPOCH 31:
VALIDATION
valid epoch balanced_accuracy: 0.584135
EPOCH 32:
VALIDATION
valid epoch balanced_accuracy: 0.552885
EPOCH 33:
VALIDATION
valid epoch balanced_accuracy: 0.555288
EPOCH 34:
VALIDATION
valid epoch balanced_accuracy: 0.548077
EPOCH 35:
VALIDATION
valid epoch balanced_accuracy: 0.591346
EPOCH 36:
VALIDATION
valid epoch balanced_accuracy: 0.540865
EPOCH 37:
VALIDATION
valid epoch balanced_accuracy: 0.560096
EPOCH 38:
VALIDATION
valid epoch balanced_accuracy: 0.598558
EPOCH 39:
VALIDATION
valid epoch balanced_accuracy: 0.536058
EPOCH 40:
VALIDATION
valid epoch balanced_accuracy: 0.528846
EPOCH 41:
VALIDATION
valid epoch balanced_accuracy: 0.598558
EPOCH 42:
VALIDATION
valid epoch balanced_accuracy: 0.497596
EPOCH 43:
VALIDATION
valid epoch balanced_accuracy: 0.536058
EPOCH 44:
VALIDATION
valid epoch balanced_accuracy: 0.560096
EPOCH 45:
VALIDATION
valid epoch balanced_accuracy: 0.497596
EPOCH 46:
VALIDATION
valid epoch balanced_accuracy: 0.471154
EPOCH 47:
VALIDATION
valid epoch balanced_accuracy: 0.572115
EPOCH 48:
VALIDATION
valid epoch balanced_accuracy: 0.528846
EPOCH 49:
VALIDATION
valid epoch balanced_accuracy: 0.584135
EPOCH 50:
VALIDATION
valid epoch balanced_accuracy: 0.471154
EPOCH 51:
VALIDATION
valid epoch balanced_accuracy: 0.509615
EPOCH 52:
VALIDATION
valid epoch balanced_accuracy: 0.536058
EPOCH 53:
VALIDATION
valid epoch balanced_accuracy: 0.552885
EPOCH 54:
VALIDATION
valid epoch balanced_accuracy: 0.564904
EPOCH 55:
VALIDATION
valid epoch balanced_accuracy: 0.509615
EPOCH 56:
VALIDATION
valid epoch balanced_accuracy: 0.567308
EPOCH 57:
VALIDATION
valid epoch balanced_accuracy: 0.497596
EPOCH 58:
VALIDATION
valid epoch balanced_accuracy: 0.497596
EPOCH 59:
VALIDATION
valid epoch balanced_accuracy: 0.497596
EPOCH 60:
VALIDATION
valid epoch balanced_accuracy: 0.497596
EPOCH 61:
VALIDATION
valid epoch balanced_accuracy: 0.497596
EPOCH 62:
VALIDATION
valid epoch balanced_accuracy: 0.497596
EPOCH 63:
VALIDATION
valid epoch balanced_accuracy: 0.478365
EPOCH 64:
VALIDATION
valid epoch balanced_accuracy: 0.490385
EPOCH 65:
VALIDATION
valid epoch balanced_accuracy: 0.497596
EPOCH 66:
VALIDATION
valid epoch balanced_accuracy: 0.536058
EPOCH 67:
VALIDATION
valid epoch balanced_accuracy: 0.497596
EPOCH 68:
VALIDATION
valid epoch balanced_accuracy: 0.536058
EPOCH 69:
VALIDATION
valid epoch balanced_accuracy: 0.497596
EPOCH 70:
VALIDATION
valid epoch balanced_accuracy: 0.536058
EPOCH 71:
VALIDATION
valid epoch balanced_accuracy: 0.497596
EPOCH 72:
VALIDATION
valid epoch balanced_accuracy: 0.516827
EPOCH 73:
VALIDATION
valid epoch balanced_accuracy: 0.509615
EPOCH 74:
VALIDATION
valid epoch balanced_accuracy: 0.516827
EPOCH 75:
VALIDATION
valid epoch balanced_accuracy: 0.629808
EPOCH 76:
VALIDATION
valid epoch balanced_accuracy: 0.509615
EPOCH 77:
VALIDATION
valid epoch balanced_accuracy: 0.528846
EPOCH 78:
VALIDATION
valid epoch balanced_accuracy: 0.572115
EPOCH 79:
VALIDATION
valid epoch balanced_accuracy: 0.536058
EPOCH 80:
VALIDATION
valid epoch balanced_accuracy: 0.540865
EPOCH 81:
VALIDATION
valid epoch balanced_accuracy: 0.497596
EPOCH 82:
VALIDATION
valid epoch balanced_accuracy: 0.528846
EPOCH 83:
VALIDATION
valid epoch balanced_accuracy: 0.492788
EPOCH 84:
VALIDATION
valid epoch balanced_accuracy: 0.497596
EPOCH 85:
VALIDATION
valid epoch balanced_accuracy: 0.516827
EPOCH 86:
VALIDATION
valid epoch balanced_accuracy: 0.536058
EPOCH 87:
VALIDATION
valid epoch balanced_accuracy: 0.497596
EPOCH 88:
VALIDATION
valid epoch balanced_accuracy: 0.497596
EPOCH 89:
VALIDATION
valid epoch balanced_accuracy: 0.497596
EPOCH 90:
VALIDATION
valid epoch balanced_accuracy: 0.536058
EPOCH 91:
VALIDATION
valid epoch balanced_accuracy: 0.516827
EPOCH 92:
VALIDATION
valid epoch balanced_accuracy: 0.497596
EPOCH 93:
VALIDATION
valid epoch balanced_accuracy: 0.516827
EPOCH 94:
VALIDATION
valid epoch balanced_accuracy: 0.528846
EPOCH 95:
VALIDATION
valid epoch balanced_accuracy: 0.516827
EPOCH 96:
VALIDATION
valid epoch balanced_accuracy: 0.528846
EPOCH 97:
VALIDATION
valid epoch balanced_accuracy: 0.540865
EPOCH 98:
VALIDATION
valid epoch balanced_accuracy: 0.512019
EPOCH 99:
VALIDATION
valid epoch balanced_accuracy: 0.497596
EPOCH 100:
VALIDATION
valid epoch balanced_accuracy: 0.516827
EPOCH 101:
VALIDATION
valid epoch balanced_accuracy: 0.516827
EPOCH 102:
VALIDATION
valid epoch balanced_accuracy: 0.516827
EPOCH 103:
VALIDATION
valid epoch balanced_accuracy: 0.516827
EPOCH 104:
VALIDATION
valid epoch balanced_accuracy: 0.497596
EPOCH 105:
VALIDATION
valid epoch balanced_accuracy: 0.516827
EPOCH 106:
VALIDATION
valid epoch balanced_accuracy: 0.509615
EPOCH 107:
VALIDATION
valid epoch balanced_accuracy: 0.497596
EPOCH 108:
VALIDATION
valid epoch balanced_accuracy: 0.504808
EPOCH 109:
VALIDATION
valid epoch balanced_accuracy: 0.555288
EPOCH 110:
VALIDATION
valid epoch balanced_accuracy: 0.497596
EPOCH 111:
VALIDATION
valid epoch balanced_accuracy: 0.497596
EPOCH 112:
VALIDATION
valid epoch balanced_accuracy: 0.516827
EPOCH 113:
VALIDATION
valid epoch balanced_accuracy: 0.516827
EPOCH 114:
VALIDATION
valid epoch balanced_accuracy: 0.516827
EPOCH 115:
VALIDATION
valid epoch balanced_accuracy: 0.516827
EPOCH 116:
VALIDATION
valid epoch balanced_accuracy: 0.516827
EPOCH 117:
VALIDATION
valid epoch balanced_accuracy: 0.516827
EPOCH 118:
VALIDATION
valid epoch balanced_accuracy: 0.516827
EPOCH 119:
VALIDATION
valid epoch balanced_accuracy: 0.516827
EPOCH 120:
VALIDATION
valid epoch balanced_accuracy: 0.516827
EPOCH 121:
VALIDATION
valid epoch balanced_accuracy: 0.516827
EPOCH 122:
VALIDATION
valid epoch balanced_accuracy: 0.516827
EPOCH 123:
VALIDATION
valid epoch balanced_accuracy: 0.516827
EPOCH 124:
VALIDATION
valid epoch balanced_accuracy: 0.516827
EPOCH 125:
VALIDATION
valid epoch balanced_accuracy: 0.516827
EPOCH 126:
VALIDATION
valid epoch balanced_accuracy: 0.516827
EPOCH 127:
VALIDATION
valid epoch balanced_accuracy: 0.516827
EPOCH 128:
VALIDATION
valid epoch balanced_accuracy: 0.516827
EPOCH 129:
VALIDATION
valid epoch balanced_accuracy: 0.516827
EPOCH 130:
VALIDATION
valid epoch balanced_accuracy: 0.516827
EPOCH 131:
VALIDATION
valid epoch balanced_accuracy: 0.516827
EPOCH 132:
VALIDATION
valid epoch balanced_accuracy: 0.516827
EPOCH 133:
VALIDATION
valid epoch balanced_accuracy: 0.516827
EPOCH 134:
VALIDATION
valid epoch balanced_accuracy: 0.516827
EPOCH 135:
VALIDATION
valid epoch balanced_accuracy: 0.516827
EPOCH 136:
VALIDATION
valid epoch balanced_accuracy: 0.516827
EPOCH 137:
VALIDATION
valid epoch balanced_accuracy: 0.516827
EPOCH 138:
VALIDATION
valid epoch balanced_accuracy: 0.516827
EPOCH 139:
VALIDATION
valid epoch balanced_accuracy: 0.516827
EPOCH 140:
VALIDATION
valid epoch balanced_accuracy: 0.516827
EPOCH 141:
VALIDATION
valid epoch balanced_accuracy: 0.516827
EPOCH 142:
VALIDATION
valid epoch balanced_accuracy: 0.516827
EPOCH 143:
VALIDATION
valid epoch balanced_accuracy: 0.516827
EPOCH 144:
VALIDATION
valid epoch balanced_accuracy: 0.516827
EPOCH 145:
VALIDATION
valid epoch balanced_accuracy: 0.516827
EPOCH 146:
VALIDATION
valid epoch balanced_accuracy: 0.516827
EPOCH 147:
VALIDATION
valid epoch balanced_accuracy: 0.516827
EPOCH 148:
VALIDATION
valid epoch balanced_accuracy: 0.516827
EPOCH 149:
VALIDATION
valid epoch balanced_accuracy: 0.516827
EPOCH 150:
VALIDATION
valid epoch balanced_accuracy: 0.516827
accuracy: 0.697674
sensitivity: 0.888889
precision: 0.705882
specificity: 0.375000
IoU: 0.648649
FAR: 0.625000
F1: 0.786885
balanced_accuracy: 0.631944
loss: 0.630750
