
number of parameters : 1403984
train : (1492, 12)
valid : (10, 12)
test : (10, 12)
PU rho : 0.525000
class weights : [1.0, 1.0]
balanced batches : 94 per epoch covering all 1492 train rows, target 8 positive + 8 unlabeled
data extracted
EPOCH 1:
PU nnPU correction: 0/94 batches, min negative_loss=0.258131, mean negative_loss=0.302607
VALIDATION
valid epoch balanced_accuracy: 0.625000
EPOCH 2:
PU nnPU correction: 0/94 batches, min negative_loss=0.152313, mean negative_loss=0.314741
VALIDATION
valid epoch balanced_accuracy: 0.625000
EPOCH 3:
PU nnPU correction: 0/94 batches, min negative_loss=0.053504, mean negative_loss=0.347286
VALIDATION
valid epoch balanced_accuracy: 0.625000
EPOCH 4:
PU nnPU correction: 0/94 batches, min negative_loss=0.000369, mean negative_loss=0.271658
VALIDATION
valid epoch balanced_accuracy: 0.500000
EPOCH 5:
PU nnPU correction: 0/94 batches, min negative_loss=0.000241, mean negative_loss=0.000869
VALIDATION
valid epoch balanced_accuracy: 0.500000
EPOCH 6:
PU nnPU correction: 0/94 batches, min negative_loss=0.000841, mean negative_loss=0.038948
VALIDATION
valid epoch balanced_accuracy: 0.625000
EPOCH 7:
PU nnPU correction: 0/94 batches, min negative_loss=0.000125, mean negative_loss=0.152172
VALIDATION
valid epoch balanced_accuracy: 0.500000
EPOCH 8:
PU nnPU correction: 0/94 batches, min negative_loss=0.000174, mean negative_loss=0.000562
VALIDATION
valid epoch balanced_accuracy: 0.500000
EPOCH 9:
PU nnPU correction: 0/94 batches, min negative_loss=0.000327, mean negative_loss=0.000905
VALIDATION
valid epoch balanced_accuracy: 0.500000
EPOCH 10:
PU nnPU correction: 0/94 batches, min negative_loss=0.000656, mean negative_loss=0.002122
VALIDATION
valid epoch balanced_accuracy: 0.500000
EPOCH 11:
PU nnPU correction: 0/94 batches, min negative_loss=0.001946, mean negative_loss=0.113265
VALIDATION
valid epoch balanced_accuracy: 0.583333
EPOCH 12:
PU nnPU correction: 2/94 batches, min negative_loss=-0.005460, mean negative_loss=0.267852
VALIDATION
valid epoch balanced_accuracy: 0.500000
EPOCH 13:
PU nnPU correction: 3/94 batches, min negative_loss=-0.003766, mean negative_loss=0.157910
VALIDATION
valid epoch balanced_accuracy: 0.500000
EPOCH 14:
PU nnPU correction: 0/94 batches, min negative_loss=0.001004, mean negative_loss=0.007390
VALIDATION
valid epoch balanced_accuracy: 0.500000
EPOCH 15:
PU nnPU correction: 0/94 batches, min negative_loss=0.016847, mean negative_loss=0.231471
VALIDATION
valid epoch balanced_accuracy: 0.583333
EPOCH 16:
PU nnPU correction: 0/94 batches, min negative_loss=0.041803, mean negative_loss=0.307405
VALIDATION
valid epoch balanced_accuracy: 0.625000
EPOCH 17:
PU nnPU correction: 0/94 batches, min negative_loss=0.102231, mean negative_loss=0.314504
VALIDATION
valid epoch balanced_accuracy: 0.541667
EPOCH 18:
PU nnPU correction: 0/94 batches, min negative_loss=0.103720, mean negative_loss=0.318203
VALIDATION
valid epoch balanced_accuracy: 0.625000
EPOCH 19:
PU nnPU correction: 0/94 batches, min negative_loss=0.048667, mean negative_loss=0.333906
VALIDATION
valid epoch balanced_accuracy: 0.500000
EPOCH 20:
PU nnPU correction: 0/94 batches, min negative_loss=0.162731, mean negative_loss=0.381887
VALIDATION
valid epoch balanced_accuracy: 0.625000
EPOCH 21:
PU nnPU correction: 0/94 batches, min negative_loss=0.103639, mean negative_loss=0.313946
VALIDATION
valid epoch balanced_accuracy: 0.625000
EPOCH 22:
PU nnPU correction: 0/94 batches, min negative_loss=0.103221, mean negative_loss=0.300685
VALIDATION
valid epoch balanced_accuracy: 0.458333
EPOCH 23:
PU nnPU correction: 0/94 batches, min negative_loss=0.055712, mean negative_loss=0.301683
VALIDATION
valid epoch balanced_accuracy: 0.625000
EPOCH 24:
PU nnPU correction: 0/94 batches, min negative_loss=0.100041, mean negative_loss=0.316659
VALIDATION
valid epoch balanced_accuracy: 0.458333
EPOCH 25:
PU nnPU correction: 0/94 batches, min negative_loss=0.038390, mean negative_loss=0.298357
VALIDATION
valid epoch balanced_accuracy: 0.625000
EPOCH 26:
PU nnPU correction: 0/94 batches, min negative_loss=0.106261, mean negative_loss=0.293816
VALIDATION
valid epoch balanced_accuracy: 0.541667
EPOCH 27:
PU nnPU correction: 0/94 batches, min negative_loss=0.103141, mean negative_loss=0.340753
VALIDATION
valid epoch balanced_accuracy: 0.625000
EPOCH 28:
PU nnPU correction: 0/94 batches, min negative_loss=0.044598, mean negative_loss=0.324267
VALIDATION
valid epoch balanced_accuracy: 0.625000
EPOCH 29:
PU nnPU correction: 0/94 batches, min negative_loss=0.103136, mean negative_loss=0.324664
VALIDATION
valid epoch balanced_accuracy: 0.625000
EPOCH 30:
PU nnPU correction: 0/94 batches, min negative_loss=0.037269, mean negative_loss=0.324685
VALIDATION
valid epoch balanced_accuracy: 0.625000
EPOCH 31:
PU nnPU correction: 0/94 batches, min negative_loss=0.162502, mean negative_loss=0.324170
VALIDATION
valid epoch balanced_accuracy: 0.625000
EPOCH 32:
PU nnPU correction: 0/94 batches, min negative_loss=0.165635, mean negative_loss=0.324123
VALIDATION
valid epoch balanced_accuracy: 0.625000
EPOCH 33:
PU nnPU correction: 0/94 batches, min negative_loss=0.161993, mean negative_loss=0.323749
VALIDATION
valid epoch balanced_accuracy: 0.541667
EPOCH 34:
PU nnPU correction: 4/94 batches, min negative_loss=-0.015457, mean negative_loss=0.103163
VALIDATION
valid epoch balanced_accuracy: 0.500000
EPOCH 35:
PU nnPU correction: 1/94 batches, min negative_loss=-0.000000, mean negative_loss=0.000001
VALIDATION
valid epoch balanced_accuracy: 0.500000
EPOCH 36:
PU nnPU correction: 2/94 batches, min negative_loss=-0.000001, mean negative_loss=0.000001
VALIDATION
valid epoch balanced_accuracy: 0.500000
EPOCH 37:
PU nnPU correction: 2/94 batches, min negative_loss=-0.000001, mean negative_loss=0.000001
VALIDATION
valid epoch balanced_accuracy: 0.500000
EPOCH 38:
PU nnPU correction: 1/94 batches, min negative_loss=-0.000000, mean negative_loss=0.000001
VALIDATION
valid epoch balanced_accuracy: 0.500000
EPOCH 39:
PU nnPU correction: 0/94 batches, min negative_loss=0.000000, mean negative_loss=0.000001
VALIDATION
valid epoch balanced_accuracy: 0.500000
EPOCH 40:
PU nnPU correction: 1/94 batches, min negative_loss=-0.000000, mean negative_loss=0.000002
VALIDATION
valid epoch balanced_accuracy: 0.500000
EPOCH 41:
PU nnPU correction: 2/94 batches, min negative_loss=-0.000000, mean negative_loss=0.000001
VALIDATION
valid epoch balanced_accuracy: 0.500000
EPOCH 42:
PU nnPU correction: 1/94 batches, min negative_loss=-0.000000, mean negative_loss=0.000001
VALIDATION
valid epoch balanced_accuracy: 0.500000
EPOCH 43:
PU nnPU correction: 0/94 batches, min negative_loss=0.000000, mean negative_loss=0.000001
VALIDATION
valid epoch balanced_accuracy: 0.500000
EPOCH 44:
PU nnPU correction: 2/94 batches, min negative_loss=-0.000001, mean negative_loss=0.000001
VALIDATION
valid epoch balanced_accuracy: 0.500000
EPOCH 45:
PU nnPU correction: 0/94 batches, min negative_loss=0.000000, mean negative_loss=0.000001
VALIDATION
valid epoch balanced_accuracy: 0.500000
EPOCH 46:
PU nnPU correction: 0/94 batches, min negative_loss=0.000000, mean negative_loss=0.000002
VALIDATION
valid epoch balanced_accuracy: 0.500000
EPOCH 47:
PU nnPU correction: 2/94 batches, min negative_loss=-0.000001, mean negative_loss=0.000002
VALIDATION
valid epoch balanced_accuracy: 0.500000
EPOCH 48:
PU nnPU correction: 1/94 batches, min negative_loss=-0.000000, mean negative_loss=0.000002
VALIDATION
valid epoch balanced_accuracy: 0.500000
EPOCH 49:
PU nnPU correction: 0/94 batches, min negative_loss=0.000000, mean negative_loss=0.000002
VALIDATION
valid epoch balanced_accuracy: 0.500000
EPOCH 50:
PU nnPU correction: 0/94 batches, min negative_loss=0.000000, mean negative_loss=0.000002
VALIDATION
valid epoch balanced_accuracy: 0.500000
EPOCH 51:
PU nnPU correction: 2/94 batches, min negative_loss=-0.000000, mean negative_loss=0.000002
VALIDATION
valid epoch balanced_accuracy: 0.500000
EPOCH 52:
PU nnPU correction: 1/94 batches, min negative_loss=-0.000000, mean negative_loss=0.000002
VALIDATION
valid epoch balanced_accuracy: 0.500000
EPOCH 53:
PU nnPU correction: 0/94 batches, min negative_loss=0.000000, mean negative_loss=0.000002
VALIDATION
valid epoch balanced_accuracy: 0.500000
EPOCH 54:
PU nnPU correction: 3/94 batches, min negative_loss=-0.000001, mean negative_loss=0.000003
VALIDATION
valid epoch balanced_accuracy: 0.500000
EPOCH 55:
PU nnPU correction: 1/94 batches, min negative_loss=-0.000000, mean negative_loss=0.000003
VALIDATION
valid epoch balanced_accuracy: 0.500000
EPOCH 56:
PU nnPU correction: 0/94 batches, min negative_loss=0.000000, mean negative_loss=0.000003
VALIDATION
valid epoch balanced_accuracy: 0.500000
EPOCH 57:
PU nnPU correction: 1/94 batches, min negative_loss=-0.000000, mean negative_loss=0.000004
VALIDATION
valid epoch balanced_accuracy: 0.500000
EPOCH 58:
PU nnPU correction: 1/94 batches, min negative_loss=-0.000001, mean negative_loss=0.000003
VALIDATION
valid epoch balanced_accuracy: 0.500000
EPOCH 59:
PU nnPU correction: 0/94 batches, min negative_loss=0.000001, mean negative_loss=0.000005
VALIDATION
valid epoch balanced_accuracy: 0.500000
EPOCH 60:
PU nnPU correction: 0/94 batches, min negative_loss=0.000000, mean negative_loss=0.000005
VALIDATION
valid epoch balanced_accuracy: 0.500000
EPOCH 61:
PU nnPU correction: 0/94 batches, min negative_loss=0.000000, mean negative_loss=0.000005
VALIDATION
valid epoch balanced_accuracy: 0.500000
EPOCH 62:
PU nnPU correction: 0/94 batches, min negative_loss=0.000000, mean negative_loss=0.000004
VALIDATION
valid epoch balanced_accuracy: 0.500000
EPOCH 63:
PU nnPU correction: 0/94 batches, min negative_loss=0.000001, mean negative_loss=0.000006
VALIDATION
valid epoch balanced_accuracy: 0.500000
EPOCH 64:
PU nnPU correction: 0/94 batches, min negative_loss=0.000000, mean negative_loss=0.000007
VALIDATION
valid epoch balanced_accuracy: 0.500000
EPOCH 65:
PU nnPU correction: 0/94 batches, min negative_loss=0.000000, mean negative_loss=0.000009
VALIDATION
valid epoch balanced_accuracy: 0.500000
EPOCH 66:
PU nnPU correction: 0/94 batches, min negative_loss=0.000001, mean negative_loss=0.000009
VALIDATION
valid epoch balanced_accuracy: 0.500000
EPOCH 67:
PU nnPU correction: 1/94 batches, min negative_loss=-0.000000, mean negative_loss=0.000014
VALIDATION
valid epoch balanced_accuracy: 0.500000
EPOCH 68:
PU nnPU correction: 0/94 batches, min negative_loss=0.000001, mean negative_loss=0.000024
VALIDATION
valid epoch balanced_accuracy: 0.500000
EPOCH 69:
PU nnPU correction: 1/94 batches, min negative_loss=-0.000005, mean negative_loss=0.000049
VALIDATION
valid epoch balanced_accuracy: 0.500000
EPOCH 70:
PU nnPU correction: 0/94 batches, min negative_loss=0.000011, mean negative_loss=0.000131
VALIDATION
valid epoch balanced_accuracy: 0.500000
EPOCH 71:
PU nnPU correction: 0/94 batches, min negative_loss=0.000156, mean negative_loss=0.067448
VALIDATION
valid epoch balanced_accuracy: 0.583333
EPOCH 72:
PU nnPU correction: 0/94 batches, min negative_loss=0.218628, mean negative_loss=0.392046
VALIDATION
valid epoch balanced_accuracy: 0.541667
EPOCH 73:
PU nnPU correction: 0/94 batches, min negative_loss=0.100052, mean negative_loss=0.315962
VALIDATION
valid epoch balanced_accuracy: 0.541667
EPOCH 74:
PU nnPU correction: 0/94 batches, min negative_loss=0.037561, mean negative_loss=0.315969
VALIDATION
valid epoch balanced_accuracy: 0.541667
EPOCH 75:
PU nnPU correction: 0/94 batches, min negative_loss=0.100085, mean negative_loss=0.316802
VALIDATION
valid epoch balanced_accuracy: 0.625000
EPOCH 76:
PU nnPU correction: 0/94 batches, min negative_loss=0.106256, mean negative_loss=0.320826
VALIDATION
valid epoch balanced_accuracy: 0.541667
EPOCH 77:
PU nnPU correction: 0/94 batches, min negative_loss=0.162531, mean negative_loss=0.315894
VALIDATION
valid epoch balanced_accuracy: 0.541667
EPOCH 78:
PU nnPU correction: 0/94 batches, min negative_loss=0.165628, mean negative_loss=0.315807
VALIDATION
valid epoch balanced_accuracy: 0.541667
EPOCH 79:
PU nnPU correction: 0/94 batches, min negative_loss=0.103137, mean negative_loss=0.315594
VALIDATION
valid epoch balanced_accuracy: 0.541667
EPOCH 80:
PU nnPU correction: 0/94 batches, min negative_loss=0.112516, mean negative_loss=0.315696
VALIDATION
valid epoch balanced_accuracy: 0.541667
EPOCH 81:
PU nnPU correction: 0/94 batches, min negative_loss=0.103133, mean negative_loss=0.315591
VALIDATION
valid epoch balanced_accuracy: 0.541667
EPOCH 82:
PU nnPU correction: 0/94 batches, min negative_loss=0.048509, mean negative_loss=0.318428
VALIDATION
valid epoch balanced_accuracy: 0.541667
EPOCH 83:
PU nnPU correction: 0/94 batches, min negative_loss=0.113455, mean negative_loss=0.340433
VALIDATION
valid epoch balanced_accuracy: 0.500000
EPOCH 84:
PU nnPU correction: 0/94 batches, min negative_loss=0.165619, mean negative_loss=0.353060
VALIDATION
valid epoch balanced_accuracy: 0.541667
EPOCH 85:
PU nnPU correction: 0/94 batches, min negative_loss=0.106270, mean negative_loss=0.303906
VALIDATION
valid epoch balanced_accuracy: 0.541667
EPOCH 86:
PU nnPU correction: 0/94 batches, min negative_loss=0.100001, mean negative_loss=0.313707
VALIDATION
valid epoch balanced_accuracy: 0.541667
EPOCH 87:
PU nnPU correction: 0/94 batches, min negative_loss=0.040626, mean negative_loss=0.315994
VALIDATION
valid epoch balanced_accuracy: 0.541667
EPOCH 88:
PU nnPU correction: 0/94 batches, min negative_loss=0.103132, mean negative_loss=0.315479
VALIDATION
valid epoch balanced_accuracy: 0.541667
EPOCH 89:
PU nnPU correction: 0/94 batches, min negative_loss=0.112500, mean negative_loss=0.315789
VALIDATION
valid epoch balanced_accuracy: 0.541667
EPOCH 90:
PU nnPU correction: 0/94 batches, min negative_loss=0.103126, mean negative_loss=0.315694
VALIDATION
valid epoch balanced_accuracy: 0.541667
EPOCH 91:
PU nnPU correction: 0/94 batches, min negative_loss=0.109377, mean negative_loss=0.315098
VALIDATION
valid epoch balanced_accuracy: 0.541667
EPOCH 92:
PU nnPU correction: 0/94 batches, min negative_loss=0.100002, mean negative_loss=0.316055
VALIDATION
valid epoch balanced_accuracy: 0.541667
EPOCH 93:
PU nnPU correction: 0/94 batches, min negative_loss=0.103128, mean negative_loss=0.315389
VALIDATION
valid epoch balanced_accuracy: 0.541667
EPOCH 94:
PU nnPU correction: 0/94 batches, min negative_loss=0.040625, mean negative_loss=0.316176
VALIDATION
valid epoch balanced_accuracy: 0.541667
EPOCH 95:
PU nnPU correction: 0/94 batches, min negative_loss=0.100000, mean negative_loss=0.323595
VALIDATION
valid epoch balanced_accuracy: 0.541667
EPOCH 96:
PU nnPU correction: 0/94 batches, min negative_loss=0.050003, mean negative_loss=0.313015
VALIDATION
valid epoch balanced_accuracy: 0.541667
EPOCH 97:
PU nnPU correction: 0/94 batches, min negative_loss=0.037501, mean negative_loss=0.315702
VALIDATION
valid epoch balanced_accuracy: 0.541667
EPOCH 98:
PU nnPU correction: 0/94 batches, min negative_loss=0.103125, mean negative_loss=0.315486
VALIDATION
valid epoch balanced_accuracy: 0.541667
EPOCH 99:
PU nnPU correction: 0/94 batches, min negative_loss=0.043777, mean negative_loss=0.315491
VALIDATION
valid epoch balanced_accuracy: 0.541667
EPOCH 100:
PU nnPU correction: 0/94 batches, min negative_loss=0.162499, mean negative_loss=0.315393
VALIDATION
valid epoch balanced_accuracy: 0.541667
EPOCH 101:
PU nnPU correction: 0/94 batches, min negative_loss=0.037502, mean negative_loss=0.315377
VALIDATION
valid epoch balanced_accuracy: 0.541667
EPOCH 102:
PU nnPU correction: 0/94 batches, min negative_loss=0.162500, mean negative_loss=0.315692
VALIDATION
valid epoch balanced_accuracy: 0.541667
EPOCH 103:
PU nnPU correction: 0/94 batches, min negative_loss=0.100000, mean negative_loss=0.315683
VALIDATION
valid epoch balanced_accuracy: 0.541667
EPOCH 104:
PU nnPU correction: 0/94 batches, min negative_loss=0.162497, mean negative_loss=0.315580
VALIDATION
valid epoch balanced_accuracy: 0.541667
EPOCH 105:
PU nnPU correction: 0/94 batches, min negative_loss=0.103125, mean negative_loss=0.315394
VALIDATION
valid epoch balanced_accuracy: 0.541667
EPOCH 106:
PU nnPU correction: 0/94 batches, min negative_loss=0.103129, mean negative_loss=0.315693
VALIDATION
valid epoch balanced_accuracy: 0.541667
EPOCH 107:
PU nnPU correction: 0/94 batches, min negative_loss=0.100001, mean negative_loss=0.315387
VALIDATION
valid epoch balanced_accuracy: 0.541667
EPOCH 108:
PU nnPU correction: 0/94 batches, min negative_loss=0.106249, mean negative_loss=0.315570
VALIDATION
valid epoch balanced_accuracy: 0.541667
EPOCH 109:
PU nnPU correction: 0/94 batches, min negative_loss=0.103125, mean negative_loss=0.315868
VALIDATION
valid epoch balanced_accuracy: 0.541667
EPOCH 110:
PU nnPU correction: 0/94 batches, min negative_loss=0.162499, mean negative_loss=0.315962
VALIDATION
valid epoch balanced_accuracy: 0.541667
EPOCH 111:
PU nnPU correction: 0/94 batches, min negative_loss=0.162496, mean negative_loss=0.315217
VALIDATION
valid epoch balanced_accuracy: 0.541667
EPOCH 112:
PU nnPU correction: 0/94 batches, min negative_loss=0.106250, mean negative_loss=0.315890
VALIDATION
valid epoch balanced_accuracy: 0.541667
EPOCH 113:
PU nnPU correction: 0/94 batches, min negative_loss=0.103132, mean negative_loss=0.315777
VALIDATION
valid epoch balanced_accuracy: 0.541667
EPOCH 114:
PU nnPU correction: 0/94 batches, min negative_loss=0.040625, mean negative_loss=0.315872
VALIDATION
valid epoch balanced_accuracy: 0.541667
EPOCH 115:
PU nnPU correction: 0/94 batches, min negative_loss=0.162500, mean negative_loss=0.316071
VALIDATION
valid epoch balanced_accuracy: 0.541667
EPOCH 116:
PU nnPU correction: 0/94 batches, min negative_loss=0.100000, mean negative_loss=0.315605
VALIDATION
valid epoch balanced_accuracy: 0.541667
EPOCH 117:
PU nnPU correction: 0/94 batches, min negative_loss=0.106250, mean negative_loss=0.315587
VALIDATION
valid epoch balanced_accuracy: 0.541667
EPOCH 118:
PU nnPU correction: 0/94 batches, min negative_loss=0.099998, mean negative_loss=0.315772
VALIDATION
valid epoch balanced_accuracy: 0.541667
EPOCH 119:
PU nnPU correction: 0/94 batches, min negative_loss=0.103126, mean negative_loss=0.315497
VALIDATION
valid epoch balanced_accuracy: 0.541667
EPOCH 120:
PU nnPU correction: 0/94 batches, min negative_loss=0.040624, mean negative_loss=0.315398
VALIDATION
valid epoch balanced_accuracy: 0.541667
EPOCH 121:
PU nnPU correction: 0/94 batches, min negative_loss=0.162500, mean negative_loss=0.315777
VALIDATION
valid epoch balanced_accuracy: 0.541667
EPOCH 122:
PU nnPU correction: 0/94 batches, min negative_loss=0.106251, mean negative_loss=0.315866
VALIDATION
valid epoch balanced_accuracy: 0.541667
EPOCH 123:
PU nnPU correction: 0/94 batches, min negative_loss=0.100000, mean negative_loss=0.315496
VALIDATION
valid epoch balanced_accuracy: 0.541667
EPOCH 124:
PU nnPU correction: 0/94 batches, min negative_loss=0.109375, mean negative_loss=0.315962
VALIDATION
valid epoch balanced_accuracy: 0.541667
EPOCH 125:
PU nnPU correction: 0/94 batches, min negative_loss=0.043750, mean negative_loss=0.315600
VALIDATION
valid epoch balanced_accuracy: 0.541667
EPOCH 126:
PU nnPU correction: 0/94 batches, min negative_loss=0.100002, mean negative_loss=0.315866
VALIDATION
valid epoch balanced_accuracy: 0.541667
EPOCH 127:
PU nnPU correction: 0/94 batches, min negative_loss=0.162499, mean negative_loss=0.315297
VALIDATION
valid epoch balanced_accuracy: 0.541667
EPOCH 128:
PU nnPU correction: 0/94 batches, min negative_loss=0.162499, mean negative_loss=0.315487
VALIDATION
valid epoch balanced_accuracy: 0.541667
EPOCH 129:
PU nnPU correction: 0/94 batches, min negative_loss=0.106250, mean negative_loss=0.314913
VALIDATION
valid epoch balanced_accuracy: 0.541667
EPOCH 130:
PU nnPU correction: 0/94 batches, min negative_loss=0.100001, mean negative_loss=0.315287
VALIDATION
valid epoch balanced_accuracy: 0.541667
EPOCH 131:
PU nnPU correction: 0/94 batches, min negative_loss=0.103127, mean negative_loss=0.315582
VALIDATION
valid epoch balanced_accuracy: 0.541667
EPOCH 132:
PU nnPU correction: 0/94 batches, min negative_loss=0.100002, mean negative_loss=0.315393
VALIDATION
valid epoch balanced_accuracy: 0.541667
EPOCH 133:
PU nnPU correction: 0/94 batches, min negative_loss=0.162501, mean negative_loss=0.315768
VALIDATION
valid epoch balanced_accuracy: 0.541667
EPOCH 134:
PU nnPU correction: 0/94 batches, min negative_loss=0.103126, mean negative_loss=0.316066
VALIDATION
valid epoch balanced_accuracy: 0.541667
EPOCH 135:
PU nnPU correction: 0/94 batches, min negative_loss=0.103125, mean negative_loss=0.316081
VALIDATION
valid epoch balanced_accuracy: 0.541667
EPOCH 136:
PU nnPU correction: 0/94 batches, min negative_loss=0.162501, mean negative_loss=0.315602
VALIDATION
valid epoch balanced_accuracy: 0.541667
EPOCH 137:
PU nnPU correction: 0/94 batches, min negative_loss=0.100003, mean negative_loss=0.315678
VALIDATION
valid epoch balanced_accuracy: 0.541667
EPOCH 138:
PU nnPU correction: 0/94 batches, min negative_loss=0.162500, mean negative_loss=0.315392
VALIDATION
valid epoch balanced_accuracy: 0.541667
EPOCH 139:
PU nnPU correction: 0/94 batches, min negative_loss=0.117874, mean negative_loss=0.315103
VALIDATION
valid epoch balanced_accuracy: 0.541667
EPOCH 140:
PU nnPU correction: 0/94 batches, min negative_loss=0.106253, mean negative_loss=0.315858
VALIDATION
valid epoch balanced_accuracy: 0.541667
EPOCH 141:
PU nnPU correction: 0/94 batches, min negative_loss=0.043752, mean negative_loss=0.315872
VALIDATION
valid epoch balanced_accuracy: 0.541667
EPOCH 142:
PU nnPU correction: 0/94 batches, min negative_loss=0.100001, mean negative_loss=0.315583
VALIDATION
valid epoch balanced_accuracy: 0.541667
EPOCH 143:
PU nnPU correction: 0/94 batches, min negative_loss=0.103127, mean negative_loss=0.315867
VALIDATION
valid epoch balanced_accuracy: 0.541667
EPOCH 144:
PU nnPU correction: 0/94 batches, min negative_loss=0.165617, mean negative_loss=0.315203
VALIDATION
valid epoch balanced_accuracy: 0.541667
EPOCH 145:
PU nnPU correction: 0/94 batches, min negative_loss=0.162498, mean negative_loss=0.315764
VALIDATION
valid epoch balanced_accuracy: 0.541667
EPOCH 146:
PU nnPU correction: 0/94 batches, min negative_loss=0.100000, mean negative_loss=0.315957
VALIDATION
valid epoch balanced_accuracy: 0.541667
EPOCH 147:
PU nnPU correction: 0/94 batches, min negative_loss=0.100001, mean negative_loss=0.315962
VALIDATION
valid epoch balanced_accuracy: 0.541667
EPOCH 148:
PU nnPU correction: 0/94 batches, min negative_loss=0.043753, mean negative_loss=0.315611
VALIDATION
valid epoch balanced_accuracy: 0.541667
EPOCH 149:
PU nnPU correction: 0/94 batches, min negative_loss=0.162500, mean negative_loss=0.315596
VALIDATION
valid epoch balanced_accuracy: 0.541667
EPOCH 150:
PU nnPU correction: 0/94 batches, min negative_loss=0.100035, mean negative_loss=0.315316
VALIDATION
valid epoch balanced_accuracy: 0.541667
accuracy: 0.600000
sensitivity: 1.000000
precision: 0.500000
specificity: 0.333333
IoU: 0.500000
FAR: 0.666667
F1: 0.666667
balanced_accuracy: 0.666667
loss: 0.405020
