
number of parameters : 1403984
train : (1492, 12)
valid : (10, 12)
test : (10, 12)
PU rho : 0.525000
class weights : [1.0, 1.0]
balanced batches : 94 per epoch covering all 1492 train rows, target 8 positive + 8 unlabeled
data extracted
EPOCH 1:
PU nnPU correction: 0/94 batches, min negative_loss=0.250219, mean negative_loss=0.303705
VALIDATION
valid epoch balanced_accuracy: 0.500000
EPOCH 2:
PU nnPU correction: 0/94 batches, min negative_loss=0.076858, mean negative_loss=0.303836
VALIDATION
valid epoch balanced_accuracy: 0.583333
EPOCH 3:
PU nnPU correction: 0/94 batches, min negative_loss=0.047923, mean negative_loss=0.231137
VALIDATION
valid epoch balanced_accuracy: 0.583333
EPOCH 4:
PU nnPU correction: 5/94 batches, min negative_loss=-0.007566, mean negative_loss=0.165086
VALIDATION
valid epoch balanced_accuracy: 0.666667
EPOCH 5:
PU nnPU correction: 2/94 batches, min negative_loss=-0.016016, mean negative_loss=0.189864
VALIDATION
valid epoch balanced_accuracy: 0.583333
EPOCH 6:
PU nnPU correction: 0/94 batches, min negative_loss=0.107259, mean negative_loss=0.307404
VALIDATION
valid epoch balanced_accuracy: 0.500000
EPOCH 7:
PU nnPU correction: 6/94 batches, min negative_loss=-0.017597, mean negative_loss=0.211535
VALIDATION
valid epoch balanced_accuracy: 0.583333
EPOCH 8:
PU nnPU correction: 1/94 batches, min negative_loss=-0.011800, mean negative_loss=0.216198
VALIDATION
valid epoch balanced_accuracy: 0.583333
EPOCH 9:
PU nnPU correction: 1/94 batches, min negative_loss=-0.018496, mean negative_loss=0.237003
VALIDATION
valid epoch balanced_accuracy: 0.541667
EPOCH 10:
PU nnPU correction: 2/94 batches, min negative_loss=-0.018579, mean negative_loss=0.229873
VALIDATION
valid epoch balanced_accuracy: 0.583333
EPOCH 11:
PU nnPU correction: 3/94 batches, min negative_loss=-0.014621, mean negative_loss=0.165160
VALIDATION
valid epoch balanced_accuracy: 0.625000
EPOCH 12:
PU nnPU correction: 1/94 batches, min negative_loss=-0.015457, mean negative_loss=0.182691
VALIDATION
valid epoch balanced_accuracy: 0.500000
EPOCH 13:
PU nnPU correction: 2/94 batches, min negative_loss=-0.018867, mean negative_loss=0.178862
VALIDATION
valid epoch balanced_accuracy: 0.583333
EPOCH 14:
PU nnPU correction: 1/94 batches, min negative_loss=-0.005266, mean negative_loss=0.197304
VALIDATION
valid epoch balanced_accuracy: 0.583333
EPOCH 15:
PU nnPU correction: 4/94 batches, min negative_loss=-0.012410, mean negative_loss=0.180752
VALIDATION
valid epoch balanced_accuracy: 0.583333
EPOCH 16:
PU nnPU correction: 0/94 batches, min negative_loss=0.038110, mean negative_loss=0.220402
VALIDATION
valid epoch balanced_accuracy: 0.625000
EPOCH 17:
PU nnPU correction: 1/94 batches, min negative_loss=-0.011939, mean negative_loss=0.213192
VALIDATION
valid epoch balanced_accuracy: 0.708333
EPOCH 18:
PU nnPU correction: 0/94 batches, min negative_loss=0.040726, mean negative_loss=0.215483
VALIDATION
valid epoch balanced_accuracy: 0.583333
EPOCH 19:
PU nnPU correction: 2/94 batches, min negative_loss=-0.016737, mean negative_loss=0.208461
VALIDATION
valid epoch balanced_accuracy: 0.583333
EPOCH 20:
PU nnPU correction: 1/94 batches, min negative_loss=-0.012538, mean negative_loss=0.199842
VALIDATION
valid epoch balanced_accuracy: 0.583333
EPOCH 21:
PU nnPU correction: 1/94 batches, min negative_loss=-0.017364, mean negative_loss=0.209354
VALIDATION
valid epoch balanced_accuracy: 0.541667
EPOCH 22:
PU nnPU correction: 15/94 batches, min negative_loss=-0.015537, mean negative_loss=0.094825
VALIDATION
valid epoch balanced_accuracy: 0.500000
EPOCH 23:
PU nnPU correction: 6/94 batches, min negative_loss=-0.000863, mean negative_loss=-0.000007
VALIDATION
valid epoch balanced_accuracy: 0.500000
EPOCH 24:
PU nnPU correction: 3/94 batches, min negative_loss=-0.000176, mean negative_loss=0.000000
VALIDATION
valid epoch balanced_accuracy: 0.500000
EPOCH 25:
PU nnPU correction: 6/94 batches, min negative_loss=-0.000320, mean negative_loss=-0.000001
VALIDATION
valid epoch balanced_accuracy: 0.500000
EPOCH 26:
PU nnPU correction: 2/94 batches, min negative_loss=-0.000025, mean negative_loss=0.000002
VALIDATION
valid epoch balanced_accuracy: 0.500000
EPOCH 27:
PU nnPU correction: 5/94 batches, min negative_loss=-0.000056, mean negative_loss=0.000001
VALIDATION
valid epoch balanced_accuracy: 0.500000
EPOCH 28:
PU nnPU correction: 2/94 batches, min negative_loss=-0.000123, mean negative_loss=0.000001
VALIDATION
valid epoch balanced_accuracy: 0.500000
EPOCH 29:
PU nnPU correction: 3/94 batches, min negative_loss=-0.000023, mean negative_loss=0.000002
VALIDATION
valid epoch balanced_accuracy: 0.500000
EPOCH 30:
PU nnPU correction: 5/94 batches, min negative_loss=-0.000011, mean negative_loss=0.000003
VALIDATION
valid epoch balanced_accuracy: 0.500000
EPOCH 31:
PU nnPU correction: 3/94 batches, min negative_loss=-0.000087, mean negative_loss=0.000001
VALIDATION
valid epoch balanced_accuracy: 0.500000
EPOCH 32:
PU nnPU correction: 2/94 batches, min negative_loss=-0.000072, mean negative_loss=0.000001
VALIDATION
valid epoch balanced_accuracy: 0.500000
EPOCH 33:
PU nnPU correction: 3/94 batches, min negative_loss=-0.000035, mean negative_loss=0.000002
VALIDATION
valid epoch balanced_accuracy: 0.500000
EPOCH 34:
PU nnPU correction: 2/94 batches, min negative_loss=-0.000067, mean negative_loss=0.000002
VALIDATION
valid epoch balanced_accuracy: 0.500000
EPOCH 35:
PU nnPU correction: 3/94 batches, min negative_loss=-0.000032, mean negative_loss=0.000002
VALIDATION
valid epoch balanced_accuracy: 0.500000
EPOCH 36:
PU nnPU correction: 3/94 batches, min negative_loss=-0.000026, mean negative_loss=0.000002
VALIDATION
valid epoch balanced_accuracy: 0.500000
EPOCH 37:
PU nnPU correction: 3/94 batches, min negative_loss=-0.000017, mean negative_loss=0.000003
VALIDATION
valid epoch balanced_accuracy: 0.500000
EPOCH 38:
PU nnPU correction: 2/94 batches, min negative_loss=-0.000025, mean negative_loss=0.000002
VALIDATION
valid epoch balanced_accuracy: 0.500000
EPOCH 39:
PU nnPU correction: 1/94 batches, min negative_loss=-0.000016, mean negative_loss=0.000004
VALIDATION
valid epoch balanced_accuracy: 0.500000
EPOCH 40:
PU nnPU correction: 2/94 batches, min negative_loss=-0.000057, mean negative_loss=0.000002
VALIDATION
valid epoch balanced_accuracy: 0.500000
EPOCH 41:
PU nnPU correction: 5/94 batches, min negative_loss=-0.000066, mean negative_loss=0.000002
VALIDATION
valid epoch balanced_accuracy: 0.500000
EPOCH 42:
PU nnPU correction: 1/94 batches, min negative_loss=-0.000035, mean negative_loss=0.000003
VALIDATION
valid epoch balanced_accuracy: 0.500000
EPOCH 43:
PU nnPU correction: 2/94 batches, min negative_loss=-0.000028, mean negative_loss=0.000004
VALIDATION
valid epoch balanced_accuracy: 0.500000
EPOCH 44:
PU nnPU correction: 1/94 batches, min negative_loss=-0.000070, mean negative_loss=0.000003
VALIDATION
valid epoch balanced_accuracy: 0.500000
EPOCH 45:
PU nnPU correction: 1/94 batches, min negative_loss=-0.000040, mean negative_loss=0.000003
VALIDATION
valid epoch balanced_accuracy: 0.500000
EPOCH 46:
PU nnPU correction: 1/94 batches, min negative_loss=-0.000049, mean negative_loss=0.000003
VALIDATION
valid epoch balanced_accuracy: 0.500000
EPOCH 47:
PU nnPU correction: 3/94 batches, min negative_loss=-0.000063, mean negative_loss=0.000003
VALIDATION
valid epoch balanced_accuracy: 0.500000
EPOCH 48:
PU nnPU correction: 3/94 batches, min negative_loss=-0.000018, mean negative_loss=0.000004
VALIDATION
valid epoch balanced_accuracy: 0.500000
EPOCH 49:
PU nnPU correction: 1/94 batches, min negative_loss=-0.000010, mean negative_loss=0.000004
VALIDATION
valid epoch balanced_accuracy: 0.500000
EPOCH 50:
PU nnPU correction: 1/94 batches, min negative_loss=-0.000028, mean negative_loss=0.000004
VALIDATION
valid epoch balanced_accuracy: 0.500000
EPOCH 51:
PU nnPU correction: 2/94 batches, min negative_loss=-0.000028, mean negative_loss=0.000006
VALIDATION
valid epoch balanced_accuracy: 0.500000
EPOCH 52:
PU nnPU correction: 2/94 batches, min negative_loss=-0.000060, mean negative_loss=0.000005
VALIDATION
valid epoch balanced_accuracy: 0.500000
EPOCH 53:
PU nnPU correction: 2/94 batches, min negative_loss=-0.000015, mean negative_loss=0.000008
VALIDATION
valid epoch balanced_accuracy: 0.500000
EPOCH 54:
PU nnPU correction: 2/94 batches, min negative_loss=-0.000002, mean negative_loss=0.000008
VALIDATION
valid epoch balanced_accuracy: 0.500000
EPOCH 55:
PU nnPU correction: 2/94 batches, min negative_loss=-0.000015, mean negative_loss=0.000008
VALIDATION
valid epoch balanced_accuracy: 0.500000
EPOCH 56:
PU nnPU correction: 2/94 batches, min negative_loss=-0.000171, mean negative_loss=0.000010
VALIDATION
valid epoch balanced_accuracy: 0.500000
EPOCH 57:
PU nnPU correction: 1/94 batches, min negative_loss=-0.000028, mean negative_loss=0.000014
VALIDATION
valid epoch balanced_accuracy: 0.500000
EPOCH 58:
PU nnPU correction: 1/94 batches, min negative_loss=-0.000024, mean negative_loss=0.000015
VALIDATION
valid epoch balanced_accuracy: 0.500000
EPOCH 59:
PU nnPU correction: 2/94 batches, min negative_loss=-0.000068, mean negative_loss=0.000014
VALIDATION
valid epoch balanced_accuracy: 0.500000
EPOCH 60:
PU nnPU correction: 2/94 batches, min negative_loss=-0.000056, mean negative_loss=0.000027
VALIDATION
valid epoch balanced_accuracy: 0.500000
EPOCH 61:
PU nnPU correction: 1/94 batches, min negative_loss=-0.000030, mean negative_loss=0.000035
VALIDATION
valid epoch balanced_accuracy: 0.500000
EPOCH 62:
PU nnPU correction: 1/94 batches, min negative_loss=-0.000361, mean negative_loss=0.000090
VALIDATION
valid epoch balanced_accuracy: 0.500000
EPOCH 63:
PU nnPU correction: 0/94 batches, min negative_loss=0.000087, mean negative_loss=0.076406
VALIDATION
valid epoch balanced_accuracy: 0.625000
EPOCH 64:
PU nnPU correction: 1/94 batches, min negative_loss=-0.007837, mean negative_loss=0.248041
VALIDATION
valid epoch balanced_accuracy: 0.583333
EPOCH 65:
PU nnPU correction: 9/94 batches, min negative_loss=-0.006479, mean negative_loss=0.088359
VALIDATION
valid epoch balanced_accuracy: 0.500000
EPOCH 66:
PU nnPU correction: 1/94 batches, min negative_loss=-0.000007, mean negative_loss=0.000012
VALIDATION
valid epoch balanced_accuracy: 0.500000
EPOCH 67:
PU nnPU correction: 1/94 batches, min negative_loss=-0.000003, mean negative_loss=0.000015
VALIDATION
valid epoch balanced_accuracy: 0.500000
EPOCH 68:
PU nnPU correction: 2/94 batches, min negative_loss=-0.000003, mean negative_loss=0.000013
VALIDATION
valid epoch balanced_accuracy: 0.500000
EPOCH 69:
PU nnPU correction: 0/94 batches, min negative_loss=0.000001, mean negative_loss=0.000014
VALIDATION
valid epoch balanced_accuracy: 0.500000
EPOCH 70:
PU nnPU correction: 0/94 batches, min negative_loss=0.000000, mean negative_loss=0.000013
VALIDATION
valid epoch balanced_accuracy: 0.500000
EPOCH 71:
PU nnPU correction: 0/94 batches, min negative_loss=0.000001, mean negative_loss=0.000016
VALIDATION
valid epoch balanced_accuracy: 0.500000
EPOCH 72:
PU nnPU correction: 2/94 batches, min negative_loss=-0.000005, mean negative_loss=0.000013
VALIDATION
valid epoch balanced_accuracy: 0.500000
EPOCH 73:
PU nnPU correction: 0/94 batches, min negative_loss=0.000001, mean negative_loss=0.000020
VALIDATION
valid epoch balanced_accuracy: 0.500000
EPOCH 74:
PU nnPU correction: 1/94 batches, min negative_loss=-0.000000, mean negative_loss=0.000018
VALIDATION
valid epoch balanced_accuracy: 0.500000
EPOCH 75:
PU nnPU correction: 0/94 batches, min negative_loss=0.000003, mean negative_loss=0.000016
VALIDATION
valid epoch balanced_accuracy: 0.500000
EPOCH 76:
PU nnPU correction: 1/94 batches, min negative_loss=-0.000000, mean negative_loss=0.000024
VALIDATION
valid epoch balanced_accuracy: 0.500000
EPOCH 77:
PU nnPU correction: 1/94 batches, min negative_loss=-0.000000, mean negative_loss=0.000027
VALIDATION
valid epoch balanced_accuracy: 0.500000
EPOCH 78:
PU nnPU correction: 0/94 batches, min negative_loss=0.000006, mean negative_loss=0.000033
VALIDATION
valid epoch balanced_accuracy: 0.500000
EPOCH 79:
PU nnPU correction: 0/94 batches, min negative_loss=0.000002, mean negative_loss=0.000039
VALIDATION
valid epoch balanced_accuracy: 0.500000
EPOCH 80:
PU nnPU correction: 1/94 batches, min negative_loss=-0.000009, mean negative_loss=0.000055
VALIDATION
valid epoch balanced_accuracy: 0.500000
EPOCH 81:
PU nnPU correction: 0/94 batches, min negative_loss=0.000012, mean negative_loss=0.000066
VALIDATION
valid epoch balanced_accuracy: 0.500000
EPOCH 82:
PU nnPU correction: 0/94 batches, min negative_loss=0.000014, mean negative_loss=0.000112
VALIDATION
valid epoch balanced_accuracy: 0.500000
EPOCH 83:
PU nnPU correction: 0/94 batches, min negative_loss=0.000062, mean negative_loss=0.000409
VALIDATION
valid epoch balanced_accuracy: 0.500000
EPOCH 84:
PU nnPU correction: 0/94 batches, min negative_loss=0.000195, mean negative_loss=0.073515
VALIDATION
valid epoch balanced_accuracy: 0.541667
EPOCH 85:
PU nnPU correction: 2/94 batches, min negative_loss=-0.002002, mean negative_loss=0.030430
VALIDATION
valid epoch balanced_accuracy: 0.500000
EPOCH 86:
PU nnPU correction: 0/94 batches, min negative_loss=0.000392, mean negative_loss=0.002265
VALIDATION
valid epoch balanced_accuracy: 0.500000
EPOCH 87:
PU nnPU correction: 0/94 batches, min negative_loss=0.003296, mean negative_loss=0.050776
VALIDATION
valid epoch balanced_accuracy: 0.500000
EPOCH 88:
PU nnPU correction: 0/94 batches, min negative_loss=0.215988, mean negative_loss=0.329485
VALIDATION
valid epoch balanced_accuracy: 0.625000
EPOCH 89:
PU nnPU correction: 7/94 batches, min negative_loss=-0.007321, mean negative_loss=0.152601
VALIDATION
valid epoch balanced_accuracy: 0.500000
EPOCH 90:
PU nnPU correction: 9/94 batches, min negative_loss=-0.005379, mean negative_loss=0.097329
VALIDATION
valid epoch balanced_accuracy: 0.666667
EPOCH 91:
PU nnPU correction: 7/94 batches, min negative_loss=-0.009497, mean negative_loss=0.205884
VALIDATION
valid epoch balanced_accuracy: 0.625000
EPOCH 92:
PU nnPU correction: 1/94 batches, min negative_loss=-0.000179, mean negative_loss=0.316584
VALIDATION
valid epoch balanced_accuracy: 0.625000
EPOCH 93:
PU nnPU correction: 3/94 batches, min negative_loss=-0.013883, mean negative_loss=0.178453
VALIDATION
valid epoch balanced_accuracy: 0.708333
EPOCH 94:
PU nnPU correction: 1/94 batches, min negative_loss=-0.008420, mean negative_loss=0.188350
VALIDATION
valid epoch balanced_accuracy: 0.500000
EPOCH 95:
PU nnPU correction: 1/94 batches, min negative_loss=-0.023601, mean negative_loss=0.196269
VALIDATION
valid epoch balanced_accuracy: 0.500000
EPOCH 96:
PU nnPU correction: 4/94 batches, min negative_loss=-0.017404, mean negative_loss=0.151770
VALIDATION
valid epoch balanced_accuracy: 0.541667
EPOCH 97:
PU nnPU correction: 5/94 batches, min negative_loss=-0.013462, mean negative_loss=0.194019
VALIDATION
valid epoch balanced_accuracy: 0.625000
EPOCH 98:
PU nnPU correction: 0/94 batches, min negative_loss=0.041214, mean negative_loss=0.336616
VALIDATION
valid epoch balanced_accuracy: 0.458333
EPOCH 99:
PU nnPU correction: 0/94 batches, min negative_loss=0.040813, mean negative_loss=0.264555
VALIDATION
valid epoch balanced_accuracy: 0.541667
EPOCH 100:
PU nnPU correction: 2/94 batches, min negative_loss=-0.021149, mean negative_loss=0.239045
VALIDATION
valid epoch balanced_accuracy: 0.541667
EPOCH 101:
PU nnPU correction: 0/94 batches, min negative_loss=0.043570, mean negative_loss=0.284451
VALIDATION
valid epoch balanced_accuracy: 0.583333
EPOCH 102:
PU nnPU correction: 0/94 batches, min negative_loss=0.105968, mean negative_loss=0.379016
VALIDATION
valid epoch balanced_accuracy: 0.625000
EPOCH 103:
PU nnPU correction: 0/94 batches, min negative_loss=0.225005, mean negative_loss=0.391501
VALIDATION
valid epoch balanced_accuracy: 0.625000
EPOCH 104:
PU nnPU correction: 0/94 batches, min negative_loss=0.228129, mean negative_loss=0.376894
VALIDATION
valid epoch balanced_accuracy: 0.625000
EPOCH 105:
PU nnPU correction: 0/94 batches, min negative_loss=0.046878, mean negative_loss=0.299542
VALIDATION
valid epoch balanced_accuracy: 0.625000
EPOCH 106:
PU nnPU correction: 1/94 batches, min negative_loss=-0.012466, mean negative_loss=0.195829
VALIDATION
valid epoch balanced_accuracy: 0.541667
EPOCH 107:
PU nnPU correction: 1/94 batches, min negative_loss=-0.013673, mean negative_loss=0.213322
VALIDATION
valid epoch balanced_accuracy: 0.625000
EPOCH 108:
PU nnPU correction: 3/94 batches, min negative_loss=-0.018143, mean negative_loss=0.191521
VALIDATION
valid epoch balanced_accuracy: 0.583333
EPOCH 109:
PU nnPU correction: 0/94 batches, min negative_loss=0.047032, mean negative_loss=0.238135
VALIDATION
valid epoch balanced_accuracy: 0.541667
EPOCH 110:
PU nnPU correction: 1/94 batches, min negative_loss=-0.009536, mean negative_loss=0.262095
VALIDATION
valid epoch balanced_accuracy: 0.541667
EPOCH 111:
PU nnPU correction: 41/94 batches, min negative_loss=-0.009410, mean negative_loss=0.017392
VALIDATION
valid epoch balanced_accuracy: 0.500000
EPOCH 112:
PU nnPU correction: 14/94 batches, min negative_loss=-0.000014, mean negative_loss=0.000651
VALIDATION
valid epoch balanced_accuracy: 0.500000
EPOCH 113:
PU nnPU correction: 14/94 batches, min negative_loss=-0.000000, mean negative_loss=0.000000
VALIDATION
valid epoch balanced_accuracy: 0.500000
EPOCH 114:
PU nnPU correction: 19/94 batches, min negative_loss=-0.000002, mean negative_loss=0.000000
VALIDATION
valid epoch balanced_accuracy: 0.500000
EPOCH 115:
PU nnPU correction: 15/94 batches, min negative_loss=-0.000001, mean negative_loss=0.000001
VALIDATION
valid epoch balanced_accuracy: 0.500000
EPOCH 116:
PU nnPU correction: 10/94 batches, min negative_loss=-0.000001, mean negative_loss=0.000001
VALIDATION
valid epoch balanced_accuracy: 0.500000
EPOCH 117:
PU nnPU correction: 13/94 batches, min negative_loss=-0.000000, mean negative_loss=0.000001
VALIDATION
valid epoch balanced_accuracy: 0.500000
EPOCH 118:
PU nnPU correction: 11/94 batches, min negative_loss=-0.000001, mean negative_loss=0.000001
VALIDATION
valid epoch balanced_accuracy: 0.500000
EPOCH 119:
PU nnPU correction: 11/94 batches, min negative_loss=-0.000001, mean negative_loss=0.000001
VALIDATION
valid epoch balanced_accuracy: 0.500000
EPOCH 120:
PU nnPU correction: 15/94 batches, min negative_loss=-0.000002, mean negative_loss=0.000001
VALIDATION
valid epoch balanced_accuracy: 0.500000
EPOCH 121:
PU nnPU correction: 10/94 batches, min negative_loss=-0.000002, mean negative_loss=0.000000
VALIDATION
valid epoch balanced_accuracy: 0.500000
EPOCH 122:
PU nnPU correction: 12/94 batches, min negative_loss=-0.000000, mean negative_loss=0.000000
VALIDATION
valid epoch balanced_accuracy: 0.500000
EPOCH 123:
PU nnPU correction: 12/94 batches, min negative_loss=-0.000001, mean negative_loss=0.000001
VALIDATION
valid epoch balanced_accuracy: 0.500000
EPOCH 124:
PU nnPU correction: 12/94 batches, min negative_loss=-0.000001, mean negative_loss=0.000001
VALIDATION
valid epoch balanced_accuracy: 0.500000
EPOCH 125:
PU nnPU correction: 12/94 batches, min negative_loss=-0.000001, mean negative_loss=0.000001
VALIDATION
valid epoch balanced_accuracy: 0.500000
EPOCH 126:
PU nnPU correction: 12/94 batches, min negative_loss=-0.000001, mean negative_loss=0.000000
VALIDATION
valid epoch balanced_accuracy: 0.500000
EPOCH 127:
PU nnPU correction: 11/94 batches, min negative_loss=-0.000001, mean negative_loss=0.000002
VALIDATION
valid epoch balanced_accuracy: 0.500000
EPOCH 128:
PU nnPU correction: 13/94 batches, min negative_loss=-0.000001, mean negative_loss=0.000001
VALIDATION
valid epoch balanced_accuracy: 0.500000
EPOCH 129:
PU nnPU correction: 12/94 batches, min negative_loss=-0.000001, mean negative_loss=0.000001
VALIDATION
valid epoch balanced_accuracy: 0.500000
EPOCH 130:
PU nnPU correction: 12/94 batches, min negative_loss=-0.000002, mean negative_loss=0.000000
VALIDATION
valid epoch balanced_accuracy: 0.500000
EPOCH 131:
PU nnPU correction: 12/94 batches, min negative_loss=-0.000001, mean negative_loss=0.000000
VALIDATION
valid epoch balanced_accuracy: 0.500000
EPOCH 132:
PU nnPU correction: 12/94 batches, min negative_loss=-0.000001, mean negative_loss=0.000001
VALIDATION
valid epoch balanced_accuracy: 0.500000
EPOCH 133:
PU nnPU correction: 17/94 batches, min negative_loss=-0.000002, mean negative_loss=0.000002
VALIDATION
valid epoch balanced_accuracy: 0.500000
EPOCH 134:
PU nnPU correction: 10/94 batches, min negative_loss=-0.000000, mean negative_loss=0.000000
VALIDATION
valid epoch balanced_accuracy: 0.500000
EPOCH 135:
PU nnPU correction: 11/94 batches, min negative_loss=-0.000004, mean negative_loss=0.000001
VALIDATION
valid epoch balanced_accuracy: 0.500000
EPOCH 136:
PU nnPU correction: 10/94 batches, min negative_loss=-0.000001, mean negative_loss=0.000001
VALIDATION
valid epoch balanced_accuracy: 0.500000
EPOCH 137:
PU nnPU correction: 9/94 batches, min negative_loss=-0.000001, mean negative_loss=0.000001
VALIDATION
valid epoch balanced_accuracy: 0.500000
EPOCH 138:
PU nnPU correction: 8/94 batches, min negative_loss=-0.000002, mean negative_loss=0.000000
VALIDATION
valid epoch balanced_accuracy: 0.500000
EPOCH 139:
PU nnPU correction: 12/94 batches, min negative_loss=-0.000001, mean negative_loss=0.000001
VALIDATION
valid epoch balanced_accuracy: 0.500000
EPOCH 140:
PU nnPU correction: 9/94 batches, min negative_loss=-0.000004, mean negative_loss=0.000000
VALIDATION
valid epoch balanced_accuracy: 0.500000
EPOCH 141:
PU nnPU correction: 5/94 batches, min negative_loss=-0.000001, mean negative_loss=0.000001
VALIDATION
valid epoch balanced_accuracy: 0.500000
EPOCH 142:
PU nnPU correction: 8/94 batches, min negative_loss=-0.000001, mean negative_loss=0.000001
VALIDATION
valid epoch balanced_accuracy: 0.500000
EPOCH 143:
PU nnPU correction: 9/94 batches, min negative_loss=-0.000008, mean negative_loss=0.000001
VALIDATION
valid epoch balanced_accuracy: 0.500000
EPOCH 144:
PU nnPU correction: 11/94 batches, min negative_loss=-0.000001, mean negative_loss=0.000001
VALIDATION
valid epoch balanced_accuracy: 0.500000
EPOCH 145:
PU nnPU correction: 12/94 batches, min negative_loss=-0.000002, mean negative_loss=0.000001
VALIDATION
valid epoch balanced_accuracy: 0.500000
EPOCH 146:
PU nnPU correction: 8/94 batches, min negative_loss=-0.000000, mean negative_loss=0.000001
VALIDATION
valid epoch balanced_accuracy: 0.500000
EPOCH 147:
PU nnPU correction: 11/94 batches, min negative_loss=-0.000004, mean negative_loss=0.000001
VALIDATION
valid epoch balanced_accuracy: 0.500000
EPOCH 148:
PU nnPU correction: 9/94 batches, min negative_loss=-0.000002, mean negative_loss=0.000001
VALIDATION
valid epoch balanced_accuracy: 0.500000
EPOCH 149:
PU nnPU correction: 10/94 batches, min negative_loss=-0.000001, mean negative_loss=0.000001
VALIDATION
valid epoch balanced_accuracy: 0.500000
EPOCH 150:
PU nnPU correction: 9/94 batches, min negative_loss=-0.000001, mean negative_loss=0.000001
VALIDATION
valid epoch balanced_accuracy: 0.500000
accuracy: 0.600000
sensitivity: 0.750000
precision: 0.500000
specificity: 0.500000
IoU: 0.428571
FAR: 0.500000
F1: 0.600000
balanced_accuracy: 0.625000
loss: 0.338404
