Waiting for exclusive access to GPU GPU-603cf5ee-22bf-d8be-3ba2-5891478dd8f7.
=== GROUP: lipocalin | VARIANT: bbp_fa_nps3mlp_dpt01_gm | SEED: 2 | GPU: NVIDIA H200 ===

number of parameters : 876112
train : (1332, 12)
valid : (90, 12)
test : (90, 12)
class weights : [1.0, 1.0]
balanced batches : 84 per epoch covering all 1332 train rows, target 8 positive + 8 unlabeled
cache warmed : 35 proteins, 409 lipid encodings, 0 lipid graphs, 131 MiB
data extracted
EPOCH 1:
VALIDATION
valid epoch balanced_accuracy: 0.510000
EPOCH 2:
VALIDATION
valid epoch balanced_accuracy: 0.537500
EPOCH 3:
VALIDATION
valid epoch balanced_accuracy: 0.547500
EPOCH 4:
VALIDATION
valid epoch balanced_accuracy: 0.497500
EPOCH 5:
VALIDATION
valid epoch balanced_accuracy: 0.610000
EPOCH 6:
VALIDATION
valid epoch balanced_accuracy: 0.592500
EPOCH 7:
VALIDATION
valid epoch balanced_accuracy: 0.617500
EPOCH 8:
VALIDATION
valid epoch balanced_accuracy: 0.622500
EPOCH 9:
VALIDATION
valid epoch balanced_accuracy: 0.612500
EPOCH 10:
VALIDATION
valid epoch balanced_accuracy: 0.790000
EPOCH 11:
VALIDATION
valid epoch balanced_accuracy: 0.600000
EPOCH 12:
VALIDATION
valid epoch balanced_accuracy: 0.585000
EPOCH 13:
VALIDATION
valid epoch balanced_accuracy: 0.807500
EPOCH 14:
VALIDATION
valid epoch balanced_accuracy: 0.805000
EPOCH 15:
VALIDATION
valid epoch balanced_accuracy: 0.732500
EPOCH 16:
VALIDATION
valid epoch balanced_accuracy: 0.830000
EPOCH 17:
VALIDATION
valid epoch balanced_accuracy: 0.807500
EPOCH 18:
VALIDATION
valid epoch balanced_accuracy: 0.752500
EPOCH 19:
VALIDATION
valid epoch balanced_accuracy: 0.592500
EPOCH 20:
VALIDATION
valid epoch balanced_accuracy: 0.725000
EPOCH 21:
VALIDATION
valid epoch balanced_accuracy: 0.730000
EPOCH 22:
VALIDATION
valid epoch balanced_accuracy: 0.777500
EPOCH 23:
VALIDATION
valid epoch balanced_accuracy: 0.787500
EPOCH 24:
VALIDATION
valid epoch balanced_accuracy: 0.747500
EPOCH 25:
VALIDATION
valid epoch balanced_accuracy: 0.727500
EPOCH 26:
VALIDATION
valid epoch balanced_accuracy: 0.612500
EPOCH 27:
VALIDATION
valid epoch balanced_accuracy: 0.717500
EPOCH 28:
VALIDATION
valid epoch balanced_accuracy: 0.627500
EPOCH 29:
VALIDATION
valid epoch balanced_accuracy: 0.647500
EPOCH 30:
VALIDATION
valid epoch balanced_accuracy: 0.622500
EPOCH 31:
VALIDATION
valid epoch balanced_accuracy: 0.677500
EPOCH 32:
VALIDATION
valid epoch balanced_accuracy: 0.600000
EPOCH 33:
VALIDATION
valid epoch balanced_accuracy: 0.647500
EPOCH 34:
VALIDATION
valid epoch balanced_accuracy: 0.602500
EPOCH 35:
VALIDATION
valid epoch balanced_accuracy: 0.602500
EPOCH 36:
VALIDATION
valid epoch balanced_accuracy: 0.570000
EPOCH 37:
VALIDATION
valid epoch balanced_accuracy: 0.612500
EPOCH 38:
VALIDATION
valid epoch balanced_accuracy: 0.607500
EPOCH 39:
VALIDATION
valid epoch balanced_accuracy: 0.602500
EPOCH 40:
VALIDATION
valid epoch balanced_accuracy: 0.595000
EPOCH 41:
VALIDATION
valid epoch balanced_accuracy: 0.640000
EPOCH 42:
VALIDATION
valid epoch balanced_accuracy: 0.652500
EPOCH 43:
VALIDATION
valid epoch balanced_accuracy: 0.565000
EPOCH 44:
VALIDATION
valid epoch balanced_accuracy: 0.570000
EPOCH 45:
VALIDATION
valid epoch balanced_accuracy: 0.635000
EPOCH 46:
VALIDATION
valid epoch balanced_accuracy: 0.700000
EPOCH 47:
VALIDATION
valid epoch balanced_accuracy: 0.625000
EPOCH 48:
VALIDATION
valid epoch balanced_accuracy: 0.617500
EPOCH 49:
VALIDATION
valid epoch balanced_accuracy: 0.725000
EPOCH 50:
VALIDATION
valid epoch balanced_accuracy: 0.652500
EPOCH 51:
VALIDATION
valid epoch balanced_accuracy: 0.710000
EPOCH 52:
VALIDATION
valid epoch balanced_accuracy: 0.650000
EPOCH 53:
VALIDATION
valid epoch balanced_accuracy: 0.640000
EPOCH 54:
VALIDATION
valid epoch balanced_accuracy: 0.605000
EPOCH 55:
VALIDATION
valid epoch balanced_accuracy: 0.657500
EPOCH 56:
VALIDATION
valid epoch balanced_accuracy: 0.660000
EPOCH 57:
VALIDATION
valid epoch balanced_accuracy: 0.710000
EPOCH 58:
VALIDATION
valid epoch balanced_accuracy: 0.657500
EPOCH 59:
VALIDATION
valid epoch balanced_accuracy: 0.540000
EPOCH 60:
VALIDATION
valid epoch balanced_accuracy: 0.657500
EPOCH 61:
VALIDATION
valid epoch balanced_accuracy: 0.677500
EPOCH 62:
VALIDATION
valid epoch balanced_accuracy: 0.602500
EPOCH 63:
VALIDATION
valid epoch balanced_accuracy: 0.657500
EPOCH 64:
VALIDATION
valid epoch balanced_accuracy: 0.637500
EPOCH 65:
VALIDATION
valid epoch balanced_accuracy: 0.660000
EPOCH 66:
VALIDATION
valid epoch balanced_accuracy: 0.640000
EPOCH 67:
VALIDATION
valid epoch balanced_accuracy: 0.647500
EPOCH 68:
VALIDATION
valid epoch balanced_accuracy: 0.722500
EPOCH 69:
VALIDATION
valid epoch balanced_accuracy: 0.640000
EPOCH 70:
VALIDATION
valid epoch balanced_accuracy: 0.712500
EPOCH 71:
VALIDATION
valid epoch balanced_accuracy: 0.625000
EPOCH 72:
VALIDATION
valid epoch balanced_accuracy: 0.607500
EPOCH 73:
VALIDATION
valid epoch balanced_accuracy: 0.605000
EPOCH 74:
VALIDATION
valid epoch balanced_accuracy: 0.635000
EPOCH 75:
VALIDATION
valid epoch balanced_accuracy: 0.582500
EPOCH 76:
VALIDATION
valid epoch balanced_accuracy: 0.702500
EPOCH 77:
VALIDATION
valid epoch balanced_accuracy: 0.630000
EPOCH 78:
VALIDATION
valid epoch balanced_accuracy: 0.580000
EPOCH 79:
VALIDATION
valid epoch balanced_accuracy: 0.705000
EPOCH 80:
VALIDATION
valid epoch balanced_accuracy: 0.617500
EPOCH 81:
VALIDATION
valid epoch balanced_accuracy: 0.667500
EPOCH 82:
VALIDATION
valid epoch balanced_accuracy: 0.592500
EPOCH 83:
VALIDATION
valid epoch balanced_accuracy: 0.617500
EPOCH 84:
VALIDATION
valid epoch balanced_accuracy: 0.680000
EPOCH 85:
VALIDATION
valid epoch balanced_accuracy: 0.685000
EPOCH 86:
VALIDATION
valid epoch balanced_accuracy: 0.597500
EPOCH 87:
VALIDATION
valid epoch balanced_accuracy: 0.620000
EPOCH 88:
VALIDATION
valid epoch balanced_accuracy: 0.610000
EPOCH 89:
VALIDATION
valid epoch balanced_accuracy: 0.590000
EPOCH 90:
VALIDATION
valid epoch balanced_accuracy: 0.615000
EPOCH 91:
VALIDATION
valid epoch balanced_accuracy: 0.630000
EPOCH 92:
VALIDATION
valid epoch balanced_accuracy: 0.655000
EPOCH 93:
VALIDATION
valid epoch balanced_accuracy: 0.640000
EPOCH 94:
VALIDATION
valid epoch balanced_accuracy: 0.667500
EPOCH 95:
VALIDATION
valid epoch balanced_accuracy: 0.657500
EPOCH 96:
VALIDATION
valid epoch balanced_accuracy: 0.585000
EPOCH 97:
VALIDATION
valid epoch balanced_accuracy: 0.612500
EPOCH 98:
VALIDATION
valid epoch balanced_accuracy: 0.632500
EPOCH 99:
VALIDATION
valid epoch balanced_accuracy: 0.635000
EPOCH 100:
VALIDATION
valid epoch balanced_accuracy: 0.595000
EPOCH 101:
VALIDATION
valid epoch balanced_accuracy: 0.637500
EPOCH 102:
VALIDATION
valid epoch balanced_accuracy: 0.662500
EPOCH 103:
VALIDATION
valid epoch balanced_accuracy: 0.625000
EPOCH 104:
VALIDATION
valid epoch balanced_accuracy: 0.677500
EPOCH 105:
VALIDATION
valid epoch balanced_accuracy: 0.642500
EPOCH 106:
VALIDATION
valid epoch balanced_accuracy: 0.675000
EPOCH 107:
VALIDATION
valid epoch balanced_accuracy: 0.595000
EPOCH 108:
VALIDATION
valid epoch balanced_accuracy: 0.572500
EPOCH 109:
VALIDATION
valid epoch balanced_accuracy: 0.617500
EPOCH 110:
VALIDATION
valid epoch balanced_accuracy: 0.640000
EPOCH 111:
VALIDATION
valid epoch balanced_accuracy: 0.635000
EPOCH 112:
VALIDATION
valid epoch balanced_accuracy: 0.590000
EPOCH 113:
VALIDATION
valid epoch balanced_accuracy: 0.602500
EPOCH 114:
VALIDATION
valid epoch balanced_accuracy: 0.532500
EPOCH 115:
VALIDATION
valid epoch balanced_accuracy: 0.612500
EPOCH 116:
VALIDATION
valid epoch balanced_accuracy: 0.602500
EPOCH 117:
VALIDATION
valid epoch balanced_accuracy: 0.612500
EPOCH 118:
VALIDATION
valid epoch balanced_accuracy: 0.612500
EPOCH 119:
VALIDATION
valid epoch balanced_accuracy: 0.620000
EPOCH 120:
VALIDATION
valid epoch balanced_accuracy: 0.625000
EPOCH 121:
VALIDATION
valid epoch balanced_accuracy: 0.632500
EPOCH 122:
VALIDATION
valid epoch balanced_accuracy: 0.615000
EPOCH 123:
VALIDATION
valid epoch balanced_accuracy: 0.612500
EPOCH 124:
VALIDATION
valid epoch balanced_accuracy: 0.640000
EPOCH 125:
VALIDATION
valid epoch balanced_accuracy: 0.577500
EPOCH 126:
VALIDATION
valid epoch balanced_accuracy: 0.630000
EPOCH 127:
VALIDATION
valid epoch balanced_accuracy: 0.555000
EPOCH 128:
VALIDATION
valid epoch balanced_accuracy: 0.602500
EPOCH 129:
VALIDATION
valid epoch balanced_accuracy: 0.582500
EPOCH 130:
VALIDATION
valid epoch balanced_accuracy: 0.590000
EPOCH 131:
VALIDATION
valid epoch balanced_accuracy: 0.575000
EPOCH 132:
VALIDATION
valid epoch balanced_accuracy: 0.632500
EPOCH 133:
VALIDATION
valid epoch balanced_accuracy: 0.600000
EPOCH 134:
VALIDATION
valid epoch balanced_accuracy: 0.600000
EPOCH 135:
VALIDATION
valid epoch balanced_accuracy: 0.582500
EPOCH 136:
VALIDATION
valid epoch balanced_accuracy: 0.620000
EPOCH 137:
VALIDATION
valid epoch balanced_accuracy: 0.592500
EPOCH 138:
VALIDATION
valid epoch balanced_accuracy: 0.617500
EPOCH 139:
VALIDATION
valid epoch balanced_accuracy: 0.572500
EPOCH 140:
VALIDATION
valid epoch balanced_accuracy: 0.602500
EPOCH 141:
VALIDATION
valid epoch balanced_accuracy: 0.615000
EPOCH 142:
VALIDATION
valid epoch balanced_accuracy: 0.535000
EPOCH 143:
VALIDATION
valid epoch balanced_accuracy: 0.585000
EPOCH 144:
VALIDATION
valid epoch balanced_accuracy: 0.547500
EPOCH 145:
VALIDATION
valid epoch balanced_accuracy: 0.617500
EPOCH 146:
VALIDATION
valid epoch balanced_accuracy: 0.535000
EPOCH 147:
VALIDATION
valid epoch balanced_accuracy: 0.587500
EPOCH 148:
VALIDATION
valid epoch balanced_accuracy: 0.580000
EPOCH 149:
VALIDATION
valid epoch balanced_accuracy: 0.592500
EPOCH 150:
VALIDATION
valid epoch balanced_accuracy: 0.615000
accuracy: 0.844444
sensitivity: 0.860000
precision: 0.860000
specificity: 0.825000
IoU: 0.754386
FAR: 0.175000
F1: 0.860000
balanced_accuracy: 0.842500
loss: 0.387766
