Opening shared SSH connection to kalinina@bigfoot.
Using active Bigfoot queue: /home/kalinina/DL_project/.bigfoot_job_queues/active
# INFO:  Moldable instance:  1  Estimated nb resources:  8  Walltime:  18000
OAR_JOB_ID=16865
# INFO:  Moldable instance:  1  Estimated nb resources:  8  Walltime:  18000
OAR_JOB_ID=16866
# INFO:  Moldable instance:  1  Estimated nb resources:  8  Walltime:  18000
OAR_JOB_ID=16867
# INFO:  Moldable instance:  1  Estimated nb resources:  8  Walltime:  18000
OAR_JOB_ID=16868
# INFO:  Moldable instance:  1  Estimated nb resources:  8  Walltime:  18000
OAR_JOB_ID=16869
# INFO:  Moldable instance:  1  Estimated nb resources:  8  Walltime:  18000
OAR_JOB_ID=16870
# INFO:  Moldable instance:  1  Estimated nb resources:  8  Walltime:  18000
OAR_JOB_ID=16871
# INFO:  Moldable instance:  1  Estimated nb resources:  8  Walltime:  18000
OAR_JOB_ID=16872
# INFO:  Moldable instance:  1  Estimated nb resources:  8  Walltime:  18000
OAR_JOB_ID=16873
# INFO:  Moldable instance:  1  Estimated nb resources:  8  Walltime:  18000
OAR_JOB_ID=16874
# INFO:  Moldable instance:  1  Estimated nb resources:  8  Walltime:  18000
OAR_JOB_ID=16875
# INFO:  Moldable instance:  1  Estimated nb resources:  8  Walltime:  18000
OAR_JOB_ID=16876
# INFO:  Moldable instance:  1  Estimated nb resources:  8  Walltime:  18000
OAR_JOB_ID=16877
# INFO:  Moldable instance:  1  Estimated nb resources:  8  Walltime:  18000
OAR_JOB_ID=16878
# INFO:  Moldable instance:  1  Estimated nb resources:  8  Walltime:  18000
OAR_JOB_ID=16879
# INFO:  Moldable instance:  1  Estimated nb resources:  8  Walltime:  18000
OAR_JOB_ID=16880
# INFO:  Moldable instance:  1  Estimated nb resources:  8  Walltime:  18000
OAR_JOB_ID=16881
# INFO:  Moldable instance:  1  Estimated nb resources:  8  Walltime:  18000
OAR_JOB_ID=16882
# INFO:  Moldable instance:  1  Estimated nb resources:  8  Walltime:  18000
OAR_JOB_ID=16883
# INFO:  Moldable instance:  1  Estimated nb resources:  8  Walltime:  18000
OAR_JOB_ID=16884
# INFO:  Moldable instance:  1  Estimated nb resources:  8  Walltime:  18000
OAR_JOB_ID=16885
# INFO:  Moldable instance:  1  Estimated nb resources:  8  Walltime:  18000
OAR_JOB_ID=16886
# INFO:  Moldable instance:  1  Estimated nb resources:  8  Walltime:  18000
OAR_JOB_ID=16887
# INFO:  Moldable instance:  1  Estimated nb resources:  8  Walltime:  18000
OAR_JOB_ID=16888
# INFO:  Moldable instance:  1  Estimated nb resources:  8  Walltime:  18000
OAR_JOB_ID=16889
# INFO:  Moldable instance:  1  Estimated nb resources:  8  Walltime:  18000
OAR_JOB_ID=16890
# INFO:  Moldable instance:  1  Estimated nb resources:  8  Walltime:  18000
OAR_JOB_ID=16891
# INFO:  Moldable instance:  1  Estimated nb resources:  8  Walltime:  18000
OAR_JOB_ID=16892
# INFO:  Moldable instance:  1  Estimated nb resources:  8  Walltime:  18000
OAR_JOB_ID=16893
# INFO:  Moldable instance:  1  Estimated nb resources:  8  Walltime:  18000
OAR_JOB_ID=16894
# INFO:  Moldable instance:  1  Estimated nb resources:  8  Walltime:  18000
OAR_JOB_ID=16895
# INFO:  Moldable instance:  1  Estimated nb resources:  8  Walltime:  18000
OAR_JOB_ID=16896
# INFO:  Moldable instance:  1  Estimated nb resources:  8  Walltime:  18000
OAR_JOB_ID=16897
# INFO:  Moldable instance:  1  Estimated nb resources:  8  Walltime:  18000
OAR_JOB_ID=16898
# INFO:  Moldable instance:  1  Estimated nb resources:  8  Walltime:  18000
OAR_JOB_ID=16899
# INFO:  Moldable instance:  1  Estimated nb resources:  8  Walltime:  18000
OAR_JOB_ID=16900
# INFO:  Moldable instance:  1  Estimated nb resources:  8  Walltime:  18000
OAR_JOB_ID=16901
# INFO:  Moldable instance:  1  Estimated nb resources:  8  Walltime:  18000
OAR_JOB_ID=16902
# INFO:  Moldable instance:  1  Estimated nb resources:  8  Walltime:  18000
OAR_JOB_ID=16903
# INFO:  Moldable instance:  1  Estimated nb resources:  8  Walltime:  18000
OAR_JOB_ID=16904
# INFO:  Moldable instance:  1  Estimated nb resources:  8  Walltime:  18000
OAR_JOB_ID=16905
# INFO:  Moldable instance:  1  Estimated nb resources:  8  Walltime:  18000
OAR_JOB_ID=16906
# INFO:  Moldable instance:  1  Estimated nb resources:  8  Walltime:  18000
OAR_JOB_ID=16907
# INFO:  Moldable instance:  1  Estimated nb resources:  8  Walltime:  18000
OAR_JOB_ID=16908
# INFO:  Moldable instance:  1  Estimated nb resources:  8  Walltime:  18000
OAR_JOB_ID=16909
Submitted 45 jobs nps3mlp_gat_residual across all 9 groups and seeds 0-4.
Bigfoot queue: submitted=1 waiting_before=0 max_waiting=50 pending=0.
Current OAR jobs for kalinina:
    16745    no_post_sa…   3:40:25    Running   kalinina   R=10,J=P,Q…   default  
    16747    no_post_sa…   1:33:10    Running   kalinina   R=10,J=P,Q…   default  
    16748    no_post_sa…   1:29:56    Running   kalinina   R=10,J=P,Q…   default  
    16749    no_post_sa…   1:10:11    Running   kalinina   R=10,J=P,Q…   default  
    16750    no_post_sa…   1:06:07    Running   kalinina   R=8,J=P,Q=…   default  
    16751    no_post_sa…   0:53:10    Running   kalinina   R=8,J=P,Q=…   default  
    16752    no_post_sa…   0:51:47    Running   kalinina   R=32,J=P,Q…   default  
    16865    nps3mlp_ga…   -          Waiting   kalinina   R=8,W=1809…   default  
    16866    nps3mlp_ga…   -          Waiting   kalinina   R=10,W=180…   default  
    16867    nps3mlp_ga…   -          Waiting   kalinina   R=8,W=1809…   default  
    16868    nps3mlp_ga…   -          Waiting   kalinina   R=10,W=180…   default  
    16869    nps3mlp_ga…   -          Waiting   kalinina   R=10,W=180…   default  
    16870    nps3mlp_ga…   -          Waiting   kalinina   R=10,W=180…   default  
    16871    nps3mlp_ga…   -          Waiting   kalinina   R=10,W=180…   default  
    16872    nps3mlp_ga…   -          Waiting   kalinina   R=32,W=180…   default  
    16873    nps3mlp_ga…   -          Waiting   kalinina   R=10,W=180…   default  
    16874    nps3mlp_ga…   -          Waiting   kalinina   R=10,W=180…   default  
    16875    nps3mlp_ga…   -          Waiting   kalinina   R=10,W=180…   default  
    16876    nps3mlp_ga…   -          Waiting   kalinina   R=8,W=1809…   default  
    16877    nps3mlp_ga…   -          Waiting   kalinina   R=8,W=1809…   default  
    16878    nps3mlp_ga…   -          Waiting   kalinina   R=32,W=180…   default  
    16879    nps3mlp_ga…   -          Waiting   kalinina   R=8,W=1809…   default  
    16880    nps3mlp_ga…   -          Waiting   kalinina   R=10,W=180…   default  
    16881    nps3mlp_ga…   -          Waiting   kalinina   R=10,W=180…   default  
    16882    nps3mlp_ga…   -          Waiting   kalinina   R=8,W=1809…   default  
    16883    nps3mlp_ga…   -          Waiting   kalinina   R=10,W=180…   default  
    16884    nps3mlp_ga…   -          Waiting   kalinina   R=10,W=180…   default  
    16885    nps3mlp_ga…   -          Waiting   kalinina   R=10,W=180…   default  
    16886    nps3mlp_ga…   -          Waiting   kalinina   R=10,W=180…   default  
    16887    nps3mlp_ga…   -          Waiting   kalinina   R=32,W=180…   default  
    16888    nps3mlp_ga…   -          Waiting   kalinina   R=10,W=180…   default  
    16889    nps3mlp_ga…   -          Waiting   kalinina   R=10,W=180…   default  
    16890    nps3mlp_ga…   -          Waiting   kalinina   R=10,W=180…   default  
    16891    nps3mlp_ga…   -          Waiting   kalinina   R=8,W=1809…   default  
    16892    nps3mlp_ga…   -          Waiting   kalinina   R=8,W=1809…   default  
    16893    nps3mlp_ga…   -          Waiting   kalinina   R=32,W=180…   default  
    16894    nps3mlp_ga…   -          Waiting   kalinina   R=10,W=180…   default  
    16895    nps3mlp_ga…   -          Waiting   kalinina   R=8,W=1809…   default  
    16896    nps3mlp_ga…   -          Waiting   kalinina   R=8,W=1809…   default  
    16897    nps3mlp_ga…   -          Waiting   kalinina   R=10,W=180…   default  
    16898    nps3mlp_ga…   -          Waiting   kalinina   R=10,W=180…   default  
    16899    nps3mlp_ga…   -          Waiting   kalinina   R=10,W=180…   default  
    16900    nps3mlp_ga…   -          Waiting   kalinina   R=10,W=180…   default  
    16901    nps3mlp_ga…   -          Waiting   kalinina   R=10,W=180…   default  
    16902    nps3mlp_ga…   -          Waiting   kalinina   R=10,W=180…   default  
    16903    nps3mlp_ga…   -          Waiting   kalinina   R=8,W=1809…   default  
    16904    nps3mlp_ga…   -          Waiting   kalinina   R=10,W=180…   default  
    16905    nps3mlp_ga…   -          Waiting   kalinina   R=10,W=180…   default  
    16906    nps3mlp_ga…   -          Waiting   kalinina   R=10,W=180…   default  
    16907    nps3mlp_ga…   -          Waiting   kalinina   R=10,W=180…   default  
    16908    nps3mlp_ga…   -          Waiting   kalinina   R=8,W=5:0:…   default  
    16909    nps3mlp_ga…   -          Waiting   kalinina   R=8,W=5:0:…   default  
Synchronizing script logs.
Job 16745 (no_post_sa_3mlp_addpool_ML_s2)
  Epoch: current 150 | checkpoint 13 | best rolling-5 balanced accuracy 0.675000
  Latest train balanced accuracy: 0.995334
  Checkpoint valid:  predicted 0/1 = 3/7 | actual 0/1 = 4/6
Job 16747 (no_post_sa_3mlp_addpool_ML_s4)
  Epoch: current 63 | checkpoint 43 | best rolling-5 balanced accuracy 0.693333
  Latest train balanced accuracy: 0.982100
  Checkpoint valid:  predicted 0/1 = 12/2 | actual 0/1 = 9/5
Job 16748 (no_post_sa_3mlp_addpool_OSBP_s0)
  Epoch: current 63 | checkpoint 26 | best rolling-5 balanced accuracy 0.725000
  Latest train balanced accuracy: 0.979273
  Checkpoint valid:  predicted 0/1 = 10/12 | actual 0/1 = 20/2
Job 16749 (no_post_sa_3mlp_addpool_OSBP_s1)
  Epoch: current 48 | checkpoint 37 | best rolling-5 balanced accuracy 0.769048
  Latest train balanced accuracy: 0.978134
  Checkpoint valid:  predicted 0/1 = 12/5 | actual 0/1 = 14/3
Job 16750 (no_post_sa_3mlp_addpool_OSBP_s2)
  Epoch: current 52 | checkpoint 42 | best rolling-5 balanced accuracy 0.842105
  Latest train balanced accuracy: 0.916375
  Checkpoint valid:  predicted 0/1 = 15/7 | actual 0/1 = 19/3
Job 16751 (no_post_sa_3mlp_addpool_OSBP_s3)
  Epoch: current 35 | checkpoint 5 | best rolling-5 balanced accuracy 0.564286
  Latest train balanced accuracy: 0.941084
  Checkpoint valid:  predicted 0/1 = 3/15 | actual 0/1 = 14/4
Job 16752 (no_post_sa_3mlp_addpool_OSBP_s4)
  Epoch: current 43 | checkpoint 17 | best rolling-5 balanced accuracy 0.800000
  Latest train balanced accuracy: 0.912526
  Checkpoint valid:  predicted 0/1 = 13/10 | actual 0/1 = 21/2
Next waiting job start: OAR has not scheduled one yet.
OAR jobs: running=7 waiting=45 other=0 total=52 pending_queue=0. Checking again in 300 seconds.
Bigfoot queue: submitted=0 waiting_before=44 max_waiting=50 pending=0.
Current OAR jobs for kalinina:
    16747    no_post_sa…   1:38:18    Running   kalinina   R=10,J=P,Q…   default  
    16748    no_post_sa…   1:35:04    Running   kalinina   R=10,J=P,Q…   default  
    16749    no_post_sa…   1:15:19    Running   kalinina   R=10,J=P,Q…   default  
    16750    no_post_sa…   1:11:15    Running   kalinina   R=8,J=P,Q=…   default  
    16751    no_post_sa…   0:58:18    Running   kalinina   R=8,J=P,Q=…   default  
    16752    no_post_sa…   0:56:55    Running   kalinina   R=32,J=P,Q…   default  
    16865    nps3mlp_ga…   0:04:33    Running   kalinina   R=10,J=P,Q…   default  
    16866    nps3mlp_ga…   -          Waiting   kalinina   R=8,W=1809…   default  
    16867    nps3mlp_ga…   -          Waiting   kalinina   R=10,W=180…   default  
    16868    nps3mlp_ga…   -          Waiting   kalinina   R=8,W=1809…   default  
    16869    nps3mlp_ga…   -          Waiting   kalinina   R=10,W=180…   default  
    16870    nps3mlp_ga…   -          Waiting   kalinina   R=10,W=180…   default  
    16871    nps3mlp_ga…   -          Waiting   kalinina   R=10,W=180…   default  
    16872    nps3mlp_ga…   -          Waiting   kalinina   R=10,W=180…   default  
    16873    nps3mlp_ga…   -          Waiting   kalinina   R=32,W=180…   default  
    16874    nps3mlp_ga…   -          Waiting   kalinina   R=10,W=180…   default  
    16875    nps3mlp_ga…   -          Waiting   kalinina   R=10,W=180…   default  
    16876    nps3mlp_ga…   -          Waiting   kalinina   R=10,W=180…   default  
    16877    nps3mlp_ga…   -          Waiting   kalinina   R=8,W=1809…   default  
    16878    nps3mlp_ga…   -          Waiting   kalinina   R=8,W=1809…   default  
    16879    nps3mlp_ga…   -          Waiting   kalinina   R=32,W=180…   default  
    16880    nps3mlp_ga…   -          Waiting   kalinina   R=10,W=180…   default  
    16881    nps3mlp_ga…   -          Waiting   kalinina   R=8,W=1809…   default  
    16882    nps3mlp_ga…   -          Waiting   kalinina   R=10,W=180…   default  
    16883    nps3mlp_ga…   -          Waiting   kalinina   R=8,W=1809…   default  
    16884    nps3mlp_ga…   -          Waiting   kalinina   R=10,W=180…   default  
    16885    nps3mlp_ga…   -          Waiting   kalinina   R=10,W=180…   default  
    16886    nps3mlp_ga…   -          Waiting   kalinina   R=10,W=180…   default  
    16887    nps3mlp_ga…   -          Waiting   kalinina   R=10,W=180…   default  
    16888    nps3mlp_ga…   -          Waiting   kalinina   R=32,W=180…   default  
    16889    nps3mlp_ga…   -          Waiting   kalinina   R=10,W=180…   default  
    16890    nps3mlp_ga…   -          Waiting   kalinina   R=10,W=180…   default  
    16891    nps3mlp_ga…   -          Waiting   kalinina   R=10,W=180…   default  
    16892    nps3mlp_ga…   -          Waiting   kalinina   R=8,W=1809…   default  
    16893    nps3mlp_ga…   -          Waiting   kalinina   R=8,W=1809…   default  
    16894    nps3mlp_ga…   -          Waiting   kalinina   R=32,W=180…   default  
    16895    nps3mlp_ga…   -          Waiting   kalinina   R=10,W=180…   default  
    16896    nps3mlp_ga…   -          Waiting   kalinina   R=10,W=180…   default  
    16897    nps3mlp_ga…   -          Waiting   kalinina   R=8,W=1809…   default  
    16898    nps3mlp_ga…   -          Waiting   kalinina   R=8,W=1809…   default  
    16899    nps3mlp_ga…   -          Waiting   kalinina   R=10,W=180…   default  
    16900    nps3mlp_ga…   -          Waiting   kalinina   R=10,W=180…   default  
    16901    nps3mlp_ga…   -          Waiting   kalinina   R=10,W=180…   default  
    16902    nps3mlp_ga…   -          Waiting   kalinina   R=10,W=180…   default  
    16903    nps3mlp_ga…   -          Waiting   kalinina   R=10,W=180…   default  
    16904    nps3mlp_ga…   -          Waiting   kalinina   R=8,W=1809…   default  
    16905    nps3mlp_ga…   -          Waiting   kalinina   R=10,W=180…   default  
    16906    nps3mlp_ga…   -          Waiting   kalinina   R=10,W=180…   default  
    16907    nps3mlp_ga…   -          Waiting   kalinina   R=10,W=180…   default  
    16908    nps3mlp_ga…   -          Waiting   kalinina   R=10,W=180…   default  
    16909    nps3mlp_ga…   -          Waiting   kalinina   R=32,W=180…   default  
Synchronizing script logs.
Job 16747 (no_post_sa_3mlp_addpool_ML_s4)
  Epoch: current 66 | checkpoint 43 | best rolling-5 balanced accuracy 0.693333
  Latest train balanced accuracy: 0.965993
  Checkpoint valid:  predicted 0/1 = 12/2 | actual 0/1 = 9/5
Job 16748 (no_post_sa_3mlp_addpool_OSBP_s0)
  Epoch: current 66 | checkpoint 26 | best rolling-5 balanced accuracy 0.725000
  Latest train balanced accuracy: 0.967291
  Checkpoint valid:  predicted 0/1 = 10/12 | actual 0/1 = 20/2
Job 16749 (no_post_sa_3mlp_addpool_OSBP_s1)
  Epoch: current 51 | checkpoint 37 | best rolling-5 balanced accuracy 0.769048
  Latest train balanced accuracy: 0.976981
  Checkpoint valid:  predicted 0/1 = 12/5 | actual 0/1 = 14/3
Job 16750 (no_post_sa_3mlp_addpool_OSBP_s2)
  Epoch: current 56 | checkpoint 55 | best rolling-5 balanced accuracy 0.847368
  Latest train balanced accuracy: 0.979531
  Checkpoint valid:  predicted 0/1 = 11/11 | actual 0/1 = 19/3
Job 16751 (no_post_sa_3mlp_addpool_OSBP_s3)
  Epoch: current 38 | checkpoint 5 | best rolling-5 balanced accuracy 0.564286
  Latest train balanced accuracy: 0.927588
  Checkpoint valid:  predicted 0/1 = 3/15 | actual 0/1 = 14/4
Job 16752 (no_post_sa_3mlp_addpool_OSBP_s4)
  Epoch: current 47 | checkpoint 17 | best rolling-5 balanced accuracy 0.800000
  Latest train balanced accuracy: 0.971208
  Checkpoint valid:  predicted 0/1 = 13/10 | actual 0/1 = 21/2
Job 16865 (nps3mlp_gat_residual_CRAL-TRIO_s0)
  Epoch: current 4 | checkpoint 3 | best rolling-5 balanced accuracy 0.453518
  Latest train balanced accuracy: 0.742822
  Checkpoint valid:  predicted 0/1 = 0/172 | actual 0/1 = 72/100
Completed OAR job IDs:
16745
Synchronizing results from completed jobs.
Updating metrics table and feature contributions.
Added 0 new metric rows to /home/kalinina/DL_project/metrics_summary.csv
Next waiting job start: OAR has not scheduled one yet.
OAR jobs: running=7 waiting=44 other=0 total=51 pending_queue=0. Checking again in 300 seconds.
Bigfoot queue: submitted=0 waiting_before=44 max_waiting=50 pending=0.
Current OAR jobs for kalinina:
    16747    no_post_sa…   1:43:28    Running   kalinina   R=10,J=P,Q…   default  
    16748    no_post_sa…   1:40:14    Running   kalinina   R=10,J=P,Q…   default  
    16749    no_post_sa…   1:20:29    Running   kalinina   R=10,J=P,Q…   default  
    16750    no_post_sa…   1:16:25    Running   kalinina   R=8,J=P,Q=…   default  
    16751    no_post_sa…   1:03:28    Running   kalinina   R=8,J=P,Q=…   default  
    16752    no_post_sa…   1:02:05    Running   kalinina   R=32,J=P,Q…   default  
    16865    nps3mlp_ga…   0:09:43    Running   kalinina   R=10,J=P,Q…   default  
    16866    nps3mlp_ga…   -          Waiting   kalinina   R=8,W=1809…   default  
    16867    nps3mlp_ga…   -          Waiting   kalinina   R=10,W=180…   default  
    16868    nps3mlp_ga…   -          Waiting   kalinina   R=8,W=1809…   default  
    16869    nps3mlp_ga…   -          Waiting   kalinina   R=10,W=180…   default  
    16870    nps3mlp_ga…   -          Waiting   kalinina   R=10,W=180…   default  
    16871    nps3mlp_ga…   -          Waiting   kalinina   R=10,W=180…   default  
    16872    nps3mlp_ga…   -          Waiting   kalinina   R=10,W=180…   default  
    16873    nps3mlp_ga…   -          Waiting   kalinina   R=32,W=180…   default  
    16874    nps3mlp_ga…   -          Waiting   kalinina   R=10,W=180…   default  
    16875    nps3mlp_ga…   -          Waiting   kalinina   R=10,W=180…   default  
    16876    nps3mlp_ga…   -          Waiting   kalinina   R=10,W=180…   default  
    16877    nps3mlp_ga…   -          Waiting   kalinina   R=8,W=1809…   default  
    16878    nps3mlp_ga…   -          Waiting   kalinina   R=8,W=1809…   default  
    16879    nps3mlp_ga…   -          Waiting   kalinina   R=32,W=180…   default  
    16880    nps3mlp_ga…   -          Waiting   kalinina   R=10,W=180…   default  
    16881    nps3mlp_ga…   -          Waiting   kalinina   R=8,W=1809…   default  
    16882    nps3mlp_ga…   -          Waiting   kalinina   R=10,W=180…   default  
    16883    nps3mlp_ga…   -          Waiting   kalinina   R=8,W=1809…   default  
    16884    nps3mlp_ga…   -          Waiting   kalinina   R=10,W=180…   default  
    16885    nps3mlp_ga…   -          Waiting   kalinina   R=10,W=180…   default  
    16886    nps3mlp_ga…   -          Waiting   kalinina   R=10,W=180…   default  
    16887    nps3mlp_ga…   -          Waiting   kalinina   R=10,W=180…   default  
    16888    nps3mlp_ga…   -          Waiting   kalinina   R=32,W=180…   default  
    16889    nps3mlp_ga…   -          Waiting   kalinina   R=10,W=180…   default  
    16890    nps3mlp_ga…   -          Waiting   kalinina   R=10,W=180…   default  
    16891    nps3mlp_ga…   -          Waiting   kalinina   R=10,W=180…   default  
    16892    nps3mlp_ga…   -          Waiting   kalinina   R=8,W=1809…   default  
    16893    nps3mlp_ga…   -          Waiting   kalinina   R=8,W=1809…   default  
    16894    nps3mlp_ga…   -          Waiting   kalinina   R=32,W=180…   default  
    16895    nps3mlp_ga…   -          Waiting   kalinina   R=10,W=180…   default  
    16896    nps3mlp_ga…   -          Waiting   kalinina   R=10,W=180…   default  
    16897    nps3mlp_ga…   -          Waiting   kalinina   R=8,W=1809…   default  
    16898    nps3mlp_ga…   -          Waiting   kalinina   R=8,W=1809…   default  
    16899    nps3mlp_ga…   -          Waiting   kalinina   R=10,W=180…   default  
    16900    nps3mlp_ga…   -          Waiting   kalinina   R=10,W=180…   default  
    16901    nps3mlp_ga…   -          Waiting   kalinina   R=10,W=180…   default  
    16902    nps3mlp_ga…   -          Waiting   kalinina   R=10,W=180…   default  
    16903    nps3mlp_ga…   -          Waiting   kalinina   R=10,W=180…   default  
    16904    nps3mlp_ga…   -          Waiting   kalinina   R=8,W=1809…   default  
    16905    nps3mlp_ga…   -          Waiting   kalinina   R=10,W=180…   default  
    16906    nps3mlp_ga…   -          Waiting   kalinina   R=10,W=180…   default  
    16907    nps3mlp_ga…   -          Waiting   kalinina   R=10,W=180…   default  
    16908    nps3mlp_ga…   -          Waiting   kalinina   R=10,W=180…   default  
    16909    nps3mlp_ga…   -          Waiting   kalinina   R=32,W=180…   default  
Synchronizing script logs.
Job 16747 (no_post_sa_3mlp_addpool_ML_s4)
  Epoch: current 70 | checkpoint 43 | best rolling-5 balanced accuracy 0.693333
  Latest train balanced accuracy: 0.983893
  Checkpoint valid:  predicted 0/1 = 12/2 | actual 0/1 = 9/5
Job 16748 (no_post_sa_3mlp_addpool_OSBP_s0)
  Epoch: current 70 | checkpoint 26 | best rolling-5 balanced accuracy 0.725000
  Latest train balanced accuracy: 0.992954
  Checkpoint valid:  predicted 0/1 = 10/12 | actual 0/1 = 20/2
Job 16749 (no_post_sa_3mlp_addpool_OSBP_s1)
  Epoch: current 54 | checkpoint 37 | best rolling-5 balanced accuracy 0.769048
  Latest train balanced accuracy: 0.972243
  Checkpoint valid:  predicted 0/1 = 12/5 | actual 0/1 = 14/3
Job 16750 (no_post_sa_3mlp_addpool_OSBP_s2)
  Epoch: current 60 | checkpoint 57 | best rolling-5 balanced accuracy 0.847369
  Latest train balanced accuracy: 0.975416
  Checkpoint valid:  predicted 0/1 = 15/7 | actual 0/1 = 19/3
Job 16751 (no_post_sa_3mlp_addpool_OSBP_s3)
  Epoch: current 42 | checkpoint 5 | best rolling-5 balanced accuracy 0.564286
  Latest train balanced accuracy: 0.962123
  Checkpoint valid:  predicted 0/1 = 3/15 | actual 0/1 = 14/4
Job 16752 (no_post_sa_3mlp_addpool_OSBP_s4)
  Epoch: current 51 | checkpoint 17 | best rolling-5 balanced accuracy 0.800000
  Latest train balanced accuracy: 0.981331
  Checkpoint valid:  predicted 0/1 = 13/10 | actual 0/1 = 21/2
Job 16865 (nps3mlp_gat_residual_CRAL-TRIO_s0)
  Epoch: current 8 | checkpoint 7 | best rolling-5 balanced accuracy 0.542222
  Latest train balanced accuracy: 0.797864
  Checkpoint valid:  predicted 0/1 = 32/140 | actual 0/1 = 72/100
Next waiting job start: OAR has not scheduled one yet.
OAR jobs: running=7 waiting=44 other=0 total=51 pending_queue=0. Checking again in 300 seconds.
# ADMISSION RULE> A failed admission rule prevented submitting the job: 
[MAX_JOBS] Error: you cannot have more than 50 jobs waiting in the queue at the same time.
[MAX_JOBS] Please, consider using CIGRI (https://gricad-doc.univ-grenoble-alpes.fr/hpc/grid/).
Bigfoot queue: oarsub failed; kept remaining commands in /home/kalinina/DL_project/.bigfoot_job_queues/active/pending.commands.
Bigfoot queue: drain failed; will retry on the next poll.
Current OAR jobs for kalinina:
    16747    no_post_sa…   1:48:36    Running   kalinina   R=10,J=P,Q…   default  
    16748    no_post_sa…   1:45:22    Running   kalinina   R=10,J=P,Q…   default  
    16749    no_post_sa…   1:25:37    Running   kalinina   R=10,J=P,Q…   default  
    16750    no_post_sa…   1:21:33    Running   kalinina   R=8,J=P,Q=…   default  
    16751    no_post_sa…   1:08:36    Running   kalinina   R=8,J=P,Q=…   default  
    16752    no_post_sa…   1:07:13    Running   kalinina   R=32,J=P,Q…   default  
    16865    nps3mlp_ga…   0:14:51    Running   kalinina   R=10,J=P,Q…   default  
    16866    nps3mlp_ga…   -          Waiting   kalinina   R=8,W=1809…   default  
    16867    nps3mlp_ga…   -          Waiting   kalinina   R=10,W=180…   default  
    16868    nps3mlp_ga…   -          Waiting   kalinina   R=8,W=1809…   default  
    16869    nps3mlp_ga…   -          Waiting   kalinina   R=10,W=180…   default  
    16870    nps3mlp_ga…   -          Waiting   kalinina   R=10,W=180…   default  
    16871    nps3mlp_ga…   -          Waiting   kalinina   R=10,W=180…   default  
    16872    nps3mlp_ga…   -          Waiting   kalinina   R=10,W=180…   default  
    16873    nps3mlp_ga…   -          Waiting   kalinina   R=32,W=180…   default  
    16874    nps3mlp_ga…   -          Waiting   kalinina   R=10,W=180…   default  
    16875    nps3mlp_ga…   -          Waiting   kalinina   R=10,W=180…   default  
    16876    nps3mlp_ga…   -          Waiting   kalinina   R=10,W=180…   default  
    16877    nps3mlp_ga…   -          Waiting   kalinina   R=8,W=1809…   default  
    16878    nps3mlp_ga…   -          Waiting   kalinina   R=8,W=1809…   default  
    16879    nps3mlp_ga…   -          Waiting   kalinina   R=32,W=180…   default  
    16880    nps3mlp_ga…   -          Waiting   kalinina   R=10,W=180…   default  
    16881    nps3mlp_ga…   -          Waiting   kalinina   R=8,W=1809…   default  
    16882    nps3mlp_ga…   -          Waiting   kalinina   R=10,W=180…   default  
    16883    nps3mlp_ga…   -          Waiting   kalinina   R=8,W=1809…   default  
    16884    nps3mlp_ga…   -          Waiting   kalinina   R=10,W=180…   default  
    16885    nps3mlp_ga…   -          Waiting   kalinina   R=10,W=180…   default  
    16886    nps3mlp_ga…   -          Waiting   kalinina   R=10,W=180…   default  
    16887    nps3mlp_ga…   -          Waiting   kalinina   R=10,W=180…   default  
    16888    nps3mlp_ga…   -          Waiting   kalinina   R=32,W=180…   default  
    16889    nps3mlp_ga…   -          Waiting   kalinina   R=10,W=180…   default  
    16890    nps3mlp_ga…   -          Waiting   kalinina   R=10,W=180…   default  
    16891    nps3mlp_ga…   -          Waiting   kalinina   R=10,W=180…   default  
    16892    nps3mlp_ga…   -          Waiting   kalinina   R=8,W=1809…   default  
    16893    nps3mlp_ga…   -          Waiting   kalinina   R=8,W=1809…   default  
    16894    nps3mlp_ga…   -          Waiting   kalinina   R=32,W=180…   default  
    16895    nps3mlp_ga…   -          Waiting   kalinina   R=10,W=180…   default  
    16896    nps3mlp_ga…   -          Waiting   kalinina   R=10,W=180…   default  
    16897    nps3mlp_ga…   -          Waiting   kalinina   R=8,W=1809…   default  
    16898    nps3mlp_ga…   -          Waiting   kalinina   R=8,W=1809…   default  
    16899    nps3mlp_ga…   -          Waiting   kalinina   R=10,W=180…   default  
    16900    nps3mlp_ga…   -          Waiting   kalinina   R=10,W=180…   default  
    16901    nps3mlp_ga…   -          Waiting   kalinina   R=10,W=180…   default  
    16902    nps3mlp_ga…   -          Waiting   kalinina   R=10,W=180…   default  
    16903    nps3mlp_ga…   -          Waiting   kalinina   R=10,W=180…   default  
    16904    nps3mlp_ga…   -          Waiting   kalinina   R=8,W=1809…   default  
    16905    nps3mlp_ga…   -          Waiting   kalinina   R=10,W=180…   default  
    16906    nps3mlp_ga…   -          Waiting   kalinina   R=10,W=180…   default  
    16907    nps3mlp_ga…   -          Waiting   kalinina   R=10,W=180…   default  
    16908    nps3mlp_ga…   -          Waiting   kalinina   R=10,W=180…   default  
    16909    nps3mlp_ga…   -          Waiting   kalinina   R=32,W=180…   default  
    16910    nps3mlp_gi…   -          Waiting   kalinina   R=10,W=180…   default  
    16911    nps3mlp_gi…   -          Waiting   kalinina   R=10,W=180…   default  
    16912    nps3mlp_gi…   -          Waiting   kalinina   R=10,W=180…   default  
    16913    nps3mlp_gi…   -          Waiting   kalinina   R=8,W=1809…   default  
    16914    nps3mlp_gi…   -          Waiting   kalinina   R=8,W=1809…   default  
Synchronizing script logs.
Job 16747 (no_post_sa_3mlp_addpool_ML_s4)
  Epoch: current 73 | checkpoint 70 | best rolling-5 balanced accuracy 0.695555
  Latest train balanced accuracy: 0.985014
  Checkpoint valid:  predicted 0/1 = 10/4 | actual 0/1 = 9/5
Job 16748 (no_post_sa_3mlp_addpool_OSBP_s0)
  Epoch: current 73 | checkpoint 26 | best rolling-5 balanced accuracy 0.725000
  Latest train balanced accuracy: 0.992286
  Checkpoint valid:  predicted 0/1 = 10/12 | actual 0/1 = 20/2
Job 16749 (no_post_sa_3mlp_addpool_OSBP_s1)
  Epoch: current 58 | checkpoint 37 | best rolling-5 balanced accuracy 0.769048
  Latest train balanced accuracy: 0.972911
  Checkpoint valid:  predicted 0/1 = 12/5 | actual 0/1 = 14/3
Job 16750 (no_post_sa_3mlp_addpool_OSBP_s2)
  Epoch: current 64 | checkpoint 57 | best rolling-5 balanced accuracy 0.847369
  Latest train balanced accuracy: 0.983645
  Checkpoint valid:  predicted 0/1 = 15/7 | actual 0/1 = 19/3
Job 16751 (no_post_sa_3mlp_addpool_OSBP_s3)
  Epoch: current 45 | checkpoint 5 | best rolling-5 balanced accuracy 0.564286
  Latest train balanced accuracy: 0.976775
  Checkpoint valid:  predicted 0/1 = 3/15 | actual 0/1 = 14/4
Job 16752 (no_post_sa_3mlp_addpool_OSBP_s4)
  Epoch: current 55 | checkpoint 17 | best rolling-5 balanced accuracy 0.800000
  Latest train balanced accuracy: 0.969871
  Checkpoint valid:  predicted 0/1 = 13/10 | actual 0/1 = 21/2
Job 16865 (nps3mlp_gat_residual_CRAL-TRIO_s0)
  Epoch: current 12 | checkpoint 10 | best rolling-5 balanced accuracy 0.577945
  Latest train balanced accuracy: 0.865817
  Checkpoint valid:  predicted 0/1 = 127/45 | actual 0/1 = 72/100
Next waiting job start: OAR has not scheduled one yet.
OAR jobs: running=7 waiting=49 other=0 total=56 pending_queue=1. Checking again in 300 seconds.
# ADMISSION RULE> A failed admission rule prevented submitting the job: 
[MAX_JOBS] Error: you cannot have more than 50 jobs waiting in the queue at the same time.
[MAX_JOBS] Please, consider using CIGRI (https://gricad-doc.univ-grenoble-alpes.fr/hpc/grid/).
Bigfoot queue: oarsub failed; kept remaining commands in /home/kalinina/DL_project/.bigfoot_job_queues/active/pending.commands.
Bigfoot queue: drain failed; will retry on the next poll.
Current OAR jobs for kalinina:
    16747    no_post_sa…   1:53:44    Running   kalinina   R=10,J=P,Q…   default  
    16748    no_post_sa…   1:50:30    Running   kalinina   R=10,J=P,Q…   default  
    16749    no_post_sa…   1:30:45    Running   kalinina   R=10,J=P,Q…   default  
    16750    no_post_sa…   1:26:41    Running   kalinina   R=8,J=P,Q=…   default  
    16751    no_post_sa…   1:13:44    Running   kalinina   R=8,J=P,Q=…   default  
    16752    no_post_sa…   1:12:21    Running   kalinina   R=32,J=P,Q…   default  
    16865    nps3mlp_ga…   0:19:59    Running   kalinina   R=10,J=P,Q…   default  
    16866    nps3mlp_ga…   -          Waiting   kalinina   R=8,W=1809…   default  
    16867    nps3mlp_ga…   -          Waiting   kalinina   R=10,W=180…   default  
    16868    nps3mlp_ga…   -          Waiting   kalinina   R=8,W=1809…   default  
    16869    nps3mlp_ga…   -          Waiting   kalinina   R=10,W=180…   default  
    16870    nps3mlp_ga…   -          Waiting   kalinina   R=10,W=180…   default  
    16871    nps3mlp_ga…   -          Waiting   kalinina   R=10,W=180…   default  
    16872    nps3mlp_ga…   -          Waiting   kalinina   R=10,W=180…   default  
    16873    nps3mlp_ga…   -          Waiting   kalinina   R=32,W=180…   default  
    16874    nps3mlp_ga…   -          Waiting   kalinina   R=10,W=180…   default  
    16875    nps3mlp_ga…   -          Waiting   kalinina   R=10,W=180…   default  
    16876    nps3mlp_ga…   -          Waiting   kalinina   R=10,W=180…   default  
    16877    nps3mlp_ga…   -          Waiting   kalinina   R=8,W=1809…   default  
    16878    nps3mlp_ga…   -          Waiting   kalinina   R=8,W=1809…   default  
    16879    nps3mlp_ga…   -          Waiting   kalinina   R=32,W=180…   default  
    16880    nps3mlp_ga…   -          Waiting   kalinina   R=10,W=180…   default  
    16881    nps3mlp_ga…   -          Waiting   kalinina   R=8,W=1809…   default  
    16882    nps3mlp_ga…   -          Waiting   kalinina   R=10,W=180…   default  
    16883    nps3mlp_ga…   -          Waiting   kalinina   R=8,W=1809…   default  
    16884    nps3mlp_ga…   -          Waiting   kalinina   R=10,W=180…   default  
    16885    nps3mlp_ga…   -          Waiting   kalinina   R=10,W=180…   default  
    16886    nps3mlp_ga…   -          Waiting   kalinina   R=10,W=180…   default  
    16887    nps3mlp_ga…   -          Waiting   kalinina   R=10,W=180…   default  
    16888    nps3mlp_ga…   -          Waiting   kalinina   R=32,W=180…   default  
    16889    nps3mlp_ga…   -          Waiting   kalinina   R=10,W=180…   default  
    16890    nps3mlp_ga…   -          Waiting   kalinina   R=10,W=180…   default  
    16891    nps3mlp_ga…   -          Waiting   kalinina   R=10,W=180…   default  
    16892    nps3mlp_ga…   -          Waiting   kalinina   R=8,W=1809…   default  
    16893    nps3mlp_ga…   -          Waiting   kalinina   R=8,W=1809…   default  
    16894    nps3mlp_ga…   -          Waiting   kalinina   R=32,W=180…   default  
    16895    nps3mlp_ga…   -          Waiting   kalinina   R=10,W=180…   default  
    16896    nps3mlp_ga…   -          Waiting   kalinina   R=10,W=180…   default  
    16897    nps3mlp_ga…   -          Waiting   kalinina   R=8,W=1809…   default  
    16898    nps3mlp_ga…   -          Waiting   kalinina   R=8,W=1809…   default  
    16899    nps3mlp_ga…   -          Waiting   kalinina   R=10,W=180…   default  
    16900    nps3mlp_ga…   -          Waiting   kalinina   R=10,W=180…   default  
    16901    nps3mlp_ga…   -          Waiting   kalinina   R=10,W=180…   default  
    16902    nps3mlp_ga…   -          Waiting   kalinina   R=10,W=180…   default  
    16903    nps3mlp_ga…   -          Waiting   kalinina   R=10,W=180…   default  
    16904    nps3mlp_ga…   -          Waiting   kalinina   R=8,W=1809…   default  
    16905    nps3mlp_ga…   -          Waiting   kalinina   R=10,W=180…   default  
    16906    nps3mlp_ga…   -          Waiting   kalinina   R=10,W=180…   default  
    16907    nps3mlp_ga…   -          Waiting   kalinina   R=10,W=180…   default  
    16908    nps3mlp_ga…   -          Waiting   kalinina   R=10,W=180…   default  
    16909    nps3mlp_ga…   -          Waiting   kalinina   R=32,W=180…   default  
    16910    nps3mlp_gi…   -          Waiting   kalinina   R=10,W=180…   default  
    16911    nps3mlp_gi…   -          Waiting   kalinina   R=10,W=180…   default  
    16912    nps3mlp_gi…   -          Waiting   kalinina   R=10,W=180…   default  
    16913    nps3mlp_gi…   -          Waiting   kalinina   R=8,W=1809…   default  
    16914    nps3mlp_gi…   -          Waiting   kalinina   R=8,W=1809…   default  
Synchronizing script logs.
Job 16747 (no_post_sa_3mlp_addpool_ML_s4)
  Epoch: current 77 | checkpoint 73 | best rolling-5 balanced accuracy 0.706666
  Latest train balanced accuracy: 0.991047
  Checkpoint valid:  predicted 0/1 = 10/4 | actual 0/1 = 9/5
Job 16748 (no_post_sa_3mlp_addpool_OSBP_s0)
  Epoch: current 77 | checkpoint 26 | best rolling-5 balanced accuracy 0.725000
  Latest train balanced accuracy: 0.990949
  Checkpoint valid:  predicted 0/1 = 10/12 | actual 0/1 = 20/2
Job 16749 (no_post_sa_3mlp_addpool_OSBP_s1)
  Epoch: current 61 | checkpoint 37 | best rolling-5 balanced accuracy 0.769048
  Latest train balanced accuracy: 0.991193
  Checkpoint valid:  predicted 0/1 = 12/5 | actual 0/1 = 14/3
Job 16750 (no_post_sa_3mlp_addpool_OSBP_s2)
  Epoch: current 69 | checkpoint 67 | best rolling-5 balanced accuracy 0.863158
  Latest train balanced accuracy: 0.985651
  Checkpoint valid:  predicted 0/1 = 14/8 | actual 0/1 = 19/3
Job 16751 (no_post_sa_3mlp_addpool_OSBP_s3)
  Epoch: current 48 | checkpoint 5 | best rolling-5 balanced accuracy 0.564286
  Latest train balanced accuracy: 0.982430
  Checkpoint valid:  predicted 0/1 = 3/15 | actual 0/1 = 14/4
Job 16752 (no_post_sa_3mlp_addpool_OSBP_s4)
  Epoch: current 59 | checkpoint 17 | best rolling-5 balanced accuracy 0.800000
  Latest train balanced accuracy: 0.980137
  Checkpoint valid:  predicted 0/1 = 13/10 | actual 0/1 = 21/2
Job 16865 (nps3mlp_gat_residual_CRAL-TRIO_s0)
  Epoch: current 16 | checkpoint 10 | best rolling-5 balanced accuracy 0.577945
  Latest train balanced accuracy: 0.902499
  Checkpoint valid:  predicted 0/1 = 127/45 | actual 0/1 = 72/100
Next waiting job start: OAR has not scheduled one yet.
OAR jobs: running=7 waiting=49 other=0 total=56 pending_queue=1. Checking again in 300 seconds.
# INFO:  Moldable instance:  1  Estimated nb resources:  8  Walltime:  18000
OAR_JOB_ID=16915
# ADMISSION RULE> A failed admission rule prevented submitting the job: 
[MAX_JOBS] Error: you cannot have more than 50 jobs waiting in the queue at the same time.
[MAX_JOBS] Please, consider using CIGRI (https://gricad-doc.univ-grenoble-alpes.fr/hpc/grid/).
Bigfoot queue: oarsub failed; kept remaining commands in /home/kalinina/DL_project/.bigfoot_job_queues/active/pending.commands.
Bigfoot queue: drain failed; will retry on the next poll.
Current OAR jobs for kalinina:
    16747    no_post_sa…   1:58:54    Running   kalinina   R=10,J=P,Q…   default  
    16748    no_post_sa…   1:55:40    Running   kalinina   R=10,J=P,Q…   default  
    16749    no_post_sa…   1:35:55    Running   kalinina   R=10,J=P,Q…   default  
    16750    no_post_sa…   1:31:51    Running   kalinina   R=8,J=P,Q=…   default  
    16751    no_post_sa…   1:18:54    Running   kalinina   R=8,J=P,Q=…   default  
    16752    no_post_sa…   1:17:31    Running   kalinina   R=32,J=P,Q…   default  
    16865    nps3mlp_ga…   0:25:09    Running   kalinina   R=10,J=P,Q…   default  
    16866    nps3mlp_ga…   0:02:39    Running   kalinina   R=10,J=P,Q…   default  
    16867    nps3mlp_ga…   -          Waiting   kalinina   R=8,W=1809…   default  
    16868    nps3mlp_ga…   -          Waiting   kalinina   R=10,W=180…   default  
    16869    nps3mlp_ga…   -          Waiting   kalinina   R=8,W=1809…   default  
    16870    nps3mlp_ga…   -          Waiting   kalinina   R=10,W=180…   default  
    16871    nps3mlp_ga…   -          Waiting   kalinina   R=10,W=180…   default  
    16872    nps3mlp_ga…   -          Waiting   kalinina   R=10,W=180…   default  
    16873    nps3mlp_ga…   -          Waiting   kalinina   R=32,W=180…   default  
    16874    nps3mlp_ga…   -          Waiting   kalinina   R=10,W=180…   default  
    16875    nps3mlp_ga…   -          Waiting   kalinina   R=10,W=180…   default  
    16876    nps3mlp_ga…   -          Waiting   kalinina   R=10,W=180…   default  
    16877    nps3mlp_ga…   -          Waiting   kalinina   R=8,W=1809…   default  
    16878    nps3mlp_ga…   -          Waiting   kalinina   R=8,W=1809…   default  
    16879    nps3mlp_ga…   -          Waiting   kalinina   R=32,W=180…   default  
    16880    nps3mlp_ga…   -          Waiting   kalinina   R=10,W=180…   default  
    16881    nps3mlp_ga…   -          Waiting   kalinina   R=10,W=180…   default  
    16882    nps3mlp_ga…   -          Waiting   kalinina   R=8,W=1809…   default  
    16883    nps3mlp_ga…   -          Waiting   kalinina   R=10,W=180…   default  
    16884    nps3mlp_ga…   -          Waiting   kalinina   R=8,W=1809…   default  
    16885    nps3mlp_ga…   -          Waiting   kalinina   R=10,W=180…   default  
    16886    nps3mlp_ga…   -          Waiting   kalinina   R=10,W=180…   default  
    16887    nps3mlp_ga…   -          Waiting   kalinina   R=10,W=180…   default  
    16888    nps3mlp_ga…   -          Waiting   kalinina   R=32,W=180…   default  
    16889    nps3mlp_ga…   -          Waiting   kalinina   R=10,W=180…   default  
    16890    nps3mlp_ga…   -          Waiting   kalinina   R=10,W=180…   default  
    16891    nps3mlp_ga…   -          Waiting   kalinina   R=10,W=180…   default  
    16892    nps3mlp_ga…   -          Waiting   kalinina   R=8,W=1809…   default  
    16893    nps3mlp_ga…   -          Waiting   kalinina   R=8,W=1809…   default  
    16894    nps3mlp_ga…   -          Waiting   kalinina   R=32,W=180…   default  
    16895    nps3mlp_ga…   -          Waiting   kalinina   R=10,W=180…   default  
    16896    nps3mlp_ga…   -          Waiting   kalinina   R=10,W=180…   default  
    16897    nps3mlp_ga…   -          Waiting   kalinina   R=10,W=180…   default  
    16898    nps3mlp_ga…   -          Waiting   kalinina   R=8,W=1809…   default  
    16899    nps3mlp_ga…   -          Waiting   kalinina   R=8,W=1809…   default  
    16900    nps3mlp_ga…   -          Waiting   kalinina   R=10,W=180…   default  
    16901    nps3mlp_ga…   -          Waiting   kalinina   R=10,W=180…   default  
    16902    nps3mlp_ga…   -          Waiting   kalinina   R=10,W=180…   default  
    16903    nps3mlp_ga…   -          Waiting   kalinina   R=10,W=180…   default  
    16904    nps3mlp_ga…   -          Waiting   kalinina   R=10,W=180…   default  
    16905    nps3mlp_ga…   -          Waiting   kalinina   R=8,W=1809…   default  
    16906    nps3mlp_ga…   -          Waiting   kalinina   R=10,W=180…   default  
    16907    nps3mlp_ga…   -          Waiting   kalinina   R=10,W=180…   default  
    16908    nps3mlp_ga…   -          Waiting   kalinina   R=10,W=180…   default  
    16909    nps3mlp_ga…   -          Waiting   kalinina   R=32,W=180…   default  
    16910    nps3mlp_gi…   -          Waiting   kalinina   R=10,W=180…   default  
    16911    nps3mlp_gi…   -          Waiting   kalinina   R=10,W=180…   default  
    16912    nps3mlp_gi…   -          Waiting   kalinina   R=10,W=180…   default  
    16913    nps3mlp_gi…   -          Waiting   kalinina   R=8,W=1809…   default  
    16914    nps3mlp_gi…   -          Waiting   kalinina   R=8,W=1809…   default  
    16915    nps3mlp_gi…   -          Waiting   kalinina   R=8,W=5:0:…   default  
Synchronizing script logs.
Job 16747 (no_post_sa_3mlp_addpool_ML_s4)
  Epoch: current 80 | checkpoint 73 | best rolling-5 balanced accuracy 0.706666
  Latest train balanced accuracy: 0.989488
  Checkpoint valid:  predicted 0/1 = 10/4 | actual 0/1 = 9/5
Job 16748 (no_post_sa_3mlp_addpool_OSBP_s0)
  Epoch: current 80 | checkpoint 26 | best rolling-5 balanced accuracy 0.725000
  Latest train balanced accuracy: 0.963537
  Checkpoint valid:  predicted 0/1 = 10/12 | actual 0/1 = 20/2
Job 16749 (no_post_sa_3mlp_addpool_OSBP_s1)
  Epoch: current 65 | checkpoint 37 | best rolling-5 balanced accuracy 0.769048
  Latest train balanced accuracy: 0.958147
  Checkpoint valid:  predicted 0/1 = 12/5 | actual 0/1 = 14/3
Job 16750 (no_post_sa_3mlp_addpool_OSBP_s2)
  Epoch: current 73 | checkpoint 71 | best rolling-5 balanced accuracy 0.868421
  Latest train balanced accuracy: 0.988428
  Checkpoint valid:  predicted 0/1 = 15/7 | actual 0/1 = 19/3
Job 16751 (no_post_sa_3mlp_addpool_OSBP_s3)
  Epoch: current 52 | checkpoint 5 | best rolling-5 balanced accuracy 0.564286
  Latest train balanced accuracy: 0.967290
  Checkpoint valid:  predicted 0/1 = 3/15 | actual 0/1 = 14/4
Job 16752 (no_post_sa_3mlp_addpool_OSBP_s4)
  Epoch: current 63 | checkpoint 17 | best rolling-5 balanced accuracy 0.800000
  Latest train balanced accuracy: 0.980256
  Checkpoint valid:  predicted 0/1 = 13/10 | actual 0/1 = 21/2
Job 16865 (nps3mlp_gat_residual_CRAL-TRIO_s0)
  Epoch: current 20 | checkpoint 18 | best rolling-5 balanced accuracy 0.619833
  Latest train balanced accuracy: 0.935139
  Checkpoint valid:  predicted 0/1 = 71/101 | actual 0/1 = 72/100
Job 16866 (nps3mlp_gat_residual_CRAL-TRIO_s1)
  Epoch: current 2 | checkpoint 1 | best rolling-5 balanced accuracy 0.316190
  Latest train balanced accuracy: 0.581829
  Checkpoint valid:  predicted 0/1 = 137/43 | actual 0/1 = 75/105
Next waiting job start: OAR has not scheduled one yet.
OAR jobs: running=8 waiting=49 other=0 total=57 pending_queue=1. Checking again in 300 seconds.
# INFO:  Moldable instance:  1  Estimated nb resources:  8  Walltime:  18000
OAR_JOB_ID=16917
# INFO:  Moldable instance:  1  Estimated nb resources:  8  Walltime:  18000
OAR_JOB_ID=16918
# ADMISSION RULE> A failed admission rule prevented submitting the job: 
[MAX_JOBS] Error: you cannot have more than 50 jobs waiting in the queue at the same time.
[MAX_JOBS] Please, consider using CIGRI (https://gricad-doc.univ-grenoble-alpes.fr/hpc/grid/).
Bigfoot queue: oarsub failed; kept remaining commands in /home/kalinina/DL_project/.bigfoot_job_queues/active/pending.commands.
Bigfoot queue: drain failed; will retry on the next poll.
Current OAR jobs for kalinina:
    16747    no_post_sa…   2:04:06    Running   kalinina   R=10,J=P,Q…   default  
    16748    no_post_sa…   2:00:52    Running   kalinina   R=10,J=P,Q…   default  
    16749    no_post_sa…   1:41:07    Running   kalinina   R=10,J=P,Q…   default  
    16750    no_post_sa…   1:37:03    Running   kalinina   R=8,J=P,Q=…   default  
    16751    no_post_sa…   1:24:06    Running   kalinina   R=8,J=P,Q=…   default  
    16752    no_post_sa…   1:22:43    Running   kalinina   R=32,J=P,Q…   default  
    16865    nps3mlp_ga…   0:30:21    Running   kalinina   R=10,J=P,Q…   default  
    16866    nps3mlp_ga…   0:07:51    Running   kalinina   R=10,J=P,Q…   default  
    16867    nps3mlp_ga…   0:03:14    Running   kalinina   R=10,J=P,Q…   default  
    16868    nps3mlp_ga…   0:02:00    Running   kalinina   R=10,J=P,Q…   default  
    16869    nps3mlp_ga…   0:01:21    Running   kalinina   R=10,J=P,Q…   default  
    16870    nps3mlp_ga…   -          Waiting   kalinina   R=8,W=1809…   default  
    16871    nps3mlp_ga…   -          Waiting   kalinina   R=10,W=180…   default  
    16872    nps3mlp_ga…   -          Waiting   kalinina   R=8,W=1809…   default  
    16873    nps3mlp_ga…   -          Waiting   kalinina   R=10,W=180…   default  
    16874    nps3mlp_ga…   -          Waiting   kalinina   R=10,W=180…   default  
    16875    nps3mlp_ga…   -          Waiting   kalinina   R=32,W=180…   default  
    16876    nps3mlp_ga…   -          Waiting   kalinina   R=10,W=180…   default  
    16877    nps3mlp_ga…   -          Waiting   kalinina   R=10,W=180…   default  
    16878    nps3mlp_ga…   -          Waiting   kalinina   R=8,W=1809…   default  
    16879    nps3mlp_ga…   -          Waiting   kalinina   R=8,W=1809…   default  
    16880    nps3mlp_ga…   -          Waiting   kalinina   R=32,W=180…   default  
    16881    nps3mlp_ga…   -          Waiting   kalinina   R=10,W=180…   default  
    16882    nps3mlp_ga…   -          Waiting   kalinina   R=10,W=180…   default  
    16883    nps3mlp_ga…   -          Waiting   kalinina   R=10,W=180…   default  
    16884    nps3mlp_ga…   -          Waiting   kalinina   R=10,W=180…   default  
    16885    nps3mlp_ga…   -          Waiting   kalinina   R=10,W=180…   default  
    16886    nps3mlp_ga…   -          Waiting   kalinina   R=8,W=1809…   default  
    16887    nps3mlp_ga…   -          Waiting   kalinina   R=10,W=180…   default  
    16888    nps3mlp_ga…   -          Waiting   kalinina   R=8,W=1809…   default  
    16889    nps3mlp_ga…   -          Waiting   kalinina   R=10,W=180…   default  
    16890    nps3mlp_ga…   -          Waiting   kalinina   R=10,W=180…   default  
    16891    nps3mlp_ga…   -          Waiting   kalinina   R=32,W=180…   default  
    16892    nps3mlp_ga…   -          Waiting   kalinina   R=10,W=180…   default  
    16893    nps3mlp_ga…   -          Waiting   kalinina   R=10,W=180…   default  
    16894    nps3mlp_ga…   -          Waiting   kalinina   R=8,W=1809…   default  
    16895    nps3mlp_ga…   -          Waiting   kalinina   R=8,W=1809…   default  
    16896    nps3mlp_ga…   -          Waiting   kalinina   R=32,W=180…   default  
    16897    nps3mlp_ga…   -          Waiting   kalinina   R=10,W=180…   default  
    16898    nps3mlp_ga…   -          Waiting   kalinina   R=10,W=180…   default  
    16899    nps3mlp_ga…   -          Waiting   kalinina   R=10,W=180…   default  
    16900    nps3mlp_ga…   -          Waiting   kalinina   R=10,W=180…   default  
    16901    nps3mlp_ga…   -          Waiting   kalinina   R=10,W=180…   default  
    16902    nps3mlp_ga…   -          Waiting   kalinina   R=8,W=1809…   default  
    16903    nps3mlp_ga…   -          Waiting   kalinina   R=8,W=1809…   default  
    16904    nps3mlp_ga…   -          Waiting   kalinina   R=10,W=180…   default  
    16905    nps3mlp_ga…   -          Waiting   kalinina   R=10,W=180…   default  
    16906    nps3mlp_ga…   -          Waiting   kalinina   R=10,W=180…   default  
    16907    nps3mlp_ga…   -          Waiting   kalinina   R=10,W=180…   default  
    16908    nps3mlp_ga…   -          Waiting   kalinina   R=10,W=180…   default  
    16909    nps3mlp_ga…   -          Waiting   kalinina   R=8,W=1809…   default  
    16910    nps3mlp_gi…   -          Waiting   kalinina   R=10,W=180…   default  
    16911    nps3mlp_gi…   -          Waiting   kalinina   R=10,W=180…   default  
    16912    nps3mlp_gi…   -          Waiting   kalinina   R=32,W=180…   default  
    16913    nps3mlp_gi…   -          Waiting   kalinina   R=10,W=180…   default  
    16914    nps3mlp_gi…   -          Waiting   kalinina   R=10,W=180…   default  
    16915    nps3mlp_gi…   -          Waiting   kalinina   R=8,W=1809…   default  
    16916    nps3mlp_gi…   -          Waiting   kalinina   R=8,W=1809…   default  
    16917    nps3mlp_gi…   -          Waiting   kalinina   R=32,W=180…   default  
    16918    nps3mlp_gi…   -          Waiting   kalinina   R=10,W=180…   default  
Synchronizing script logs.
Job 16747 (no_post_sa_3mlp_addpool_ML_s4)
  Epoch: current 84 | checkpoint 73 | best rolling-5 balanced accuracy 0.706666
  Latest train balanced accuracy: 0.975165
  Checkpoint valid:  predicted 0/1 = 10/4 | actual 0/1 = 9/5
Job 16748 (no_post_sa_3mlp_addpool_OSBP_s0)
  Epoch: current 84 | checkpoint 26 | best rolling-5 balanced accuracy 0.725000
  Latest train balanced accuracy: 0.993365
  Checkpoint valid:  predicted 0/1 = 10/12 | actual 0/1 = 20/2
Job 16749 (no_post_sa_3mlp_addpool_OSBP_s1)
  Epoch: current 68 | checkpoint 37 | best rolling-5 balanced accuracy 0.769048
  Latest train balanced accuracy: 0.987992
  Checkpoint valid:  predicted 0/1 = 13/4 | actual 0/1 = 16/1
Job 16750 (no_post_sa_3mlp_addpool_OSBP_s2)
  Epoch: current 77 | checkpoint 71 | best rolling-5 balanced accuracy 0.868421
  Latest train balanced accuracy: 0.982977
  Checkpoint valid:  predicted 0/1 = 15/7 | actual 0/1 = 19/3
Job 16751 (no_post_sa_3mlp_addpool_OSBP_s3)
  Epoch: current 55 | checkpoint 5 | best rolling-5 balanced accuracy 0.564286
  Latest train balanced accuracy: 0.977931
  Checkpoint valid:  predicted 0/1 = 3/15 | actual 0/1 = 14/4
Job 16752 (no_post_sa_3mlp_addpool_OSBP_s4)
  Epoch: current 68 | checkpoint 17 | best rolling-5 balanced accuracy 0.800000
  Latest train balanced accuracy: 0.987992
  Checkpoint valid:  predicted 0/1 = 13/10 | actual 0/1 = 21/2
Job 16865 (nps3mlp_gat_residual_CRAL-TRIO_s0)
  Epoch: current 24 | checkpoint 22 | best rolling-5 balanced accuracy 0.619945
  Latest train balanced accuracy: 0.955029
  Checkpoint valid:  predicted 0/1 = 96/76 | actual 0/1 = 72/100
Job 16866 (nps3mlp_gat_residual_CRAL-TRIO_s1)
  Epoch: current 6 | checkpoint 5 | best rolling-5 balanced accuracy 0.464762
  Latest train balanced accuracy: 0.766703
  Checkpoint valid:  predicted 0/1 = 47/133 | actual 0/1 = 75/105
Job 16867 (nps3mlp_gat_residual_CRAL-TRIO_s2)
  Epoch: current 3 | checkpoint 2 | best rolling-5 balanced accuracy 0.464395
  Latest train balanced accuracy: 0.677877
  Checkpoint valid:  predicted 0/1 = 94/78 | actual 0/1 = 63/109
Job 16868 (nps3mlp_gat_residual_CRAL-TRIO_s3)
  Epoch: current 2 | checkpoint 1 | best rolling-5 balanced accuracy 0.417660
  Latest train balanced accuracy: 0.630162
  Checkpoint valid:  predicted 0/1 = 96/79 | actual 0/1 = 71/104
Job 16869 (nps3mlp_gat_residual_CRAL-TRIO_s4)
  Epoch: current 2 | checkpoint 1 | best rolling-5 balanced accuracy 0.507042
  Latest train balanced accuracy: 0.619648
  Checkpoint valid:  predicted 0/1 = 1/171 | actual 0/1 = 71/101
Next waiting job start: OAR has not scheduled one yet.
OAR jobs: running=11 waiting=49 other=0 total=60 pending_queue=1. Checking again in 300 seconds.
Bigfoot queue: waiting=49 max_waiting=50 pending=1, no free waiting slots.
Current OAR jobs for kalinina:
    16747    no_post_sa…   2:09:16    Running   kalinina   R=10,J=P,Q…   default  
    16748    no_post_sa…   2:06:02    Running   kalinina   R=10,J=P,Q…   default  
    16749    no_post_sa…   1:46:17    Running   kalinina   R=10,J=P,Q…   default  
    16750    no_post_sa…   1:42:13    Running   kalinina   R=8,J=P,Q=…   default  
    16751    no_post_sa…   1:29:16    Running   kalinina   R=8,J=P,Q=…   default  
    16752    no_post_sa…   1:27:53    Running   kalinina   R=32,J=P,Q…   default  
    16865    nps3mlp_ga…   0:35:31    Running   kalinina   R=10,J=P,Q…   default  
    16866    nps3mlp_ga…   0:13:01    Running   kalinina   R=10,J=P,Q…   default  
    16867    nps3mlp_ga…   0:08:24    Running   kalinina   R=10,J=P,Q…   default  
    16868    nps3mlp_ga…   0:07:10    Running   kalinina   R=10,J=P,Q…   default  
    16869    nps3mlp_ga…   0:06:31    Running   kalinina   R=10,J=P,Q…   default  
    16870    nps3mlp_ga…   -          Waiting   kalinina   R=10,W=180…   default  
    16871    nps3mlp_ga…   -          Waiting   kalinina   R=10,W=180…   default  
    16872    nps3mlp_ga…   -          Waiting   kalinina   R=10,W=180…   default  
    16873    nps3mlp_ga…   -          Waiting   kalinina   R=10,W=180…   default  
    16874    nps3mlp_ga…   -          Waiting   kalinina   R=8,W=1809…   default  
    16875    nps3mlp_ga…   -          Waiting   kalinina   R=32,W=180…   default  
    16876    nps3mlp_ga…   -          Waiting   kalinina   R=10,W=180…   default  
    16877    nps3mlp_ga…   -          Waiting   kalinina   R=10,W=180…   default  
    16878    nps3mlp_ga…   -          Waiting   kalinina   R=10,W=180…   default  
    16879    nps3mlp_ga…   -          Waiting   kalinina   R=10,W=180…   default  
    16880    nps3mlp_ga…   -          Waiting   kalinina   R=10,W=180…   default  
    16881    nps3mlp_ga…   -          Waiting   kalinina   R=8,W=1809…   default  
    16882    nps3mlp_ga…   -          Waiting   kalinina   R=10,W=180…   default  
    16883    nps3mlp_ga…   -          Waiting   kalinina   R=10,W=180…   default  
    16884    nps3mlp_ga…   -          Waiting   kalinina   R=10,W=180…   default  
    16885    nps3mlp_ga…   -          Waiting   kalinina   R=10,W=180…   default  
    16886    nps3mlp_ga…   -          Waiting   kalinina   R=8,W=1809…   default  
    16887    nps3mlp_ga…   -          Waiting   kalinina   R=10,W=180…   default  
    16888    nps3mlp_ga…   -          Waiting   kalinina   R=8,W=1809…   default  
    16889    nps3mlp_ga…   -          Waiting   kalinina   R=8,W=1809…   default  
    16890    nps3mlp_ga…   -          Waiting   kalinina   R=32,W=180…   default  
    16891    nps3mlp_ga…   -          Waiting   kalinina   R=10,W=180…   default  
    16892    nps3mlp_ga…   -          Waiting   kalinina   R=32,W=180…   default  
    16893    nps3mlp_ga…   -          Waiting   kalinina   R=10,W=180…   default  
    16894    nps3mlp_ga…   -          Waiting   kalinina   R=32,W=180…   default  
    16895    nps3mlp_ga…   -          Waiting   kalinina   R=32,W=180…   default  
    16896    nps3mlp_ga…   -          Waiting   kalinina   R=10,W=180…   default  
    16897    nps3mlp_ga…   -          Waiting   kalinina   R=10,W=180…   default  
    16898    nps3mlp_ga…   -          Waiting   kalinina   R=32,W=180…   default  
    16899    nps3mlp_ga…   -          Waiting   kalinina   R=10,W=180…   default  
    16900    nps3mlp_ga…   -          Waiting   kalinina   R=10,W=180…   default  
    16901    nps3mlp_ga…   -          Waiting   kalinina   R=8,W=1809…   default  
    16902    nps3mlp_ga…   -          Waiting   kalinina   R=10,W=180…   default  
    16903    nps3mlp_ga…   -          Waiting   kalinina   R=8,W=1809…   default  
    16904    nps3mlp_ga…   -          Waiting   kalinina   R=10,W=180…   default  
    16905    nps3mlp_ga…   -          Waiting   kalinina   R=10,W=180…   default  
    16906    nps3mlp_ga…   -          Waiting   kalinina   R=10,W=180…   default  
    16907    nps3mlp_ga…   -          Waiting   kalinina   R=10,W=180…   default  
    16908    nps3mlp_ga…   -          Waiting   kalinina   R=8,W=1809…   default  
    16909    nps3mlp_ga…   -          Waiting   kalinina   R=10,W=180…   default  
    16910    nps3mlp_gi…   -          Waiting   kalinina   R=8,W=1809…   default  
    16911    nps3mlp_gi…   -          Waiting   kalinina   R=8,W=1809…   default  
    16912    nps3mlp_gi…   -          Waiting   kalinina   R=32,W=180…   default  
    16913    nps3mlp_gi…   -          Waiting   kalinina   R=10,W=180…   default  
    16914    nps3mlp_gi…   -          Waiting   kalinina   R=32,W=180…   default  
    16915    nps3mlp_gi…   -          Waiting   kalinina   R=10,W=180…   default  
    16916    nps3mlp_gi…   -          Waiting   kalinina   R=32,W=180…   default  
    16917    nps3mlp_gi…   -          Waiting   kalinina   R=32,W=180…   default  
    16918    nps3mlp_gi…   -          Waiting   kalinina   R=10,W=180…   default  
Synchronizing script logs.
Job 16747 (no_post_sa_3mlp_addpool_ML_s4)
  Epoch: current 87 | checkpoint 86 | best rolling-5 balanced accuracy 0.713333
  Latest train balanced accuracy: 0.990828
  Checkpoint valid:  predicted 0/1 = 10/4 | actual 0/1 = 9/5
Job 16748 (no_post_sa_3mlp_addpool_OSBP_s0)
  Epoch: current 87 | checkpoint 26 | best rolling-5 balanced accuracy 0.725000
  Latest train balanced accuracy: 0.985651
  Checkpoint valid:  predicted 0/1 = 10/12 | actual 0/1 = 20/2
Job 16749 (no_post_sa_3mlp_addpool_OSBP_s1)
  Epoch: current 72 | checkpoint 37 | best rolling-5 balanced accuracy 0.769048
  Latest train balanced accuracy: 0.995020
  Checkpoint valid:  predicted 0/1 = 12/5 | actual 0/1 = 14/3
Job 16750 (no_post_sa_3mlp_addpool_OSBP_s2)
  Epoch: current 81 | checkpoint 71 | best rolling-5 balanced accuracy 0.868421
  Latest train balanced accuracy: 0.979273
  Checkpoint valid:  predicted 0/1 = 15/7 | actual 0/1 = 19/3
Job 16751 (no_post_sa_3mlp_addpool_OSBP_s3)
  Epoch: current 59 | checkpoint 5 | best rolling-5 balanced accuracy 0.564286
  Latest train balanced accuracy: 0.982006
  Checkpoint valid:  predicted 0/1 = 3/15 | actual 0/1 = 14/4
Job 16752 (no_post_sa_3mlp_addpool_OSBP_s4)
  Epoch: current 72 | checkpoint 17 | best rolling-5 balanced accuracy 0.800000
  Latest train balanced accuracy: 0.995020
  Checkpoint valid:  predicted 0/1 = 8/15 | actual 0/1 = 19/4
Job 16865 (nps3mlp_gat_residual_CRAL-TRIO_s0)
  Epoch: current 28 | checkpoint 22 | best rolling-5 balanced accuracy 0.619945
  Latest train balanced accuracy: 0.961857
  Checkpoint valid:  predicted 0/1 = 96/76 | actual 0/1 = 72/100
Job 16866 (nps3mlp_gat_residual_CRAL-TRIO_s1)
  Epoch: current 10 | checkpoint 9 | best rolling-5 balanced accuracy 0.613333
  Latest train balanced accuracy: 0.831725
  Checkpoint valid:  predicted 0/1 = 59/121 | actual 0/1 = 75/105
Job 16867 (nps3mlp_gat_residual_CRAL-TRIO_s2)
  Epoch: current 7 | checkpoint 6 | best rolling-5 balanced accuracy 0.553255
  Latest train balanced accuracy: 0.765418
  Checkpoint valid:  predicted 0/1 = 18/154 | actual 0/1 = 70/102
Job 16868 (nps3mlp_gat_residual_CRAL-TRIO_s3)
  Epoch: current 7 | checkpoint 6 | best rolling-5 balanced accuracy 0.518418
  Latest train balanced accuracy: 0.765418
  Checkpoint valid:  predicted 0/1 = 18/157 | actual 0/1 = 71/104
Job 16869 (nps3mlp_gat_residual_CRAL-TRIO_s4)
  Epoch: current 6 | checkpoint 5 | best rolling-5 balanced accuracy 0.592804
  Latest train balanced accuracy: 0.784129
  Checkpoint valid:  predicted 0/1 = 125/47 | actual 0/1 = 71/101
Next waiting job start: OAR has not scheduled one yet.
OAR jobs: running=11 waiting=49 other=0 total=60 pending_queue=1. Checking again in 300 seconds.
Bigfoot queue: waiting=49 max_waiting=50 pending=1, no free waiting slots.
Current OAR jobs for kalinina:
    16747    no_post_sa…   2:14:27    Running   kalinina   R=10,J=P,Q…   default  
    16748    no_post_sa…   2:11:13    Running   kalinina   R=10,J=P,Q…   default  
    16749    no_post_sa…   1:51:28    Running   kalinina   R=10,J=P,Q…   default  
    16750    no_post_sa…   1:47:24    Running   kalinina   R=8,J=P,Q=…   default  
    16751    no_post_sa…   1:34:27    Running   kalinina   R=8,J=P,Q=…   default  
    16752    no_post_sa…   1:33:04    Running   kalinina   R=32,J=P,Q…   default  
    16865    nps3mlp_ga…   0:40:42    Running   kalinina   R=10,J=P,Q…   default  
    16866    nps3mlp_ga…   0:18:12    Running   kalinina   R=10,J=P,Q…   default  
    16867    nps3mlp_ga…   0:13:35    Running   kalinina   R=10,J=P,Q…   default  
    16868    nps3mlp_ga…   0:12:21    Running   kalinina   R=10,J=P,Q…   default  
    16869    nps3mlp_ga…   0:11:42    Running   kalinina   R=10,J=P,Q…   default  
    16870    nps3mlp_ga…   -          Waiting   kalinina   R=10,W=180…   default  
    16871    nps3mlp_ga…   -          Waiting   kalinina   R=10,W=180…   default  
    16872    nps3mlp_ga…   -          Waiting   kalinina   R=10,W=180…   default  
    16873    nps3mlp_ga…   -          Waiting   kalinina   R=10,W=180…   default  
    16874    nps3mlp_ga…   -          Waiting   kalinina   R=8,W=1809…   default  
    16875    nps3mlp_ga…   -          Waiting   kalinina   R=32,W=180…   default  
    16876    nps3mlp_ga…   -          Waiting   kalinina   R=10,W=180…   default  
    16877    nps3mlp_ga…   -          Waiting   kalinina   R=10,W=180…   default  
    16878    nps3mlp_ga…   -          Waiting   kalinina   R=10,W=180…   default  
    16879    nps3mlp_ga…   -          Waiting   kalinina   R=10,W=180…   default  
    16880    nps3mlp_ga…   -          Waiting   kalinina   R=10,W=180…   default  
    16881    nps3mlp_ga…   -          Waiting   kalinina   R=8,W=1809…   default  
    16882    nps3mlp_ga…   -          Waiting   kalinina   R=10,W=180…   default  
    16883    nps3mlp_ga…   -          Waiting   kalinina   R=10,W=180…   default  
    16884    nps3mlp_ga…   -          Waiting   kalinina   R=10,W=180…   default  
    16885    nps3mlp_ga…   -          Waiting   kalinina   R=10,W=180…   default  
    16886    nps3mlp_ga…   -          Waiting   kalinina   R=10,W=180…   default  
    16887    nps3mlp_ga…   -          Waiting   kalinina   R=8,W=1809…   default  
    16888    nps3mlp_ga…   -          Waiting   kalinina   R=10,W=180…   default  
    16889    nps3mlp_ga…   -          Waiting   kalinina   R=8,W=1809…   default  
    16890    nps3mlp_ga…   -          Waiting   kalinina   R=32,W=180…   default  
    16891    nps3mlp_ga…   -          Waiting   kalinina   R=10,W=180…   default  
    16892    nps3mlp_ga…   -          Waiting   kalinina   R=32,W=180…   default  
    16893    nps3mlp_ga…   -          Waiting   kalinina   R=10,W=180…   default  
    16894    nps3mlp_ga…   -          Waiting   kalinina   R=32,W=180…   default  
    16895    nps3mlp_ga…   -          Waiting   kalinina   R=32,W=180…   default  
    16896    nps3mlp_ga…   -          Waiting   kalinina   R=10,W=180…   default  
    16897    nps3mlp_ga…   -          Waiting   kalinina   R=10,W=180…   default  
    16898    nps3mlp_ga…   -          Waiting   kalinina   R=10,W=180…   default  
    16899    nps3mlp_ga…   -          Waiting   kalinina   R=32,W=180…   default  
    16900    nps3mlp_ga…   -          Waiting   kalinina   R=10,W=180…   default  
    16901    nps3mlp_ga…   -          Waiting   kalinina   R=8,W=1809…   default  
    16902    nps3mlp_ga…   -          Waiting   kalinina   R=10,W=180…   default  
    16903    nps3mlp_ga…   -          Waiting   kalinina   R=8,W=1809…   default  
    16904    nps3mlp_ga…   -          Waiting   kalinina   R=10,W=180…   default  
    16905    nps3mlp_ga…   -          Waiting   kalinina   R=10,W=180…   default  
    16906    nps3mlp_ga…   -          Waiting   kalinina   R=10,W=180…   default  
    16907    nps3mlp_ga…   -          Waiting   kalinina   R=10,W=180…   default  
    16908    nps3mlp_ga…   -          Waiting   kalinina   R=10,W=180…   default  
    16909    nps3mlp_ga…   -          Waiting   kalinina   R=8,W=1809…   default  
    16910    nps3mlp_gi…   -          Waiting   kalinina   R=10,W=180…   default  
    16911    nps3mlp_gi…   -          Waiting   kalinina   R=8,W=1809…   default  
    16912    nps3mlp_gi…   -          Waiting   kalinina   R=32,W=180…   default  
    16913    nps3mlp_gi…   -          Waiting   kalinina   R=10,W=180…   default  
    16914    nps3mlp_gi…   -          Waiting   kalinina   R=32,W=180…   default  
    16915    nps3mlp_gi…   -          Waiting   kalinina   R=10,W=180…   default  
    16916    nps3mlp_gi…   -          Waiting   kalinina   R=32,W=180…   default  
    16917    nps3mlp_gi…   -          Waiting   kalinina   R=32,W=180…   default  
    16918    nps3mlp_gi…   -          Waiting   kalinina   R=10,W=180…   default  
Synchronizing script logs.
Job 16747 (no_post_sa_3mlp_addpool_ML_s4)
  Epoch: current 90 | checkpoint 87 | best rolling-5 balanced accuracy 0.764444
  Latest train balanced accuracy: 0.990602
  Checkpoint valid:  predicted 0/1 = 11/3 | actual 0/1 = 9/5
Job 16748 (no_post_sa_3mlp_addpool_OSBP_s0)
  Epoch: current 91 | checkpoint 26 | best rolling-5 balanced accuracy 0.725000
  Latest train balanced accuracy: 0.986730
  Checkpoint valid:  predicted 0/1 = 10/12 | actual 0/1 = 20/2
Job 16749 (no_post_sa_3mlp_addpool_OSBP_s1)
  Epoch: current 75 | checkpoint 37 | best rolling-5 balanced accuracy 0.769048
  Latest train balanced accuracy: 0.961489
  Checkpoint valid:  predicted 0/1 = 12/5 | actual 0/1 = 14/3
Job 16750 (no_post_sa_3mlp_addpool_OSBP_s2)
  Epoch: current 85 | checkpoint 71 | best rolling-5 balanced accuracy 0.868421
  Latest train balanced accuracy: 0.986319
  Checkpoint valid:  predicted 0/1 = 15/7 | actual 0/1 = 19/3
Job 16751 (no_post_sa_3mlp_addpool_OSBP_s3)
  Epoch: current 62 | checkpoint 5 | best rolling-5 balanced accuracy 0.564286
  Latest train balanced accuracy: 0.970027
  Checkpoint valid:  predicted 0/1 = 3/15 | actual 0/1 = 14/4
Job 16752 (no_post_sa_3mlp_addpool_OSBP_s4)
  Epoch: current 76 | checkpoint 17 | best rolling-5 balanced accuracy 0.800000
  Latest train balanced accuracy: 0.986129
  Checkpoint valid:  predicted 0/1 = 13/10 | actual 0/1 = 21/2
Job 16865 (nps3mlp_gat_residual_CRAL-TRIO_s0)
  Epoch: current 32 | checkpoint 22 | best rolling-5 balanced accuracy 0.619945
  Latest train balanced accuracy: 0.972620
  Checkpoint valid:  predicted 0/1 = 96/76 | actual 0/1 = 72/100
Job 16866 (nps3mlp_gat_residual_CRAL-TRIO_s1)
  Epoch: current 14 | checkpoint 12 | best rolling-5 balanced accuracy 0.638286
  Latest train balanced accuracy: 0.880734
  Checkpoint valid:  predicted 0/1 = 99/81 | actual 0/1 = 75/105
Job 16867 (nps3mlp_gat_residual_CRAL-TRIO_s2)
  Epoch: current 11 | checkpoint 10 | best rolling-5 balanced accuracy 0.641940
  Latest train balanced accuracy: 0.866457
  Checkpoint valid:  predicted 0/1 = 74/98 | actual 0/1 = 71/101
Job 16868 (nps3mlp_gat_residual_CRAL-TRIO_s3)
  Epoch: current 11 | checkpoint 7 | best rolling-5 balanced accuracy 0.558491
  Latest train balanced accuracy: 0.866457
  Checkpoint valid:  predicted 0/1 = 109/66 | actual 0/1 = 72/103
Job 16869 (nps3mlp_gat_residual_CRAL-TRIO_s4)
  Epoch: current 11 | checkpoint 7 | best rolling-5 balanced accuracy 0.602608
  Latest train balanced accuracy: 0.866457
  Checkpoint valid:  predicted 0/1 = 107/65 | actual 0/1 = 71/101
Next waiting job start: OAR has not scheduled one yet.
OAR jobs: running=11 waiting=49 other=0 total=60 pending_queue=1. Checking again in 300 seconds.
Bigfoot queue: waiting=49 max_waiting=50 pending=1, no free waiting slots.
Current OAR jobs for kalinina:
    16747    no_post_sa…   2:19:37    Running   kalinina   R=10,J=P,Q…   default  
    16748    no_post_sa…   2:16:23    Running   kalinina   R=10,J=P,Q…   default  
    16749    no_post_sa…   1:56:38    Running   kalinina   R=10,J=P,Q…   default  
    16750    no_post_sa…   1:52:34    Running   kalinina   R=8,J=P,Q=…   default  
    16751    no_post_sa…   1:39:37    Running   kalinina   R=8,J=P,Q=…   default  
    16752    no_post_sa…   1:38:14    Running   kalinina   R=32,J=P,Q…   default  
    16865    nps3mlp_ga…   0:45:52    Running   kalinina   R=10,J=P,Q…   default  
    16866    nps3mlp_ga…   0:23:22    Running   kalinina   R=10,J=P,Q…   default  
    16867    nps3mlp_ga…   0:18:45    Running   kalinina   R=10,J=P,Q…   default  
    16868    nps3mlp_ga…   0:17:31    Running   kalinina   R=10,J=P,Q…   default  
    16869    nps3mlp_ga…   0:16:52    Running   kalinina   R=10,J=P,Q…   default  
    16870    nps3mlp_ga…   -          Waiting   kalinina   R=10,W=180…   default  
    16871    nps3mlp_ga…   -          Waiting   kalinina   R=10,W=180…   default  
    16872    nps3mlp_ga…   -          Waiting   kalinina   R=10,W=180…   default  
    16873    nps3mlp_ga…   -          Waiting   kalinina   R=10,W=180…   default  
    16874    nps3mlp_ga…   -          Waiting   kalinina   R=8,W=1809…   default  
    16875    nps3mlp_ga…   -          Waiting   kalinina   R=32,W=180…   default  
    16876    nps3mlp_ga…   -          Waiting   kalinina   R=10,W=180…   default  
    16877    nps3mlp_ga…   -          Waiting   kalinina   R=10,W=180…   default  
    16878    nps3mlp_ga…   -          Waiting   kalinina   R=10,W=180…   default  
    16879    nps3mlp_ga…   -          Waiting   kalinina   R=10,W=180…   default  
    16880    nps3mlp_ga…   -          Waiting   kalinina   R=10,W=180…   default  
    16881    nps3mlp_ga…   -          Waiting   kalinina   R=8,W=1809…   default  
    16882    nps3mlp_ga…   -          Waiting   kalinina   R=10,W=180…   default  
    16883    nps3mlp_ga…   -          Waiting   kalinina   R=10,W=180…   default  
    16884    nps3mlp_ga…   -          Waiting   kalinina   R=10,W=180…   default  
    16885    nps3mlp_ga…   -          Waiting   kalinina   R=10,W=180…   default  
    16886    nps3mlp_ga…   -          Waiting   kalinina   R=10,W=180…   default  
    16887    nps3mlp_ga…   -          Waiting   kalinina   R=8,W=1809…   default  
    16888    nps3mlp_ga…   -          Waiting   kalinina   R=10,W=180…   default  
    16889    nps3mlp_ga…   -          Waiting   kalinina   R=8,W=1809…   default  
    16890    nps3mlp_ga…   -          Waiting   kalinina   R=32,W=180…   default  
    16891    nps3mlp_ga…   -          Waiting   kalinina   R=10,W=180…   default  
    16892    nps3mlp_ga…   -          Waiting   kalinina   R=32,W=180…   default  
    16893    nps3mlp_ga…   -          Waiting   kalinina   R=10,W=180…   default  
    16894    nps3mlp_ga…   -          Waiting   kalinina   R=32,W=180…   default  
    16895    nps3mlp_ga…   -          Waiting   kalinina   R=32,W=180…   default  
    16896    nps3mlp_ga…   -          Waiting   kalinina   R=10,W=180…   default  
    16897    nps3mlp_ga…   -          Waiting   kalinina   R=10,W=180…   default  
    16898    nps3mlp_ga…   -          Waiting   kalinina   R=10,W=180…   default  
    16899    nps3mlp_ga…   -          Waiting   kalinina   R=32,W=180…   default  
    16900    nps3mlp_ga…   -          Waiting   kalinina   R=10,W=180…   default  
    16901    nps3mlp_ga…   -          Waiting   kalinina   R=8,W=1809…   default  
    16902    nps3mlp_ga…   -          Waiting   kalinina   R=10,W=180…   default  
    16903    nps3mlp_ga…   -          Waiting   kalinina   R=8,W=1809…   default  
    16904    nps3mlp_ga…   -          Waiting   kalinina   R=10,W=180…   default  
    16905    nps3mlp_ga…   -          Waiting   kalinina   R=10,W=180…   default  
    16906    nps3mlp_ga…   -          Waiting   kalinina   R=10,W=180…   default  
    16907    nps3mlp_ga…   -          Waiting   kalinina   R=10,W=180…   default  
    16908    nps3mlp_ga…   -          Waiting   kalinina   R=10,W=180…   default  
    16909    nps3mlp_ga…   -          Waiting   kalinina   R=8,W=1809…   default  
    16910    nps3mlp_gi…   -          Waiting   kalinina   R=10,W=180…   default  
    16911    nps3mlp_gi…   -          Waiting   kalinina   R=8,W=1809…   default  
    16912    nps3mlp_gi…   -          Waiting   kalinina   R=32,W=180…   default  
    16913    nps3mlp_gi…   -          Waiting   kalinina   R=10,W=180…   default  
    16914    nps3mlp_gi…   -          Waiting   kalinina   R=32,W=180…   default  
    16915    nps3mlp_gi…   -          Waiting   kalinina   R=10,W=180…   default  
    16916    nps3mlp_gi…   -          Waiting   kalinina   R=32,W=180…   default  
    16917    nps3mlp_gi…   -          Waiting   kalinina   R=32,W=180…   default  
    16918    nps3mlp_gi…   -          Waiting   kalinina   R=10,W=180…   default  
Synchronizing script logs.
Job 16747 (no_post_sa_3mlp_addpool_ML_s4)
  Epoch: current 94 | checkpoint 87 | best rolling-5 balanced accuracy 0.764444
  Latest train balanced accuracy: 0.988147
  Checkpoint valid:  predicted 0/1 = 11/3 | actual 0/1 = 9/5
Job 16748 (no_post_sa_3mlp_addpool_OSBP_s0)
  Epoch: current 94 | checkpoint 26 | best rolling-5 balanced accuracy 0.725000
  Latest train balanced accuracy: 0.989354
  Checkpoint valid:  predicted 0/1 = 10/12 | actual 0/1 = 20/2
Job 16749 (no_post_sa_3mlp_addpool_OSBP_s1)
  Epoch: current 78 | checkpoint 37 | best rolling-5 balanced accuracy 0.769048
  Latest train balanced accuracy: 0.993257
  Checkpoint valid:  predicted 0/1 = 12/5 | actual 0/1 = 14/3
Job 16750 (no_post_sa_3mlp_addpool_OSBP_s2)
  Epoch: current 89 | checkpoint 71 | best rolling-5 balanced accuracy 0.868421
  Latest train balanced accuracy: 0.992954
  Checkpoint valid:  predicted 0/1 = 15/7 | actual 0/1 = 19/3
Job 16751 (no_post_sa_3mlp_addpool_OSBP_s3)
  Epoch: current 65 | checkpoint 5 | best rolling-5 balanced accuracy 0.564286
  Latest train balanced accuracy: 0.994164
  Checkpoint valid:  predicted 0/1 = 3/15 | actual 0/1 = 14/4
Job 16752 (no_post_sa_3mlp_addpool_OSBP_s4)
  Epoch: current 80 | checkpoint 17 | best rolling-5 balanced accuracy 0.800000
  Latest train balanced accuracy: 0.957051
  Checkpoint valid:  predicted 0/1 = 13/10 | actual 0/1 = 21/2
Job 16865 (nps3mlp_gat_residual_CRAL-TRIO_s0)
  Epoch: current 36 | checkpoint 22 | best rolling-5 balanced accuracy 0.619945
  Latest train balanced accuracy: 0.978055
  Checkpoint valid:  predicted 0/1 = 96/76 | actual 0/1 = 72/100
Job 16866 (nps3mlp_gat_residual_CRAL-TRIO_s1)
  Epoch: current 19 | checkpoint 18 | best rolling-5 balanced accuracy 0.664952
  Latest train balanced accuracy: 0.922552
  Checkpoint valid:  predicted 0/1 = 113/67 | actual 0/1 = 75/105
Job 16867 (nps3mlp_gat_residual_CRAL-TRIO_s2)
  Epoch: current 14 | checkpoint 12 | best rolling-5 balanced accuracy 0.674807
  Latest train balanced accuracy: 0.897554
  Checkpoint valid:  predicted 0/1 = 46/126 | actual 0/1 = 63/109
Job 16868 (nps3mlp_gat_residual_CRAL-TRIO_s3)
  Epoch: current 16 | checkpoint 7 | best rolling-5 balanced accuracy 0.558491
  Latest train balanced accuracy: 0.885952
  Checkpoint valid:  predicted 0/1 = 68/107 | actual 0/1 = 71/104
Job 16869 (nps3mlp_gat_residual_CRAL-TRIO_s4)
  Epoch: current 15 | checkpoint 7 | best rolling-5 balanced accuracy 0.602608
  Latest train balanced accuracy: 0.898941
  Checkpoint valid:  predicted 0/1 = 107/65 | actual 0/1 = 71/101
Next waiting job start: OAR has not scheduled one yet.
OAR jobs: running=11 waiting=49 other=0 total=60 pending_queue=1. Checking again in 300 seconds.
