Resuming oldest Bigfoot queue with pending jobs: /home/kalinina/DL_project/.bigfoot_job_queues/active
# INFO:  Moldable instance:  1  Estimated nb resources:  8  Walltime:  36000
OAR_JOB_ID=15489
# INFO:  Moldable instance:  1  Estimated nb resources:  8  Walltime:  36000
OAR_JOB_ID=15491
# INFO:  Moldable instance:  1  Estimated nb resources:  8  Walltime:  36000
OAR_JOB_ID=15492
# INFO:  Moldable instance:  1  Estimated nb resources:  8  Walltime:  36000
OAR_JOB_ID=15493
# INFO:  Moldable instance:  1  Estimated nb resources:  8  Walltime:  36000
OAR_JOB_ID=15494
# INFO:  Moldable instance:  1  Estimated nb resources:  8  Walltime:  36000
OAR_JOB_ID=15495
# INFO:  Moldable instance:  1  Estimated nb resources:  8  Walltime:  36000
OAR_JOB_ID=15496
# INFO:  Moldable instance:  1  Estimated nb resources:  8  Walltime:  36000
OAR_JOB_ID=15497
# INFO:  Moldable instance:  1  Estimated nb resources:  8  Walltime:  36000
OAR_JOB_ID=15498
# INFO:  Moldable instance:  1  Estimated nb resources:  8  Walltime:  36000
OAR_JOB_ID=15499
# INFO:  Moldable instance:  1  Estimated nb resources:  8  Walltime:  36000
OAR_JOB_ID=15500
# INFO:  Moldable instance:  1  Estimated nb resources:  8  Walltime:  36000
OAR_JOB_ID=15501
# INFO:  Moldable instance:  1  Estimated nb resources:  8  Walltime:  36000
OAR_JOB_ID=15502
# INFO:  Moldable instance:  1  Estimated nb resources:  8  Walltime:  36000
OAR_JOB_ID=15503
Bigfoot queue: submitted=14 waiting_before=30 max_waiting=54 pending=0.
Current OAR jobs for kalinina:
    15377    sgine_GLTP…   2:50:04    Running   kalinina   R=10,J=P,Q…   default  
    15378    sgine_GLTP…   2:45:00    Running   kalinina   R=32,J=P,Q…   default  
    15379    sgine_GLTP…   2:40:53    Running   kalinina   R=32,J=P,Q…   default  
    15380    sgine_GLTP…   2:14:27    Running   kalinina   R=32,J=P,Q…   default  
    15381    sgine_GLTP…   1:46:25    Running   kalinina   R=32,J=P,Q…   default  
    15382    sgine_IP_t…   1:45:40    Running   kalinina   R=8,J=P,Q=…   default  
    15383    sgine_IP_t…   1:39:22    Running   kalinina   R=32,J=P,Q…   default  
    15384    sgine_IP_t…   1:17:06    Running   kalinina   R=10,J=P,Q…   default  
    15385    sgine_IP_t…   1:12:32    Running   kalinina   R=10,J=P,Q…   default  
    15386    sgine_IP_t…   0:33:41    Running   kalinina   R=8,J=P,Q=…   default  
    15393    sgine_LBP_…   -          Waiting   kalinina   R=10,W=360…   default  
    15394    sgine_LBP_…   -          Waiting   kalinina   R=32,W=360…   default  
    15395    sgine_LBP_…   -          Waiting   kalinina   R=32,W=360…   default  
    15396    sgine_LBP_…   -          Waiting   kalinina   R=32,W=360…   default  
    15397    sgine_LBP_…   -          Waiting   kalinina   R=32,W=360…   default  
    15398    sgine_scp2…   -          Waiting   kalinina   R=8,W=3609…   default  
    15399    sgine_scp2…   -          Waiting   kalinina   R=32,W=360…   default  
    15400    sgine_scp2…   -          Waiting   kalinina   R=10,W=360…   default  
    15401    sgine_scp2…   -          Waiting   kalinina   R=10,W=360…   default  
    15402    sgine_scp2…   -          Waiting   kalinina   R=8,W=3609…   default  
    15404    sgine_ML_s0   -          Waiting   kalinina   R=10,W=360…   default  
    15405    sgine_ML_s1   -          Waiting   kalinina   R=8,W=3609…   default  
    15406    sgine_ML_s2   -          Waiting   kalinina   R=8,W=3609…   default  
    15407    sgine_ML_s3   -          Waiting   kalinina   R=32,W=360…   default  
    15408    sgine_ML_s4   -          Waiting   kalinina   R=32,W=360…   default  
    15409    sgine_OSBP…   -          Waiting   kalinina   R=10,W=360…   default  
    15410    sgine_OSBP…   -          Waiting   kalinina   R=32,W=360…   default  
    15411    sgine_OSBP…   -          Waiting   kalinina   R=32,W=360…   default  
    15412    sgine_OSBP…   -          Waiting   kalinina   R=32,W=360…   default  
    15413    sgine_OSBP…   -          Waiting   kalinina   R=32,W=360…   default  
    15432    nopost_mis…   -          Waiting   kalinina   R=8,W=3609…   default  
    15433    nopost_mis…   -          Waiting   kalinina   R=32,W=360…   default  
    15434    nopost_mis…   -          Waiting   kalinina   R=10,W=360…   default  
    15435    nopost_mis…   -          Waiting   kalinina   R=10,W=360…   default  
    15436    nopost_mis…   -          Waiting   kalinina   R=8,W=3609…   default  
    15451    nopost_mis…   -          Waiting   kalinina   R=10,W=360…   default  
    15452    nopost_mis…   -          Waiting   kalinina   R=8,W=3609…   default  
    15466    nopost_mis…   -          Waiting   kalinina   R=8,W=3609…   default  
    15467    nopost_mis…   -          Waiting   kalinina   R=32,W=360…   default  
    15470    nopost_mis…   -          Waiting   kalinina   R=32,W=360…   default  
    15489    nopost_mis…   -          Waiting   kalinina   R=10,W=360…   default  
    15491    nopost_mis…   -          Waiting   kalinina   R=32,W=360…   default  
    15492    nopost_mis…   -          Waiting   kalinina   R=32,W=360…   default  
    15493    nopost_mis…   -          Waiting   kalinina   R=32,W=360…   default  
    15494    nopost_mis…   -          Waiting   kalinina   R=32,W=360…   default  
    15495    nopost_mis…   -          Waiting   kalinina   R=8,W=3609…   default  
    15496    nopost_mis…   -          Waiting   kalinina   R=32,W=360…   default  
    15497    nopost_mis…   -          Waiting   kalinina   R=10,W=360…   default  
    15498    nopost_mis…   -          Waiting   kalinina   R=10,W=360…   default  
    15499    nopost_mis…   -          Waiting   kalinina   R=8,W=3609…   default  
    15500    nopost_mis…   -          Waiting   kalinina   R=8,W=3609…   default  
    15501    nopost_mis…   -          Waiting   kalinina   R=8,W=3609…   default  
    15502    nopost_mis…   -          Waiting   kalinina   R=8,W=3609…   default  
    15503    nopost_mis…   -          Waiting   kalinina   R=8,W=10:0…   default  
Synchronizing script logs.
Job 15377 (sgine_GLTP_s0)
  Epoch: current 147 | checkpoint 43 | best rolling-5 balanced accuracy 0.346337
  Latest train balanced accuracy: 0.982344
  Checkpoint valid:  predicted 0/1 = 47/8 | actual 0/1 = 13/42
Job 15378 (sgine_GLTP_s1)
  Epoch: current 142 | checkpoint 131 | best rolling-5 balanced accuracy 0.480445
  Latest train balanced accuracy: 0.960194
  Checkpoint valid:  predicted 0/1 = 51/3 | actual 0/1 = 17/37
Job 15379 (sgine_GLTP_s2)
  Epoch: current 140 | checkpoint 1 | best rolling-5 balanced accuracy 0.473684
  Latest train balanced accuracy: 0.928702
  Checkpoint valid:  predicted 0/1 = 59/1 | actual 0/1 = 19/41
Job 15380 (sgine_GLTP_s3)
  Epoch: current 117 | checkpoint 111 | best rolling-5 balanced accuracy 0.363942
  Latest train balanced accuracy: 0.995946
  Checkpoint valid:  predicted 0/1 = 49/6 | actual 0/1 = 16/39
Job 15381 (sgine_GLTP_s4)
  Epoch: current 92 | checkpoint 50 | best rolling-5 balanced accuracy 0.382500
  Latest train balanced accuracy: 0.979197
  Checkpoint valid:  predicted 0/1 = 59/1 | actual 0/1 = 20/40
Job 15382 (sgine_IP_trans_s0)
  Epoch: current 89 | checkpoint 18 | best rolling-5 balanced accuracy 0.706502
  Latest train balanced accuracy: 0.988086
  Checkpoint valid:  predicted 0/1 = 26/38 | actual 0/1 = 29/35
Job 15383 (sgine_IP_trans_s1)
  Epoch: current 84 | checkpoint 83 | best rolling-5 balanced accuracy 0.651097
  Latest train balanced accuracy: 0.995891
  Checkpoint valid:  predicted 0/1 = 32/30 | actual 0/1 = 33/29
Job 15384 (sgine_IP_trans_s2)
  Epoch: current 70 | checkpoint 44 | best rolling-5 balanced accuracy 0.678095
  Latest train balanced accuracy: 0.995215
  Checkpoint valid:  predicted 0/1 = 34/22 | actual 0/1 = 21/35
Job 15385 (sgine_IP_trans_s3)
  Epoch: current 64 | checkpoint 51 | best rolling-5 balanced accuracy 0.690323
  Latest train balanced accuracy: 0.984802
  Checkpoint valid:  predicted 0/1 = 36/25 | actual 0/1 = 31/30
Job 15386 (sgine_IP_trans_s4)
  Epoch: current 28 | checkpoint 16 | best rolling-5 balanced accuracy 0.660079
  Latest train balanced accuracy: 0.947712
  Checkpoint valid:  predicted 0/1 = 33/23 | actual 0/1 = 23/33
Next waiting job start: OAR has not scheduled one yet.
OAR jobs: running=10 waiting=44 other=0 total=54 pending_queue=0. Checking again in 300 seconds.
mux_client_request_session: read from master failed: Broken pipe
kex_exchange_identification: read: Connection timed out
banner exchange: Connection to 129.88.196.128 port 22: Connection timed out
Connection closed by UNKNOWN port 65535
Bigfoot queue: drain failed; will retry on the next poll.


******************************************************
                RESTRICTED ACCESS

      If you can't access, please, make sure
            you've accepted the charter
      https://perseus.univ-grenoble-alpes.fr/

******************************************************

