
number of parameters : 1189002
train : (1350, 12)
valid : (81, 12)
test : (81, 12)
class weights : [1.0, 1.0]
balanced batches : 85 per epoch covering all 1350 train rows, target 8 positive + 8 unlabeled
cache warmed : 35 proteins, 409 lipid encodings, 0 lipid graphs, 88 MiB
data extracted
EPOCH 1:
VALIDATION
valid epoch balanced_accuracy: 0.141677
EPOCH 2:
VALIDATION
valid epoch balanced_accuracy: 0.233782
EPOCH 3:
VALIDATION
valid epoch balanced_accuracy: 0.207466
EPOCH 4:
VALIDATION
valid epoch balanced_accuracy: 0.299572
EPOCH 5:
VALIDATION
valid epoch balanced_accuracy: 0.112301
EPOCH 6:
VALIDATION
valid epoch balanced_accuracy: 0.138617
EPOCH 7:
VALIDATION
valid epoch balanced_accuracy: 0.138617
EPOCH 8:
VALIDATION
valid epoch balanced_accuracy: 0.192778
EPOCH 9:
VALIDATION
valid epoch balanced_accuracy: 0.151775
EPOCH 10:
VALIDATION
valid epoch balanced_accuracy: 0.352203
EPOCH 11:
VALIDATION
valid epoch balanced_accuracy: 0.207466
EPOCH 12:
VALIDATION
valid epoch balanced_accuracy: 0.286414
EPOCH 13:
VALIDATION
valid epoch balanced_accuracy: 0.243880
EPOCH 14:
VALIDATION
valid epoch balanced_accuracy: 0.194308
EPOCH 15:
VALIDATION
valid epoch balanced_accuracy: 0.299572
EPOCH 16:
VALIDATION
valid epoch balanced_accuracy: 0.246940
EPOCH 17:
VALIDATION
valid epoch balanced_accuracy: 0.312729
EPOCH 18:
VALIDATION
valid epoch balanced_accuracy: 0.273256
EPOCH 19:
VALIDATION
valid epoch balanced_accuracy: 0.178091
EPOCH 20:
VALIDATION
valid epoch balanced_accuracy: 0.192778
EPOCH 21:
VALIDATION
valid epoch balanced_accuracy: 0.230722
EPOCH 22:
VALIDATION
valid epoch balanced_accuracy: 0.339045
EPOCH 23:
VALIDATION
valid epoch balanced_accuracy: 0.245410
EPOCH 24:
VALIDATION
valid epoch balanced_accuracy: 0.217564
EPOCH 25:
VALIDATION
valid epoch balanced_accuracy: 0.258568
EPOCH 26:
VALIDATION
valid epoch balanced_accuracy: 0.311200
EPOCH 27:
VALIDATION
valid epoch balanced_accuracy: 0.233782
EPOCH 28:
VALIDATION
valid epoch balanced_accuracy: 0.324357
EPOCH 29:
VALIDATION
valid epoch balanced_accuracy: 0.258568
EPOCH 30:
VALIDATION
valid epoch balanced_accuracy: 0.404835
EPOCH 31:
VALIDATION
valid epoch balanced_accuracy: 0.404835
EPOCH 32:
VALIDATION
valid epoch balanced_accuracy: 0.298042
EPOCH 33:
VALIDATION
valid epoch balanced_accuracy: 0.365361
EPOCH 34:
VALIDATION
valid epoch balanced_accuracy: 0.376989
EPOCH 35:
VALIDATION
valid epoch balanced_accuracy: 0.417993
EPOCH 36:
VALIDATION
valid epoch balanced_accuracy: 0.404835
EPOCH 37:
VALIDATION
valid epoch balanced_accuracy: 0.298042
EPOCH 38:
VALIDATION
valid epoch balanced_accuracy: 0.350673
EPOCH 39:
VALIDATION
valid epoch balanced_accuracy: 0.337515
EPOCH 40:
VALIDATION
valid epoch balanced_accuracy: 0.337515
EPOCH 41:
VALIDATION
valid epoch balanced_accuracy: 0.324357
EPOCH 42:
VALIDATION
valid epoch balanced_accuracy: 0.339045
EPOCH 43:
VALIDATION
valid epoch balanced_accuracy: 0.337515
EPOCH 44:
VALIDATION
valid epoch balanced_accuracy: 0.365361
EPOCH 45:
VALIDATION
valid epoch balanced_accuracy: 0.324357
EPOCH 46:
VALIDATION
valid epoch balanced_accuracy: 0.376989
EPOCH 47:
VALIDATION
valid epoch balanced_accuracy: 0.378519
EPOCH 48:
VALIDATION
valid epoch balanced_accuracy: 0.350673
EPOCH 49:
VALIDATION
valid epoch balanced_accuracy: 0.324357
EPOCH 50:
VALIDATION
valid epoch balanced_accuracy: 0.376989
EPOCH 51:
VALIDATION
valid epoch balanced_accuracy: 0.322827
EPOCH 52:
VALIDATION
valid epoch balanced_accuracy: 0.376989
EPOCH 53:
VALIDATION
valid epoch balanced_accuracy: 0.245410
EPOCH 54:
VALIDATION
valid epoch balanced_accuracy: 0.219094
EPOCH 55:
VALIDATION
valid epoch balanced_accuracy: 0.284884
EPOCH 56:
VALIDATION
valid epoch balanced_accuracy: 0.296512
EPOCH 57:
VALIDATION
valid epoch balanced_accuracy: 0.258568
EPOCH 58:
VALIDATION
valid epoch balanced_accuracy: 0.258568
EPOCH 59:
VALIDATION
valid epoch balanced_accuracy: 0.217564
EPOCH 60:
VALIDATION
valid epoch balanced_accuracy: 0.311200
EPOCH 61:
VALIDATION
valid epoch balanced_accuracy: 0.281824
EPOCH 62:
VALIDATION
valid epoch balanced_accuracy: 0.309670
EPOCH 63:
VALIDATION
valid epoch balanced_accuracy: 0.298042
EPOCH 64:
VALIDATION
valid epoch balanced_accuracy: 0.257956
EPOCH 65:
VALIDATION
valid epoch balanced_accuracy: 0.337515
EPOCH 66:
VALIDATION
valid epoch balanced_accuracy: 0.311200
EPOCH 67:
VALIDATION
valid epoch balanced_accuracy: 0.163403
EPOCH 68:
VALIDATION
valid epoch balanced_accuracy: 0.243880
EPOCH 69:
VALIDATION
valid epoch balanced_accuracy: 0.245410
EPOCH 70:
VALIDATION
valid epoch balanced_accuracy: 0.383415
EPOCH 71:
VALIDATION
valid epoch balanced_accuracy: 0.270196
EPOCH 72:
VALIDATION
valid epoch balanced_accuracy: 0.349143
EPOCH 73:
VALIDATION
valid epoch balanced_accuracy: 0.271726
EPOCH 74:
VALIDATION
valid epoch balanced_accuracy: 0.261016
EPOCH 75:
VALIDATION
valid epoch balanced_accuracy: 0.302020
EPOCH 76:
VALIDATION
valid epoch balanced_accuracy: 0.232252
EPOCH 77:
VALIDATION
valid epoch balanced_accuracy: 0.217564
EPOCH 78:
VALIDATION
valid epoch balanced_accuracy: 0.322827
EPOCH 79:
VALIDATION
valid epoch balanced_accuracy: 0.214504
EPOCH 80:
VALIDATION
valid epoch balanced_accuracy: 0.216034
EPOCH 81:
VALIDATION
valid epoch balanced_accuracy: 0.230722
EPOCH 82:
VALIDATION
valid epoch balanced_accuracy: 0.284884
EPOCH 83:
VALIDATION
valid epoch balanced_accuracy: 0.206854
EPOCH 84:
VALIDATION
valid epoch balanced_accuracy: 0.283354
EPOCH 85:
VALIDATION
valid epoch balanced_accuracy: 0.316095
EPOCH 86:
VALIDATION
valid epoch balanced_accuracy: 0.339351
EPOCH 87:
VALIDATION
valid epoch balanced_accuracy: 0.300490
EPOCH 88:
VALIDATION
valid epoch balanced_accuracy: 0.323745
EPOCH 89:
VALIDATION
valid epoch balanced_accuracy: 0.376989
EPOCH 90:
VALIDATION
valid epoch balanced_accuracy: 0.312118
EPOCH 91:
VALIDATION
valid epoch balanced_accuracy: 0.298042
EPOCH 92:
VALIDATION
valid epoch balanced_accuracy: 0.287332
EPOCH 93:
VALIDATION
valid epoch balanced_accuracy: 0.243880
EPOCH 94:
VALIDATION
valid epoch balanced_accuracy: 0.262546
EPOCH 95:
VALIDATION
valid epoch balanced_accuracy: 0.390147
EPOCH 96:
VALIDATION
valid epoch balanced_accuracy: 0.358017
EPOCH 97:
VALIDATION
valid epoch balanced_accuracy: 0.271726
EPOCH 98:
VALIDATION
valid epoch balanced_accuracy: 0.268666
EPOCH 99:
VALIDATION
valid epoch balanced_accuracy: 0.191248
EPOCH 100:
VALIDATION
valid epoch balanced_accuracy: 0.344859
EPOCH 101:
VALIDATION
valid epoch balanced_accuracy: 0.227662
EPOCH 102:
VALIDATION
valid epoch balanced_accuracy: 0.458384
EPOCH 103:
VALIDATION
valid epoch balanced_accuracy: 0.392595
EPOCH 104:
VALIDATION
valid epoch balanced_accuracy: 0.288862
EPOCH 105:
VALIDATION
valid epoch balanced_accuracy: 0.270196
EPOCH 106:
VALIDATION
valid epoch balanced_accuracy: 0.272032
EPOCH 107:
VALIDATION
valid epoch balanced_accuracy: 0.338433
EPOCH 108:
VALIDATION
valid epoch balanced_accuracy: 0.296512
EPOCH 109:
VALIDATION
valid epoch balanced_accuracy: 0.318237
EPOCH 110:
VALIDATION
valid epoch balanced_accuracy: 0.391065
EPOCH 111:
VALIDATION
valid epoch balanced_accuracy: 0.298042
EPOCH 112:
VALIDATION
valid epoch balanced_accuracy: 0.350673
EPOCH 113:
VALIDATION
valid epoch balanced_accuracy: 0.318237
EPOCH 114:
VALIDATION
valid epoch balanced_accuracy: 0.227662
EPOCH 115:
VALIDATION
valid epoch balanced_accuracy: 0.229192
EPOCH 116:
VALIDATION
valid epoch balanced_accuracy: 0.243880
EPOCH 117:
VALIDATION
valid epoch balanced_accuracy: 0.305998
EPOCH 118:
VALIDATION
valid epoch balanced_accuracy: 0.198286
EPOCH 119:
VALIDATION
valid epoch balanced_accuracy: 0.178091
EPOCH 120:
VALIDATION
valid epoch balanced_accuracy: 0.232252
EPOCH 121:
VALIDATION
valid epoch balanced_accuracy: 0.323745
EPOCH 122:
VALIDATION
valid epoch balanced_accuracy: 0.216034
EPOCH 123:
VALIDATION
valid epoch balanced_accuracy: 0.230722
EPOCH 124:
VALIDATION
valid epoch balanced_accuracy: 0.268666
EPOCH 125:
VALIDATION
valid epoch balanced_accuracy: 0.275704
EPOCH 126:
VALIDATION
valid epoch balanced_accuracy: 0.219094
EPOCH 127:
VALIDATION
valid epoch balanced_accuracy: 0.153305
EPOCH 128:
VALIDATION
valid epoch balanced_accuracy: 0.306610
EPOCH 129:
VALIDATION
valid epoch balanced_accuracy: 0.234700
EPOCH 130:
VALIDATION
valid epoch balanced_accuracy: 0.271726
EPOCH 131:
VALIDATION
valid epoch balanced_accuracy: 0.235618
EPOCH 132:
VALIDATION
valid epoch balanced_accuracy: 0.247858
EPOCH 133:
VALIDATION
valid epoch balanced_accuracy: 0.284884
EPOCH 134:
VALIDATION
valid epoch balanced_accuracy: 0.257956
EPOCH 135:
VALIDATION
valid epoch balanced_accuracy: 0.204406
EPOCH 136:
VALIDATION
valid epoch balanced_accuracy: 0.126989
EPOCH 137:
VALIDATION
valid epoch balanced_accuracy: 0.209914
EPOCH 138:
VALIDATION
valid epoch balanced_accuracy: 0.280294
EPOCH 139:
VALIDATION
valid epoch balanced_accuracy: 0.363831
EPOCH 140:
VALIDATION
valid epoch balanced_accuracy: 0.264076
EPOCH 141:
VALIDATION
valid epoch balanced_accuracy: 0.256426
EPOCH 142:
VALIDATION
valid epoch balanced_accuracy: 0.230722
EPOCH 143:
VALIDATION
valid epoch balanced_accuracy: 0.123929
EPOCH 144:
VALIDATION
valid epoch balanced_accuracy: 0.296512
EPOCH 145:
VALIDATION
valid epoch balanced_accuracy: 0.201346
EPOCH 146:
VALIDATION
valid epoch balanced_accuracy: 0.239290
EPOCH 147:
VALIDATION
valid epoch balanced_accuracy: 0.311200
EPOCH 148:
VALIDATION
valid epoch balanced_accuracy: 0.227662
EPOCH 149:
VALIDATION
valid epoch balanced_accuracy: 0.280294
EPOCH 150:
VALIDATION
valid epoch balanced_accuracy: 0.332925
accuracy: 0.432099
sensitivity: 0.000000
precision: 0.000000
specificity: 0.813953
IoU: 0.000000
FAR: 0.186047
F1: 0.000000
balanced_accuracy: 0.406977
loss: 2.165939
