
number of parameters : 1075406
train : (1212, 12)
valid : (61, 12)
test : (61, 12)
class weights : [1.1631478071212769, 0.8769898414611816]
data extracted
EPOCH 1:
VALIDATION
valid epoch balanced_accuracy: 0.500000
EPOCH 2:
VALIDATION
valid epoch balanced_accuracy: 0.638470
EPOCH 3:
VALIDATION
valid epoch balanced_accuracy: 0.518858
EPOCH 4:
VALIDATION
valid epoch balanced_accuracy: 0.655711
EPOCH 5:
VALIDATION
valid epoch balanced_accuracy: 0.644935
EPOCH 6:
VALIDATION
valid epoch balanced_accuracy: 0.558190
EPOCH 7:
VALIDATION
valid epoch balanced_accuracy: 0.729526
EPOCH 8:
VALIDATION
valid epoch balanced_accuracy: 0.695043
EPOCH 9:
VALIDATION
valid epoch balanced_accuracy: 0.705819
EPOCH 10:
VALIDATION
valid epoch balanced_accuracy: 0.723060
EPOCH 11:
VALIDATION
valid epoch balanced_accuracy: 0.695043
EPOCH 12:
VALIDATION
valid epoch balanced_accuracy: 0.597522
EPOCH 13:
VALIDATION
valid epoch balanced_accuracy: 0.643319
EPOCH 14:
VALIDATION
valid epoch balanced_accuracy: 0.760776
EPOCH 15:
VALIDATION
valid epoch balanced_accuracy: 0.624461
EPOCH 16:
VALIDATION
valid epoch balanced_accuracy: 0.553879
EPOCH 17:
VALIDATION
valid epoch balanced_accuracy: 0.641703
EPOCH 18:
VALIDATION
valid epoch balanced_accuracy: 0.702586
EPOCH 19:
VALIDATION
valid epoch balanced_accuracy: 0.654095
EPOCH 20:
VALIDATION
valid epoch balanced_accuracy: 0.621228
EPOCH 21:
VALIDATION
valid epoch balanced_accuracy: 0.685345
EPOCH 22:
VALIDATION
valid epoch balanced_accuracy: 0.617996
EPOCH 23:
VALIDATION
valid epoch balanced_accuracy: 0.585129
EPOCH 24:
VALIDATION
valid epoch balanced_accuracy: 0.650862
EPOCH 25:
VALIDATION
valid epoch balanced_accuracy: 0.650862
EPOCH 26:
VALIDATION
valid epoch balanced_accuracy: 0.774784
EPOCH 27:
VALIDATION
valid epoch balanced_accuracy: 0.589440
EPOCH 28:
VALIDATION
valid epoch balanced_accuracy: 0.663254
EPOCH 29:
VALIDATION
valid epoch balanced_accuracy: 0.597522
EPOCH 30:
VALIDATION
valid epoch balanced_accuracy: 0.617996
EPOCH 31:
VALIDATION
valid epoch balanced_accuracy: 0.603987
EPOCH 32:
VALIDATION
valid epoch balanced_accuracy: 0.607220
EPOCH 33:
VALIDATION
valid epoch balanced_accuracy: 0.524246
EPOCH 34:
VALIDATION
valid epoch balanced_accuracy: 0.530172
EPOCH 35:
VALIDATION
valid epoch balanced_accuracy: 0.502155
EPOCH 36:
VALIDATION
valid epoch balanced_accuracy: 0.600754
EPOCH 37:
VALIDATION
valid epoch balanced_accuracy: 0.676185
EPOCH 38:
VALIDATION
valid epoch balanced_accuracy: 0.721444
EPOCH 39:
VALIDATION
valid epoch balanced_accuracy: 0.561422
EPOCH 40:
VALIDATION
valid epoch balanced_accuracy: 0.655711
EPOCH 41:
VALIDATION
valid epoch balanced_accuracy: 0.674569
EPOCH 42:
VALIDATION
valid epoch balanced_accuracy: 0.585129
EPOCH 43:
VALIDATION
valid epoch balanced_accuracy: 0.621228
EPOCH 44:
VALIDATION
valid epoch balanced_accuracy: 0.669720
EPOCH 45:
VALIDATION
valid epoch balanced_accuracy: 0.563039
EPOCH 46:
VALIDATION
valid epoch balanced_accuracy: 0.569504
EPOCH 47:
VALIDATION
valid epoch balanced_accuracy: 0.516164
EPOCH 48:
VALIDATION
valid epoch balanced_accuracy: 0.585129
EPOCH 49:
VALIDATION
valid epoch balanced_accuracy: 0.605603
EPOCH 50:
VALIDATION
valid epoch balanced_accuracy: 0.517780
EPOCH 51:
VALIDATION
valid epoch balanced_accuracy: 0.530172
EPOCH 52:
VALIDATION
valid epoch balanced_accuracy: 0.569504
EPOCH 53:
VALIDATION
valid epoch balanced_accuracy: 0.519397
EPOCH 54:
VALIDATION
valid epoch balanced_accuracy: 0.538254
EPOCH 55:
VALIDATION
valid epoch balanced_accuracy: 0.517780
EPOCH 56:
VALIDATION
valid epoch balanced_accuracy: 0.586746
EPOCH 57:
VALIDATION
valid epoch balanced_accuracy: 0.555496
EPOCH 58:
VALIDATION
valid epoch balanced_accuracy: 0.619612
EPOCH 59:
VALIDATION
valid epoch balanced_accuracy: 0.572737
EPOCH 60:
VALIDATION
valid epoch balanced_accuracy: 0.533405
EPOCH 61:
VALIDATION
valid epoch balanced_accuracy: 0.586746
EPOCH 62:
VALIDATION
valid epoch balanced_accuracy: 0.553879
EPOCH 63:
VALIDATION
valid epoch balanced_accuracy: 0.567888
EPOCH 64:
VALIDATION
valid epoch balanced_accuracy: 0.553879
EPOCH 65:
VALIDATION
valid epoch balanced_accuracy: 0.514547
EPOCH 66:
VALIDATION
valid epoch balanced_accuracy: 0.538254
EPOCH 67:
VALIDATION
valid epoch balanced_accuracy: 0.500539
EPOCH 68:
VALIDATION
valid epoch balanced_accuracy: 0.553879
EPOCH 69:
VALIDATION
valid epoch balanced_accuracy: 0.541487
EPOCH 70:
VALIDATION
valid epoch balanced_accuracy: 0.539871
EPOCH 71:
VALIDATION
valid epoch balanced_accuracy: 0.543103
EARLY STOPPING: rolling validation balanced accuracy did not improve for 60 epochs and validation loss increased over the same window.
accuracy: 0.754098
sensitivity: 0.861111
precision: 0.756098
specificity: 0.600000
IoU: 0.673913
FAR: 0.400000
F1: 0.805195
balanced_accuracy: 0.730556
loss: 0.645254
