
number of parameters : 1075406
train : (1212, 12)
valid : (61, 12)
test : (61, 12)
class weights : [1.1631478071212769, 0.8769898414611816]
data extracted
EPOCH 1:
VALIDATION
valid epoch balanced_accuracy: 0.574074
EPOCH 2:
VALIDATION
valid epoch balanced_accuracy: 0.649237
EPOCH 3:
VALIDATION
valid epoch balanced_accuracy: 0.630174
EPOCH 4:
VALIDATION
valid epoch balanced_accuracy: 0.674292
EPOCH 5:
VALIDATION
valid epoch balanced_accuracy: 0.492375
EPOCH 6:
VALIDATION
valid epoch balanced_accuracy: 0.546841
EPOCH 7:
VALIDATION
valid epoch balanced_accuracy: 0.510893
EPOCH 8:
VALIDATION
valid epoch balanced_accuracy: 0.481481
EPOCH 9:
VALIDATION
valid epoch balanced_accuracy: 0.525054
EPOCH 10:
VALIDATION
valid epoch balanced_accuracy: 0.555011
EPOCH 11:
VALIDATION
valid epoch balanced_accuracy: 0.509804
EPOCH 12:
VALIDATION
valid epoch balanced_accuracy: 0.572985
EPOCH 13:
VALIDATION
valid epoch balanced_accuracy: 0.532680
EPOCH 14:
VALIDATION
valid epoch balanced_accuracy: 0.571895
EPOCH 15:
VALIDATION
valid epoch balanced_accuracy: 0.517974
EPOCH 16:
VALIDATION
valid epoch balanced_accuracy: 0.591503
EPOCH 17:
VALIDATION
valid epoch balanced_accuracy: 0.503268
EPOCH 18:
VALIDATION
valid epoch balanced_accuracy: 0.642157
EPOCH 19:
VALIDATION
valid epoch balanced_accuracy: 0.543573
EPOCH 20:
VALIDATION
valid epoch balanced_accuracy: 0.576253
EPOCH 21:
VALIDATION
valid epoch balanced_accuracy: 0.558824
EPOCH 22:
VALIDATION
valid epoch balanced_accuracy: 0.547386
EPOCH 23:
VALIDATION
valid epoch balanced_accuracy: 0.528867
EPOCH 24:
VALIDATION
valid epoch balanced_accuracy: 0.540305
EPOCH 25:
VALIDATION
valid epoch balanced_accuracy: 0.538671
EPOCH 26:
VALIDATION
valid epoch balanced_accuracy: 0.532135
EPOCH 27:
VALIDATION
valid epoch balanced_accuracy: 0.509804
EPOCH 28:
VALIDATION
valid epoch balanced_accuracy: 0.558824
EPOCH 29:
VALIDATION
valid epoch balanced_accuracy: 0.517974
EPOCH 30:
VALIDATION
valid epoch balanced_accuracy: 0.601852
EPOCH 31:
VALIDATION
valid epoch balanced_accuracy: 0.590414
EPOCH 32:
VALIDATION
valid epoch balanced_accuracy: 0.532680
EPOCH 33:
VALIDATION
valid epoch balanced_accuracy: 0.595316
EPOCH 34:
VALIDATION
valid epoch balanced_accuracy: 0.503268
EPOCH 35:
VALIDATION
valid epoch balanced_accuracy: 0.546841
EPOCH 36:
VALIDATION
valid epoch balanced_accuracy: 0.576797
EPOCH 37:
VALIDATION
valid epoch balanced_accuracy: 0.510349
EPOCH 38:
VALIDATION
valid epoch balanced_accuracy: 0.628540
EPOCH 39:
VALIDATION
valid epoch balanced_accuracy: 0.616558
EPOCH 40:
VALIDATION
valid epoch balanced_accuracy: 0.594771
EPOCH 41:
VALIDATION
valid epoch balanced_accuracy: 0.547386
EPOCH 42:
VALIDATION
valid epoch balanced_accuracy: 0.602397
EPOCH 43:
VALIDATION
valid epoch balanced_accuracy: 0.484749
EPOCH 44:
VALIDATION
valid epoch balanced_accuracy: 0.569717
EPOCH 45:
VALIDATION
valid epoch balanced_accuracy: 0.532680
EPOCH 46:
VALIDATION
valid epoch balanced_accuracy: 0.517974
EPOCH 47:
VALIDATION
valid epoch balanced_accuracy: 0.606209
EPOCH 48:
VALIDATION
valid epoch balanced_accuracy: 0.591503
EPOCH 49:
VALIDATION
valid epoch balanced_accuracy: 0.503268
EPOCH 50:
VALIDATION
valid epoch balanced_accuracy: 0.536492
EPOCH 51:
VALIDATION
valid epoch balanced_accuracy: 0.484205
EPOCH 52:
VALIDATION
valid epoch balanced_accuracy: 0.602397
EPOCH 53:
VALIDATION
valid epoch balanced_accuracy: 0.634532
EPOCH 54:
VALIDATION
valid epoch balanced_accuracy: 0.613834
EPOCH 55:
VALIDATION
valid epoch balanced_accuracy: 0.612745
EPOCH 56:
VALIDATION
valid epoch balanced_accuracy: 0.675381
EPOCH 57:
VALIDATION
valid epoch balanced_accuracy: 0.550654
EPOCH 58:
VALIDATION
valid epoch balanced_accuracy: 0.647059
EPOCH 59:
VALIDATION
valid epoch balanced_accuracy: 0.727669
EPOCH 60:
VALIDATION
valid epoch balanced_accuracy: 0.602397
EPOCH 61:
VALIDATION
valid epoch balanced_accuracy: 0.705338
EPOCH 62:
VALIDATION
valid epoch balanced_accuracy: 0.704793
EPOCH 63:
VALIDATION
valid epoch balanced_accuracy: 0.572985
EPOCH 64:
VALIDATION
valid epoch balanced_accuracy: 0.558824
EPOCH 65:
VALIDATION
valid epoch balanced_accuracy: 0.693900
EPOCH 66:
VALIDATION
valid epoch balanced_accuracy: 0.557734
EPOCH 67:
VALIDATION
valid epoch balanced_accuracy: 0.554466
EPOCH 68:
VALIDATION
valid epoch balanced_accuracy: 0.558279
EPOCH 69:
VALIDATION
valid epoch balanced_accuracy: 0.639434
EPOCH 70:
VALIDATION
valid epoch balanced_accuracy: 0.623638
EPOCH 71:
VALIDATION
valid epoch balanced_accuracy: 0.539216
EPOCH 72:
VALIDATION
valid epoch balanced_accuracy: 0.634532
EPOCH 73:
VALIDATION
valid epoch balanced_accuracy: 0.619826
EPOCH 74:
VALIDATION
valid epoch balanced_accuracy: 0.686275
EPOCH 75:
VALIDATION
valid epoch balanced_accuracy: 0.689542
EPOCH 76:
VALIDATION
valid epoch balanced_accuracy: 0.682462
EPOCH 77:
VALIDATION
valid epoch balanced_accuracy: 0.667756
EPOCH 78:
VALIDATION
valid epoch balanced_accuracy: 0.608932
EPOCH 79:
VALIDATION
valid epoch balanced_accuracy: 0.590414
EPOCH 80:
VALIDATION
valid epoch balanced_accuracy: 0.608932
EPOCH 81:
VALIDATION
valid epoch balanced_accuracy: 0.594771
EPOCH 82:
VALIDATION
valid epoch balanced_accuracy: 0.520697
EPOCH 83:
VALIDATION
valid epoch balanced_accuracy: 0.638344
EPOCH 84:
VALIDATION
valid epoch balanced_accuracy: 0.653050
EPOCH 85:
VALIDATION
valid epoch balanced_accuracy: 0.656863
EPOCH 86:
VALIDATION
valid epoch balanced_accuracy: 0.675381
EPOCH 87:
VALIDATION
valid epoch balanced_accuracy: 0.667756
EPOCH 88:
VALIDATION
valid epoch balanced_accuracy: 0.686275
EPOCH 89:
VALIDATION
valid epoch balanced_accuracy: 0.704793
EPOCH 90:
VALIDATION
valid epoch balanced_accuracy: 0.689542
EPOCH 91:
VALIDATION
valid epoch balanced_accuracy: 0.663943
EPOCH 92:
VALIDATION
valid epoch balanced_accuracy: 0.623094
EPOCH 93:
VALIDATION
valid epoch balanced_accuracy: 0.763617
EPOCH 94:
VALIDATION
valid epoch balanced_accuracy: 0.646514
EPOCH 95:
VALIDATION
valid epoch balanced_accuracy: 0.723856
EPOCH 96:
VALIDATION
valid epoch balanced_accuracy: 0.601307
EPOCH 97:
VALIDATION
valid epoch balanced_accuracy: 0.608932
EPOCH 98:
VALIDATION
valid epoch balanced_accuracy: 0.627451
EPOCH 99:
VALIDATION
valid epoch balanced_accuracy: 0.539216
EPOCH 100:
VALIDATION
valid epoch balanced_accuracy: 0.667756
EPOCH 101:
VALIDATION
valid epoch balanced_accuracy: 0.616558
EPOCH 102:
VALIDATION
valid epoch balanced_accuracy: 0.678649
EPOCH 103:
VALIDATION
valid epoch balanced_accuracy: 0.624183
EPOCH 104:
VALIDATION
valid epoch balanced_accuracy: 0.554466
EPOCH 105:
VALIDATION
valid epoch balanced_accuracy: 0.641612
EPOCH 106:
VALIDATION
valid epoch balanced_accuracy: 0.649237
EPOCH 107:
VALIDATION
valid epoch balanced_accuracy: 0.664488
EPOCH 108:
VALIDATION
valid epoch balanced_accuracy: 0.558279
EPOCH 109:
VALIDATION
valid epoch balanced_accuracy: 0.656863
EPOCH 110:
VALIDATION
valid epoch balanced_accuracy: 0.630719
EPOCH 111:
VALIDATION
valid epoch balanced_accuracy: 0.649782
EPOCH 112:
VALIDATION
valid epoch balanced_accuracy: 0.642157
EPOCH 113:
VALIDATION
valid epoch balanced_accuracy: 0.642157
EPOCH 114:
VALIDATION
valid epoch balanced_accuracy: 0.631808
EPOCH 115:
VALIDATION
valid epoch balanced_accuracy: 0.608932
EPOCH 116:
VALIDATION
valid epoch balanced_accuracy: 0.569172
EPOCH 117:
VALIDATION
valid epoch balanced_accuracy: 0.590414
EPOCH 118:
VALIDATION
valid epoch balanced_accuracy: 0.612745
EPOCH 119:
VALIDATION
valid epoch balanced_accuracy: 0.532680
EPOCH 120:
VALIDATION
valid epoch balanced_accuracy: 0.521786
EPOCH 121:
VALIDATION
valid epoch balanced_accuracy: 0.561547
EPOCH 122:
VALIDATION
valid epoch balanced_accuracy: 0.599129
EPOCH 123:
VALIDATION
valid epoch balanced_accuracy: 0.639434
EPOCH 124:
VALIDATION
valid epoch balanced_accuracy: 0.650327
EPOCH 125:
VALIDATION
valid epoch balanced_accuracy: 0.521786
EPOCH 126:
VALIDATION
valid epoch balanced_accuracy: 0.683007
EPOCH 127:
VALIDATION
valid epoch balanced_accuracy: 0.521786
EPOCH 128:
VALIDATION
valid epoch balanced_accuracy: 0.694444
EPOCH 129:
VALIDATION
valid epoch balanced_accuracy: 0.642702
EPOCH 130:
VALIDATION
valid epoch balanced_accuracy: 0.610022
EPOCH 131:
VALIDATION
valid epoch balanced_accuracy: 0.616558
EPOCH 132:
VALIDATION
valid epoch balanced_accuracy: 0.536492
EPOCH 133:
VALIDATION
valid epoch balanced_accuracy: 0.638889
EPOCH 134:
VALIDATION
valid epoch balanced_accuracy: 0.547386
EPOCH 135:
VALIDATION
valid epoch balanced_accuracy: 0.617102
EPOCH 136:
VALIDATION
valid epoch balanced_accuracy: 0.587691
EPOCH 137:
VALIDATION
valid epoch balanced_accuracy: 0.572985
EPOCH 138:
VALIDATION
valid epoch balanced_accuracy: 0.650327
EPOCH 139:
VALIDATION
valid epoch balanced_accuracy: 0.525054
EPOCH 140:
VALIDATION
valid epoch balanced_accuracy: 0.547386
EPOCH 141:
VALIDATION
valid epoch balanced_accuracy: 0.532680
EPOCH 142:
VALIDATION
valid epoch balanced_accuracy: 0.686819
EPOCH 143:
VALIDATION
valid epoch balanced_accuracy: 0.610022
EPOCH 144:
VALIDATION
valid epoch balanced_accuracy: 0.613834
EPOCH 145:
VALIDATION
valid epoch balanced_accuracy: 0.613834
EPOCH 146:
VALIDATION
valid epoch balanced_accuracy: 0.723856
EPOCH 147:
VALIDATION
valid epoch balanced_accuracy: 0.709150
EPOCH 148:
VALIDATION
valid epoch balanced_accuracy: 0.709150
EPOCH 149:
VALIDATION
valid epoch balanced_accuracy: 0.698257
EPOCH 150:
VALIDATION
valid epoch balanced_accuracy: 0.687364
accuracy: 0.606557
sensitivity: 0.354839
precision: 0.733333
specificity: 0.866667
IoU: 0.314286
FAR: 0.133333
F1: 0.478261
balanced_accuracy: 0.610753
loss: 2.978858
