
number of parameters : 1075406
train : (1077, 12)
valid : (128, 12)
test : (129, 12)
class weights : [1.3102189302444458, 0.8085585832595825]
data extracted
EPOCH 1:
VALIDATION
valid epoch balanced_accuracy: 0.608333
EPOCH 2:
VALIDATION
valid epoch balanced_accuracy: 0.652083
EPOCH 3:
VALIDATION
valid epoch balanced_accuracy: 0.500000
EPOCH 4:
VALIDATION
valid epoch balanced_accuracy: 0.500000
EPOCH 5:
VALIDATION
valid epoch balanced_accuracy: 0.520833
EPOCH 6:
VALIDATION
valid epoch balanced_accuracy: 0.535417
EPOCH 7:
VALIDATION
valid epoch balanced_accuracy: 0.541667
EPOCH 8:
VALIDATION
valid epoch balanced_accuracy: 0.537500
EPOCH 9:
VALIDATION
valid epoch balanced_accuracy: 0.618750
EPOCH 10:
VALIDATION
valid epoch balanced_accuracy: 0.597917
EPOCH 11:
VALIDATION
valid epoch balanced_accuracy: 0.512500
EPOCH 12:
VALIDATION
valid epoch balanced_accuracy: 0.593750
EPOCH 13:
VALIDATION
valid epoch balanced_accuracy: 0.618750
EPOCH 14:
VALIDATION
valid epoch balanced_accuracy: 0.577083
EPOCH 15:
VALIDATION
valid epoch balanced_accuracy: 0.633333
EPOCH 16:
VALIDATION
valid epoch balanced_accuracy: 0.600000
EPOCH 17:
VALIDATION
valid epoch balanced_accuracy: 0.704167
EPOCH 18:
VALIDATION
valid epoch balanced_accuracy: 0.685417
EPOCH 19:
VALIDATION
valid epoch balanced_accuracy: 0.654167
EPOCH 20:
VALIDATION
valid epoch balanced_accuracy: 0.606250
EPOCH 21:
VALIDATION
valid epoch balanced_accuracy: 0.516667
EPOCH 22:
VALIDATION
valid epoch balanced_accuracy: 0.641667
EPOCH 23:
VALIDATION
valid epoch balanced_accuracy: 0.633333
EPOCH 24:
VALIDATION
valid epoch balanced_accuracy: 0.689583
EPOCH 25:
VALIDATION
valid epoch balanced_accuracy: 0.677083
EPOCH 26:
VALIDATION
valid epoch balanced_accuracy: 0.697917
EPOCH 27:
VALIDATION
valid epoch balanced_accuracy: 0.656250
EPOCH 28:
VALIDATION
valid epoch balanced_accuracy: 0.543750
EPOCH 29:
VALIDATION
valid epoch balanced_accuracy: 0.641667
EPOCH 30:
VALIDATION
valid epoch balanced_accuracy: 0.656250
EPOCH 31:
VALIDATION
valid epoch balanced_accuracy: 0.681250
EPOCH 32:
VALIDATION
valid epoch balanced_accuracy: 0.664583
EPOCH 33:
VALIDATION
valid epoch balanced_accuracy: 0.695833
EPOCH 34:
VALIDATION
valid epoch balanced_accuracy: 0.618750
EPOCH 35:
VALIDATION
valid epoch balanced_accuracy: 0.716667
EPOCH 36:
VALIDATION
valid epoch balanced_accuracy: 0.645833
EPOCH 37:
VALIDATION
valid epoch balanced_accuracy: 0.714583
EPOCH 38:
VALIDATION
valid epoch balanced_accuracy: 0.656250
EPOCH 39:
VALIDATION
valid epoch balanced_accuracy: 0.729167
EPOCH 40:
VALIDATION
valid epoch balanced_accuracy: 0.691667
EPOCH 41:
VALIDATION
valid epoch balanced_accuracy: 0.587500
EPOCH 42:
VALIDATION
valid epoch balanced_accuracy: 0.568750
EPOCH 43:
VALIDATION
valid epoch balanced_accuracy: 0.695833
EPOCH 44:
VALIDATION
valid epoch balanced_accuracy: 0.695833
EPOCH 45:
VALIDATION
valid epoch balanced_accuracy: 0.685417
EPOCH 46:
VALIDATION
valid epoch balanced_accuracy: 0.704167
EPOCH 47:
VALIDATION
valid epoch balanced_accuracy: 0.695833
EPOCH 48:
VALIDATION
valid epoch balanced_accuracy: 0.620833
EPOCH 49:
VALIDATION
valid epoch balanced_accuracy: 0.704167
EPOCH 50:
VALIDATION
valid epoch balanced_accuracy: 0.670833
EPOCH 51:
VALIDATION
valid epoch balanced_accuracy: 0.697917
EPOCH 52:
VALIDATION
valid epoch balanced_accuracy: 0.643750
EPOCH 53:
VALIDATION
valid epoch balanced_accuracy: 0.658333
EPOCH 54:
VALIDATION
valid epoch balanced_accuracy: 0.591667
EPOCH 55:
VALIDATION
valid epoch balanced_accuracy: 0.729167
EPOCH 56:
VALIDATION
valid epoch balanced_accuracy: 0.618750
EPOCH 57:
VALIDATION
valid epoch balanced_accuracy: 0.654167
EPOCH 58:
VALIDATION
valid epoch balanced_accuracy: 0.714583
EPOCH 59:
VALIDATION
valid epoch balanced_accuracy: 0.662500
EPOCH 60:
VALIDATION
valid epoch balanced_accuracy: 0.664583
EPOCH 61:
VALIDATION
valid epoch balanced_accuracy: 0.681250
EPOCH 62:
VALIDATION
valid epoch balanced_accuracy: 0.643750
EPOCH 63:
VALIDATION
valid epoch balanced_accuracy: 0.672917
EPOCH 64:
VALIDATION
valid epoch balanced_accuracy: 0.687500
EPOCH 65:
VALIDATION
valid epoch balanced_accuracy: 0.702083
EPOCH 66:
VALIDATION
valid epoch balanced_accuracy: 0.697917
EPOCH 67:
VALIDATION
valid epoch balanced_accuracy: 0.697917
EPOCH 68:
VALIDATION
valid epoch balanced_accuracy: 0.720833
EPOCH 69:
VALIDATION
valid epoch balanced_accuracy: 0.737500
EPOCH 70:
VALIDATION
valid epoch balanced_accuracy: 0.654167
EPOCH 71:
VALIDATION
valid epoch balanced_accuracy: 0.670833
EPOCH 72:
VALIDATION
valid epoch balanced_accuracy: 0.654167
EPOCH 73:
VALIDATION
valid epoch balanced_accuracy: 0.608333
EPOCH 74:
VALIDATION
valid epoch balanced_accuracy: 0.637500
EPOCH 75:
VALIDATION
valid epoch balanced_accuracy: 0.606250
EPOCH 76:
VALIDATION
valid epoch balanced_accuracy: 0.691667
EPOCH 77:
VALIDATION
valid epoch balanced_accuracy: 0.625000
EPOCH 78:
VALIDATION
valid epoch balanced_accuracy: 0.675000
EPOCH 79:
VALIDATION
valid epoch balanced_accuracy: 0.685417
EPOCH 80:
VALIDATION
valid epoch balanced_accuracy: 0.664583
EPOCH 81:
VALIDATION
valid epoch balanced_accuracy: 0.625000
EPOCH 82:
VALIDATION
valid epoch balanced_accuracy: 0.689583
EPOCH 83:
VALIDATION
valid epoch balanced_accuracy: 0.637500
EPOCH 84:
VALIDATION
valid epoch balanced_accuracy: 0.610417
EPOCH 85:
VALIDATION
valid epoch balanced_accuracy: 0.654167
EPOCH 86:
VALIDATION
valid epoch balanced_accuracy: 0.606250
EPOCH 87:
VALIDATION
valid epoch balanced_accuracy: 0.679167
EPOCH 88:
VALIDATION
valid epoch balanced_accuracy: 0.681250
EPOCH 89:
VALIDATION
valid epoch balanced_accuracy: 0.679167
EPOCH 90:
VALIDATION
valid epoch balanced_accuracy: 0.600000
EPOCH 91:
VALIDATION
valid epoch balanced_accuracy: 0.616667
EPOCH 92:
VALIDATION
valid epoch balanced_accuracy: 0.572917
EPOCH 93:
VALIDATION
valid epoch balanced_accuracy: 0.604167
EPOCH 94:
VALIDATION
valid epoch balanced_accuracy: 0.558333
EPOCH 95:
VALIDATION
valid epoch balanced_accuracy: 0.625000
EPOCH 96:
VALIDATION
valid epoch balanced_accuracy: 0.577083
EPOCH 97:
VALIDATION
valid epoch balanced_accuracy: 0.597917
EPOCH 98:
VALIDATION
valid epoch balanced_accuracy: 0.639583
EPOCH 99:
VALIDATION
valid epoch balanced_accuracy: 0.629167
EARLY STOPPING: rolling validation balanced accuracy did not improve for 30 epochs and validation loss increased over the same window.
accuracy: 0.782946
sensitivity: 0.714286
precision: 0.652174
specificity: 0.816092
IoU: 0.517241
FAR: 0.183908
F1: 0.681818
balanced_accuracy: 0.765189
loss: 0.792570
