
number of parameters : 1403982
train : (988, 12)
valid : (172, 12)
test : (171, 12)
class weights : [1.1330275535583496, 0.8949275612831116]
data extracted
EPOCH 1:
VALIDATION
valid epoch balanced_accuracy: 0.537303
EPOCH 2:
VALIDATION
valid epoch balanced_accuracy: 0.524543
EPOCH 3:
VALIDATION
valid epoch balanced_accuracy: 0.663436
EPOCH 4:
VALIDATION
valid epoch balanced_accuracy: 0.659253
EPOCH 5:
VALIDATION
valid epoch balanced_accuracy: 0.650119
EPOCH 6:
VALIDATION
valid epoch balanced_accuracy: 0.562125
EPOCH 7:
VALIDATION
valid epoch balanced_accuracy: 0.637359
EPOCH 8:
VALIDATION
valid epoch balanced_accuracy: 0.556687
EPOCH 9:
VALIDATION
valid epoch balanced_accuracy: 0.514503
EPOCH 10:
VALIDATION
valid epoch balanced_accuracy: 0.530540
EPOCH 11:
VALIDATION
valid epoch balanced_accuracy: 0.581579
EPOCH 12:
VALIDATION
valid epoch balanced_accuracy: 0.549993
EPOCH 13:
VALIDATION
valid epoch balanced_accuracy: 0.571468
EPOCH 14:
VALIDATION
valid epoch balanced_accuracy: 0.566727
EPOCH 15:
VALIDATION
valid epoch balanced_accuracy: 0.500279
EPOCH 16:
VALIDATION
valid epoch balanced_accuracy: 0.441989
EPOCH 17:
VALIDATION
valid epoch balanced_accuracy: 0.624041
EPOCH 18:
VALIDATION
valid epoch balanced_accuracy: 0.571678
EPOCH 19:
VALIDATION
valid epoch balanced_accuracy: 0.594129
EPOCH 20:
VALIDATION
valid epoch balanced_accuracy: 0.447148
EPOCH 21:
VALIDATION
valid epoch balanced_accuracy: 0.549575
EPOCH 22:
VALIDATION
valid epoch balanced_accuracy: 0.620206
EPOCH 23:
VALIDATION
valid epoch balanced_accuracy: 0.477618
EPOCH 24:
VALIDATION
valid epoch balanced_accuracy: 0.568610
EPOCH 25:
VALIDATION
valid epoch balanced_accuracy: 0.636592
EPOCH 26:
VALIDATION
valid epoch balanced_accuracy: 0.611072
EPOCH 27:
VALIDATION
valid epoch balanced_accuracy: 0.587087
EPOCH 28:
VALIDATION
valid epoch balanced_accuracy: 0.616232
EPOCH 29:
VALIDATION
valid epoch balanced_accuracy: 0.502928
EPOCH 30:
VALIDATION
valid epoch balanced_accuracy: 0.631641
EPOCH 31:
VALIDATION
valid epoch balanced_accuracy: 0.558709
EPOCH 32:
VALIDATION
valid epoch balanced_accuracy: 0.614140
EPOCH 33:
VALIDATION
valid epoch balanced_accuracy: 0.559476
EPOCH 34:
VALIDATION
valid epoch balanced_accuracy: 0.527681
EPOCH 35:
VALIDATION
valid epoch balanced_accuracy: 0.589179
EPOCH 36:
VALIDATION
valid epoch balanced_accuracy: 0.633733
EPOCH 37:
VALIDATION
valid epoch balanced_accuracy: 0.627667
EPOCH 38:
VALIDATION
valid epoch balanced_accuracy: 0.571678
EPOCH 39:
VALIDATION
valid epoch balanced_accuracy: 0.552433
EPOCH 40:
VALIDATION
valid epoch balanced_accuracy: 0.583670
EPOCH 41:
VALIDATION
valid epoch balanced_accuracy: 0.596221
EPOCH 42:
VALIDATION
valid epoch balanced_accuracy: 0.584437
EPOCH 43:
VALIDATION
valid epoch balanced_accuracy: 0.478176
EPOCH 44:
VALIDATION
valid epoch balanced_accuracy: 0.592247
EPOCH 45:
VALIDATION
valid epoch balanced_accuracy: 0.554525
EPOCH 46:
VALIDATION
valid epoch balanced_accuracy: 0.606331
EPOCH 47:
VALIDATION
valid epoch balanced_accuracy: 0.615465
EPOCH 48:
VALIDATION
valid epoch balanced_accuracy: 0.497211
EPOCH 49:
VALIDATION
valid epoch balanced_accuracy: 0.558151
EPOCH 50:
VALIDATION
valid epoch balanced_accuracy: 0.536257
EPOCH 51:
VALIDATION
valid epoch balanced_accuracy: 0.586529
EPOCH 52:
VALIDATION
valid epoch balanced_accuracy: 0.576628
EPOCH 53:
VALIDATION
valid epoch balanced_accuracy: 0.606889
EPOCH 54:
VALIDATION
valid epoch balanced_accuracy: 0.562334
EPOCH 55:
VALIDATION
valid epoch balanced_accuracy: 0.499721
EPOCH 56:
VALIDATION
valid epoch balanced_accuracy: 0.497978
EPOCH 57:
VALIDATION
valid epoch balanced_accuracy: 0.595663
EPOCH 58:
VALIDATION
valid epoch balanced_accuracy: 0.572235
EPOCH 59:
VALIDATION
valid epoch balanced_accuracy: 0.627667
EPOCH 60:
VALIDATION
valid epoch balanced_accuracy: 0.624041
EPOCH 61:
VALIDATION
valid epoch balanced_accuracy: 0.596430
EPOCH 62:
VALIDATION
valid epoch balanced_accuracy: 0.596988
EPOCH 63:
VALIDATION
valid epoch balanced_accuracy: 0.606331
EPOCH 64:
VALIDATION
valid epoch balanced_accuracy: 0.568052
EPOCH 65:
VALIDATION
valid epoch balanced_accuracy: 0.567285
EPOCH 66:
VALIDATION
valid epoch balanced_accuracy: 0.573560
EPOCH 67:
VALIDATION
valid epoch balanced_accuracy: 0.547483
EPOCH 68:
VALIDATION
valid epoch balanced_accuracy: 0.629550
EPOCH 69:
VALIDATION
valid epoch balanced_accuracy: 0.607656
EPOCH 70:
VALIDATION
valid epoch balanced_accuracy: 0.625366
EPOCH 71:
VALIDATION
valid epoch balanced_accuracy: 0.595663
EPOCH 72:
VALIDATION
valid epoch balanced_accuracy: 0.554525
EPOCH 73:
VALIDATION
valid epoch balanced_accuracy: 0.594896
EPOCH 74:
VALIDATION
valid epoch balanced_accuracy: 0.573560
EPOCH 75:
VALIDATION
valid epoch balanced_accuracy: 0.581579
EPOCH 76:
VALIDATION
valid epoch balanced_accuracy: 0.504253
EPOCH 77:
VALIDATION
valid epoch balanced_accuracy: 0.582346
EPOCH 78:
VALIDATION
valid epoch balanced_accuracy: 0.581579
EPOCH 79:
VALIDATION
valid epoch balanced_accuracy: 0.543857
EPOCH 80:
VALIDATION
valid epoch balanced_accuracy: 0.624599
EPOCH 81:
VALIDATION
valid epoch balanced_accuracy: 0.609748
EPOCH 82:
VALIDATION
valid epoch balanced_accuracy: 0.595105
EPOCH 83:
VALIDATION
valid epoch balanced_accuracy: 0.613931
EPOCH 84:
VALIDATION
valid epoch balanced_accuracy: 0.633733
EPOCH 85:
VALIDATION
valid epoch balanced_accuracy: 0.553967
EPOCH 86:
VALIDATION
valid epoch balanced_accuracy: 0.618882
EPOCH 87:
VALIDATION
valid epoch balanced_accuracy: 0.595663
EPOCH 88:
VALIDATION
valid epoch balanced_accuracy: 0.631641
EPOCH 89:
VALIDATION
valid epoch balanced_accuracy: 0.567285
EPOCH 90:
VALIDATION
valid epoch balanced_accuracy: 0.619649
EPOCH 91:
VALIDATION
valid epoch balanced_accuracy: 0.623274
EPOCH 92:
VALIDATION
valid epoch balanced_accuracy: 0.611839
EPOCH 93:
VALIDATION
valid epoch balanced_accuracy: 0.583461
EPOCH 94:
VALIDATION
valid epoch balanced_accuracy: 0.508646
EPOCH 95:
VALIDATION
valid epoch balanced_accuracy: 0.569586
EPOCH 96:
VALIDATION
valid epoch balanced_accuracy: 0.597197
EPOCH 97:
VALIDATION
valid epoch balanced_accuracy: 0.583461
EPOCH 98:
VALIDATION
valid epoch balanced_accuracy: 0.594896
EPOCH 99:
VALIDATION
valid epoch balanced_accuracy: 0.573769
EPOCH 100:
VALIDATION
valid epoch balanced_accuracy: 0.575861
EPOCH 101:
VALIDATION
valid epoch balanced_accuracy: 0.503695
EPOCH 102:
VALIDATION
valid epoch balanced_accuracy: 0.576628
EPOCH 103:
VALIDATION
valid epoch balanced_accuracy: 0.543299
EPOCH 104:
VALIDATION
valid epoch balanced_accuracy: 0.517780
EPOCH 105:
VALIDATION
valid epoch balanced_accuracy: 0.541208
EPOCH 106:
VALIDATION
valid epoch balanced_accuracy: 0.567494
EPOCH 107:
VALIDATION
valid epoch balanced_accuracy: 0.583670
EPOCH 108:
VALIDATION
valid epoch balanced_accuracy: 0.541208
EPOCH 109:
VALIDATION
valid epoch balanced_accuracy: 0.511505
EPOCH 110:
VALIDATION
valid epoch balanced_accuracy: 0.548250
EPOCH 111:
VALIDATION
valid epoch balanced_accuracy: 0.572445
EPOCH 112:
VALIDATION
valid epoch balanced_accuracy: 0.502928
EPOCH 113:
VALIDATION
valid epoch balanced_accuracy: 0.581579
EPOCH 114:
VALIDATION
valid epoch balanced_accuracy: 0.501604
EPOCH 115:
VALIDATION
valid epoch balanced_accuracy: 0.568052
EPOCH 116:
VALIDATION
valid epoch balanced_accuracy: 0.568819
EPOCH 117:
VALIDATION
valid epoch balanced_accuracy: 0.513806
EPOCH 118:
VALIDATION
valid epoch balanced_accuracy: 0.563311
EPOCH 119:
VALIDATION
valid epoch balanced_accuracy: 0.503138
EPOCH 120:
VALIDATION
valid epoch balanced_accuracy: 0.498187
EPOCH 121:
VALIDATION
valid epoch balanced_accuracy: 0.602148
EPOCH 122:
VALIDATION
valid epoch balanced_accuracy: 0.592037
EPOCH 123:
VALIDATION
valid epoch balanced_accuracy: 0.599289
EPOCH 124:
VALIDATION
valid epoch balanced_accuracy: 0.587296
EPOCH 125:
VALIDATION
valid epoch balanced_accuracy: 0.641542
EPOCH 126:
VALIDATION
valid epoch balanced_accuracy: 0.601381
EPOCH 127:
VALIDATION
valid epoch balanced_accuracy: 0.606331
EPOCH 128:
VALIDATION
valid epoch balanced_accuracy: 0.604797
EPOCH 129:
VALIDATION
valid epoch balanced_accuracy: 0.616232
EPOCH 130:
VALIDATION
valid epoch balanced_accuracy: 0.633733
EPOCH 131:
VALIDATION
valid epoch balanced_accuracy: 0.613931
EPOCH 132:
VALIDATION
valid epoch balanced_accuracy: 0.609957
EPOCH 133:
VALIDATION
valid epoch balanced_accuracy: 0.613373
EPOCH 134:
VALIDATION
valid epoch balanced_accuracy: 0.612606
EPOCH 135:
VALIDATION
valid epoch balanced_accuracy: 0.601381
EPOCH 136:
VALIDATION
valid epoch balanced_accuracy: 0.640775
EPOCH 137:
VALIDATION
valid epoch balanced_accuracy: 0.602148
EPOCH 138:
VALIDATION
valid epoch balanced_accuracy: 0.557384
EPOCH 139:
VALIDATION
valid epoch balanced_accuracy: 0.587087
EPOCH 140:
VALIDATION
valid epoch balanced_accuracy: 0.590155
EPOCH 141:
VALIDATION
valid epoch balanced_accuracy: 0.612606
EPOCH 142:
VALIDATION
valid epoch balanced_accuracy: 0.616232
EPOCH 143:
VALIDATION
valid epoch balanced_accuracy: 0.605006
EPOCH 144:
VALIDATION
valid epoch balanced_accuracy: 0.621740
EPOCH 145:
VALIDATION
valid epoch balanced_accuracy: 0.624599
EPOCH 146:
VALIDATION
valid epoch balanced_accuracy: 0.606889
EPOCH 147:
VALIDATION
valid epoch balanced_accuracy: 0.605006
EPOCH 148:
VALIDATION
valid epoch balanced_accuracy: 0.600056
EPOCH 149:
VALIDATION
valid epoch balanced_accuracy: 0.617557
EPOCH 150:
VALIDATION
valid epoch balanced_accuracy: 0.620416
accuracy: 0.684211
sensitivity: 0.757282
precision: 0.728972
specificity: 0.573529
IoU: 0.590909
FAR: 0.426471
F1: 0.742857
balanced_accuracy: 0.665405
loss: 0.632432
