
number of parameters : 1287306
train : (1104, 12)
valid : (204, 12)
test : (204, 12)
class weights : [1.0, 1.0]
balanced batches : 69 per epoch covering all 1104 train rows, target 8 positive + 8 unlabeled
cache warmed : 35 proteins, 409 lipid encodings, 0 lipid graphs, 134 MiB
data extracted
EPOCH 1:
VALIDATION
valid epoch balanced_accuracy: 0.381202
EPOCH 2:
VALIDATION
valid epoch balanced_accuracy: 0.467771
EPOCH 3:
VALIDATION
valid epoch balanced_accuracy: 0.406494
EPOCH 4:
VALIDATION
valid epoch balanced_accuracy: 0.375422
EPOCH 5:
VALIDATION
valid epoch balanced_accuracy: 0.449513
EPOCH 6:
VALIDATION
valid epoch balanced_accuracy: 0.572406
EPOCH 7:
VALIDATION
valid epoch balanced_accuracy: 0.553907
EPOCH 8:
VALIDATION
valid epoch balanced_accuracy: 0.504962
EPOCH 9:
VALIDATION
valid epoch balanced_accuracy: 0.624627
EPOCH 10:
VALIDATION
valid epoch balanced_accuracy: 0.741256
EPOCH 11:
VALIDATION
valid epoch balanced_accuracy: 0.737884
EPOCH 12:
VALIDATION
valid epoch balanced_accuracy: 0.706282
EPOCH 13:
VALIDATION
valid epoch balanced_accuracy: 0.753011
EPOCH 14:
VALIDATION
valid epoch balanced_accuracy: 0.694383
EPOCH 15:
VALIDATION
valid epoch balanced_accuracy: 0.509249
EPOCH 16:
VALIDATION
valid epoch balanced_accuracy: 0.655892
EPOCH 17:
VALIDATION
valid epoch balanced_accuracy: 0.332884
EPOCH 18:
VALIDATION
valid epoch balanced_accuracy: 0.326717
EPOCH 19:
VALIDATION
valid epoch balanced_accuracy: 0.358031
EPOCH 20:
VALIDATION
valid epoch balanced_accuracy: 0.488149
EPOCH 21:
VALIDATION
valid epoch balanced_accuracy: 0.300173
EPOCH 22:
VALIDATION
valid epoch balanced_accuracy: 0.499326
EPOCH 23:
VALIDATION
valid epoch balanced_accuracy: 0.448839
EPOCH 24:
VALIDATION
valid epoch balanced_accuracy: 0.318865
EPOCH 25:
VALIDATION
valid epoch balanced_accuracy: 0.318383
EPOCH 26:
VALIDATION
valid epoch balanced_accuracy: 0.477695
EPOCH 27:
VALIDATION
valid epoch balanced_accuracy: 0.319347
EPOCH 28:
VALIDATION
valid epoch balanced_accuracy: 0.600925
EPOCH 29:
VALIDATION
valid epoch balanced_accuracy: 0.329174
EPOCH 30:
VALIDATION
valid epoch balanced_accuracy: 0.334329
EPOCH 31:
VALIDATION
valid epoch balanced_accuracy: 0.324020
EPOCH 32:
VALIDATION
valid epoch balanced_accuracy: 0.376867
EPOCH 33:
VALIDATION
valid epoch balanced_accuracy: 0.342230
EPOCH 34:
VALIDATION
valid epoch balanced_accuracy: 0.324501
EPOCH 35:
VALIDATION
valid epoch balanced_accuracy: 0.461605
EPOCH 36:
VALIDATION
valid epoch balanced_accuracy: 0.391993
EPOCH 37:
VALIDATION
valid epoch balanced_accuracy: 0.427450
EPOCH 38:
VALIDATION
valid epoch balanced_accuracy: 0.330138
EPOCH 39:
VALIDATION
valid epoch balanced_accuracy: 0.475913
EPOCH 40:
VALIDATION
valid epoch balanced_accuracy: 0.361885
EPOCH 41:
VALIDATION
valid epoch balanced_accuracy: 0.465796
EPOCH 42:
VALIDATION
valid epoch balanced_accuracy: 0.547114
EPOCH 43:
VALIDATION
valid epoch balanced_accuracy: 0.487378
EPOCH 44:
VALIDATION
valid epoch balanced_accuracy: 0.534252
EPOCH 45:
VALIDATION
valid epoch balanced_accuracy: 0.464351
EPOCH 46:
VALIDATION
valid epoch balanced_accuracy: 0.395221
EPOCH 47:
VALIDATION
valid epoch balanced_accuracy: 0.491570
EPOCH 48:
VALIDATION
valid epoch balanced_accuracy: 0.528278
EPOCH 49:
VALIDATION
valid epoch balanced_accuracy: 0.482561
EPOCH 50:
VALIDATION
valid epoch balanced_accuracy: 0.545862
EPOCH 51:
VALIDATION
valid epoch balanced_accuracy: 0.465315
EPOCH 52:
VALIDATION
valid epoch balanced_accuracy: 0.529916
EPOCH 53:
VALIDATION
valid epoch balanced_accuracy: 0.537480
EPOCH 54:
VALIDATION
valid epoch balanced_accuracy: 0.433423
EPOCH 55:
VALIDATION
valid epoch balanced_accuracy: 0.476925
EPOCH 56:
VALIDATION
valid epoch balanced_accuracy: 0.483187
EPOCH 57:
VALIDATION
valid epoch balanced_accuracy: 0.479333
EPOCH 58:
VALIDATION
valid epoch balanced_accuracy: 0.421332
EPOCH 59:
VALIDATION
valid epoch balanced_accuracy: 0.500096
EPOCH 60:
VALIDATION
valid epoch balanced_accuracy: 0.379757
EPOCH 61:
VALIDATION
valid epoch balanced_accuracy: 0.435832
EPOCH 62:
VALIDATION
valid epoch balanced_accuracy: 0.426486
EPOCH 63:
VALIDATION
valid epoch balanced_accuracy: 0.342230
EPOCH 64:
VALIDATION
valid epoch balanced_accuracy: 0.401339
EPOCH 65:
VALIDATION
valid epoch balanced_accuracy: 0.405868
EPOCH 66:
VALIDATION
valid epoch balanced_accuracy: 0.604345
EPOCH 67:
VALIDATION
valid epoch balanced_accuracy: 0.480441
EPOCH 68:
VALIDATION
valid epoch balanced_accuracy: 0.469987
EPOCH 69:
VALIDATION
valid epoch balanced_accuracy: 0.439541
EPOCH 70:
VALIDATION
valid epoch balanced_accuracy: 0.386694
EPOCH 71:
VALIDATION
valid epoch balanced_accuracy: 0.480778
EPOCH 72:
VALIDATION
valid epoch balanced_accuracy: 0.383467
EPOCH 73:
VALIDATION
valid epoch balanced_accuracy: 0.548271
EPOCH 74:
VALIDATION
valid epoch balanced_accuracy: 0.504625
EPOCH 75:
VALIDATION
valid epoch balanced_accuracy: 0.474323
EPOCH 76:
VALIDATION
valid epoch balanced_accuracy: 0.500096
EPOCH 77:
VALIDATION
valid epoch balanced_accuracy: 0.477069
EPOCH 78:
VALIDATION
valid epoch balanced_accuracy: 0.441468
EPOCH 79:
VALIDATION
valid epoch balanced_accuracy: 0.465315
EPOCH 80:
VALIDATION
valid epoch balanced_accuracy: 0.369930
EPOCH 81:
VALIDATION
valid epoch balanced_accuracy: 0.652809
EPOCH 82:
VALIDATION
valid epoch balanced_accuracy: 0.581944
EPOCH 83:
VALIDATION
valid epoch balanced_accuracy: 0.656036
EPOCH 84:
VALIDATION
valid epoch balanced_accuracy: 0.518162
EPOCH 85:
VALIDATION
valid epoch balanced_accuracy: 0.448550
EPOCH 86:
VALIDATION
valid epoch balanced_accuracy: 0.543116
EPOCH 87:
VALIDATION
valid epoch balanced_accuracy: 0.377493
EPOCH 88:
VALIDATION
valid epoch balanced_accuracy: 0.462569
EPOCH 89:
VALIDATION
valid epoch balanced_accuracy: 0.460786
EPOCH 90:
VALIDATION
valid epoch balanced_accuracy: 0.588207
EPOCH 91:
VALIDATION
valid epoch balanced_accuracy: 0.363812
EPOCH 92:
VALIDATION
valid epoch balanced_accuracy: 0.440987
EPOCH 93:
VALIDATION
valid epoch balanced_accuracy: 0.402303
EPOCH 94:
VALIDATION
valid epoch balanced_accuracy: 0.500096
EPOCH 95:
VALIDATION
valid epoch balanced_accuracy: 0.432604
EPOCH 96:
VALIDATION
valid epoch balanced_accuracy: 0.399412
EPOCH 97:
VALIDATION
valid epoch balanced_accuracy: 0.434387
EPOCH 98:
VALIDATION
valid epoch balanced_accuracy: 0.604490
EPOCH 99:
VALIDATION
valid epoch balanced_accuracy: 0.423740
EPOCH 100:
VALIDATION
valid epoch balanced_accuracy: 0.498988
EPOCH 101:
VALIDATION
valid epoch balanced_accuracy: 0.450140
EPOCH 102:
VALIDATION
valid epoch balanced_accuracy: 0.454186
EPOCH 103:
VALIDATION
valid epoch balanced_accuracy: 0.490124
EPOCH 104:
VALIDATION
valid epoch balanced_accuracy: 0.570672
EPOCH 105:
VALIDATION
valid epoch balanced_accuracy: 0.638645
EPOCH 106:
VALIDATION
valid epoch balanced_accuracy: 0.537480
EPOCH 107:
VALIDATION
valid epoch balanced_accuracy: 0.384430
EPOCH 108:
VALIDATION
valid epoch balanced_accuracy: 0.575007
EPOCH 109:
VALIDATION
valid epoch balanced_accuracy: 0.421332
EPOCH 110:
VALIDATION
valid epoch balanced_accuracy: 0.582908
EPOCH 111:
VALIDATION
valid epoch balanced_accuracy: 0.649292
EPOCH 112:
VALIDATION
valid epoch balanced_accuracy: 0.582426
EPOCH 113:
VALIDATION
valid epoch balanced_accuracy: 0.615281
EPOCH 114:
VALIDATION
valid epoch balanced_accuracy: 0.584353
EPOCH 115:
VALIDATION
valid epoch balanced_accuracy: 0.497832
EPOCH 116:
VALIDATION
valid epoch balanced_accuracy: 0.389440
EPOCH 117:
VALIDATION
valid epoch balanced_accuracy: 0.512670
EPOCH 118:
VALIDATION
valid epoch balanced_accuracy: 0.578861
EPOCH 119:
VALIDATION
valid epoch balanced_accuracy: 0.518788
EPOCH 120:
VALIDATION
valid epoch balanced_accuracy: 0.498169
EPOCH 121:
VALIDATION
valid epoch balanced_accuracy: 0.696792
EPOCH 122:
VALIDATION
valid epoch balanced_accuracy: 0.574670
EPOCH 123:
VALIDATION
valid epoch balanced_accuracy: 0.506696
EPOCH 124:
VALIDATION
valid epoch balanced_accuracy: 0.475624
EPOCH 125:
VALIDATION
valid epoch balanced_accuracy: 0.471433
EPOCH 126:
VALIDATION
valid epoch balanced_accuracy: 0.605935
EPOCH 127:
VALIDATION
valid epoch balanced_accuracy: 0.570334
EPOCH 128:
VALIDATION
valid epoch balanced_accuracy: 0.496387
EPOCH 129:
VALIDATION
valid epoch balanced_accuracy: 0.547452
EPOCH 130:
VALIDATION
valid epoch balanced_accuracy: 0.550679
EPOCH 131:
VALIDATION
valid epoch balanced_accuracy: 0.570816
EPOCH 132:
VALIDATION
valid epoch balanced_accuracy: 0.622989
EPOCH 133:
VALIDATION
valid epoch balanced_accuracy: 0.447731
EPOCH 134:
VALIDATION
valid epoch balanced_accuracy: 0.634454
EPOCH 135:
VALIDATION
valid epoch balanced_accuracy: 0.605791
EPOCH 136:
VALIDATION
valid epoch balanced_accuracy: 0.537961
EPOCH 137:
VALIDATION
valid epoch balanced_accuracy: 0.562289
EPOCH 138:
VALIDATION
valid epoch balanced_accuracy: 0.547789
EPOCH 139:
VALIDATION
valid epoch balanced_accuracy: 0.516379
EPOCH 140:
VALIDATION
valid epoch balanced_accuracy: 0.523316
EPOCH 141:
VALIDATION
valid epoch balanced_accuracy: 0.610463
EPOCH 142:
VALIDATION
valid epoch balanced_accuracy: 0.550198
EPOCH 143:
VALIDATION
valid epoch balanced_accuracy: 0.570816
EPOCH 144:
VALIDATION
valid epoch balanced_accuracy: 0.566143
EPOCH 145:
VALIDATION
valid epoch balanced_accuracy: 0.639272
EPOCH 146:
VALIDATION
valid epoch balanced_accuracy: 0.601262
EPOCH 147:
VALIDATION
valid epoch balanced_accuracy: 0.561326
EPOCH 148:
VALIDATION
valid epoch balanced_accuracy: 0.582908
EPOCH 149:
VALIDATION
valid epoch balanced_accuracy: 0.585798
EPOCH 150:
VALIDATION
valid epoch balanced_accuracy: 0.578235
accuracy: 0.676471
sensitivity: 0.607477
precision: 0.730337
specificity: 0.752577
IoU: 0.496183
FAR: 0.247423
F1: 0.663265
balanced_accuracy: 0.680027
loss: 0.615086
