=== GROUP: CRAL-TRIO | VARIANT: bbp_fa_bng_nps3mlp_dpt01_wd0001_gm_plm64_hid64_GRL_dp_rmpft | SEED: 1 | GPU: NVIDIA H200 | SLOT: 0 ===

number of parameters : 1287306
train : (1104, 12)
valid : (204, 12)
test : (204, 12)
class weights : [1.0, 1.0]
balanced batches : 69 per epoch covering all 1104 train rows, target 8 positive + 8 unlabeled
cache warmed : 35 proteins, 409 lipid encodings, 0 lipid graphs, 134 MiB
data extracted
EPOCH 1:
VALIDATION
valid epoch balanced_accuracy: 0.421154
EPOCH 2:
VALIDATION
valid epoch balanced_accuracy: 0.406923
EPOCH 3:
VALIDATION
valid epoch balanced_accuracy: 0.445769
EPOCH 4:
VALIDATION
valid epoch balanced_accuracy: 0.571923
EPOCH 5:
VALIDATION
valid epoch balanced_accuracy: 0.539808
EPOCH 6:
VALIDATION
valid epoch balanced_accuracy: 0.563269
EPOCH 7:
VALIDATION
valid epoch balanced_accuracy: 0.562885
EPOCH 8:
VALIDATION
valid epoch balanced_accuracy: 0.599808
EPOCH 9:
VALIDATION
valid epoch balanced_accuracy: 0.606731
EPOCH 10:
VALIDATION
valid epoch balanced_accuracy: 0.575769
EPOCH 11:
VALIDATION
valid epoch balanced_accuracy: 0.508846
EPOCH 12:
VALIDATION
valid epoch balanced_accuracy: 0.502115
EPOCH 13:
VALIDATION
valid epoch balanced_accuracy: 0.501731
EPOCH 14:
VALIDATION
valid epoch balanced_accuracy: 0.512308
EPOCH 15:
VALIDATION
valid epoch balanced_accuracy: 0.488462
EPOCH 16:
VALIDATION
valid epoch balanced_accuracy: 0.468654
EPOCH 17:
VALIDATION
valid epoch balanced_accuracy: 0.392500
EPOCH 18:
VALIDATION
valid epoch balanced_accuracy: 0.461731
EPOCH 19:
VALIDATION
valid epoch balanced_accuracy: 0.497692
EPOCH 20:
VALIDATION
valid epoch balanced_accuracy: 0.393269
EPOCH 21:
VALIDATION
valid epoch balanced_accuracy: 0.447500
EPOCH 22:
VALIDATION
valid epoch balanced_accuracy: 0.417500
EPOCH 23:
VALIDATION
valid epoch balanced_accuracy: 0.540577
EPOCH 24:
VALIDATION
valid epoch balanced_accuracy: 0.338462
EPOCH 25:
VALIDATION
valid epoch balanced_accuracy: 0.357885
EPOCH 26:
VALIDATION
valid epoch balanced_accuracy: 0.348077
EPOCH 27:
VALIDATION
valid epoch balanced_accuracy: 0.487115
EPOCH 28:
VALIDATION
valid epoch balanced_accuracy: 0.403846
EPOCH 29:
VALIDATION
valid epoch balanced_accuracy: 0.386923
EPOCH 30:
VALIDATION
valid epoch balanced_accuracy: 0.342885
EPOCH 31:
VALIDATION
valid epoch balanced_accuracy: 0.338654
EPOCH 32:
VALIDATION
valid epoch balanced_accuracy: 0.304808
EPOCH 33:
VALIDATION
valid epoch balanced_accuracy: 0.378654
EPOCH 34:
VALIDATION
valid epoch balanced_accuracy: 0.357500
EPOCH 35:
VALIDATION
valid epoch balanced_accuracy: 0.429615
EPOCH 36:
VALIDATION
valid epoch balanced_accuracy: 0.317692
EPOCH 37:
VALIDATION
valid epoch balanced_accuracy: 0.388846
EPOCH 38:
VALIDATION
valid epoch balanced_accuracy: 0.362308
EPOCH 39:
VALIDATION
valid epoch balanced_accuracy: 0.377308
EPOCH 40:
VALIDATION
valid epoch balanced_accuracy: 0.374423
EPOCH 41:
VALIDATION
valid epoch balanced_accuracy: 0.432308
EPOCH 42:
VALIDATION
valid epoch balanced_accuracy: 0.431538
EPOCH 43:
VALIDATION
valid epoch balanced_accuracy: 0.475577
EPOCH 44:
VALIDATION
valid epoch balanced_accuracy: 0.405192
EPOCH 45:
VALIDATION
valid epoch balanced_accuracy: 0.360577
EPOCH 46:
VALIDATION
valid epoch balanced_accuracy: 0.388846
EPOCH 47:
VALIDATION
valid epoch balanced_accuracy: 0.374231
EPOCH 48:
VALIDATION
valid epoch balanced_accuracy: 0.429423
EPOCH 49:
VALIDATION
valid epoch balanced_accuracy: 0.345000
EPOCH 50:
VALIDATION
valid epoch balanced_accuracy: 0.369808
EPOCH 51:
VALIDATION
valid epoch balanced_accuracy: 0.487500
EPOCH 52:
VALIDATION
valid epoch balanced_accuracy: 0.348462
EPOCH 53:
VALIDATION
valid epoch balanced_accuracy: 0.527115
EPOCH 54:
VALIDATION
valid epoch balanced_accuracy: 0.461923
EPOCH 55:
VALIDATION
valid epoch balanced_accuracy: 0.436154
EPOCH 56:
VALIDATION
valid epoch balanced_accuracy: 0.491731
EPOCH 57:
VALIDATION
valid epoch balanced_accuracy: 0.377500
EPOCH 58:
VALIDATION
valid epoch balanced_accuracy: 0.537692
EPOCH 59:
VALIDATION
valid epoch balanced_accuracy: 0.423846
EPOCH 60:
VALIDATION
valid epoch balanced_accuracy: 0.406923
EPOCH 61:
VALIDATION
valid epoch balanced_accuracy: 0.468462
EPOCH 62:
VALIDATION
valid epoch balanced_accuracy: 0.516731
EPOCH 63:
VALIDATION
valid epoch balanced_accuracy: 0.519423
EPOCH 64:
VALIDATION
valid epoch balanced_accuracy: 0.546346
EPOCH 65:
VALIDATION
valid epoch balanced_accuracy: 0.592692
EPOCH 66:
VALIDATION
valid epoch balanced_accuracy: 0.526154
EPOCH 67:
VALIDATION
valid epoch balanced_accuracy: 0.626731
EPOCH 68:
VALIDATION
valid epoch balanced_accuracy: 0.467115
EPOCH 69:
VALIDATION
valid epoch balanced_accuracy: 0.403077
EPOCH 70:
VALIDATION
valid epoch balanced_accuracy: 0.603654
EPOCH 71:
VALIDATION
valid epoch balanced_accuracy: 0.458269
EPOCH 72:
VALIDATION
valid epoch balanced_accuracy: 0.541154
EPOCH 73:
VALIDATION
valid epoch balanced_accuracy: 0.611923
EPOCH 74:
VALIDATION
valid epoch balanced_accuracy: 0.496923
EPOCH 75:
VALIDATION
valid epoch balanced_accuracy: 0.649038
EPOCH 76:
VALIDATION
valid epoch balanced_accuracy: 0.572885
EPOCH 77:
VALIDATION
valid epoch balanced_accuracy: 0.472692
EPOCH 78:
VALIDATION
valid epoch balanced_accuracy: 0.577115
EPOCH 79:
VALIDATION
valid epoch balanced_accuracy: 0.472500
EPOCH 80:
VALIDATION
valid epoch balanced_accuracy: 0.550385
EPOCH 81:
VALIDATION
valid epoch balanced_accuracy: 0.531923
EPOCH 82:
VALIDATION
valid epoch balanced_accuracy: 0.460385
EPOCH 83:
VALIDATION
valid epoch balanced_accuracy: 0.677885
EPOCH 84:
VALIDATION
valid epoch balanced_accuracy: 0.682885
EPOCH 85:
VALIDATION
valid epoch balanced_accuracy: 0.498846
EPOCH 86:
VALIDATION
valid epoch balanced_accuracy: 0.521538
EPOCH 87:
VALIDATION
valid epoch balanced_accuracy: 0.626346
EPOCH 88:
VALIDATION
valid epoch balanced_accuracy: 0.604423
EPOCH 89:
VALIDATION
valid epoch balanced_accuracy: 0.635769
EPOCH 90:
VALIDATION
valid epoch balanced_accuracy: 0.652885
EPOCH 91:
VALIDATION
valid epoch balanced_accuracy: 0.561154
EPOCH 92:
VALIDATION
valid epoch balanced_accuracy: 0.601346
EPOCH 93:
VALIDATION
valid epoch balanced_accuracy: 0.509615
EPOCH 94:
VALIDATION
valid epoch balanced_accuracy: 0.550962
EPOCH 95:
VALIDATION
valid epoch balanced_accuracy: 0.651538
EPOCH 96:
VALIDATION
valid epoch balanced_accuracy: 0.523846
EPOCH 97:
VALIDATION
valid epoch balanced_accuracy: 0.635385
EPOCH 98:
VALIDATION
valid epoch balanced_accuracy: 0.620000
EPOCH 99:
VALIDATION
valid epoch balanced_accuracy: 0.666154
EPOCH 100:
VALIDATION
valid epoch balanced_accuracy: 0.661346
EPOCH 101:
VALIDATION
valid epoch balanced_accuracy: 0.656346
EPOCH 102:
VALIDATION
valid epoch balanced_accuracy: 0.595385
EPOCH 103:
VALIDATION
valid epoch balanced_accuracy: 0.548846
EPOCH 104:
VALIDATION
valid epoch balanced_accuracy: 0.514808
EPOCH 105:
VALIDATION
valid epoch balanced_accuracy: 0.600192
EPOCH 106:
VALIDATION
valid epoch balanced_accuracy: 0.660769
EPOCH 107:
VALIDATION
valid epoch balanced_accuracy: 0.634231
EPOCH 108:
VALIDATION
valid epoch balanced_accuracy: 0.655769
EPOCH 109:
VALIDATION
valid epoch balanced_accuracy: 0.565962
EPOCH 110:
VALIDATION
valid epoch balanced_accuracy: 0.611154
EPOCH 111:
VALIDATION
valid epoch balanced_accuracy: 0.560385
EPOCH 112:
VALIDATION
valid epoch balanced_accuracy: 0.533846
EPOCH 113:
VALIDATION
valid epoch balanced_accuracy: 0.600769
EPOCH 114:
VALIDATION
valid epoch balanced_accuracy: 0.610962
EPOCH 115:
VALIDATION
valid epoch balanced_accuracy: 0.611538
EPOCH 116:
VALIDATION
valid epoch balanced_accuracy: 0.550769
EPOCH 117:
VALIDATION
valid epoch balanced_accuracy: 0.468654
EPOCH 118:
VALIDATION
valid epoch balanced_accuracy: 0.493654
EPOCH 119:
VALIDATION
valid epoch balanced_accuracy: 0.687115
EPOCH 120:
VALIDATION
valid epoch balanced_accuracy: 0.585962
EPOCH 121:
VALIDATION
valid epoch balanced_accuracy: 0.585577
EPOCH 122:
VALIDATION
valid epoch balanced_accuracy: 0.606154
EPOCH 123:
VALIDATION
valid epoch balanced_accuracy: 0.570962
EPOCH 124:
VALIDATION
valid epoch balanced_accuracy: 0.535769
EPOCH 125:
VALIDATION
valid epoch balanced_accuracy: 0.483269
EPOCH 126:
VALIDATION
valid epoch balanced_accuracy: 0.712885
EPOCH 127:
VALIDATION
valid epoch balanced_accuracy: 0.555000
EPOCH 128:
VALIDATION
valid epoch balanced_accuracy: 0.656923
EPOCH 129:
VALIDATION
valid epoch balanced_accuracy: 0.641731
EPOCH 130:
VALIDATION
valid epoch balanced_accuracy: 0.620577
EPOCH 131:
VALIDATION
valid epoch balanced_accuracy: 0.651731
EPOCH 132:
VALIDATION
valid epoch balanced_accuracy: 0.625385
EPOCH 133:
VALIDATION
valid epoch balanced_accuracy: 0.482115
EPOCH 134:
VALIDATION
valid epoch balanced_accuracy: 0.595769
EPOCH 135:
VALIDATION
valid epoch balanced_accuracy: 0.496538
EPOCH 136:
VALIDATION
valid epoch balanced_accuracy: 0.661346
EPOCH 137:
VALIDATION
valid epoch balanced_accuracy: 0.475000
EPOCH 138:
VALIDATION
valid epoch balanced_accuracy: 0.535962
EPOCH 139:
VALIDATION
valid epoch balanced_accuracy: 0.636346
EPOCH 140:
VALIDATION
valid epoch balanced_accuracy: 0.558654
EPOCH 141:
VALIDATION
valid epoch balanced_accuracy: 0.468077
EPOCH 142:
VALIDATION
valid epoch balanced_accuracy: 0.590192
EPOCH 143:
VALIDATION
valid epoch balanced_accuracy: 0.646538
EPOCH 144:
VALIDATION
valid epoch balanced_accuracy: 0.497500
EPOCH 145:
VALIDATION
valid epoch balanced_accuracy: 0.590577
EPOCH 146:
VALIDATION
valid epoch balanced_accuracy: 0.585385
EPOCH 147:
VALIDATION
valid epoch balanced_accuracy: 0.609615
EPOCH 148:
VALIDATION
valid epoch balanced_accuracy: 0.572692
EPOCH 149:
VALIDATION
valid epoch balanced_accuracy: 0.534231
EPOCH 150:
VALIDATION
valid epoch balanced_accuracy: 0.485962
accuracy: 0.676471
sensitivity: 0.673077
precision: 0.686275
specificity: 0.680000
IoU: 0.514706
FAR: 0.320000
F1: 0.679612
balanced_accuracy: 0.676538
loss: 0.971905
