=== GROUP: CRAL-TRIO | VARIANT: bbp_fa_bng_nps3mlp_dpt01_wd0001_gm_plm64_hid64_GRL_dp_rmpft | SEED: 0 | GPU: NVIDIA H200 | SLOT: 1 ===

number of parameters : 1287306
train : (1104, 12)
valid : (204, 12)
test : (204, 12)
class weights : [1.0, 1.0]
balanced batches : 69 per epoch covering all 1104 train rows, target 8 positive + 8 unlabeled
cache warmed : 35 proteins, 409 lipid encodings, 0 lipid graphs, 134 MiB
data extracted
EPOCH 1:
VALIDATION
valid epoch balanced_accuracy: 0.352308
EPOCH 2:
VALIDATION
valid epoch balanced_accuracy: 0.352308
EPOCH 3:
VALIDATION
valid epoch balanced_accuracy: 0.447692
EPOCH 4:
VALIDATION
valid epoch balanced_accuracy: 0.438077
EPOCH 5:
VALIDATION
valid epoch balanced_accuracy: 0.504038
EPOCH 6:
VALIDATION
valid epoch balanced_accuracy: 0.466346
EPOCH 7:
VALIDATION
valid epoch balanced_accuracy: 0.496538
EPOCH 8:
VALIDATION
valid epoch balanced_accuracy: 0.502308
EPOCH 9:
VALIDATION
valid epoch balanced_accuracy: 0.527115
EPOCH 10:
VALIDATION
valid epoch balanced_accuracy: 0.512115
EPOCH 11:
VALIDATION
valid epoch balanced_accuracy: 0.644615
EPOCH 12:
VALIDATION
valid epoch balanced_accuracy: 0.624231
EPOCH 13:
VALIDATION
valid epoch balanced_accuracy: 0.617885
EPOCH 14:
VALIDATION
valid epoch balanced_accuracy: 0.540385
EPOCH 15:
VALIDATION
valid epoch balanced_accuracy: 0.586731
EPOCH 16:
VALIDATION
valid epoch balanced_accuracy: 0.352692
EPOCH 17:
VALIDATION
valid epoch balanced_accuracy: 0.336731
EPOCH 18:
VALIDATION
valid epoch balanced_accuracy: 0.675385
EPOCH 19:
VALIDATION
valid epoch balanced_accuracy: 0.630962
EPOCH 20:
VALIDATION
valid epoch balanced_accuracy: 0.371731
EPOCH 21:
VALIDATION
valid epoch balanced_accuracy: 0.382500
EPOCH 22:
VALIDATION
valid epoch balanced_accuracy: 0.367308
EPOCH 23:
VALIDATION
valid epoch balanced_accuracy: 0.617500
EPOCH 24:
VALIDATION
valid epoch balanced_accuracy: 0.601154
EPOCH 25:
VALIDATION
valid epoch balanced_accuracy: 0.520962
EPOCH 26:
VALIDATION
valid epoch balanced_accuracy: 0.529808
EPOCH 27:
VALIDATION
valid epoch balanced_accuracy: 0.347692
EPOCH 28:
VALIDATION
valid epoch balanced_accuracy: 0.533846
EPOCH 29:
VALIDATION
valid epoch balanced_accuracy: 0.586538
EPOCH 30:
VALIDATION
valid epoch balanced_accuracy: 0.504615
EPOCH 31:
VALIDATION
valid epoch balanced_accuracy: 0.484808
EPOCH 32:
VALIDATION
valid epoch balanced_accuracy: 0.413462
EPOCH 33:
VALIDATION
valid epoch balanced_accuracy: 0.591154
EPOCH 34:
VALIDATION
valid epoch balanced_accuracy: 0.445385
EPOCH 35:
VALIDATION
valid epoch balanced_accuracy: 0.447500
EPOCH 36:
VALIDATION
valid epoch balanced_accuracy: 0.484038
EPOCH 37:
VALIDATION
valid epoch balanced_accuracy: 0.638462
EPOCH 38:
VALIDATION
valid epoch balanced_accuracy: 0.573077
EPOCH 39:
VALIDATION
valid epoch balanced_accuracy: 0.484038
EPOCH 40:
VALIDATION
valid epoch balanced_accuracy: 0.494231
EPOCH 41:
VALIDATION
valid epoch balanced_accuracy: 0.610385
EPOCH 42:
VALIDATION
valid epoch balanced_accuracy: 0.403654
EPOCH 43:
VALIDATION
valid epoch balanced_accuracy: 0.402500
EPOCH 44:
VALIDATION
valid epoch balanced_accuracy: 0.413077
EPOCH 45:
VALIDATION
valid epoch balanced_accuracy: 0.555769
EPOCH 46:
VALIDATION
valid epoch balanced_accuracy: 0.563846
EPOCH 47:
VALIDATION
valid epoch balanced_accuracy: 0.533462
EPOCH 48:
VALIDATION
valid epoch balanced_accuracy: 0.450962
EPOCH 49:
VALIDATION
valid epoch balanced_accuracy: 0.451731
EPOCH 50:
VALIDATION
valid epoch balanced_accuracy: 0.551538
EPOCH 51:
VALIDATION
valid epoch balanced_accuracy: 0.590385
EPOCH 52:
VALIDATION
valid epoch balanced_accuracy: 0.457500
EPOCH 53:
VALIDATION
valid epoch balanced_accuracy: 0.417500
EPOCH 54:
VALIDATION
valid epoch balanced_accuracy: 0.547500
EPOCH 55:
VALIDATION
valid epoch balanced_accuracy: 0.466538
EPOCH 56:
VALIDATION
valid epoch balanced_accuracy: 0.499615
EPOCH 57:
VALIDATION
valid epoch balanced_accuracy: 0.461923
EPOCH 58:
VALIDATION
valid epoch balanced_accuracy: 0.455577
EPOCH 59:
VALIDATION
valid epoch balanced_accuracy: 0.577885
EPOCH 60:
VALIDATION
valid epoch balanced_accuracy: 0.555962
EPOCH 61:
VALIDATION
valid epoch balanced_accuracy: 0.512308
EPOCH 62:
VALIDATION
valid epoch balanced_accuracy: 0.495192
EPOCH 63:
VALIDATION
valid epoch balanced_accuracy: 0.457500
EPOCH 64:
VALIDATION
valid epoch balanced_accuracy: 0.441923
EPOCH 65:
VALIDATION
valid epoch balanced_accuracy: 0.542115
EPOCH 66:
VALIDATION
valid epoch balanced_accuracy: 0.446731
EPOCH 67:
VALIDATION
valid epoch balanced_accuracy: 0.508846
EPOCH 68:
VALIDATION
valid epoch balanced_accuracy: 0.561923
EPOCH 69:
VALIDATION
valid epoch balanced_accuracy: 0.639615
EPOCH 70:
VALIDATION
valid epoch balanced_accuracy: 0.528654
EPOCH 71:
VALIDATION
valid epoch balanced_accuracy: 0.551731
EPOCH 72:
VALIDATION
valid epoch balanced_accuracy: 0.475769
EPOCH 73:
VALIDATION
valid epoch balanced_accuracy: 0.533269
EPOCH 74:
VALIDATION
valid epoch balanced_accuracy: 0.514231
EPOCH 75:
VALIDATION
valid epoch balanced_accuracy: 0.480000
EPOCH 76:
VALIDATION
valid epoch balanced_accuracy: 0.467500
EPOCH 77:
VALIDATION
valid epoch balanced_accuracy: 0.445769
EPOCH 78:
VALIDATION
valid epoch balanced_accuracy: 0.454423
EPOCH 79:
VALIDATION
valid epoch balanced_accuracy: 0.445577
EPOCH 80:
VALIDATION
valid epoch balanced_accuracy: 0.448462
EPOCH 81:
VALIDATION
valid epoch balanced_accuracy: 0.418077
EPOCH 82:
VALIDATION
valid epoch balanced_accuracy: 0.528462
EPOCH 83:
VALIDATION
valid epoch balanced_accuracy: 0.417115
EPOCH 84:
VALIDATION
valid epoch balanced_accuracy: 0.461923
EPOCH 85:
VALIDATION
valid epoch balanced_accuracy: 0.494808
EPOCH 86:
VALIDATION
valid epoch balanced_accuracy: 0.584615
EPOCH 87:
VALIDATION
valid epoch balanced_accuracy: 0.427692
EPOCH 88:
VALIDATION
valid epoch balanced_accuracy: 0.425962
EPOCH 89:
VALIDATION
valid epoch balanced_accuracy: 0.462308
EPOCH 90:
VALIDATION
valid epoch balanced_accuracy: 0.450962
EPOCH 91:
VALIDATION
valid epoch balanced_accuracy: 0.523077
EPOCH 92:
VALIDATION
valid epoch balanced_accuracy: 0.428654
EPOCH 93:
VALIDATION
valid epoch balanced_accuracy: 0.457500
EPOCH 94:
VALIDATION
valid epoch balanced_accuracy: 0.471346
EPOCH 95:
VALIDATION
valid epoch balanced_accuracy: 0.402500
EPOCH 96:
VALIDATION
valid epoch balanced_accuracy: 0.448077
EPOCH 97:
VALIDATION
valid epoch balanced_accuracy: 0.433269
EPOCH 98:
VALIDATION
valid epoch balanced_accuracy: 0.446538
EPOCH 99:
VALIDATION
valid epoch balanced_accuracy: 0.402885
EPOCH 100:
VALIDATION
valid epoch balanced_accuracy: 0.422500
EPOCH 101:
VALIDATION
valid epoch balanced_accuracy: 0.446154
EPOCH 102:
VALIDATION
valid epoch balanced_accuracy: 0.447500
EPOCH 103:
VALIDATION
valid epoch balanced_accuracy: 0.408462
EPOCH 104:
VALIDATION
valid epoch balanced_accuracy: 0.429615
EPOCH 105:
VALIDATION
valid epoch balanced_accuracy: 0.398077
EPOCH 106:
VALIDATION
valid epoch balanced_accuracy: 0.445577
EPOCH 107:
VALIDATION
valid epoch balanced_accuracy: 0.437500
EPOCH 108:
VALIDATION
valid epoch balanced_accuracy: 0.441346
EPOCH 109:
VALIDATION
valid epoch balanced_accuracy: 0.466538
EPOCH 110:
VALIDATION
valid epoch balanced_accuracy: 0.447308
EPOCH 111:
VALIDATION
valid epoch balanced_accuracy: 0.402500
EPOCH 112:
VALIDATION
valid epoch balanced_accuracy: 0.407500
EPOCH 113:
VALIDATION
valid epoch balanced_accuracy: 0.432692
EPOCH 114:
VALIDATION
valid epoch balanced_accuracy: 0.408462
EPOCH 115:
VALIDATION
valid epoch balanced_accuracy: 0.458077
EPOCH 116:
VALIDATION
valid epoch balanced_accuracy: 0.480577
EPOCH 117:
VALIDATION
valid epoch balanced_accuracy: 0.508077
EPOCH 118:
VALIDATION
valid epoch balanced_accuracy: 0.570769
EPOCH 119:
VALIDATION
valid epoch balanced_accuracy: 0.525385
EPOCH 120:
VALIDATION
valid epoch balanced_accuracy: 0.396154
EPOCH 121:
VALIDATION
valid epoch balanced_accuracy: 0.527885
EPOCH 122:
VALIDATION
valid epoch balanced_accuracy: 0.469615
EPOCH 123:
VALIDATION
valid epoch balanced_accuracy: 0.489808
EPOCH 124:
VALIDATION
valid epoch balanced_accuracy: 0.417692
EPOCH 125:
VALIDATION
valid epoch balanced_accuracy: 0.417500
EPOCH 126:
VALIDATION
valid epoch balanced_accuracy: 0.412308
EPOCH 127:
VALIDATION
valid epoch balanced_accuracy: 0.447692
EPOCH 128:
VALIDATION
valid epoch balanced_accuracy: 0.440769
EPOCH 129:
VALIDATION
valid epoch balanced_accuracy: 0.479808
EPOCH 130:
VALIDATION
valid epoch balanced_accuracy: 0.467115
EPOCH 131:
VALIDATION
valid epoch balanced_accuracy: 0.445962
EPOCH 132:
VALIDATION
valid epoch balanced_accuracy: 0.435769
EPOCH 133:
VALIDATION
valid epoch balanced_accuracy: 0.462115
EPOCH 134:
VALIDATION
valid epoch balanced_accuracy: 0.491154
EPOCH 135:
VALIDATION
valid epoch balanced_accuracy: 0.537692
EPOCH 136:
VALIDATION
valid epoch balanced_accuracy: 0.447692
EPOCH 137:
VALIDATION
valid epoch balanced_accuracy: 0.475192
EPOCH 138:
VALIDATION
valid epoch balanced_accuracy: 0.418462
EPOCH 139:
VALIDATION
valid epoch balanced_accuracy: 0.460577
EPOCH 140:
VALIDATION
valid epoch balanced_accuracy: 0.467308
EPOCH 141:
VALIDATION
valid epoch balanced_accuracy: 0.472500
EPOCH 142:
VALIDATION
valid epoch balanced_accuracy: 0.413269
EPOCH 143:
VALIDATION
valid epoch balanced_accuracy: 0.442500
EPOCH 144:
VALIDATION
valid epoch balanced_accuracy: 0.421538
EPOCH 145:
VALIDATION
valid epoch balanced_accuracy: 0.393269
EPOCH 146:
VALIDATION
valid epoch balanced_accuracy: 0.397500
EPOCH 147:
VALIDATION
valid epoch balanced_accuracy: 0.457500
EPOCH 148:
VALIDATION
valid epoch balanced_accuracy: 0.550577
EPOCH 149:
VALIDATION
valid epoch balanced_accuracy: 0.450769
EPOCH 150:
VALIDATION
valid epoch balanced_accuracy: 0.495192
accuracy: 0.612745
sensitivity: 0.770000
precision: 0.578947
specificity: 0.461538
IoU: 0.493590
FAR: 0.538462
F1: 0.660944
balanced_accuracy: 0.615769
loss: 0.656236
