
number of parameters : 1075406
train : (1243, 12)
valid : (44, 12)
test : (44, 12)
class weights : [1.1466789245605469, 0.8865906000137329]
data extracted
EPOCH 1:
VALIDATION
valid epoch balanced_accuracy: 0.520000
EPOCH 2:
VALIDATION
valid epoch balanced_accuracy: 0.576842
EPOCH 3:
VALIDATION
valid epoch balanced_accuracy: 0.610526
EPOCH 4:
VALIDATION
valid epoch balanced_accuracy: 0.611579
EPOCH 5:
VALIDATION
valid epoch balanced_accuracy: 0.649474
EPOCH 6:
VALIDATION
valid epoch balanced_accuracy: 0.617895
EPOCH 7:
VALIDATION
valid epoch balanced_accuracy: 0.695789
EPOCH 8:
VALIDATION
valid epoch balanced_accuracy: 0.669474
EPOCH 9:
VALIDATION
valid epoch balanced_accuracy: 0.761053
EPOCH 10:
VALIDATION
valid epoch balanced_accuracy: 0.787368
EPOCH 11:
VALIDATION
valid epoch balanced_accuracy: 0.616842
EPOCH 12:
VALIDATION
valid epoch balanced_accuracy: 0.603158
EPOCH 13:
VALIDATION
valid epoch balanced_accuracy: 0.728421
EPOCH 14:
VALIDATION
valid epoch balanced_accuracy: 0.702105
EPOCH 15:
VALIDATION
valid epoch balanced_accuracy: 0.742105
EPOCH 16:
VALIDATION
valid epoch balanced_accuracy: 0.754737
EPOCH 17:
VALIDATION
valid epoch balanced_accuracy: 0.621053
EPOCH 18:
VALIDATION
valid epoch balanced_accuracy: 0.714737
EPOCH 19:
VALIDATION
valid epoch balanced_accuracy: 0.695789
EPOCH 20:
VALIDATION
valid epoch balanced_accuracy: 0.495789
EPOCH 21:
VALIDATION
valid epoch balanced_accuracy: 0.648421
EPOCH 22:
VALIDATION
valid epoch balanced_accuracy: 0.767368
EPOCH 23:
VALIDATION
valid epoch balanced_accuracy: 0.694737
EPOCH 24:
VALIDATION
valid epoch balanced_accuracy: 0.694737
EPOCH 25:
VALIDATION
valid epoch balanced_accuracy: 0.694737
EPOCH 26:
VALIDATION
valid epoch balanced_accuracy: 0.674737
EPOCH 27:
VALIDATION
valid epoch balanced_accuracy: 0.741053
EPOCH 28:
VALIDATION
valid epoch balanced_accuracy: 0.608421
EPOCH 29:
VALIDATION
valid epoch balanced_accuracy: 0.689474
EPOCH 30:
VALIDATION
valid epoch balanced_accuracy: 0.674737
EPOCH 31:
VALIDATION
valid epoch balanced_accuracy: 0.742105
EPOCH 32:
VALIDATION
valid epoch balanced_accuracy: 0.761053
EPOCH 33:
VALIDATION
valid epoch balanced_accuracy: 0.694737
EPOCH 34:
VALIDATION
valid epoch balanced_accuracy: 0.742105
EPOCH 35:
VALIDATION
valid epoch balanced_accuracy: 0.781053
EPOCH 36:
VALIDATION
valid epoch balanced_accuracy: 0.694737
EPOCH 37:
VALIDATION
valid epoch balanced_accuracy: 0.662105
EPOCH 38:
VALIDATION
valid epoch balanced_accuracy: 0.636842
EPOCH 39:
VALIDATION
valid epoch balanced_accuracy: 0.701053
EPOCH 40:
VALIDATION
valid epoch balanced_accuracy: 0.568421
EPOCH 41:
VALIDATION
valid epoch balanced_accuracy: 0.668421
EPOCH 42:
VALIDATION
valid epoch balanced_accuracy: 0.734737
EPOCH 43:
VALIDATION
valid epoch balanced_accuracy: 0.662105
EPOCH 44:
VALIDATION
valid epoch balanced_accuracy: 0.708421
EPOCH 45:
VALIDATION
valid epoch balanced_accuracy: 0.741053
EPOCH 46:
VALIDATION
valid epoch balanced_accuracy: 0.694737
EPOCH 47:
VALIDATION
valid epoch balanced_accuracy: 0.754737
EPOCH 48:
VALIDATION
valid epoch balanced_accuracy: 0.695789
EPOCH 49:
VALIDATION
valid epoch balanced_accuracy: 0.708421
EPOCH 50:
VALIDATION
valid epoch balanced_accuracy: 0.543158
EPOCH 51:
VALIDATION
valid epoch balanced_accuracy: 0.762105
EPOCH 52:
VALIDATION
valid epoch balanced_accuracy: 0.768421
EPOCH 53:
VALIDATION
valid epoch balanced_accuracy: 0.675789
EPOCH 54:
VALIDATION
valid epoch balanced_accuracy: 0.688421
EPOCH 55:
VALIDATION
valid epoch balanced_accuracy: 0.741053
EPOCH 56:
VALIDATION
valid epoch balanced_accuracy: 0.708421
EPOCH 57:
VALIDATION
valid epoch balanced_accuracy: 0.676842
EPOCH 58:
VALIDATION
valid epoch balanced_accuracy: 0.649474
EPOCH 59:
VALIDATION
valid epoch balanced_accuracy: 0.648421
EPOCH 60:
VALIDATION
valid epoch balanced_accuracy: 0.734737
EPOCH 61:
VALIDATION
valid epoch balanced_accuracy: 0.688421
EPOCH 62:
VALIDATION
valid epoch balanced_accuracy: 0.714737
EPOCH 63:
VALIDATION
valid epoch balanced_accuracy: 0.741053
EPOCH 64:
VALIDATION
valid epoch balanced_accuracy: 0.708421
EPOCH 65:
VALIDATION
valid epoch balanced_accuracy: 0.708421
EPOCH 66:
VALIDATION
valid epoch balanced_accuracy: 0.714737
EPOCH 67:
VALIDATION
valid epoch balanced_accuracy: 0.734737
EPOCH 68:
VALIDATION
valid epoch balanced_accuracy: 0.774737
EPOCH 69:
VALIDATION
valid epoch balanced_accuracy: 0.728421
EPOCH 70:
VALIDATION
valid epoch balanced_accuracy: 0.688421
EPOCH 71:
VALIDATION
valid epoch balanced_accuracy: 0.768421
EPOCH 72:
VALIDATION
valid epoch balanced_accuracy: 0.741053
EPOCH 73:
VALIDATION
valid epoch balanced_accuracy: 0.728421
EPOCH 74:
VALIDATION
valid epoch balanced_accuracy: 0.774737
EPOCH 75:
VALIDATION
valid epoch balanced_accuracy: 0.754737
EPOCH 76:
VALIDATION
valid epoch balanced_accuracy: 0.694737
EPOCH 77:
VALIDATION
valid epoch balanced_accuracy: 0.761053
EPOCH 78:
VALIDATION
valid epoch balanced_accuracy: 0.688421
EPOCH 79:
VALIDATION
valid epoch balanced_accuracy: 0.714737
EPOCH 80:
VALIDATION
valid epoch balanced_accuracy: 0.688421
EPOCH 81:
VALIDATION
valid epoch balanced_accuracy: 0.714737
EPOCH 82:
VALIDATION
valid epoch balanced_accuracy: 0.694737
EPOCH 83:
VALIDATION
valid epoch balanced_accuracy: 0.714737
EPOCH 84:
VALIDATION
valid epoch balanced_accuracy: 0.741053
EPOCH 85:
VALIDATION
valid epoch balanced_accuracy: 0.668421
EPOCH 86:
VALIDATION
valid epoch balanced_accuracy: 0.714737
EPOCH 87:
VALIDATION
valid epoch balanced_accuracy: 0.734737
EPOCH 88:
VALIDATION
valid epoch balanced_accuracy: 0.734737
EPOCH 89:
VALIDATION
valid epoch balanced_accuracy: 0.708421
EPOCH 90:
VALIDATION
valid epoch balanced_accuracy: 0.589474
EPOCH 91:
VALIDATION
valid epoch balanced_accuracy: 0.707368
EPOCH 92:
VALIDATION
valid epoch balanced_accuracy: 0.695789
EPOCH 93:
VALIDATION
valid epoch balanced_accuracy: 0.633684
EPOCH 94:
VALIDATION
valid epoch balanced_accuracy: 0.695789
EPOCH 95:
VALIDATION
valid epoch balanced_accuracy: 0.662105
EPOCH 96:
VALIDATION
valid epoch balanced_accuracy: 0.642105
EPOCH 97:
VALIDATION
valid epoch balanced_accuracy: 0.662105
EPOCH 98:
VALIDATION
valid epoch balanced_accuracy: 0.748421
EPOCH 99:
VALIDATION
valid epoch balanced_accuracy: 0.708421
EPOCH 100:
VALIDATION
valid epoch balanced_accuracy: 0.721053
EPOCH 101:
VALIDATION
valid epoch balanced_accuracy: 0.694737
EPOCH 102:
VALIDATION
valid epoch balanced_accuracy: 0.694737
EPOCH 103:
VALIDATION
valid epoch balanced_accuracy: 0.642105
EPOCH 104:
VALIDATION
valid epoch balanced_accuracy: 0.714737
EPOCH 105:
VALIDATION
valid epoch balanced_accuracy: 0.741053
EPOCH 106:
VALIDATION
valid epoch balanced_accuracy: 0.741053
EPOCH 107:
VALIDATION
valid epoch balanced_accuracy: 0.741053
EPOCH 108:
VALIDATION
valid epoch balanced_accuracy: 0.714737
EPOCH 109:
VALIDATION
valid epoch balanced_accuracy: 0.688421
EPOCH 110:
VALIDATION
valid epoch balanced_accuracy: 0.668421
EPOCH 111:
VALIDATION
valid epoch balanced_accuracy: 0.734737
EPOCH 112:
VALIDATION
valid epoch balanced_accuracy: 0.768421
EPOCH 113:
VALIDATION
valid epoch balanced_accuracy: 0.754737
EPOCH 114:
VALIDATION
valid epoch balanced_accuracy: 0.688421
EPOCH 115:
VALIDATION
valid epoch balanced_accuracy: 0.688421
EPOCH 116:
VALIDATION
valid epoch balanced_accuracy: 0.694737
EPOCH 117:
VALIDATION
valid epoch balanced_accuracy: 0.688421
EPOCH 118:
VALIDATION
valid epoch balanced_accuracy: 0.728421
EPOCH 119:
VALIDATION
valid epoch balanced_accuracy: 0.694737
EPOCH 120:
VALIDATION
valid epoch balanced_accuracy: 0.694737
EPOCH 121:
VALIDATION
valid epoch balanced_accuracy: 0.668421
EPOCH 122:
VALIDATION
valid epoch balanced_accuracy: 0.668421
EPOCH 123:
VALIDATION
valid epoch balanced_accuracy: 0.642105
EPOCH 124:
VALIDATION
valid epoch balanced_accuracy: 0.694737
EPOCH 125:
VALIDATION
valid epoch balanced_accuracy: 0.668421
EPOCH 126:
VALIDATION
valid epoch balanced_accuracy: 0.721053
EPOCH 127:
VALIDATION
valid epoch balanced_accuracy: 0.694737
EPOCH 128:
VALIDATION
valid epoch balanced_accuracy: 0.682105
EPOCH 129:
VALIDATION
valid epoch balanced_accuracy: 0.668421
EPOCH 130:
VALIDATION
valid epoch balanced_accuracy: 0.668421
EPOCH 131:
VALIDATION
valid epoch balanced_accuracy: 0.694737
EPOCH 132:
VALIDATION
valid epoch balanced_accuracy: 0.662105
EPOCH 133:
VALIDATION
valid epoch balanced_accuracy: 0.674737
EPOCH 134:
VALIDATION
valid epoch balanced_accuracy: 0.609474
EPOCH 135:
VALIDATION
valid epoch balanced_accuracy: 0.768421
EARLY STOPPING: rolling validation balanced accuracy did not improve for 60 epochs and validation loss increased over the same window.
accuracy: 0.704545
sensitivity: 0.733333
precision: 0.814815
specificity: 0.642857
IoU: 0.628571
FAR: 0.357143
F1: 0.771930
balanced_accuracy: 0.688095
loss: 1.162549
