
number of parameters : 1075406
train : (1246, 12)
valid : (42, 12)
test : (43, 12)
class weights : [1.143119215965271, 0.8887304067611694]
data extracted
EPOCH 1:
VALIDATION
valid epoch balanced_accuracy: 0.479472
EPOCH 2:
VALIDATION
valid epoch balanced_accuracy: 0.560117
EPOCH 3:
VALIDATION
valid epoch balanced_accuracy: 0.545455
EPOCH 4:
VALIDATION
valid epoch balanced_accuracy: 0.473607
EPOCH 5:
VALIDATION
valid epoch balanced_accuracy: 0.711144
EPOCH 6:
VALIDATION
valid epoch balanced_accuracy: 0.782991
EPOCH 7:
VALIDATION
valid epoch balanced_accuracy: 0.705279
EPOCH 8:
VALIDATION
valid epoch balanced_accuracy: 0.724340
EPOCH 9:
VALIDATION
valid epoch balanced_accuracy: 0.667155
EPOCH 10:
VALIDATION
valid epoch balanced_accuracy: 0.692082
EPOCH 11:
VALIDATION
valid epoch balanced_accuracy: 0.728739
EPOCH 12:
VALIDATION
valid epoch balanced_accuracy: 0.708211
EPOCH 13:
VALIDATION
valid epoch balanced_accuracy: 0.712610
EPOCH 14:
VALIDATION
valid epoch balanced_accuracy: 0.799120
EPOCH 15:
VALIDATION
valid epoch balanced_accuracy: 0.724340
EPOCH 16:
VALIDATION
valid epoch balanced_accuracy: 0.777126
EPOCH 17:
VALIDATION
valid epoch balanced_accuracy: 0.737537
EPOCH 18:
VALIDATION
valid epoch balanced_accuracy: 0.790323
EPOCH 19:
VALIDATION
valid epoch balanced_accuracy: 0.718475
EPOCH 20:
VALIDATION
valid epoch balanced_accuracy: 0.721408
EPOCH 21:
VALIDATION
valid epoch balanced_accuracy: 0.715543
EPOCH 22:
VALIDATION
valid epoch balanced_accuracy: 0.887097
EPOCH 23:
VALIDATION
valid epoch balanced_accuracy: 0.841642
EPOCH 24:
VALIDATION
valid epoch balanced_accuracy: 0.747801
EPOCH 25:
VALIDATION
valid epoch balanced_accuracy: 0.686217
EPOCH 26:
VALIDATION
valid epoch balanced_accuracy: 0.731672
EPOCH 27:
VALIDATION
valid epoch balanced_accuracy: 0.790323
EPOCH 28:
VALIDATION
valid epoch balanced_accuracy: 0.870968
EPOCH 29:
VALIDATION
valid epoch balanced_accuracy: 0.774194
EPOCH 30:
VALIDATION
valid epoch balanced_accuracy: 0.828446
EPOCH 31:
VALIDATION
valid epoch balanced_accuracy: 0.806452
EPOCH 32:
VALIDATION
valid epoch balanced_accuracy: 0.854839
EPOCH 33:
VALIDATION
valid epoch balanced_accuracy: 0.693548
EPOCH 34:
VALIDATION
valid epoch balanced_accuracy: 0.838710
EPOCH 35:
VALIDATION
valid epoch balanced_accuracy: 0.790323
EPOCH 36:
VALIDATION
valid epoch balanced_accuracy: 0.715543
EPOCH 37:
VALIDATION
valid epoch balanced_accuracy: 0.715543
EPOCH 38:
VALIDATION
valid epoch balanced_accuracy: 0.857771
EPOCH 39:
VALIDATION
valid epoch balanced_accuracy: 0.734604
EPOCH 40:
VALIDATION
valid epoch balanced_accuracy: 0.793255
EPOCH 41:
VALIDATION
valid epoch balanced_accuracy: 0.822581
EPOCH 42:
VALIDATION
valid epoch balanced_accuracy: 0.870968
EPOCH 43:
VALIDATION
valid epoch balanced_accuracy: 0.870968
EPOCH 44:
VALIDATION
valid epoch balanced_accuracy: 0.838710
EPOCH 45:
VALIDATION
valid epoch balanced_accuracy: 0.809384
EPOCH 46:
VALIDATION
valid epoch balanced_accuracy: 0.777126
EPOCH 47:
VALIDATION
valid epoch balanced_accuracy: 0.741935
EPOCH 48:
VALIDATION
valid epoch balanced_accuracy: 0.777126
EPOCH 49:
VALIDATION
valid epoch balanced_accuracy: 0.692082
EPOCH 50:
VALIDATION
valid epoch balanced_accuracy: 0.854839
EPOCH 51:
VALIDATION
valid epoch balanced_accuracy: 0.780059
EPOCH 52:
VALIDATION
valid epoch balanced_accuracy: 0.766862
EPOCH 53:
VALIDATION
valid epoch balanced_accuracy: 0.919355
EPOCH 54:
VALIDATION
valid epoch balanced_accuracy: 0.774194
EPOCH 55:
VALIDATION
valid epoch balanced_accuracy: 0.675953
EPOCH 56:
VALIDATION
valid epoch balanced_accuracy: 0.737537
EPOCH 57:
VALIDATION
valid epoch balanced_accuracy: 0.854839
EPOCH 58:
VALIDATION
valid epoch balanced_accuracy: 0.887097
EPOCH 59:
VALIDATION
valid epoch balanced_accuracy: 0.790323
EPOCH 60:
VALIDATION
valid epoch balanced_accuracy: 0.919355
EPOCH 61:
VALIDATION
valid epoch balanced_accuracy: 0.887097
EPOCH 62:
VALIDATION
valid epoch balanced_accuracy: 0.919355
EPOCH 63:
VALIDATION
valid epoch balanced_accuracy: 0.887097
EPOCH 64:
VALIDATION
valid epoch balanced_accuracy: 0.841642
EPOCH 65:
VALIDATION
valid epoch balanced_accuracy: 0.812317
EPOCH 66:
VALIDATION
valid epoch balanced_accuracy: 0.841642
EPOCH 67:
VALIDATION
valid epoch balanced_accuracy: 0.718475
EPOCH 68:
VALIDATION
valid epoch balanced_accuracy: 0.777126
EPOCH 69:
VALIDATION
valid epoch balanced_accuracy: 0.758065
EPOCH 70:
VALIDATION
valid epoch balanced_accuracy: 0.741935
EPOCH 71:
VALIDATION
valid epoch balanced_accuracy: 0.737537
EPOCH 72:
VALIDATION
valid epoch balanced_accuracy: 0.799120
EPOCH 73:
VALIDATION
valid epoch balanced_accuracy: 0.731672
EPOCH 74:
VALIDATION
valid epoch balanced_accuracy: 0.780059
EPOCH 75:
VALIDATION
valid epoch balanced_accuracy: 0.873900
EPOCH 76:
VALIDATION
valid epoch balanced_accuracy: 0.903226
EPOCH 77:
VALIDATION
valid epoch balanced_accuracy: 0.796188
EPOCH 78:
VALIDATION
valid epoch balanced_accuracy: 0.887097
EPOCH 79:
VALIDATION
valid epoch balanced_accuracy: 0.828446
EPOCH 80:
VALIDATION
valid epoch balanced_accuracy: 0.828446
EPOCH 81:
VALIDATION
valid epoch balanced_accuracy: 0.838710
EPOCH 82:
VALIDATION
valid epoch balanced_accuracy: 0.919355
EPOCH 83:
VALIDATION
valid epoch balanced_accuracy: 0.935484
EPOCH 84:
VALIDATION
valid epoch balanced_accuracy: 0.782991
EPOCH 85:
VALIDATION
valid epoch balanced_accuracy: 0.809384
EPOCH 86:
VALIDATION
valid epoch balanced_accuracy: 0.854839
EPOCH 87:
VALIDATION
valid epoch balanced_accuracy: 0.812317
EPOCH 88:
VALIDATION
valid epoch balanced_accuracy: 0.718475
EPOCH 89:
VALIDATION
valid epoch balanced_accuracy: 0.812317
EPOCH 90:
VALIDATION
valid epoch balanced_accuracy: 0.828446
EPOCH 91:
VALIDATION
valid epoch balanced_accuracy: 0.887097
EPOCH 92:
VALIDATION
valid epoch balanced_accuracy: 0.935484
EPOCH 93:
VALIDATION
valid epoch balanced_accuracy: 0.766862
EPOCH 94:
VALIDATION
valid epoch balanced_accuracy: 0.750733
EPOCH 95:
VALIDATION
valid epoch balanced_accuracy: 0.675953
EPOCH 96:
VALIDATION
valid epoch balanced_accuracy: 0.873900
EPOCH 97:
VALIDATION
valid epoch balanced_accuracy: 0.873900
EPOCH 98:
VALIDATION
valid epoch balanced_accuracy: 0.903226
EPOCH 99:
VALIDATION
valid epoch balanced_accuracy: 0.903226
EPOCH 100:
VALIDATION
valid epoch balanced_accuracy: 0.737537
EPOCH 101:
VALIDATION
valid epoch balanced_accuracy: 0.828446
EPOCH 102:
VALIDATION
valid epoch balanced_accuracy: 0.782991
EPOCH 103:
VALIDATION
valid epoch balanced_accuracy: 0.782991
EPOCH 104:
VALIDATION
valid epoch balanced_accuracy: 0.812317
EPOCH 105:
VALIDATION
valid epoch balanced_accuracy: 0.857771
EPOCH 106:
VALIDATION
valid epoch balanced_accuracy: 0.828446
EPOCH 107:
VALIDATION
valid epoch balanced_accuracy: 0.828446
EPOCH 108:
VALIDATION
valid epoch balanced_accuracy: 0.782991
EPOCH 109:
VALIDATION
valid epoch balanced_accuracy: 0.841642
EPOCH 110:
VALIDATION
valid epoch balanced_accuracy: 0.782991
EPOCH 111:
VALIDATION
valid epoch balanced_accuracy: 0.812317
EPOCH 112:
VALIDATION
valid epoch balanced_accuracy: 0.812317
EPOCH 113:
VALIDATION
valid epoch balanced_accuracy: 0.815249
EPOCH 114:
VALIDATION
valid epoch balanced_accuracy: 0.828446
EPOCH 115:
VALIDATION
valid epoch balanced_accuracy: 0.780059
EPOCH 116:
VALIDATION
valid epoch balanced_accuracy: 0.825513
EPOCH 117:
VALIDATION
valid epoch balanced_accuracy: 0.870968
EPOCH 118:
VALIDATION
valid epoch balanced_accuracy: 0.747801
EPOCH 119:
VALIDATION
valid epoch balanced_accuracy: 0.838710
EPOCH 120:
VALIDATION
valid epoch balanced_accuracy: 0.796188
EPOCH 121:
VALIDATION
valid epoch balanced_accuracy: 0.812317
EPOCH 122:
VALIDATION
valid epoch balanced_accuracy: 0.825513
EPOCH 123:
VALIDATION
valid epoch balanced_accuracy: 0.799120
EPOCH 124:
VALIDATION
valid epoch balanced_accuracy: 0.812317
EPOCH 125:
VALIDATION
valid epoch balanced_accuracy: 0.799120
EPOCH 126:
VALIDATION
valid epoch balanced_accuracy: 0.782991
EPOCH 127:
VALIDATION
valid epoch balanced_accuracy: 0.812317
EPOCH 128:
VALIDATION
valid epoch balanced_accuracy: 0.870968
EPOCH 129:
VALIDATION
valid epoch balanced_accuracy: 0.799120
EPOCH 130:
VALIDATION
valid epoch balanced_accuracy: 0.796188
EARLY STOPPING: rolling validation balanced accuracy did not improve for 60 epochs and validation loss increased over the same window.
accuracy: 0.744186
sensitivity: 0.791667
precision: 0.760000
specificity: 0.684211
IoU: 0.633333
FAR: 0.315789
F1: 0.775510
balanced_accuracy: 0.737939
loss: 1.115784
