Waiting for exclusive access to GPU GPU-14ea7289-7392-91df-257f-8c8994d0d8b8.
=== GROUP: lipocalin | VARIANT: bf_nps3mlp_dpt01_gm_pu01 | SEED: 0 | GPU: Tesla V100-SXM2-32GB ===

number of parameters : 1403984
train : (1332, 12)
valid : (90, 12)
test : (90, 12)
PU rho : 0.550000
class weights : [1.0, 1.0]
data extracted
EPOCH 1:
PU nnPU correction: 0/84 batches, min negative_loss=0.147884, mean negative_loss=0.288995
VALIDATION
valid epoch balanced_accuracy: 0.500000
EPOCH 2:
PU nnPU correction: 3/83 batches, min negative_loss=-0.200066, mean negative_loss=0.202244
VALIDATION
valid epoch balanced_accuracy: 0.481900
EPOCH 3:
PU nnPU correction: 23/84 batches, min negative_loss=-0.219000, mean negative_loss=0.118063
VALIDATION
valid epoch balanced_accuracy: 0.389140
EPOCH 4:
PU nnPU correction: 26/84 batches, min negative_loss=-0.261917, mean negative_loss=0.089775
VALIDATION
valid epoch balanced_accuracy: 0.411011
EPOCH 5:
PU nnPU correction: 24/83 batches, min negative_loss=-0.232212, mean negative_loss=0.083538
VALIDATION
valid epoch balanced_accuracy: 0.413273
EPOCH 6:
PU nnPU correction: 28/84 batches, min negative_loss=-0.256981, mean negative_loss=0.088289
VALIDATION
valid epoch balanced_accuracy: 0.398190
EPOCH 7:
PU nnPU correction: 20/84 batches, min negative_loss=-0.346685, mean negative_loss=0.115720
VALIDATION
valid epoch balanced_accuracy: 0.431373
EPOCH 8:
PU nnPU correction: 26/83 batches, min negative_loss=-0.279206, mean negative_loss=0.073911
VALIDATION
valid epoch balanced_accuracy: 0.392911
EPOCH 9:
PU nnPU correction: 28/84 batches, min negative_loss=-0.488100, mean negative_loss=0.057172
VALIDATION
valid epoch balanced_accuracy: 0.460784
EPOCH 10:
PU nnPU correction: 24/84 batches, min negative_loss=-0.319771, mean negative_loss=0.071136
VALIDATION
valid epoch balanced_accuracy: 0.460784
EPOCH 11:
PU nnPU correction: 24/84 batches, min negative_loss=-0.323958, mean negative_loss=0.089956
VALIDATION
valid epoch balanced_accuracy: 0.401207
EPOCH 12:
PU nnPU correction: 25/84 batches, min negative_loss=-0.235771, mean negative_loss=0.098151
VALIDATION
valid epoch balanced_accuracy: 0.424585
EPOCH 13:
PU nnPU correction: 28/84 batches, min negative_loss=-0.293604, mean negative_loss=0.064544
VALIDATION
valid epoch balanced_accuracy: 0.367270
EPOCH 14:
PU nnPU correction: 28/84 batches, min negative_loss=-0.475255, mean negative_loss=0.070508
VALIDATION
valid epoch balanced_accuracy: 0.386124
EPOCH 15:
PU nnPU correction: 24/84 batches, min negative_loss=-0.244131, mean negative_loss=0.077825
VALIDATION
valid epoch balanced_accuracy: 0.433635
EPOCH 16:
PU nnPU correction: 23/83 batches, min negative_loss=-0.328969, mean negative_loss=0.106195
VALIDATION
valid epoch balanced_accuracy: 0.488688
EPOCH 17:
PU nnPU correction: 26/84 batches, min negative_loss=-0.188956, mean negative_loss=0.075255
VALIDATION
valid epoch balanced_accuracy: 0.414027
EPOCH 18:
PU nnPU correction: 26/84 batches, min negative_loss=-0.274462, mean negative_loss=0.083604
VALIDATION
valid epoch balanced_accuracy: 0.414027
EPOCH 19:
PU nnPU correction: 28/84 batches, min negative_loss=-0.285613, mean negative_loss=0.064760
VALIDATION
valid epoch balanced_accuracy: 0.467572
EPOCH 20:
PU nnPU correction: 24/84 batches, min negative_loss=-0.212132, mean negative_loss=0.076762
VALIDATION
valid epoch balanced_accuracy: 0.430618
EPOCH 21:
PU nnPU correction: 25/84 batches, min negative_loss=-0.304625, mean negative_loss=0.061581
VALIDATION
valid epoch balanced_accuracy: 0.439668
EPOCH 22:
PU nnPU correction: 27/84 batches, min negative_loss=-0.213677, mean negative_loss=0.069596
VALIDATION
valid epoch balanced_accuracy: 0.404223
EPOCH 23:
PU nnPU correction: 32/84 batches, min negative_loss=-0.344440, mean negative_loss=0.060651
VALIDATION
valid epoch balanced_accuracy: 0.387632
EPOCH 24:
PU nnPU correction: 21/84 batches, min negative_loss=-0.280983, mean negative_loss=0.100326
VALIDATION
valid epoch balanced_accuracy: 0.392157
EPOCH 25:
PU nnPU correction: 26/83 batches, min negative_loss=-0.251227, mean negative_loss=0.062092
VALIDATION
valid epoch balanced_accuracy: 0.417798
EPOCH 26:
PU nnPU correction: 30/84 batches, min negative_loss=-0.455003, mean negative_loss=0.056147
VALIDATION
valid epoch balanced_accuracy: 0.449472
EPOCH 27:
PU nnPU correction: 27/84 batches, min negative_loss=-0.201231, mean negative_loss=0.064216
VALIDATION
valid epoch balanced_accuracy: 0.475867
EPOCH 28:
PU nnPU correction: 23/84 batches, min negative_loss=-0.193653, mean negative_loss=0.092130
VALIDATION
valid epoch balanced_accuracy: 0.420814
EPOCH 29:
PU nnPU correction: 28/83 batches, min negative_loss=-0.231089, mean negative_loss=0.079016
VALIDATION
valid epoch balanced_accuracy: 0.454751
EPOCH 30:
PU nnPU correction: 25/84 batches, min negative_loss=-0.252689, mean negative_loss=0.090120
VALIDATION
valid epoch balanced_accuracy: 0.519608
EPOCH 31:
PU nnPU correction: 31/84 batches, min negative_loss=-0.229198, mean negative_loss=0.051832
VALIDATION
valid epoch balanced_accuracy: 0.446456
EPOCH 32:
PU nnPU correction: 21/84 batches, min negative_loss=-0.321150, mean negative_loss=0.078030
VALIDATION
valid epoch balanced_accuracy: 0.450226
EPOCH 33:
PU nnPU correction: 35/84 batches, min negative_loss=-0.431337, mean negative_loss=0.040097
VALIDATION
valid epoch balanced_accuracy: 0.427602
EPOCH 34:
PU nnPU correction: 25/84 batches, min negative_loss=-0.279057, mean negative_loss=0.070276
VALIDATION
valid epoch balanced_accuracy: 0.466817
EPOCH 35:
PU nnPU correction: 25/83 batches, min negative_loss=-0.391926, mean negative_loss=0.044590
VALIDATION
valid epoch balanced_accuracy: 0.490196
EPOCH 36:
PU nnPU correction: 34/84 batches, min negative_loss=-0.274713, mean negative_loss=0.052855
VALIDATION
valid epoch balanced_accuracy: 0.532428
EPOCH 37:
PU nnPU correction: 25/84 batches, min negative_loss=-0.319442, mean negative_loss=0.082747
VALIDATION
valid epoch balanced_accuracy: 0.443439
EPOCH 38:
PU nnPU correction: 31/84 batches, min negative_loss=-0.214032, mean negative_loss=0.066604
VALIDATION
valid epoch balanced_accuracy: 0.480392
EPOCH 39:
PU nnPU correction: 23/84 batches, min negative_loss=-0.226509, mean negative_loss=0.093055
VALIDATION
valid epoch balanced_accuracy: 0.401961
EPOCH 40:
PU nnPU correction: 29/84 batches, min negative_loss=-0.321677, mean negative_loss=0.065157
VALIDATION
valid epoch balanced_accuracy: 0.407994
EPOCH 41:
PU nnPU correction: 26/84 batches, min negative_loss=-0.220904, mean negative_loss=0.066543
VALIDATION
valid epoch balanced_accuracy: 0.439668
EPOCH 42:
PU nnPU correction: 28/84 batches, min negative_loss=-0.255823, mean negative_loss=0.060676
VALIDATION
valid epoch balanced_accuracy: 0.331825
EPOCH 43:
PU nnPU correction: 28/84 batches, min negative_loss=-0.276586, mean negative_loss=0.065747
VALIDATION
valid epoch balanced_accuracy: 0.334842
EPOCH 44:
PU nnPU correction: 25/84 batches, min negative_loss=-0.317143, mean negative_loss=0.060009
VALIDATION
valid epoch balanced_accuracy: 0.462293
EPOCH 45:
PU nnPU correction: 28/84 batches, min negative_loss=-0.277947, mean negative_loss=0.072889
VALIDATION
valid epoch balanced_accuracy: 0.516591
EPOCH 46:
PU nnPU correction: 28/84 batches, min negative_loss=-0.332506, mean negative_loss=0.052799
VALIDATION
valid epoch balanced_accuracy: 0.319759
EPOCH 47:
PU nnPU correction: 28/84 batches, min negative_loss=-0.400757, mean negative_loss=0.050893
VALIDATION
valid epoch balanced_accuracy: 0.465309
EPOCH 48:
PU nnPU correction: 31/84 batches, min negative_loss=-0.204826, mean negative_loss=0.060956
VALIDATION
valid epoch balanced_accuracy: 0.449472
EPOCH 49:
PU nnPU correction: 13/84 batches, min negative_loss=-0.340833, mean negative_loss=0.137541
VALIDATION
valid epoch balanced_accuracy: 0.417798
EPOCH 50:
PU nnPU correction: 33/84 batches, min negative_loss=-0.549571, mean negative_loss=0.027627
VALIDATION
valid epoch balanced_accuracy: 0.433635
EPOCH 51:
PU nnPU correction: 26/84 batches, min negative_loss=-0.311316, mean negative_loss=0.062780
VALIDATION
valid epoch balanced_accuracy: 0.401961
EPOCH 52:
PU nnPU correction: 31/84 batches, min negative_loss=-0.301619, mean negative_loss=0.065407
VALIDATION
valid epoch balanced_accuracy: 0.501508
EPOCH 53:
PU nnPU correction: 27/84 batches, min negative_loss=-0.295812, mean negative_loss=0.047533
VALIDATION
valid epoch balanced_accuracy: 0.500754
EPOCH 54:
PU nnPU correction: 32/84 batches, min negative_loss=-0.228027, mean negative_loss=0.045987
VALIDATION
valid epoch balanced_accuracy: 0.520362
EPOCH 55:
PU nnPU correction: 26/84 batches, min negative_loss=-0.301411, mean negative_loss=0.050938
VALIDATION
valid epoch balanced_accuracy: 0.449472
EPOCH 56:
PU nnPU correction: 30/84 batches, min negative_loss=-0.304161, mean negative_loss=0.049502
VALIDATION
valid epoch balanced_accuracy: 0.439668
EPOCH 57:
PU nnPU correction: 32/84 batches, min negative_loss=-0.256736, mean negative_loss=0.058726
VALIDATION
valid epoch balanced_accuracy: 0.475113
EPOCH 58:
PU nnPU correction: 28/84 batches, min negative_loss=-0.332365, mean negative_loss=0.055185
VALIDATION
valid epoch balanced_accuracy: 0.381599
EPOCH 59:
PU nnPU correction: 34/84 batches, min negative_loss=-0.255075, mean negative_loss=0.029189
VALIDATION
valid epoch balanced_accuracy: 0.481900
EPOCH 60:
PU nnPU correction: 27/84 batches, min negative_loss=-0.257371, mean negative_loss=0.057960
VALIDATION
valid epoch balanced_accuracy: 0.364253
EPOCH 61:
PU nnPU correction: 32/84 batches, min negative_loss=-0.412774, mean negative_loss=0.033840
VALIDATION
valid epoch balanced_accuracy: 0.513575
EPOCH 62:
PU nnPU correction: 27/83 batches, min negative_loss=-0.348955, mean negative_loss=0.062683
VALIDATION
valid epoch balanced_accuracy: 0.536199
EPOCH 63:
PU nnPU correction: 30/84 batches, min negative_loss=-0.250513, mean negative_loss=0.062888
VALIDATION
valid epoch balanced_accuracy: 0.496983
EPOCH 64:
PU nnPU correction: 28/84 batches, min negative_loss=-0.241045, mean negative_loss=0.091762
VALIDATION
valid epoch balanced_accuracy: 0.519608
EPOCH 65:
PU nnPU correction: 28/84 batches, min negative_loss=-0.315314, mean negative_loss=0.075092
VALIDATION
valid epoch balanced_accuracy: 0.500754
EPOCH 66:
PU nnPU correction: 26/84 batches, min negative_loss=-0.255060, mean negative_loss=0.081443
VALIDATION
valid epoch balanced_accuracy: 0.634992
EPOCH 67:
PU nnPU correction: 26/84 batches, min negative_loss=-0.368519, mean negative_loss=0.082901
VALIDATION
valid epoch balanced_accuracy: 0.527149
EPOCH 68:
PU nnPU correction: 31/84 batches, min negative_loss=-0.309884, mean negative_loss=0.061358
VALIDATION
valid epoch balanced_accuracy: 0.520362
EPOCH 69:
PU nnPU correction: 26/84 batches, min negative_loss=-0.239433, mean negative_loss=0.062595
VALIDATION
valid epoch balanced_accuracy: 0.518854
EPOCH 70:
PU nnPU correction: 28/84 batches, min negative_loss=-0.276849, mean negative_loss=0.067209
VALIDATION
valid epoch balanced_accuracy: 0.666667
EPOCH 71:
PU nnPU correction: 24/84 batches, min negative_loss=-0.522251, mean negative_loss=0.064912
VALIDATION
valid epoch balanced_accuracy: 0.548265
EPOCH 72:
PU nnPU correction: 30/84 batches, min negative_loss=-0.381579, mean negative_loss=0.056318
VALIDATION
valid epoch balanced_accuracy: 0.546757
EPOCH 73:
PU nnPU correction: 33/84 batches, min negative_loss=-0.261231, mean negative_loss=0.058529
VALIDATION
valid epoch balanced_accuracy: 0.589744
EPOCH 74:
PU nnPU correction: 29/84 batches, min negative_loss=-0.279566, mean negative_loss=0.059086
VALIDATION
valid epoch balanced_accuracy: 0.580694
EPOCH 75:
PU nnPU correction: 28/83 batches, min negative_loss=-0.323005, mean negative_loss=0.054147
VALIDATION
valid epoch balanced_accuracy: 0.558069
EPOCH 76:
PU nnPU correction: 31/84 batches, min negative_loss=-0.316470, mean negative_loss=0.059240
VALIDATION
valid epoch balanced_accuracy: 0.549774
EPOCH 77:
PU nnPU correction: 32/84 batches, min negative_loss=-0.386728, mean negative_loss=0.050163
VALIDATION
valid epoch balanced_accuracy: 0.514329
EPOCH 78:
PU nnPU correction: 28/84 batches, min negative_loss=-0.180075, mean negative_loss=0.067240
VALIDATION
valid epoch balanced_accuracy: 0.411765
EPOCH 79:
PU nnPU correction: 31/84 batches, min negative_loss=-0.266291, mean negative_loss=0.059913
VALIDATION
valid epoch balanced_accuracy: 0.414027
EPOCH 80:
PU nnPU correction: 23/84 batches, min negative_loss=-0.208497, mean negative_loss=0.069283
VALIDATION
valid epoch balanced_accuracy: 0.570136
EPOCH 81:
PU nnPU correction: 36/84 batches, min negative_loss=-0.316196, mean negative_loss=0.051902
VALIDATION
valid epoch balanced_accuracy: 0.571644
EPOCH 82:
PU nnPU correction: 29/84 batches, min negative_loss=-0.256165, mean negative_loss=0.059636
VALIDATION
valid epoch balanced_accuracy: 0.414027
EPOCH 83:
PU nnPU correction: 28/84 batches, min negative_loss=-0.312495, mean negative_loss=0.059742
VALIDATION
valid epoch balanced_accuracy: 0.417044
EPOCH 84:
PU nnPU correction: 26/84 batches, min negative_loss=-0.194440, mean negative_loss=0.081287
VALIDATION
valid epoch balanced_accuracy: 0.423831
EPOCH 85:
PU nnPU correction: 29/84 batches, min negative_loss=-0.307392, mean negative_loss=0.046697
VALIDATION
valid epoch balanced_accuracy: 0.367270
EPOCH 86:
PU nnPU correction: 30/84 batches, min negative_loss=-0.457989, mean negative_loss=0.062627
VALIDATION
valid epoch balanced_accuracy: 0.469080
EPOCH 87:
PU nnPU correction: 30/84 batches, min negative_loss=-0.182259, mean negative_loss=0.061882
VALIDATION
valid epoch balanced_accuracy: 0.423831
EPOCH 88:
PU nnPU correction: 28/84 batches, min negative_loss=-0.274322, mean negative_loss=0.063836
VALIDATION
valid epoch balanced_accuracy: 0.356712
EPOCH 89:
PU nnPU correction: 35/84 batches, min negative_loss=-0.355805, mean negative_loss=0.034169
VALIDATION
valid epoch balanced_accuracy: 0.484163
EPOCH 90:
PU nnPU correction: 34/84 batches, min negative_loss=-0.353443, mean negative_loss=0.030818
VALIDATION
valid epoch balanced_accuracy: 0.366516
EPOCH 91:
PU nnPU correction: 26/84 batches, min negative_loss=-0.195634, mean negative_loss=0.065723
VALIDATION
valid epoch balanced_accuracy: 0.442685
EPOCH 92:
PU nnPU correction: 30/84 batches, min negative_loss=-0.318808, mean negative_loss=0.058716
VALIDATION
valid epoch balanced_accuracy: 0.372549
EPOCH 93:
PU nnPU correction: 28/84 batches, min negative_loss=-0.384386, mean negative_loss=0.070280
VALIDATION
valid epoch balanced_accuracy: 0.445701
EPOCH 94:
PU nnPU correction: 29/84 batches, min negative_loss=-0.242909, mean negative_loss=0.057007
VALIDATION
valid epoch balanced_accuracy: 0.442685
EPOCH 95:
PU nnPU correction: 32/84 batches, min negative_loss=-0.325237, mean negative_loss=0.026927
VALIDATION
valid epoch balanced_accuracy: 0.452489
EPOCH 96:
PU nnPU correction: 28/84 batches, min negative_loss=-0.298422, mean negative_loss=0.033398
VALIDATION
valid epoch balanced_accuracy: 0.496229
EPOCH 97:
PU nnPU correction: 34/84 batches, min negative_loss=-0.334801, mean negative_loss=0.020488
VALIDATION
valid epoch balanced_accuracy: 0.436652
EPOCH 98:
PU nnPU correction: 27/83 batches, min negative_loss=-0.280740, mean negative_loss=0.068668
VALIDATION
valid epoch balanced_accuracy: 0.392157
EPOCH 99:
PU nnPU correction: 27/84 batches, min negative_loss=-0.269185, mean negative_loss=0.066174
VALIDATION
valid epoch balanced_accuracy: 0.545249
EPOCH 100:
PU nnPU correction: 30/84 batches, min negative_loss=-0.293955, mean negative_loss=0.072402
VALIDATION
valid epoch balanced_accuracy: 0.414027
EPOCH 101:
PU nnPU correction: 29/84 batches, min negative_loss=-0.406373, mean negative_loss=0.055196
VALIDATION
valid epoch balanced_accuracy: 0.628959
EPOCH 102:
PU nnPU correction: 25/83 batches, min negative_loss=-0.381151, mean negative_loss=0.072202
VALIDATION
valid epoch balanced_accuracy: 0.424585
EPOCH 103:
PU nnPU correction: 30/84 batches, min negative_loss=-0.234767, mean negative_loss=0.046860
VALIDATION
valid epoch balanced_accuracy: 0.490950
EPOCH 104:
PU nnPU correction: 35/84 batches, min negative_loss=-0.249734, mean negative_loss=0.053682
VALIDATION
valid epoch balanced_accuracy: 0.389140
EPOCH 105:
PU nnPU correction: 29/84 batches, min negative_loss=-0.289254, mean negative_loss=0.056355
VALIDATION
valid epoch balanced_accuracy: 0.439668
EPOCH 106:
PU nnPU correction: 28/84 batches, min negative_loss=-0.363966, mean negative_loss=0.058977
VALIDATION
valid epoch balanced_accuracy: 0.526395
EPOCH 107:
PU nnPU correction: 31/84 batches, min negative_loss=-0.306368, mean negative_loss=0.053004
VALIDATION
valid epoch balanced_accuracy: 0.468326
EPOCH 108:
PU nnPU correction: 34/84 batches, min negative_loss=-0.275359, mean negative_loss=0.017989
VALIDATION
valid epoch balanced_accuracy: 0.524887
EPOCH 109:
PU nnPU correction: 27/84 batches, min negative_loss=-0.308872, mean negative_loss=0.075106
VALIDATION
valid epoch balanced_accuracy: 0.491704
EPOCH 110:
PU nnPU correction: 29/84 batches, min negative_loss=-0.246262, mean negative_loss=0.051074
VALIDATION
valid epoch balanced_accuracy: 0.503771
EPOCH 111:
PU nnPU correction: 36/84 batches, min negative_loss=-0.331323, mean negative_loss=0.027572
VALIDATION
valid epoch balanced_accuracy: 0.503771
EPOCH 112:
PU nnPU correction: 27/83 batches, min negative_loss=-0.222697, mean negative_loss=0.060390
VALIDATION
valid epoch balanced_accuracy: 0.503771
EPOCH 113:
PU nnPU correction: 30/84 batches, min negative_loss=-0.549980, mean negative_loss=0.031520
VALIDATION
valid epoch balanced_accuracy: 0.558069
EPOCH 114:
PU nnPU correction: 28/84 batches, min negative_loss=-0.333084, mean negative_loss=0.051057
VALIDATION
valid epoch balanced_accuracy: 0.552036
EPOCH 115:
PU nnPU correction: 32/84 batches, min negative_loss=-0.308336, mean negative_loss=0.028679
VALIDATION
valid epoch balanced_accuracy: 0.452489
EPOCH 116:
PU nnPU correction: 27/84 batches, min negative_loss=-0.244965, mean negative_loss=0.054894
VALIDATION
valid epoch balanced_accuracy: 0.449472
EPOCH 117:
PU nnPU correction: 33/84 batches, min negative_loss=-0.290647, mean negative_loss=0.040456
VALIDATION
valid epoch balanced_accuracy: 0.438160
EPOCH 118:
PU nnPU correction: 29/84 batches, min negative_loss=-0.259546, mean negative_loss=0.061970
VALIDATION
valid epoch balanced_accuracy: 0.529412
EPOCH 119:
PU nnPU correction: 37/84 batches, min negative_loss=-0.373631, mean negative_loss=0.022881
VALIDATION
valid epoch balanced_accuracy: 0.436652
EPOCH 120:
PU nnPU correction: 27/84 batches, min negative_loss=-0.278256, mean negative_loss=0.055956
VALIDATION
valid epoch balanced_accuracy: 0.503771
EPOCH 121:
PU nnPU correction: 33/84 batches, min negative_loss=-0.272620, mean negative_loss=0.038362
VALIDATION
valid epoch balanced_accuracy: 0.439668
EPOCH 122:
PU nnPU correction: 31/84 batches, min negative_loss=-0.296021, mean negative_loss=0.050758
VALIDATION
valid epoch balanced_accuracy: 0.390649
EPOCH 123:
PU nnPU correction: 30/84 batches, min negative_loss=-0.256675, mean negative_loss=0.047103
VALIDATION
valid epoch balanced_accuracy: 0.469080
EPOCH 124:
PU nnPU correction: 30/84 batches, min negative_loss=-0.272619, mean negative_loss=0.053421
VALIDATION
valid epoch balanced_accuracy: 0.472851
EPOCH 125:
PU nnPU correction: 26/84 batches, min negative_loss=-0.265450, mean negative_loss=0.067135
VALIDATION
valid epoch balanced_accuracy: 0.529412
EPOCH 126:
PU nnPU correction: 37/84 batches, min negative_loss=-0.195421, mean negative_loss=0.057515
VALIDATION
valid epoch balanced_accuracy: 0.579940
EPOCH 127:
PU nnPU correction: 14/84 batches, min negative_loss=-0.219097, mean negative_loss=0.135036
VALIDATION
valid epoch balanced_accuracy: 0.473605
EPOCH 128:
PU nnPU correction: 22/84 batches, min negative_loss=-0.255606, mean negative_loss=0.089092
VALIDATION
valid epoch balanced_accuracy: 0.539216
EPOCH 129:
PU nnPU correction: 24/83 batches, min negative_loss=-0.275273, mean negative_loss=0.074934
VALIDATION
valid epoch balanced_accuracy: 0.493967
EPOCH 130:
PU nnPU correction: 34/84 batches, min negative_loss=-0.364870, mean negative_loss=0.024382
VALIDATION
valid epoch balanced_accuracy: 0.471342
EPOCH 131:
PU nnPU correction: 34/84 batches, min negative_loss=-0.330716, mean negative_loss=0.053192
VALIDATION
valid epoch balanced_accuracy: 0.478130
EPOCH 132:
PU nnPU correction: 29/84 batches, min negative_loss=-0.477329, mean negative_loss=0.052684
VALIDATION
valid epoch balanced_accuracy: 0.459276
EPOCH 133:
PU nnPU correction: 33/84 batches, min negative_loss=-0.527280, mean negative_loss=0.039743
VALIDATION
valid epoch balanced_accuracy: 0.530166
EPOCH 134:
PU nnPU correction: 28/84 batches, min negative_loss=-0.288492, mean negative_loss=0.061430
VALIDATION
valid epoch balanced_accuracy: 0.475113
EPOCH 135:
PU nnPU correction: 33/84 batches, min negative_loss=-0.222350, mean negative_loss=0.057889
VALIDATION
valid epoch balanced_accuracy: 0.491704
EPOCH 136:
PU nnPU correction: 32/84 batches, min negative_loss=-0.202784, mean negative_loss=0.048806
VALIDATION
valid epoch balanced_accuracy: 0.456259
EPOCH 137:
PU nnPU correction: 29/84 batches, min negative_loss=-0.214923, mean negative_loss=0.039621
VALIDATION
valid epoch balanced_accuracy: 0.469834
EPOCH 138:
PU nnPU correction: 29/84 batches, min negative_loss=-0.258430, mean negative_loss=0.039432
VALIDATION
valid epoch balanced_accuracy: 0.538462
EPOCH 139:
PU nnPU correction: 32/84 batches, min negative_loss=-0.229888, mean negative_loss=0.050541
VALIDATION
valid epoch balanced_accuracy: 0.465309
EPOCH 140:
PU nnPU correction: 33/84 batches, min negative_loss=-0.224758, mean negative_loss=0.049297
VALIDATION
valid epoch balanced_accuracy: 0.485671
EPOCH 141:
PU nnPU correction: 27/84 batches, min negative_loss=-0.240188, mean negative_loss=0.044880
VALIDATION
valid epoch balanced_accuracy: 0.488688
EPOCH 142:
PU nnPU correction: 30/84 batches, min negative_loss=-0.218570, mean negative_loss=0.047616
VALIDATION
valid epoch balanced_accuracy: 0.576923
EPOCH 143:
PU nnPU correction: 33/84 batches, min negative_loss=-0.248661, mean negative_loss=0.037203
VALIDATION
valid epoch balanced_accuracy: 0.581448
EPOCH 144:
PU nnPU correction: 28/83 batches, min negative_loss=-0.210871, mean negative_loss=0.064268
VALIDATION
valid epoch balanced_accuracy: 0.581448
EPOCH 145:
PU nnPU correction: 34/84 batches, min negative_loss=-0.178140, mean negative_loss=0.044868
VALIDATION
valid epoch balanced_accuracy: 0.527903
EPOCH 146:
PU nnPU correction: 29/84 batches, min negative_loss=-0.214641, mean negative_loss=0.044576
VALIDATION
valid epoch balanced_accuracy: 0.539970
EPOCH 147:
PU nnPU correction: 31/84 batches, min negative_loss=-0.214282, mean negative_loss=0.042791
VALIDATION
valid epoch balanced_accuracy: 0.574661
EPOCH 148:
PU nnPU correction: 31/84 batches, min negative_loss=-0.190123, mean negative_loss=0.043738
VALIDATION
valid epoch balanced_accuracy: 0.619910
EPOCH 149:
PU nnPU correction: 31/84 batches, min negative_loss=-0.199691, mean negative_loss=0.059499
VALIDATION
valid epoch balanced_accuracy: 0.693062
EPOCH 150:
PU nnPU correction: 28/84 batches, min negative_loss=-0.172584, mean negative_loss=0.041872
VALIDATION
valid epoch balanced_accuracy: 0.521116
accuracy: 0.666667
sensitivity: 0.666667
precision: 0.723404
specificity: 0.666667
IoU: 0.531250
FAR: 0.333333
F1: 0.693878
balanced_accuracy: 0.666667
loss: 0.304471
