
number of parameters : 1075406
train : (981, 12)
valid : (175, 12)
test : (175, 12)
PU rho : 0.100000
class weights : disabled
data extracted
EPOCH 1:
VALIDATION
valid epoch balanced_accuracy: 0.500000
EPOCH 2:
VALIDATION
valid epoch balanced_accuracy: 0.500000
EPOCH 3:
VALIDATION
valid epoch balanced_accuracy: 0.500000
EPOCH 4:
VALIDATION
valid epoch balanced_accuracy: 0.500000
EPOCH 5:
VALIDATION
valid epoch balanced_accuracy: 0.500000
EPOCH 6:
VALIDATION
valid epoch balanced_accuracy: 0.500000
EPOCH 7:
VALIDATION
valid epoch balanced_accuracy: 0.479212
EPOCH 8:
VALIDATION
valid epoch balanced_accuracy: 0.500000
EPOCH 9:
VALIDATION
valid epoch balanced_accuracy: 0.500000
EPOCH 10:
VALIDATION
valid epoch balanced_accuracy: 0.510293
EPOCH 11:
VALIDATION
valid epoch balanced_accuracy: 0.514423
EPOCH 12:
VALIDATION
valid epoch balanced_accuracy: 0.500000
EPOCH 13:
VALIDATION
valid epoch balanced_accuracy: 0.500000
EPOCH 14:
VALIDATION
valid epoch balanced_accuracy: 0.514423
EPOCH 15:
VALIDATION
valid epoch balanced_accuracy: 0.500339
EPOCH 16:
VALIDATION
valid epoch balanced_accuracy: 0.500000
EPOCH 17:
VALIDATION
valid epoch balanced_accuracy: 0.514423
EPOCH 18:
VALIDATION
valid epoch balanced_accuracy: 0.500000
EPOCH 19:
VALIDATION
valid epoch balanced_accuracy: 0.507381
EPOCH 20:
VALIDATION
valid epoch balanced_accuracy: 0.509615
EPOCH 21:
VALIDATION
valid epoch balanced_accuracy: 0.514423
EPOCH 22:
VALIDATION
valid epoch balanced_accuracy: 0.514423
EPOCH 23:
VALIDATION
valid epoch balanced_accuracy: 0.582408
EPOCH 24:
VALIDATION
valid epoch balanced_accuracy: 0.500000
EPOCH 25:
VALIDATION
valid epoch balanced_accuracy: 0.529185
EPOCH 26:
VALIDATION
valid epoch balanced_accuracy: 0.583424
EPOCH 27:
VALIDATION
valid epoch balanced_accuracy: 0.509615
EPOCH 28:
VALIDATION
valid epoch balanced_accuracy: 0.519908
EPOCH 29:
VALIDATION
valid epoch balanced_accuracy: 0.514423
EPOCH 30:
VALIDATION
valid epoch balanced_accuracy: 0.514423
EPOCH 31:
VALIDATION
valid epoch balanced_accuracy: 0.514423
EPOCH 32:
VALIDATION
valid epoch balanced_accuracy: 0.500339
EPOCH 33:
VALIDATION
valid epoch balanced_accuracy: 0.519569
EPOCH 34:
VALIDATION
valid epoch balanced_accuracy: 0.496208
EPOCH 35:
VALIDATION
valid epoch balanced_accuracy: 0.491062
EPOCH 36:
VALIDATION
valid epoch balanced_accuracy: 0.514423
EPOCH 37:
VALIDATION
valid epoch balanced_accuracy: 0.516996
EPOCH 38:
VALIDATION
valid epoch balanced_accuracy: 0.500339
EPOCH 39:
VALIDATION
valid epoch balanced_accuracy: 0.510970
EPOCH 40:
VALIDATION
valid epoch balanced_accuracy: 0.488827
EPOCH 41:
VALIDATION
valid epoch balanced_accuracy: 0.500339
EPOCH 42:
VALIDATION
valid epoch balanced_accuracy: 0.530200
EPOCH 43:
VALIDATION
valid epoch balanced_accuracy: 0.498104
EPOCH 44:
VALIDATION
valid epoch balanced_accuracy: 0.539139
EPOCH 45:
VALIDATION
valid epoch balanced_accuracy: 0.533654
EPOCH 46:
VALIDATION
valid epoch balanced_accuracy: 0.514423
EPOCH 47:
VALIDATION
valid epoch balanced_accuracy: 0.476977
EPOCH 48:
VALIDATION
valid epoch balanced_accuracy: 0.513204
EPOCH 49:
VALIDATION
valid epoch balanced_accuracy: 0.577600
EPOCH 50:
VALIDATION
valid epoch balanced_accuracy: 0.534670
EPOCH 51:
VALIDATION
valid epoch balanced_accuracy: 0.463231
EPOCH 52:
VALIDATION
valid epoch balanced_accuracy: 0.514423
EPOCH 53:
VALIDATION
valid epoch balanced_accuracy: 0.500677
EPOCH 54:
VALIDATION
valid epoch balanced_accuracy: 0.519908
EPOCH 55:
VALIDATION
valid epoch balanced_accuracy: 0.504808
EPOCH 56:
VALIDATION
valid epoch balanced_accuracy: 0.504808
EPOCH 57:
VALIDATION
valid epoch balanced_accuracy: 0.470274
EPOCH 58:
VALIDATION
valid epoch balanced_accuracy: 0.655539
EPOCH 59:
VALIDATION
valid epoch balanced_accuracy: 0.587216
EPOCH 60:
VALIDATION
valid epoch balanced_accuracy: 0.498781
EPOCH 61:
VALIDATION
valid epoch balanced_accuracy: 0.500677
EPOCH 62:
VALIDATION
valid epoch balanced_accuracy: 0.529862
EPOCH 63:
VALIDATION
valid epoch balanced_accuracy: 0.444339
EPOCH 64:
VALIDATION
valid epoch balanced_accuracy: 0.504808
EPOCH 65:
VALIDATION
valid epoch balanced_accuracy: 0.479550
EPOCH 66:
VALIDATION
valid epoch balanced_accuracy: 0.553562
EPOCH 67:
VALIDATION
valid epoch balanced_accuracy: 0.602654
EPOCH 68:
VALIDATION
valid epoch balanced_accuracy: 0.531758
EPOCH 69:
VALIDATION
valid epoch balanced_accuracy: 0.551666
EPOCH 70:
VALIDATION
valid epoch balanced_accuracy: 0.608681
EPOCH 71:
VALIDATION
valid epoch balanced_accuracy: 0.531419
EPOCH 72:
VALIDATION
valid epoch balanced_accuracy: 0.519569
EPOCH 73:
VALIDATION
valid epoch balanced_accuracy: 0.514423
EPOCH 74:
VALIDATION
valid epoch balanced_accuracy: 0.591143
EPOCH 75:
VALIDATION
valid epoch balanced_accuracy: 0.592700
EPOCH 76:
VALIDATION
valid epoch balanced_accuracy: 0.533992
EPOCH 77:
VALIDATION
valid epoch balanced_accuracy: 0.532096
EPOCH 78:
VALIDATION
valid epoch balanced_accuracy: 0.587554
EPOCH 79:
VALIDATION
valid epoch balanced_accuracy: 0.493973
EPOCH 80:
VALIDATION
valid epoch balanced_accuracy: 0.612608
EPOCH 81:
VALIDATION
valid epoch balanced_accuracy: 0.505146
EPOCH 82:
VALIDATION
valid epoch balanced_accuracy: 0.514762
EPOCH 83:
VALIDATION
valid epoch balanced_accuracy: 0.514423
EPOCH 84:
VALIDATION
valid epoch balanced_accuracy: 0.501354
EPOCH 85:
VALIDATION
valid epoch balanced_accuracy: 0.503250
EPOCH 86:
VALIDATION
valid epoch balanced_accuracy: 0.555796
EPOCH 87:
VALIDATION
valid epoch balanced_accuracy: 0.522820
EPOCH 88:
VALIDATION
valid epoch balanced_accuracy: 0.512527
EPOCH 89:
VALIDATION
valid epoch balanced_accuracy: 0.621208
EPOCH 90:
VALIDATION
valid epoch balanced_accuracy: 0.604889
EPOCH 91:
VALIDATION
valid epoch balanced_accuracy: 0.621547
EPOCH 92:
VALIDATION
valid epoch balanced_accuracy: 0.528846
EPOCH 93:
VALIDATION
valid epoch balanced_accuracy: 0.519569
EPOCH 94:
VALIDATION
valid epoch balanced_accuracy: 0.614504
EPOCH 95:
VALIDATION
valid epoch balanced_accuracy: 0.575704
EPOCH 96:
VALIDATION
valid epoch balanced_accuracy: 0.544285
EPOCH 97:
VALIDATION
valid epoch balanced_accuracy: 0.584642
EPOCH 98:
VALIDATION
valid epoch balanced_accuracy: 0.563516
EPOCH 99:
VALIDATION
valid epoch balanced_accuracy: 0.527627
EPOCH 100:
VALIDATION
valid epoch balanced_accuracy: 0.507381
EPOCH 101:
VALIDATION
valid epoch balanced_accuracy: 0.575704
EPOCH 102:
VALIDATION
valid epoch balanced_accuracy: 0.607124
EPOCH 103:
VALIDATION
valid epoch balanced_accuracy: 0.650731
EPOCH 104:
VALIDATION
valid epoch balanced_accuracy: 0.554239
EPOCH 105:
VALIDATION
valid epoch balanced_accuracy: 0.627031
EPOCH 106:
VALIDATION
valid epoch balanced_accuracy: 0.566427
EPOCH 107:
VALIDATION
valid epoch balanced_accuracy: 0.549770
EPOCH 108:
VALIDATION
valid epoch balanced_accuracy: 0.566427
EPOCH 109:
VALIDATION
valid epoch balanced_accuracy: 0.514423
EPOCH 110:
VALIDATION
valid epoch balanced_accuracy: 0.592700
EPOCH 111:
VALIDATION
valid epoch balanced_accuracy: 0.644908
EPOCH 112:
VALIDATION
valid epoch balanced_accuracy: 0.615723
EPOCH 113:
VALIDATION
valid epoch balanced_accuracy: 0.514423
EPOCH 114:
VALIDATION
valid epoch balanced_accuracy: 0.597508
EPOCH 115:
VALIDATION
valid epoch balanced_accuracy: 0.571235
EPOCH 116:
VALIDATION
valid epoch balanced_accuracy: 0.565073
EPOCH 117:
VALIDATION
valid epoch balanced_accuracy: 0.593039
EPOCH 118:
VALIDATION
valid epoch balanced_accuracy: 0.600081
EPOCH 119:
VALIDATION
valid epoch balanced_accuracy: 0.633735
EPOCH 120:
VALIDATION
valid epoch balanced_accuracy: 0.614843
EPOCH 121:
VALIDATION
valid epoch balanced_accuracy: 0.592362
EPOCH 122:
VALIDATION
valid epoch balanced_accuracy: 0.639897
EPOCH 123:
VALIDATION
valid epoch balanced_accuracy: 0.588570
EPOCH 124:
VALIDATION
valid epoch balanced_accuracy: 0.525054
EPOCH 125:
VALIDATION
valid epoch balanced_accuracy: 0.498443
EPOCH 126:
VALIDATION
valid epoch balanced_accuracy: 0.613489
EPOCH 127:
VALIDATION
valid epoch balanced_accuracy: 0.503927
EPOCH 128:
VALIDATION
valid epoch balanced_accuracy: 0.515439
EPOCH 129:
VALIDATION
valid epoch balanced_accuracy: 0.498104
EPOCH 130:
VALIDATION
valid epoch balanced_accuracy: 0.626354
EPOCH 131:
VALIDATION
valid epoch balanced_accuracy: 0.505146
EPOCH 132:
VALIDATION
valid epoch balanced_accuracy: 0.650731
EPOCH 133:
VALIDATION
valid epoch balanced_accuracy: 0.463231
EPOCH 134:
VALIDATION
valid epoch balanced_accuracy: 0.545639
EPOCH 135:
VALIDATION
valid epoch balanced_accuracy: 0.553562
EPOCH 136:
VALIDATION
valid epoch balanced_accuracy: 0.476977
EPOCH 137:
VALIDATION
valid epoch balanced_accuracy: 0.486931
EPOCH 138:
VALIDATION
valid epoch balanced_accuracy: 0.575704
EPOCH 139:
VALIDATION
valid epoch balanced_accuracy: 0.530878
EPOCH 140:
VALIDATION
valid epoch balanced_accuracy: 0.520246
EPOCH 141:
VALIDATION
valid epoch balanced_accuracy: 0.613827
EPOCH 142:
VALIDATION
valid epoch balanced_accuracy: 0.581189
EPOCH 143:
VALIDATION
valid epoch balanced_accuracy: 0.579970
EPOCH 144:
VALIDATION
valid epoch balanced_accuracy: 0.600758
EPOCH 145:
VALIDATION
valid epoch balanced_accuracy: 0.539139
EPOCH 146:
VALIDATION
valid epoch balanced_accuracy: 0.595951
EPOCH 147:
VALIDATION
valid epoch balanced_accuracy: 0.601097
EPOCH 148:
VALIDATION
valid epoch balanced_accuracy: 0.602316
EPOCH 149:
VALIDATION
valid epoch balanced_accuracy: 0.624458
EPOCH 150:
VALIDATION
valid epoch balanced_accuracy: 0.653643
accuracy: 0.634286
sensitivity: 0.500000
precision: 0.781250
specificity: 0.813333
IoU: 0.438596
FAR: 0.186667
F1: 0.609756
balanced_accuracy: 0.656667
loss: 0.408715
