Waiting for exclusive access to GPU GPU-921bd90d-c98b-84ba-5b27-e17315d3441a.
=== GROUP: CRAL-TRIO | VARIANT: pu_rho030 | SEED: 3 | PU_RHO: 0.30 | GPU: Tesla V100-SXM2-32GB ===

number of parameters : 1075406
train : (981, 12)
valid : (175, 12)
test : (175, 12)
PU rho : 0.300000
class weights : disabled
data extracted
EPOCH 1:
VALIDATION
valid epoch balanced_accuracy: 0.488489
EPOCH 2:
VALIDATION
valid epoch balanced_accuracy: 0.481446
EPOCH 3:
VALIDATION
valid epoch balanced_accuracy: 0.442105
EPOCH 4:
VALIDATION
valid epoch balanced_accuracy: 0.446574
EPOCH 5:
VALIDATION
valid epoch balanced_accuracy: 0.492077
EPOCH 6:
VALIDATION
valid epoch balanced_accuracy: 0.481446
EPOCH 7:
VALIDATION
valid epoch balanced_accuracy: 0.663055
EPOCH 8:
VALIDATION
valid epoch balanced_accuracy: 0.461674
EPOCH 9:
VALIDATION
valid epoch balanced_accuracy: 0.636782
EPOCH 10:
VALIDATION
valid epoch balanced_accuracy: 0.571371
EPOCH 11:
VALIDATION
valid epoch balanced_accuracy: 0.458424
EPOCH 12:
VALIDATION
valid epoch balanced_accuracy: 0.498104
EPOCH 13:
VALIDATION
valid epoch balanced_accuracy: 0.466143
EPOCH 14:
VALIDATION
valid epoch balanced_accuracy: 0.649986
EPOCH 15:
VALIDATION
valid epoch balanced_accuracy: 0.500339
EPOCH 16:
VALIDATION
valid epoch balanced_accuracy: 0.592497
EPOCH 17:
VALIDATION
valid epoch balanced_accuracy: 0.453616
EPOCH 18:
VALIDATION
valid epoch balanced_accuracy: 0.508735
EPOCH 19:
VALIDATION
valid epoch balanced_accuracy: 0.476097
EPOCH 20:
VALIDATION
valid epoch balanced_accuracy: 0.502573
EPOCH 21:
VALIDATION
valid epoch balanced_accuracy: 0.639897
EPOCH 22:
VALIDATION
valid epoch balanced_accuracy: 0.602451
EPOCH 23:
VALIDATION
valid epoch balanced_accuracy: 0.558505
EPOCH 24:
VALIDATION
valid epoch balanced_accuracy: 0.484020
EPOCH 25:
VALIDATION
valid epoch balanced_accuracy: 0.642809
EPOCH 26:
VALIDATION
valid epoch balanced_accuracy: 0.648294
EPOCH 27:
VALIDATION
valid epoch balanced_accuracy: 0.570016
EPOCH 28:
VALIDATION
valid epoch balanced_accuracy: 0.539816
EPOCH 29:
VALIDATION
valid epoch balanced_accuracy: 0.679577
EPOCH 30:
VALIDATION
valid epoch balanced_accuracy: 0.470612
EPOCH 31:
VALIDATION
valid epoch balanced_accuracy: 0.506839
EPOCH 32:
VALIDATION
valid epoch balanced_accuracy: 0.551666
EPOCH 33:
VALIDATION
valid epoch balanced_accuracy: 0.630620
EPOCH 34:
VALIDATION
valid epoch balanced_accuracy: 0.457882
EPOCH 35:
VALIDATION
valid epoch balanced_accuracy: 0.680593
EPOCH 36:
VALIDATION
valid epoch balanced_accuracy: 0.436078
EPOCH 37:
VALIDATION
valid epoch balanced_accuracy: 0.479347
EPOCH 38:
VALIDATION
valid epoch balanced_accuracy: 0.541170
EPOCH 39:
VALIDATION
valid epoch balanced_accuracy: 0.629063
EPOCH 40:
VALIDATION
valid epoch balanced_accuracy: 0.497765
EPOCH 41:
VALIDATION
valid epoch balanced_accuracy: 0.579632
EPOCH 42:
VALIDATION
valid epoch balanced_accuracy: 0.673009
EPOCH 43:
VALIDATION
valid epoch balanced_accuracy: 0.641793
EPOCH 44:
VALIDATION
valid epoch balanced_accuracy: 0.554916
EPOCH 45:
VALIDATION
valid epoch balanced_accuracy: 0.492416
EPOCH 46:
VALIDATION
valid epoch balanced_accuracy: 0.452059
EPOCH 47:
VALIDATION
valid epoch balanced_accuracy: 0.647616
EPOCH 48:
VALIDATION
valid epoch balanced_accuracy: 0.579632
EPOCH 49:
VALIDATION
valid epoch balanced_accuracy: 0.722644
EPOCH 50:
VALIDATION
valid epoch balanced_accuracy: 0.679036
EPOCH 51:
VALIDATION
valid epoch balanced_accuracy: 0.674567
EPOCH 52:
VALIDATION
valid epoch balanced_accuracy: 0.582205
EPOCH 53:
VALIDATION
valid epoch balanced_accuracy: 0.491536
EPOCH 54:
VALIDATION
valid epoch balanced_accuracy: 0.564193
EPOCH 55:
VALIDATION
valid epoch balanced_accuracy: 0.476977
EPOCH 56:
VALIDATION
valid epoch balanced_accuracy: 0.436620
EPOCH 57:
VALIDATION
valid epoch balanced_accuracy: 0.468513
EPOCH 58:
VALIDATION
valid epoch balanced_accuracy: 0.439531
EPOCH 59:
VALIDATION
valid epoch balanced_accuracy: 0.659128
EPOCH 60:
VALIDATION
valid epoch balanced_accuracy: 0.499797
EPOCH 61:
VALIDATION
valid epoch balanced_accuracy: 0.375813
EPOCH 62:
VALIDATION
valid epoch balanced_accuracy: 0.476910
EPOCH 63:
VALIDATION
valid epoch balanced_accuracy: 0.404659
EPOCH 64:
VALIDATION
valid epoch balanced_accuracy: 0.436620
EPOCH 65:
VALIDATION
valid epoch balanced_accuracy: 0.431947
EPOCH 66:
VALIDATION
valid epoch balanced_accuracy: 0.565005
EPOCH 67:
VALIDATION
valid epoch balanced_accuracy: 0.603467
EPOCH 68:
VALIDATION
valid epoch balanced_accuracy: 0.525528
EPOCH 69:
VALIDATION
valid epoch balanced_accuracy: 0.363082
EPOCH 70:
VALIDATION
valid epoch balanced_accuracy: 0.439531
EPOCH 71:
VALIDATION
valid epoch balanced_accuracy: 0.334236
EPOCH 72:
VALIDATION
valid epoch balanced_accuracy: 0.526747
EPOCH 73:
VALIDATION
valid epoch balanced_accuracy: 0.487405
EPOCH 74:
VALIDATION
valid epoch balanced_accuracy: 0.394502
EPOCH 75:
VALIDATION
valid epoch balanced_accuracy: 0.383193
EPOCH 76:
VALIDATION
valid epoch balanced_accuracy: 0.416509
EPOCH 77:
VALIDATION
valid epoch balanced_accuracy: 0.390574
EPOCH 78:
VALIDATION
valid epoch balanced_accuracy: 0.559859
EPOCH 79:
VALIDATION
valid epoch balanced_accuracy: 0.549905
EPOCH 80:
VALIDATION
valid epoch balanced_accuracy: 0.505823
EPOCH 81:
VALIDATION
valid epoch balanced_accuracy: 0.574147
EPOCH 82:
VALIDATION
valid epoch balanced_accuracy: 0.460658
EPOCH 83:
VALIDATION
valid epoch balanced_accuracy: 0.649512
EPOCH 84:
VALIDATION
valid epoch balanced_accuracy: 0.626151
EPOCH 85:
VALIDATION
valid epoch balanced_accuracy: 0.667863
EPOCH 86:
VALIDATION
valid epoch balanced_accuracy: 0.606243
EPOCH 87:
VALIDATION
valid epoch balanced_accuracy: 0.335590
EPOCH 88:
VALIDATION
valid epoch balanced_accuracy: 0.544082
EPOCH 89:
VALIDATION
valid epoch balanced_accuracy: 0.527424
EPOCH 90:
VALIDATION
valid epoch balanced_accuracy: 0.578074
EPOCH 91:
VALIDATION
valid epoch balanced_accuracy: 0.461809
EPOCH 92:
VALIDATION
valid epoch balanced_accuracy: 0.501693
EPOCH 93:
VALIDATION
valid epoch balanced_accuracy: 0.421993
EPOCH 94:
VALIDATION
valid epoch balanced_accuracy: 0.408248
EPOCH 95:
VALIDATION
valid epoch balanced_accuracy: 0.411701
EPOCH 96:
VALIDATION
valid epoch balanced_accuracy: 0.658451
EPOCH 97:
VALIDATION
valid epoch balanced_accuracy: 0.571709
EPOCH 98:
VALIDATION
valid epoch balanced_accuracy: 0.448267
EPOCH 99:
VALIDATION
valid epoch balanced_accuracy: 0.556406
EPOCH 100:
VALIDATION
valid epoch balanced_accuracy: 0.560198
EPOCH 101:
VALIDATION
valid epoch balanced_accuracy: 0.497562
EPOCH 102:
VALIDATION
valid epoch balanced_accuracy: 0.579632
EPOCH 103:
VALIDATION
valid epoch balanced_accuracy: 0.607936
EPOCH 104:
VALIDATION
valid epoch balanced_accuracy: 0.553494
EPOCH 105:
VALIDATION
valid epoch balanced_accuracy: 0.456324
EPOCH 106:
VALIDATION
valid epoch balanced_accuracy: 0.420978
EPOCH 107:
VALIDATION
valid epoch balanced_accuracy: 0.431609
EPOCH 108:
VALIDATION
valid epoch balanced_accuracy: 0.387663
EPOCH 109:
VALIDATION
valid epoch balanced_accuracy: 0.433166
EPOCH 110:
VALIDATION
valid epoch balanced_accuracy: 0.280133
EPOCH 111:
VALIDATION
valid epoch balanced_accuracy: 0.444475
EARLY STOPPING: rolling validation balanced accuracy did not improve for 60 epochs and validation loss increased over the same window.
accuracy: 0.662857
sensitivity: 0.690000
precision: 0.711340
specificity: 0.626667
IoU: 0.539062
FAR: 0.373333
F1: 0.700508
balanced_accuracy: 0.658333
loss: 0.567102
