
number of parameters : 1075406
train : (1224, 12)
valid : (54, 12)
test : (53, 12)
class weights : [1.1147540807724, 0.9066666960716248]
data extracted
EPOCH 1:
VALIDATION
valid epoch balanced_accuracy: 0.201113
EPOCH 2:
VALIDATION
valid epoch balanced_accuracy: 0.425278
EPOCH 3:
VALIDATION
valid epoch balanced_accuracy: 0.393482
EPOCH 4:
VALIDATION
valid epoch balanced_accuracy: 0.409380
EPOCH 5:
VALIDATION
valid epoch balanced_accuracy: 0.409380
EPOCH 6:
VALIDATION
valid epoch balanced_accuracy: 0.395866
EPOCH 7:
VALIDATION
valid epoch balanced_accuracy: 0.425278
EPOCH 8:
VALIDATION
valid epoch balanced_accuracy: 0.441176
EPOCH 9:
VALIDATION
valid epoch balanced_accuracy: 0.411765
EPOCH 10:
VALIDATION
valid epoch balanced_accuracy: 0.470588
EPOCH 11:
VALIDATION
valid epoch balanced_accuracy: 0.411765
EPOCH 12:
VALIDATION
valid epoch balanced_accuracy: 0.500000
EPOCH 13:
VALIDATION
valid epoch balanced_accuracy: 0.470588
EPOCH 14:
VALIDATION
valid epoch balanced_accuracy: 0.500000
EPOCH 15:
VALIDATION
valid epoch balanced_accuracy: 0.470588
EPOCH 16:
VALIDATION
valid epoch balanced_accuracy: 0.470588
EPOCH 17:
VALIDATION
valid epoch balanced_accuracy: 0.470588
EPOCH 18:
VALIDATION
valid epoch balanced_accuracy: 0.411765
EPOCH 19:
VALIDATION
valid epoch balanced_accuracy: 0.411765
EPOCH 20:
VALIDATION
valid epoch balanced_accuracy: 0.470588
EPOCH 21:
VALIDATION
valid epoch balanced_accuracy: 0.470588
EPOCH 22:
VALIDATION
valid epoch balanced_accuracy: 0.470588
EPOCH 23:
VALIDATION
valid epoch balanced_accuracy: 0.425278
EPOCH 24:
VALIDATION
valid epoch balanced_accuracy: 0.484102
EPOCH 25:
VALIDATION
valid epoch balanced_accuracy: 0.441176
EPOCH 26:
VALIDATION
valid epoch balanced_accuracy: 0.470588
EPOCH 27:
VALIDATION
valid epoch balanced_accuracy: 0.470588
EPOCH 28:
VALIDATION
valid epoch balanced_accuracy: 0.470588
EPOCH 29:
VALIDATION
valid epoch balanced_accuracy: 0.470588
EPOCH 30:
VALIDATION
valid epoch balanced_accuracy: 0.470588
EPOCH 31:
VALIDATION
valid epoch balanced_accuracy: 0.470588
EPOCH 32:
VALIDATION
valid epoch balanced_accuracy: 0.470588
EPOCH 33:
VALIDATION
valid epoch balanced_accuracy: 0.411765
EPOCH 34:
VALIDATION
valid epoch balanced_accuracy: 0.441176
EPOCH 35:
VALIDATION
valid epoch balanced_accuracy: 0.470588
EPOCH 36:
VALIDATION
valid epoch balanced_accuracy: 0.411765
EPOCH 37:
VALIDATION
valid epoch balanced_accuracy: 0.411765
EPOCH 38:
VALIDATION
valid epoch balanced_accuracy: 0.470588
EPOCH 39:
VALIDATION
valid epoch balanced_accuracy: 0.470588
EPOCH 40:
VALIDATION
valid epoch balanced_accuracy: 0.500000
EPOCH 41:
VALIDATION
valid epoch balanced_accuracy: 0.484102
EPOCH 42:
VALIDATION
valid epoch balanced_accuracy: 0.470588
EPOCH 43:
VALIDATION
valid epoch balanced_accuracy: 0.454690
EPOCH 44:
VALIDATION
valid epoch balanced_accuracy: 0.500000
EPOCH 45:
VALIDATION
valid epoch balanced_accuracy: 0.441176
EPOCH 46:
VALIDATION
valid epoch balanced_accuracy: 0.470588
EPOCH 47:
VALIDATION
valid epoch balanced_accuracy: 0.470588
EPOCH 48:
VALIDATION
valid epoch balanced_accuracy: 0.470588
EPOCH 49:
VALIDATION
valid epoch balanced_accuracy: 0.411765
EPOCH 50:
VALIDATION
valid epoch balanced_accuracy: 0.441176
EPOCH 51:
VALIDATION
valid epoch balanced_accuracy: 0.352941
EPOCH 52:
VALIDATION
valid epoch balanced_accuracy: 0.484102
EPOCH 53:
VALIDATION
valid epoch balanced_accuracy: 0.395866
EPOCH 54:
VALIDATION
valid epoch balanced_accuracy: 0.382353
EPOCH 55:
VALIDATION
valid epoch balanced_accuracy: 0.395866
EPOCH 56:
VALIDATION
valid epoch balanced_accuracy: 0.411765
EPOCH 57:
VALIDATION
valid epoch balanced_accuracy: 0.411765
EPOCH 58:
VALIDATION
valid epoch balanced_accuracy: 0.470588
EPOCH 59:
VALIDATION
valid epoch balanced_accuracy: 0.411765
EPOCH 60:
VALIDATION
valid epoch balanced_accuracy: 0.411765
EPOCH 61:
VALIDATION
valid epoch balanced_accuracy: 0.470588
EPOCH 62:
VALIDATION
valid epoch balanced_accuracy: 0.441176
EPOCH 63:
VALIDATION
valid epoch balanced_accuracy: 0.470588
EPOCH 64:
VALIDATION
valid epoch balanced_accuracy: 0.395866
EPOCH 65:
VALIDATION
valid epoch balanced_accuracy: 0.441176
EPOCH 66:
VALIDATION
valid epoch balanced_accuracy: 0.411765
EPOCH 67:
VALIDATION
valid epoch balanced_accuracy: 0.470588
EPOCH 68:
VALIDATION
valid epoch balanced_accuracy: 0.441176
EPOCH 69:
VALIDATION
valid epoch balanced_accuracy: 0.441176
EPOCH 70:
VALIDATION
valid epoch balanced_accuracy: 0.441176
EPOCH 71:
VALIDATION
valid epoch balanced_accuracy: 0.470588
EPOCH 72:
VALIDATION
valid epoch balanced_accuracy: 0.470588
EPOCH 73:
VALIDATION
valid epoch balanced_accuracy: 0.470588
EPOCH 74:
VALIDATION
valid epoch balanced_accuracy: 0.470588
EPOCH 75:
VALIDATION
valid epoch balanced_accuracy: 0.411765
EPOCH 76:
VALIDATION
valid epoch balanced_accuracy: 0.411765
EARLY STOPPING: rolling validation balanced accuracy did not improve for 60 epochs and validation loss increased over the same window.
accuracy: 0.113208
sensitivity: 0.000000
precision: 0.000000
specificity: 0.666667
IoU: 0.000000
FAR: 0.333333
F1: 0.000000
balanced_accuracy: 0.333333
loss: 4.197153
