Waiting for exclusive access to GPU GPU-3d901ca2-883a-b37a-1cb7-5e9c28415c30.
=== GROUP: START | VARIANT: nps3mlp_nprs | SEED: 2 | GPU: Tesla V100-SXM2-32GB ===

number of parameters : 756358
train : (1083, 12)
valid : (124, 12)
test : (124, 12)
class weights : [1.0275142192840576, 0.9739208817481995]
data extracted
EPOCH 1:
VALIDATION
valid epoch balanced_accuracy: 0.571429
EPOCH 2:
VALIDATION
valid epoch balanced_accuracy: 0.530506
EPOCH 3:
VALIDATION
valid epoch balanced_accuracy: 0.606399
EPOCH 4:
VALIDATION
valid epoch balanced_accuracy: 0.622024
EPOCH 5:
VALIDATION
valid epoch balanced_accuracy: 0.627976
EPOCH 6:
VALIDATION
valid epoch balanced_accuracy: 0.532738
EPOCH 7:
VALIDATION
valid epoch balanced_accuracy: 0.648065
EPOCH 8:
VALIDATION
valid epoch balanced_accuracy: 0.532738
EPOCH 9:
VALIDATION
valid epoch balanced_accuracy: 0.657738
EPOCH 10:
VALIDATION
valid epoch balanced_accuracy: 0.608631
EPOCH 11:
VALIDATION
valid epoch balanced_accuracy: 0.624256
EPOCH 12:
VALIDATION
valid epoch balanced_accuracy: 0.617560
EPOCH 13:
VALIDATION
valid epoch balanced_accuracy: 0.674851
EPOCH 14:
VALIDATION
valid epoch balanced_accuracy: 0.508185
EPOCH 15:
VALIDATION
valid epoch balanced_accuracy: 0.638393
EPOCH 16:
VALIDATION
valid epoch balanced_accuracy: 0.648810
EPOCH 17:
VALIDATION
valid epoch balanced_accuracy: 0.633185
EPOCH 18:
VALIDATION
valid epoch balanced_accuracy: 0.668155
EPOCH 19:
VALIDATION
valid epoch balanced_accuracy: 0.645089
EPOCH 20:
VALIDATION
valid epoch balanced_accuracy: 0.647321
EPOCH 21:
VALIDATION
valid epoch balanced_accuracy: 0.667411
EPOCH 22:
VALIDATION
valid epoch balanced_accuracy: 0.673363
EPOCH 23:
VALIDATION
valid epoch balanced_accuracy: 0.688988
EPOCH 24:
VALIDATION
valid epoch balanced_accuracy: 0.609375
EPOCH 25:
VALIDATION
valid epoch balanced_accuracy: 0.639881
EPOCH 26:
VALIDATION
valid epoch balanced_accuracy: 0.583333
EPOCH 27:
VALIDATION
valid epoch balanced_accuracy: 0.633185
EPOCH 28:
VALIDATION
valid epoch balanced_accuracy: 0.579613
EPOCH 29:
VALIDATION
valid epoch balanced_accuracy: 0.686756
EPOCH 30:
VALIDATION
valid epoch balanced_accuracy: 0.588542
EPOCH 31:
VALIDATION
valid epoch balanced_accuracy: 0.601190
EPOCH 32:
VALIDATION
valid epoch balanced_accuracy: 0.640625
EPOCH 33:
VALIDATION
valid epoch balanced_accuracy: 0.601190
EPOCH 34:
VALIDATION
valid epoch balanced_accuracy: 0.660714
EPOCH 35:
VALIDATION
valid epoch balanced_accuracy: 0.616071
EPOCH 36:
VALIDATION
valid epoch balanced_accuracy: 0.650298
EPOCH 37:
VALIDATION
valid epoch balanced_accuracy: 0.640625
EPOCH 38:
VALIDATION
valid epoch balanced_accuracy: 0.641369
EPOCH 39:
VALIDATION
valid epoch balanced_accuracy: 0.662946
EPOCH 40:
VALIDATION
valid epoch balanced_accuracy: 0.628720
EPOCH 41:
VALIDATION
valid epoch balanced_accuracy: 0.676339
EPOCH 42:
VALIDATION
valid epoch balanced_accuracy: 0.648810
EPOCH 43:
VALIDATION
valid epoch balanced_accuracy: 0.668155
EPOCH 44:
VALIDATION
valid epoch balanced_accuracy: 0.688988
EPOCH 45:
VALIDATION
valid epoch balanced_accuracy: 0.708333
EPOCH 46:
VALIDATION
valid epoch balanced_accuracy: 0.656994
EPOCH 47:
VALIDATION
valid epoch balanced_accuracy: 0.696429
EPOCH 48:
VALIDATION
valid epoch balanced_accuracy: 0.622024
EPOCH 49:
VALIDATION
valid epoch balanced_accuracy: 0.656250
EPOCH 50:
VALIDATION
valid epoch balanced_accuracy: 0.687500
EPOCH 51:
VALIDATION
valid epoch balanced_accuracy: 0.607143
EPOCH 52:
VALIDATION
valid epoch balanced_accuracy: 0.665923
EPOCH 53:
VALIDATION
valid epoch balanced_accuracy: 0.652530
EPOCH 54:
VALIDATION
valid epoch balanced_accuracy: 0.667411
EPOCH 55:
VALIDATION
valid epoch balanced_accuracy: 0.650298
EPOCH 56:
VALIDATION
valid epoch balanced_accuracy: 0.627976
EPOCH 57:
VALIDATION
valid epoch balanced_accuracy: 0.644345
EPOCH 58:
VALIDATION
valid epoch balanced_accuracy: 0.659970
EPOCH 59:
VALIDATION
valid epoch balanced_accuracy: 0.674851
EPOCH 60:
VALIDATION
valid epoch balanced_accuracy: 0.645089
EPOCH 61:
VALIDATION
valid epoch balanced_accuracy: 0.644345
EPOCH 62:
VALIDATION
valid epoch balanced_accuracy: 0.656250
EPOCH 63:
VALIDATION
valid epoch balanced_accuracy: 0.621280
EPOCH 64:
VALIDATION
valid epoch balanced_accuracy: 0.633929
EPOCH 65:
VALIDATION
valid epoch balanced_accuracy: 0.703869
EPOCH 66:
VALIDATION
valid epoch balanced_accuracy: 0.673363
EPOCH 67:
VALIDATION
valid epoch balanced_accuracy: 0.656994
EPOCH 68:
VALIDATION
valid epoch balanced_accuracy: 0.656250
EPOCH 69:
VALIDATION
valid epoch balanced_accuracy: 0.687500
EPOCH 70:
VALIDATION
valid epoch balanced_accuracy: 0.670387
EPOCH 71:
VALIDATION
valid epoch balanced_accuracy: 0.636161
EPOCH 72:
VALIDATION
valid epoch balanced_accuracy: 0.624256
EPOCH 73:
VALIDATION
valid epoch balanced_accuracy: 0.679315
EPOCH 74:
VALIDATION
valid epoch balanced_accuracy: 0.659226
EPOCH 75:
VALIDATION
valid epoch balanced_accuracy: 0.645833
EPOCH 76:
VALIDATION
valid epoch balanced_accuracy: 0.654018
EPOCH 77:
VALIDATION
valid epoch balanced_accuracy: 0.662946
EPOCH 78:
VALIDATION
valid epoch balanced_accuracy: 0.664435
EPOCH 79:
VALIDATION
valid epoch balanced_accuracy: 0.662202
EPOCH 80:
VALIDATION
valid epoch balanced_accuracy: 0.651786
EPOCH 81:
VALIDATION
valid epoch balanced_accuracy: 0.670387
EPOCH 82:
VALIDATION
valid epoch balanced_accuracy: 0.587798
EPOCH 83:
VALIDATION
valid epoch balanced_accuracy: 0.633185
EPOCH 84:
VALIDATION
valid epoch balanced_accuracy: 0.661458
EPOCH 85:
VALIDATION
valid epoch balanced_accuracy: 0.650298
EPOCH 86:
VALIDATION
valid epoch balanced_accuracy: 0.680804
EPOCH 87:
VALIDATION
valid epoch balanced_accuracy: 0.662946
EPOCH 88:
VALIDATION
valid epoch balanced_accuracy: 0.643601
EPOCH 89:
VALIDATION
valid epoch balanced_accuracy: 0.636161
EPOCH 90:
VALIDATION
valid epoch balanced_accuracy: 0.638393
EPOCH 91:
VALIDATION
valid epoch balanced_accuracy: 0.688244
EPOCH 92:
VALIDATION
valid epoch balanced_accuracy: 0.635417
EPOCH 93:
VALIDATION
valid epoch balanced_accuracy: 0.700893
EPOCH 94:
VALIDATION
valid epoch balanced_accuracy: 0.667411
EPOCH 95:
VALIDATION
valid epoch balanced_accuracy: 0.614583
EPOCH 96:
VALIDATION
valid epoch balanced_accuracy: 0.627976
EPOCH 97:
VALIDATION
valid epoch balanced_accuracy: 0.643601
EPOCH 98:
VALIDATION
valid epoch balanced_accuracy: 0.659970
EPOCH 99:
VALIDATION
valid epoch balanced_accuracy: 0.630208
EPOCH 100:
VALIDATION
valid epoch balanced_accuracy: 0.648810
EPOCH 101:
VALIDATION
valid epoch balanced_accuracy: 0.627976
EPOCH 102:
VALIDATION
valid epoch balanced_accuracy: 0.641369
EPOCH 103:
VALIDATION
valid epoch balanced_accuracy: 0.662202
EPOCH 104:
VALIDATION
valid epoch balanced_accuracy: 0.664435
EPOCH 105:
VALIDATION
valid epoch balanced_accuracy: 0.627976
EPOCH 106:
VALIDATION
valid epoch balanced_accuracy: 0.643601
EPOCH 107:
VALIDATION
valid epoch balanced_accuracy: 0.633185
EPOCH 108:
VALIDATION
valid epoch balanced_accuracy: 0.633185
EPOCH 109:
VALIDATION
valid epoch balanced_accuracy: 0.632440
EPOCH 110:
VALIDATION
valid epoch balanced_accuracy: 0.641369
EPOCH 111:
VALIDATION
valid epoch balanced_accuracy: 0.646577
EPOCH 112:
VALIDATION
valid epoch balanced_accuracy: 0.623512
EPOCH 113:
VALIDATION
valid epoch balanced_accuracy: 0.619048
EPOCH 114:
VALIDATION
valid epoch balanced_accuracy: 0.685268
EPOCH 115:
VALIDATION
valid epoch balanced_accuracy: 0.605655
EPOCH 116:
VALIDATION
valid epoch balanced_accuracy: 0.678571
EPOCH 117:
VALIDATION
valid epoch balanced_accuracy: 0.619792
EPOCH 118:
VALIDATION
valid epoch balanced_accuracy: 0.663690
EPOCH 119:
VALIDATION
valid epoch balanced_accuracy: 0.638393
EPOCH 120:
VALIDATION
valid epoch balanced_accuracy: 0.648065
EPOCH 121:
VALIDATION
valid epoch balanced_accuracy: 0.645833
EPOCH 122:
VALIDATION
valid epoch balanced_accuracy: 0.630208
EPOCH 123:
VALIDATION
valid epoch balanced_accuracy: 0.645833
EPOCH 124:
VALIDATION
valid epoch balanced_accuracy: 0.643601
EPOCH 125:
VALIDATION
valid epoch balanced_accuracy: 0.645833
EPOCH 126:
VALIDATION
valid epoch balanced_accuracy: 0.656250
EPOCH 127:
VALIDATION
valid epoch balanced_accuracy: 0.638393
EPOCH 128:
VALIDATION
valid epoch balanced_accuracy: 0.661458
EPOCH 129:
VALIDATION
valid epoch balanced_accuracy: 0.630208
EPOCH 130:
VALIDATION
valid epoch balanced_accuracy: 0.633185
EPOCH 131:
VALIDATION
valid epoch balanced_accuracy: 0.640625
EPOCH 132:
VALIDATION
valid epoch balanced_accuracy: 0.664435
EPOCH 133:
VALIDATION
valid epoch balanced_accuracy: 0.645833
EPOCH 134:
VALIDATION
valid epoch balanced_accuracy: 0.635417
EPOCH 135:
VALIDATION
valid epoch balanced_accuracy: 0.630208
EPOCH 136:
VALIDATION
valid epoch balanced_accuracy: 0.651042
EPOCH 137:
VALIDATION
valid epoch balanced_accuracy: 0.627232
EPOCH 138:
VALIDATION
valid epoch balanced_accuracy: 0.632440
EPOCH 139:
VALIDATION
valid epoch balanced_accuracy: 0.661458
EPOCH 140:
VALIDATION
valid epoch balanced_accuracy: 0.638393
EPOCH 141:
VALIDATION
valid epoch balanced_accuracy: 0.654018
EPOCH 142:
VALIDATION
valid epoch balanced_accuracy: 0.658482
EPOCH 143:
VALIDATION
valid epoch balanced_accuracy: 0.630208
EPOCH 144:
VALIDATION
valid epoch balanced_accuracy: 0.635417
EPOCH 145:
VALIDATION
valid epoch balanced_accuracy: 0.640625
EPOCH 146:
VALIDATION
valid epoch balanced_accuracy: 0.679315
EPOCH 147:
VALIDATION
valid epoch balanced_accuracy: 0.656250
EPOCH 148:
VALIDATION
valid epoch balanced_accuracy: 0.611607
EPOCH 149:
VALIDATION
valid epoch balanced_accuracy: 0.703869
EPOCH 150:
VALIDATION
valid epoch balanced_accuracy: 0.666667
accuracy: 0.717742
sensitivity: 0.711538
precision: 0.936709
specificity: 0.750000
IoU: 0.678899
FAR: 0.250000
F1: 0.808743
balanced_accuracy: 0.730769
loss: 1.792070
