Waiting for exclusive access to GPU GPU-22cd2240-8dba-e9e1-0c24-d655222e9df8.
=== GROUP: START | VARIANT: nps3mlp_nprs | SEED: 3 | GPU: Tesla V100-SXM2-32GB ===

number of parameters : 756358
train : (1083, 12)
valid : (124, 12)
test : (124, 12)
class weights : [1.0275142192840576, 0.9739208817481995]
data extracted
EPOCH 1:
VALIDATION
valid epoch balanced_accuracy: 0.461818
EPOCH 2:
VALIDATION
valid epoch balanced_accuracy: 0.500000
EPOCH 3:
VALIDATION
valid epoch balanced_accuracy: 0.463434
EPOCH 4:
VALIDATION
valid epoch balanced_accuracy: 0.511111
EPOCH 5:
VALIDATION
valid epoch balanced_accuracy: 0.618182
EPOCH 6:
VALIDATION
valid epoch balanced_accuracy: 0.556768
EPOCH 7:
VALIDATION
valid epoch balanced_accuracy: 0.657778
EPOCH 8:
VALIDATION
valid epoch balanced_accuracy: 0.606869
EPOCH 9:
VALIDATION
valid epoch balanced_accuracy: 0.642424
EPOCH 10:
VALIDATION
valid epoch balanced_accuracy: 0.652121
EPOCH 11:
VALIDATION
valid epoch balanced_accuracy: 0.591919
EPOCH 12:
VALIDATION
valid epoch balanced_accuracy: 0.633333
EPOCH 13:
VALIDATION
valid epoch balanced_accuracy: 0.606667
EPOCH 14:
VALIDATION
valid epoch balanced_accuracy: 0.642020
EPOCH 15:
VALIDATION
valid epoch balanced_accuracy: 0.571111
EPOCH 16:
VALIDATION
valid epoch balanced_accuracy: 0.586667
EPOCH 17:
VALIDATION
valid epoch balanced_accuracy: 0.682424
EPOCH 18:
VALIDATION
valid epoch balanced_accuracy: 0.657374
EPOCH 19:
VALIDATION
valid epoch balanced_accuracy: 0.556162
EPOCH 20:
VALIDATION
valid epoch balanced_accuracy: 0.647071
EPOCH 21:
VALIDATION
valid epoch balanced_accuracy: 0.642424
EPOCH 22:
VALIDATION
valid epoch balanced_accuracy: 0.652121
EPOCH 23:
VALIDATION
valid epoch balanced_accuracy: 0.626869
EPOCH 24:
VALIDATION
valid epoch balanced_accuracy: 0.621818
EPOCH 25:
VALIDATION
valid epoch balanced_accuracy: 0.657172
EPOCH 26:
VALIDATION
valid epoch balanced_accuracy: 0.621818
EPOCH 27:
VALIDATION
valid epoch balanced_accuracy: 0.647273
EPOCH 28:
VALIDATION
valid epoch balanced_accuracy: 0.647071
EPOCH 29:
VALIDATION
valid epoch balanced_accuracy: 0.667475
EPOCH 30:
VALIDATION
valid epoch balanced_accuracy: 0.662222
EPOCH 31:
VALIDATION
valid epoch balanced_accuracy: 0.687475
EPOCH 32:
VALIDATION
valid epoch balanced_accuracy: 0.631919
EPOCH 33:
VALIDATION
valid epoch balanced_accuracy: 0.627071
EPOCH 34:
VALIDATION
valid epoch balanced_accuracy: 0.642020
EPOCH 35:
VALIDATION
valid epoch balanced_accuracy: 0.591515
EPOCH 36:
VALIDATION
valid epoch balanced_accuracy: 0.626869
EPOCH 37:
VALIDATION
valid epoch balanced_accuracy: 0.571111
EPOCH 38:
VALIDATION
valid epoch balanced_accuracy: 0.611919
EPOCH 39:
VALIDATION
valid epoch balanced_accuracy: 0.667273
EPOCH 40:
VALIDATION
valid epoch balanced_accuracy: 0.621818
EPOCH 41:
VALIDATION
valid epoch balanced_accuracy: 0.667273
EPOCH 42:
VALIDATION
valid epoch balanced_accuracy: 0.525657
EPOCH 43:
VALIDATION
valid epoch balanced_accuracy: 0.672323
EPOCH 44:
VALIDATION
valid epoch balanced_accuracy: 0.657576
EPOCH 45:
VALIDATION
valid epoch balanced_accuracy: 0.642020
EPOCH 46:
VALIDATION
valid epoch balanced_accuracy: 0.697576
EPOCH 47:
VALIDATION
valid epoch balanced_accuracy: 0.617576
EPOCH 48:
VALIDATION
valid epoch balanced_accuracy: 0.581414
EPOCH 49:
VALIDATION
valid epoch balanced_accuracy: 0.556162
EPOCH 50:
VALIDATION
valid epoch balanced_accuracy: 0.546061
EPOCH 51:
VALIDATION
valid epoch balanced_accuracy: 0.616768
EPOCH 52:
VALIDATION
valid epoch balanced_accuracy: 0.621818
EPOCH 53:
VALIDATION
valid epoch balanced_accuracy: 0.586465
EPOCH 54:
VALIDATION
valid epoch balanced_accuracy: 0.611717
EPOCH 55:
VALIDATION
valid epoch balanced_accuracy: 0.611717
EPOCH 56:
VALIDATION
valid epoch balanced_accuracy: 0.551111
EPOCH 57:
VALIDATION
valid epoch balanced_accuracy: 0.636970
EPOCH 58:
VALIDATION
valid epoch balanced_accuracy: 0.611717
EPOCH 59:
VALIDATION
valid epoch balanced_accuracy: 0.611717
EPOCH 60:
VALIDATION
valid epoch balanced_accuracy: 0.631919
EPOCH 61:
VALIDATION
valid epoch balanced_accuracy: 0.606667
EPOCH 62:
VALIDATION
valid epoch balanced_accuracy: 0.601616
EPOCH 63:
VALIDATION
valid epoch balanced_accuracy: 0.642020
EPOCH 64:
VALIDATION
valid epoch balanced_accuracy: 0.687475
EPOCH 65:
VALIDATION
valid epoch balanced_accuracy: 0.687475
EPOCH 66:
VALIDATION
valid epoch balanced_accuracy: 0.581414
EPOCH 67:
VALIDATION
valid epoch balanced_accuracy: 0.636970
EPOCH 68:
VALIDATION
valid epoch balanced_accuracy: 0.626869
EPOCH 69:
VALIDATION
valid epoch balanced_accuracy: 0.611717
EPOCH 70:
VALIDATION
valid epoch balanced_accuracy: 0.616768
EPOCH 71:
VALIDATION
valid epoch balanced_accuracy: 0.561212
EPOCH 72:
VALIDATION
valid epoch balanced_accuracy: 0.611515
EPOCH 73:
VALIDATION
valid epoch balanced_accuracy: 0.611515
EPOCH 74:
VALIDATION
valid epoch balanced_accuracy: 0.636970
EPOCH 75:
VALIDATION
valid epoch balanced_accuracy: 0.571313
EPOCH 76:
VALIDATION
valid epoch balanced_accuracy: 0.591919
EPOCH 77:
VALIDATION
valid epoch balanced_accuracy: 0.631919
EPOCH 78:
VALIDATION
valid epoch balanced_accuracy: 0.616768
EPOCH 79:
VALIDATION
valid epoch balanced_accuracy: 0.606465
EPOCH 80:
VALIDATION
valid epoch balanced_accuracy: 0.621616
EPOCH 81:
VALIDATION
valid epoch balanced_accuracy: 0.621818
EPOCH 82:
VALIDATION
valid epoch balanced_accuracy: 0.621818
EPOCH 83:
VALIDATION
valid epoch balanced_accuracy: 0.611515
EPOCH 84:
VALIDATION
valid epoch balanced_accuracy: 0.606465
EPOCH 85:
VALIDATION
valid epoch balanced_accuracy: 0.636970
EPOCH 86:
VALIDATION
valid epoch balanced_accuracy: 0.707677
EPOCH 87:
VALIDATION
valid epoch balanced_accuracy: 0.672323
EPOCH 88:
VALIDATION
valid epoch balanced_accuracy: 0.611717
EPOCH 89:
VALIDATION
valid epoch balanced_accuracy: 0.636970
EPOCH 90:
VALIDATION
valid epoch balanced_accuracy: 0.596566
EPOCH 91:
VALIDATION
valid epoch balanced_accuracy: 0.616566
EPOCH 92:
VALIDATION
valid epoch balanced_accuracy: 0.606667
EPOCH 93:
VALIDATION
valid epoch balanced_accuracy: 0.576162
EPOCH 94:
VALIDATION
valid epoch balanced_accuracy: 0.657172
EPOCH 95:
VALIDATION
valid epoch balanced_accuracy: 0.641818
EPOCH 96:
VALIDATION
valid epoch balanced_accuracy: 0.526263
EPOCH 97:
VALIDATION
valid epoch balanced_accuracy: 0.572525
EPOCH 98:
VALIDATION
valid epoch balanced_accuracy: 0.667475
EPOCH 99:
VALIDATION
valid epoch balanced_accuracy: 0.647273
EPOCH 100:
VALIDATION
valid epoch balanced_accuracy: 0.606667
EPOCH 101:
VALIDATION
valid epoch balanced_accuracy: 0.601616
EPOCH 102:
VALIDATION
valid epoch balanced_accuracy: 0.606667
EPOCH 103:
VALIDATION
valid epoch balanced_accuracy: 0.667475
EPOCH 104:
VALIDATION
valid epoch balanced_accuracy: 0.591515
EPOCH 105:
VALIDATION
valid epoch balanced_accuracy: 0.606667
EPOCH 106:
VALIDATION
valid epoch balanced_accuracy: 0.571111
EPOCH 107:
VALIDATION
valid epoch balanced_accuracy: 0.606869
EPOCH 108:
VALIDATION
valid epoch balanced_accuracy: 0.616970
EPOCH 109:
VALIDATION
valid epoch balanced_accuracy: 0.586667
EPOCH 110:
VALIDATION
valid epoch balanced_accuracy: 0.637172
EPOCH 111:
VALIDATION
valid epoch balanced_accuracy: 0.586667
EPOCH 112:
VALIDATION
valid epoch balanced_accuracy: 0.601616
EPOCH 113:
VALIDATION
valid epoch balanced_accuracy: 0.601616
EPOCH 114:
VALIDATION
valid epoch balanced_accuracy: 0.601616
EPOCH 115:
VALIDATION
valid epoch balanced_accuracy: 0.586465
EPOCH 116:
VALIDATION
valid epoch balanced_accuracy: 0.571313
EPOCH 117:
VALIDATION
valid epoch balanced_accuracy: 0.647071
EPOCH 118:
VALIDATION
valid epoch balanced_accuracy: 0.647273
EPOCH 119:
VALIDATION
valid epoch balanced_accuracy: 0.622222
EPOCH 120:
VALIDATION
valid epoch balanced_accuracy: 0.612323
EPOCH 121:
VALIDATION
valid epoch balanced_accuracy: 0.652323
EPOCH 122:
VALIDATION
valid epoch balanced_accuracy: 0.642020
EPOCH 123:
VALIDATION
valid epoch balanced_accuracy: 0.591515
EPOCH 124:
VALIDATION
valid epoch balanced_accuracy: 0.632121
EPOCH 125:
VALIDATION
valid epoch balanced_accuracy: 0.596768
EPOCH 126:
VALIDATION
valid epoch balanced_accuracy: 0.601818
EPOCH 127:
VALIDATION
valid epoch balanced_accuracy: 0.636970
EPOCH 128:
VALIDATION
valid epoch balanced_accuracy: 0.621616
EPOCH 129:
VALIDATION
valid epoch balanced_accuracy: 0.657172
EPOCH 130:
VALIDATION
valid epoch balanced_accuracy: 0.642222
EPOCH 131:
VALIDATION
valid epoch balanced_accuracy: 0.627071
EPOCH 132:
VALIDATION
valid epoch balanced_accuracy: 0.621818
EPOCH 133:
VALIDATION
valid epoch balanced_accuracy: 0.596566
EPOCH 134:
VALIDATION
valid epoch balanced_accuracy: 0.611717
EPOCH 135:
VALIDATION
valid epoch balanced_accuracy: 0.626869
EPOCH 136:
VALIDATION
valid epoch balanced_accuracy: 0.641818
EPOCH 137:
VALIDATION
valid epoch balanced_accuracy: 0.490909
EPOCH 138:
VALIDATION
valid epoch balanced_accuracy: 0.652323
EPOCH 139:
VALIDATION
valid epoch balanced_accuracy: 0.667273
EPOCH 140:
VALIDATION
valid epoch balanced_accuracy: 0.677172
EPOCH 141:
VALIDATION
valid epoch balanced_accuracy: 0.647071
EPOCH 142:
VALIDATION
valid epoch balanced_accuracy: 0.662424
EPOCH 143:
VALIDATION
valid epoch balanced_accuracy: 0.647071
EPOCH 144:
VALIDATION
valid epoch balanced_accuracy: 0.652323
EPOCH 145:
VALIDATION
valid epoch balanced_accuracy: 0.636970
EPOCH 146:
VALIDATION
valid epoch balanced_accuracy: 0.647071
EPOCH 147:
VALIDATION
valid epoch balanced_accuracy: 0.652323
EPOCH 148:
VALIDATION
valid epoch balanced_accuracy: 0.662020
EPOCH 149:
VALIDATION
valid epoch balanced_accuracy: 0.616768
EPOCH 150:
VALIDATION
valid epoch balanced_accuracy: 0.626869
accuracy: 0.540323
sensitivity: 0.514851
precision: 0.866667
specificity: 0.652174
IoU: 0.477064
FAR: 0.347826
F1: 0.645963
balanced_accuracy: 0.583513
loss: 2.343560
