Waiting for exclusive access to GPU GPU-4683556c-5acd-0f78-3cbe-ba46309d4ede.
=== GROUP: CRAL-TRIO | VARIANT: no_post_sa_mlp_standard | SEED: 1 | GPU: Tesla V100-SXM2-32GB ===

number of parameters : 1009230
train : (970, 12)
valid : (180, 12)
test : (181, 12)
class weights : [1.1602870225906372, 0.8786231875419617]
data extracted
EPOCH 1:
VALIDATION
valid epoch balanced_accuracy: 0.513333
EPOCH 2:
VALIDATION
valid epoch balanced_accuracy: 0.520952
EPOCH 3:
VALIDATION
valid epoch balanced_accuracy: 0.549524
EPOCH 4:
VALIDATION
valid epoch balanced_accuracy: 0.590476
EPOCH 5:
VALIDATION
valid epoch balanced_accuracy: 0.567619
EPOCH 6:
VALIDATION
valid epoch balanced_accuracy: 0.565714
EPOCH 7:
VALIDATION
valid epoch balanced_accuracy: 0.547619
EPOCH 8:
VALIDATION
valid epoch balanced_accuracy: 0.573333
EPOCH 9:
VALIDATION
valid epoch balanced_accuracy: 0.590476
EPOCH 10:
VALIDATION
valid epoch balanced_accuracy: 0.580952
EPOCH 11:
VALIDATION
valid epoch balanced_accuracy: 0.603810
EPOCH 12:
VALIDATION
valid epoch balanced_accuracy: 0.661905
EPOCH 13:
VALIDATION
valid epoch balanced_accuracy: 0.444762
EPOCH 14:
VALIDATION
valid epoch balanced_accuracy: 0.520000
EPOCH 15:
VALIDATION
valid epoch balanced_accuracy: 0.536190
EPOCH 16:
VALIDATION
valid epoch balanced_accuracy: 0.649524
EPOCH 17:
VALIDATION
valid epoch balanced_accuracy: 0.524762
EPOCH 18:
VALIDATION
valid epoch balanced_accuracy: 0.573333
EPOCH 19:
VALIDATION
valid epoch balanced_accuracy: 0.556190
EPOCH 20:
VALIDATION
valid epoch balanced_accuracy: 0.517143
EPOCH 21:
VALIDATION
valid epoch balanced_accuracy: 0.439048
EPOCH 22:
VALIDATION
valid epoch balanced_accuracy: 0.647619
EPOCH 23:
VALIDATION
valid epoch balanced_accuracy: 0.626667
EPOCH 24:
VALIDATION
valid epoch balanced_accuracy: 0.499048
EPOCH 25:
VALIDATION
valid epoch balanced_accuracy: 0.591429
EPOCH 26:
VALIDATION
valid epoch balanced_accuracy: 0.696190
EPOCH 27:
VALIDATION
valid epoch balanced_accuracy: 0.618095
EPOCH 28:
VALIDATION
valid epoch balanced_accuracy: 0.701905
EPOCH 29:
VALIDATION
valid epoch balanced_accuracy: 0.610476
EPOCH 30:
VALIDATION
valid epoch balanced_accuracy: 0.698095
EPOCH 31:
VALIDATION
valid epoch balanced_accuracy: 0.543810
EPOCH 32:
VALIDATION
valid epoch balanced_accuracy: 0.699048
EPOCH 33:
VALIDATION
valid epoch balanced_accuracy: 0.516190
EPOCH 34:
VALIDATION
valid epoch balanced_accuracy: 0.587619
EPOCH 35:
VALIDATION
valid epoch balanced_accuracy: 0.700952
EPOCH 36:
VALIDATION
valid epoch balanced_accuracy: 0.661905
EPOCH 37:
VALIDATION
valid epoch balanced_accuracy: 0.647619
EPOCH 38:
VALIDATION
valid epoch balanced_accuracy: 0.480000
EPOCH 39:
VALIDATION
valid epoch balanced_accuracy: 0.615238
EPOCH 40:
VALIDATION
valid epoch balanced_accuracy: 0.700000
EPOCH 41:
VALIDATION
valid epoch balanced_accuracy: 0.620952
EPOCH 42:
VALIDATION
valid epoch balanced_accuracy: 0.608571
EPOCH 43:
VALIDATION
valid epoch balanced_accuracy: 0.608571
EPOCH 44:
VALIDATION
valid epoch balanced_accuracy: 0.641905
EPOCH 45:
VALIDATION
valid epoch balanced_accuracy: 0.552381
EPOCH 46:
VALIDATION
valid epoch balanced_accuracy: 0.689524
EPOCH 47:
VALIDATION
valid epoch balanced_accuracy: 0.713333
EPOCH 48:
VALIDATION
valid epoch balanced_accuracy: 0.659048
EPOCH 49:
VALIDATION
valid epoch balanced_accuracy: 0.583810
EPOCH 50:
VALIDATION
valid epoch balanced_accuracy: 0.635238
EPOCH 51:
VALIDATION
valid epoch balanced_accuracy: 0.724762
EPOCH 52:
VALIDATION
valid epoch balanced_accuracy: 0.554286
EPOCH 53:
VALIDATION
valid epoch balanced_accuracy: 0.569524
EPOCH 54:
VALIDATION
valid epoch balanced_accuracy: 0.534286
EPOCH 55:
VALIDATION
valid epoch balanced_accuracy: 0.570476
EPOCH 56:
VALIDATION
valid epoch balanced_accuracy: 0.537143
EPOCH 57:
VALIDATION
valid epoch balanced_accuracy: 0.569524
EPOCH 58:
VALIDATION
valid epoch balanced_accuracy: 0.669524
EPOCH 59:
VALIDATION
valid epoch balanced_accuracy: 0.627619
EPOCH 60:
VALIDATION
valid epoch balanced_accuracy: 0.645714
EPOCH 61:
VALIDATION
valid epoch balanced_accuracy: 0.526667
EPOCH 62:
VALIDATION
valid epoch balanced_accuracy: 0.529524
EPOCH 63:
VALIDATION
valid epoch balanced_accuracy: 0.558095
EPOCH 64:
VALIDATION
valid epoch balanced_accuracy: 0.512381
EPOCH 65:
VALIDATION
valid epoch balanced_accuracy: 0.660952
EPOCH 66:
VALIDATION
valid epoch balanced_accuracy: 0.667619
EPOCH 67:
VALIDATION
valid epoch balanced_accuracy: 0.571429
EPOCH 68:
VALIDATION
valid epoch balanced_accuracy: 0.609524
EPOCH 69:
VALIDATION
valid epoch balanced_accuracy: 0.638095
EPOCH 70:
VALIDATION
valid epoch balanced_accuracy: 0.692381
EPOCH 71:
VALIDATION
valid epoch balanced_accuracy: 0.632381
EPOCH 72:
VALIDATION
valid epoch balanced_accuracy: 0.673333
EPOCH 73:
VALIDATION
valid epoch balanced_accuracy: 0.641905
EPOCH 74:
VALIDATION
valid epoch balanced_accuracy: 0.527619
EPOCH 75:
VALIDATION
valid epoch balanced_accuracy: 0.515238
EPOCH 76:
VALIDATION
valid epoch balanced_accuracy: 0.587619
EPOCH 77:
VALIDATION
valid epoch balanced_accuracy: 0.685714
EPOCH 78:
VALIDATION
valid epoch balanced_accuracy: 0.706667
EPOCH 79:
VALIDATION
valid epoch balanced_accuracy: 0.597143
EPOCH 80:
VALIDATION
valid epoch balanced_accuracy: 0.581905
EPOCH 81:
VALIDATION
valid epoch balanced_accuracy: 0.673333
EPOCH 82:
VALIDATION
valid epoch balanced_accuracy: 0.638095
EPOCH 83:
VALIDATION
valid epoch balanced_accuracy: 0.536190
EPOCH 84:
VALIDATION
valid epoch balanced_accuracy: 0.593333
EPOCH 85:
VALIDATION
valid epoch balanced_accuracy: 0.715238
EPOCH 86:
VALIDATION
valid epoch balanced_accuracy: 0.534286
EPOCH 87:
VALIDATION
valid epoch balanced_accuracy: 0.542857
EPOCH 88:
VALIDATION
valid epoch balanced_accuracy: 0.610476
EPOCH 89:
VALIDATION
valid epoch balanced_accuracy: 0.542857
EPOCH 90:
VALIDATION
valid epoch balanced_accuracy: 0.547619
EARLY STOPPING: rolling validation balanced accuracy did not improve for 60 epochs and validation loss increased over the same window.
accuracy: 0.646409
sensitivity: 0.646465
precision: 0.688172
specificity: 0.646341
IoU: 0.500000
FAR: 0.353659
F1: 0.666667
balanced_accuracy: 0.646403
loss: 0.836105
