=== GROUP: START | VARIANT: bbp_fa_esmbng_nps3mlp_dpt01_wd0001_gm_plm64_hid64_GRL_dp_rmpft | SEED: 4 | GPU: NVIDIA H100 | SLOT: 3 ===

number of parameters : 1189002
train : (1112, 12)
valid : (200, 12)
test : (200, 12)
class weights : [1.0, 1.0]
balanced batches : 70 per epoch covering all 1112 train rows, target 8 positive + 8 unlabeled
cache warmed : 35 proteins, 409 lipid encodings, 0 lipid graphs, 88 MiB
data extracted
EPOCH 1:
VALIDATION
valid epoch balanced_accuracy: 0.497491
EPOCH 2:
VALIDATION
valid epoch balanced_accuracy: 0.503613
EPOCH 3:
VALIDATION
valid epoch balanced_accuracy: 0.479928
EPOCH 4:
VALIDATION
valid epoch balanced_accuracy: 0.518366
EPOCH 5:
VALIDATION
valid epoch balanced_accuracy: 0.503212
EPOCH 6:
VALIDATION
valid epoch balanced_accuracy: 0.511943
EPOCH 7:
VALIDATION
valid epoch balanced_accuracy: 0.475411
EPOCH 8:
VALIDATION
valid epoch balanced_accuracy: 0.548475
EPOCH 9:
VALIDATION
valid epoch balanced_accuracy: 0.595042
EPOCH 10:
VALIDATION
valid epoch balanced_accuracy: 0.544159
EPOCH 11:
VALIDATION
valid epoch balanced_accuracy: 0.595042
EPOCH 12:
VALIDATION
valid epoch balanced_accuracy: 0.557106
EPOCH 13:
VALIDATION
valid epoch balanced_accuracy: 0.535026
EPOCH 14:
VALIDATION
valid epoch balanced_accuracy: 0.573866
EPOCH 15:
VALIDATION
valid epoch balanced_accuracy: 0.593236
EPOCH 16:
VALIDATION
valid epoch balanced_accuracy: 0.498495
EPOCH 17:
VALIDATION
valid epoch balanced_accuracy: 0.586612
EPOCH 18:
VALIDATION
valid epoch balanced_accuracy: 0.585608
EPOCH 19:
VALIDATION
valid epoch balanced_accuracy: 0.592132
EPOCH 20:
VALIDATION
valid epoch balanced_accuracy: 0.586712
EPOCH 21:
VALIDATION
valid epoch balanced_accuracy: 0.565536
EPOCH 22:
VALIDATION
valid epoch balanced_accuracy: 0.618025
EPOCH 23:
VALIDATION
valid epoch balanced_accuracy: 0.582196
EPOCH 24:
VALIDATION
valid epoch balanced_accuracy: 0.484344
EPOCH 25:
VALIDATION
valid epoch balanced_accuracy: 0.560317
EPOCH 26:
VALIDATION
valid epoch balanced_accuracy: 0.625151
EPOCH 27:
VALIDATION
valid epoch balanced_accuracy: 0.550281
EPOCH 28:
VALIDATION
valid epoch balanced_accuracy: 0.574468
EPOCH 29:
VALIDATION
valid epoch balanced_accuracy: 0.570353
EPOCH 30:
VALIDATION
valid epoch balanced_accuracy: 0.589121
EPOCH 31:
VALIDATION
valid epoch balanced_accuracy: 0.584504
EPOCH 32:
VALIDATION
valid epoch balanced_accuracy: 0.569751
EPOCH 33:
VALIDATION
valid epoch balanced_accuracy: 0.561521
EPOCH 34:
VALIDATION
valid epoch balanced_accuracy: 0.578583
EPOCH 35:
VALIDATION
valid epoch balanced_accuracy: 0.614412
EPOCH 36:
VALIDATION
valid epoch balanced_accuracy: 0.613308
EPOCH 37:
VALIDATION
valid epoch balanced_accuracy: 0.628563
EPOCH 38:
VALIDATION
valid epoch balanced_accuracy: 0.547973
EPOCH 39:
VALIDATION
valid epoch balanced_accuracy: 0.607487
EPOCH 40:
VALIDATION
valid epoch balanced_accuracy: 0.546768
EPOCH 41:
VALIDATION
valid epoch balanced_accuracy: 0.614512
EPOCH 42:
VALIDATION
valid epoch balanced_accuracy: 0.543256
EPOCH 43:
VALIDATION
valid epoch balanced_accuracy: 0.618025
EPOCH 44:
VALIDATION
valid epoch balanced_accuracy: 0.603874
EPOCH 45:
VALIDATION
valid epoch balanced_accuracy: 0.600361
EPOCH 46:
VALIDATION
valid epoch balanced_accuracy: 0.596849
EPOCH 47:
VALIDATION
valid epoch balanced_accuracy: 0.575070
EPOCH 48:
VALIDATION
valid epoch balanced_accuracy: 0.559213
EPOCH 49:
VALIDATION
valid epoch balanced_accuracy: 0.534424
EPOCH 50:
VALIDATION
valid epoch balanced_accuracy: 0.588619
EPOCH 51:
VALIDATION
valid epoch balanced_accuracy: 0.595644
EPOCH 52:
VALIDATION
valid epoch balanced_accuracy: 0.610899
EPOCH 53:
VALIDATION
valid epoch balanced_accuracy: 0.612706
EPOCH 54:
VALIDATION
valid epoch balanced_accuracy: 0.570253
EPOCH 55:
VALIDATION
valid epoch balanced_accuracy: 0.624950
EPOCH 56:
VALIDATION
valid epoch balanced_accuracy: 0.606182
EPOCH 57:
VALIDATION
valid epoch balanced_accuracy: 0.587415
EPOCH 58:
VALIDATION
valid epoch balanced_accuracy: 0.616218
EPOCH 59:
VALIDATION
valid epoch balanced_accuracy: 0.581493
EPOCH 60:
VALIDATION
valid epoch balanced_accuracy: 0.649237
EPOCH 61:
VALIDATION
valid epoch balanced_accuracy: 0.658671
EPOCH 62:
VALIDATION
valid epoch balanced_accuracy: 0.612806
EPOCH 63:
VALIDATION
valid epoch balanced_accuracy: 0.569751
EPOCH 64:
VALIDATION
valid epoch balanced_accuracy: 0.610397
EPOCH 65:
VALIDATION
valid epoch balanced_accuracy: 0.601566
EPOCH 66:
VALIDATION
valid epoch balanced_accuracy: 0.620935
EPOCH 67:
VALIDATION
valid epoch balanced_accuracy: 0.632075
EPOCH 68:
VALIDATION
valid epoch balanced_accuracy: 0.596246
EPOCH 69:
VALIDATION
valid epoch balanced_accuracy: 0.629265
EPOCH 70:
VALIDATION
valid epoch balanced_accuracy: 0.577379
EPOCH 71:
VALIDATION
valid epoch balanced_accuracy: 0.592734
EPOCH 72:
VALIDATION
valid epoch balanced_accuracy: 0.625151
EPOCH 73:
VALIDATION
valid epoch balanced_accuracy: 0.626355
EPOCH 74:
VALIDATION
valid epoch balanced_accuracy: 0.616921
EPOCH 75:
VALIDATION
valid epoch balanced_accuracy: 0.602168
EPOCH 76:
VALIDATION
valid epoch balanced_accuracy: 0.635086
EPOCH 77:
VALIDATION
valid epoch balanced_accuracy: 0.555600
EPOCH 78:
VALIDATION
valid epoch balanced_accuracy: 0.623244
EPOCH 79:
VALIDATION
valid epoch balanced_accuracy: 0.616921
EPOCH 80:
VALIDATION
valid epoch balanced_accuracy: 0.565636
EPOCH 81:
VALIDATION
valid epoch balanced_accuracy: 0.554998
EPOCH 82:
VALIDATION
valid epoch balanced_accuracy: 0.616921
EPOCH 83:
VALIDATION
valid epoch balanced_accuracy: 0.642714
EPOCH 84:
VALIDATION
valid epoch balanced_accuracy: 0.620434
EPOCH 85:
VALIDATION
valid epoch balanced_accuracy: 0.655159
EPOCH 86:
VALIDATION
valid epoch balanced_accuracy: 0.638699
EPOCH 87:
VALIDATION
valid epoch balanced_accuracy: 0.642212
EPOCH 88:
VALIDATION
valid epoch balanced_accuracy: 0.622240
EPOCH 89:
VALIDATION
valid epoch balanced_accuracy: 0.574468
EPOCH 90:
VALIDATION
valid epoch balanced_accuracy: 0.617523
EPOCH 91:
VALIDATION
valid epoch balanced_accuracy: 0.583902
EPOCH 92:
VALIDATION
valid epoch balanced_accuracy: 0.622642
EPOCH 93:
VALIDATION
valid epoch balanced_accuracy: 0.561421
EPOCH 94:
VALIDATION
valid epoch balanced_accuracy: 0.610899
EPOCH 95:
VALIDATION
valid epoch balanced_accuracy: 0.577880
EPOCH 96:
VALIDATION
valid epoch balanced_accuracy: 0.660478
EPOCH 97:
VALIDATION
valid epoch balanced_accuracy: 0.636291
EPOCH 98:
VALIDATION
valid epoch balanced_accuracy: 0.582196
EPOCH 99:
VALIDATION
valid epoch balanced_accuracy: 0.621638
EPOCH 100:
VALIDATION
valid epoch balanced_accuracy: 0.622140
EPOCH 101:
VALIDATION
valid epoch balanced_accuracy: 0.636090
EPOCH 102:
VALIDATION
valid epoch balanced_accuracy: 0.524990
EPOCH 103:
VALIDATION
valid epoch balanced_accuracy: 0.539743
EPOCH 104:
VALIDATION
valid epoch balanced_accuracy: 0.566238
EPOCH 105:
VALIDATION
valid epoch balanced_accuracy: 0.613208
EPOCH 106:
VALIDATION
valid epoch balanced_accuracy: 0.570353
EPOCH 107:
VALIDATION
valid epoch balanced_accuracy: 0.609795
EPOCH 108:
VALIDATION
valid epoch balanced_accuracy: 0.602670
EPOCH 109:
VALIDATION
valid epoch balanced_accuracy: 0.652850
EPOCH 110:
VALIDATION
valid epoch balanced_accuracy: 0.599157
EPOCH 111:
VALIDATION
valid epoch balanced_accuracy: 0.592734
EPOCH 112:
VALIDATION
valid epoch balanced_accuracy: 0.595644
EPOCH 113:
VALIDATION
valid epoch balanced_accuracy: 0.650442
EPOCH 114:
VALIDATION
valid epoch balanced_accuracy: 0.632778
EPOCH 115:
VALIDATION
valid epoch balanced_accuracy: 0.577981
EPOCH 116:
VALIDATION
valid epoch balanced_accuracy: 0.621538
EPOCH 117:
VALIDATION
