
/home/kalinina/ltp/DL_project/dataloader/New_dataloader.py:73: UserWarning: The given NumPy array is not writable, and PyTorch does not support non-writable tensors. This means writing to this tensor will result in undefined behavior. You may want to copy the array to protect its data or make it writable before converting it to a tensor. This type of warning will be suppressed for the rest of this program. (Triggered internally at /pytorch/torch/csrc/utils/tensor_numpy.cpp:213.)
  self.train_orig_indexes = torch.as_tensor(self.csvtrain["_tanimoto_orig_idx"].values, dtype=torch.long)
train : (1402, 12)
valid : (55, 12)
test : (55, 12)
number of parameters : 1146760
class weights : [1.0, 1.0]
balanced batches : 88 per epoch covering all 1402 train rows, target 8 positive + 8 unlabeled
cache warmed : 35 proteins, 409 lipid encodings, 0 lipid graphs, 131 MiB
source artifacts released : ['csvt', 'protein_tensor_cache', 'smiles_encoding', 'train_tanimoto_batch']
data extracted
EPOCH 1:
VALIDATION
valid epoch balanced_accuracy: 0.661804
EPOCH 2:
VALIDATION
valid epoch balanced_accuracy: 0.596817
EPOCH 3:
VALIDATION
valid epoch balanced_accuracy: 0.594828
EPOCH 4:
VALIDATION
valid epoch balanced_accuracy: 0.610080
EPOCH 5:
VALIDATION
valid epoch balanced_accuracy: 0.696950
EPOCH 6:
VALIDATION
valid epoch balanced_accuracy: 0.464854
EPOCH 7:
VALIDATION
valid epoch balanced_accuracy: 0.589523
EPOCH 8:
VALIDATION
valid epoch balanced_accuracy: 0.665782
EPOCH 9:
VALIDATION
valid epoch balanced_accuracy: 0.545093
EPOCH 10:
VALIDATION
valid epoch balanced_accuracy: 0.531830
EPOCH 11:
VALIDATION
valid epoch balanced_accuracy: 0.553050
EPOCH 12:
VALIDATION
valid epoch balanced_accuracy: 0.555040
EPOCH 13:
VALIDATION
valid epoch balanced_accuracy: 0.669761
EPOCH 14:
VALIDATION
valid epoch balanced_accuracy: 0.570292
EPOCH 15:
VALIDATION
valid epoch balanced_accuracy: 0.602785
EPOCH 16:
VALIDATION
valid epoch balanced_accuracy: 0.604775
EPOCH 17:
VALIDATION
valid epoch balanced_accuracy: 0.602785
EPOCH 18:
VALIDATION
valid epoch balanced_accuracy: 0.643236
EPOCH 19:
VALIDATION
valid epoch balanced_accuracy: 0.568302
EPOCH 20:
VALIDATION
valid epoch balanced_accuracy: 0.643236
EPOCH 21:
VALIDATION
valid epoch balanced_accuracy: 0.553050
EPOCH 22:
VALIDATION
valid epoch balanced_accuracy: 0.557029
EPOCH 23:
VALIDATION
valid epoch balanced_accuracy: 0.731432
EPOCH 24:
VALIDATION
valid epoch balanced_accuracy: 0.718170
EPOCH 25:
VALIDATION
valid epoch balanced_accuracy: 0.633289
EPOCH 26:
VALIDATION
valid epoch balanced_accuracy: 0.652520
EPOCH 27:
VALIDATION
valid epoch balanced_accuracy: 0.692971
EPOCH 28:
VALIDATION
valid epoch balanced_accuracy: 0.551061
EPOCH 29:
VALIDATION
valid epoch balanced_accuracy: 0.624005
EPOCH 30:
VALIDATION
valid epoch balanced_accuracy: 0.639257
EPOCH 31:
VALIDATION
valid epoch balanced_accuracy: 0.549072
EPOCH 32:
VALIDATION
valid epoch balanced_accuracy: 0.622016
EPOCH 33:
VALIDATION
valid epoch balanced_accuracy: 0.650531
EPOCH 34:
VALIDATION
valid epoch balanced_accuracy: 0.555040
EPOCH 35:
VALIDATION
valid epoch balanced_accuracy: 0.570292
EPOCH 36:
VALIDATION
valid epoch balanced_accuracy: 0.518568
EPOCH 37:
VALIDATION
valid epoch balanced_accuracy: 0.637268
EPOCH 38:
VALIDATION
valid epoch balanced_accuracy: 0.570292
EPOCH 39:
VALIDATION
valid epoch balanced_accuracy: 0.551061
EPOCH 40:
VALIDATION
valid epoch balanced_accuracy: 0.566313
EPOCH 41:
VALIDATION
valid epoch balanced_accuracy: 0.602785
EPOCH 42:
VALIDATION
valid epoch balanced_accuracy: 0.514589
EPOCH 43:
VALIDATION
valid epoch balanced_accuracy: 0.620027
EPOCH 44:
VALIDATION
valid epoch balanced_accuracy: 0.645225
EPOCH 45:
VALIDATION
valid epoch balanced_accuracy: 0.629973
EPOCH 46:
VALIDATION
valid epoch balanced_accuracy: 0.746684
EPOCH 47:
VALIDATION
valid epoch balanced_accuracy: 0.692971
EPOCH 48:
VALIDATION
valid epoch balanced_accuracy: 0.645225
EPOCH 49:
VALIDATION
valid epoch balanced_accuracy: 0.553050
EPOCH 50:
VALIDATION
valid epoch balanced_accuracy: 0.643236
EPOCH 51:
VALIDATION
valid epoch balanced_accuracy: 0.666446
EPOCH 52:
VALIDATION
valid epoch balanced_accuracy: 0.698939
EPOCH 53:
VALIDATION
valid epoch balanced_accuracy: 0.597480
EPOCH 54:
VALIDATION
valid epoch balanced_accuracy: 0.574271
EPOCH 55:
VALIDATION
valid epoch balanced_accuracy: 0.710212
EPOCH 56:
VALIDATION
valid epoch balanced_accuracy: 0.681698
EPOCH 57:
VALIDATION
valid epoch balanced_accuracy: 0.591512
EPOCH 58:
VALIDATION
valid epoch balanced_accuracy: 0.572281
EPOCH 59:
VALIDATION
valid epoch balanced_accuracy: 0.802387
EPOCH 60:
VALIDATION
valid epoch balanced_accuracy: 0.610743
EPOCH 61:
VALIDATION
valid epoch balanced_accuracy: 0.750663
EPOCH 62:
VALIDATION
valid epoch balanced_accuracy: 0.718170
EPOCH 63:
VALIDATION
valid epoch balanced_accuracy: 0.591512
EPOCH 64:
VALIDATION
valid epoch balanced_accuracy: 0.679708
EPOCH 65:
VALIDATION
valid epoch balanced_accuracy: 0.733422
EPOCH 66:
VALIDATION
valid epoch balanced_accuracy: 0.649204
EPOCH 67:
VALIDATION
valid epoch balanced_accuracy: 0.608753
EPOCH 68:
VALIDATION
valid epoch balanced_accuracy: 0.591512
EPOCH 69:
VALIDATION
valid epoch balanced_accuracy: 0.731432
EPOCH 70:
VALIDATION
valid epoch balanced_accuracy: 0.696950
EPOCH 71:
VALIDATION
valid epoch balanced_accuracy: 0.666446
EPOCH 72:
VALIDATION
valid epoch balanced_accuracy: 0.612732
EPOCH 73:
VALIDATION
valid epoch balanced_accuracy: 0.700928
EPOCH 74:
VALIDATION
valid epoch balanced_accuracy: 0.666446
EPOCH 75:
VALIDATION
valid epoch balanced_accuracy: 0.681698
EPOCH 76:
VALIDATION
valid epoch balanced_accuracy: 0.627984
EPOCH 77:
VALIDATION
valid epoch balanced_accuracy: 0.702918
EPOCH 78:
VALIDATION
valid epoch balanced_accuracy: 0.610743
EPOCH 79:
VALIDATION
valid epoch balanced_accuracy: 0.664456
EPOCH 80:
VALIDATION
valid epoch balanced_accuracy: 0.666446
EPOCH 81:
VALIDATION
valid epoch balanced_accuracy: 0.681698
EPOCH 82:
VALIDATION
valid epoch balanced_accuracy: 0.754642
EPOCH 83:
VALIDATION
valid epoch balanced_accuracy: 0.664456
EPOCH 84:
VALIDATION
valid epoch balanced_accuracy: 0.647215
EPOCH 85:
VALIDATION
valid epoch balanced_accuracy: 0.735411
EPOCH 86:
VALIDATION
valid epoch balanced_accuracy: 0.702918
EPOCH 87:
VALIDATION
valid epoch balanced_accuracy: 0.649204
EPOCH 88:
VALIDATION
valid epoch balanced_accuracy: 0.535809
EPOCH 89:
VALIDATION
valid epoch balanced_accuracy: 0.698939
EPOCH 90:
VALIDATION
valid epoch balanced_accuracy: 0.629973
EPOCH 91:
VALIDATION
valid epoch balanced_accuracy: 0.591512
EPOCH 92:
VALIDATION
valid epoch balanced_accuracy: 0.610743
EPOCH 93:
VALIDATION
valid epoch balanced_accuracy: 0.649204
EPOCH 94:
VALIDATION
valid epoch balanced_accuracy: 0.593501
EPOCH 95:
VALIDATION
valid epoch balanced_accuracy: 0.629973
EPOCH 96:
VALIDATION
valid epoch balanced_accuracy: 0.698939
EPOCH 97:
VALIDATION
valid epoch balanced_accuracy: 0.593501
EPOCH 98:
VALIDATION
valid epoch balanced_accuracy: 0.612732
EPOCH 99:
VALIDATION
valid epoch balanced_accuracy: 0.752653
EPOCH 100:
VALIDATION
valid epoch balanced_accuracy: 0.733422
EPOCH 101:
VALIDATION
valid epoch balanced_accuracy: 0.574271
EPOCH 102:
VALIDATION
valid epoch balanced_accuracy: 0.750663
EPOCH 103:
VALIDATION
valid epoch balanced_accuracy: 0.631963
EPOCH 104:
VALIDATION
valid epoch balanced_accuracy: 0.871353
EPOCH 105:
VALIDATION
valid epoch balanced_accuracy: 0.800398
EPOCH 106:
VALIDATION
valid epoch balanced_accuracy: 0.733422
EPOCH 107:
VALIDATION
valid epoch balanced_accuracy: 0.752653
EPOCH 108:
VALIDATION
valid epoch balanced_accuracy: 0.785146
EPOCH 109:
VALIDATION
valid epoch balanced_accuracy: 0.666446
EPOCH 110:
VALIDATION
valid epoch balanced_accuracy: 0.685676
EPOCH 111:
VALIDATION
valid epoch balanced_accuracy: 0.664456
EPOCH 112:
VALIDATION
valid epoch balanced_accuracy: 0.854111
EPOCH 113:
VALIDATION
valid epoch balanced_accuracy: 0.720159
EPOCH 114:
VALIDATION
valid epoch balanced_accuracy: 0.612732
EPOCH 115:
VALIDATION
valid epoch balanced_accuracy: 0.593501
EPOCH 116:
VALIDATION
valid epoch balanced_accuracy: 0.823607
EPOCH 117:
VALIDATION
valid epoch balanced_accuracy: 0.631963
EPOCH 118:
VALIDATION
valid epoch balanced_accuracy: 0.767905
EPOCH 119:
VALIDATION
valid epoch balanced_accuracy: 0.664456
EPOCH 120:
VALIDATION
valid epoch balanced_accuracy: 0.666446
EPOCH 121:
VALIDATION
valid epoch balanced_accuracy: 0.854111
EPOCH 122:
VALIDATION
valid epoch balanced_accuracy: 0.612732
EPOCH 123:
VALIDATION
valid epoch balanced_accuracy: 0.823607
EPOCH 124:
VALIDATION
valid epoch balanced_accuracy: 0.823607
EPOCH 125:
VALIDATION
valid epoch balanced_accuracy: 0.752653
EPOCH 126:
VALIDATION
valid epoch balanced_accuracy: 0.593501
EPOCH 127:
VALIDATION
valid epoch balanced_accuracy: 0.769894
EPOCH 128:
VALIDATION
valid epoch balanced_accuracy: 0.593501
EPOCH 129:
VALIDATION
valid epoch balanced_accuracy: 0.858090
EPOCH 130:
VALIDATION
valid epoch balanced_accuracy: 0.545756
EPOCH 131:
VALIDATION
valid epoch balanced_accuracy: 0.645225
EPOCH 132:
VALIDATION
valid epoch balanced_accuracy: 0.651194
EPOCH 133:
VALIDATION
valid epoch balanced_accuracy: 0.612732
EPOCH 134:
VALIDATION
valid epoch balanced_accuracy: 0.593501
EPOCH 135:
VALIDATION
valid epoch balanced_accuracy: 0.627984
EPOCH 136:
VALIDATION
valid epoch balanced_accuracy: 0.572281
EPOCH 137:
VALIDATION
valid epoch balanced_accuracy: 0.664456
EPOCH 138:
VALIDATION
valid epoch balanced_accuracy: 0.647215
EPOCH 139:
VALIDATION
valid epoch balanced_accuracy: 0.631963
EPOCH 140:
VALIDATION
valid epoch balanced_accuracy: 0.666446
EPOCH 141:
VALIDATION
valid epoch balanced_accuracy: 0.645225
EPOCH 142:
VALIDATION
valid epoch balanced_accuracy: 0.806366
EPOCH 143:
VALIDATION
valid epoch balanced_accuracy: 0.647215
EPOCH 144:
VALIDATION
valid epoch balanced_accuracy: 0.612732
EPOCH 145:
VALIDATION
valid epoch balanced_accuracy: 0.716180
EPOCH 146:
VALIDATION
valid epoch balanced_accuracy: 0.593501
EPOCH 147:
VALIDATION
valid epoch balanced_accuracy: 0.631963
EPOCH 148:
VALIDATION
valid epoch balanced_accuracy: 0.718170
EPOCH 149:
VALIDATION
valid epoch balanced_accuracy: 0.752653
EPOCH 150:
VALIDATION
valid epoch balanced_accuracy: 0.666446
accuracy: 0.654545
sensitivity: 0.653846
precision: 0.629630
specificity: 0.655172
IoU: 0.472222
FAR: 0.344828
F1: 0.641509
balanced_accuracy: 0.654509
loss: 1.154773
