Waiting for exclusive access to GPU GPU-6df3662d-f25f-4e85-f491-9dffe06d9102.
=== GROUP: CRAL-TRIO | VARIANT: no_post_sa_3rd_layer_mlp_hiddim80 | SEED: 2 | GPU: Tesla V100-SXM2-32GB ===

number of parameters : 2160734
train : (988, 12)
valid : (172, 12)
test : (171, 12)
class weights : [1.1330275535583496, 0.8949275612831116]
data extracted
EPOCH 1:
VALIDATION
valid epoch balanced_accuracy: 0.515873
EPOCH 2:
VALIDATION
valid epoch balanced_accuracy: 0.370103
EPOCH 3:
VALIDATION
valid epoch balanced_accuracy: 0.541721
EPOCH 4:
VALIDATION
valid epoch balanced_accuracy: 0.601573
EPOCH 5:
VALIDATION
valid epoch balanced_accuracy: 0.494903
EPOCH 6:
VALIDATION
valid epoch balanced_accuracy: 0.630479
EPOCH 7:
VALIDATION
valid epoch balanced_accuracy: 0.678462
EPOCH 8:
VALIDATION
valid epoch balanced_accuracy: 0.698922
EPOCH 9:
VALIDATION
valid epoch balanced_accuracy: 0.543250
EPOCH 10:
VALIDATION
valid epoch balanced_accuracy: 0.744940
EPOCH 11:
VALIDATION
valid epoch balanced_accuracy: 0.630406
EPOCH 12:
VALIDATION
valid epoch balanced_accuracy: 0.643003
EPOCH 13:
VALIDATION
valid epoch balanced_accuracy: 0.613660
EPOCH 14:
VALIDATION
valid epoch balanced_accuracy: 0.646134
EPOCH 15:
VALIDATION
valid epoch balanced_accuracy: 0.737367
EPOCH 16:
VALIDATION
valid epoch balanced_accuracy: 0.686908
EPOCH 17:
VALIDATION
valid epoch balanced_accuracy: 0.695719
EPOCH 18:
VALIDATION
valid epoch balanced_accuracy: 0.677224
EPOCH 19:
VALIDATION
valid epoch balanced_accuracy: 0.677516
EPOCH 20:
VALIDATION
valid epoch balanced_accuracy: 0.678244
EPOCH 21:
VALIDATION
valid epoch balanced_accuracy: 0.669434
EPOCH 22:
VALIDATION
valid epoch balanced_accuracy: 0.688146
EPOCH 23:
VALIDATION
valid epoch balanced_accuracy: 0.722368
EPOCH 24:
VALIDATION
valid epoch balanced_accuracy: 0.712829
EPOCH 25:
VALIDATION
valid epoch balanced_accuracy: 0.584753
EPOCH 26:
VALIDATION
valid epoch balanced_accuracy: 0.729576
EPOCH 27:
VALIDATION
valid epoch balanced_accuracy: 0.635358
EPOCH 28:
VALIDATION
valid epoch balanced_accuracy: 0.633246
EPOCH 29:
VALIDATION
valid epoch balanced_accuracy: 0.662735
EPOCH 30:
VALIDATION
valid epoch balanced_accuracy: 0.608563
EPOCH 31:
VALIDATION
valid epoch balanced_accuracy: 0.647736
EPOCH 32:
VALIDATION
valid epoch balanced_accuracy: 0.671181
EPOCH 33:
VALIDATION
valid epoch balanced_accuracy: 0.674894
EPOCH 34:
VALIDATION
valid epoch balanced_accuracy: 0.647371
EPOCH 35:
VALIDATION
valid epoch balanced_accuracy: 0.618975
EPOCH 36:
VALIDATION
valid epoch balanced_accuracy: 0.627785
EPOCH 37:
VALIDATION
valid epoch balanced_accuracy: 0.633246
EPOCH 38:
VALIDATION
valid epoch balanced_accuracy: 0.609072
EPOCH 39:
VALIDATION
valid epoch balanced_accuracy: 0.643148
EPOCH 40:
VALIDATION
valid epoch balanced_accuracy: 0.561235
EPOCH 41:
VALIDATION
valid epoch balanced_accuracy: 0.668705
EPOCH 42:
VALIDATION
valid epoch balanced_accuracy: 0.665720
EPOCH 43:
VALIDATION
valid epoch balanced_accuracy: 0.647371
EPOCH 44:
VALIDATION
valid epoch balanced_accuracy: 0.624072
EPOCH 45:
VALIDATION
valid epoch balanced_accuracy: 0.653706
EPOCH 46:
VALIDATION
valid epoch balanced_accuracy: 0.612786
EPOCH 47:
VALIDATION
valid epoch balanced_accuracy: 0.643658
EPOCH 48:
VALIDATION
valid epoch balanced_accuracy: 0.610310
EPOCH 49:
VALIDATION
valid epoch balanced_accuracy: 0.646134
EPOCH 50:
VALIDATION
valid epoch balanced_accuracy: 0.657420
EPOCH 51:
VALIDATION
valid epoch balanced_accuracy: 0.639071
EPOCH 52:
VALIDATION
valid epoch balanced_accuracy: 0.659895
EPOCH 53:
VALIDATION
valid epoch balanced_accuracy: 0.632372
EPOCH 54:
VALIDATION
valid epoch balanced_accuracy: 0.545362
EPOCH 55:
VALIDATION
valid epoch balanced_accuracy: 0.608563
EPOCH 56:
VALIDATION
valid epoch balanced_accuracy: 0.637833
EPOCH 57:
VALIDATION
valid epoch balanced_accuracy: 0.601136
EPOCH 58:
VALIDATION
valid epoch balanced_accuracy: 0.641547
EPOCH 59:
VALIDATION
valid epoch balanced_accuracy: 0.617009
EPOCH 60:
VALIDATION
valid epoch balanced_accuracy: 0.633610
EPOCH 61:
VALIDATION
valid epoch balanced_accuracy: 0.644896
EPOCH 62:
VALIDATION
valid epoch balanced_accuracy: 0.665720
EPOCH 63:
VALIDATION
valid epoch balanced_accuracy: 0.657784
EPOCH 64:
VALIDATION
valid epoch balanced_accuracy: 0.625674
EPOCH 65:
VALIDATION
valid epoch balanced_accuracy: 0.664482
EPOCH 66:
VALIDATION
valid epoch balanced_accuracy: 0.646134
EPOCH 67:
VALIDATION
valid epoch balanced_accuracy: 0.646498
EPOCH 68:
VALIDATION
valid epoch balanced_accuracy: 0.525266
EPOCH 69:
VALIDATION
valid epoch balanced_accuracy: 0.548202
EPOCH 70:
VALIDATION
valid epoch balanced_accuracy: 0.579438
EPOCH 71:
VALIDATION
valid epoch balanced_accuracy: 0.619849
EPOCH 72:
VALIDATION
valid epoch balanced_accuracy: 0.570628
EPOCH 73:
VALIDATION
valid epoch balanced_accuracy: 0.659021
EPOCH 74:
VALIDATION
valid epoch balanced_accuracy: 0.702053
EPOCH 75:
VALIDATION
valid epoch balanced_accuracy: 0.596039
EPOCH 76:
VALIDATION
valid epoch balanced_accuracy: 0.477792
EPOCH 77:
VALIDATION
valid epoch balanced_accuracy: 0.472331
EPOCH 78:
VALIDATION
valid epoch balanced_accuracy: 0.582787
EPOCH 79:
VALIDATION
valid epoch balanced_accuracy: 0.546964
EPOCH 80:
VALIDATION
valid epoch balanced_accuracy: 0.585263
EPOCH 81:
VALIDATION
valid epoch balanced_accuracy: 0.574851
EPOCH 82:
VALIDATION
valid epoch balanced_accuracy: 0.559851
EPOCH 83:
VALIDATION
valid epoch balanced_accuracy: 0.538153
EPOCH 84:
VALIDATION
valid epoch balanced_accuracy: 0.538153
EPOCH 85:
VALIDATION
valid epoch balanced_accuracy: 0.556502
EPOCH 86:
VALIDATION
valid epoch balanced_accuracy: 0.553153
EPOCH 87:
VALIDATION
valid epoch balanced_accuracy: 0.544852
EPOCH 88:
VALIDATION
valid epoch balanced_accuracy: 0.553153
EPOCH 89:
VALIDATION
valid epoch balanced_accuracy: 0.555264
EPOCH 90:
VALIDATION
valid epoch balanced_accuracy: 0.588612
EPOCH 91:
VALIDATION
valid epoch balanced_accuracy: 0.537789
EPOCH 92:
VALIDATION
valid epoch balanced_accuracy: 0.556502
EPOCH 93:
VALIDATION
valid epoch balanced_accuracy: 0.574851
EPOCH 94:
VALIDATION
valid epoch balanced_accuracy: 0.553153
EPOCH 95:
VALIDATION
valid epoch balanced_accuracy: 0.561963
EPOCH 96:
VALIDATION
valid epoch balanced_accuracy: 0.540629
EPOCH 97:
VALIDATION
valid epoch balanced_accuracy: 0.556502
EPOCH 98:
VALIDATION
valid epoch balanced_accuracy: 0.564439
EPOCH 99:
VALIDATION
valid epoch balanced_accuracy: 0.553153
EPOCH 100:
VALIDATION
valid epoch balanced_accuracy: 0.549439
EPOCH 101:
VALIDATION
valid epoch balanced_accuracy: 0.569390
EPOCH 102:
VALIDATION
valid epoch balanced_accuracy: 0.557376
EPOCH 103:
VALIDATION
valid epoch balanced_accuracy: 0.597787
EPOCH 104:
VALIDATION
valid epoch balanced_accuracy: 0.541503
EPOCH 105:
VALIDATION
valid epoch balanced_accuracy: 0.508883
EPOCH 106:
VALIDATION
valid epoch balanced_accuracy: 0.458060
EPOCH 107:
VALIDATION
valid epoch balanced_accuracy: 0.446046
EPOCH 108:
VALIDATION
valid epoch balanced_accuracy: 0.513106
EPOCH 109:
VALIDATION
valid epoch balanced_accuracy: 0.481870
EPOCH 110:
VALIDATION
valid epoch balanced_accuracy: 0.502694
EPOCH 111:
VALIDATION
valid epoch balanced_accuracy: 0.490170
EPOCH 112:
VALIDATION
valid epoch balanced_accuracy: 0.492282
EPOCH 113:
VALIDATION
valid epoch balanced_accuracy: 0.541867
EPOCH 114:
VALIDATION
valid epoch balanced_accuracy: 0.476045
EPOCH 115:
VALIDATION
valid epoch balanced_accuracy: 0.470220
EPOCH 116:
VALIDATION
valid epoch balanced_accuracy: 0.450852
EPOCH 117:
VALIDATION
valid epoch balanced_accuracy: 0.521407
EPOCH 118:
VALIDATION
valid epoch balanced_accuracy: 0.480996
EPOCH 119:
VALIDATION
valid epoch balanced_accuracy: 0.486457
EPOCH 120:
VALIDATION
valid epoch balanced_accuracy: 0.494758
EPOCH 121:
VALIDATION
valid epoch balanced_accuracy: 0.486457
EPOCH 122:
VALIDATION
valid epoch balanced_accuracy: 0.483472
EPOCH 123:
VALIDATION
valid epoch balanced_accuracy: 0.494393
EPOCH 124:
VALIDATION
valid epoch balanced_accuracy: 0.494758
EPOCH 125:
VALIDATION
valid epoch balanced_accuracy: 0.486821
EPOCH 126:
VALIDATION
valid epoch balanced_accuracy: 0.499345
EPOCH 127:
VALIDATION
valid epoch balanced_accuracy: 0.485583
EPOCH 128:
VALIDATION
valid epoch balanced_accuracy: 0.480996
EPOCH 129:
VALIDATION
valid epoch balanced_accuracy: 0.490170
EPOCH 130:
VALIDATION
valid epoch balanced_accuracy: 0.487695
EPOCH 131:
VALIDATION
valid epoch balanced_accuracy: 0.485583
EPOCH 132:
VALIDATION
valid epoch balanced_accuracy: 0.478520
EPOCH 133:
VALIDATION
valid epoch balanced_accuracy: 0.488933
EPOCH 134:
VALIDATION
valid epoch balanced_accuracy: 0.472186
EPOCH 135:
VALIDATION
valid epoch balanced_accuracy: 0.500218
EPOCH 136:
VALIDATION
valid epoch balanced_accuracy: 0.491044
EPOCH 137:
VALIDATION
valid epoch balanced_accuracy: 0.497379
EPOCH 138:
VALIDATION
valid epoch balanced_accuracy: 0.567788
EPOCH 139:
VALIDATION
valid epoch balanced_accuracy: 0.518057
EPOCH 140:
VALIDATION
valid epoch balanced_accuracy: 0.531091
EPOCH 141:
VALIDATION
valid epoch balanced_accuracy: 0.516456
EPOCH 142:
VALIDATION
valid epoch balanced_accuracy: 0.543105
EPOCH 143:
VALIDATION
valid epoch balanced_accuracy: 0.509757
EPOCH 144:
VALIDATION
valid epoch balanced_accuracy: 0.515218
EPOCH 145:
VALIDATION
valid epoch balanced_accuracy: 0.461919
EPOCH 146:
VALIDATION
valid epoch balanced_accuracy: 0.495631
EPOCH 147:
VALIDATION
valid epoch balanced_accuracy: 0.480632
EPOCH 148:
VALIDATION
valid epoch balanced_accuracy: 0.468472
EPOCH 149:
VALIDATION
valid epoch balanced_accuracy: 0.452235
EPOCH 150:
VALIDATION
valid epoch balanced_accuracy: 0.485219
accuracy: 0.578947
sensitivity: 0.442105
precision: 0.688525
specificity: 0.750000
IoU: 0.368421
FAR: 0.250000
F1: 0.538462
balanced_accuracy: 0.596053
loss: 1.018351
