Waiting for exclusive access to GPU GPU-263f55be-a11c-81be-8af6-e948471cb954.
=== GROUP: OSBP | VARIANT: bidir_edges_standard | SEED: 0 | GPU: Tesla V100-SXM2-32GB ===

number of parameters : 1075406
train : (1288, 12)
valid : (22, 12)
test : (21, 12)
class weights : [1.1925926208496094, 0.8609625697135925]
data extracted
EPOCH 1:
VALIDATION
valid epoch balanced_accuracy: 0.650000
EPOCH 2:
VALIDATION
valid epoch balanced_accuracy: 0.550000
EPOCH 3:
VALIDATION
valid epoch balanced_accuracy: 0.775000
EPOCH 4:
VALIDATION
valid epoch balanced_accuracy: 0.675000
EPOCH 5:
VALIDATION
valid epoch balanced_accuracy: 0.450000
EPOCH 6:
VALIDATION
valid epoch balanced_accuracy: 0.625000
EPOCH 7:
VALIDATION
valid epoch balanced_accuracy: 0.650000
EPOCH 8:
VALIDATION
valid epoch balanced_accuracy: 0.575000
EPOCH 9:
VALIDATION
valid epoch balanced_accuracy: 0.725000
EPOCH 10:
VALIDATION
valid epoch balanced_accuracy: 0.600000
EPOCH 11:
VALIDATION
valid epoch balanced_accuracy: 0.650000
EPOCH 12:
VALIDATION
valid epoch balanced_accuracy: 0.625000
EPOCH 13:
VALIDATION
valid epoch balanced_accuracy: 0.650000
EPOCH 14:
VALIDATION
valid epoch balanced_accuracy: 0.650000
EPOCH 15:
VALIDATION
valid epoch balanced_accuracy: 0.650000
EPOCH 16:
VALIDATION
valid epoch balanced_accuracy: 0.525000
EPOCH 17:
VALIDATION
valid epoch balanced_accuracy: 0.600000
EPOCH 18:
VALIDATION
valid epoch balanced_accuracy: 0.700000
EPOCH 19:
VALIDATION
valid epoch balanced_accuracy: 0.725000
EPOCH 20:
VALIDATION
valid epoch balanced_accuracy: 0.525000
EPOCH 21:
VALIDATION
valid epoch balanced_accuracy: 0.700000
EPOCH 22:
VALIDATION
valid epoch balanced_accuracy: 0.775000
EPOCH 23:
VALIDATION
valid epoch balanced_accuracy: 0.650000
EPOCH 24:
VALIDATION
valid epoch balanced_accuracy: 0.600000
EPOCH 25:
VALIDATION
valid epoch balanced_accuracy: 0.550000
EPOCH 26:
VALIDATION
valid epoch balanced_accuracy: 0.525000
EPOCH 27:
VALIDATION
valid epoch balanced_accuracy: 0.525000
EPOCH 28:
VALIDATION
valid epoch balanced_accuracy: 0.600000
EPOCH 29:
VALIDATION
valid epoch balanced_accuracy: 0.625000
EPOCH 30:
VALIDATION
valid epoch balanced_accuracy: 0.650000
EPOCH 31:
VALIDATION
valid epoch balanced_accuracy: 0.550000
EPOCH 32:
VALIDATION
valid epoch balanced_accuracy: 0.575000
EPOCH 33:
VALIDATION
valid epoch balanced_accuracy: 0.500000
EPOCH 34:
VALIDATION
valid epoch balanced_accuracy: 0.450000
EPOCH 35:
VALIDATION
valid epoch balanced_accuracy: 0.500000
EPOCH 36:
VALIDATION
valid epoch balanced_accuracy: 0.500000
EPOCH 37:
VALIDATION
valid epoch balanced_accuracy: 0.450000
EPOCH 38:
VALIDATION
valid epoch balanced_accuracy: 0.475000
EPOCH 39:
VALIDATION
valid epoch balanced_accuracy: 0.600000
EPOCH 40:
VALIDATION
valid epoch balanced_accuracy: 0.675000
EPOCH 41:
VALIDATION
valid epoch balanced_accuracy: 0.400000
EPOCH 42:
VALIDATION
valid epoch balanced_accuracy: 0.500000
EPOCH 43:
VALIDATION
valid epoch balanced_accuracy: 0.500000
EPOCH 44:
VALIDATION
valid epoch balanced_accuracy: 0.500000
EPOCH 45:
VALIDATION
valid epoch balanced_accuracy: 0.675000
EPOCH 46:
VALIDATION
valid epoch balanced_accuracy: 0.475000
EPOCH 47:
VALIDATION
valid epoch balanced_accuracy: 0.550000
EPOCH 48:
VALIDATION
valid epoch balanced_accuracy: 0.675000
EPOCH 49:
VALIDATION
valid epoch balanced_accuracy: 0.525000
EPOCH 50:
VALIDATION
valid epoch balanced_accuracy: 0.525000
EPOCH 51:
VALIDATION
valid epoch balanced_accuracy: 0.700000
EPOCH 52:
VALIDATION
valid epoch balanced_accuracy: 0.425000
EPOCH 53:
VALIDATION
valid epoch balanced_accuracy: 0.475000
EPOCH 54:
VALIDATION
valid epoch balanced_accuracy: 0.475000
EPOCH 55:
VALIDATION
valid epoch balanced_accuracy: 0.700000
EPOCH 56:
VALIDATION
valid epoch balanced_accuracy: 0.750000
EPOCH 57:
VALIDATION
valid epoch balanced_accuracy: 0.475000
EPOCH 58:
VALIDATION
valid epoch balanced_accuracy: 0.425000
EPOCH 59:
VALIDATION
valid epoch balanced_accuracy: 0.500000
EPOCH 60:
VALIDATION
valid epoch balanced_accuracy: 0.475000
EPOCH 61:
VALIDATION
valid epoch balanced_accuracy: 0.475000
EPOCH 62:
VALIDATION
valid epoch balanced_accuracy: 0.500000
EPOCH 63:
VALIDATION
valid epoch balanced_accuracy: 0.500000
EPOCH 64:
VALIDATION
valid epoch balanced_accuracy: 0.500000
EPOCH 65:
VALIDATION
valid epoch balanced_accuracy: 0.500000
EPOCH 66:
VALIDATION
valid epoch balanced_accuracy: 0.525000
EPOCH 67:
VALIDATION
valid epoch balanced_accuracy: 0.600000
EPOCH 68:
VALIDATION
valid epoch balanced_accuracy: 0.525000
EPOCH 69:
VALIDATION
valid epoch balanced_accuracy: 0.675000
EPOCH 70:
VALIDATION
valid epoch balanced_accuracy: 0.700000
EPOCH 71:
VALIDATION
valid epoch balanced_accuracy: 0.700000
EPOCH 72:
VALIDATION
valid epoch balanced_accuracy: 0.700000
EPOCH 73:
VALIDATION
valid epoch balanced_accuracy: 0.575000
EPOCH 74:
VALIDATION
valid epoch balanced_accuracy: 0.575000
EPOCH 75:
VALIDATION
valid epoch balanced_accuracy: 0.450000
EPOCH 76:
VALIDATION
valid epoch balanced_accuracy: 0.550000
EPOCH 77:
VALIDATION
valid epoch balanced_accuracy: 0.500000
EPOCH 78:
VALIDATION
valid epoch balanced_accuracy: 0.475000
EPOCH 79:
VALIDATION
valid epoch balanced_accuracy: 0.500000
EPOCH 80:
VALIDATION
valid epoch balanced_accuracy: 0.500000
EPOCH 81:
VALIDATION
valid epoch balanced_accuracy: 0.550000
EPOCH 82:
VALIDATION
valid epoch balanced_accuracy: 0.500000
EARLY STOPPING: rolling validation balanced accuracy did not improve for 60 epochs and validation loss increased over the same window.
accuracy: 0.666667
sensitivity: 1.000000
precision: 0.461538
specificity: 0.533333
IoU: 0.461538
FAR: 0.466667
F1: 0.631579
balanced_accuracy: 0.766667
loss: 0.978246
