Waiting for exclusive access to GPU GPU-2d50bd15-7fe4-3436-dd77-3673cfed0084.
=== GROUP: OSBP | VARIANT: bidir_edges_standard | SEED: 2 | GPU: Tesla V100-SXM2-32GB ===

number of parameters : 1075406
train : (1288, 12)
valid : (22, 12)
test : (21, 12)
class weights : [1.1925926208496094, 0.8609625697135925]
data extracted
EPOCH 1:
VALIDATION
valid epoch balanced_accuracy: 0.868421
EPOCH 2:
VALIDATION
valid epoch balanced_accuracy: 0.842105
EPOCH 3:
VALIDATION
valid epoch balanced_accuracy: 0.710526
EPOCH 4:
VALIDATION
valid epoch balanced_accuracy: 0.921053
EPOCH 5:
VALIDATION
valid epoch balanced_accuracy: 0.842105
EPOCH 6:
VALIDATION
valid epoch balanced_accuracy: 0.473684
EPOCH 7:
VALIDATION
valid epoch balanced_accuracy: 0.868421
EPOCH 8:
VALIDATION
valid epoch balanced_accuracy: 0.947368
EPOCH 9:
VALIDATION
valid epoch balanced_accuracy: 0.894737
EPOCH 10:
VALIDATION
valid epoch balanced_accuracy: 0.894737
EPOCH 11:
VALIDATION
valid epoch balanced_accuracy: 0.736842
EPOCH 12:
VALIDATION
valid epoch balanced_accuracy: 0.736842
EPOCH 13:
VALIDATION
valid epoch balanced_accuracy: 0.710526
EPOCH 14:
VALIDATION
valid epoch balanced_accuracy: 0.921053
EPOCH 15:
VALIDATION
valid epoch balanced_accuracy: 0.868421
EPOCH 16:
VALIDATION
valid epoch balanced_accuracy: 0.894737
EPOCH 17:
VALIDATION
valid epoch balanced_accuracy: 0.815789
EPOCH 18:
VALIDATION
valid epoch balanced_accuracy: 0.815789
EPOCH 19:
VALIDATION
valid epoch balanced_accuracy: 0.842105
EPOCH 20:
VALIDATION
valid epoch balanced_accuracy: 0.894737
EPOCH 21:
VALIDATION
valid epoch balanced_accuracy: 0.947368
EPOCH 22:
VALIDATION
valid epoch balanced_accuracy: 0.842105
EPOCH 23:
VALIDATION
valid epoch balanced_accuracy: 0.868421
EPOCH 24:
VALIDATION
valid epoch balanced_accuracy: 0.763158
EPOCH 25:
VALIDATION
valid epoch balanced_accuracy: 0.868421
EPOCH 26:
VALIDATION
valid epoch balanced_accuracy: 0.763158
EPOCH 27:
VALIDATION
valid epoch balanced_accuracy: 0.763158
EPOCH 28:
VALIDATION
valid epoch balanced_accuracy: 0.868421
EPOCH 29:
VALIDATION
valid epoch balanced_accuracy: 0.894737
EPOCH 30:
VALIDATION
valid epoch balanced_accuracy: 0.868421
EPOCH 31:
VALIDATION
valid epoch balanced_accuracy: 0.868421
EPOCH 32:
VALIDATION
valid epoch balanced_accuracy: 0.894737
EPOCH 33:
VALIDATION
valid epoch balanced_accuracy: 0.868421
EPOCH 34:
VALIDATION
valid epoch balanced_accuracy: 0.736842
EPOCH 35:
VALIDATION
valid epoch balanced_accuracy: 0.763158
EPOCH 36:
VALIDATION
valid epoch balanced_accuracy: 0.815789
EPOCH 37:
VALIDATION
valid epoch balanced_accuracy: 0.894737
EPOCH 38:
VALIDATION
valid epoch balanced_accuracy: 0.789474
EPOCH 39:
VALIDATION
valid epoch balanced_accuracy: 0.736842
EPOCH 40:
VALIDATION
valid epoch balanced_accuracy: 0.789474
EPOCH 41:
VALIDATION
valid epoch balanced_accuracy: 0.789474
EPOCH 42:
VALIDATION
valid epoch balanced_accuracy: 0.842105
EPOCH 43:
VALIDATION
valid epoch balanced_accuracy: 0.842105
EPOCH 44:
VALIDATION
valid epoch balanced_accuracy: 0.815789
EPOCH 45:
VALIDATION
valid epoch balanced_accuracy: 0.789474
EPOCH 46:
VALIDATION
valid epoch balanced_accuracy: 0.921053
EPOCH 47:
VALIDATION
valid epoch balanced_accuracy: 0.815789
EPOCH 48:
VALIDATION
valid epoch balanced_accuracy: 0.789474
EPOCH 49:
VALIDATION
valid epoch balanced_accuracy: 0.815789
EPOCH 50:
VALIDATION
valid epoch balanced_accuracy: 0.789474
EPOCH 51:
VALIDATION
valid epoch balanced_accuracy: 0.815789
EPOCH 52:
VALIDATION
valid epoch balanced_accuracy: 0.815789
EPOCH 53:
VALIDATION
valid epoch balanced_accuracy: 0.815789
EPOCH 54:
VALIDATION
valid epoch balanced_accuracy: 0.842105
EPOCH 55:
VALIDATION
valid epoch balanced_accuracy: 0.842105
EPOCH 56:
VALIDATION
valid epoch balanced_accuracy: 0.763158
EPOCH 57:
VALIDATION
valid epoch balanced_accuracy: 0.894737
EPOCH 58:
VALIDATION
valid epoch balanced_accuracy: 0.868421
EPOCH 59:
VALIDATION
valid epoch balanced_accuracy: 0.815789
EPOCH 60:
VALIDATION
valid epoch balanced_accuracy: 0.894737
EPOCH 61:
VALIDATION
valid epoch balanced_accuracy: 0.789474
EPOCH 62:
VALIDATION
valid epoch balanced_accuracy: 0.868421
EPOCH 63:
VALIDATION
valid epoch balanced_accuracy: 0.868421
EPOCH 64:
VALIDATION
valid epoch balanced_accuracy: 0.894737
EPOCH 65:
VALIDATION
valid epoch balanced_accuracy: 0.815789
EPOCH 66:
VALIDATION
valid epoch balanced_accuracy: 0.815789
EPOCH 67:
VALIDATION
valid epoch balanced_accuracy: 0.868421
EPOCH 68:
VALIDATION
valid epoch balanced_accuracy: 0.894737
EPOCH 69:
VALIDATION
valid epoch balanced_accuracy: 0.815789
EPOCH 70:
VALIDATION
valid epoch balanced_accuracy: 0.868421
EPOCH 71:
VALIDATION
valid epoch balanced_accuracy: 0.868421
EPOCH 72:
VALIDATION
valid epoch balanced_accuracy: 0.842105
EPOCH 73:
VALIDATION
valid epoch balanced_accuracy: 0.947368
EPOCH 74:
VALIDATION
valid epoch balanced_accuracy: 0.842105
EPOCH 75:
VALIDATION
valid epoch balanced_accuracy: 0.815789
EPOCH 76:
VALIDATION
valid epoch balanced_accuracy: 0.763158
EPOCH 77:
VALIDATION
valid epoch balanced_accuracy: 0.789474
EPOCH 78:
VALIDATION
valid epoch balanced_accuracy: 0.815789
EPOCH 79:
VALIDATION
valid epoch balanced_accuracy: 0.763158
EPOCH 80:
VALIDATION
valid epoch balanced_accuracy: 0.789474
EPOCH 81:
VALIDATION
valid epoch balanced_accuracy: 0.763158
EPOCH 82:
VALIDATION
valid epoch balanced_accuracy: 0.868421
EPOCH 83:
VALIDATION
valid epoch balanced_accuracy: 0.868421
EPOCH 84:
VALIDATION
valid epoch balanced_accuracy: 0.763158
EPOCH 85:
VALIDATION
valid epoch balanced_accuracy: 0.789474
EPOCH 86:
VALIDATION
valid epoch balanced_accuracy: 0.894737
EPOCH 87:
VALIDATION
valid epoch balanced_accuracy: 0.789474
EPOCH 88:
VALIDATION
valid epoch balanced_accuracy: 0.763158
EPOCH 89:
VALIDATION
valid epoch balanced_accuracy: 0.763158
EPOCH 90:
VALIDATION
valid epoch balanced_accuracy: 0.789474
EPOCH 91:
VALIDATION
valid epoch balanced_accuracy: 0.763158
EPOCH 92:
VALIDATION
valid epoch balanced_accuracy: 0.842105
EARLY STOPPING: rolling validation balanced accuracy did not improve for 60 epochs and validation loss increased over the same window.
accuracy: 0.523810
sensitivity: 0.200000
precision: 0.142857
specificity: 0.625000
IoU: 0.090909
FAR: 0.375000
F1: 0.166667
balanced_accuracy: 0.412500
loss: 0.937771
