
number of parameters : 1075406
train : (974, 12)
valid : (180, 12)
test : (180, 12)
class weights : [1.1540284156799316, 0.8822463750839233]
data extracted
EPOCH 1:
VALIDATION
valid epoch balanced_accuracy: 0.501905
EPOCH 2:
VALIDATION
valid epoch balanced_accuracy: 0.590476
EPOCH 3:
VALIDATION
valid epoch balanced_accuracy: 0.426667
EPOCH 4:
VALIDATION
valid epoch balanced_accuracy: 0.637143
EPOCH 5:
VALIDATION
valid epoch balanced_accuracy: 0.603810
EPOCH 6:
VALIDATION
valid epoch balanced_accuracy: 0.549524
EPOCH 7:
VALIDATION
valid epoch balanced_accuracy: 0.572381
EPOCH 8:
VALIDATION
valid epoch balanced_accuracy: 0.618095
EPOCH 9:
VALIDATION
valid epoch balanced_accuracy: 0.637143
EPOCH 10:
VALIDATION
valid epoch balanced_accuracy: 0.599048
EPOCH 11:
VALIDATION
valid epoch balanced_accuracy: 0.403810
EPOCH 12:
VALIDATION
valid epoch balanced_accuracy: 0.588571
EPOCH 13:
VALIDATION
valid epoch balanced_accuracy: 0.572381
EPOCH 14:
VALIDATION
valid epoch balanced_accuracy: 0.571429
EPOCH 15:
VALIDATION
valid epoch balanced_accuracy: 0.474286
EPOCH 16:
VALIDATION
valid epoch balanced_accuracy: 0.420000
EPOCH 17:
VALIDATION
valid epoch balanced_accuracy: 0.370476
EPOCH 18:
VALIDATION
valid epoch balanced_accuracy: 0.448571
EPOCH 19:
VALIDATION
valid epoch balanced_accuracy: 0.424762
EPOCH 20:
VALIDATION
valid epoch balanced_accuracy: 0.520952
EPOCH 21:
VALIDATION
valid epoch balanced_accuracy: 0.434286
EPOCH 22:
VALIDATION
valid epoch balanced_accuracy: 0.482857
EPOCH 23:
VALIDATION
valid epoch balanced_accuracy: 0.579048
EPOCH 24:
VALIDATION
valid epoch balanced_accuracy: 0.461905
EPOCH 25:
VALIDATION
valid epoch balanced_accuracy: 0.555238
EPOCH 26:
VALIDATION
valid epoch balanced_accuracy: 0.611429
EPOCH 27:
VALIDATION
valid epoch balanced_accuracy: 0.500000
EPOCH 28:
VALIDATION
valid epoch balanced_accuracy: 0.640000
EPOCH 29:
VALIDATION
valid epoch balanced_accuracy: 0.521905
EPOCH 30:
VALIDATION
valid epoch balanced_accuracy: 0.587619
EPOCH 31:
VALIDATION
valid epoch balanced_accuracy: 0.554286
EPOCH 32:
VALIDATION
valid epoch balanced_accuracy: 0.504762
EPOCH 33:
VALIDATION
valid epoch balanced_accuracy: 0.551429
EPOCH 34:
VALIDATION
valid epoch balanced_accuracy: 0.514286
EPOCH 35:
VALIDATION
valid epoch balanced_accuracy: 0.415238
EPOCH 36:
VALIDATION
valid epoch balanced_accuracy: 0.548571
EPOCH 37:
VALIDATION
valid epoch balanced_accuracy: 0.535238
EPOCH 38:
VALIDATION
valid epoch balanced_accuracy: 0.436190
EPOCH 39:
VALIDATION
valid epoch balanced_accuracy: 0.506667
EPOCH 40:
VALIDATION
valid epoch balanced_accuracy: 0.440952
EPOCH 41:
VALIDATION
valid epoch balanced_accuracy: 0.500000
EPOCH 42:
VALIDATION
valid epoch balanced_accuracy: 0.464762
EPOCH 43:
VALIDATION
valid epoch balanced_accuracy: 0.498095
EPOCH 44:
VALIDATION
valid epoch balanced_accuracy: 0.491429
EPOCH 45:
VALIDATION
valid epoch balanced_accuracy: 0.514286
EPOCH 46:
VALIDATION
valid epoch balanced_accuracy: 0.518095
EPOCH 47:
VALIDATION
valid epoch balanced_accuracy: 0.529524
EPOCH 48:
VALIDATION
valid epoch balanced_accuracy: 0.507619
EPOCH 49:
VALIDATION
valid epoch balanced_accuracy: 0.524762
EPOCH 50:
VALIDATION
valid epoch balanced_accuracy: 0.569524
EPOCH 51:
VALIDATION
valid epoch balanced_accuracy: 0.471429
EPOCH 52:
VALIDATION
valid epoch balanced_accuracy: 0.519048
EPOCH 53:
VALIDATION
valid epoch balanced_accuracy: 0.540000
EPOCH 54:
VALIDATION
valid epoch balanced_accuracy: 0.493333
EPOCH 55:
VALIDATION
valid epoch balanced_accuracy: 0.563810
EPOCH 56:
VALIDATION
valid epoch balanced_accuracy: 0.613333
EPOCH 57:
VALIDATION
valid epoch balanced_accuracy: 0.542857
EPOCH 58:
VALIDATION
valid epoch balanced_accuracy: 0.439048
EPOCH 59:
VALIDATION
valid epoch balanced_accuracy: 0.463810
EPOCH 60:
VALIDATION
valid epoch balanced_accuracy: 0.469524
EPOCH 61:
VALIDATION
valid epoch balanced_accuracy: 0.460952
EPOCH 62:
VALIDATION
valid epoch balanced_accuracy: 0.454286
EPOCH 63:
VALIDATION
valid epoch balanced_accuracy: 0.458095
EPOCH 64:
VALIDATION
valid epoch balanced_accuracy: 0.544762
EPOCH 65:
VALIDATION
valid epoch balanced_accuracy: 0.433333
EPOCH 66:
VALIDATION
valid epoch balanced_accuracy: 0.498095
EPOCH 67:
VALIDATION
valid epoch balanced_accuracy: 0.457143
EPOCH 68:
VALIDATION
valid epoch balanced_accuracy: 0.500000
EARLY STOPPING: rolling validation balanced accuracy did not improve for 60 epochs and validation loss increased over the same window.
accuracy: 0.666667
sensitivity: 0.898990
precision: 0.640288
specificity: 0.382716
IoU: 0.597315
FAR: 0.617284
F1: 0.747899
balanced_accuracy: 0.640853
loss: 0.623540
