Waiting for exclusive access to GPU GPU-d5bb7f78-734e-955a-e73d-007c399f84e6.
=== GROUP: START | VARIANT: no_post_sa_mlp_3mlp_lipid_isomers | SEED: 1 | GPU: Tesla V100-SXM2-32GB ===

number of parameters : 1403982
train : (1088, 12)
valid : (122, 12)
test : (121, 12)
class weights : [1.0225564241409302, 0.9784172773361206]
data extracted
EPOCH 1:
VALIDATION
valid epoch balanced_accuracy: 0.500000
EPOCH 2:
VALIDATION
valid epoch balanced_accuracy: 0.568072
EPOCH 3:
VALIDATION
valid epoch balanced_accuracy: 0.541722
EPOCH 4:
VALIDATION
valid epoch balanced_accuracy: 0.525033
EPOCH 5:
VALIDATION
valid epoch balanced_accuracy: 0.535134
EPOCH 6:
VALIDATION
valid epoch balanced_accuracy: 0.620114
EPOCH 7:
VALIDATION
valid epoch balanced_accuracy: 0.584761
EPOCH 8:
VALIDATION
valid epoch balanced_accuracy: 0.611989
EPOCH 9:
VALIDATION
valid epoch balanced_accuracy: 0.616601
EPOCH 10:
VALIDATION
valid epoch balanced_accuracy: 0.615064
EPOCH 11:
VALIDATION
valid epoch balanced_accuracy: 0.591348
EPOCH 12:
VALIDATION
valid epoch balanced_accuracy: 0.601449
EPOCH 13:
VALIDATION
valid epoch balanced_accuracy: 0.597936
EPOCH 14:
VALIDATION
valid epoch balanced_accuracy: 0.572025
EPOCH 15:
VALIDATION
valid epoch balanced_accuracy: 0.591787
EPOCH 16:
VALIDATION
valid epoch balanced_accuracy: 0.591787
EPOCH 17:
VALIDATION
valid epoch balanced_accuracy: 0.576636
EPOCH 18:
VALIDATION
valid epoch balanced_accuracy: 0.604963
EPOCH 19:
VALIDATION
valid epoch balanced_accuracy: 0.610013
EPOCH 20:
VALIDATION
valid epoch balanced_accuracy: 0.630654
EPOCH 21:
VALIDATION
valid epoch balanced_accuracy: 0.613966
EPOCH 22:
VALIDATION
valid epoch balanced_accuracy: 0.606939
EPOCH 23:
VALIDATION
valid epoch balanced_accuracy: 0.605402
EPOCH 24:
VALIDATION
valid epoch balanced_accuracy: 0.643390
EPOCH 25:
VALIDATION
valid epoch balanced_accuracy: 0.601888
EPOCH 26:
VALIDATION
valid epoch balanced_accuracy: 0.616601
EPOCH 27:
VALIDATION
valid epoch balanced_accuracy: 0.581686
EPOCH 28:
VALIDATION
valid epoch balanced_accuracy: 0.611989
EPOCH 29:
VALIDATION
valid epoch balanced_accuracy: 0.646904
EPOCH 30:
VALIDATION
valid epoch balanced_accuracy: 0.625165
EPOCH 31:
VALIDATION
valid epoch balanced_accuracy: 0.650417
EPOCH 32:
VALIDATION
valid epoch balanced_accuracy: 0.630654
EPOCH 33:
VALIDATION
valid epoch balanced_accuracy: 0.613527
EPOCH 34:
VALIDATION
valid epoch balanced_accuracy: 0.613527
EPOCH 35:
VALIDATION
valid epoch balanced_accuracy: 0.640316
EPOCH 36:
VALIDATION
valid epoch balanced_accuracy: 0.591348
EPOCH 37:
VALIDATION
valid epoch balanced_accuracy: 0.655468
EPOCH 38:
VALIDATION
valid epoch balanced_accuracy: 0.623628
EPOCH 39:
VALIDATION
valid epoch balanced_accuracy: 0.631752
EPOCH 40:
VALIDATION
valid epoch balanced_accuracy: 0.670619
EPOCH 41:
VALIDATION
valid epoch balanced_accuracy: 0.626702
EPOCH 42:
VALIDATION
valid epoch balanced_accuracy: 0.592885
EPOCH 43:
VALIDATION
valid epoch balanced_accuracy: 0.626702
EPOCH 44:
VALIDATION
valid epoch balanced_accuracy: 0.647343
EPOCH 45:
VALIDATION
valid epoch balanced_accuracy: 0.658981
EPOCH 46:
VALIDATION
valid epoch balanced_accuracy: 0.670619
EPOCH 47:
VALIDATION
valid epoch balanced_accuracy: 0.679183
EPOCH 48:
VALIDATION
valid epoch balanced_accuracy: 0.650856
EPOCH 49:
VALIDATION
valid epoch balanced_accuracy: 0.675670
EPOCH 50:
VALIDATION
valid epoch balanced_accuracy: 0.664032
EPOCH 51:
VALIDATION
valid epoch balanced_accuracy: 0.670619
EPOCH 52:
VALIDATION
valid epoch balanced_accuracy: 0.657005
EPOCH 53:
VALIDATION
valid epoch balanced_accuracy: 0.670619
EPOCH 54:
VALIDATION
valid epoch balanced_accuracy: 0.655468
EPOCH 55:
VALIDATION
valid epoch balanced_accuracy: 0.655468
EPOCH 56:
VALIDATION
valid epoch balanced_accuracy: 0.611550
EPOCH 57:
VALIDATION
valid epoch balanced_accuracy: 0.631752
EPOCH 58:
VALIDATION
valid epoch balanced_accuracy: 0.651954
EPOCH 59:
VALIDATION
valid epoch balanced_accuracy: 0.662495
EPOCH 60:
VALIDATION
valid epoch balanced_accuracy: 0.653931
EPOCH 61:
VALIDATION
valid epoch balanced_accuracy: 0.679183
EPOCH 62:
VALIDATION
valid epoch balanced_accuracy: 0.645367
EPOCH 63:
VALIDATION
valid epoch balanced_accuracy: 0.570048
EPOCH 64:
VALIDATION
valid epoch balanced_accuracy: 0.632631
EPOCH 65:
VALIDATION
valid epoch balanced_accuracy: 0.618577
EPOCH 66:
VALIDATION
valid epoch balanced_accuracy: 0.660518
EPOCH 67:
VALIDATION
valid epoch balanced_accuracy: 0.665569
EPOCH 68:
VALIDATION
valid epoch balanced_accuracy: 0.692358
EPOCH 69:
VALIDATION
valid epoch balanced_accuracy: 0.667106
EPOCH 70:
VALIDATION
valid epoch balanced_accuracy: 0.642292
EPOCH 71:
VALIDATION
valid epoch balanced_accuracy: 0.667106
EPOCH 72:
VALIDATION
valid epoch balanced_accuracy: 0.641853
EPOCH 73:
VALIDATION
valid epoch balanced_accuracy: 0.672156
EPOCH 74:
VALIDATION
valid epoch balanced_accuracy: 0.641853
EPOCH 75:
VALIDATION
valid epoch balanced_accuracy: 0.657444
EPOCH 76:
VALIDATION
valid epoch balanced_accuracy: 0.665569
EPOCH 77:
VALIDATION
valid epoch balanced_accuracy: 0.658981
EPOCH 78:
VALIDATION
valid epoch balanced_accuracy: 0.645367
EPOCH 79:
VALIDATION
valid epoch balanced_accuracy: 0.662055
EPOCH 80:
VALIDATION
valid epoch balanced_accuracy: 0.685771
EPOCH 81:
VALIDATION
valid epoch balanced_accuracy: 0.643830
EPOCH 82:
VALIDATION
valid epoch balanced_accuracy: 0.657005
EPOCH 83:
VALIDATION
valid epoch balanced_accuracy: 0.635266
EPOCH 84:
VALIDATION
valid epoch balanced_accuracy: 0.665569
EPOCH 85:
VALIDATION
valid epoch balanced_accuracy: 0.657005
EPOCH 86:
VALIDATION
valid epoch balanced_accuracy: 0.648880
EPOCH 87:
VALIDATION
valid epoch balanced_accuracy: 0.655468
EPOCH 88:
VALIDATION
valid epoch balanced_accuracy: 0.657005
EPOCH 89:
VALIDATION
valid epoch balanced_accuracy: 0.677207
EPOCH 90:
VALIDATION
valid epoch balanced_accuracy: 0.667545
EPOCH 91:
VALIDATION
valid epoch balanced_accuracy: 0.662495
EPOCH 92:
VALIDATION
valid epoch balanced_accuracy: 0.687308
EPOCH 93:
VALIDATION
valid epoch balanced_accuracy: 0.665569
EPOCH 94:
VALIDATION
valid epoch balanced_accuracy: 0.670619
EPOCH 95:
VALIDATION
valid epoch balanced_accuracy: 0.660518
EPOCH 96:
VALIDATION
valid epoch balanced_accuracy: 0.667106
EPOCH 97:
VALIDATION
valid epoch balanced_accuracy: 0.684234
EPOCH 98:
VALIDATION
valid epoch balanced_accuracy: 0.716074
EPOCH 99:
VALIDATION
valid epoch balanced_accuracy: 0.653931
EPOCH 100:
VALIDATION
valid epoch balanced_accuracy: 0.657444
EPOCH 101:
VALIDATION
valid epoch balanced_accuracy: 0.645806
EPOCH 102:
VALIDATION
valid epoch balanced_accuracy: 0.662495
EPOCH 103:
VALIDATION
valid epoch balanced_accuracy: 0.621651
EPOCH 104:
VALIDATION
valid epoch balanced_accuracy: 0.669082
EPOCH 105:
VALIDATION
valid epoch balanced_accuracy: 0.675670
EPOCH 106:
VALIDATION
valid epoch balanced_accuracy: 0.642292
EPOCH 107:
VALIDATION
valid epoch balanced_accuracy: 0.647343
EPOCH 108:
VALIDATION
valid epoch balanced_accuracy: 0.647343
EPOCH 109:
VALIDATION
valid epoch balanced_accuracy: 0.653931
EPOCH 110:
VALIDATION
valid epoch balanced_accuracy: 0.637242
EPOCH 111:
VALIDATION
valid epoch balanced_accuracy: 0.642292
EPOCH 112:
VALIDATION
valid epoch balanced_accuracy: 0.642292
EPOCH 113:
VALIDATION
valid epoch balanced_accuracy: 0.637242
EPOCH 114:
VALIDATION
valid epoch balanced_accuracy: 0.647343
EPOCH 115:
VALIDATION
valid epoch balanced_accuracy: 0.647343
EPOCH 116:
VALIDATION
valid epoch balanced_accuracy: 0.647343
EPOCH 117:
VALIDATION
valid epoch balanced_accuracy: 0.637242
EPOCH 118:
VALIDATION
valid epoch balanced_accuracy: 0.652394
EPOCH 119:
VALIDATION
valid epoch balanced_accuracy: 0.642292
EPOCH 120:
VALIDATION
valid epoch balanced_accuracy: 0.645806
EPOCH 121:
VALIDATION
valid epoch balanced_accuracy: 0.647343
EPOCH 122:
VALIDATION
valid epoch balanced_accuracy: 0.652394
EPOCH 123:
VALIDATION
valid epoch balanced_accuracy: 0.642292
EPOCH 124:
VALIDATION
valid epoch balanced_accuracy: 0.652394
EPOCH 125:
VALIDATION
valid epoch balanced_accuracy: 0.642292
EPOCH 126:
VALIDATION
valid epoch balanced_accuracy: 0.647343
EPOCH 127:
VALIDATION
valid epoch balanced_accuracy: 0.642292
EPOCH 128:
VALIDATION
valid epoch balanced_accuracy: 0.652394
EPOCH 129:
VALIDATION
valid epoch balanced_accuracy: 0.637242
EPOCH 130:
VALIDATION
valid epoch balanced_accuracy: 0.652394
EPOCH 131:
VALIDATION
valid epoch balanced_accuracy: 0.657444
EPOCH 132:
VALIDATION
valid epoch balanced_accuracy: 0.647343
EPOCH 133:
VALIDATION
valid epoch balanced_accuracy: 0.652394
EPOCH 134:
VALIDATION
valid epoch balanced_accuracy: 0.670619
EPOCH 135:
VALIDATION
valid epoch balanced_accuracy: 0.647343
EPOCH 136:
VALIDATION
valid epoch balanced_accuracy: 0.655907
EPOCH 137:
VALIDATION
valid epoch balanced_accuracy: 0.648880
EPOCH 138:
VALIDATION
valid epoch balanced_accuracy: 0.630654
EPOCH 139:
VALIDATION
valid epoch balanced_accuracy: 0.635705
EPOCH 140:
VALIDATION
valid epoch balanced_accuracy: 0.647343
EPOCH 141:
VALIDATION
valid epoch balanced_accuracy: 0.670619
EPOCH 142:
VALIDATION
valid epoch balanced_accuracy: 0.630654
EPOCH 143:
VALIDATION
valid epoch balanced_accuracy: 0.625604
EPOCH 144:
VALIDATION
valid epoch balanced_accuracy: 0.647343
EPOCH 145:
VALIDATION
valid epoch balanced_accuracy: 0.647343
EPOCH 146:
VALIDATION
valid epoch balanced_accuracy: 0.636803
EPOCH 147:
VALIDATION
valid epoch balanced_accuracy: 0.691700
EPOCH 148:
VALIDATION
valid epoch balanced_accuracy: 0.645806
EPOCH 149:
VALIDATION
valid epoch balanced_accuracy: 0.704436
EPOCH 150:
VALIDATION
valid epoch balanced_accuracy: 0.672156
accuracy: 0.561983
sensitivity: 0.495050
precision: 0.961538
specificity: 0.900000
IoU: 0.485437
FAR: 0.100000
F1: 0.653595
balanced_accuracy: 0.697525
loss: 1.544664
