
number of parameters : 1403984
train : (970, 12)
valid : (180, 12)
test : (181, 12)
class weights : [1.1602870225906372, 0.8786231875419617]
data extracted
EPOCH 1:
VALIDATION
valid epoch balanced_accuracy: 0.500000
EPOCH 2:
VALIDATION
valid epoch balanced_accuracy: 0.529524
EPOCH 3:
VALIDATION
valid epoch balanced_accuracy: 0.694286
EPOCH 4:
VALIDATION
valid epoch balanced_accuracy: 0.526667
EPOCH 5:
VALIDATION
valid epoch balanced_accuracy: 0.586667
EPOCH 6:
VALIDATION
valid epoch balanced_accuracy: 0.670476
EPOCH 7:
VALIDATION
valid epoch balanced_accuracy: 0.640000
EPOCH 8:
VALIDATION
valid epoch balanced_accuracy: 0.610476
EPOCH 9:
VALIDATION
valid epoch balanced_accuracy: 0.601905
EPOCH 10:
VALIDATION
valid epoch balanced_accuracy: 0.515238
EPOCH 11:
VALIDATION
valid epoch balanced_accuracy: 0.614286
EPOCH 12:
VALIDATION
valid epoch balanced_accuracy: 0.651429
EPOCH 13:
VALIDATION
valid epoch balanced_accuracy: 0.426667
EPOCH 14:
VALIDATION
valid epoch balanced_accuracy: 0.667619
EPOCH 15:
VALIDATION
valid epoch balanced_accuracy: 0.542857
EPOCH 16:
VALIDATION
valid epoch balanced_accuracy: 0.689524
EPOCH 17:
VALIDATION
valid epoch balanced_accuracy: 0.533333
EPOCH 18:
VALIDATION
valid epoch balanced_accuracy: 0.545714
EPOCH 19:
VALIDATION
valid epoch balanced_accuracy: 0.630476
EPOCH 20:
VALIDATION
valid epoch balanced_accuracy: 0.615238
EPOCH 21:
VALIDATION
valid epoch balanced_accuracy: 0.418095
EPOCH 22:
VALIDATION
valid epoch balanced_accuracy: 0.666667
EPOCH 23:
VALIDATION
valid epoch balanced_accuracy: 0.640952
EPOCH 24:
VALIDATION
valid epoch balanced_accuracy: 0.657143
EPOCH 25:
VALIDATION
valid epoch balanced_accuracy: 0.617143
EPOCH 26:
VALIDATION
valid epoch balanced_accuracy: 0.700000
EPOCH 27:
VALIDATION
valid epoch balanced_accuracy: 0.459048
EPOCH 28:
VALIDATION
valid epoch balanced_accuracy: 0.518095
EPOCH 29:
VALIDATION
valid epoch balanced_accuracy: 0.534286
EPOCH 30:
VALIDATION
valid epoch balanced_accuracy: 0.675238
EPOCH 31:
VALIDATION
valid epoch balanced_accuracy: 0.574286
EPOCH 32:
VALIDATION
valid epoch balanced_accuracy: 0.635238
EPOCH 33:
VALIDATION
valid epoch balanced_accuracy: 0.547619
EPOCH 34:
VALIDATION
valid epoch balanced_accuracy: 0.539048
EPOCH 35:
VALIDATION
valid epoch balanced_accuracy: 0.409524
EPOCH 36:
VALIDATION
valid epoch balanced_accuracy: 0.578095
EPOCH 37:
VALIDATION
valid epoch balanced_accuracy: 0.585714
EPOCH 38:
VALIDATION
valid epoch balanced_accuracy: 0.535238
EPOCH 39:
VALIDATION
valid epoch balanced_accuracy: 0.468571
EPOCH 40:
VALIDATION
valid epoch balanced_accuracy: 0.482857
EPOCH 41:
VALIDATION
valid epoch balanced_accuracy: 0.544762
EPOCH 42:
VALIDATION
valid epoch balanced_accuracy: 0.492381
EPOCH 43:
VALIDATION
valid epoch balanced_accuracy: 0.561905
EPOCH 44:
VALIDATION
valid epoch balanced_accuracy: 0.590476
EPOCH 45:
VALIDATION
valid epoch balanced_accuracy: 0.524762
EPOCH 46:
VALIDATION
valid epoch balanced_accuracy: 0.469524
EPOCH 47:
VALIDATION
valid epoch balanced_accuracy: 0.535238
EPOCH 48:
VALIDATION
valid epoch balanced_accuracy: 0.547619
EPOCH 49:
VALIDATION
valid epoch balanced_accuracy: 0.581905
EPOCH 50:
VALIDATION
valid epoch balanced_accuracy: 0.533333
EPOCH 51:
VALIDATION
valid epoch balanced_accuracy: 0.516190
EPOCH 52:
VALIDATION
valid epoch balanced_accuracy: 0.600000
EPOCH 53:
VALIDATION
valid epoch balanced_accuracy: 0.518095
EPOCH 54:
VALIDATION
valid epoch balanced_accuracy: 0.548571
EPOCH 55:
VALIDATION
valid epoch balanced_accuracy: 0.502857
EPOCH 56:
VALIDATION
valid epoch balanced_accuracy: 0.518095
EPOCH 57:
VALIDATION
valid epoch balanced_accuracy: 0.483810
EPOCH 58:
VALIDATION
valid epoch balanced_accuracy: 0.536190
EPOCH 59:
VALIDATION
valid epoch balanced_accuracy: 0.498095
EPOCH 60:
VALIDATION
valid epoch balanced_accuracy: 0.536190
EPOCH 61:
VALIDATION
valid epoch balanced_accuracy: 0.508571
EPOCH 62:
VALIDATION
valid epoch balanced_accuracy: 0.440952
EPOCH 63:
VALIDATION
valid epoch balanced_accuracy: 0.505714
EPOCH 64:
VALIDATION
valid epoch balanced_accuracy: 0.494286
EPOCH 65:
VALIDATION
valid epoch balanced_accuracy: 0.472381
EPOCH 66:
VALIDATION
valid epoch balanced_accuracy: 0.532381
EPOCH 67:
VALIDATION
valid epoch balanced_accuracy: 0.473333
EPOCH 68:
VALIDATION
valid epoch balanced_accuracy: 0.586667
EPOCH 69:
VALIDATION
valid epoch balanced_accuracy: 0.496190
EPOCH 70:
VALIDATION
valid epoch balanced_accuracy: 0.554286
EPOCH 71:
VALIDATION
valid epoch balanced_accuracy: 0.520952
EPOCH 72:
VALIDATION
valid epoch balanced_accuracy: 0.533333
EPOCH 73:
VALIDATION
valid epoch balanced_accuracy: 0.551429
EPOCH 74:
VALIDATION
valid epoch balanced_accuracy: 0.482857
EPOCH 75:
VALIDATION
valid epoch balanced_accuracy: 0.487619
EPOCH 76:
VALIDATION
valid epoch balanced_accuracy: 0.482857
EPOCH 77:
VALIDATION
valid epoch balanced_accuracy: 0.480000
EPOCH 78:
VALIDATION
valid epoch balanced_accuracy: 0.487619
EPOCH 79:
VALIDATION
valid epoch balanced_accuracy: 0.520952
EPOCH 80:
VALIDATION
valid epoch balanced_accuracy: 0.454286
EPOCH 81:
VALIDATION
valid epoch balanced_accuracy: 0.432381
EPOCH 82:
VALIDATION
valid epoch balanced_accuracy: 0.493333
EPOCH 83:
VALIDATION
valid epoch balanced_accuracy: 0.563810
EPOCH 84:
VALIDATION
valid epoch balanced_accuracy: 0.480952
EPOCH 85:
VALIDATION
valid epoch balanced_accuracy: 0.466667
EPOCH 86:
VALIDATION
valid epoch balanced_accuracy: 0.479048
EPOCH 87:
VALIDATION
valid epoch balanced_accuracy: 0.524762
EPOCH 88:
VALIDATION
valid epoch balanced_accuracy: 0.481905
EPOCH 89:
VALIDATION
valid epoch balanced_accuracy: 0.543810
EPOCH 90:
VALIDATION
valid epoch balanced_accuracy: 0.472381
EPOCH 91:
VALIDATION
valid epoch balanced_accuracy: 0.518095
EPOCH 92:
VALIDATION
valid epoch balanced_accuracy: 0.480952
EPOCH 93:
VALIDATION
valid epoch balanced_accuracy: 0.434286
EPOCH 94:
VALIDATION
valid epoch balanced_accuracy: 0.455238
EPOCH 95:
VALIDATION
valid epoch balanced_accuracy: 0.500952
EPOCH 96:
VALIDATION
valid epoch balanced_accuracy: 0.480952
EPOCH 97:
VALIDATION
valid epoch balanced_accuracy: 0.463810
EPOCH 98:
VALIDATION
valid epoch balanced_accuracy: 0.496190
EPOCH 99:
VALIDATION
valid epoch balanced_accuracy: 0.486667
EPOCH 100:
VALIDATION
valid epoch balanced_accuracy: 0.500952
EPOCH 101:
VALIDATION
valid epoch balanced_accuracy: 0.520952
EPOCH 102:
VALIDATION
valid epoch balanced_accuracy: 0.496190
EPOCH 103:
VALIDATION
valid epoch balanced_accuracy: 0.505714
EPOCH 104:
VALIDATION
valid epoch balanced_accuracy: 0.482857
EPOCH 105:
VALIDATION
valid epoch balanced_accuracy: 0.540000
EPOCH 106:
VALIDATION
valid epoch balanced_accuracy: 0.521905
EPOCH 107:
VALIDATION
valid epoch balanced_accuracy: 0.510476
EPOCH 108:
VALIDATION
valid epoch balanced_accuracy: 0.482857
EPOCH 109:
VALIDATION
valid epoch balanced_accuracy: 0.567619
EPOCH 110:
VALIDATION
valid epoch balanced_accuracy: 0.536190
EPOCH 111:
VALIDATION
valid epoch balanced_accuracy: 0.504762
EPOCH 112:
VALIDATION
valid epoch balanced_accuracy: 0.449524
EPOCH 113:
VALIDATION
valid epoch balanced_accuracy: 0.516190
EPOCH 114:
VALIDATION
valid epoch balanced_accuracy: 0.468571
EPOCH 115:
VALIDATION
valid epoch balanced_accuracy: 0.510476
EPOCH 116:
VALIDATION
valid epoch balanced_accuracy: 0.571429
EPOCH 117:
VALIDATION
valid epoch balanced_accuracy: 0.557143
EPOCH 118:
VALIDATION
valid epoch balanced_accuracy: 0.540952
EPOCH 119:
VALIDATION
valid epoch balanced_accuracy: 0.518095
EPOCH 120:
VALIDATION
valid epoch balanced_accuracy: 0.550476
EPOCH 121:
VALIDATION
valid epoch balanced_accuracy: 0.531429
EPOCH 122:
VALIDATION
valid epoch balanced_accuracy: 0.540952
EPOCH 123:
VALIDATION
valid epoch balanced_accuracy: 0.540952
EPOCH 124:
VALIDATION
valid epoch balanced_accuracy: 0.531429
EPOCH 125:
VALIDATION
valid epoch balanced_accuracy: 0.547619
EPOCH 126:
VALIDATION
valid epoch balanced_accuracy: 0.547619
EPOCH 127:
VALIDATION
valid epoch balanced_accuracy: 0.550476
EPOCH 128:
VALIDATION
valid epoch balanced_accuracy: 0.507619
EPOCH 129:
VALIDATION
valid epoch balanced_accuracy: 0.462857
EPOCH 130:
VALIDATION
valid epoch balanced_accuracy: 0.479048
EPOCH 131:
VALIDATION
valid epoch balanced_accuracy: 0.510476
EPOCH 132:
VALIDATION
valid epoch balanced_accuracy: 0.489524
EPOCH 133:
VALIDATION
valid epoch balanced_accuracy: 0.477143
EPOCH 134:
VALIDATION
valid epoch balanced_accuracy: 0.499048
EPOCH 135:
VALIDATION
valid epoch balanced_accuracy: 0.487619
EPOCH 136:
VALIDATION
valid epoch balanced_accuracy: 0.487619
EPOCH 137:
VALIDATION
valid epoch balanced_accuracy: 0.505714
EPOCH 138:
VALIDATION
valid epoch balanced_accuracy: 0.506667
EPOCH 139:
VALIDATION
valid epoch balanced_accuracy: 0.499048
EPOCH 140:
VALIDATION
valid epoch balanced_accuracy: 0.495238
EPOCH 141:
VALIDATION
valid epoch balanced_accuracy: 0.500952
EPOCH 142:
VALIDATION
valid epoch balanced_accuracy: 0.496190
EPOCH 143:
VALIDATION
valid epoch balanced_accuracy: 0.498095
EPOCH 144:
VALIDATION
valid epoch balanced_accuracy: 0.496190
EPOCH 145:
VALIDATION
valid epoch balanced_accuracy: 0.486667
EPOCH 146:
VALIDATION
valid epoch balanced_accuracy: 0.496190
EPOCH 147:
VALIDATION
valid epoch balanced_accuracy: 0.500952
EPOCH 148:
VALIDATION
valid epoch balanced_accuracy: 0.503810
EPOCH 149:
VALIDATION
valid epoch balanced_accuracy: 0.505714
EPOCH 150:
VALIDATION
valid epoch balanced_accuracy: 0.500952
accuracy: 0.618785
sensitivity: 0.707071
precision: 0.636364
specificity: 0.512195
IoU: 0.503597
FAR: 0.487805
F1: 0.669856
balanced_accuracy: 0.609633
loss: 1.050148
