
number of parameters : 1075406
train : (1069, 12)
valid : (131, 12)
test : (131, 12)
class weights : [1.3263027667999268, 0.8025525808334351]
data extracted
EPOCH 1:
VALIDATION
valid epoch balanced_accuracy: 0.487952
EPOCH 2:
VALIDATION
valid epoch balanced_accuracy: 0.465236
EPOCH 3:
VALIDATION
valid epoch balanced_accuracy: 0.506275
EPOCH 4:
VALIDATION
valid epoch balanced_accuracy: 0.515060
EPOCH 5:
VALIDATION
valid epoch balanced_accuracy: 0.531501
EPOCH 6:
VALIDATION
valid epoch balanced_accuracy: 0.553840
EPOCH 7:
VALIDATION
valid epoch balanced_accuracy: 0.511170
EPOCH 8:
VALIDATION
valid epoch balanced_accuracy: 0.553338
EPOCH 9:
VALIDATION
valid epoch balanced_accuracy: 0.558358
EPOCH 10:
VALIDATION
valid epoch balanced_accuracy: 0.525351
EPOCH 11:
VALIDATION
valid epoch balanced_accuracy: 0.630648
EPOCH 12:
VALIDATION
valid epoch balanced_accuracy: 0.618599
EPOCH 13:
VALIDATION
valid epoch balanced_accuracy: 0.593373
EPOCH 14:
VALIDATION
valid epoch balanced_accuracy: 0.605547
EPOCH 15:
VALIDATION
valid epoch balanced_accuracy: 0.582455
EPOCH 16:
VALIDATION
valid epoch balanced_accuracy: 0.589608
EPOCH 17:
VALIDATION
valid epoch balanced_accuracy: 0.567144
EPOCH 18:
VALIDATION
valid epoch balanced_accuracy: 0.625126
EPOCH 19:
VALIDATION
valid epoch balanced_accuracy: 0.592871
EPOCH 20:
VALIDATION
valid epoch balanced_accuracy: 0.636672
EPOCH 21:
VALIDATION
valid epoch balanced_accuracy: 0.603288
EPOCH 22:
VALIDATION
valid epoch balanced_accuracy: 0.612575
EPOCH 23:
VALIDATION
valid epoch balanced_accuracy: 0.593373
EPOCH 24:
VALIDATION
valid epoch balanced_accuracy: 0.620231
EPOCH 25:
VALIDATION
valid epoch balanced_accuracy: 0.597264
EPOCH 26:
VALIDATION
valid epoch balanced_accuracy: 0.585718
EPOCH 27:
VALIDATION
valid epoch balanced_accuracy: 0.627887
EPOCH 28:
VALIDATION
valid epoch balanced_accuracy: 0.624623
EPOCH 29:
VALIDATION
valid epoch balanced_accuracy: 0.603163
EPOCH 30:
VALIDATION
valid epoch balanced_accuracy: 0.638931
EPOCH 31:
VALIDATION
valid epoch balanced_accuracy: 0.625753
EPOCH 32:
VALIDATION
valid epoch balanced_accuracy: 0.603790
EPOCH 33:
VALIDATION
valid epoch balanced_accuracy: 0.610944
EPOCH 34:
VALIDATION
valid epoch balanced_accuracy: 0.637299
EPOCH 35:
VALIDATION
valid epoch balanced_accuracy: 0.573670
EPOCH 36:
VALIDATION
valid epoch balanced_accuracy: 0.605422
EPOCH 37:
VALIDATION
valid epoch balanced_accuracy: 0.579694
EPOCH 38:
VALIDATION
valid epoch balanced_accuracy: 0.605422
EPOCH 39:
VALIDATION
valid epoch balanced_accuracy: 0.596135
EPOCH 40:
VALIDATION
valid epoch balanced_accuracy: 0.596637
EPOCH 41:
VALIDATION
valid epoch balanced_accuracy: 0.590110
EPOCH 42:
VALIDATION
valid epoch balanced_accuracy: 0.602159
EPOCH 43:
VALIDATION
valid epoch balanced_accuracy: 0.614207
EPOCH 44:
VALIDATION
valid epoch balanced_accuracy: 0.615336
EPOCH 45:
VALIDATION
valid epoch balanced_accuracy: 0.627385
EPOCH 46:
VALIDATION
valid epoch balanced_accuracy: 0.614207
EPOCH 47:
VALIDATION
valid epoch balanced_accuracy: 0.604920
EPOCH 48:
VALIDATION
valid epoch balanced_accuracy: 0.596135
EPOCH 49:
VALIDATION
valid epoch balanced_accuracy: 0.617470
EPOCH 50:
VALIDATION
valid epoch balanced_accuracy: 0.600527
EPOCH 51:
VALIDATION
valid epoch balanced_accuracy: 0.606551
EPOCH 52:
VALIDATION
valid epoch balanced_accuracy: 0.603790
EPOCH 53:
VALIDATION
valid epoch balanced_accuracy: 0.595005
EPOCH 54:
VALIDATION
valid epoch balanced_accuracy: 0.591742
EPOCH 55:
VALIDATION
valid epoch balanced_accuracy: 0.587349
EPOCH 56:
VALIDATION
valid epoch balanced_accuracy: 0.630648
EPOCH 57:
VALIDATION
valid epoch balanced_accuracy: 0.568148
EPOCH 58:
VALIDATION
valid epoch balanced_accuracy: 0.626255
EPOCH 59:
VALIDATION
valid epoch balanced_accuracy: 0.591742
EPOCH 60:
VALIDATION
valid epoch balanced_accuracy: 0.597766
EPOCH 61:
VALIDATION
valid epoch balanced_accuracy: 0.616968
EPOCH 62:
VALIDATION
valid epoch balanced_accuracy: 0.596135
EPOCH 63:
VALIDATION
valid epoch balanced_accuracy: 0.598896
EPOCH 64:
VALIDATION
valid epoch balanced_accuracy: 0.639433
EPOCH 65:
VALIDATION
valid epoch balanced_accuracy: 0.636170
EPOCH 66:
VALIDATION
valid epoch balanced_accuracy: 0.615336
EPOCH 67:
VALIDATION
valid epoch balanced_accuracy: 0.616968
EPOCH 68:
VALIDATION
valid epoch balanced_accuracy: 0.641064
EPOCH 69:
VALIDATION
valid epoch balanced_accuracy: 0.644327
EPOCH 70:
VALIDATION
valid epoch balanced_accuracy: 0.630648
EPOCH 71:
VALIDATION
valid epoch balanced_accuracy: 0.622992
EPOCH 72:
VALIDATION
valid epoch balanced_accuracy: 0.603790
EPOCH 73:
VALIDATION
valid epoch balanced_accuracy: 0.621360
EPOCH 74:
VALIDATION
valid epoch balanced_accuracy: 0.623494
EPOCH 75:
VALIDATION
valid epoch balanced_accuracy: 0.641064
EPOCH 76:
VALIDATION
valid epoch balanced_accuracy: 0.610944
EPOCH 77:
VALIDATION
valid epoch balanced_accuracy: 0.633911
EPOCH 78:
VALIDATION
valid epoch balanced_accuracy: 0.614207
EPOCH 79:
VALIDATION
valid epoch balanced_accuracy: 0.620231
EPOCH 80:
VALIDATION
valid epoch balanced_accuracy: 0.607053
EPOCH 81:
VALIDATION
valid epoch balanced_accuracy: 0.606551
EPOCH 82:
VALIDATION
valid epoch balanced_accuracy: 0.609814
EPOCH 83:
VALIDATION
valid epoch balanced_accuracy: 0.610944
EPOCH 84:
VALIDATION
valid epoch balanced_accuracy: 0.612575
EPOCH 85:
VALIDATION
valid epoch balanced_accuracy: 0.624623
EPOCH 86:
VALIDATION
valid epoch balanced_accuracy: 0.632279
EPOCH 87:
VALIDATION
valid epoch balanced_accuracy: 0.610944
EPOCH 88:
VALIDATION
valid epoch balanced_accuracy: 0.614207
EPOCH 89:
VALIDATION
valid epoch balanced_accuracy: 0.622992
EPOCH 90:
VALIDATION
valid epoch balanced_accuracy: 0.602159
EPOCH 91:
VALIDATION
valid epoch balanced_accuracy: 0.608183
EPOCH 92:
VALIDATION
valid epoch balanced_accuracy: 0.612575
EPOCH 93:
VALIDATION
valid epoch balanced_accuracy: 0.622992
EPOCH 94:
VALIDATION
valid epoch balanced_accuracy: 0.647088
EPOCH 95:
VALIDATION
valid epoch balanced_accuracy: 0.627887
EPOCH 96:
VALIDATION
valid epoch balanced_accuracy: 0.627385
EPOCH 97:
VALIDATION
valid epoch balanced_accuracy: 0.608183
EPOCH 98:
VALIDATION
valid epoch balanced_accuracy: 0.653112
EPOCH 99:
VALIDATION
valid epoch balanced_accuracy: 0.630648
EPOCH 100:
VALIDATION
valid epoch balanced_accuracy: 0.673444
EPOCH 101:
VALIDATION
valid epoch balanced_accuracy: 0.581827
EPOCH 102:
VALIDATION
valid epoch balanced_accuracy: 0.599398
EPOCH 103:
VALIDATION
valid epoch balanced_accuracy: 0.648845
EPOCH 104:
VALIDATION
valid epoch balanced_accuracy: 0.624623
EPOCH 105:
VALIDATION
valid epoch balanced_accuracy: 0.615838
EPOCH 106:
VALIDATION
valid epoch balanced_accuracy: 0.622992
EPOCH 107:
VALIDATION
valid epoch balanced_accuracy: 0.616968
EPOCH 108:
VALIDATION
valid epoch balanced_accuracy: 0.579694
EPOCH 109:
VALIDATION
valid epoch balanced_accuracy: 0.614207
EPOCH 110:
VALIDATION
valid epoch balanced_accuracy: 0.612575
EPOCH 111:
VALIDATION
valid epoch balanced_accuracy: 0.621360
EPOCH 112:
VALIDATION
valid epoch balanced_accuracy: 0.620231
EPOCH 113:
VALIDATION
valid epoch balanced_accuracy: 0.618599
EPOCH 114:
VALIDATION
valid epoch balanced_accuracy: 0.620231
EPOCH 115:
VALIDATION
valid epoch balanced_accuracy: 0.616968
EPOCH 116:
VALIDATION
valid epoch balanced_accuracy: 0.632279
EPOCH 117:
VALIDATION
valid epoch balanced_accuracy: 0.632279
EPOCH 118:
VALIDATION
valid epoch balanced_accuracy: 0.644327
EPOCH 119:
VALIDATION
valid epoch balanced_accuracy: 0.626255
EPOCH 120:
VALIDATION
valid epoch balanced_accuracy: 0.647088
EPOCH 121:
VALIDATION
valid epoch balanced_accuracy: 0.612575
EPOCH 122:
VALIDATION
valid epoch balanced_accuracy: 0.626255
EPOCH 123:
VALIDATION
valid epoch balanced_accuracy: 0.638303
EPOCH 124:
VALIDATION
valid epoch balanced_accuracy: 0.621862
EPOCH 125:
VALIDATION
valid epoch balanced_accuracy: 0.631777
EPOCH 126:
VALIDATION
valid epoch balanced_accuracy: 0.612575
EPOCH 127:
VALIDATION
valid epoch balanced_accuracy: 0.648720
EPOCH 128:
VALIDATION
valid epoch balanced_accuracy: 0.612575
EPOCH 129:
VALIDATION
valid epoch balanced_accuracy: 0.635040
EPOCH 130:
VALIDATION
valid epoch balanced_accuracy: 0.644327
EPOCH 131:
VALIDATION
valid epoch balanced_accuracy: 0.639433
EPOCH 132:
VALIDATION
valid epoch balanced_accuracy: 0.618599
EPOCH 133:
VALIDATION
valid epoch balanced_accuracy: 0.638303
EPOCH 134:
VALIDATION
valid epoch balanced_accuracy: 0.622992
EPOCH 135:
VALIDATION
valid epoch balanced_accuracy: 0.624623
EPOCH 136:
VALIDATION
valid epoch balanced_accuracy: 0.639935
EPOCH 137:
VALIDATION
valid epoch balanced_accuracy: 0.639935
EPOCH 138:
VALIDATION
valid epoch balanced_accuracy: 0.632279
EPOCH 139:
VALIDATION
valid epoch balanced_accuracy: 0.606551
EPOCH 140:
VALIDATION
valid epoch balanced_accuracy: 0.624623
EPOCH 141:
VALIDATION
valid epoch balanced_accuracy: 0.629016
EPOCH 142:
VALIDATION
valid epoch balanced_accuracy: 0.653112
EPOCH 143:
VALIDATION
valid epoch balanced_accuracy: 0.632279
EPOCH 144:
VALIDATION
valid epoch balanced_accuracy: 0.642696
EPOCH 145:
VALIDATION
valid epoch balanced_accuracy: 0.630648
EPOCH 146:
VALIDATION
valid epoch balanced_accuracy: 0.648720
EPOCH 147:
VALIDATION
valid epoch balanced_accuracy: 0.635040
EPOCH 148:
VALIDATION
valid epoch balanced_accuracy: 0.629016
EPOCH 149:
VALIDATION
valid epoch balanced_accuracy: 0.644327
EPOCH 150:
VALIDATION
valid epoch balanced_accuracy: 0.639433
accuracy: 0.709924
sensitivity: 0.428571
precision: 0.562500
specificity: 0.842697
IoU: 0.321429
FAR: 0.157303
F1: 0.486486
balanced_accuracy: 0.635634
loss: 1.514059
