Waiting for exclusive access to GPU GPU-686f887c-83d7-400a-ba3f-d0dab41dcc04.
=== GROUP: lipocalin | VARIANT: lr7e5 | SEED: 0 | LR: 0.00007 | WEIGHT_DECAY: 0 | GPU: Tesla V100-SXM2-32GB ===

number of parameters : 1075406
train : (1059, 12)
valid : (136, 12)
test : (136, 12)
class weights : [1.3473281860351562, 0.795045018196106]
data extracted
EPOCH 1:
VALIDATION
valid epoch balanced_accuracy: 0.510145
EPOCH 2:
VALIDATION
valid epoch balanced_accuracy: 0.550000
EPOCH 3:
VALIDATION
valid epoch balanced_accuracy: 0.546618
EPOCH 4:
VALIDATION
valid epoch balanced_accuracy: 0.539130
EPOCH 5:
VALIDATION
valid epoch balanced_accuracy: 0.532850
EPOCH 6:
VALIDATION
valid epoch balanced_accuracy: 0.500966
EPOCH 7:
VALIDATION
valid epoch balanced_accuracy: 0.529227
EPOCH 8:
VALIDATION
valid epoch balanced_accuracy: 0.461353
EPOCH 9:
VALIDATION
valid epoch balanced_accuracy: 0.529227
EPOCH 10:
VALIDATION
valid epoch balanced_accuracy: 0.545169
EPOCH 11:
VALIDATION
valid epoch balanced_accuracy: 0.523430
EPOCH 12:
VALIDATION
valid epoch balanced_accuracy: 0.510870
EPOCH 13:
VALIDATION
valid epoch balanced_accuracy: 0.528019
EPOCH 14:
VALIDATION
valid epoch balanced_accuracy: 0.523188
EPOCH 15:
VALIDATION
valid epoch balanced_accuracy: 0.534300
EPOCH 16:
VALIDATION
valid epoch balanced_accuracy: 0.544928
EPOCH 17:
VALIDATION
valid epoch balanced_accuracy: 0.551208
EPOCH 18:
VALIDATION
valid epoch balanced_accuracy: 0.572464
EPOCH 19:
VALIDATION
valid epoch balanced_accuracy: 0.584058
EPOCH 20:
VALIDATION
valid epoch balanced_accuracy: 0.550483
EPOCH 21:
VALIDATION
valid epoch balanced_accuracy: 0.594444
EPOCH 22:
VALIDATION
valid epoch balanced_accuracy: 0.545411
EPOCH 23:
VALIDATION
valid epoch balanced_accuracy: 0.557005
EPOCH 24:
VALIDATION
valid epoch balanced_accuracy: 0.584058
EPOCH 25:
VALIDATION
valid epoch balanced_accuracy: 0.549758
EPOCH 26:
VALIDATION
valid epoch balanced_accuracy: 0.512319
EPOCH 27:
VALIDATION
valid epoch balanced_accuracy: 0.528502
EPOCH 28:
VALIDATION
valid epoch balanced_accuracy: 0.529227
EPOCH 29:
VALIDATION
valid epoch balanced_accuracy: 0.556039
EPOCH 30:
VALIDATION
valid epoch balanced_accuracy: 0.501449
EPOCH 31:
VALIDATION
valid epoch balanced_accuracy: 0.510870
EPOCH 32:
VALIDATION
valid epoch balanced_accuracy: 0.584541
EPOCH 33:
VALIDATION
valid epoch balanced_accuracy: 0.491546
EPOCH 34:
VALIDATION
valid epoch balanced_accuracy: 0.544203
EPOCH 35:
VALIDATION
valid epoch balanced_accuracy: 0.582609
EPOCH 36:
VALIDATION
valid epoch balanced_accuracy: 0.539855
EPOCH 37:
VALIDATION
valid epoch balanced_accuracy: 0.549517
EPOCH 38:
VALIDATION
valid epoch balanced_accuracy: 0.549275
EPOCH 39:
VALIDATION
valid epoch balanced_accuracy: 0.577536
EPOCH 40:
VALIDATION
valid epoch balanced_accuracy: 0.610628
EPOCH 41:
VALIDATION
valid epoch balanced_accuracy: 0.545411
EPOCH 42:
VALIDATION
valid epoch balanced_accuracy: 0.528261
EPOCH 43:
VALIDATION
valid epoch balanced_accuracy: 0.605072
EPOCH 44:
VALIDATION
valid epoch balanced_accuracy: 0.533816
EPOCH 45:
VALIDATION
valid epoch balanced_accuracy: 0.561353
EPOCH 46:
VALIDATION
valid epoch balanced_accuracy: 0.524396
EPOCH 47:
VALIDATION
valid epoch balanced_accuracy: 0.522705
EPOCH 48:
VALIDATION
valid epoch balanced_accuracy: 0.507005
EPOCH 49:
VALIDATION
valid epoch balanced_accuracy: 0.484541
EPOCH 50:
VALIDATION
valid epoch balanced_accuracy: 0.512077
EPOCH 51:
VALIDATION
valid epoch balanced_accuracy: 0.528019
EPOCH 52:
VALIDATION
valid epoch balanced_accuracy: 0.479469
EPOCH 53:
VALIDATION
valid epoch balanced_accuracy: 0.489855
EPOCH 54:
VALIDATION
valid epoch balanced_accuracy: 0.480435
EPOCH 55:
VALIDATION
valid epoch balanced_accuracy: 0.555314
EPOCH 56:
VALIDATION
valid epoch balanced_accuracy: 0.496377
EPOCH 57:
VALIDATION
valid epoch balanced_accuracy: 0.490338
EPOCH 58:
VALIDATION
valid epoch balanced_accuracy: 0.501449
EPOCH 59:
VALIDATION
valid epoch balanced_accuracy: 0.550242
EPOCH 60:
VALIDATION
valid epoch balanced_accuracy: 0.518599
EPOCH 61:
VALIDATION
valid epoch balanced_accuracy: 0.534783
EPOCH 62:
VALIDATION
valid epoch balanced_accuracy: 0.522705
EPOCH 63:
VALIDATION
valid epoch balanced_accuracy: 0.473913
EPOCH 64:
VALIDATION
valid epoch balanced_accuracy: 0.535266
EPOCH 65:
VALIDATION
valid epoch balanced_accuracy: 0.462560
EPOCH 66:
VALIDATION
valid epoch balanced_accuracy: 0.594444
EPOCH 67:
VALIDATION
valid epoch balanced_accuracy: 0.604589
EPOCH 68:
VALIDATION
valid epoch balanced_accuracy: 0.545411
EPOCH 69:
VALIDATION
valid epoch balanced_accuracy: 0.518841
EPOCH 70:
VALIDATION
valid epoch balanced_accuracy: 0.518116
EPOCH 71:
VALIDATION
valid epoch balanced_accuracy: 0.512802
EPOCH 72:
VALIDATION
valid epoch balanced_accuracy: 0.517874
EPOCH 73:
VALIDATION
valid epoch balanced_accuracy: 0.544686
EPOCH 74:
VALIDATION
valid epoch balanced_accuracy: 0.571498
EPOCH 75:
VALIDATION
valid epoch balanced_accuracy: 0.496860
EPOCH 76:
VALIDATION
valid epoch balanced_accuracy: 0.533333
EPOCH 77:
VALIDATION
valid epoch balanced_accuracy: 0.511836
EPOCH 78:
VALIDATION
valid epoch balanced_accuracy: 0.517874
EPOCH 79:
VALIDATION
valid epoch balanced_accuracy: 0.527778
EPOCH 80:
VALIDATION
valid epoch balanced_accuracy: 0.561353
EPOCH 81:
VALIDATION
valid epoch balanced_accuracy: 0.517391
EPOCH 82:
VALIDATION
valid epoch balanced_accuracy: 0.533333
EPOCH 83:
VALIDATION
valid epoch balanced_accuracy: 0.511836
EPOCH 84:
VALIDATION
valid epoch balanced_accuracy: 0.495652
EPOCH 85:
VALIDATION
valid epoch balanced_accuracy: 0.551208
EPOCH 86:
VALIDATION
valid epoch balanced_accuracy: 0.445894
EPOCH 87:
VALIDATION
valid epoch balanced_accuracy: 0.552657
EPOCH 88:
VALIDATION
valid epoch balanced_accuracy: 0.506039
EPOCH 89:
VALIDATION
valid epoch balanced_accuracy: 0.475121
EPOCH 90:
VALIDATION
valid epoch balanced_accuracy: 0.551449
EPOCH 91:
VALIDATION
valid epoch balanced_accuracy: 0.502174
EPOCH 92:
VALIDATION
valid epoch balanced_accuracy: 0.463285
EPOCH 93:
VALIDATION
valid epoch balanced_accuracy: 0.533575
EPOCH 94:
VALIDATION
valid epoch balanced_accuracy: 0.490097
EPOCH 95:
VALIDATION
valid epoch balanced_accuracy: 0.529710
EPOCH 96:
VALIDATION
valid epoch balanced_accuracy: 0.479469
EPOCH 97:
VALIDATION
valid epoch balanced_accuracy: 0.513527
EPOCH 98:
VALIDATION
valid epoch balanced_accuracy: 0.485507
EPOCH 99:
VALIDATION
valid epoch balanced_accuracy: 0.473671
EPOCH 100:
VALIDATION
valid epoch balanced_accuracy: 0.528261
EPOCH 101:
VALIDATION
valid epoch balanced_accuracy: 0.479227
EPOCH 102:
VALIDATION
valid epoch balanced_accuracy: 0.485266
EPOCH 103:
VALIDATION
valid epoch balanced_accuracy: 0.490580
EARLY STOPPING: rolling validation balanced accuracy did not improve for 60 epochs and validation loss increased over the same window.
accuracy: 0.588235
sensitivity: 0.477273
precision: 0.388889
specificity: 0.641304
IoU: 0.272727
FAR: 0.358696
F1: 0.428571
balanced_accuracy: 0.559289
loss: 1.541543
