Waiting for exclusive access to GPU GPU-365712d0-d468-c19f-df31-827ea1fbc281.
=== GROUP: lipocalin | VARIANT: lr7e5 | SEED: 1 | LR: 0.00007 | WEIGHT_DECAY: 0 | GPU: Tesla V100-SXM2-32GB ===

number of parameters : 1075406
train : (1085, 12)
valid : (123, 12)
test : (123, 12)
class weights : [1.29474937915802, 0.81456458568573]
data extracted
EPOCH 1:
VALIDATION
valid epoch balanced_accuracy: 0.454977
EPOCH 2:
VALIDATION
valid epoch balanced_accuracy: 0.495829
EPOCH 3:
VALIDATION
valid epoch balanced_accuracy: 0.557537
EPOCH 4:
VALIDATION
valid epoch balanced_accuracy: 0.565305
EPOCH 5:
VALIDATION
valid epoch balanced_accuracy: 0.538694
EPOCH 6:
VALIDATION
valid epoch balanced_accuracy: 0.510932
EPOCH 7:
VALIDATION
valid epoch balanced_accuracy: 0.494246
EPOCH 8:
VALIDATION
valid epoch balanced_accuracy: 0.507048
EPOCH 9:
VALIDATION
valid epoch balanced_accuracy: 0.476554
EPOCH 10:
VALIDATION
valid epoch balanced_accuracy: 0.519707
EPOCH 11:
VALIDATION
valid epoch balanced_accuracy: 0.512227
EPOCH 12:
VALIDATION
valid epoch balanced_accuracy: 0.565305
EPOCH 13:
VALIDATION
valid epoch balanced_accuracy: 0.520857
EPOCH 14:
VALIDATION
valid epoch balanced_accuracy: 0.555236
EPOCH 15:
VALIDATION
valid epoch balanced_accuracy: 0.571634
EPOCH 16:
VALIDATION
valid epoch balanced_accuracy: 0.550201
EPOCH 17:
VALIDATION
valid epoch balanced_accuracy: 0.504603
EPOCH 18:
VALIDATION
valid epoch balanced_accuracy: 0.525029
EPOCH 19:
VALIDATION
valid epoch balanced_accuracy: 0.446203
EPOCH 20:
VALIDATION
valid epoch balanced_accuracy: 0.498562
EPOCH 21:
VALIDATION
valid epoch balanced_accuracy: 0.519994
EPOCH 22:
VALIDATION
valid epoch balanced_accuracy: 0.522296
EPOCH 23:
VALIDATION
valid epoch balanced_accuracy: 0.478136
EPOCH 24:
VALIDATION
valid epoch balanced_accuracy: 0.474396
EPOCH 25:
VALIDATION
valid epoch balanced_accuracy: 0.440305
EPOCH 26:
VALIDATION
valid epoch balanced_accuracy: 0.485759
EPOCH 27:
VALIDATION
valid epoch balanced_accuracy: 0.447929
EPOCH 28:
VALIDATION
valid epoch balanced_accuracy: 0.457998
EPOCH 29:
VALIDATION
valid epoch balanced_accuracy: 0.463032
EPOCH 30:
VALIDATION
valid epoch balanced_accuracy: 0.464327
EPOCH 31:
VALIDATION
valid epoch balanced_accuracy: 0.431530
EPOCH 32:
VALIDATION
valid epoch balanced_accuracy: 0.437860
EPOCH 33:
VALIDATION
valid epoch balanced_accuracy: 0.492089
EPOCH 34:
VALIDATION
valid epoch balanced_accuracy: 0.396001
EPOCH 35:
VALIDATION
valid epoch balanced_accuracy: 0.455409
EPOCH 36:
VALIDATION
valid epoch balanced_accuracy: 0.436421
EPOCH 37:
VALIDATION
valid epoch balanced_accuracy: 0.478136
EPOCH 38:
VALIDATION
valid epoch balanced_accuracy: 0.452963
EPOCH 39:
VALIDATION
valid epoch balanced_accuracy: 0.497267
EPOCH 40:
VALIDATION
valid epoch balanced_accuracy: 0.441600
EPOCH 41:
VALIDATION
valid epoch balanced_accuracy: 0.523734
EPOCH 42:
VALIDATION
valid epoch balanced_accuracy: 0.489643
EPOCH 43:
VALIDATION
valid epoch balanced_accuracy: 0.451669
EPOCH 44:
VALIDATION
valid epoch balanced_accuracy: 0.446634
EPOCH 45:
VALIDATION
valid epoch balanced_accuracy: 0.441600
EPOCH 46:
VALIDATION
valid epoch balanced_accuracy: 0.482020
EPOCH 47:
VALIDATION
valid epoch balanced_accuracy: 0.435270
EPOCH 48:
VALIDATION
valid epoch balanced_accuracy: 0.470656
EPOCH 49:
VALIDATION
valid epoch balanced_accuracy: 0.449223
EPOCH 50:
VALIDATION
valid epoch balanced_accuracy: 0.428941
EPOCH 51:
VALIDATION
valid epoch balanced_accuracy: 0.468067
EPOCH 52:
VALIDATION
valid epoch balanced_accuracy: 0.435414
EPOCH 53:
VALIDATION
valid epoch balanced_accuracy: 0.416283
EPOCH 54:
VALIDATION
valid epoch balanced_accuracy: 0.407365
EPOCH 55:
VALIDATION
valid epoch balanced_accuracy: 0.488349
EPOCH 56:
VALIDATION
valid epoch balanced_accuracy: 0.479574
EPOCH 57:
VALIDATION
valid epoch balanced_accuracy: 0.420023
EPOCH 58:
VALIDATION
valid epoch balanced_accuracy: 0.369390
EPOCH 59:
VALIDATION
valid epoch balanced_accuracy: 0.485759
EPOCH 60:
VALIDATION
valid epoch balanced_accuracy: 0.442750
EPOCH 61:
VALIDATION
valid epoch balanced_accuracy: 0.485759
EPOCH 62:
VALIDATION
valid epoch balanced_accuracy: 0.446634
EPOCH 63:
VALIDATION
valid epoch balanced_accuracy: 0.466916
EPOCH 64:
VALIDATION
valid epoch balanced_accuracy: 0.465621
EPOCH 65:
VALIDATION
valid epoch balanced_accuracy: 0.440305
EPOCH 66:
VALIDATION
valid epoch balanced_accuracy: 0.492232
EPOCH 67:
VALIDATION
valid epoch balanced_accuracy: 0.440305
EPOCH 68:
VALIDATION
valid epoch balanced_accuracy: 0.514960
EPOCH 69:
VALIDATION
valid epoch balanced_accuracy: 0.483314
EPOCH 70:
VALIDATION
valid epoch balanced_accuracy: 0.476985
EPOCH 71:
VALIDATION
valid epoch balanced_accuracy: 0.468211
EPOCH 72:
VALIDATION
valid epoch balanced_accuracy: 0.450374
EPOCH 73:
VALIDATION
valid epoch balanced_accuracy: 0.492232
EPOCH 74:
VALIDATION
valid epoch balanced_accuracy: 0.464327
EPOCH 75:
VALIDATION
valid epoch balanced_accuracy: 0.471951
EPOCH 76:
VALIDATION
valid epoch balanced_accuracy: 0.446634
EARLY STOPPING: rolling validation balanced accuracy did not improve for 60 epochs and validation loss increased over the same window.
accuracy: 0.585366
sensitivity: 0.326087
precision: 0.428571
specificity: 0.740260
IoU: 0.227273
FAR: 0.259740
F1: 0.370370
balanced_accuracy: 0.533173
loss: 0.820530
