Waiting for exclusive access to GPU GPU-4a1d133b-deaa-736c-306b-9a819cf45235.
=== GROUP: lipocalin | VARIANT: lr7e5 | SEED: 2 | LR: 0.00007 | WEIGHT_DECAY: 0 | GPU: Tesla V100-SXM2-32GB ===

number of parameters : 1075406
train : (1058, 12)
valid : (136, 12)
test : (137, 12)
class weights : [1.3494898080825806, 0.7942942976951599]
data extracted
EPOCH 1:
VALIDATION
valid epoch balanced_accuracy: 0.513542
EPOCH 2:
VALIDATION
valid epoch balanced_accuracy: 0.526042
EPOCH 3:
VALIDATION
valid epoch balanced_accuracy: 0.482292
EPOCH 4:
VALIDATION
valid epoch balanced_accuracy: 0.502083
EPOCH 5:
VALIDATION
valid epoch balanced_accuracy: 0.536458
EPOCH 6:
VALIDATION
valid epoch balanced_accuracy: 0.532292
EPOCH 7:
VALIDATION
valid epoch balanced_accuracy: 0.484375
EPOCH 8:
VALIDATION
valid epoch balanced_accuracy: 0.542708
EPOCH 9:
VALIDATION
valid epoch balanced_accuracy: 0.550000
EPOCH 10:
VALIDATION
valid epoch balanced_accuracy: 0.452083
EPOCH 11:
VALIDATION
valid epoch balanced_accuracy: 0.482292
EPOCH 12:
VALIDATION
valid epoch balanced_accuracy: 0.497917
EPOCH 13:
VALIDATION
valid epoch balanced_accuracy: 0.515625
EPOCH 14:
VALIDATION
valid epoch balanced_accuracy: 0.472917
EPOCH 15:
VALIDATION
valid epoch balanced_accuracy: 0.513542
EPOCH 16:
VALIDATION
valid epoch balanced_accuracy: 0.534375
EPOCH 17:
VALIDATION
valid epoch balanced_accuracy: 0.587500
EPOCH 18:
VALIDATION
valid epoch balanced_accuracy: 0.528125
EPOCH 19:
VALIDATION
valid epoch balanced_accuracy: 0.482292
EPOCH 20:
VALIDATION
valid epoch balanced_accuracy: 0.592708
EPOCH 21:
VALIDATION
valid epoch balanced_accuracy: 0.588542
EPOCH 22:
VALIDATION
valid epoch balanced_accuracy: 0.581250
EPOCH 23:
VALIDATION
valid epoch balanced_accuracy: 0.575000
EPOCH 24:
VALIDATION
valid epoch balanced_accuracy: 0.598958
EPOCH 25:
VALIDATION
valid epoch balanced_accuracy: 0.578125
EPOCH 26:
VALIDATION
valid epoch balanced_accuracy: 0.614583
EPOCH 27:
VALIDATION
valid epoch balanced_accuracy: 0.596875
EPOCH 28:
VALIDATION
valid epoch balanced_accuracy: 0.570833
EPOCH 29:
VALIDATION
valid epoch balanced_accuracy: 0.541667
EPOCH 30:
VALIDATION
valid epoch balanced_accuracy: 0.585417
EPOCH 31:
VALIDATION
valid epoch balanced_accuracy: 0.541667
EPOCH 32:
VALIDATION
valid epoch balanced_accuracy: 0.559375
EPOCH 33:
VALIDATION
valid epoch balanced_accuracy: 0.578125
EPOCH 34:
VALIDATION
valid epoch balanced_accuracy: 0.542708
EPOCH 35:
VALIDATION
valid epoch balanced_accuracy: 0.615625
EPOCH 36:
VALIDATION
valid epoch balanced_accuracy: 0.627083
EPOCH 37:
VALIDATION
valid epoch balanced_accuracy: 0.554167
EPOCH 38:
VALIDATION
valid epoch balanced_accuracy: 0.522917
EPOCH 39:
VALIDATION
valid epoch balanced_accuracy: 0.606250
EPOCH 40:
VALIDATION
valid epoch balanced_accuracy: 0.580208
EPOCH 41:
VALIDATION
valid epoch balanced_accuracy: 0.562500
EPOCH 42:
VALIDATION
valid epoch balanced_accuracy: 0.539583
EPOCH 43:
VALIDATION
valid epoch balanced_accuracy: 0.548958
EPOCH 44:
VALIDATION
valid epoch balanced_accuracy: 0.584375
EPOCH 45:
VALIDATION
valid epoch balanced_accuracy: 0.609375
EPOCH 46:
VALIDATION
valid epoch balanced_accuracy: 0.560417
EPOCH 47:
VALIDATION
valid epoch balanced_accuracy: 0.551042
EPOCH 48:
VALIDATION
valid epoch balanced_accuracy: 0.600000
EPOCH 49:
VALIDATION
valid epoch balanced_accuracy: 0.595833
EPOCH 50:
VALIDATION
valid epoch balanced_accuracy: 0.560417
EPOCH 51:
VALIDATION
valid epoch balanced_accuracy: 0.520833
EPOCH 52:
VALIDATION
valid epoch balanced_accuracy: 0.555208
EPOCH 53:
VALIDATION
valid epoch balanced_accuracy: 0.586458
EPOCH 54:
VALIDATION
valid epoch balanced_accuracy: 0.603125
EPOCH 55:
VALIDATION
valid epoch balanced_accuracy: 0.592708
EPOCH 56:
VALIDATION
valid epoch balanced_accuracy: 0.547917
EPOCH 57:
VALIDATION
valid epoch balanced_accuracy: 0.602083
EPOCH 58:
VALIDATION
valid epoch balanced_accuracy: 0.616667
EPOCH 59:
VALIDATION
valid epoch balanced_accuracy: 0.597917
EPOCH 60:
VALIDATION
valid epoch balanced_accuracy: 0.503125
EPOCH 61:
VALIDATION
valid epoch balanced_accuracy: 0.529167
EPOCH 62:
VALIDATION
valid epoch balanced_accuracy: 0.553125
EPOCH 63:
VALIDATION
valid epoch balanced_accuracy: 0.572917
EPOCH 64:
VALIDATION
valid epoch balanced_accuracy: 0.542708
EPOCH 65:
VALIDATION
valid epoch balanced_accuracy: 0.573958
EPOCH 66:
VALIDATION
valid epoch balanced_accuracy: 0.564583
EPOCH 67:
VALIDATION
valid epoch balanced_accuracy: 0.550000
EPOCH 68:
VALIDATION
valid epoch balanced_accuracy: 0.546875
EPOCH 69:
VALIDATION
valid epoch balanced_accuracy: 0.542708
EPOCH 70:
VALIDATION
valid epoch balanced_accuracy: 0.535417
EPOCH 71:
VALIDATION
valid epoch balanced_accuracy: 0.571875
EPOCH 72:
VALIDATION
valid epoch balanced_accuracy: 0.588542
EPOCH 73:
VALIDATION
valid epoch balanced_accuracy: 0.587500
EPOCH 74:
VALIDATION
valid epoch balanced_accuracy: 0.521875
EPOCH 75:
VALIDATION
valid epoch balanced_accuracy: 0.587500
EPOCH 76:
VALIDATION
valid epoch balanced_accuracy: 0.570833
EPOCH 77:
VALIDATION
valid epoch balanced_accuracy: 0.525000
EPOCH 78:
VALIDATION
valid epoch balanced_accuracy: 0.558333
EPOCH 79:
VALIDATION
valid epoch balanced_accuracy: 0.547917
EPOCH 80:
VALIDATION
valid epoch balanced_accuracy: 0.537500
EPOCH 81:
VALIDATION
valid epoch balanced_accuracy: 0.566667
EPOCH 82:
VALIDATION
valid epoch balanced_accuracy: 0.537500
EPOCH 83:
VALIDATION
valid epoch balanced_accuracy: 0.565625
EPOCH 84:
VALIDATION
valid epoch balanced_accuracy: 0.551042
EPOCH 85:
VALIDATION
valid epoch balanced_accuracy: 0.561458
EPOCH 86:
VALIDATION
valid epoch balanced_accuracy: 0.596875
EPOCH 87:
VALIDATION
valid epoch balanced_accuracy: 0.563542
EARLY STOPPING: rolling validation balanced accuracy did not improve for 60 epochs and validation loss increased over the same window.
accuracy: 0.656934
sensitivity: 0.420000
precision: 0.538462
specificity: 0.793103
IoU: 0.308824
FAR: 0.206897
F1: 0.471910
balanced_accuracy: 0.606552
loss: 1.007990
