Waiting for exclusive access to GPU GPU-03552530-e0ea-aba8-6e58-1c63bbaea5f4.
=== GROUP: START | VARIANT: dropout005 | SEED: 3 | FINAL_DROPOUT: 0.05 | WEIGHT_DECAY: 1e-5 | GPU: Tesla V100-SXM2-32GB ===

number of parameters : 1075406
train : (1100, 12)
valid : (117, 12)
test : (117, 12)
class weights : [1.0110293626785278, 0.9892086386680603]
data extracted
EPOCH 1:
VALIDATION
valid epoch balanced_accuracy: 0.403465
EPOCH 2:
VALIDATION
valid epoch balanced_accuracy: 0.476176
EPOCH 3:
VALIDATION
valid epoch balanced_accuracy: 0.398205
EPOCH 4:
VALIDATION
valid epoch balanced_accuracy: 0.461324
EPOCH 5:
VALIDATION
valid epoch balanced_accuracy: 0.502475
EPOCH 6:
VALIDATION
valid epoch balanced_accuracy: 0.408416
EPOCH 7:
VALIDATION
valid epoch balanced_accuracy: 0.515780
EPOCH 8:
VALIDATION
valid epoch balanced_accuracy: 0.491027
EPOCH 9:
VALIDATION
valid epoch balanced_accuracy: 0.454517
EPOCH 10:
VALIDATION
valid epoch balanced_accuracy: 0.515780
EPOCH 11:
VALIDATION
valid epoch balanced_accuracy: 0.500928
EPOCH 12:
VALIDATION
valid epoch balanced_accuracy: 0.509282
EPOCH 13:
VALIDATION
valid epoch balanced_accuracy: 0.522277
EPOCH 14:
VALIDATION
valid epoch balanced_accuracy: 0.497525
EPOCH 15:
VALIDATION
valid epoch balanced_accuracy: 0.561881
EPOCH 16:
VALIDATION
valid epoch balanced_accuracy: 0.461015
EPOCH 17:
VALIDATION
valid epoch balanced_accuracy: 0.500928
EPOCH 18:
VALIDATION
valid epoch balanced_accuracy: 0.469369
EPOCH 19:
VALIDATION
valid epoch balanced_accuracy: 0.477723
EPOCH 20:
VALIDATION
valid epoch balanced_accuracy: 0.479270
EPOCH 21:
VALIDATION
valid epoch balanced_accuracy: 0.522277
EPOCH 22:
VALIDATION
valid epoch balanced_accuracy: 0.494121
EPOCH 23:
VALIDATION
valid epoch balanced_accuracy: 0.616337
EPOCH 24:
VALIDATION
valid epoch balanced_accuracy: 0.601176
EPOCH 25:
VALIDATION
valid epoch balanced_accuracy: 0.527228
EPOCH 26:
VALIDATION
valid epoch balanced_accuracy: 0.568069
EPOCH 27:
VALIDATION
valid epoch balanced_accuracy: 0.617884
EPOCH 28:
VALIDATION
valid epoch balanced_accuracy: 0.566832
EPOCH 29:
VALIDATION
valid epoch balanced_accuracy: 0.594369
EPOCH 30:
VALIDATION
valid epoch balanced_accuracy: 0.607673
EPOCH 31:
VALIDATION
valid epoch balanced_accuracy: 0.508973
EPOCH 32:
VALIDATION
valid epoch balanced_accuracy: 0.657178
EPOCH 33:
VALIDATION
valid epoch balanced_accuracy: 0.645730
EPOCH 34:
VALIDATION
valid epoch balanced_accuracy: 0.642327
EPOCH 35:
VALIDATION
valid epoch balanced_accuracy: 0.569926
EPOCH 36:
VALIDATION
valid epoch balanced_accuracy: 0.543626
EPOCH 37:
VALIDATION
valid epoch balanced_accuracy: 0.627475
EPOCH 38:
VALIDATION
valid epoch balanced_accuracy: 0.662129
EPOCH 39:
VALIDATION
valid epoch balanced_accuracy: 0.622525
EPOCH 40:
VALIDATION
valid epoch balanced_accuracy: 0.581374
EPOCH 41:
VALIDATION
valid epoch balanced_accuracy: 0.655631
EPOCH 42:
VALIDATION
valid epoch balanced_accuracy: 0.691832
EPOCH 43:
VALIDATION
valid epoch balanced_accuracy: 0.644183
EPOCH 44:
VALIDATION
valid epoch balanced_accuracy: 0.606126
EPOCH 45:
VALIDATION
valid epoch balanced_accuracy: 0.599629
EPOCH 46:
VALIDATION
valid epoch balanced_accuracy: 0.681931
EPOCH 47:
VALIDATION
valid epoch balanced_accuracy: 0.577970
EPOCH 48:
VALIDATION
valid epoch balanced_accuracy: 0.645730
EPOCH 49:
VALIDATION
valid epoch balanced_accuracy: 0.637376
EPOCH 50:
VALIDATION
valid epoch balanced_accuracy: 0.576423
EPOCH 51:
VALIDATION
valid epoch balanced_accuracy: 0.587871
EPOCH 52:
VALIDATION
valid epoch balanced_accuracy: 0.672030
EPOCH 53:
VALIDATION
valid epoch balanced_accuracy: 0.622525
EPOCH 54:
VALIDATION
valid epoch balanced_accuracy: 0.620978
EPOCH 55:
VALIDATION
valid epoch balanced_accuracy: 0.665532
EPOCH 56:
VALIDATION
valid epoch balanced_accuracy: 0.541770
EPOCH 57:
VALIDATION
valid epoch balanced_accuracy: 0.591275
EPOCH 58:
VALIDATION
valid epoch balanced_accuracy: 0.606126
EPOCH 59:
VALIDATION
valid epoch balanced_accuracy: 0.617574
EPOCH 60:
VALIDATION
valid epoch balanced_accuracy: 0.614480
EPOCH 61:
VALIDATION
valid epoch balanced_accuracy: 0.637376
EPOCH 62:
VALIDATION
valid epoch balanced_accuracy: 0.583230
EPOCH 63:
VALIDATION
valid epoch balanced_accuracy: 0.640780
EPOCH 64:
VALIDATION
valid epoch balanced_accuracy: 0.607673
EPOCH 65:
VALIDATION
valid epoch balanced_accuracy: 0.627785
EPOCH 66:
VALIDATION
valid epoch balanced_accuracy: 0.555074
EPOCH 67:
VALIDATION
valid epoch balanced_accuracy: 0.620978
EPOCH 68:
VALIDATION
valid epoch balanced_accuracy: 0.601485
EPOCH 69:
VALIDATION
valid epoch balanced_accuracy: 0.606126
EPOCH 70:
VALIDATION
valid epoch balanced_accuracy: 0.574876
EPOCH 71:
VALIDATION
valid epoch balanced_accuracy: 0.632426
EPOCH 72:
VALIDATION
valid epoch balanced_accuracy: 0.670483
EPOCH 73:
VALIDATION
valid epoch balanced_accuracy: 0.611077
EPOCH 74:
VALIDATION
valid epoch balanced_accuracy: 0.657178
EPOCH 75:
VALIDATION
valid epoch balanced_accuracy: 0.578280
EPOCH 76:
VALIDATION
valid epoch balanced_accuracy: 0.576423
EPOCH 77:
VALIDATION
valid epoch balanced_accuracy: 0.545173
EPOCH 78:
VALIDATION
valid epoch balanced_accuracy: 0.596225
EPOCH 79:
VALIDATION
valid epoch balanced_accuracy: 0.601176
EPOCH 80:
VALIDATION
valid epoch balanced_accuracy: 0.596225
EPOCH 81:
VALIDATION
valid epoch balanced_accuracy: 0.617574
EPOCH 82:
VALIDATION
valid epoch balanced_accuracy: 0.555074
EPOCH 83:
VALIDATION
valid epoch balanced_accuracy: 0.612624
EPOCH 84:
VALIDATION
valid epoch balanced_accuracy: 0.555074
EPOCH 85:
VALIDATION
valid epoch balanced_accuracy: 0.560025
EPOCH 86:
VALIDATION
valid epoch balanced_accuracy: 0.609530
EPOCH 87:
VALIDATION
valid epoch balanced_accuracy: 0.668936
EPOCH 88:
VALIDATION
valid epoch balanced_accuracy: 0.662129
EPOCH 89:
VALIDATION
valid epoch balanced_accuracy: 0.640780
EPOCH 90:
VALIDATION
valid epoch balanced_accuracy: 0.548577
EPOCH 91:
VALIDATION
valid epoch balanced_accuracy: 0.541770
EPOCH 92:
VALIDATION
valid epoch balanced_accuracy: 0.591275
EPOCH 93:
VALIDATION
valid epoch balanced_accuracy: 0.611077
EPOCH 94:
VALIDATION
valid epoch balanced_accuracy: 0.601176
EPOCH 95:
VALIDATION
valid epoch balanced_accuracy: 0.655631
EPOCH 96:
VALIDATION
valid epoch balanced_accuracy: 0.620978
EPOCH 97:
VALIDATION
valid epoch balanced_accuracy: 0.642327
EPOCH 98:
VALIDATION
valid epoch balanced_accuracy: 0.630879
EPOCH 99:
VALIDATION
valid epoch balanced_accuracy: 0.637376
EPOCH 100:
VALIDATION
valid epoch balanced_accuracy: 0.640780
EPOCH 101:
VALIDATION
valid epoch balanced_accuracy: 0.630879
EPOCH 102:
VALIDATION
valid epoch balanced_accuracy: 0.635829
EPOCH 103:
VALIDATION
valid epoch balanced_accuracy: 0.632426
EPOCH 104:
VALIDATION
valid epoch balanced_accuracy: 0.606126
EPOCH 105:
VALIDATION
valid epoch balanced_accuracy: 0.657178
EPOCH 106:
VALIDATION
valid epoch balanced_accuracy: 0.662438
EARLY STOPPING: rolling validation balanced accuracy did not improve for 60 epochs and validation loss increased over the same window.
accuracy: 0.572650
sensitivity: 0.545455
precision: 0.915254
specificity: 0.722222
IoU: 0.519231
FAR: 0.277778
F1: 0.683544
balanced_accuracy: 0.633838
loss: 1.951340
