
number of parameters : 1403982
train : (1285, 12)
valid : (23, 12)
test : (23, 12)
class weights : [1.196461796760559, 0.8589572310447693]
data extracted
EPOCH 1:
VALIDATION
valid epoch balanced_accuracy: 0.559524
EPOCH 2:
VALIDATION
valid epoch balanced_accuracy: 0.559524
EPOCH 3:
VALIDATION
valid epoch balanced_accuracy: 0.452381
EPOCH 4:
VALIDATION
valid epoch balanced_accuracy: 0.690476
EPOCH 5:
VALIDATION
valid epoch balanced_accuracy: 0.511905
EPOCH 6:
VALIDATION
valid epoch balanced_accuracy: 0.333333
EPOCH 7:
VALIDATION
valid epoch balanced_accuracy: 0.476190
EPOCH 8:
VALIDATION
valid epoch balanced_accuracy: 0.535714
EPOCH 9:
VALIDATION
valid epoch balanced_accuracy: 0.309524
EPOCH 10:
VALIDATION
valid epoch balanced_accuracy: 0.559524
EPOCH 11:
VALIDATION
valid epoch balanced_accuracy: 0.488095
EPOCH 12:
VALIDATION
valid epoch balanced_accuracy: 0.404762
EPOCH 13:
VALIDATION
valid epoch balanced_accuracy: 0.404762
EPOCH 14:
VALIDATION
valid epoch balanced_accuracy: 0.654762
EPOCH 15:
VALIDATION
valid epoch balanced_accuracy: 0.511905
EPOCH 16:
VALIDATION
valid epoch balanced_accuracy: 0.583333
EPOCH 17:
VALIDATION
valid epoch balanced_accuracy: 0.428571
EPOCH 18:
VALIDATION
valid epoch balanced_accuracy: 0.607143
EPOCH 19:
VALIDATION
valid epoch balanced_accuracy: 0.428571
EPOCH 20:
VALIDATION
valid epoch balanced_accuracy: 0.428571
EPOCH 21:
VALIDATION
valid epoch balanced_accuracy: 0.583333
EPOCH 22:
VALIDATION
valid epoch balanced_accuracy: 0.428571
EPOCH 23:
VALIDATION
valid epoch balanced_accuracy: 0.428571
EPOCH 24:
VALIDATION
valid epoch balanced_accuracy: 0.404762
EPOCH 25:
VALIDATION
valid epoch balanced_accuracy: 0.559524
EPOCH 26:
VALIDATION
valid epoch balanced_accuracy: 0.607143
EPOCH 27:
VALIDATION
valid epoch balanced_accuracy: 0.452381
EPOCH 28:
VALIDATION
valid epoch balanced_accuracy: 0.380952
EPOCH 29:
VALIDATION
valid epoch balanced_accuracy: 0.476190
EPOCH 30:
VALIDATION
valid epoch balanced_accuracy: 0.654762
EPOCH 31:
VALIDATION
valid epoch balanced_accuracy: 0.630952
EPOCH 32:
VALIDATION
valid epoch balanced_accuracy: 0.511905
EPOCH 33:
VALIDATION
valid epoch balanced_accuracy: 0.452381
EPOCH 34:
VALIDATION
valid epoch balanced_accuracy: 0.452381
EPOCH 35:
VALIDATION
valid epoch balanced_accuracy: 0.428571
EPOCH 36:
VALIDATION
valid epoch balanced_accuracy: 0.452381
EPOCH 37:
VALIDATION
valid epoch balanced_accuracy: 0.654762
EPOCH 38:
VALIDATION
valid epoch balanced_accuracy: 0.654762
EPOCH 39:
VALIDATION
valid epoch balanced_accuracy: 0.452381
EPOCH 40:
VALIDATION
valid epoch balanced_accuracy: 0.630952
EPOCH 41:
VALIDATION
valid epoch balanced_accuracy: 0.630952
EPOCH 42:
VALIDATION
valid epoch balanced_accuracy: 0.654762
EPOCH 43:
VALIDATION
valid epoch balanced_accuracy: 0.452381
EPOCH 44:
VALIDATION
valid epoch balanced_accuracy: 0.654762
EPOCH 45:
VALIDATION
valid epoch balanced_accuracy: 0.452381
EPOCH 46:
VALIDATION
valid epoch balanced_accuracy: 0.452381
EPOCH 47:
VALIDATION
valid epoch balanced_accuracy: 0.452381
EPOCH 48:
VALIDATION
valid epoch balanced_accuracy: 0.702381
EPOCH 49:
VALIDATION
valid epoch balanced_accuracy: 0.452381
EPOCH 50:
VALIDATION
valid epoch balanced_accuracy: 0.428571
EPOCH 51:
VALIDATION
valid epoch balanced_accuracy: 0.702381
EPOCH 52:
VALIDATION
valid epoch balanced_accuracy: 0.678571
EPOCH 53:
VALIDATION
valid epoch balanced_accuracy: 0.630952
EPOCH 54:
VALIDATION
valid epoch balanced_accuracy: 0.654762
EPOCH 55:
VALIDATION
valid epoch balanced_accuracy: 0.654762
EPOCH 56:
VALIDATION
valid epoch balanced_accuracy: 0.607143
EPOCH 57:
VALIDATION
valid epoch balanced_accuracy: 0.678571
EPOCH 58:
VALIDATION
valid epoch balanced_accuracy: 0.630952
EPOCH 59:
VALIDATION
valid epoch balanced_accuracy: 0.678571
EPOCH 60:
VALIDATION
valid epoch balanced_accuracy: 0.630952
EPOCH 61:
VALIDATION
valid epoch balanced_accuracy: 0.678571
EPOCH 62:
VALIDATION
valid epoch balanced_accuracy: 0.607143
EPOCH 63:
VALIDATION
valid epoch balanced_accuracy: 0.678571
EPOCH 64:
VALIDATION
valid epoch balanced_accuracy: 0.630952
EPOCH 65:
VALIDATION
valid epoch balanced_accuracy: 0.654762
EPOCH 66:
VALIDATION
valid epoch balanced_accuracy: 0.630952
EPOCH 67:
VALIDATION
valid epoch balanced_accuracy: 0.630952
EPOCH 68:
VALIDATION
valid epoch balanced_accuracy: 0.678571
EPOCH 69:
VALIDATION
valid epoch balanced_accuracy: 0.678571
EPOCH 70:
VALIDATION
valid epoch balanced_accuracy: 0.452381
EPOCH 71:
VALIDATION
valid epoch balanced_accuracy: 0.678571
EPOCH 72:
VALIDATION
valid epoch balanced_accuracy: 0.428571
EPOCH 73:
VALIDATION
valid epoch balanced_accuracy: 0.476190
EPOCH 74:
VALIDATION
valid epoch balanced_accuracy: 0.452381
EPOCH 75:
VALIDATION
valid epoch balanced_accuracy: 0.500000
EPOCH 76:
VALIDATION
valid epoch balanced_accuracy: 0.452381
EPOCH 77:
VALIDATION
valid epoch balanced_accuracy: 0.476190
EPOCH 78:
VALIDATION
valid epoch balanced_accuracy: 0.452381
EPOCH 79:
VALIDATION
valid epoch balanced_accuracy: 0.702381
EPOCH 80:
VALIDATION
valid epoch balanced_accuracy: 0.654762
EPOCH 81:
VALIDATION
valid epoch balanced_accuracy: 0.654762
EPOCH 82:
VALIDATION
valid epoch balanced_accuracy: 0.607143
EPOCH 83:
VALIDATION
valid epoch balanced_accuracy: 0.404762
EPOCH 84:
VALIDATION
valid epoch balanced_accuracy: 0.654762
EPOCH 85:
VALIDATION
valid epoch balanced_accuracy: 0.654762
EPOCH 86:
VALIDATION
valid epoch balanced_accuracy: 0.630952
EPOCH 87:
VALIDATION
valid epoch balanced_accuracy: 0.654762
EPOCH 88:
