
number of parameters : 1279114
train : (1426, 12)
valid : (43, 12)
test : (43, 12)
class weights : [1.0, 1.0]
balanced batches : 90 per epoch covering all 1426 train rows, target 8 positive + 8 unlabeled
cache warmed : 35 proteins, 409 lipid encodings, 0 lipid graphs, 131 MiB
data extracted
EPOCH 1:
VALIDATION
valid epoch balanced_accuracy: 0.630090
EPOCH 2:
VALIDATION
valid epoch balanced_accuracy: 0.653846
EPOCH 3:
VALIDATION
valid epoch balanced_accuracy: 0.701357
EPOCH 4:
VALIDATION
valid epoch balanced_accuracy: 0.630090
EPOCH 5:
VALIDATION
valid epoch balanced_accuracy: 0.671946
EPOCH 6:
VALIDATION
valid epoch balanced_accuracy: 0.592760
EPOCH 7:
VALIDATION
valid epoch balanced_accuracy: 0.678733
EPOCH 8:
VALIDATION
valid epoch balanced_accuracy: 0.621041
EPOCH 9:
VALIDATION
valid epoch balanced_accuracy: 0.622172
EPOCH 10:
VALIDATION
valid epoch balanced_accuracy: 0.639140
EPOCH 11:
VALIDATION
valid epoch balanced_accuracy: 0.670814
EPOCH 12:
VALIDATION
valid epoch balanced_accuracy: 0.581448
EPOCH 13:
VALIDATION
valid epoch balanced_accuracy: 0.611991
EPOCH 14:
VALIDATION
valid epoch balanced_accuracy: 0.670814
EPOCH 15:
VALIDATION
valid epoch balanced_accuracy: 0.630090
EPOCH 16:
VALIDATION
valid epoch balanced_accuracy: 0.481900
EPOCH 17:
VALIDATION
valid epoch balanced_accuracy: 0.561086
EPOCH 18:
VALIDATION
valid epoch balanced_accuracy: 0.621041
EPOCH 19:
VALIDATION
valid epoch balanced_accuracy: 0.571267
EPOCH 20:
VALIDATION
valid epoch balanced_accuracy: 0.590498
EPOCH 21:
VALIDATION
valid epoch balanced_accuracy: 0.571267
EPOCH 22:
VALIDATION
valid epoch balanced_accuracy: 0.661765
EPOCH 23:
VALIDATION
valid epoch balanced_accuracy: 0.573529
EPOCH 24:
VALIDATION
valid epoch balanced_accuracy: 0.584842
EPOCH 25:
VALIDATION
valid epoch balanced_accuracy: 0.668552
EPOCH 26:
VALIDATION
valid epoch balanced_accuracy: 0.584842
EPOCH 27:
VALIDATION
valid epoch balanced_accuracy: 0.591629
EPOCH 28:
VALIDATION
valid epoch balanced_accuracy: 0.542986
EPOCH 29:
VALIDATION
valid epoch balanced_accuracy: 0.591629
EPOCH 30:
VALIDATION
valid epoch balanced_accuracy: 0.602941
EPOCH 31:
VALIDATION
valid epoch balanced_accuracy: 0.623303
EPOCH 32:
VALIDATION
valid epoch balanced_accuracy: 0.604072
EPOCH 33:
VALIDATION
valid epoch balanced_accuracy: 0.582579
EPOCH 34:
VALIDATION
valid epoch balanced_accuracy: 0.565611
EPOCH 35:
VALIDATION
valid epoch balanced_accuracy: 0.602941
EPOCH 36:
VALIDATION
valid epoch balanced_accuracy: 0.562217
EPOCH 37:
VALIDATION
valid epoch balanced_accuracy: 0.552036
EPOCH 38:
VALIDATION
valid epoch balanced_accuracy: 0.533937
EPOCH 39:
VALIDATION
valid epoch balanced_accuracy: 0.552036
EPOCH 40:
VALIDATION
valid epoch balanced_accuracy: 0.552036
EPOCH 41:
VALIDATION
valid epoch balanced_accuracy: 0.532805
EPOCH 42:
VALIDATION
valid epoch balanced_accuracy: 0.590498
EPOCH 43:
VALIDATION
valid epoch balanced_accuracy: 0.542986
EPOCH 44:
VALIDATION
valid epoch balanced_accuracy: 0.563348
EPOCH 45:
VALIDATION
valid epoch balanced_accuracy: 0.563348
EPOCH 46:
VALIDATION
valid epoch balanced_accuracy: 0.590498
EPOCH 47:
VALIDATION
valid epoch balanced_accuracy: 0.601810
EPOCH 48:
VALIDATION
valid epoch balanced_accuracy: 0.523756
EPOCH 49:
VALIDATION
valid epoch balanced_accuracy: 0.533937
EPOCH 50:
VALIDATION
valid epoch balanced_accuracy: 0.630090
EPOCH 51:
VALIDATION
valid epoch balanced_accuracy: 0.582579
EPOCH 52:
VALIDATION
valid epoch balanced_accuracy: 0.572398
EPOCH 53:
VALIDATION
valid epoch balanced_accuracy: 0.572398
EPOCH 54:
VALIDATION
valid epoch balanced_accuracy: 0.601810
EPOCH 55:
VALIDATION
valid epoch balanced_accuracy: 0.613122
EPOCH 56:
VALIDATION
valid epoch balanced_accuracy: 0.582579
EPOCH 57:
VALIDATION
valid epoch balanced_accuracy: 0.514706
EPOCH 58:
VALIDATION
valid epoch balanced_accuracy: 0.493213
EPOCH 59:
VALIDATION
valid epoch balanced_accuracy: 0.506787
EPOCH 60:
VALIDATION
valid epoch balanced_accuracy: 0.640271
EPOCH 61:
VALIDATION
valid epoch balanced_accuracy: 0.591629
EPOCH 62:
VALIDATION
valid epoch balanced_accuracy: 0.563348
EPOCH 63:
VALIDATION
valid epoch balanced_accuracy: 0.639140
EPOCH 64:
VALIDATION
valid epoch balanced_accuracy: 0.505656
EPOCH 65:
VALIDATION
valid epoch balanced_accuracy: 0.563348
EPOCH 66:
VALIDATION
valid epoch balanced_accuracy: 0.544118
EPOCH 67:
VALIDATION
valid epoch balanced_accuracy: 0.544118
EPOCH 68:
VALIDATION
valid epoch balanced_accuracy: 0.640271
EPOCH 69:
VALIDATION
valid epoch balanced_accuracy: 0.678733
EPOCH 70:
VALIDATION
valid epoch balanced_accuracy: 0.619910
EPOCH 71:
VALIDATION
valid epoch balanced_accuracy: 0.532805
EPOCH 72:
VALIDATION
valid epoch balanced_accuracy: 0.609729
EPOCH 73:
VALIDATION
valid epoch balanced_accuracy: 0.619910
EPOCH 74:
VALIDATION
valid epoch balanced_accuracy: 0.600679
EPOCH 75:
VALIDATION
valid epoch balanced_accuracy: 0.524887
EPOCH 76:
VALIDATION
valid epoch balanced_accuracy: 0.640271
EPOCH 77:
VALIDATION
valid epoch balanced_accuracy: 0.582579
EPOCH 78:
VALIDATION
valid epoch balanced_accuracy: 0.590498
EPOCH 79:
VALIDATION
valid epoch balanced_accuracy: 0.639140
EPOCH 80:
VALIDATION
valid epoch balanced_accuracy: 0.648190
EPOCH 81:
VALIDATION
valid epoch balanced_accuracy: 0.533937
EPOCH 82:
VALIDATION
valid epoch balanced_accuracy: 0.621041
EPOCH 83:
VALIDATION
valid epoch balanced_accuracy: 0.610860
EPOCH 84:
VALIDATION
valid epoch balanced_accuracy: 0.621041
EPOCH 85:
VALIDATION
valid epoch balanced_accuracy: 0.572398
EPOCH 86:
VALIDATION
valid epoch balanced_accuracy: 0.648190
EPOCH 87:
VALIDATION
valid epoch balanced_accuracy: 0.619910
EPOCH 88:
VALIDATION
valid epoch balanced_accuracy: 0.628959
EPOCH 89:
VALIDATION
valid epoch balanced_accuracy: 0.628959
EPOCH 90:
VALIDATION
valid epoch balanced_accuracy: 0.580317
EPOCH 91:
VALIDATION
valid epoch balanced_accuracy: 0.658371
EPOCH 92:
VALIDATION
valid epoch balanced_accuracy: 0.601810
EPOCH 93:
VALIDATION
valid epoch balanced_accuracy: 0.581448
EPOCH 94:
VALIDATION
valid epoch balanced_accuracy: 0.601810
EPOCH 95:
VALIDATION
valid epoch balanced_accuracy: 0.533937
EPOCH 96:
VALIDATION
valid epoch balanced_accuracy: 0.601810
EPOCH 97:
VALIDATION
valid epoch balanced_accuracy: 0.563348
EPOCH 98:
VALIDATION
valid epoch balanced_accuracy: 0.494344
EPOCH 99:
VALIDATION
valid epoch balanced_accuracy: 0.640271
EPOCH 100:
VALIDATION
valid epoch balanced_accuracy: 0.553167
EPOCH 101:
VALIDATION
valid epoch balanced_accuracy: 0.649321
EPOCH 102:
VALIDATION
valid epoch balanced_accuracy: 0.582579
EPOCH 103:
VALIDATION
valid epoch balanced_accuracy: 0.630090
EPOCH 104:
VALIDATION
valid epoch balanced_accuracy: 0.563348
EPOCH 105:
VALIDATION
valid epoch balanced_accuracy: 0.639140
EPOCH 106:
VALIDATION
valid epoch balanced_accuracy: 0.591629
EPOCH 107:
VALIDATION
valid epoch balanced_accuracy: 0.542986
EPOCH 108:
VALIDATION
valid epoch balanced_accuracy: 0.621041
EPOCH 109:
VALIDATION
valid epoch balanced_accuracy: 0.600679
EPOCH 110:
VALIDATION
valid epoch balanced_accuracy: 0.600679
EPOCH 111:
VALIDATION
valid epoch balanced_accuracy: 0.544118
EPOCH 112:
VALIDATION
valid epoch balanced_accuracy: 0.582579
EPOCH 113:
VALIDATION
valid epoch balanced_accuracy: 0.649321
EPOCH 114:
VALIDATION
valid epoch balanced_accuracy: 0.524887
EPOCH 115:
VALIDATION
valid epoch balanced_accuracy: 0.563348
EPOCH 116:
VALIDATION
valid epoch balanced_accuracy: 0.601810
EPOCH 117:
VALIDATION
valid epoch balanced_accuracy: 0.591629
EPOCH 118:
VALIDATION
valid epoch balanced_accuracy: 0.687783
EPOCH 119:
VALIDATION
valid epoch balanced_accuracy: 0.553167
EPOCH 120:
VALIDATION
valid epoch balanced_accuracy: 0.619910
EPOCH 121:
VALIDATION
valid epoch balanced_accuracy: 0.621041
EPOCH 122:
VALIDATION
valid epoch balanced_accuracy: 0.582579
EPOCH 123:
VALIDATION
valid epoch balanced_accuracy: 0.484163
EPOCH 124:
VALIDATION
valid epoch balanced_accuracy: 0.581448
EPOCH 125:
VALIDATION
valid epoch balanced_accuracy: 0.600679
EPOCH 126:
VALIDATION
valid epoch balanced_accuracy: 0.591629
EPOCH 127:
VALIDATION
valid epoch balanced_accuracy: 0.563348
EPOCH 128:
VALIDATION
valid epoch balanced_accuracy: 0.610860
EPOCH 129:
VALIDATION
valid epoch balanced_accuracy: 0.485294
EPOCH 130:
VALIDATION
valid epoch balanced_accuracy: 0.621041
EPOCH 131:
VALIDATION
valid epoch balanced_accuracy: 0.640271
EPOCH 132:
VALIDATION
valid epoch balanced_accuracy: 0.591629
EPOCH 133:
VALIDATION
valid epoch balanced_accuracy: 0.640271
EPOCH 134:
VALIDATION
valid epoch balanced_accuracy: 0.582579
EPOCH 135:
VALIDATION
valid epoch balanced_accuracy: 0.640271
EPOCH 136:
VALIDATION
valid epoch balanced_accuracy: 0.630090
EPOCH 137:
VALIDATION
valid epoch balanced_accuracy: 0.572398
EPOCH 138:
VALIDATION
valid epoch balanced_accuracy: 0.621041
EPOCH 139:
VALIDATION
valid epoch balanced_accuracy: 0.630090
EPOCH 140:
VALIDATION
valid epoch balanced_accuracy: 0.601810
EPOCH 141:
VALIDATION
valid epoch balanced_accuracy: 0.504525
EPOCH 142:
VALIDATION
valid epoch balanced_accuracy: 0.632353
EPOCH 143:
VALIDATION
valid epoch balanced_accuracy: 0.542986
EPOCH 144:
VALIDATION
valid epoch balanced_accuracy: 0.495475
EPOCH 145:
VALIDATION
valid epoch balanced_accuracy: 0.581448
EPOCH 146:
VALIDATION
valid epoch balanced_accuracy: 0.582579
EPOCH 147:
VALIDATION
valid epoch balanced_accuracy: 0.649321
EPOCH 148:
VALIDATION
valid epoch balanced_accuracy: 0.591629
EPOCH 149:
VALIDATION
valid epoch balanced_accuracy: 0.582579
EPOCH 150:
VALIDATION
valid epoch balanced_accuracy: 0.573529
accuracy: 0.581395
sensitivity: 0.769231
precision: 0.625000
specificity: 0.294118
IoU: 0.526316
FAR: 0.705882
F1: 0.689655
balanced_accuracy: 0.531674
loss: 0.682586
