Waiting for exclusive access to GPU GPU-9cd069ea-7704-1e30-ba2f-13a1c7cb6c21.
=== GROUP: IP_trans | VARIANT: bbp_fa_nps3mlp_dpt01_gm | SEED: 3 | GPU: NVIDIA H100 ===

number of parameters : 876112
train : (1382, 12)
valid : (65, 12)
test : (65, 12)
class weights : [1.0, 1.0]
balanced batches : 87 per epoch covering all 1382 train rows, target 8 positive + 8 unlabeled
cache warmed : 35 proteins, 409 lipid encodings, 0 lipid graphs, 131 MiB
data extracted
EPOCH 1:
VALIDATION
valid epoch balanced_accuracy: 0.729406
EPOCH 2:
VALIDATION
valid epoch balanced_accuracy: 0.701628
EPOCH 3:
VALIDATION
valid epoch balanced_accuracy: 0.489464
EPOCH 4:
VALIDATION
valid epoch balanced_accuracy: 0.771073
EPOCH 5:
VALIDATION
valid epoch balanced_accuracy: 0.574713
EPOCH 6:
VALIDATION
valid epoch balanced_accuracy: 0.609195
EPOCH 7:
VALIDATION
valid epoch balanced_accuracy: 0.567529
EPOCH 8:
VALIDATION
valid epoch balanced_accuracy: 0.450670
EPOCH 9:
VALIDATION
valid epoch balanced_accuracy: 0.599138
EPOCH 10:
VALIDATION
valid epoch balanced_accuracy: 0.602490
EPOCH 11:
VALIDATION
valid epoch balanced_accuracy: 0.406130
EPOCH 12:
VALIDATION
valid epoch balanced_accuracy: 0.315613
EPOCH 13:
VALIDATION
valid epoch balanced_accuracy: 0.536398
EPOCH 14:
VALIDATION
valid epoch balanced_accuracy: 0.388889
EPOCH 15:
VALIDATION
valid epoch balanced_accuracy: 0.453544
EPOCH 16:
VALIDATION
valid epoch balanced_accuracy: 0.406130
EPOCH 17:
VALIDATION
valid epoch balanced_accuracy: 0.498563
EPOCH 18:
VALIDATION
valid epoch balanced_accuracy: 0.495690
EPOCH 19:
VALIDATION
valid epoch balanced_accuracy: 0.385057
EPOCH 20:
VALIDATION
valid epoch balanced_accuracy: 0.446839
EPOCH 21:
VALIDATION
valid epoch balanced_accuracy: 0.623084
EPOCH 22:
VALIDATION
valid epoch balanced_accuracy: 0.440134
EPOCH 23:
VALIDATION
valid epoch balanced_accuracy: 0.371169
EPOCH 24:
VALIDATION
valid epoch balanced_accuracy: 0.456897
EPOCH 25:
VALIDATION
valid epoch balanced_accuracy: 0.481322
EPOCH 26:
VALIDATION
valid epoch balanced_accuracy: 0.412356
EPOCH 27:
VALIDATION
valid epoch balanced_accuracy: 0.474617
EPOCH 28:
VALIDATION
valid epoch balanced_accuracy: 0.430077
EPOCH 29:
VALIDATION
valid epoch balanced_accuracy: 0.653736
EPOCH 30:
VALIDATION
valid epoch balanced_accuracy: 0.432950
EPOCH 31:
VALIDATION
valid epoch balanced_accuracy: 0.519157
EPOCH 32:
VALIDATION
valid epoch balanced_accuracy: 0.474617
EPOCH 33:
VALIDATION
valid epoch balanced_accuracy: 0.457375
EPOCH 34:
VALIDATION
valid epoch balanced_accuracy: 0.432950
EPOCH 35:
VALIDATION
valid epoch balanced_accuracy: 0.477969
EPOCH 36:
VALIDATION
valid epoch balanced_accuracy: 0.426724
EPOCH 37:
VALIDATION
valid epoch balanced_accuracy: 0.388410
EPOCH 38:
VALIDATION
valid epoch balanced_accuracy: 0.440613
EPOCH 39:
VALIDATION
valid epoch balanced_accuracy: 0.426724
EPOCH 40:
VALIDATION
valid epoch balanced_accuracy: 0.363985
EPOCH 41:
VALIDATION
valid epoch balanced_accuracy: 0.426245
EPOCH 42:
VALIDATION
valid epoch balanced_accuracy: 0.543103
EPOCH 43:
VALIDATION
valid epoch balanced_accuracy: 0.470785
EPOCH 44:
VALIDATION
valid epoch balanced_accuracy: 0.512452
EPOCH 45:
VALIDATION
valid epoch balanced_accuracy: 0.395115
EPOCH 46:
VALIDATION
valid epoch balanced_accuracy: 0.533046
EPOCH 47:
VALIDATION
valid epoch balanced_accuracy: 0.509100
EPOCH 48:
VALIDATION
valid epoch balanced_accuracy: 0.567529
EPOCH 49:
VALIDATION
valid epoch balanced_accuracy: 0.409004
EPOCH 50:
VALIDATION
valid epoch balanced_accuracy: 0.546935
EPOCH 51:
VALIDATION
valid epoch balanced_accuracy: 0.384579
EPOCH 52:
VALIDATION
valid epoch balanced_accuracy: 0.495211
EPOCH 53:
VALIDATION
valid epoch balanced_accuracy: 0.467433
EPOCH 54:
VALIDATION
valid epoch balanced_accuracy: 0.491858
EPOCH 55:
VALIDATION
valid epoch balanced_accuracy: 0.391762
EPOCH 56:
VALIDATION
valid epoch balanced_accuracy: 0.422893
EPOCH 57:
VALIDATION
valid epoch balanced_accuracy: 0.464559
EPOCH 58:
VALIDATION
valid epoch balanced_accuracy: 0.377874
EPOCH 59:
VALIDATION
valid epoch balanced_accuracy: 0.560824
EPOCH 60:
VALIDATION
valid epoch balanced_accuracy: 0.477969
EPOCH 61:
VALIDATION
valid epoch balanced_accuracy: 0.412356
EPOCH 62:
VALIDATION
valid epoch balanced_accuracy: 0.560824
EPOCH 63:
VALIDATION
valid epoch balanced_accuracy: 0.543103
EPOCH 64:
VALIDATION
valid epoch balanced_accuracy: 0.581897
EPOCH 65:
VALIDATION
valid epoch balanced_accuracy: 0.426245
EPOCH 66:
VALIDATION
valid epoch balanced_accuracy: 0.470785
EPOCH 67:
VALIDATION
valid epoch balanced_accuracy: 0.539751
EPOCH 68:
VALIDATION
valid epoch balanced_accuracy: 0.595307
EPOCH 69:
VALIDATION
valid epoch balanced_accuracy: 0.526820
EPOCH 70:
VALIDATION
valid epoch balanced_accuracy: 0.436782
EPOCH 71:
VALIDATION
valid epoch balanced_accuracy: 0.519636
EPOCH 72:
VALIDATION
valid epoch balanced_accuracy: 0.570881
EPOCH 73:
VALIDATION
valid epoch balanced_accuracy: 0.505747
EPOCH 74:
VALIDATION
valid epoch balanced_accuracy: 0.491858
EPOCH 75:
VALIDATION
valid epoch balanced_accuracy: 0.505747
EPOCH 76:
VALIDATION
valid epoch balanced_accuracy: 0.584770
EPOCH 77:
VALIDATION
valid epoch balanced_accuracy: 0.556992
EPOCH 78:
VALIDATION
valid epoch balanced_accuracy: 0.450670
EPOCH 79:
VALIDATION
valid epoch balanced_accuracy: 0.402299
EPOCH 80:
VALIDATION
valid epoch balanced_accuracy: 0.419540
EPOCH 81:
VALIDATION
valid epoch balanced_accuracy: 0.526341
EPOCH 82:
VALIDATION
valid epoch balanced_accuracy: 0.430077
EPOCH 83:
VALIDATION
valid epoch balanced_accuracy: 0.409004
EPOCH 84:
VALIDATION
valid epoch balanced_accuracy: 0.578065
EPOCH 85:
VALIDATION
valid epoch balanced_accuracy: 0.557471
EPOCH 86:
VALIDATION
valid epoch balanced_accuracy: 0.405651
EPOCH 87:
VALIDATION
valid epoch balanced_accuracy: 0.536398
EPOCH 88:
VALIDATION
valid epoch balanced_accuracy: 0.412356
EPOCH 89:
VALIDATION
valid epoch balanced_accuracy: 0.581418
EPOCH 90:
VALIDATION
valid epoch balanced_accuracy: 0.381226
EPOCH 91:
VALIDATION
valid epoch balanced_accuracy: 0.511973
EPOCH 92:
VALIDATION
valid epoch balanced_accuracy: 0.416188
EPOCH 93:
VALIDATION
valid epoch balanced_accuracy: 0.584770
EPOCH 94:
VALIDATION
valid epoch balanced_accuracy: 0.526341
EPOCH 95:
VALIDATION
valid epoch balanced_accuracy: 0.578065
EPOCH 96:
VALIDATION
valid epoch balanced_accuracy: 0.391762
EPOCH 97:
VALIDATION
valid epoch balanced_accuracy: 0.536398
EPOCH 98:
VALIDATION
valid epoch balanced_accuracy: 0.422893
EPOCH 99:
VALIDATION
valid epoch balanced_accuracy: 0.450670
EPOCH 100:
VALIDATION
valid epoch balanced_accuracy: 0.540230
EPOCH 101:
VALIDATION
valid epoch balanced_accuracy: 0.484195
EPOCH 102:
VALIDATION
valid epoch balanced_accuracy: 0.419540
EPOCH 103:
VALIDATION
valid epoch balanced_accuracy: 0.457375
EPOCH 104:
VALIDATION
valid epoch balanced_accuracy: 0.471264
EPOCH 105:
VALIDATION
valid epoch balanced_accuracy: 0.447318
EPOCH 106:
VALIDATION
valid epoch balanced_accuracy: 0.433429
EPOCH 107:
VALIDATION
valid epoch balanced_accuracy: 0.422893
EPOCH 108:
VALIDATION
valid epoch balanced_accuracy: 0.447318
EPOCH 109:
VALIDATION
valid epoch balanced_accuracy: 0.443966
EPOCH 110:
VALIDATION
valid epoch balanced_accuracy: 0.388410
EPOCH 111:
VALIDATION
valid epoch balanced_accuracy: 0.405651
EPOCH 112:
VALIDATION
valid epoch balanced_accuracy: 0.419061
EPOCH 113:
VALIDATION
valid epoch balanced_accuracy: 0.360632
EPOCH 114:
VALIDATION
valid epoch balanced_accuracy: 0.433429
EPOCH 115:
VALIDATION
valid epoch balanced_accuracy: 0.440134
EPOCH 116:
VALIDATION
valid epoch balanced_accuracy: 0.405651
EPOCH 117:
VALIDATION
valid epoch balanced_accuracy: 0.440613
EPOCH 118:
VALIDATION
valid epoch balanced_accuracy: 0.388410
EPOCH 119:
VALIDATION
valid epoch balanced_accuracy: 0.412835
EPOCH 120:
VALIDATION
valid epoch balanced_accuracy: 0.463602
EPOCH 121:
VALIDATION
valid epoch balanced_accuracy: 0.453544
EPOCH 122:
VALIDATION
valid epoch balanced_accuracy: 0.391762
EPOCH 123:
VALIDATION
valid epoch balanced_accuracy: 0.405651
EPOCH 124:
VALIDATION
valid epoch balanced_accuracy: 0.484674
EPOCH 125:
VALIDATION
valid epoch balanced_accuracy: 0.409004
EPOCH 126:
VALIDATION
valid epoch balanced_accuracy: 0.515805
EPOCH 127:
VALIDATION
valid epoch balanced_accuracy: 0.501916
EPOCH 128:
VALIDATION
valid epoch balanced_accuracy: 0.405651
EPOCH 129:
VALIDATION
valid epoch balanced_accuracy: 0.557471
EPOCH 130:
VALIDATION
valid epoch balanced_accuracy: 0.543103
EPOCH 131:
VALIDATION
valid epoch balanced_accuracy: 0.402299
EPOCH 132:
VALIDATION
valid epoch balanced_accuracy: 0.443487
EPOCH 133:
VALIDATION
valid epoch balanced_accuracy: 0.495211
EPOCH 134:
VALIDATION
valid epoch balanced_accuracy: 0.377874
EPOCH 135:
VALIDATION
valid epoch balanced_accuracy: 0.405651
EPOCH 136:
VALIDATION
valid epoch balanced_accuracy: 0.436782
EPOCH 137:
VALIDATION
valid epoch balanced_accuracy: 0.515805
EPOCH 138:
VALIDATION
valid epoch balanced_accuracy: 0.405651
EPOCH 139:
VALIDATION
valid epoch balanced_accuracy: 0.409004
EPOCH 140:
VALIDATION
valid epoch balanced_accuracy: 0.405651
EPOCH 141:
VALIDATION
valid epoch balanced_accuracy: 0.433429
EPOCH 142:
VALIDATION
valid epoch balanced_accuracy: 0.405651
EPOCH 143:
VALIDATION
valid epoch balanced_accuracy: 0.405651
EPOCH 144:
VALIDATION
valid epoch balanced_accuracy: 0.422893
EPOCH 145:
VALIDATION
valid epoch balanced_accuracy: 0.456418
EPOCH 146:
VALIDATION
valid epoch balanced_accuracy: 0.391284
EPOCH 147:
VALIDATION
valid epoch balanced_accuracy: 0.405651
EPOCH 148:
VALIDATION
valid epoch balanced_accuracy: 0.481322
EPOCH 149:
VALIDATION
valid epoch balanced_accuracy: 0.395115
EPOCH 150:
VALIDATION
valid epoch balanced_accuracy: 0.457375
accuracy: 0.769231
sensitivity: 0.916667
precision: 0.733333
specificity: 0.586207
IoU: 0.687500
FAR: 0.413793
F1: 0.814815
balanced_accuracy: 0.751437
loss: 0.674542
