
number of parameters : 876112
train : (1382, 12)
valid : (65, 12)
test : (65, 12)
class weights : [1.0, 1.0]
balanced batches : 87 per epoch covering all 1382 train rows, target 8 positive + 8 unlabeled
cache warmed : 35 proteins, 409 lipid encodings, 0 lipid graphs, 131 MiB
data extracted
EPOCH 1:
VALIDATION
valid epoch balanced_accuracy: 0.664286
EPOCH 2:
VALIDATION
valid epoch balanced_accuracy: 0.571429
EPOCH 3:
VALIDATION
valid epoch balanced_accuracy: 0.702381
EPOCH 4:
VALIDATION
valid epoch balanced_accuracy: 0.704762
EPOCH 5:
VALIDATION
valid epoch balanced_accuracy: 0.792857
EPOCH 6:
VALIDATION
valid epoch balanced_accuracy: 0.740476
EPOCH 7:
VALIDATION
valid epoch balanced_accuracy: 0.716667
EPOCH 8:
VALIDATION
valid epoch balanced_accuracy: 0.621429
EPOCH 9:
VALIDATION
valid epoch balanced_accuracy: 0.661905
EPOCH 10:
VALIDATION
valid epoch balanced_accuracy: 0.638095
EPOCH 11:
VALIDATION
valid epoch balanced_accuracy: 0.607143
EPOCH 12:
VALIDATION
valid epoch balanced_accuracy: 0.604762
EPOCH 13:
VALIDATION
valid epoch balanced_accuracy: 0.642857
EPOCH 14:
VALIDATION
valid epoch balanced_accuracy: 0.626190
EPOCH 15:
VALIDATION
valid epoch balanced_accuracy: 0.533333
EPOCH 16:
VALIDATION
valid epoch balanced_accuracy: 0.678571
EPOCH 17:
VALIDATION
valid epoch balanced_accuracy: 0.492857
EPOCH 18:
VALIDATION
valid epoch balanced_accuracy: 0.692857
EPOCH 19:
VALIDATION
valid epoch balanced_accuracy: 0.630952
EPOCH 20:
VALIDATION
valid epoch balanced_accuracy: 0.478571
EPOCH 21:
VALIDATION
valid epoch balanced_accuracy: 0.635714
EPOCH 22:
VALIDATION
valid epoch balanced_accuracy: 0.621429
EPOCH 23:
VALIDATION
valid epoch balanced_accuracy: 0.654762
EPOCH 24:
VALIDATION
valid epoch balanced_accuracy: 0.619048
EPOCH 25:
VALIDATION
valid epoch balanced_accuracy: 0.714286
EPOCH 26:
VALIDATION
valid epoch balanced_accuracy: 0.545238
EPOCH 27:
VALIDATION
valid epoch balanced_accuracy: 0.704762
EPOCH 28:
VALIDATION
valid epoch balanced_accuracy: 0.602381
EPOCH 29:
VALIDATION
valid epoch balanced_accuracy: 0.609524
EPOCH 30:
VALIDATION
valid epoch balanced_accuracy: 0.676190
EPOCH 31:
VALIDATION
valid epoch balanced_accuracy: 0.645238
EPOCH 32:
VALIDATION
valid epoch balanced_accuracy: 0.659524
EPOCH 33:
VALIDATION
valid epoch balanced_accuracy: 0.588095
EPOCH 34:
VALIDATION
valid epoch balanced_accuracy: 0.583333
EPOCH 35:
VALIDATION
valid epoch balanced_accuracy: 0.640476
EPOCH 36:
VALIDATION
valid epoch balanced_accuracy: 0.695238
EPOCH 37:
VALIDATION
valid epoch balanced_accuracy: 0.700000
EPOCH 38:
VALIDATION
valid epoch balanced_accuracy: 0.673810
EPOCH 39:
VALIDATION
valid epoch balanced_accuracy: 0.726190
EPOCH 40:
VALIDATION
valid epoch balanced_accuracy: 0.707143
EPOCH 41:
VALIDATION
valid epoch balanced_accuracy: 0.719048
EPOCH 42:
VALIDATION
valid epoch balanced_accuracy: 0.709524
EPOCH 43:
VALIDATION
valid epoch balanced_accuracy: 0.692857
EPOCH 44:
VALIDATION
valid epoch balanced_accuracy: 0.707143
EPOCH 45:
VALIDATION
valid epoch balanced_accuracy: 0.659524
EPOCH 46:
VALIDATION
valid epoch balanced_accuracy: 0.659524
EPOCH 47:
VALIDATION
valid epoch balanced_accuracy: 0.730952
EPOCH 48:
VALIDATION
valid epoch balanced_accuracy: 0.804762
EPOCH 49:
VALIDATION
valid epoch balanced_accuracy: 0.661905
EPOCH 50:
VALIDATION
valid epoch balanced_accuracy: 0.704762
EPOCH 51:
VALIDATION
valid epoch balanced_accuracy: 0.597619
EPOCH 52:
VALIDATION
valid epoch balanced_accuracy: 0.538095
EPOCH 53:
VALIDATION
valid epoch balanced_accuracy: 0.661905
EPOCH 54:
VALIDATION
valid epoch balanced_accuracy: 0.657143
EPOCH 55:
VALIDATION
valid epoch balanced_accuracy: 0.664286
EPOCH 56:
VALIDATION
valid epoch balanced_accuracy: 0.678571
EPOCH 57:
VALIDATION
valid epoch balanced_accuracy: 0.640476
EPOCH 58:
VALIDATION
valid epoch balanced_accuracy: 0.671429
EPOCH 59:
VALIDATION
valid epoch balanced_accuracy: 0.714286
EPOCH 60:
VALIDATION
valid epoch balanced_accuracy: 0.659524
EPOCH 61:
VALIDATION
valid epoch balanced_accuracy: 0.630952
EPOCH 62:
VALIDATION
valid epoch balanced_accuracy: 0.742857
EPOCH 63:
VALIDATION
valid epoch balanced_accuracy: 0.757143
EPOCH 64:
VALIDATION
valid epoch balanced_accuracy: 0.702381
EPOCH 65:
VALIDATION
valid epoch balanced_accuracy: 0.645238
EPOCH 66:
VALIDATION
valid epoch balanced_accuracy: 0.721429
EPOCH 67:
VALIDATION
valid epoch balanced_accuracy: 0.783333
EPOCH 68:
VALIDATION
valid epoch balanced_accuracy: 0.676190
EPOCH 69:
VALIDATION
valid epoch balanced_accuracy: 0.652381
EPOCH 70:
VALIDATION
valid epoch balanced_accuracy: 0.704762
EPOCH 71:
VALIDATION
valid epoch balanced_accuracy: 0.685714
EPOCH 72:
VALIDATION
valid epoch balanced_accuracy: 0.671429
EPOCH 73:
VALIDATION
valid epoch balanced_accuracy: 0.685714
EPOCH 74:
VALIDATION
valid epoch balanced_accuracy: 0.704762
EPOCH 75:
VALIDATION
valid epoch balanced_accuracy: 0.704762
EPOCH 76:
VALIDATION
valid epoch balanced_accuracy: 0.676190
EPOCH 77:
VALIDATION
valid epoch balanced_accuracy: 0.666667
EPOCH 78:
VALIDATION
valid epoch balanced_accuracy: 0.733333
EPOCH 79:
VALIDATION
valid epoch balanced_accuracy: 0.585714
EPOCH 80:
VALIDATION
valid epoch balanced_accuracy: 0.690476
EPOCH 81:
VALIDATION
valid epoch balanced_accuracy: 0.685714
EPOCH 82:
VALIDATION
valid epoch balanced_accuracy: 0.745238
EPOCH 83:
VALIDATION
valid epoch balanced_accuracy: 0.659524
EPOCH 84:
VALIDATION
valid epoch balanced_accuracy: 0.692857
EPOCH 85:
VALIDATION
valid epoch balanced_accuracy: 0.666667
EPOCH 86:
VALIDATION
valid epoch balanced_accuracy: 0.702381
EPOCH 87:
VALIDATION
valid epoch balanced_accuracy: 0.700000
EPOCH 88:
VALIDATION
valid epoch balanced_accuracy: 0.673810
EPOCH 89:
VALIDATION
valid epoch balanced_accuracy: 0.685714
EPOCH 90:
VALIDATION
valid epoch balanced_accuracy: 0.671429
EPOCH 91:
VALIDATION
valid epoch balanced_accuracy: 0.709524
EPOCH 92:
VALIDATION
valid epoch balanced_accuracy: 0.716667
EPOCH 93:
VALIDATION
valid epoch balanced_accuracy: 0.730952
EPOCH 94:
VALIDATION
valid epoch balanced_accuracy: 0.669048
EPOCH 95:
VALIDATION
valid epoch balanced_accuracy: 0.692857
EPOCH 96:
VALIDATION
valid epoch balanced_accuracy: 0.659524
EPOCH 97:
VALIDATION
valid epoch balanced_accuracy: 0.502381
EPOCH 98:
VALIDATION
valid epoch balanced_accuracy: 0.685714
EPOCH 99:
VALIDATION
valid epoch balanced_accuracy: 0.671429
EPOCH 100:
VALIDATION
valid epoch balanced_accuracy: 0.721429
EPOCH 101:
VALIDATION
valid epoch balanced_accuracy: 0.704762
EPOCH 102:
VALIDATION
valid epoch balanced_accuracy: 0.685714
EPOCH 103:
VALIDATION
valid epoch balanced_accuracy: 0.726190
EPOCH 104:
VALIDATION
valid epoch balanced_accuracy: 0.702381
EPOCH 105:
VALIDATION
valid epoch balanced_accuracy: 0.692857
EPOCH 106:
VALIDATION
valid epoch balanced_accuracy: 0.719048
EPOCH 107:
VALIDATION
valid epoch balanced_accuracy: 0.688095
EPOCH 108:
VALIDATION
valid epoch balanced_accuracy: 0.752381
EPOCH 109:
VALIDATION
valid epoch balanced_accuracy: 0.516667
EPOCH 110:
VALIDATION
valid epoch balanced_accuracy: 0.704762
EPOCH 111:
VALIDATION
valid epoch balanced_accuracy: 0.671429
EPOCH 112:
VALIDATION
valid epoch balanced_accuracy: 0.714286
EPOCH 113:
VALIDATION
valid epoch balanced_accuracy: 0.709524
EPOCH 114:
VALIDATION
valid epoch balanced_accuracy: 0.669048
EPOCH 115:
VALIDATION
valid epoch balanced_accuracy: 0.709524
EPOCH 116:
VALIDATION
valid epoch balanced_accuracy: 0.666667
EPOCH 117:
VALIDATION
valid epoch balanced_accuracy: 0.728571
EPOCH 118:
VALIDATION
valid epoch balanced_accuracy: 0.702381
EPOCH 119:
VALIDATION
valid epoch balanced_accuracy: 0.692857
EPOCH 120:
VALIDATION
valid epoch balanced_accuracy: 0.688095
EPOCH 121:
VALIDATION
valid epoch balanced_accuracy: 0.671429
EPOCH 122:
VALIDATION
valid epoch balanced_accuracy: 0.616667
EPOCH 123:
VALIDATION
valid epoch balanced_accuracy: 0.695238
EPOCH 124:
VALIDATION
valid epoch balanced_accuracy: 0.519048
EPOCH 125:
VALIDATION
valid epoch balanced_accuracy: 0.719048
EPOCH 126:
VALIDATION
valid epoch balanced_accuracy: 0.695238
EPOCH 127:
VALIDATION
valid epoch balanced_accuracy: 0.690476
EPOCH 128:
VALIDATION
valid epoch balanced_accuracy: 0.709524
EPOCH 129:
VALIDATION
valid epoch balanced_accuracy: 0.709524
EPOCH 130:
VALIDATION
valid epoch balanced_accuracy: 0.726190
EPOCH 131:
VALIDATION
valid epoch balanced_accuracy: 0.754762
EPOCH 132:
VALIDATION
valid epoch balanced_accuracy: 0.709524
EPOCH 133:
VALIDATION
valid epoch balanced_accuracy: 0.709524
EPOCH 134:
VALIDATION
valid epoch balanced_accuracy: 0.735714
EPOCH 135:
VALIDATION
valid epoch balanced_accuracy: 0.726190
EPOCH 136:
VALIDATION
valid epoch balanced_accuracy: 0.666667
EPOCH 137:
VALIDATION
valid epoch balanced_accuracy: 0.633333
EPOCH 138:
VALIDATION
valid epoch balanced_accuracy: 0.692857
EPOCH 139:
VALIDATION
valid epoch balanced_accuracy: 0.726190
EPOCH 140:
VALIDATION
valid epoch balanced_accuracy: 0.726190
EPOCH 141:
VALIDATION
valid epoch balanced_accuracy: 0.692857
EPOCH 142:
VALIDATION
valid epoch balanced_accuracy: 0.692857
EPOCH 143:
VALIDATION
valid epoch balanced_accuracy: 0.726190
EPOCH 144:
VALIDATION
valid epoch balanced_accuracy: 0.692857
EPOCH 145:
VALIDATION
valid epoch balanced_accuracy: 0.676190
EPOCH 146:
VALIDATION
valid epoch balanced_accuracy: 0.692857
EPOCH 147:
VALIDATION
valid epoch balanced_accuracy: 0.726190
EPOCH 148:
VALIDATION
valid epoch balanced_accuracy: 0.704762
EPOCH 149:
VALIDATION
valid epoch balanced_accuracy: 0.692857
EPOCH 150:
VALIDATION
valid epoch balanced_accuracy: 0.709524
accuracy: 0.692308
sensitivity: 0.733333
precision: 0.647059
specificity: 0.657143
IoU: 0.523810
FAR: 0.342857
F1: 0.687500
balanced_accuracy: 0.695238
loss: 0.593131
