
number of parameters : 1075406
train : (1219, 12)
valid : (56, 12)
test : (56, 12)
class weights : [1.1543560028076172, 0.8820549845695496]
data extracted
EPOCH 1:
VALIDATION
valid epoch balanced_accuracy: 0.617918
EPOCH 2:
VALIDATION
valid epoch balanced_accuracy: 0.478261
EPOCH 3:
VALIDATION
valid epoch balanced_accuracy: 0.508564
EPOCH 4:
VALIDATION
valid epoch balanced_accuracy: 0.540843
EPOCH 5:
VALIDATION
valid epoch balanced_accuracy: 0.478261
EPOCH 6:
VALIDATION
valid epoch balanced_accuracy: 0.478261
EPOCH 7:
VALIDATION
valid epoch balanced_accuracy: 0.478261
EPOCH 8:
VALIDATION
valid epoch balanced_accuracy: 0.430171
EPOCH 9:
VALIDATION
valid epoch balanced_accuracy: 0.415020
EPOCH 10:
VALIDATION
valid epoch balanced_accuracy: 0.500000
EPOCH 11:
VALIDATION
valid epoch balanced_accuracy: 0.681818
EPOCH 12:
VALIDATION
valid epoch balanced_accuracy: 0.692358
EPOCH 13:
VALIDATION
valid epoch balanced_accuracy: 0.639657
EPOCH 14:
VALIDATION
valid epoch balanced_accuracy: 0.664032
EPOCH 15:
VALIDATION
valid epoch balanced_accuracy: 0.657444
EPOCH 16:
VALIDATION
valid epoch balanced_accuracy: 0.629776
EPOCH 17:
VALIDATION
valid epoch balanced_accuracy: 0.685771
EPOCH 18:
VALIDATION
valid epoch balanced_accuracy: 0.629776
EPOCH 19:
VALIDATION
valid epoch balanced_accuracy: 0.592227
EPOCH 20:
VALIDATION
valid epoch balanced_accuracy: 0.650856
EPOCH 21:
VALIDATION
valid epoch balanced_accuracy: 0.515152
EPOCH 22:
VALIDATION
valid epoch balanced_accuracy: 0.668643
EPOCH 23:
VALIDATION
valid epoch balanced_accuracy: 0.683794
EPOCH 24:
VALIDATION
valid epoch balanced_accuracy: 0.685771
EPOCH 25:
VALIDATION
valid epoch balanced_accuracy: 0.698946
EPOCH 26:
VALIDATION
valid epoch balanced_accuracy: 0.685771
EPOCH 27:
VALIDATION
valid epoch balanced_accuracy: 0.685771
EPOCH 28:
VALIDATION
valid epoch balanced_accuracy: 0.692358
EPOCH 29:
VALIDATION
valid epoch balanced_accuracy: 0.685771
EPOCH 30:
VALIDATION
valid epoch balanced_accuracy: 0.698946
EPOCH 31:
VALIDATION
valid epoch balanced_accuracy: 0.653491
EPOCH 32:
VALIDATION
valid epoch balanced_accuracy: 0.683794
EPOCH 33:
VALIDATION
valid epoch balanced_accuracy: 0.584321
EPOCH 34:
VALIDATION
valid epoch balanced_accuracy: 0.646904
EPOCH 35:
VALIDATION
valid epoch balanced_accuracy: 0.642292
EPOCH 36:
VALIDATION
valid epoch balanced_accuracy: 0.698946
EPOCH 37:
VALIDATION
valid epoch balanced_accuracy: 0.642292
EPOCH 38:
VALIDATION
valid epoch balanced_accuracy: 0.683794
EPOCH 39:
VALIDATION
valid epoch balanced_accuracy: 0.729249
EPOCH 40:
VALIDATION
valid epoch balanced_accuracy: 0.670619
EPOCH 41:
VALIDATION
valid epoch balanced_accuracy: 0.679183
EPOCH 42:
VALIDATION
valid epoch balanced_accuracy: 0.598814
EPOCH 43:
VALIDATION
valid epoch balanced_accuracy: 0.700922
EPOCH 44:
VALIDATION
valid epoch balanced_accuracy: 0.608037
EPOCH 45:
VALIDATION
valid epoch balanced_accuracy: 0.698946
EPOCH 46:
VALIDATION
valid epoch balanced_accuracy: 0.668643
EPOCH 47:
VALIDATION
valid epoch balanced_accuracy: 0.562582
EPOCH 48:
VALIDATION
valid epoch balanced_accuracy: 0.642292
EPOCH 49:
VALIDATION
valid epoch balanced_accuracy: 0.592885
EPOCH 50:
VALIDATION
valid epoch balanced_accuracy: 0.698946
EPOCH 51:
VALIDATION
valid epoch balanced_accuracy: 0.515152
EPOCH 52:
VALIDATION
valid epoch balanced_accuracy: 0.698946
EPOCH 53:
VALIDATION
valid epoch balanced_accuracy: 0.650856
EPOCH 54:
VALIDATION
valid epoch balanced_accuracy: 0.545455
EPOCH 55:
VALIDATION
valid epoch balanced_accuracy: 0.635705
EPOCH 56:
VALIDATION
valid epoch balanced_accuracy: 0.635705
EPOCH 57:
VALIDATION
valid epoch balanced_accuracy: 0.681159
EPOCH 58:
VALIDATION
valid epoch balanced_accuracy: 0.653491
EPOCH 59:
VALIDATION
valid epoch balanced_accuracy: 0.707510
EPOCH 60:
VALIDATION
valid epoch balanced_accuracy: 0.638340
EPOCH 61:
VALIDATION
valid epoch balanced_accuracy: 0.644928
EPOCH 62:
VALIDATION
valid epoch balanced_accuracy: 0.729249
EPOCH 63:
VALIDATION
valid epoch balanced_accuracy: 0.583663
EPOCH 64:
VALIDATION
valid epoch balanced_accuracy: 0.672596
EPOCH 65:
VALIDATION
valid epoch balanced_accuracy: 0.601449
EPOCH 66:
VALIDATION
valid epoch balanced_accuracy: 0.655468
EPOCH 67:
VALIDATION
valid epoch balanced_accuracy: 0.664032
EPOCH 68:
VALIDATION
valid epoch balanced_accuracy: 0.664032
EPOCH 69:
VALIDATION
valid epoch balanced_accuracy: 0.664032
EPOCH 70:
VALIDATION
valid epoch balanced_accuracy: 0.635705
EPOCH 71:
VALIDATION
valid epoch balanced_accuracy: 0.698946
EPOCH 72:
VALIDATION
valid epoch balanced_accuracy: 0.642292
EPOCH 73:
VALIDATION
valid epoch balanced_accuracy: 0.685771
EPOCH 74:
VALIDATION
valid epoch balanced_accuracy: 0.714097
EPOCH 75:
VALIDATION
valid epoch balanced_accuracy: 0.685771
EPOCH 76:
VALIDATION
valid epoch balanced_accuracy: 0.692358
EPOCH 77:
VALIDATION
valid epoch balanced_accuracy: 0.635705
EPOCH 78:
VALIDATION
valid epoch balanced_accuracy: 0.596179
EPOCH 79:
VALIDATION
valid epoch balanced_accuracy: 0.642292
EPOCH 80:
VALIDATION
valid epoch balanced_accuracy: 0.620553
EPOCH 81:
VALIDATION
valid epoch balanced_accuracy: 0.623188
EPOCH 82:
VALIDATION
valid epoch balanced_accuracy: 0.650856
EPOCH 83:
VALIDATION
valid epoch balanced_accuracy: 0.613966
EPOCH 84:
VALIDATION
valid epoch balanced_accuracy: 0.642292
EPOCH 85:
VALIDATION
valid epoch balanced_accuracy: 0.664032
EPOCH 86:
VALIDATION
valid epoch balanced_accuracy: 0.648880
EPOCH 87:
VALIDATION
valid epoch balanced_accuracy: 0.642292
EPOCH 88:
VALIDATION
valid epoch balanced_accuracy: 0.664032
EARLY STOPPING: rolling validation balanced accuracy did not improve for 60 epochs and validation loss increased over the same window.
accuracy: 0.553571
sensitivity: 0.281250
precision: 0.818182
specificity: 0.916667
IoU: 0.264706
FAR: 0.083333
F1: 0.418605
balanced_accuracy: 0.598958
loss: 1.421339
