Waiting for exclusive access to GPU GPU-9e4e2b6c-19ea-73ef-7026-00619f988787.
=== GROUP: IP_trans | VARIANT: bidir_edges_standard | SEED: 1 | GPU: Tesla V100-SXM2-32GB ===

number of parameters : 1075406
train : (1207, 12)
valid : (62, 12)
test : (62, 12)
class weights : [1.1695736646652222, 0.8733718991279602]
data extracted
EPOCH 1:
VALIDATION
valid epoch balanced_accuracy: 0.469697
EPOCH 2:
VALIDATION
valid epoch balanced_accuracy: 0.516196
EPOCH 3:
VALIDATION
valid epoch balanced_accuracy: 0.484326
EPOCH 4:
VALIDATION
valid epoch balanced_accuracy: 0.484848
EPOCH 5:
VALIDATION
valid epoch balanced_accuracy: 0.570533
EPOCH 6:
VALIDATION
valid epoch balanced_accuracy: 0.523511
EPOCH 7:
VALIDATION
valid epoch balanced_accuracy: 0.484848
EPOCH 8:
VALIDATION
valid epoch balanced_accuracy: 0.426332
EPOCH 9:
VALIDATION
valid epoch balanced_accuracy: 0.517241
EPOCH 10:
VALIDATION
valid epoch balanced_accuracy: 0.454545
EPOCH 11:
VALIDATION
valid epoch balanced_accuracy: 0.439394
EPOCH 12:
VALIDATION
valid epoch balanced_accuracy: 0.458725
EPOCH 13:
VALIDATION
valid epoch balanced_accuracy: 0.676071
EPOCH 14:
VALIDATION
valid epoch balanced_accuracy: 0.439394
EPOCH 15:
VALIDATION
valid epoch balanced_accuracy: 0.478056
EPOCH 16:
VALIDATION
valid epoch balanced_accuracy: 0.594566
EPOCH 17:
VALIDATION
valid epoch balanced_accuracy: 0.553292
EPOCH 18:
VALIDATION
valid epoch balanced_accuracy: 0.605016
EPOCH 19:
VALIDATION
valid epoch balanced_accuracy: 0.557471
EPOCH 20:
VALIDATION
valid epoch balanced_accuracy: 0.542842
EPOCH 21:
VALIDATION
valid epoch balanced_accuracy: 0.538662
EPOCH 22:
VALIDATION
valid epoch balanced_accuracy: 0.484848
EPOCH 23:
VALIDATION
valid epoch balanced_accuracy: 0.624869
EPOCH 24:
VALIDATION
valid epoch balanced_accuracy: 0.557471
EPOCH 25:
VALIDATION
valid epoch balanced_accuracy: 0.538662
EPOCH 26:
VALIDATION
valid epoch balanced_accuracy: 0.523511
EPOCH 27:
VALIDATION
valid epoch balanced_accuracy: 0.525601
EPOCH 28:
VALIDATION
valid epoch balanced_accuracy: 0.486938
EPOCH 29:
VALIDATION
valid epoch balanced_accuracy: 0.502090
EPOCH 30:
VALIDATION
valid epoch balanced_accuracy: 0.538662
EPOCH 31:
VALIDATION
valid epoch balanced_accuracy: 0.573145
EPOCH 32:
VALIDATION
valid epoch balanced_accuracy: 0.510449
EPOCH 33:
VALIDATION
valid epoch balanced_accuracy: 0.521421
EPOCH 34:
VALIDATION
valid epoch balanced_accuracy: 0.547022
EPOCH 35:
VALIDATION
valid epoch balanced_accuracy: 0.555904
EPOCH 36:
VALIDATION
valid epoch balanced_accuracy: 0.553814
EPOCH 37:
VALIDATION
valid epoch balanced_accuracy: 0.527691
EPOCH 38:
VALIDATION
valid epoch balanced_accuracy: 0.566353
EPOCH 39:
VALIDATION
valid epoch balanced_accuracy: 0.512017
EPOCH 40:
VALIDATION
valid epoch balanced_accuracy: 0.549112
EPOCH 41:
VALIDATION
valid epoch balanced_accuracy: 0.557994
EPOCH 42:
VALIDATION
valid epoch balanced_accuracy: 0.497388
EPOCH 43:
VALIDATION
valid epoch balanced_accuracy: 0.557994
EPOCH 44:
VALIDATION
valid epoch balanced_accuracy: 0.540752
EPOCH 45:
VALIDATION
valid epoch balanced_accuracy: 0.557994
EPOCH 46:
VALIDATION
valid epoch balanced_accuracy: 0.531870
EPOCH 47:
VALIDATION
valid epoch balanced_accuracy: 0.529781
EPOCH 48:
VALIDATION
valid epoch balanced_accuracy: 0.598746
EPOCH 49:
VALIDATION
valid epoch balanced_accuracy: 0.643678
EPOCH 50:
VALIDATION
valid epoch balanced_accuracy: 0.501567
EPOCH 51:
VALIDATION
valid epoch balanced_accuracy: 0.538662
EPOCH 52:
VALIDATION
valid epoch balanced_accuracy: 0.519331
EPOCH 53:
VALIDATION
valid epoch balanced_accuracy: 0.512539
EPOCH 54:
VALIDATION
valid epoch balanced_accuracy: 0.527691
EPOCH 55:
VALIDATION
valid epoch balanced_accuracy: 0.523511
EPOCH 56:
VALIDATION
valid epoch balanced_accuracy: 0.531870
EPOCH 57:
VALIDATION
valid epoch balanced_accuracy: 0.523511
EPOCH 58:
VALIDATION
valid epoch balanced_accuracy: 0.575235
EPOCH 59:
VALIDATION
valid epoch balanced_accuracy: 0.577325
EPOCH 60:
VALIDATION
valid epoch balanced_accuracy: 0.516719
EPOCH 61:
VALIDATION
valid epoch balanced_accuracy: 0.544932
EPOCH 62:
VALIDATION
valid epoch balanced_accuracy: 0.531870
EPOCH 63:
VALIDATION
valid epoch balanced_accuracy: 0.480146
EPOCH 64:
VALIDATION
valid epoch balanced_accuracy: 0.517241
EPOCH 65:
VALIDATION
valid epoch balanced_accuracy: 0.521421
EPOCH 66:
VALIDATION
valid epoch balanced_accuracy: 0.533960
EPOCH 67:
VALIDATION
valid epoch balanced_accuracy: 0.484848
EPOCH 68:
VALIDATION
valid epoch balanced_accuracy: 0.525601
EPOCH 69:
VALIDATION
valid epoch balanced_accuracy: 0.555904
EPOCH 70:
VALIDATION
valid epoch balanced_accuracy: 0.571055
EPOCH 71:
VALIDATION
valid epoch balanced_accuracy: 0.503657
EPOCH 72:
VALIDATION
valid epoch balanced_accuracy: 0.525601
EPOCH 73:
VALIDATION
valid epoch balanced_accuracy: 0.516719
EPOCH 74:
VALIDATION
valid epoch balanced_accuracy: 0.510449
EPOCH 75:
VALIDATION
valid epoch balanced_accuracy: 0.514629
EPOCH 76:
VALIDATION
valid epoch balanced_accuracy: 0.553814
EPOCH 77:
VALIDATION
valid epoch balanced_accuracy: 0.500000
EPOCH 78:
VALIDATION
valid epoch balanced_accuracy: 0.504180
EPOCH 79:
VALIDATION
valid epoch balanced_accuracy: 0.495298
EPOCH 80:
VALIDATION
valid epoch balanced_accuracy: 0.499478
EPOCH 81:
VALIDATION
valid epoch balanced_accuracy: 0.521421
EPOCH 82:
VALIDATION
valid epoch balanced_accuracy: 0.491118
EPOCH 83:
VALIDATION
valid epoch balanced_accuracy: 0.508359
EPOCH 84:
VALIDATION
valid epoch balanced_accuracy: 0.506270
EPOCH 85:
VALIDATION
valid epoch balanced_accuracy: 0.462905
EPOCH 86:
VALIDATION
valid epoch balanced_accuracy: 0.538662
EPOCH 87:
VALIDATION
valid epoch balanced_accuracy: 0.508359
EPOCH 88:
VALIDATION
valid epoch balanced_accuracy: 0.508359
EPOCH 89:
VALIDATION
valid epoch balanced_accuracy: 0.538662
EPOCH 90:
VALIDATION
valid epoch balanced_accuracy: 0.538662
EPOCH 91:
VALIDATION
valid epoch balanced_accuracy: 0.514629
EPOCH 92:
VALIDATION
valid epoch balanced_accuracy: 0.508359
EPOCH 93:
VALIDATION
valid epoch balanced_accuracy: 0.506270
EPOCH 94:
VALIDATION
valid epoch balanced_accuracy: 0.514629
EPOCH 95:
VALIDATION
valid epoch balanced_accuracy: 0.519331
EPOCH 96:
VALIDATION
valid epoch balanced_accuracy: 0.544932
EPOCH 97:
VALIDATION
valid epoch balanced_accuracy: 0.505747
EPOCH 98:
VALIDATION
valid epoch balanced_accuracy: 0.484848
EPOCH 99:
VALIDATION
valid epoch balanced_accuracy: 0.500000
EPOCH 100:
VALIDATION
valid epoch balanced_accuracy: 0.592476
EPOCH 101:
VALIDATION
valid epoch balanced_accuracy: 0.473877
EPOCH 102:
VALIDATION
valid epoch balanced_accuracy: 0.471787
EPOCH 103:
VALIDATION
valid epoch balanced_accuracy: 0.469697
EPOCH 104:
VALIDATION
valid epoch balanced_accuracy: 0.486938
EPOCH 105:
VALIDATION
valid epoch balanced_accuracy: 0.484848
EPOCH 106:
VALIDATION
valid epoch balanced_accuracy: 0.484848
EPOCH 107:
VALIDATION
valid epoch balanced_accuracy: 0.469697
EPOCH 108:
VALIDATION
valid epoch balanced_accuracy: 0.502090
EPOCH 109:
VALIDATION
valid epoch balanced_accuracy: 0.502090
EARLY STOPPING: rolling validation balanced accuracy did not improve for 60 epochs and validation loss increased over the same window.
accuracy: 0.548387
sensitivity: 0.472222
precision: 0.653846
specificity: 0.653846
IoU: 0.377778
FAR: 0.346154
F1: 0.548387
balanced_accuracy: 0.563034
loss: 1.629152
