Waiting for exclusive access to GPU GPU-e38fd50b-f28d-bca0-1506-1209c3351206.
=== GROUP: scp2 | VARIANT: nps3mlp_dpt015 | SEED: 0 | GPU: Tesla V100-SXM2-32GB ===

number of parameters : 1403982
train : (1236, 12)
valid : (48, 12)
test : (47, 12)
class weights : [1.181644320487976, 0.8667601943016052]
data extracted
EPOCH 1:
VALIDATION
valid epoch balanced_accuracy: 0.500000
EPOCH 2:
VALIDATION
valid epoch balanced_accuracy: 0.662587
EPOCH 3:
VALIDATION
valid epoch balanced_accuracy: 0.718531
EPOCH 4:
VALIDATION
valid epoch balanced_accuracy: 0.711538
EPOCH 5:
VALIDATION
valid epoch balanced_accuracy: 0.715035
EPOCH 6:
VALIDATION
valid epoch balanced_accuracy: 0.681818
EPOCH 7:
VALIDATION
valid epoch balanced_accuracy: 0.711538
EPOCH 8:
VALIDATION
valid epoch balanced_accuracy: 0.720280
EPOCH 9:
VALIDATION
valid epoch balanced_accuracy: 0.573427
EPOCH 10:
VALIDATION
valid epoch balanced_accuracy: 0.498252
EPOCH 11:
VALIDATION
valid epoch balanced_accuracy: 0.484266
EPOCH 12:
VALIDATION
valid epoch balanced_accuracy: 0.697552
EPOCH 13:
VALIDATION
valid epoch balanced_accuracy: 0.484266
EPOCH 14:
VALIDATION
valid epoch balanced_accuracy: 0.636364
EPOCH 15:
VALIDATION
valid epoch balanced_accuracy: 0.631119
EPOCH 16:
VALIDATION
valid epoch balanced_accuracy: 0.517483
EPOCH 17:
VALIDATION
valid epoch balanced_accuracy: 0.543706
EPOCH 18:
VALIDATION
valid epoch balanced_accuracy: 0.687063
EPOCH 19:
VALIDATION
valid epoch balanced_accuracy: 0.657343
EPOCH 20:
VALIDATION
valid epoch balanced_accuracy: 0.582168
EPOCH 21:
VALIDATION
valid epoch balanced_accuracy: 0.645105
EPOCH 22:
VALIDATION
valid epoch balanced_accuracy: 0.687063
EPOCH 23:
VALIDATION
valid epoch balanced_accuracy: 0.706294
EPOCH 24:
VALIDATION
valid epoch balanced_accuracy: 0.709790
EPOCH 25:
VALIDATION
valid epoch balanced_accuracy: 0.683566
EPOCH 26:
VALIDATION
valid epoch balanced_accuracy: 0.680070
EPOCH 27:
VALIDATION
valid epoch balanced_accuracy: 0.638112
EPOCH 28:
VALIDATION
valid epoch balanced_accuracy: 0.582168
EPOCH 29:
VALIDATION
valid epoch balanced_accuracy: 0.680070
EPOCH 30:
VALIDATION
valid epoch balanced_accuracy: 0.615385
EPOCH 31:
VALIDATION
valid epoch balanced_accuracy: 0.517483
EPOCH 32:
VALIDATION
valid epoch balanced_accuracy: 0.687063
EPOCH 33:
VALIDATION
valid epoch balanced_accuracy: 0.667832
EPOCH 34:
VALIDATION
valid epoch balanced_accuracy: 0.608392
EPOCH 35:
VALIDATION
valid epoch balanced_accuracy: 0.680070
EPOCH 36:
VALIDATION
valid epoch balanced_accuracy: 0.673077
EPOCH 37:
VALIDATION
valid epoch balanced_accuracy: 0.687063
EPOCH 38:
VALIDATION
valid epoch balanced_accuracy: 0.660839
EPOCH 39:
VALIDATION
valid epoch balanced_accuracy: 0.690559
EPOCH 40:
VALIDATION
valid epoch balanced_accuracy: 0.683566
EPOCH 41:
VALIDATION
valid epoch balanced_accuracy: 0.578671
EPOCH 42:
VALIDATION
valid epoch balanced_accuracy: 0.683566
EPOCH 43:
VALIDATION
valid epoch balanced_accuracy: 0.664336
EPOCH 44:
VALIDATION
valid epoch balanced_accuracy: 0.653846
EPOCH 45:
VALIDATION
valid epoch balanced_accuracy: 0.618881
EPOCH 46:
VALIDATION
valid epoch balanced_accuracy: 0.709790
EPOCH 47:
VALIDATION
valid epoch balanced_accuracy: 0.653846
EPOCH 48:
VALIDATION
valid epoch balanced_accuracy: 0.725524
EPOCH 49:
VALIDATION
valid epoch balanced_accuracy: 0.748252
EPOCH 50:
VALIDATION
valid epoch balanced_accuracy: 0.664336
EPOCH 51:
VALIDATION
valid epoch balanced_accuracy: 0.722028
EPOCH 52:
VALIDATION
valid epoch balanced_accuracy: 0.615385
EPOCH 53:
VALIDATION
valid epoch balanced_accuracy: 0.671329
EPOCH 54:
VALIDATION
valid epoch balanced_accuracy: 0.603147
EPOCH 55:
VALIDATION
valid epoch balanced_accuracy: 0.687063
EPOCH 56:
VALIDATION
valid epoch balanced_accuracy: 0.702797
EPOCH 57:
VALIDATION
valid epoch balanced_accuracy: 0.611888
EPOCH 58:
VALIDATION
valid epoch balanced_accuracy: 0.547203
EPOCH 59:
VALIDATION
valid epoch balanced_accuracy: 0.657343
EPOCH 60:
VALIDATION
valid epoch balanced_accuracy: 0.589161
EPOCH 61:
VALIDATION
valid epoch balanced_accuracy: 0.550699
EPOCH 62:
VALIDATION
valid epoch balanced_accuracy: 0.615385
EPOCH 63:
VALIDATION
valid epoch balanced_accuracy: 0.638112
EPOCH 64:
VALIDATION
valid epoch balanced_accuracy: 0.648601
EPOCH 65:
VALIDATION
valid epoch balanced_accuracy: 0.702797
EPOCH 66:
VALIDATION
valid epoch balanced_accuracy: 0.674825
EPOCH 67:
VALIDATION
valid epoch balanced_accuracy: 0.699301
EPOCH 68:
VALIDATION
valid epoch balanced_accuracy: 0.680070
EPOCH 69:
VALIDATION
valid epoch balanced_accuracy: 0.660839
EPOCH 70:
VALIDATION
valid epoch balanced_accuracy: 0.660839
EPOCH 71:
VALIDATION
valid epoch balanced_accuracy: 0.660839
EPOCH 72:
VALIDATION
valid epoch balanced_accuracy: 0.550699
EPOCH 73:
VALIDATION
valid epoch balanced_accuracy: 0.648601
EPOCH 74:
VALIDATION
valid epoch balanced_accuracy: 0.629371
EPOCH 75:
VALIDATION
valid epoch balanced_accuracy: 0.687063
EPOCH 76:
VALIDATION
valid epoch balanced_accuracy: 0.657343
EPOCH 77:
VALIDATION
valid epoch balanced_accuracy: 0.706294
EPOCH 78:
VALIDATION
valid epoch balanced_accuracy: 0.547203
EPOCH 79:
VALIDATION
valid epoch balanced_accuracy: 0.744755
EPOCH 80:
VALIDATION
valid epoch balanced_accuracy: 0.751748
EPOCH 81:
VALIDATION
valid epoch balanced_accuracy: 0.706294
EPOCH 82:
VALIDATION
valid epoch balanced_accuracy: 0.645105
EPOCH 83:
VALIDATION
valid epoch balanced_accuracy: 0.629371
EPOCH 84:
VALIDATION
valid epoch balanced_accuracy: 0.702797
EPOCH 85:
VALIDATION
valid epoch balanced_accuracy: 0.687063
EPOCH 86:
VALIDATION
valid epoch balanced_accuracy: 0.687063
EPOCH 87:
VALIDATION
valid epoch balanced_accuracy: 0.641608
EPOCH 88:
VALIDATION
valid epoch balanced_accuracy: 0.657343
EPOCH 89:
VALIDATION
valid epoch balanced_accuracy: 0.648601
EPOCH 90:
VALIDATION
valid epoch balanced_accuracy: 0.667832
EPOCH 91:
VALIDATION
valid epoch balanced_accuracy: 0.690559
EPOCH 92:
VALIDATION
valid epoch balanced_accuracy: 0.641608
EPOCH 93:
VALIDATION
valid epoch balanced_accuracy: 0.667832
EPOCH 94:
VALIDATION
valid epoch balanced_accuracy: 0.709790
EPOCH 95:
VALIDATION
valid epoch balanced_accuracy: 0.667832
EPOCH 96:
VALIDATION
valid epoch balanced_accuracy: 0.709790
EPOCH 97:
VALIDATION
valid epoch balanced_accuracy: 0.610140
EPOCH 98:
VALIDATION
valid epoch balanced_accuracy: 0.534965
EPOCH 99:
VALIDATION
valid epoch balanced_accuracy: 0.566434
EPOCH 100:
VALIDATION
valid epoch balanced_accuracy: 0.690559
EPOCH 101:
VALIDATION
valid epoch balanced_accuracy: 0.683566
EPOCH 102:
VALIDATION
valid epoch balanced_accuracy: 0.596154
EPOCH 103:
VALIDATION
valid epoch balanced_accuracy: 0.709790
EPOCH 104:
VALIDATION
valid epoch balanced_accuracy: 0.638112
EPOCH 105:
VALIDATION
valid epoch balanced_accuracy: 0.615385
EPOCH 106:
VALIDATION
valid epoch balanced_accuracy: 0.641608
EPOCH 107:
VALIDATION
valid epoch balanced_accuracy: 0.622378
EPOCH 108:
VALIDATION
valid epoch balanced_accuracy: 0.648601
EPOCH 109:
VALIDATION
valid epoch balanced_accuracy: 0.615385
EPOCH 110:
VALIDATION
valid epoch balanced_accuracy: 0.622378
EPOCH 111:
VALIDATION
valid epoch balanced_accuracy: 0.615385
EPOCH 112:
VALIDATION
valid epoch balanced_accuracy: 0.641608
EPOCH 113:
VALIDATION
valid epoch balanced_accuracy: 0.622378
EPOCH 114:
VALIDATION
valid epoch balanced_accuracy: 0.622378
EPOCH 115:
VALIDATION
valid epoch balanced_accuracy: 0.660839
EPOCH 116:
VALIDATION
valid epoch balanced_accuracy: 0.638112
EPOCH 117:
VALIDATION
valid epoch balanced_accuracy: 0.648601
EPOCH 118:
VALIDATION
valid epoch balanced_accuracy: 0.648601
EPOCH 119:
VALIDATION
valid epoch balanced_accuracy: 0.648601
EPOCH 120:
VALIDATION
valid epoch balanced_accuracy: 0.673077
EPOCH 121:
VALIDATION
valid epoch balanced_accuracy: 0.694056
EPOCH 122:
VALIDATION
valid epoch balanced_accuracy: 0.687063
EPOCH 123:
VALIDATION
valid epoch balanced_accuracy: 0.729021
EPOCH 124:
VALIDATION
valid epoch balanced_accuracy: 0.687063
EPOCH 125:
VALIDATION
valid epoch balanced_accuracy: 0.664336
EPOCH 126:
VALIDATION
valid epoch balanced_accuracy: 0.664336
EPOCH 127:
VALIDATION
valid epoch balanced_accuracy: 0.645105
EPOCH 128:
VALIDATION
valid epoch balanced_accuracy: 0.664336
EPOCH 129:
VALIDATION
valid epoch balanced_accuracy: 0.683566
EPOCH 130:
VALIDATION
valid epoch balanced_accuracy: 0.648601
EPOCH 131:
VALIDATION
valid epoch balanced_accuracy: 0.706294
EPOCH 132:
VALIDATION
valid epoch balanced_accuracy: 0.667832
EPOCH 133:
VALIDATION
valid epoch balanced_accuracy: 0.706294
EPOCH 134:
VALIDATION
valid epoch balanced_accuracy: 0.706294
EPOCH 135:
VALIDATION
valid epoch balanced_accuracy: 0.709790
EPOCH 136:
VALIDATION
valid epoch balanced_accuracy: 0.671329
EPOCH 137:
VALIDATION
valid epoch balanced_accuracy: 0.662587
EPOCH 138:
VALIDATION
valid epoch balanced_accuracy: 0.676573
EPOCH 139:
VALIDATION
valid epoch balanced_accuracy: 0.706294
EPOCH 140:
VALIDATION
valid epoch balanced_accuracy: 0.664336
EPOCH 141:
VALIDATION
valid epoch balanced_accuracy: 0.634615
EPOCH 142:
VALIDATION
valid epoch balanced_accuracy: 0.667832
EPOCH 143:
VALIDATION
valid epoch balanced_accuracy: 0.725524
EPOCH 144:
VALIDATION
valid epoch balanced_accuracy: 0.702797
EPOCH 145:
VALIDATION
valid epoch balanced_accuracy: 0.702797
EPOCH 146:
VALIDATION
valid epoch balanced_accuracy: 0.657343
EPOCH 147:
VALIDATION
valid epoch balanced_accuracy: 0.706294
EPOCH 148:
VALIDATION
valid epoch balanced_accuracy: 0.687063
EPOCH 149:
VALIDATION
valid epoch balanced_accuracy: 0.680070
EPOCH 150:
VALIDATION
valid epoch balanced_accuracy: 0.702797
accuracy: 0.702128
sensitivity: 0.904762
precision: 0.612903
specificity: 0.538462
IoU: 0.575758
FAR: 0.461538
F1: 0.730769
balanced_accuracy: 0.721612
loss: 0.638589
