
number of parameters : 1189002
train : (1382, 12)
valid : (65, 12)
test : (65, 12)
class weights : [1.0, 1.0]
balanced batches : 87 per epoch covering all 1382 train rows, target 8 positive + 8 unlabeled
cache warmed : 35 proteins, 409 lipid encodings, 0 lipid graphs, 88 MiB
data extracted
EPOCH 1:
VALIDATION
valid epoch balanced_accuracy: 0.609524
EPOCH 2:
VALIDATION
valid epoch balanced_accuracy: 0.709524
EPOCH 3:
VALIDATION
valid epoch balanced_accuracy: 0.692857
EPOCH 4:
VALIDATION
valid epoch balanced_accuracy: 0.719048
EPOCH 5:
VALIDATION
valid epoch balanced_accuracy: 0.602381
EPOCH 6:
VALIDATION
valid epoch balanced_accuracy: 0.609524
EPOCH 7:
VALIDATION
valid epoch balanced_accuracy: 0.676190
EPOCH 8:
VALIDATION
valid epoch balanced_accuracy: 0.692857
EPOCH 9:
VALIDATION
valid epoch balanced_accuracy: 0.692857
EPOCH 10:
VALIDATION
valid epoch balanced_accuracy: 0.688095
EPOCH 11:
VALIDATION
valid epoch balanced_accuracy: 0.669048
EPOCH 12:
VALIDATION
valid epoch balanced_accuracy: 0.697619
EPOCH 13:
VALIDATION
valid epoch balanced_accuracy: 0.664286
EPOCH 14:
VALIDATION
valid epoch balanced_accuracy: 0.690476
EPOCH 15:
VALIDATION
valid epoch balanced_accuracy: 0.652381
EPOCH 16:
VALIDATION
valid epoch balanced_accuracy: 0.630952
EPOCH 17:
VALIDATION
valid epoch balanced_accuracy: 0.700000
EPOCH 18:
VALIDATION
valid epoch balanced_accuracy: 0.680952
EPOCH 19:
VALIDATION
valid epoch balanced_accuracy: 0.650000
EPOCH 20:
VALIDATION
valid epoch balanced_accuracy: 0.688095
EPOCH 21:
VALIDATION
valid epoch balanced_accuracy: 0.654762
EPOCH 22:
VALIDATION
valid epoch balanced_accuracy: 0.673810
EPOCH 23:
VALIDATION
valid epoch balanced_accuracy: 0.673810
EPOCH 24:
VALIDATION
valid epoch balanced_accuracy: 0.711905
EPOCH 25:
VALIDATION
valid epoch balanced_accuracy: 0.669048
EPOCH 26:
VALIDATION
valid epoch balanced_accuracy: 0.702381
EPOCH 27:
VALIDATION
valid epoch balanced_accuracy: 0.688095
EPOCH 28:
VALIDATION
valid epoch balanced_accuracy: 0.683333
EPOCH 29:
VALIDATION
valid epoch balanced_accuracy: 0.685714
EPOCH 30:
VALIDATION
valid epoch balanced_accuracy: 0.669048
EPOCH 31:
VALIDATION
valid epoch balanced_accuracy: 0.628571
EPOCH 32:
VALIDATION
valid epoch balanced_accuracy: 0.685714
EPOCH 33:
VALIDATION
valid epoch balanced_accuracy: 0.635714
EPOCH 34:
VALIDATION
valid epoch balanced_accuracy: 0.623810
EPOCH 35:
VALIDATION
valid epoch balanced_accuracy: 0.695238
EPOCH 36:
VALIDATION
valid epoch balanced_accuracy: 0.666667
EPOCH 37:
VALIDATION
valid epoch balanced_accuracy: 0.645238
EPOCH 38:
VALIDATION
valid epoch balanced_accuracy: 0.654762
EPOCH 39:
VALIDATION
valid epoch balanced_accuracy: 0.678571
EPOCH 40:
VALIDATION
valid epoch balanced_accuracy: 0.654762
EPOCH 41:
VALIDATION
valid epoch balanced_accuracy: 0.697619
EPOCH 42:
VALIDATION
valid epoch balanced_accuracy: 0.714286
EPOCH 43:
VALIDATION
valid epoch balanced_accuracy: 0.721429
EPOCH 44:
VALIDATION
valid epoch balanced_accuracy: 0.661905
EPOCH 45:
VALIDATION
valid epoch balanced_accuracy: 0.702381
EPOCH 46:
VALIDATION
valid epoch balanced_accuracy: 0.697619
EPOCH 47:
VALIDATION
valid epoch balanced_accuracy: 0.680952
EPOCH 48:
VALIDATION
valid epoch balanced_accuracy: 0.664286
EPOCH 49:
VALIDATION
valid epoch balanced_accuracy: 0.678571
EPOCH 50:
VALIDATION
valid epoch balanced_accuracy: 0.645238
EPOCH 51:
VALIDATION
valid epoch balanced_accuracy: 0.707143
EPOCH 52:
VALIDATION
valid epoch balanced_accuracy: 0.680952
EPOCH 53:
VALIDATION
valid epoch balanced_accuracy: 0.664286
EPOCH 54:
VALIDATION
valid epoch balanced_accuracy: 0.702381
EPOCH 55:
VALIDATION
valid epoch balanced_accuracy: 0.661905
EPOCH 56:
VALIDATION
valid epoch balanced_accuracy: 0.673810
EPOCH 57:
VALIDATION
valid epoch balanced_accuracy: 0.664286
EPOCH 58:
VALIDATION
valid epoch balanced_accuracy: 0.650000
EPOCH 59:
VALIDATION
valid epoch balanced_accuracy: 0.645238
EPOCH 60:
VALIDATION
valid epoch balanced_accuracy: 0.700000
EPOCH 61:
VALIDATION
valid epoch balanced_accuracy: 0.673810
EPOCH 62:
