Waiting for exclusive access to GPU GPU-263f55be-a11c-81be-8af6-e948471cb954.
=== GROUP: CRAL-TRIO | VARIANT: bbp_nps3mlp_dpt01_gm_pu01 | SEED: 4 | GPU: Tesla V100-SXM2-32GB ===

number of parameters : 1403984
train : (1104, 12)
valid : (204, 12)
test : (204, 12)
PU rho : 0.550000
class weights : [1.0, 1.0]
balanced batches : 69 per epoch covering all 1104 train rows, target 8 positive + 8 unlabeled
data extracted
EPOCH 1:
PU nnPU correction: 0/69 batches, min negative_loss=0.211657, mean negative_loss=0.277882
VALIDATION
valid epoch balanced_accuracy: 0.500000
EPOCH 2:
PU nnPU correction: 0/69 batches, min negative_loss=0.348857, mean negative_loss=0.405160
VALIDATION
valid epoch balanced_accuracy: 0.500000
EPOCH 3:
PU nnPU correction: 0/69 batches, min negative_loss=0.349351, mean negative_loss=0.419471
VALIDATION
valid epoch balanced_accuracy: 0.504673
EPOCH 4:
PU nnPU correction: 0/69 batches, min negative_loss=0.032379, mean negative_loss=0.332705
VALIDATION
valid epoch balanced_accuracy: 0.542056
EPOCH 5:
PU nnPU correction: 0/69 batches, min negative_loss=0.076166, mean negative_loss=0.343062
VALIDATION
valid epoch balanced_accuracy: 0.658734
EPOCH 6:
PU nnPU correction: 0/69 batches, min negative_loss=0.075133, mean negative_loss=0.301651
VALIDATION
valid epoch balanced_accuracy: 0.663407
EPOCH 7:
PU nnPU correction: 0/69 batches, min negative_loss=0.093815, mean negative_loss=0.301189
VALIDATION
valid epoch balanced_accuracy: 0.658734
EPOCH 8:
PU nnPU correction: 0/69 batches, min negative_loss=0.100090, mean negative_loss=0.282236
VALIDATION
valid epoch balanced_accuracy: 0.653579
EPOCH 9:
PU nnPU correction: 0/69 batches, min negative_loss=0.137538, mean negative_loss=0.304033
VALIDATION
valid epoch balanced_accuracy: 0.512092
EPOCH 10:
PU nnPU correction: 0/69 batches, min negative_loss=0.137721, mean negative_loss=0.299751
VALIDATION
valid epoch balanced_accuracy: 0.668080
EPOCH 11:
PU nnPU correction: 0/69 batches, min negative_loss=0.089020, mean negative_loss=0.295918
VALIDATION
valid epoch balanced_accuracy: 0.619568
EPOCH 12:
PU nnPU correction: 0/69 batches, min negative_loss=0.081489, mean negative_loss=0.304908
VALIDATION
valid epoch balanced_accuracy: 0.670970
EPOCH 13:
PU nnPU correction: 0/69 batches, min negative_loss=0.018794, mean negative_loss=0.301257
VALIDATION
valid epoch balanced_accuracy: 0.665334
EPOCH 14:
PU nnPU correction: 0/69 batches, min negative_loss=0.075016, mean negative_loss=0.301246
VALIDATION
valid epoch balanced_accuracy: 0.664852
EPOCH 15:
PU nnPU correction: 0/69 batches, min negative_loss=0.032060, mean negative_loss=0.279851
VALIDATION
valid epoch balanced_accuracy: 0.675980
EPOCH 16:
PU nnPU correction: 0/69 batches, min negative_loss=0.081269, mean negative_loss=0.291148
VALIDATION
valid epoch balanced_accuracy: 0.661480
EPOCH 17:
PU nnPU correction: 0/69 batches, min negative_loss=0.137486, mean negative_loss=0.285434
VALIDATION
valid epoch balanced_accuracy: 0.658734
EPOCH 18:
PU nnPU correction: 0/69 batches, min negative_loss=0.137489, mean negative_loss=0.291416
VALIDATION
valid epoch balanced_accuracy: 0.661962
EPOCH 19:
PU nnPU correction: 0/69 batches, min negative_loss=0.135461, mean negative_loss=0.292759
VALIDATION
valid epoch balanced_accuracy: 0.663407
EPOCH 20:
PU nnPU correction: 0/69 batches, min negative_loss=0.081127, mean negative_loss=0.298992
VALIDATION
valid epoch balanced_accuracy: 0.658734
EPOCH 21:
PU nnPU correction: 0/69 batches, min negative_loss=0.075012, mean negative_loss=0.297071
VALIDATION
valid epoch balanced_accuracy: 0.663407
EPOCH 22:
PU nnPU correction: 0/69 batches, min negative_loss=0.137513, mean negative_loss=0.289227
VALIDATION
valid epoch balanced_accuracy: 0.663407
EPOCH 23:
PU nnPU correction: 0/69 batches, min negative_loss=0.075005, mean negative_loss=0.288678
VALIDATION
valid epoch balanced_accuracy: 0.663407
EPOCH 24:
PU nnPU correction: 0/69 batches, min negative_loss=0.136880, mean negative_loss=0.288468
VALIDATION
valid epoch balanced_accuracy: 0.663407
EPOCH 25:
PU nnPU correction: 0/69 batches, min negative_loss=0.081253, mean negative_loss=0.288400
VALIDATION
valid epoch balanced_accuracy: 0.663407
EPOCH 26:
PU nnPU correction: 0/69 batches, min negative_loss=0.081257, mean negative_loss=0.288402
VALIDATION
valid epoch balanced_accuracy: 0.663407
EPOCH 27:
PU nnPU correction: 0/69 batches, min negative_loss=0.137489, mean negative_loss=0.288404
VALIDATION
valid epoch balanced_accuracy: 0.663407
EPOCH 28:
PU nnPU correction: 0/69 batches, min negative_loss=0.137503, mean negative_loss=0.288404
VALIDATION
valid epoch balanced_accuracy: 0.663407
EPOCH 29:
PU nnPU correction: 0/69 batches, min negative_loss=0.137494, mean negative_loss=0.288406
VALIDATION
valid epoch balanced_accuracy: 0.663407
EPOCH 30:
PU nnPU correction: 0/69 batches, min negative_loss=0.137519, mean negative_loss=0.288404
VALIDATION
valid epoch balanced_accuracy: 0.663407
EPOCH 31:
PU nnPU correction: 0/69 batches, min negative_loss=0.075026, mean negative_loss=0.288403
VALIDATION
valid epoch balanced_accuracy: 0.663407
EPOCH 32:
PU nnPU correction: 0/69 batches, min negative_loss=0.075005, mean negative_loss=0.288407
VALIDATION
valid epoch balanced_accuracy: 0.663407
EPOCH 33:
PU nnPU correction: 0/69 batches, min negative_loss=0.081251, mean negative_loss=0.288404
VALIDATION
valid epoch balanced_accuracy: 0.663407
EPOCH 34:
PU nnPU correction: 0/69 batches, min negative_loss=0.075000, mean negative_loss=0.288403
VALIDATION
valid epoch balanced_accuracy: 0.663407
EPOCH 35:
PU nnPU correction: 0/69 batches, min negative_loss=0.137501, mean negative_loss=0.288406
VALIDATION
valid epoch balanced_accuracy: 0.663407
EPOCH 36:
PU nnPU correction: 0/69 batches, min negative_loss=0.075002, mean negative_loss=0.288403
VALIDATION
valid epoch balanced_accuracy: 0.663407
EPOCH 37:
PU nnPU correction: 0/69 batches, min negative_loss=0.012507, mean negative_loss=0.288405
VALIDATION
valid epoch balanced_accuracy: 0.663407
EPOCH 38:
PU nnPU correction: 0/69 batches, min negative_loss=0.081245, mean negative_loss=0.288405
VALIDATION
valid epoch balanced_accuracy: 0.663407
EPOCH 39:
PU nnPU correction: 0/69 batches, min negative_loss=0.137495, mean negative_loss=0.288403
VALIDATION
valid epoch balanced_accuracy: 0.663407
EPOCH 40:
PU nnPU correction: 0/69 batches, min negative_loss=0.074999, mean negative_loss=0.288406
VALIDATION
valid epoch balanced_accuracy: 0.663407
EPOCH 41:
PU nnPU correction: 0/69 batches, min negative_loss=0.081252, mean negative_loss=0.288404
VALIDATION
valid epoch balanced_accuracy: 0.663407
EPOCH 42:
PU nnPU correction: 0/69 batches, min negative_loss=0.018755, mean negative_loss=0.288405
VALIDATION
valid epoch balanced_accuracy: 0.663407
EPOCH 43:
PU nnPU correction: 0/69 batches, min negative_loss=0.137505, mean negative_loss=0.288404
VALIDATION
valid epoch balanced_accuracy: 0.663407
EPOCH 44:
PU nnPU correction: 0/69 batches, min negative_loss=0.137495, mean negative_loss=0.288405
VALIDATION
valid epoch balanced_accuracy: 0.663407
EPOCH 45:
PU nnPU correction: 0/69 batches, min negative_loss=0.137499, mean negative_loss=0.288406
VALIDATION
valid epoch balanced_accuracy: 0.663407
EPOCH 46:
PU nnPU correction: 0/69 batches, min negative_loss=0.075004, mean negative_loss=0.288403
VALIDATION
valid epoch balanced_accuracy: 0.663407
EPOCH 47:
PU nnPU correction: 0/69 batches, min negative_loss=0.137499, mean negative_loss=0.288405
VALIDATION
valid epoch balanced_accuracy: 0.663407
EPOCH 48:
PU nnPU correction: 0/69 batches, min negative_loss=0.074996, mean negative_loss=0.288404
VALIDATION
valid epoch balanced_accuracy: 0.663407
EPOCH 49:
PU nnPU correction: 0/69 batches, min negative_loss=0.087503, mean negative_loss=0.288405
VALIDATION
valid epoch balanced_accuracy: 0.663407
EPOCH 50:
PU nnPU correction: 0/69 batches, min negative_loss=0.012508, mean negative_loss=0.288404
VALIDATION
valid epoch balanced_accuracy: 0.663407
EPOCH 51:
PU nnPU correction: 0/69 batches, min negative_loss=0.137501, mean negative_loss=0.288406
VALIDATION
valid epoch balanced_accuracy: 0.663407
EPOCH 52:
PU nnPU correction: 0/69 batches, min negative_loss=0.075002, mean negative_loss=0.288404
VALIDATION
valid epoch balanced_accuracy: 0.663407
EPOCH 53:
PU nnPU correction: 0/69 batches, min negative_loss=0.012501, mean negative_loss=0.288404
VALIDATION
valid epoch balanced_accuracy: 0.663407
EPOCH 54:
PU nnPU correction: 0/69 batches, min negative_loss=0.137508, mean negative_loss=0.288404
VALIDATION
valid epoch balanced_accuracy: 0.663407
EPOCH 55:
PU nnPU correction: 0/69 batches, min negative_loss=0.075001, mean negative_loss=0.288407
VALIDATION
valid epoch balanced_accuracy: 0.663407
EPOCH 56:
PU nnPU correction: 0/69 batches, min negative_loss=0.081250, mean negative_loss=0.288405
VALIDATION
valid epoch balanced_accuracy: 0.663407
EPOCH 57:
PU nnPU correction: 0/69 batches, min negative_loss=0.075014, mean negative_loss=0.288405
VALIDATION
valid epoch balanced_accuracy: 0.663407
EPOCH 58:
PU nnPU correction: 0/69 batches, min negative_loss=0.075005, mean negative_loss=0.288404
VALIDATION
valid epoch balanced_accuracy: 0.663407
EPOCH 59:
PU nnPU correction: 0/69 batches, min negative_loss=0.075000, mean negative_loss=0.288404
VALIDATION
valid epoch balanced_accuracy: 0.663407
EPOCH 60:
PU nnPU correction: 0/69 batches, min negative_loss=0.075005, mean negative_loss=0.288406
VALIDATION
valid epoch balanced_accuracy: 0.663407
EPOCH 61:
PU nnPU correction: 0/69 batches, min negative_loss=0.075001, mean negative_loss=0.288404
VALIDATION
valid epoch balanced_accuracy: 0.663407
EPOCH 62:
PU nnPU correction: 0/69 batches, min negative_loss=0.081252, mean negative_loss=0.288405
VALIDATION
valid epoch balanced_accuracy: 0.663407
EPOCH 63:
PU nnPU correction: 0/69 batches, min negative_loss=0.075006, mean negative_loss=0.288403
VALIDATION
valid epoch balanced_accuracy: 0.663407
EPOCH 64:
PU nnPU correction: 0/69 batches, min negative_loss=0.081248, mean negative_loss=0.288405
VALIDATION
valid epoch balanced_accuracy: 0.663407
EPOCH 65:
PU nnPU correction: 0/69 batches, min negative_loss=0.081251, mean negative_loss=0.288403
VALIDATION
valid epoch balanced_accuracy: 0.663407
EPOCH 66:
PU nnPU correction: 0/69 batches, min negative_loss=0.075030, mean negative_loss=0.288403
VALIDATION
valid epoch balanced_accuracy: 0.663407
EPOCH 67:
PU nnPU correction: 0/69 batches, min negative_loss=0.137501, mean negative_loss=0.288399
VALIDATION
valid epoch balanced_accuracy: 0.663407
EPOCH 68:
PU nnPU correction: 0/69 batches, min negative_loss=0.075002, mean negative_loss=0.288394
VALIDATION
valid epoch balanced_accuracy: 0.663407
EPOCH 69:
PU nnPU correction: 0/69 batches, min negative_loss=0.081253, mean negative_loss=0.297768
VALIDATION
valid epoch balanced_accuracy: 0.645534
EPOCH 70:
PU nnPU correction: 0/69 batches, min negative_loss=0.081389, mean negative_loss=0.286992
VALIDATION
valid epoch balanced_accuracy: 0.672753
EPOCH 71:
PU nnPU correction: 0/69 batches, min negative_loss=0.081278, mean negative_loss=0.296963
VALIDATION
valid epoch balanced_accuracy: 0.659216
EPOCH 72:
PU nnPU correction: 0/69 batches, min negative_loss=0.137545, mean negative_loss=0.313870
VALIDATION
valid epoch balanced_accuracy: 0.658734
EPOCH 73:
PU nnPU correction: 0/69 batches, min negative_loss=0.137500, mean negative_loss=0.297742
VALIDATION
valid epoch balanced_accuracy: 0.663407
EPOCH 74:
PU nnPU correction: 0/69 batches, min negative_loss=0.081256, mean negative_loss=0.295111
VALIDATION
valid epoch balanced_accuracy: 0.663407
EPOCH 75:
PU nnPU correction: 0/69 batches, min negative_loss=0.137501, mean negative_loss=0.295111
VALIDATION
valid epoch balanced_accuracy: 0.663407
EPOCH 76:
PU nnPU correction: 0/69 batches, min negative_loss=0.137501, mean negative_loss=0.295110
VALIDATION
valid epoch balanced_accuracy: 0.663407
EPOCH 77:
PU nnPU correction: 0/69 batches, min negative_loss=0.075013, mean negative_loss=0.295112
VALIDATION
valid epoch balanced_accuracy: 0.663407
EPOCH 78:
PU nnPU correction: 0/69 batches, min negative_loss=0.075003, mean negative_loss=0.295114
VALIDATION
valid epoch balanced_accuracy: 0.663407
EPOCH 79:
PU nnPU correction: 0/69 batches, min negative_loss=0.075010, mean negative_loss=0.295111
VALIDATION
valid epoch balanced_accuracy: 0.663407
EPOCH 80:
PU nnPU correction: 0/69 batches, min negative_loss=0.075016, mean negative_loss=0.295112
VALIDATION
valid epoch balanced_accuracy: 0.663407
EPOCH 81:
PU nnPU correction: 0/69 batches, min negative_loss=0.018755, mean negative_loss=0.295111
VALIDATION
valid epoch balanced_accuracy: 0.663407
EPOCH 82:
PU nnPU correction: 0/69 batches, min negative_loss=0.087511, mean negative_loss=0.295110
VALIDATION
valid epoch balanced_accuracy: 0.663407
EPOCH 83:
PU nnPU correction: 0/69 batches, min negative_loss=0.075000, mean negative_loss=0.295111
VALIDATION
valid epoch balanced_accuracy: 0.663407
EPOCH 84:
PU nnPU correction: 0/69 batches, min negative_loss=0.075005, mean negative_loss=0.295111
VALIDATION
valid epoch balanced_accuracy: 0.663407
EPOCH 85:
PU nnPU correction: 0/69 batches, min negative_loss=0.075001, mean negative_loss=0.295110
VALIDATION
valid epoch balanced_accuracy: 0.663407
EPOCH 86:
PU nnPU correction: 0/69 batches, min negative_loss=0.075001, mean negative_loss=0.295111
VALIDATION
valid epoch balanced_accuracy: 0.663407
EPOCH 87:
PU nnPU correction: 0/69 batches, min negative_loss=0.012506, mean negative_loss=0.295111
VALIDATION
valid epoch balanced_accuracy: 0.663407
EPOCH 88:
PU nnPU correction: 0/69 batches, min negative_loss=0.075000, mean negative_loss=0.295112
VALIDATION
valid epoch balanced_accuracy: 0.663407
EPOCH 89:
PU nnPU correction: 0/69 batches, min negative_loss=0.081254, mean negative_loss=0.295110
VALIDATION
valid epoch balanced_accuracy: 0.663407
EPOCH 90:
PU nnPU correction: 0/69 batches, min negative_loss=0.137501, mean negative_loss=0.295111
VALIDATION
valid epoch balanced_accuracy: 0.663407
EPOCH 91:
PU nnPU correction: 0/69 batches, min negative_loss=0.075000, mean negative_loss=0.295111
VALIDATION
valid epoch balanced_accuracy: 0.663407
EPOCH 92:
PU nnPU correction: 0/69 batches, min negative_loss=0.137506, mean negative_loss=0.295110
VALIDATION
valid epoch balanced_accuracy: 0.663407
EPOCH 93:
PU nnPU correction: 0/69 batches, min negative_loss=0.137500, mean negative_loss=0.295110
VALIDATION
valid epoch balanced_accuracy: 0.663407
EPOCH 94:
PU nnPU correction: 0/69 batches, min negative_loss=0.075003, mean negative_loss=0.295112
VALIDATION
valid epoch balanced_accuracy: 0.663407
EPOCH 95:
PU nnPU correction: 0/69 batches, min negative_loss=0.137500, mean negative_loss=0.295111
VALIDATION
valid epoch balanced_accuracy: 0.663407
EPOCH 96:
PU nnPU correction: 0/69 batches, min negative_loss=0.081255, mean negative_loss=0.295110
VALIDATION
valid epoch balanced_accuracy: 0.663407
EPOCH 97:
PU nnPU correction: 0/69 batches, min negative_loss=0.137501, mean negative_loss=0.295110
VALIDATION
valid epoch balanced_accuracy: 0.663407
EPOCH 98:
PU nnPU correction: 0/69 batches, min negative_loss=0.143751, mean negative_loss=0.295110
VALIDATION
valid epoch balanced_accuracy: 0.663407
EPOCH 99:
PU nnPU correction: 0/69 batches, min negative_loss=0.075001, mean negative_loss=0.295111
VALIDATION
valid epoch balanced_accuracy: 0.663407
EPOCH 100:
PU nnPU correction: 0/69 batches, min negative_loss=0.137503, mean negative_loss=0.295110
VALIDATION
valid epoch balanced_accuracy: 0.663407
EPOCH 101:
PU nnPU correction: 0/69 batches, min negative_loss=0.081254, mean negative_loss=0.295111
VALIDATION
valid epoch balanced_accuracy: 0.663407
EPOCH 102:
PU nnPU correction: 0/69 batches, min negative_loss=0.075003, mean negative_loss=0.295110
VALIDATION
valid epoch balanced_accuracy: 0.663407
EPOCH 103:
PU nnPU correction: 0/69 batches, min negative_loss=0.137501, mean negative_loss=0.295111
VALIDATION
valid epoch balanced_accuracy: 0.663407
EPOCH 104:
PU nnPU correction: 0/69 batches, min negative_loss=0.137501, mean negative_loss=0.295110
VALIDATION
valid epoch balanced_accuracy: 0.663407
EPOCH 105:
PU nnPU correction: 0/69 batches, min negative_loss=0.137500, mean negative_loss=0.295110
VALIDATION
valid epoch balanced_accuracy: 0.663407
EPOCH 106:
PU nnPU correction: 0/69 batches, min negative_loss=0.081253, mean negative_loss=0.295110
VALIDATION
valid epoch balanced_accuracy: 0.663407
EPOCH 107:
PU nnPU correction: 0/69 batches, min negative_loss=0.075005, mean negative_loss=0.295109
VALIDATION
valid epoch balanced_accuracy: 0.663407
EPOCH 108:
PU nnPU correction: 0/69 batches, min negative_loss=0.018752, mean negative_loss=0.295110
VALIDATION
valid epoch balanced_accuracy: 0.663407
EPOCH 109:
PU nnPU correction: 0/69 batches, min negative_loss=0.075000, mean negative_loss=0.295110
VALIDATION
valid epoch balanced_accuracy: 0.663407
EPOCH 110:
PU nnPU correction: 0/69 batches, min negative_loss=0.137500, mean negative_loss=0.295111
VALIDATION
valid epoch balanced_accuracy: 0.663407
EPOCH 111:
PU nnPU correction: 0/69 batches, min negative_loss=0.075002, mean negative_loss=0.295110
VALIDATION
valid epoch balanced_accuracy: 0.663407
EPOCH 112:
PU nnPU correction: 0/69 batches, min negative_loss=0.137501, mean negative_loss=0.295111
VALIDATION
valid epoch balanced_accuracy: 0.663407
EPOCH 113:
PU nnPU correction: 0/69 batches, min negative_loss=0.137501, mean negative_loss=0.295109
VALIDATION
valid epoch balanced_accuracy: 0.663407
EPOCH 114:
PU nnPU correction: 0/69 batches, min negative_loss=0.137498, mean negative_loss=0.295109
VALIDATION
valid epoch balanced_accuracy: 0.663407
EPOCH 115:
PU nnPU correction: 0/69 batches, min negative_loss=0.075000, mean negative_loss=0.295109
VALIDATION
valid epoch balanced_accuracy: 0.663407
EPOCH 116:
PU nnPU correction: 0/69 batches, min negative_loss=0.075003, mean negative_loss=0.295109
VALIDATION
valid epoch balanced_accuracy: 0.663407
EPOCH 117:
PU nnPU correction: 0/69 batches, min negative_loss=0.137502, mean negative_loss=0.295109
VALIDATION
valid epoch balanced_accuracy: 0.663407
EPOCH 118:
PU nnPU correction: 0/69 batches, min negative_loss=0.012501, mean negative_loss=0.295109
VALIDATION
valid epoch balanced_accuracy: 0.663407
EPOCH 119:
PU nnPU correction: 0/69 batches, min negative_loss=0.137502, mean negative_loss=0.295110
VALIDATION
valid epoch balanced_accuracy: 0.663407
EPOCH 120:
PU nnPU correction: 0/69 batches, min negative_loss=0.075001, mean negative_loss=0.295109
VALIDATION
valid epoch balanced_accuracy: 0.663407
EPOCH 121:
PU nnPU correction: 0/69 batches, min negative_loss=0.075001, mean negative_loss=0.295110
VALIDATION
valid epoch balanced_accuracy: 0.663407
EPOCH 122:
PU nnPU correction: 0/69 batches, min negative_loss=0.074993, mean negative_loss=0.295109
VALIDATION
valid epoch balanced_accuracy: 0.663407
EPOCH 123:
PU nnPU correction: 0/69 batches, min negative_loss=0.018759, mean negative_loss=0.295110
VALIDATION
valid epoch balanced_accuracy: 0.663407
EPOCH 124:
PU nnPU correction: 0/69 batches, min negative_loss=0.137500, mean negative_loss=0.295110
VALIDATION
valid epoch balanced_accuracy: 0.663407
EPOCH 125:
PU nnPU correction: 0/69 batches, min negative_loss=0.137500, mean negative_loss=0.295110
VALIDATION
valid epoch balanced_accuracy: 0.663407
EPOCH 126:
PU nnPU correction: 0/69 batches, min negative_loss=0.075010, mean negative_loss=0.295110
VALIDATION
valid epoch balanced_accuracy: 0.663407
EPOCH 127:
PU nnPU correction: 0/69 batches, min negative_loss=0.025001, mean negative_loss=0.295110
VALIDATION
valid epoch balanced_accuracy: 0.663407
EPOCH 128:
PU nnPU correction: 0/69 batches, min negative_loss=0.137500, mean negative_loss=0.295110
VALIDATION
valid epoch balanced_accuracy: 0.663407
EPOCH 129:
PU nnPU correction: 0/69 batches, min negative_loss=0.075001, mean negative_loss=0.295110
VALIDATION
valid epoch balanced_accuracy: 0.663407
EPOCH 130:
PU nnPU correction: 0/69 batches, min negative_loss=0.075012, mean negative_loss=0.295110
VALIDATION
valid epoch balanced_accuracy: 0.663407
EPOCH 131:
PU nnPU correction: 0/69 batches, min negative_loss=0.137494, mean negative_loss=0.295109
VALIDATION
valid epoch balanced_accuracy: 0.663407
EPOCH 132:
PU nnPU correction: 0/69 batches, min negative_loss=0.075000, mean negative_loss=0.295109
VALIDATION
valid epoch balanced_accuracy: 0.663407
EPOCH 133:
PU nnPU correction: 0/69 batches, min negative_loss=0.075002, mean negative_loss=0.295110
VALIDATION
valid epoch balanced_accuracy: 0.663407
EPOCH 134:
PU nnPU correction: 0/69 batches, min negative_loss=0.075001, mean negative_loss=0.295110
VALIDATION
valid epoch balanced_accuracy: 0.663407
EPOCH 135:
PU nnPU correction: 0/69 batches, min negative_loss=0.137500, mean negative_loss=0.295110
VALIDATION
valid epoch balanced_accuracy: 0.663407
EPOCH 136:
PU nnPU correction: 0/69 batches, min negative_loss=0.075033, mean negative_loss=0.295111
VALIDATION
valid epoch balanced_accuracy: 0.663407
EPOCH 137:
PU nnPU correction: 0/69 batches, min negative_loss=0.025000, mean negative_loss=0.295110
VALIDATION
valid epoch balanced_accuracy: 0.663407
EPOCH 138:
PU nnPU correction: 0/69 batches, min negative_loss=0.081263, mean negative_loss=0.295110
VALIDATION
valid epoch balanced_accuracy: 0.663407
EPOCH 139:
PU nnPU correction: 0/69 batches, min negative_loss=0.012502, mean negative_loss=0.295111
VALIDATION
valid epoch balanced_accuracy: 0.663407
EPOCH 140:
PU nnPU correction: 0/69 batches, min negative_loss=0.012502, mean negative_loss=0.295110
VALIDATION
valid epoch balanced_accuracy: 0.663407
EPOCH 141:
PU nnPU correction: 0/69 batches, min negative_loss=0.075001, mean negative_loss=0.295110
VALIDATION
valid epoch balanced_accuracy: 0.663407
EPOCH 142:
PU nnPU correction: 0/69 batches, min negative_loss=0.081254, mean negative_loss=0.295111
VALIDATION
valid epoch balanced_accuracy: 0.663407
EPOCH 143:
PU nnPU correction: 0/69 batches, min negative_loss=0.075001, mean negative_loss=0.295111
VALIDATION
valid epoch balanced_accuracy: 0.663407
EPOCH 144:
PU nnPU correction: 0/69 batches, min negative_loss=0.081250, mean negative_loss=0.295111
VALIDATION
valid epoch balanced_accuracy: 0.663407
EPOCH 145:
PU nnPU correction: 0/69 batches, min negative_loss=0.137502, mean negative_loss=0.295110
VALIDATION
valid epoch balanced_accuracy: 0.663407
EPOCH 146:
PU nnPU correction: 0/69 batches, min negative_loss=0.137500, mean negative_loss=0.295111
VALIDATION
valid epoch balanced_accuracy: 0.663407
EPOCH 147:
PU nnPU correction: 0/69 batches, min negative_loss=0.087501, mean negative_loss=0.295109
VALIDATION
valid epoch balanced_accuracy: 0.663407
EPOCH 148:
PU nnPU correction: 0/69 batches, min negative_loss=0.075004, mean negative_loss=0.295111
VALIDATION
valid epoch balanced_accuracy: 0.663407
EPOCH 149:
PU nnPU correction: 0/69 batches, min negative_loss=0.075000, mean negative_loss=0.295111
VALIDATION
valid epoch balanced_accuracy: 0.663407
EPOCH 150:
PU nnPU correction: 0/69 batches, min negative_loss=0.137503, mean negative_loss=0.295110
VALIDATION
valid epoch balanced_accuracy: 0.663407
accuracy: 0.686275
sensitivity: 0.850467
precision: 0.654676
specificity: 0.505155
IoU: 0.587097
FAR: 0.494845
F1: 0.739837
balanced_accuracy: 0.677811
loss: 0.295952
