Waiting for exclusive access to GPU GPU-98a70823-5da6-f1a2-8a76-10eac0cde70f.
=== GROUP: START | VARIANT: nps3mlp_dpt005 | SEED: 2 | GPU: Tesla V100-SXM2-32GB ===

number of parameters : 1403982
train : (1083, 12)
valid : (124, 12)
test : (124, 12)
class weights : [1.0275142192840576, 0.9739208817481995]
data extracted
EPOCH 1:
VALIDATION
valid epoch balanced_accuracy: 0.540179
EPOCH 2:
VALIDATION
valid epoch balanced_accuracy: 0.566964
EPOCH 3:
VALIDATION
valid epoch balanced_accuracy: 0.561756
EPOCH 4:
VALIDATION
valid epoch balanced_accuracy: 0.586310
EPOCH 5:
VALIDATION
valid epoch balanced_accuracy: 0.618304
EPOCH 6:
VALIDATION
valid epoch balanced_accuracy: 0.581101
EPOCH 7:
VALIDATION
valid epoch balanced_accuracy: 0.604911
EPOCH 8:
VALIDATION
valid epoch balanced_accuracy: 0.557292
EPOCH 9:
VALIDATION
valid epoch balanced_accuracy: 0.620536
EPOCH 10:
VALIDATION
valid epoch balanced_accuracy: 0.601935
EPOCH 11:
VALIDATION
valid epoch balanced_accuracy: 0.631696
EPOCH 12:
VALIDATION
valid epoch balanced_accuracy: 0.625744
EPOCH 13:
VALIDATION
valid epoch balanced_accuracy: 0.671875
EPOCH 14:
VALIDATION
valid epoch balanced_accuracy: 0.678571
EPOCH 15:
VALIDATION
valid epoch balanced_accuracy: 0.600446
EPOCH 16:
VALIDATION
valid epoch balanced_accuracy: 0.607887
EPOCH 17:
VALIDATION
valid epoch balanced_accuracy: 0.587798
EPOCH 18:
VALIDATION
valid epoch balanced_accuracy: 0.641369
EPOCH 19:
VALIDATION
valid epoch balanced_accuracy: 0.607887
EPOCH 20:
VALIDATION
valid epoch balanced_accuracy: 0.669643
EPOCH 21:
VALIDATION
valid epoch balanced_accuracy: 0.695685
EPOCH 22:
VALIDATION
valid epoch balanced_accuracy: 0.661458
EPOCH 23:
VALIDATION
valid epoch balanced_accuracy: 0.671131
EPOCH 24:
VALIDATION
valid epoch balanced_accuracy: 0.665179
EPOCH 25:
VALIDATION
valid epoch balanced_accuracy: 0.723214
EPOCH 26:
VALIDATION
valid epoch balanced_accuracy: 0.669643
EPOCH 27:
VALIDATION
valid epoch balanced_accuracy: 0.602679
EPOCH 28:
VALIDATION
valid epoch balanced_accuracy: 0.730655
EPOCH 29:
VALIDATION
valid epoch balanced_accuracy: 0.653274
EPOCH 30:
VALIDATION
valid epoch balanced_accuracy: 0.623512
EPOCH 31:
VALIDATION
valid epoch balanced_accuracy: 0.731399
EPOCH 32:
VALIDATION
valid epoch balanced_accuracy: 0.683780
EPOCH 33:
VALIDATION
valid epoch balanced_accuracy: 0.660714
EPOCH 34:
VALIDATION
valid epoch balanced_accuracy: 0.671131
EPOCH 35:
VALIDATION
valid epoch balanced_accuracy: 0.630208
EPOCH 36:
VALIDATION
valid epoch balanced_accuracy: 0.625744
EPOCH 37:
VALIDATION
valid epoch balanced_accuracy: 0.627232
EPOCH 38:
VALIDATION
valid epoch balanced_accuracy: 0.689732
EPOCH 39:
VALIDATION
valid epoch balanced_accuracy: 0.674851
EPOCH 40:
VALIDATION
valid epoch balanced_accuracy: 0.706845
EPOCH 41:
VALIDATION
valid epoch balanced_accuracy: 0.694940
EPOCH 42:
VALIDATION
valid epoch balanced_accuracy: 0.691964
EPOCH 43:
VALIDATION
valid epoch balanced_accuracy: 0.677083
EPOCH 44:
VALIDATION
valid epoch balanced_accuracy: 0.665923
EPOCH 45:
VALIDATION
valid epoch balanced_accuracy: 0.652530
EPOCH 46:
VALIDATION
valid epoch balanced_accuracy: 0.651042
EPOCH 47:
VALIDATION
valid epoch balanced_accuracy: 0.671131
EPOCH 48:
VALIDATION
valid epoch balanced_accuracy: 0.665179
EPOCH 49:
VALIDATION
valid epoch balanced_accuracy: 0.566220
EPOCH 50:
VALIDATION
valid epoch balanced_accuracy: 0.694196
EPOCH 51:
VALIDATION
valid epoch balanced_accuracy: 0.655506
EPOCH 52:
VALIDATION
valid epoch balanced_accuracy: 0.673363
EPOCH 53:
VALIDATION
valid epoch balanced_accuracy: 0.668899
EPOCH 54:
VALIDATION
valid epoch balanced_accuracy: 0.713542
EPOCH 55:
VALIDATION
valid epoch balanced_accuracy: 0.626488
EPOCH 56:
VALIDATION
valid epoch balanced_accuracy: 0.679315
EPOCH 57:
VALIDATION
valid epoch balanced_accuracy: 0.671131
EPOCH 58:
VALIDATION
valid epoch balanced_accuracy: 0.656994
EPOCH 59:
VALIDATION
valid epoch balanced_accuracy: 0.710565
EPOCH 60:
VALIDATION
valid epoch balanced_accuracy: 0.623512
EPOCH 61:
VALIDATION
valid epoch balanced_accuracy: 0.563244
EPOCH 62:
VALIDATION
valid epoch balanced_accuracy: 0.616071
EPOCH 63:
VALIDATION
valid epoch balanced_accuracy: 0.692708
EPOCH 64:
VALIDATION
valid epoch balanced_accuracy: 0.592262
EPOCH 65:
VALIDATION
valid epoch balanced_accuracy: 0.622768
EPOCH 66:
VALIDATION
valid epoch balanced_accuracy: 0.680804
EPOCH 67:
VALIDATION
valid epoch balanced_accuracy: 0.652530
EPOCH 68:
VALIDATION
valid epoch balanced_accuracy: 0.541667
EPOCH 69:
VALIDATION
valid epoch balanced_accuracy: 0.611607
EPOCH 70:
VALIDATION
valid epoch balanced_accuracy: 0.667411
EPOCH 71:
VALIDATION
valid epoch balanced_accuracy: 0.660714
EPOCH 72:
VALIDATION
valid epoch balanced_accuracy: 0.639881
EPOCH 73:
VALIDATION
valid epoch balanced_accuracy: 0.643601
EPOCH 74:
VALIDATION
valid epoch balanced_accuracy: 0.569940
EPOCH 75:
VALIDATION
valid epoch balanced_accuracy: 0.660714
EPOCH 76:
VALIDATION
valid epoch balanced_accuracy: 0.712054
EPOCH 77:
VALIDATION
valid epoch balanced_accuracy: 0.681548
EPOCH 78:
VALIDATION
valid epoch balanced_accuracy: 0.683036
EPOCH 79:
VALIDATION
valid epoch balanced_accuracy: 0.671131
EPOCH 80:
VALIDATION
valid epoch balanced_accuracy: 0.671131
EPOCH 81:
VALIDATION
valid epoch balanced_accuracy: 0.712054
EPOCH 82:
VALIDATION
valid epoch balanced_accuracy: 0.627976
EPOCH 83:
VALIDATION
valid epoch balanced_accuracy: 0.597470
EPOCH 84:
VALIDATION
valid epoch balanced_accuracy: 0.530506
EPOCH 85:
VALIDATION
valid epoch balanced_accuracy: 0.676339
EPOCH 86:
VALIDATION
valid epoch balanced_accuracy: 0.569940
EPOCH 87:
VALIDATION
valid epoch balanced_accuracy: 0.537946
EPOCH 88:
VALIDATION
valid epoch balanced_accuracy: 0.650298
EPOCH 89:
VALIDATION
valid epoch balanced_accuracy: 0.496280
EPOCH 90:
VALIDATION
valid epoch balanced_accuracy: 0.514881
EPOCH 91:
VALIDATION
valid epoch balanced_accuracy: 0.587798
EPOCH 92:
VALIDATION
valid epoch balanced_accuracy: 0.563244
EPOCH 93:
VALIDATION
valid epoch balanced_accuracy: 0.593006
EPOCH 94:
VALIDATION
valid epoch balanced_accuracy: 0.694196
EPOCH 95:
VALIDATION
valid epoch balanced_accuracy: 0.677083
EPOCH 96:
VALIDATION
valid epoch balanced_accuracy: 0.659970
EPOCH 97:
VALIDATION
valid epoch balanced_accuracy: 0.641369
EPOCH 98:
VALIDATION
valid epoch balanced_accuracy: 0.633929
EPOCH 99:
VALIDATION
valid epoch balanced_accuracy: 0.616071
EPOCH 100:
VALIDATION
valid epoch balanced_accuracy: 0.564732
EPOCH 101:
VALIDATION
valid epoch balanced_accuracy: 0.601935
EPOCH 102:
VALIDATION
valid epoch balanced_accuracy: 0.590030
EPOCH 103:
VALIDATION
valid epoch balanced_accuracy: 0.664435
EPOCH 104:
VALIDATION
valid epoch balanced_accuracy: 0.657738
EPOCH 105:
VALIDATION
valid epoch balanced_accuracy: 0.652530
EPOCH 106:
VALIDATION
valid epoch balanced_accuracy: 0.649554
EPOCH 107:
VALIDATION
valid epoch balanced_accuracy: 0.659226
EPOCH 108:
VALIDATION
valid epoch balanced_accuracy: 0.648065
EPOCH 109:
VALIDATION
valid epoch balanced_accuracy: 0.666667
EPOCH 110:
VALIDATION
valid epoch balanced_accuracy: 0.690476
EPOCH 111:
VALIDATION
valid epoch balanced_accuracy: 0.700893
EPOCH 112:
VALIDATION
valid epoch balanced_accuracy: 0.670387
EPOCH 113:
VALIDATION
valid epoch balanced_accuracy: 0.664435
EPOCH 114:
VALIDATION
valid epoch balanced_accuracy: 0.680060
EPOCH 115:
VALIDATION
valid epoch balanced_accuracy: 0.681548
EPOCH 116:
VALIDATION
valid epoch balanced_accuracy: 0.684524
EPOCH 117:
VALIDATION
valid epoch balanced_accuracy: 0.689732
EPOCH 118:
VALIDATION
valid epoch balanced_accuracy: 0.676339
EPOCH 119:
VALIDATION
valid epoch balanced_accuracy: 0.715030
EPOCH 120:
VALIDATION
valid epoch balanced_accuracy: 0.686012
EPOCH 121:
VALIDATION
valid epoch balanced_accuracy: 0.573661
EPOCH 122:
VALIDATION
valid epoch balanced_accuracy: 0.679315
EPOCH 123:
VALIDATION
valid epoch balanced_accuracy: 0.700893
EPOCH 124:
VALIDATION
valid epoch balanced_accuracy: 0.652530
EPOCH 125:
VALIDATION
valid epoch balanced_accuracy: 0.654762
EPOCH 126:
VALIDATION
valid epoch balanced_accuracy: 0.644345
EPOCH 127:
VALIDATION
valid epoch balanced_accuracy: 0.652530
EPOCH 128:
VALIDATION
valid epoch balanced_accuracy: 0.662946
EPOCH 129:
VALIDATION
valid epoch balanced_accuracy: 0.658482
EPOCH 130:
VALIDATION
valid epoch balanced_accuracy: 0.631696
EPOCH 131:
VALIDATION
valid epoch balanced_accuracy: 0.639137
EPOCH 132:
VALIDATION
valid epoch balanced_accuracy: 0.654762
EPOCH 133:
VALIDATION
valid epoch balanced_accuracy: 0.666667
EPOCH 134:
VALIDATION
valid epoch balanced_accuracy: 0.628720
EPOCH 135:
VALIDATION
valid epoch balanced_accuracy: 0.639137
EPOCH 136:
VALIDATION
valid epoch balanced_accuracy: 0.679315
EPOCH 137:
VALIDATION
valid epoch balanced_accuracy: 0.636161
EPOCH 138:
VALIDATION
valid epoch balanced_accuracy: 0.663690
EPOCH 139:
VALIDATION
valid epoch balanced_accuracy: 0.627232
EPOCH 140:
VALIDATION
valid epoch balanced_accuracy: 0.675595
EPOCH 141:
VALIDATION
valid epoch balanced_accuracy: 0.534970
EPOCH 142:
VALIDATION
valid epoch balanced_accuracy: 0.599702
EPOCH 143:
VALIDATION
valid epoch balanced_accuracy: 0.654762
EPOCH 144:
VALIDATION
valid epoch balanced_accuracy: 0.593750
EPOCH 145:
VALIDATION
valid epoch balanced_accuracy: 0.577381
EPOCH 146:
VALIDATION
valid epoch balanced_accuracy: 0.573661
EPOCH 147:
VALIDATION
valid epoch balanced_accuracy: 0.561012
EPOCH 148:
VALIDATION
valid epoch balanced_accuracy: 0.591518
EPOCH 149:
VALIDATION
valid epoch balanced_accuracy: 0.600446
EPOCH 150:
VALIDATION
valid epoch balanced_accuracy: 0.589286
accuracy: 0.685484
sensitivity: 0.701923
precision: 0.901235
specificity: 0.600000
IoU: 0.651786
FAR: 0.400000
F1: 0.789189
balanced_accuracy: 0.650962
loss: 1.305179
