Waiting for exclusive access to GPU GPU-d29306bd-73d5-a144-2b7c-f04792345a88.
=== GROUP: CRAL-TRIO | VARIANT: bbp_nps3mlp_dpt01_wd0001_gm_plm500_hid64 | SEED: 1 | GPU: NVIDIA H200 ===

number of parameters : 2658874
train : (1104, 12)
valid : (204, 12)
test : (204, 12)
class weights : [1.0, 1.0]
balanced batches : 69 per epoch covering all 1104 train rows, target 8 positive + 8 unlabeled
data extracted
EPOCH 1:
VALIDATION
valid epoch balanced_accuracy: 0.368269
EPOCH 2:
VALIDATION
valid epoch balanced_accuracy: 0.425962
EPOCH 3:
VALIDATION
valid epoch balanced_accuracy: 0.533654
EPOCH 4:
VALIDATION
valid epoch balanced_accuracy: 0.445000
EPOCH 5:
VALIDATION
valid epoch balanced_accuracy: 0.387692
EPOCH 6:
VALIDATION
valid epoch balanced_accuracy: 0.676154
EPOCH 7:
VALIDATION
valid epoch balanced_accuracy: 0.580769
EPOCH 8:
VALIDATION
valid epoch balanced_accuracy: 0.505385
EPOCH 9:
VALIDATION
valid epoch balanced_accuracy: 0.540962
EPOCH 10:
VALIDATION
valid epoch balanced_accuracy: 0.504231
EPOCH 11:
VALIDATION
valid epoch balanced_accuracy: 0.468462
EPOCH 12:
VALIDATION
valid epoch balanced_accuracy: 0.659423
EPOCH 13:
VALIDATION
valid epoch balanced_accuracy: 0.422692
EPOCH 14:
VALIDATION
valid epoch balanced_accuracy: 0.474231
EPOCH 15:
VALIDATION
valid epoch balanced_accuracy: 0.483462
EPOCH 16:
VALIDATION
valid epoch balanced_accuracy: 0.490192
EPOCH 17:
VALIDATION
valid epoch balanced_accuracy: 0.503654
EPOCH 18:
VALIDATION
valid epoch balanced_accuracy: 0.639038
EPOCH 19:
VALIDATION
valid epoch balanced_accuracy: 0.571538
EPOCH 20:
VALIDATION
valid epoch balanced_accuracy: 0.528846
EPOCH 21:
VALIDATION
valid epoch balanced_accuracy: 0.477308
EPOCH 22:
VALIDATION
valid epoch balanced_accuracy: 0.622692
EPOCH 23:
VALIDATION
valid epoch balanced_accuracy: 0.472692
EPOCH 24:
VALIDATION
valid epoch balanced_accuracy: 0.518846
EPOCH 25:
VALIDATION
valid epoch balanced_accuracy: 0.446731
EPOCH 26:
VALIDATION
valid epoch balanced_accuracy: 0.475577
EPOCH 27:
VALIDATION
valid epoch balanced_accuracy: 0.731346
EPOCH 28:
VALIDATION
valid epoch balanced_accuracy: 0.616346
EPOCH 29:
VALIDATION
valid epoch balanced_accuracy: 0.602692
EPOCH 30:
VALIDATION
valid epoch balanced_accuracy: 0.587692
EPOCH 31:
VALIDATION
valid epoch balanced_accuracy: 0.457115
EPOCH 32:
VALIDATION
valid epoch balanced_accuracy: 0.630577
EPOCH 33:
VALIDATION
valid epoch balanced_accuracy: 0.592308
EPOCH 34:
VALIDATION
valid epoch balanced_accuracy: 0.461346
EPOCH 35:
VALIDATION
valid epoch balanced_accuracy: 0.632308
EPOCH 36:
VALIDATION
valid epoch balanced_accuracy: 0.545000
EPOCH 37:
VALIDATION
valid epoch balanced_accuracy: 0.646154
EPOCH 38:
VALIDATION
valid epoch balanced_accuracy: 0.552115
EPOCH 39:
VALIDATION
valid epoch balanced_accuracy: 0.621154
EPOCH 40:
VALIDATION
valid epoch balanced_accuracy: 0.567115
EPOCH 41:
VALIDATION
valid epoch balanced_accuracy: 0.461538
EPOCH 42:
VALIDATION
valid epoch balanced_accuracy: 0.516923
EPOCH 43:
VALIDATION
valid epoch balanced_accuracy: 0.583846
EPOCH 44:
VALIDATION
valid epoch balanced_accuracy: 0.453269
EPOCH 45:
VALIDATION
valid epoch balanced_accuracy: 0.566154
EPOCH 46:
VALIDATION
valid epoch balanced_accuracy: 0.623269
EPOCH 47:
VALIDATION
valid epoch balanced_accuracy: 0.626154
EPOCH 48:
VALIDATION
valid epoch balanced_accuracy: 0.530769
EPOCH 49:
VALIDATION
valid epoch balanced_accuracy: 0.482308
EPOCH 50:
VALIDATION
valid epoch balanced_accuracy: 0.584615
EPOCH 51:
VALIDATION
valid epoch balanced_accuracy: 0.512308
EPOCH 52:
VALIDATION
valid epoch balanced_accuracy: 0.535577
EPOCH 53:
VALIDATION
valid epoch balanced_accuracy: 0.465577
EPOCH 54:
VALIDATION
valid epoch balanced_accuracy: 0.492692
EPOCH 55:
VALIDATION
valid epoch balanced_accuracy: 0.486731
EPOCH 56:
VALIDATION
valid epoch balanced_accuracy: 0.567115
EPOCH 57:
VALIDATION
valid epoch balanced_accuracy: 0.659423
EPOCH 58:
VALIDATION
valid epoch balanced_accuracy: 0.607692
EPOCH 59:
VALIDATION
valid epoch balanced_accuracy: 0.500192
EPOCH 60:
VALIDATION
valid epoch balanced_accuracy: 0.692500
EPOCH 61:
VALIDATION
valid epoch balanced_accuracy: 0.683654
EPOCH 62:
VALIDATION
valid epoch balanced_accuracy: 0.473846
EPOCH 63:
VALIDATION
valid epoch balanced_accuracy: 0.453269
EPOCH 64:
VALIDATION
valid epoch balanced_accuracy: 0.545577
EPOCH 65:
VALIDATION
valid epoch balanced_accuracy: 0.558846
EPOCH 66:
VALIDATION
valid epoch balanced_accuracy: 0.540962
EPOCH 67:
VALIDATION
valid epoch balanced_accuracy: 0.501346
EPOCH 68:
VALIDATION
valid epoch balanced_accuracy: 0.491731
EPOCH 69:
VALIDATION
valid epoch balanced_accuracy: 0.446538
EPOCH 70:
VALIDATION
valid epoch balanced_accuracy: 0.468462
EPOCH 71:
VALIDATION
valid epoch balanced_accuracy: 0.466923
EPOCH 72:
VALIDATION
valid epoch balanced_accuracy: 0.514231
EPOCH 73:
VALIDATION
valid epoch balanced_accuracy: 0.512308
EPOCH 74:
VALIDATION
valid epoch balanced_accuracy: 0.446731
EPOCH 75:
VALIDATION
valid epoch balanced_accuracy: 0.427885
EPOCH 76:
VALIDATION
valid epoch balanced_accuracy: 0.575385
EPOCH 77:
VALIDATION
valid epoch balanced_accuracy: 0.597115
EPOCH 78:
VALIDATION
valid epoch balanced_accuracy: 0.531538
EPOCH 79:
VALIDATION
valid epoch balanced_accuracy: 0.479808
EPOCH 80:
VALIDATION
valid epoch balanced_accuracy: 0.511346
EPOCH 81:
VALIDATION
valid epoch balanced_accuracy: 0.506538
EPOCH 82:
VALIDATION
valid epoch balanced_accuracy: 0.572115
EPOCH 83:
VALIDATION
valid epoch balanced_accuracy: 0.561923
EPOCH 84:
VALIDATION
valid epoch balanced_accuracy: 0.586538
EPOCH 85:
VALIDATION
valid epoch balanced_accuracy: 0.476731
EPOCH 86:
VALIDATION
valid epoch balanced_accuracy: 0.551538
EPOCH 87:
VALIDATION
valid epoch balanced_accuracy: 0.581538
EPOCH 88:
VALIDATION
valid epoch balanced_accuracy: 0.535769
EPOCH 89:
VALIDATION
valid epoch balanced_accuracy: 0.620769
EPOCH 90:
VALIDATION
valid epoch balanced_accuracy: 0.592692
EPOCH 91:
VALIDATION
valid epoch balanced_accuracy: 0.551731
EPOCH 92:
VALIDATION
valid epoch balanced_accuracy: 0.511154
EPOCH 93:
VALIDATION
valid epoch balanced_accuracy: 0.535192
EPOCH 94:
VALIDATION
valid epoch balanced_accuracy: 0.484423
EPOCH 95:
VALIDATION
valid epoch balanced_accuracy: 0.525385
EPOCH 96:
VALIDATION
valid epoch balanced_accuracy: 0.441346
EPOCH 97:
VALIDATION
valid epoch balanced_accuracy: 0.535577
EPOCH 98:
VALIDATION
valid epoch balanced_accuracy: 0.525577
EPOCH 99:
VALIDATION
valid epoch balanced_accuracy: 0.492115
EPOCH 100:
VALIDATION
valid epoch balanced_accuracy: 0.500769
EPOCH 101:
VALIDATION
valid epoch balanced_accuracy: 0.446346
EPOCH 102:
VALIDATION
valid epoch balanced_accuracy: 0.505962
EPOCH 103:
VALIDATION
valid epoch balanced_accuracy: 0.512115
EPOCH 104:
VALIDATION
valid epoch balanced_accuracy: 0.443846
EPOCH 105:
VALIDATION
valid epoch balanced_accuracy: 0.483269
EPOCH 106:
VALIDATION
valid epoch balanced_accuracy: 0.551731
EPOCH 107:
VALIDATION
valid epoch balanced_accuracy: 0.503269
EPOCH 108:
VALIDATION
valid epoch balanced_accuracy: 0.545385
EPOCH 109:
VALIDATION
valid epoch balanced_accuracy: 0.466154
EPOCH 110:
VALIDATION
valid epoch balanced_accuracy: 0.536154
EPOCH 111:
VALIDATION
valid epoch balanced_accuracy: 0.480962
EPOCH 112:
VALIDATION
valid epoch balanced_accuracy: 0.535769
EPOCH 113:
VALIDATION
valid epoch balanced_accuracy: 0.458077
EPOCH 114:
VALIDATION
valid epoch balanced_accuracy: 0.545962
EPOCH 115:
VALIDATION
valid epoch balanced_accuracy: 0.505769
EPOCH 116:
VALIDATION
valid epoch balanced_accuracy: 0.515385
EPOCH 117:
VALIDATION
valid epoch balanced_accuracy: 0.541538
EPOCH 118:
VALIDATION
valid epoch balanced_accuracy: 0.546154
EPOCH 119:
VALIDATION
valid epoch balanced_accuracy: 0.571346
EPOCH 120:
VALIDATION
valid epoch balanced_accuracy: 0.551346
EPOCH 121:
VALIDATION
valid epoch balanced_accuracy: 0.555385
EPOCH 122:
VALIDATION
valid epoch balanced_accuracy: 0.516731
EPOCH 123:
VALIDATION
valid epoch balanced_accuracy: 0.472500
EPOCH 124:
VALIDATION
valid epoch balanced_accuracy: 0.500769
EPOCH 125:
VALIDATION
valid epoch balanced_accuracy: 0.530192
EPOCH 126:
VALIDATION
valid epoch balanced_accuracy: 0.503077
EPOCH 127:
VALIDATION
valid epoch balanced_accuracy: 0.476346
EPOCH 128:
VALIDATION
valid epoch balanced_accuracy: 0.555769
EPOCH 129:
VALIDATION
valid epoch balanced_accuracy: 0.581538
EPOCH 130:
VALIDATION
valid epoch balanced_accuracy: 0.441923
EPOCH 131:
VALIDATION
valid epoch balanced_accuracy: 0.452115
EPOCH 132:
VALIDATION
valid epoch balanced_accuracy: 0.501154
EPOCH 133:
VALIDATION
valid epoch balanced_accuracy: 0.483462
EPOCH 134:
VALIDATION
valid epoch balanced_accuracy: 0.482692
EPOCH 135:
VALIDATION
valid epoch balanced_accuracy: 0.508269
EPOCH 136:
VALIDATION
valid epoch balanced_accuracy: 0.522500
EPOCH 137:
VALIDATION
valid epoch balanced_accuracy: 0.501538
EPOCH 138:
VALIDATION
valid epoch balanced_accuracy: 0.512115
EPOCH 139:
VALIDATION
valid epoch balanced_accuracy: 0.523269
EPOCH 140:
VALIDATION
valid epoch balanced_accuracy: 0.515962
EPOCH 141:
VALIDATION
valid epoch balanced_accuracy: 0.494808
EPOCH 142:
VALIDATION
valid epoch balanced_accuracy: 0.446731
EPOCH 143:
VALIDATION
valid epoch balanced_accuracy: 0.586731
EPOCH 144:
VALIDATION
valid epoch balanced_accuracy: 0.465962
EPOCH 145:
VALIDATION
valid epoch balanced_accuracy: 0.516154
EPOCH 146:
VALIDATION
valid epoch balanced_accuracy: 0.452308
EPOCH 147:
VALIDATION
valid epoch balanced_accuracy: 0.466923
EPOCH 148:
VALIDATION
valid epoch balanced_accuracy: 0.493077
EPOCH 149:
VALIDATION
valid epoch balanced_accuracy: 0.516538
EPOCH 150:
VALIDATION
valid epoch balanced_accuracy: 0.560962
accuracy: 0.686275
sensitivity: 0.778846
precision: 0.663934
specificity: 0.590000
IoU: 0.558621
FAR: 0.410000
F1: 0.716814
balanced_accuracy: 0.684423
loss: 0.990598
