=== GROUP: lipocalin | VARIANT: bbp_fa_nps3mlp_dpt01_gm_plm64_hid64_GRL_dp_rmpft | SEED: 0 | GPU: NVIDIA H200 | SLOT: 2 ===

number of parameters : 1279114
train : (1332, 12)
valid : (90, 12)
test : (90, 12)
class weights : [1.0, 1.0]
balanced batches : 84 per epoch covering all 1332 train rows, target 8 positive + 8 unlabeled
cache warmed : 35 proteins, 409 lipid encodings, 0 lipid graphs, 131 MiB
data extracted
EPOCH 1:
VALIDATION
valid epoch balanced_accuracy: 0.475867
EPOCH 2:
VALIDATION
valid epoch balanced_accuracy: 0.515083
EPOCH 3:
VALIDATION
valid epoch balanced_accuracy: 0.574661
EPOCH 4:
VALIDATION
valid epoch balanced_accuracy: 0.575415
EPOCH 5:
VALIDATION
valid epoch balanced_accuracy: 0.548265
EPOCH 6:
VALIDATION
valid epoch balanced_accuracy: 0.557315
EPOCH 7:
VALIDATION
valid epoch balanced_accuracy: 0.547511
EPOCH 8:
VALIDATION
valid epoch balanced_accuracy: 0.569382
EPOCH 9:
VALIDATION
valid epoch balanced_accuracy: 0.555053
EPOCH 10:
VALIDATION
valid epoch balanced_accuracy: 0.548265
EPOCH 11:
VALIDATION
valid epoch balanced_accuracy: 0.574661
EPOCH 12:
VALIDATION
valid epoch balanced_accuracy: 0.545249
EPOCH 13:
VALIDATION
valid epoch balanced_accuracy: 0.581448
EPOCH 14:
VALIDATION
valid epoch balanced_accuracy: 0.585219
EPOCH 15:
VALIDATION
valid epoch balanced_accuracy: 0.564857
EPOCH 16:
VALIDATION
valid epoch balanced_accuracy: 0.610860
EPOCH 17:
VALIDATION
valid epoch balanced_accuracy: 0.414027
EPOCH 18:
VALIDATION
valid epoch balanced_accuracy: 0.497738
EPOCH 19:
VALIDATION
valid epoch balanced_accuracy: 0.515837
EPOCH 20:
VALIDATION
valid epoch balanced_accuracy: 0.567873
EPOCH 21:
VALIDATION
valid epoch balanced_accuracy: 0.591252
EPOCH 22:
VALIDATION
valid epoch balanced_accuracy: 0.542232
EPOCH 23:
VALIDATION
valid epoch balanced_accuracy: 0.535445
EPOCH 24:
VALIDATION
valid epoch balanced_accuracy: 0.577677
EPOCH 25:
VALIDATION
valid epoch balanced_accuracy: 0.541478
EPOCH 26:
VALIDATION
valid epoch balanced_accuracy: 0.584465
EPOCH 27:
VALIDATION
valid epoch balanced_accuracy: 0.549020
EPOCH 28:
VALIDATION
valid epoch balanced_accuracy: 0.580694
EPOCH 29:
VALIDATION
valid epoch balanced_accuracy: 0.625943
EPOCH 30:
VALIDATION
valid epoch balanced_accuracy: 0.619155
EPOCH 31:
VALIDATION
valid epoch balanced_accuracy: 0.670437
EPOCH 32:
VALIDATION
valid epoch balanced_accuracy: 0.634992
EPOCH 33:
VALIDATION
valid epoch balanced_accuracy: 0.743590
EPOCH 34:
VALIDATION
valid epoch balanced_accuracy: 0.576169
EPOCH 35:
VALIDATION
valid epoch balanced_accuracy: 0.513575
EPOCH 36:
VALIDATION
valid epoch balanced_accuracy: 0.739819
EPOCH 37:
VALIDATION
valid epoch balanced_accuracy: 0.653092
EPOCH 38:
VALIDATION
valid epoch balanced_accuracy: 0.606335
EPOCH 39:
VALIDATION
valid epoch balanced_accuracy: 0.642534
EPOCH 40:
VALIDATION
valid epoch balanced_accuracy: 0.614630
EPOCH 41:
VALIDATION
valid epoch balanced_accuracy: 0.608597
EPOCH 42:
VALIDATION
valid epoch balanced_accuracy: 0.688537
EPOCH 43:
VALIDATION
valid epoch balanced_accuracy: 0.698341
EPOCH 44:
VALIDATION
valid epoch balanced_accuracy: 0.617647
EPOCH 45:
VALIDATION
valid epoch balanced_accuracy: 0.605581
EPOCH 46:
VALIDATION
valid epoch balanced_accuracy: 0.634992
EPOCH 47:
VALIDATION
valid epoch balanced_accuracy: 0.610106
EPOCH 48:
VALIDATION
valid epoch balanced_accuracy: 0.764706
EPOCH 49:
VALIDATION
valid epoch balanced_accuracy: 0.688537
EPOCH 50:
VALIDATION
valid epoch balanced_accuracy: 0.653846
EPOCH 51:
VALIDATION
valid epoch balanced_accuracy: 0.576923
EPOCH 52:
VALIDATION
valid epoch balanced_accuracy: 0.586727
EPOCH 53:
VALIDATION
valid epoch balanced_accuracy: 0.618401
EPOCH 54:
VALIDATION
valid epoch balanced_accuracy: 0.653846
EPOCH 55:
VALIDATION
valid epoch balanced_accuracy: 0.570890
EPOCH 56:
VALIDATION
valid epoch balanced_accuracy: 0.590498
EPOCH 57:
VALIDATION
valid epoch balanced_accuracy: 0.656863
EPOCH 58:
VALIDATION
valid epoch balanced_accuracy: 0.641026
EPOCH 59:
VALIDATION
valid epoch balanced_accuracy: 0.698341
EPOCH 60:
VALIDATION
valid epoch balanced_accuracy: 0.612368
EPOCH 61:
VALIDATION
valid epoch balanced_accuracy: 0.600302
EPOCH 62:
VALIDATION
valid epoch balanced_accuracy: 0.589744
EPOCH 63:
VALIDATION
valid epoch balanced_accuracy: 0.662896
EPOCH 64:
VALIDATION
valid epoch balanced_accuracy: 0.630468
EPOCH 65:
VALIDATION
valid epoch balanced_accuracy: 0.643288
EPOCH 66:
VALIDATION
valid epoch balanced_accuracy: 0.610106
EPOCH 67:
VALIDATION
valid epoch balanced_accuracy: 0.686275
EPOCH 68:
VALIDATION
valid epoch balanced_accuracy: 0.717949
EPOCH 69:
VALIDATION
valid epoch balanced_accuracy: 0.599548
EPOCH 70:
VALIDATION
valid epoch balanced_accuracy: 0.628205
EPOCH 71:
VALIDATION
valid epoch balanced_accuracy: 0.690045
EPOCH 72:
VALIDATION
valid epoch balanced_accuracy: 0.641026
EPOCH 73:
VALIDATION
valid epoch balanced_accuracy: 0.708899
EPOCH 74:
VALIDATION
valid epoch balanced_accuracy: 0.644042
EPOCH 75:
VALIDATION
valid epoch balanced_accuracy: 0.579940
EPOCH 76:
VALIDATION
valid epoch balanced_accuracy: 0.676471
EPOCH 77:
VALIDATION
valid epoch balanced_accuracy: 0.692308
EPOCH 78:
VALIDATION
valid epoch balanced_accuracy: 0.593514
EPOCH 79:
VALIDATION
valid epoch balanced_accuracy: 0.667421
EPOCH 80:
VALIDATION
valid epoch balanced_accuracy: 0.618401
EPOCH 81:
VALIDATION
valid epoch balanced_accuracy: 0.689291
EPOCH 82:
VALIDATION
valid epoch balanced_accuracy: 0.593514
EPOCH 83:
VALIDATION
valid epoch balanced_accuracy: 0.679487
EPOCH 84:
VALIDATION
valid epoch balanced_accuracy: 0.689291
EPOCH 85:
VALIDATION
valid epoch balanced_accuracy: 0.676471
EPOCH 86:
VALIDATION
valid epoch balanced_accuracy: 0.673454
EPOCH 87:
VALIDATION
valid epoch balanced_accuracy: 0.674208
EPOCH 88:
VALIDATION
valid epoch balanced_accuracy: 0.766968
EPOCH 89:
VALIDATION
valid epoch balanced_accuracy: 0.670437
EPOCH 90:
VALIDATION
valid epoch balanced_accuracy: 0.763952
EPOCH 91:
VALIDATION
valid epoch balanced_accuracy: 0.665913
EPOCH 92:
VALIDATION
valid epoch balanced_accuracy: 0.631976
EPOCH 93:
VALIDATION
valid epoch balanced_accuracy: 0.590498
EPOCH 94:
VALIDATION
valid epoch balanced_accuracy: 0.599548
EPOCH 95:
VALIDATION
valid epoch balanced_accuracy: 0.669683
EPOCH 96:
VALIDATION
valid epoch balanced_accuracy: 0.648567
EPOCH 97:
VALIDATION
valid epoch balanced_accuracy: 0.650075
EPOCH 98:
VALIDATION
valid epoch balanced_accuracy: 0.693816
EPOCH 99:
VALIDATION
valid epoch balanced_accuracy: 0.658371
EPOCH 100:
VALIDATION
valid epoch balanced_accuracy: 0.655354
EPOCH 101:
VALIDATION
valid epoch balanced_accuracy: 0.702866
EPOCH 102:
VALIDATION
valid epoch balanced_accuracy: 0.632730
EPOCH 103:
VALIDATION
valid epoch balanced_accuracy: 0.583710
EPOCH 104:
VALIDATION
valid epoch balanced_accuracy: 0.674208
EPOCH 105:
VALIDATION
valid epoch balanced_accuracy: 0.626697
EPOCH 106:
VALIDATION
valid epoch balanced_accuracy: 0.732278
EPOCH 107:
VALIDATION
valid epoch balanced_accuracy: 0.728507
EPOCH 108:
VALIDATION
valid epoch balanced_accuracy: 0.686275
EPOCH 109:
VALIDATION
valid epoch balanced_accuracy: 0.674208
EPOCH 110:
VALIDATION
valid epoch balanced_accuracy: 0.716440
EPOCH 111:
VALIDATION
valid epoch balanced_accuracy: 0.708899
EPOCH 112:
VALIDATION
valid epoch balanced_accuracy: 0.673454
EPOCH 113:
VALIDATION
valid epoch balanced_accuracy: 0.706637
EPOCH 114:
VALIDATION
valid epoch balanced_accuracy: 0.671192
EPOCH 115:
VALIDATION
valid epoch balanced_accuracy: 0.654600
EPOCH 116:
VALIDATION
valid epoch balanced_accuracy: 0.715686
EPOCH 117:
VALIDATION
valid epoch balanced_accuracy: 0.608597
EPOCH 118:
VALIDATION
valid epoch balanced_accuracy: 0.680995
EPOCH 119:
VALIDATION
valid epoch balanced_accuracy: 0.680241
EPOCH 120:
VALIDATION
valid epoch balanced_accuracy: 0.693816
EPOCH 121:
VALIDATION
valid epoch balanced_accuracy: 0.766968
EPOCH 122:
VALIDATION
valid epoch balanced_accuracy: 0.693062
EPOCH 123:
VALIDATION
valid epoch balanced_accuracy: 0.699849
EPOCH 124:
VALIDATION
valid epoch balanced_accuracy: 0.628959
EPOCH 125:
VALIDATION
valid epoch balanced_accuracy: 0.709653
EPOCH 126:
VALIDATION
valid epoch balanced_accuracy: 0.644042
EPOCH 127:
VALIDATION
valid epoch balanced_accuracy: 0.674208
EPOCH 128:
VALIDATION
valid epoch balanced_accuracy: 0.699849
EPOCH 129:
VALIDATION
valid epoch balanced_accuracy: 0.718703
EPOCH 130:
VALIDATION
valid epoch balanced_accuracy: 0.699849
EPOCH 131:
VALIDATION
valid epoch balanced_accuracy: 0.632730
EPOCH 132:
VALIDATION
valid epoch balanced_accuracy: 0.674208
EPOCH 133:
VALIDATION
valid epoch balanced_accuracy: 0.651584
EPOCH 134:
VALIDATION
valid epoch balanced_accuracy: 0.624434
EPOCH 135:
VALIDATION
valid epoch balanced_accuracy: 0.680241
EPOCH 136:
VALIDATION
valid epoch balanced_accuracy: 0.641026
EPOCH 137:
VALIDATION
valid epoch balanced_accuracy: 0.535445
EPOCH 138:
VALIDATION
valid epoch balanced_accuracy: 0.693062
EPOCH 139:
VALIDATION
valid epoch balanced_accuracy: 0.725490
EPOCH 140:
VALIDATION
valid epoch balanced_accuracy: 0.682504
EPOCH 141:
VALIDATION
valid epoch balanced_accuracy: 0.654600
EPOCH 142:
VALIDATION
valid epoch balanced_accuracy: 0.648567
EPOCH 143:
VALIDATION
valid epoch balanced_accuracy: 0.668175
EPOCH 144:
VALIDATION
valid epoch balanced_accuracy: 0.684012
EPOCH 145:
VALIDATION
valid epoch balanced_accuracy: 0.641026
EPOCH 146:
VALIDATION
valid epoch balanced_accuracy: 0.690045
EPOCH 147:
VALIDATION
valid epoch balanced_accuracy: 0.680995
EPOCH 148:
VALIDATION
valid epoch balanced_accuracy: 0.696078
EPOCH 149:
VALIDATION
valid epoch balanced_accuracy: 0.583710
EPOCH 150:
VALIDATION
valid epoch balanced_accuracy: 0.606335
accuracy: 0.677778
sensitivity: 0.627451
precision: 0.761905
specificity: 0.743590
IoU: 0.524590
FAR: 0.256410
F1: 0.688172
balanced_accuracy: 0.685520
loss: 1.876177
