
number of parameters : 1279114
train : (1332, 12)
valid : (90, 12)
test : (90, 12)
class weights : [1.0, 1.0]
balanced batches : 84 per epoch covering all 1332 train rows, target 8 positive + 8 unlabeled
cache warmed : 35 proteins, 409 lipid encodings, 0 lipid graphs, 131 MiB
data extracted
EPOCH 1:
VALIDATION
valid epoch balanced_accuracy: 0.396245
EPOCH 2:
VALIDATION
valid epoch balanced_accuracy: 0.513834
EPOCH 3:
VALIDATION
valid epoch balanced_accuracy: 0.500494
EPOCH 4:
VALIDATION
valid epoch balanced_accuracy: 0.541008
EPOCH 5:
VALIDATION
valid epoch balanced_accuracy: 0.571640
EPOCH 6:
VALIDATION
valid epoch balanced_accuracy: 0.500494
EPOCH 7:
VALIDATION
valid epoch balanced_accuracy: 0.570158
EPOCH 8:
VALIDATION
valid epoch balanced_accuracy: 0.488142
EPOCH 9:
VALIDATION
valid epoch balanced_accuracy: 0.475791
EPOCH 10:
VALIDATION
valid epoch balanced_accuracy: 0.571146
EPOCH 11:
VALIDATION
valid epoch balanced_accuracy: 0.605731
EPOCH 12:
VALIDATION
valid epoch balanced_accuracy: 0.522727
EPOCH 13:
VALIDATION
valid epoch balanced_accuracy: 0.466897
EPOCH 14:
VALIDATION
valid epoch balanced_accuracy: 0.604743
EPOCH 15:
VALIDATION
valid epoch balanced_accuracy: 0.580040
EPOCH 16:
VALIDATION
valid epoch balanced_accuracy: 0.605731
EPOCH 17:
VALIDATION
valid epoch balanced_accuracy: 0.545949
EPOCH 18:
VALIDATION
valid epoch balanced_accuracy: 0.638340
EPOCH 19:
VALIDATION
valid epoch balanced_accuracy: 0.568182
EPOCH 20:
VALIDATION
valid epoch balanced_accuracy: 0.626976
EPOCH 21:
VALIDATION
valid epoch balanced_accuracy: 0.592391
EPOCH 22:
VALIDATION
valid epoch balanced_accuracy: 0.582510
EPOCH 23:
VALIDATION
valid epoch balanced_accuracy: 0.571146
EPOCH 24:
VALIDATION
valid epoch balanced_accuracy: 0.592391
EPOCH 25:
VALIDATION
valid epoch balanced_accuracy: 0.605237
EPOCH 26:
VALIDATION
valid epoch balanced_accuracy: 0.592885
EPOCH 27:
VALIDATION
valid epoch balanced_accuracy: 0.571640
EPOCH 28:
VALIDATION
valid epoch balanced_accuracy: 0.548913
EPOCH 29:
VALIDATION
valid epoch balanced_accuracy: 0.592391
EPOCH 30:
VALIDATION
valid epoch balanced_accuracy: 0.592391
EPOCH 31:
VALIDATION
valid epoch balanced_accuracy: 0.546937
EPOCH 32:
VALIDATION
valid epoch balanced_accuracy: 0.537549
EPOCH 33:
VALIDATION
valid epoch balanced_accuracy: 0.580534
EPOCH 34:
VALIDATION
valid epoch balanced_accuracy: 0.546443
EPOCH 35:
VALIDATION
valid epoch balanced_accuracy: 0.537549
EPOCH 36:
VALIDATION
valid epoch balanced_accuracy: 0.548913
EPOCH 37:
VALIDATION
valid epoch balanced_accuracy: 0.560277
EPOCH 38:
VALIDATION
valid epoch balanced_accuracy: 0.547431
EPOCH 39:
VALIDATION
valid epoch balanced_accuracy: 0.560771
EPOCH 40:
VALIDATION
valid epoch balanced_accuracy: 0.548913
EPOCH 41:
VALIDATION
valid epoch balanced_accuracy: 0.549407
EPOCH 42:
VALIDATION
valid epoch balanced_accuracy: 0.570158
EPOCH 43:
VALIDATION
valid epoch balanced_accuracy: 0.538538
EPOCH 44:
VALIDATION
valid epoch balanced_accuracy: 0.557312
EPOCH 45:
VALIDATION
valid epoch balanced_accuracy: 0.515316
EPOCH 46:
VALIDATION
valid epoch balanced_accuracy: 0.537549
EPOCH 47:
VALIDATION
valid epoch balanced_accuracy: 0.548913
EPOCH 48:
VALIDATION
valid epoch balanced_accuracy: 0.537549
EPOCH 49:
VALIDATION
valid epoch balanced_accuracy: 0.582510
EPOCH 50:
VALIDATION
valid epoch balanced_accuracy: 0.549901
EPOCH 51:
VALIDATION
valid epoch balanced_accuracy: 0.549407
EPOCH 52:
VALIDATION
valid epoch balanced_accuracy: 0.572628
EPOCH 53:
VALIDATION
valid epoch balanced_accuracy: 0.573123
EPOCH 54:
VALIDATION
valid epoch balanced_accuracy: 0.528162
EPOCH 55:
VALIDATION
valid epoch balanced_accuracy: 0.571640
EPOCH 56:
VALIDATION
valid epoch balanced_accuracy: 0.525692
EPOCH 57:
VALIDATION
valid epoch balanced_accuracy: 0.569664
EPOCH 58:
VALIDATION
valid epoch balanced_accuracy: 0.538043
EPOCH 59:
VALIDATION
valid epoch balanced_accuracy: 0.548913
EPOCH 60:
VALIDATION
valid epoch balanced_accuracy: 0.515316
EPOCH 61:
VALIDATION
valid epoch balanced_accuracy: 0.515316
EPOCH 62:
VALIDATION
valid epoch balanced_accuracy: 0.583992
EPOCH 63:
VALIDATION
valid epoch balanced_accuracy: 0.516304
EPOCH 64:
VALIDATION
valid epoch balanced_accuracy: 0.515316
EPOCH 65:
VALIDATION
valid epoch balanced_accuracy: 0.549901
EPOCH 66:
VALIDATION
valid epoch balanced_accuracy: 0.549407
EPOCH 67:
VALIDATION
valid epoch balanced_accuracy: 0.560771
EPOCH 68:
VALIDATION
valid epoch balanced_accuracy: 0.549901
EPOCH 69:
VALIDATION
valid epoch balanced_accuracy: 0.548913
EPOCH 70:
VALIDATION
valid epoch balanced_accuracy: 0.527174
EPOCH 71:
VALIDATION
valid epoch balanced_accuracy: 0.538043
EPOCH 72:
VALIDATION
valid epoch balanced_accuracy: 0.538043
EPOCH 73:
VALIDATION
valid epoch balanced_accuracy: 0.493577
EPOCH 74:
VALIDATION
valid epoch balanced_accuracy: 0.538043
EPOCH 75:
VALIDATION
valid epoch balanced_accuracy: 0.527174
EPOCH 76:
VALIDATION
valid epoch balanced_accuracy: 0.503953
EPOCH 77:
VALIDATION
valid epoch balanced_accuracy: 0.538043
EPOCH 78:
VALIDATION
valid epoch balanced_accuracy: 0.559289
EPOCH 79:
VALIDATION
valid epoch balanced_accuracy: 0.516304
EPOCH 80:
VALIDATION
valid epoch balanced_accuracy: 0.527174
EPOCH 81:
VALIDATION
valid epoch balanced_accuracy: 0.538043
EPOCH 82:
VALIDATION
valid epoch balanced_accuracy: 0.527174
EPOCH 83:
VALIDATION
valid epoch balanced_accuracy: 0.537549
EPOCH 84:
VALIDATION
valid epoch balanced_accuracy: 0.515810
EPOCH 85:
VALIDATION
valid epoch balanced_accuracy: 0.495059
EPOCH 86:
VALIDATION
valid epoch balanced_accuracy: 0.527668
EPOCH 87:
VALIDATION
valid epoch balanced_accuracy: 0.456028
EPOCH 88:
VALIDATION
valid epoch balanced_accuracy: 0.483202
EPOCH 89:
VALIDATION
valid epoch balanced_accuracy: 0.548419
EPOCH 90:
VALIDATION
valid epoch balanced_accuracy: 0.560771
EPOCH 91:
VALIDATION
valid epoch balanced_accuracy: 0.516304
EPOCH 92:
VALIDATION
valid epoch balanced_accuracy: 0.503458
EPOCH 93:
VALIDATION
valid epoch balanced_accuracy: 0.537549
EPOCH 94:
VALIDATION
valid epoch balanced_accuracy: 0.549407
EPOCH 95:
VALIDATION
valid epoch balanced_accuracy: 0.538538
EPOCH 96:
VALIDATION
valid epoch balanced_accuracy: 0.538043
EPOCH 97:
VALIDATION
valid epoch balanced_accuracy: 0.549901
EPOCH 98:
VALIDATION
valid epoch balanced_accuracy: 0.581522
EPOCH 99:
VALIDATION
valid epoch balanced_accuracy: 0.525198
EPOCH 100:
VALIDATION
valid epoch balanced_accuracy: 0.494071
EPOCH 101:
VALIDATION
valid epoch balanced_accuracy: 0.516798
EPOCH 102:
VALIDATION
valid epoch balanced_accuracy: 0.527668
EPOCH 103:
VALIDATION
valid epoch balanced_accuracy: 0.526680
EPOCH 104:
VALIDATION
valid epoch balanced_accuracy: 0.539032
EPOCH 105:
VALIDATION
valid epoch balanced_accuracy: 0.503953
EPOCH 106:
VALIDATION
valid epoch balanced_accuracy: 0.516798
EPOCH 107:
VALIDATION
valid epoch balanced_accuracy: 0.505435
EPOCH 108:
VALIDATION
valid epoch balanced_accuracy: 0.492589
EPOCH 109:
VALIDATION
valid epoch balanced_accuracy: 0.482708
EPOCH 110:
VALIDATION
valid epoch balanced_accuracy: 0.518281
EPOCH 111:
VALIDATION
valid epoch balanced_accuracy: 0.515316
EPOCH 112:
VALIDATION
valid epoch balanced_accuracy: 0.527174
EPOCH 113:
VALIDATION
valid epoch balanced_accuracy: 0.515316
EPOCH 114:
VALIDATION
valid epoch balanced_accuracy: 0.538043
EPOCH 115:
VALIDATION
valid epoch balanced_accuracy: 0.527174
EPOCH 116:
VALIDATION
valid epoch balanced_accuracy: 0.538043
EPOCH 117:
VALIDATION
valid epoch balanced_accuracy: 0.560277
EPOCH 118:
VALIDATION
valid epoch balanced_accuracy: 0.527174
EPOCH 119:
VALIDATION
valid epoch balanced_accuracy: 0.560277
EPOCH 120:
VALIDATION
valid epoch balanced_accuracy: 0.559783
EPOCH 121:
VALIDATION
valid epoch balanced_accuracy: 0.548419
EPOCH 122:
VALIDATION
valid epoch balanced_accuracy: 0.538043
EPOCH 123:
VALIDATION
valid epoch balanced_accuracy: 0.560277
EPOCH 124:
VALIDATION
valid epoch balanced_accuracy: 0.602767
EPOCH 125:
VALIDATION
valid epoch balanced_accuracy: 0.549407
EPOCH 126:
VALIDATION
valid epoch balanced_accuracy: 0.527174
EPOCH 127:
VALIDATION
valid epoch balanced_accuracy: 0.516304
EPOCH 128:
VALIDATION
valid epoch balanced_accuracy: 0.559783
EPOCH 129:
VALIDATION
valid epoch balanced_accuracy: 0.548913
EPOCH 130:
VALIDATION
valid epoch balanced_accuracy: 0.580534
EPOCH 131:
VALIDATION
valid epoch balanced_accuracy: 0.526186
EPOCH 132:
VALIDATION
valid epoch balanced_accuracy: 0.527668
EPOCH 133:
VALIDATION
valid epoch balanced_accuracy: 0.503458
EPOCH 134:
VALIDATION
valid epoch balanced_accuracy: 0.603755
EPOCH 135:
VALIDATION
valid epoch balanced_accuracy: 0.504447
EPOCH 136:
VALIDATION
valid epoch balanced_accuracy: 0.526680
EPOCH 137:
VALIDATION
valid epoch balanced_accuracy: 0.526680
EPOCH 138:
VALIDATION
valid epoch balanced_accuracy: 0.526186
EPOCH 139:
VALIDATION
valid epoch balanced_accuracy: 0.560277
EPOCH 140:
VALIDATION
valid epoch balanced_accuracy: 0.537549
EPOCH 141:
VALIDATION
valid epoch balanced_accuracy: 0.526186
EPOCH 142:
VALIDATION
valid epoch balanced_accuracy: 0.560771
EPOCH 143:
VALIDATION
valid epoch balanced_accuracy: 0.481225
EPOCH 144:
VALIDATION
valid epoch balanced_accuracy: 0.560277
EPOCH 145:
VALIDATION
valid epoch balanced_accuracy: 0.504941
EPOCH 146:
VALIDATION
valid epoch balanced_accuracy: 0.515316
EPOCH 147:
VALIDATION
valid epoch balanced_accuracy: 0.502964
EPOCH 148:
VALIDATION
valid epoch balanced_accuracy: 0.515810
EPOCH 149:
VALIDATION
valid epoch balanced_accuracy: 0.493577
EPOCH 150:
VALIDATION
valid epoch balanced_accuracy: 0.515810
accuracy: 0.555556
sensitivity: 0.250000
precision: 0.611111
specificity: 0.847826
IoU: 0.215686
FAR: 0.152174
F1: 0.354839
balanced_accuracy: 0.548913
loss: 0.968505
