Waiting for exclusive access to GPU GPU-98a70823-5da6-f1a2-8a76-10eac0cde70f.
=== GROUP: GLTP | VARIANT: final_m2 | SEED: 0 | FINAL_M: 2 | GPU: Tesla V100-SXM2-32GB ===

number of parameters : 1050702
train : (1224, 12)
valid : (55, 12)
test : (55, 12)
class weights : [1.1147540807724, 0.9066666960716248]
data extracted
EPOCH 1:
VALIDATION
valid epoch balanced_accuracy: 0.374542
EPOCH 2:
VALIDATION
valid epoch balanced_accuracy: 0.136447
EPOCH 3:
VALIDATION
valid epoch balanced_accuracy: 0.174908
EPOCH 4:
VALIDATION
valid epoch balanced_accuracy: 0.213370
EPOCH 5:
VALIDATION
valid epoch balanced_accuracy: 0.251832
EPOCH 6:
VALIDATION
valid epoch balanced_accuracy: 0.213370
EPOCH 7:
VALIDATION
valid epoch balanced_accuracy: 0.213370
EPOCH 8:
VALIDATION
valid epoch balanced_accuracy: 0.136447
EPOCH 9:
VALIDATION
valid epoch balanced_accuracy: 0.213370
EPOCH 10:
VALIDATION
valid epoch balanced_accuracy: 0.213370
EPOCH 11:
VALIDATION
valid epoch balanced_accuracy: 0.393773
EPOCH 12:
VALIDATION
valid epoch balanced_accuracy: 0.201465
EPOCH 13:
VALIDATION
valid epoch balanced_accuracy: 0.213370
EPOCH 14:
VALIDATION
valid epoch balanced_accuracy: 0.355311
EPOCH 15:
VALIDATION
valid epoch balanced_accuracy: 0.239927
EPOCH 16:
VALIDATION
valid epoch balanced_accuracy: 0.151099
EPOCH 17:
VALIDATION
valid epoch balanced_accuracy: 0.266484
EPOCH 18:
VALIDATION
valid epoch balanced_accuracy: 0.293040
EPOCH 19:
VALIDATION
valid epoch balanced_accuracy: 0.331502
EPOCH 20:
VALIDATION
valid epoch balanced_accuracy: 0.293040
EPOCH 21:
VALIDATION
valid epoch balanced_accuracy: 0.293040
EPOCH 22:
VALIDATION
valid epoch balanced_accuracy: 0.307692
EPOCH 23:
VALIDATION
valid epoch balanced_accuracy: 0.254579
EPOCH 24:
VALIDATION
valid epoch balanced_accuracy: 0.307692
EPOCH 25:
VALIDATION
valid epoch balanced_accuracy: 0.369963
EPOCH 26:
VALIDATION
valid epoch balanced_accuracy: 0.346154
EPOCH 27:
VALIDATION
valid epoch balanced_accuracy: 0.319597
EPOCH 28:
VALIDATION
valid epoch balanced_accuracy: 0.216117
EPOCH 29:
VALIDATION
valid epoch balanced_accuracy: 0.307692
EPOCH 30:
VALIDATION
valid epoch balanced_accuracy: 0.307692
EPOCH 31:
VALIDATION
valid epoch balanced_accuracy: 0.423077
EPOCH 32:
VALIDATION
valid epoch balanced_accuracy: 0.293040
EPOCH 33:
VALIDATION
valid epoch balanced_accuracy: 0.358059
EPOCH 34:
VALIDATION
valid epoch balanced_accuracy: 0.319597
EPOCH 35:
VALIDATION
valid epoch balanced_accuracy: 0.434982
EPOCH 36:
VALIDATION
valid epoch balanced_accuracy: 0.331502
EPOCH 37:
VALIDATION
valid epoch balanced_accuracy: 0.408425
EPOCH 38:
VALIDATION
valid epoch balanced_accuracy: 0.319597
EPOCH 39:
VALIDATION
valid epoch balanced_accuracy: 0.269231
EPOCH 40:
VALIDATION
valid epoch balanced_accuracy: 0.281136
EPOCH 41:
VALIDATION
valid epoch balanced_accuracy: 0.254579
EPOCH 42:
VALIDATION
valid epoch balanced_accuracy: 0.254579
EPOCH 43:
VALIDATION
valid epoch balanced_accuracy: 0.281136
EPOCH 44:
VALIDATION
valid epoch balanced_accuracy: 0.319597
EPOCH 45:
VALIDATION
valid epoch balanced_accuracy: 0.331502
EPOCH 46:
VALIDATION
valid epoch balanced_accuracy: 0.293040
EPOCH 47:
VALIDATION
valid epoch balanced_accuracy: 0.293040
EPOCH 48:
VALIDATION
valid epoch balanced_accuracy: 0.319597
EPOCH 49:
VALIDATION
valid epoch balanced_accuracy: 0.319597
EPOCH 50:
VALIDATION
valid epoch balanced_accuracy: 0.358059
EPOCH 51:
VALIDATION
valid epoch balanced_accuracy: 0.319597
EPOCH 52:
VALIDATION
valid epoch balanced_accuracy: 0.346154
EPOCH 53:
VALIDATION
valid epoch balanced_accuracy: 0.307692
EPOCH 54:
VALIDATION
valid epoch balanced_accuracy: 0.319597
EPOCH 55:
VALIDATION
valid epoch balanced_accuracy: 0.293040
EPOCH 56:
VALIDATION
valid epoch balanced_accuracy: 0.281136
EPOCH 57:
VALIDATION
valid epoch balanced_accuracy: 0.319597
EPOCH 58:
VALIDATION
valid epoch balanced_accuracy: 0.331502
EPOCH 59:
VALIDATION
valid epoch balanced_accuracy: 0.319597
EPOCH 60:
VALIDATION
valid epoch balanced_accuracy: 0.319597
EPOCH 61:
VALIDATION
valid epoch balanced_accuracy: 0.319597
EARLY STOPPING: rolling validation balanced accuracy did not improve for 60 epochs and validation loss increased over the same window.
accuracy: 0.545455
sensitivity: 0.666667
precision: 0.684211
specificity: 0.250000
IoU: 0.509804
FAR: 0.750000
F1: 0.675325
balanced_accuracy: 0.458333
loss: 0.730976
