
number of parameters : 1038350
train : (1224, 12)
valid : (55, 12)
test : (55, 12)
class weights : [1.1147540807724, 0.9066666960716248]
data extracted
EPOCH 1:
VALIDATION
valid epoch balanced_accuracy: 0.107143
EPOCH 2:
VALIDATION
valid epoch balanced_accuracy: 0.278571
EPOCH 3:
VALIDATION
valid epoch balanced_accuracy: 0.192857
EPOCH 4:
VALIDATION
valid epoch balanced_accuracy: 0.228571
EPOCH 5:
VALIDATION
valid epoch balanced_accuracy: 0.182143
EPOCH 6:
VALIDATION
valid epoch balanced_accuracy: 0.217857
EPOCH 7:
VALIDATION
valid epoch balanced_accuracy: 0.192857
EPOCH 8:
VALIDATION
valid epoch balanced_accuracy: 0.314286
EPOCH 9:
VALIDATION
valid epoch balanced_accuracy: 0.228571
EPOCH 10:
VALIDATION
valid epoch balanced_accuracy: 0.275000
EPOCH 11:
VALIDATION
valid epoch balanced_accuracy: 0.303571
EPOCH 12:
VALIDATION
valid epoch balanced_accuracy: 0.400000
EPOCH 13:
VALIDATION
valid epoch balanced_accuracy: 0.289286
EPOCH 14:
VALIDATION
valid epoch balanced_accuracy: 0.375000
EPOCH 15:
VALIDATION
valid epoch balanced_accuracy: 0.375000
EPOCH 16:
VALIDATION
valid epoch balanced_accuracy: 0.375000
EPOCH 17:
VALIDATION
valid epoch balanced_accuracy: 0.350000
EPOCH 18:
VALIDATION
valid epoch balanced_accuracy: 0.228571
EPOCH 19:
VALIDATION
valid epoch balanced_accuracy: 0.275000
EPOCH 20:
VALIDATION
valid epoch balanced_accuracy: 0.375000
EPOCH 21:
VALIDATION
valid epoch balanced_accuracy: 0.264286
EPOCH 22:
VALIDATION
valid epoch balanced_accuracy: 0.239286
EPOCH 23:
VALIDATION
valid epoch balanced_accuracy: 0.314286
EPOCH 24:
VALIDATION
valid epoch balanced_accuracy: 0.325000
EPOCH 25:
VALIDATION
valid epoch balanced_accuracy: 0.425000
EPOCH 26:
VALIDATION
valid epoch balanced_accuracy: 0.400000
EPOCH 27:
VALIDATION
valid epoch balanced_accuracy: 0.400000
EPOCH 28:
VALIDATION
valid epoch balanced_accuracy: 0.267857
EPOCH 29:
VALIDATION
valid epoch balanced_accuracy: 0.375000
EPOCH 30:
VALIDATION
valid epoch balanced_accuracy: 0.350000
EPOCH 31:
VALIDATION
valid epoch balanced_accuracy: 0.400000
EPOCH 32:
VALIDATION
valid epoch balanced_accuracy: 0.250000
EPOCH 33:
VALIDATION
valid epoch balanced_accuracy: 0.200000
EPOCH 34:
VALIDATION
valid epoch balanced_accuracy: 0.400000
EPOCH 35:
VALIDATION
valid epoch balanced_accuracy: 0.425000
EPOCH 36:
VALIDATION
valid epoch balanced_accuracy: 0.400000
EPOCH 37:
VALIDATION
valid epoch balanced_accuracy: 0.400000
EPOCH 38:
VALIDATION
valid epoch balanced_accuracy: 0.425000
EPOCH 39:
VALIDATION
valid epoch balanced_accuracy: 0.375000
EPOCH 40:
VALIDATION
valid epoch balanced_accuracy: 0.400000
EPOCH 41:
VALIDATION
valid epoch balanced_accuracy: 0.375000
EPOCH 42:
VALIDATION
valid epoch balanced_accuracy: 0.400000
EPOCH 43:
VALIDATION
valid epoch balanced_accuracy: 0.400000
EPOCH 44:
VALIDATION
valid epoch balanced_accuracy: 0.425000
EPOCH 45:
VALIDATION
valid epoch balanced_accuracy: 0.317857
EPOCH 46:
VALIDATION
valid epoch balanced_accuracy: 0.400000
EPOCH 47:
VALIDATION
valid epoch balanced_accuracy: 0.350000
EPOCH 48:
VALIDATION
valid epoch balanced_accuracy: 0.350000
EPOCH 49:
VALIDATION
valid epoch balanced_accuracy: 0.250000
EPOCH 50:
VALIDATION
valid epoch balanced_accuracy: 0.375000
EPOCH 51:
VALIDATION
valid epoch balanced_accuracy: 0.350000
EPOCH 52:
VALIDATION
valid epoch balanced_accuracy: 0.314286
EPOCH 53:
VALIDATION
valid epoch balanced_accuracy: 0.400000
EPOCH 54:
VALIDATION
valid epoch balanced_accuracy: 0.325000
EPOCH 55:
VALIDATION
valid epoch balanced_accuracy: 0.214286
EPOCH 56:
VALIDATION
valid epoch balanced_accuracy: 0.353571
EPOCH 57:
VALIDATION
valid epoch balanced_accuracy: 0.375000
EPOCH 58:
VALIDATION
valid epoch balanced_accuracy: 0.375000
EPOCH 59:
VALIDATION
valid epoch balanced_accuracy: 0.289286
EPOCH 60:
VALIDATION
valid epoch balanced_accuracy: 0.400000
EPOCH 61:
VALIDATION
valid epoch balanced_accuracy: 0.300000
EPOCH 62:
VALIDATION
valid epoch balanced_accuracy: 0.289286
EPOCH 63:
VALIDATION
valid epoch balanced_accuracy: 0.414286
EPOCH 64:
VALIDATION
valid epoch balanced_accuracy: 0.364286
EPOCH 65:
VALIDATION
valid epoch balanced_accuracy: 0.450000
EPOCH 66:
VALIDATION
valid epoch balanced_accuracy: 0.450000
EPOCH 67:
VALIDATION
valid epoch balanced_accuracy: 0.400000
EPOCH 68:
VALIDATION
valid epoch balanced_accuracy: 0.400000
EPOCH 69:
VALIDATION
valid epoch balanced_accuracy: 0.339286
EPOCH 70:
VALIDATION
valid epoch balanced_accuracy: 0.264286
EPOCH 71:
VALIDATION
valid epoch balanced_accuracy: 0.400000
EPOCH 72:
VALIDATION
valid epoch balanced_accuracy: 0.400000
EPOCH 73:
VALIDATION
valid epoch balanced_accuracy: 0.450000
EPOCH 74:
VALIDATION
valid epoch balanced_accuracy: 0.339286
EPOCH 75:
VALIDATION
valid epoch balanced_accuracy: 0.425000
EPOCH 76:
VALIDATION
valid epoch balanced_accuracy: 0.450000
EPOCH 77:
VALIDATION
valid epoch balanced_accuracy: 0.225000
EPOCH 78:
VALIDATION
valid epoch balanced_accuracy: 0.350000
EPOCH 79:
VALIDATION
valid epoch balanced_accuracy: 0.364286
EPOCH 80:
VALIDATION
valid epoch balanced_accuracy: 0.350000
EPOCH 81:
VALIDATION
valid epoch balanced_accuracy: 0.364286
EPOCH 82:
VALIDATION
valid epoch balanced_accuracy: 0.300000
EPOCH 83:
VALIDATION
valid epoch balanced_accuracy: 0.425000
EPOCH 84:
VALIDATION
valid epoch balanced_accuracy: 0.314286
EPOCH 85:
VALIDATION
valid epoch balanced_accuracy: 0.425000
EPOCH 86:
VALIDATION
valid epoch balanced_accuracy: 0.325000
EPOCH 87:
VALIDATION
valid epoch balanced_accuracy: 0.350000
EPOCH 88:
VALIDATION
valid epoch balanced_accuracy: 0.400000
EPOCH 89:
VALIDATION
valid epoch balanced_accuracy: 0.314286
EPOCH 90:
VALIDATION
valid epoch balanced_accuracy: 0.425000
EPOCH 91:
VALIDATION
valid epoch balanced_accuracy: 0.257143
EPOCH 92:
VALIDATION
valid epoch balanced_accuracy: 0.400000
EPOCH 93:
VALIDATION
valid epoch balanced_accuracy: 0.289286
EPOCH 94:
VALIDATION
valid epoch balanced_accuracy: 0.314286
EPOCH 95:
VALIDATION
valid epoch balanced_accuracy: 0.339286
EPOCH 96:
VALIDATION
valid epoch balanced_accuracy: 0.328571
EPOCH 97:
VALIDATION
valid epoch balanced_accuracy: 0.314286
EPOCH 98:
VALIDATION
valid epoch balanced_accuracy: 0.325000
EPOCH 99:
VALIDATION
valid epoch balanced_accuracy: 0.328571
EPOCH 100:
VALIDATION
valid epoch balanced_accuracy: 0.328571
EPOCH 101:
VALIDATION
valid epoch balanced_accuracy: 0.289286
EPOCH 102:
VALIDATION
valid epoch balanced_accuracy: 0.289286
EPOCH 103:
VALIDATION
valid epoch balanced_accuracy: 0.325000
EPOCH 104:
VALIDATION
valid epoch balanced_accuracy: 0.300000
EPOCH 105:
VALIDATION
valid epoch balanced_accuracy: 0.328571
EPOCH 106:
VALIDATION
valid epoch balanced_accuracy: 0.353571
EPOCH 107:
VALIDATION
valid epoch balanced_accuracy: 0.314286
EPOCH 108:
VALIDATION
valid epoch balanced_accuracy: 0.314286
EPOCH 109:
VALIDATION
valid epoch balanced_accuracy: 0.314286
EPOCH 110:
VALIDATION
valid epoch balanced_accuracy: 0.382143
EPOCH 111:
VALIDATION
valid epoch balanced_accuracy: 0.389286
EPOCH 112:
VALIDATION
valid epoch balanced_accuracy: 0.425000
EPOCH 113:
VALIDATION
valid epoch balanced_accuracy: 0.353571
EPOCH 114:
VALIDATION
valid epoch balanced_accuracy: 0.328571
EPOCH 115:
VALIDATION
valid epoch balanced_accuracy: 0.328571
EPOCH 116:
VALIDATION
valid epoch balanced_accuracy: 0.325000
EPOCH 117:
VALIDATION
valid epoch balanced_accuracy: 0.300000
EPOCH 118:
VALIDATION
valid epoch balanced_accuracy: 0.300000
EPOCH 119:
VALIDATION
valid epoch balanced_accuracy: 0.300000
EPOCH 120:
VALIDATION
valid epoch balanced_accuracy: 0.350000
EPOCH 121:
VALIDATION
valid epoch balanced_accuracy: 0.275000
EPOCH 122:
VALIDATION
valid epoch balanced_accuracy: 0.300000
EPOCH 123:
VALIDATION
valid epoch balanced_accuracy: 0.300000
EPOCH 124:
VALIDATION
valid epoch balanced_accuracy: 0.325000
EPOCH 125:
VALIDATION
valid epoch balanced_accuracy: 0.300000
EPOCH 126:
VALIDATION
valid epoch balanced_accuracy: 0.325000
EPOCH 127:
VALIDATION
valid epoch balanced_accuracy: 0.350000
EARLY STOPPING: rolling validation balanced accuracy did not improve for 60 epochs and validation loss increased over the same window.
accuracy: 0.127273
sensitivity: 0.021739
precision: 0.250000
specificity: 0.666667
IoU: 0.020408
FAR: 0.333333
F1: 0.040000
balanced_accuracy: 0.344203
loss: 7.072184
