Waiting for exclusive access to GPU GPU-38a38518-f06f-f0c5-4f93-1f42b9a43f98.
=== GROUP: START | VARIANT: nps3mlp_dpt015 | SEED: 2 | GPU: NVIDIA A100-PCIE-40GB ===

number of parameters : 1403982
train : (1083, 12)
valid : (124, 12)
test : (124, 12)
class weights : [1.0275142192840576, 0.9739208817481995]
data extracted
EPOCH 1:
VALIDATION
valid epoch balanced_accuracy: 0.500000
EPOCH 2:
VALIDATION
valid epoch balanced_accuracy: 0.539435
EPOCH 3:
VALIDATION
valid epoch balanced_accuracy: 0.581101
EPOCH 4:
VALIDATION
valid epoch balanced_accuracy: 0.548363
EPOCH 5:
VALIDATION
valid epoch balanced_accuracy: 0.561756
EPOCH 6:
VALIDATION
valid epoch balanced_accuracy: 0.546875
EPOCH 7:
VALIDATION
valid epoch balanced_accuracy: 0.637649
EPOCH 8:
VALIDATION
valid epoch balanced_accuracy: 0.597470
EPOCH 9:
VALIDATION
valid epoch balanced_accuracy: 0.606399
EPOCH 10:
VALIDATION
valid epoch balanced_accuracy: 0.619048
EPOCH 11:
VALIDATION
valid epoch balanced_accuracy: 0.663690
EPOCH 12:
VALIDATION
valid epoch balanced_accuracy: 0.636905
EPOCH 13:
VALIDATION
valid epoch balanced_accuracy: 0.667411
EPOCH 14:
VALIDATION
valid epoch balanced_accuracy: 0.497768
EPOCH 15:
VALIDATION
valid epoch balanced_accuracy: 0.599702
EPOCH 16:
VALIDATION
valid epoch balanced_accuracy: 0.621280
EPOCH 17:
VALIDATION
valid epoch balanced_accuracy: 0.652530
EPOCH 18:
VALIDATION
valid epoch balanced_accuracy: 0.536458
EPOCH 19:
VALIDATION
valid epoch balanced_accuracy: 0.581101
EPOCH 20:
VALIDATION
valid epoch balanced_accuracy: 0.536458
EPOCH 21:
VALIDATION
valid epoch balanced_accuracy: 0.649554
EPOCH 22:
VALIDATION
valid epoch balanced_accuracy: 0.591518
EPOCH 23:
VALIDATION
valid epoch balanced_accuracy: 0.658482
EPOCH 24:
VALIDATION
valid epoch balanced_accuracy: 0.609375
EPOCH 25:
VALIDATION
valid epoch balanced_accuracy: 0.595982
EPOCH 26:
VALIDATION
valid epoch balanced_accuracy: 0.537946
EPOCH 27:
VALIDATION
valid epoch balanced_accuracy: 0.565476
EPOCH 28:
VALIDATION
valid epoch balanced_accuracy: 0.598958
EPOCH 29:
VALIDATION
valid epoch balanced_accuracy: 0.605655
EPOCH 30:
VALIDATION
valid epoch balanced_accuracy: 0.656994
EPOCH 31:
VALIDATION
valid epoch balanced_accuracy: 0.668899
EPOCH 32:
VALIDATION
valid epoch balanced_accuracy: 0.600446
EPOCH 33:
VALIDATION
valid epoch balanced_accuracy: 0.623512
EPOCH 34:
VALIDATION
valid epoch balanced_accuracy: 0.610119
EPOCH 35:
VALIDATION
valid epoch balanced_accuracy: 0.633929
EPOCH 36:
VALIDATION
valid epoch balanced_accuracy: 0.581101
EPOCH 37:
VALIDATION
valid epoch balanced_accuracy: 0.604911
EPOCH 38:
VALIDATION
valid epoch balanced_accuracy: 0.639137
EPOCH 39:
VALIDATION
valid epoch balanced_accuracy: 0.671131
EPOCH 40:
VALIDATION
valid epoch balanced_accuracy: 0.597470
EPOCH 41:
VALIDATION
valid epoch balanced_accuracy: 0.509673
EPOCH 42:
VALIDATION
valid epoch balanced_accuracy: 0.524554
EPOCH 43:
VALIDATION
valid epoch balanced_accuracy: 0.531250
EPOCH 44:
VALIDATION
valid epoch balanced_accuracy: 0.662202
EPOCH 45:
VALIDATION
valid epoch balanced_accuracy: 0.495536
EPOCH 46:
VALIDATION
valid epoch balanced_accuracy: 0.524554
EPOCH 47:
VALIDATION
valid epoch balanced_accuracy: 0.610119
EPOCH 48:
VALIDATION
valid epoch balanced_accuracy: 0.587798
EPOCH 49:
VALIDATION
valid epoch balanced_accuracy: 0.620536
EPOCH 50:
VALIDATION
valid epoch balanced_accuracy: 0.717262
EPOCH 51:
VALIDATION
valid epoch balanced_accuracy: 0.453125
EPOCH 52:
VALIDATION
valid epoch balanced_accuracy: 0.549851
EPOCH 53:
VALIDATION
valid epoch balanced_accuracy: 0.535714
EPOCH 54:
VALIDATION
valid epoch balanced_accuracy: 0.671875
EPOCH 55:
VALIDATION
valid epoch balanced_accuracy: 0.669643
EPOCH 56:
VALIDATION
valid epoch balanced_accuracy: 0.609375
EPOCH 57:
VALIDATION
valid epoch balanced_accuracy: 0.532738
EPOCH 58:
VALIDATION
valid epoch balanced_accuracy: 0.628720
EPOCH 59:
VALIDATION
valid epoch balanced_accuracy: 0.609375
EPOCH 60:
VALIDATION
valid epoch balanced_accuracy: 0.654762
EPOCH 61:
VALIDATION
valid epoch balanced_accuracy: 0.488095
EPOCH 62:
VALIDATION
valid epoch balanced_accuracy: 0.635417
EPOCH 63:
VALIDATION
valid epoch balanced_accuracy: 0.580357
EPOCH 64:
VALIDATION
valid epoch balanced_accuracy: 0.627232
EPOCH 65:
VALIDATION
valid epoch balanced_accuracy: 0.590030
EPOCH 66:
VALIDATION
valid epoch balanced_accuracy: 0.606399
EPOCH 67:
VALIDATION
valid epoch balanced_accuracy: 0.482887
EPOCH 68:
VALIDATION
valid epoch balanced_accuracy: 0.595982
EPOCH 69:
VALIDATION
valid epoch balanced_accuracy: 0.613095
EPOCH 70:
VALIDATION
valid epoch balanced_accuracy: 0.615327
EPOCH 71:
VALIDATION
valid epoch balanced_accuracy: 0.534970
EPOCH 72:
VALIDATION
valid epoch balanced_accuracy: 0.662946
EPOCH 73:
VALIDATION
valid epoch balanced_accuracy: 0.642113
EPOCH 74:
VALIDATION
valid epoch balanced_accuracy: 0.509673
EPOCH 75:
VALIDATION
valid epoch balanced_accuracy: 0.604167
EPOCH 76:
VALIDATION
valid epoch balanced_accuracy: 0.593006
EPOCH 77:
VALIDATION
valid epoch balanced_accuracy: 0.636905
EPOCH 78:
VALIDATION
valid epoch balanced_accuracy: 0.635417
EPOCH 79:
VALIDATION
valid epoch balanced_accuracy: 0.556548
EPOCH 80:
VALIDATION
valid epoch balanced_accuracy: 0.621280
EPOCH 81:
VALIDATION
valid epoch balanced_accuracy: 0.444940
EPOCH 82:
VALIDATION
valid epoch balanced_accuracy: 0.513393
EPOCH 83:
VALIDATION
valid epoch balanced_accuracy: 0.469494
EPOCH 84:
VALIDATION
valid epoch balanced_accuracy: 0.587054
EPOCH 85:
VALIDATION
valid epoch balanced_accuracy: 0.509673
EPOCH 86:
VALIDATION
valid epoch balanced_accuracy: 0.513393
EPOCH 87:
VALIDATION
valid epoch balanced_accuracy: 0.590774
EPOCH 88:
VALIDATION
valid epoch balanced_accuracy: 0.543899
EPOCH 89:
VALIDATION
valid epoch balanced_accuracy: 0.534970
EPOCH 90:
VALIDATION
valid epoch balanced_accuracy: 0.474702
EPOCH 91:
VALIDATION
valid epoch balanced_accuracy: 0.606399
EPOCH 92:
VALIDATION
valid epoch balanced_accuracy: 0.494048
EPOCH 93:
VALIDATION
valid epoch balanced_accuracy: 0.588542
EPOCH 94:
VALIDATION
valid epoch balanced_accuracy: 0.527530
EPOCH 95:
VALIDATION
valid epoch balanced_accuracy: 0.599702
EPOCH 96:
VALIDATION
valid epoch balanced_accuracy: 0.525298
EPOCH 97:
VALIDATION
valid epoch balanced_accuracy: 0.615327
EPOCH 98:
VALIDATION
valid epoch balanced_accuracy: 0.606399
EPOCH 99:
VALIDATION
valid epoch balanced_accuracy: 0.523065
EPOCH 100:
VALIDATION
valid epoch balanced_accuracy: 0.523810
EPOCH 101:
VALIDATION
valid epoch balanced_accuracy: 0.673363
EPOCH 102:
VALIDATION
valid epoch balanced_accuracy: 0.619048
EPOCH 103:
VALIDATION
valid epoch balanced_accuracy: 0.738839
EPOCH 104:
VALIDATION
valid epoch balanced_accuracy: 0.662202
EPOCH 105:
VALIDATION
valid epoch balanced_accuracy: 0.690476
EPOCH 106:
VALIDATION
valid epoch balanced_accuracy: 0.667411
EPOCH 107:
VALIDATION
valid epoch balanced_accuracy: 0.651786
EPOCH 108:
VALIDATION
valid epoch balanced_accuracy: 0.666667
EPOCH 109:
VALIDATION
valid epoch balanced_accuracy: 0.637649
EPOCH 110:
VALIDATION
valid epoch balanced_accuracy: 0.613839
EPOCH 111:
VALIDATION
valid epoch balanced_accuracy: 0.657738
EPOCH 112:
VALIDATION
valid epoch balanced_accuracy: 0.589286
EPOCH 113:
VALIDATION
valid epoch balanced_accuracy: 0.622024
EPOCH 114:
VALIDATION
valid epoch balanced_accuracy: 0.603423
EPOCH 115:
VALIDATION
valid epoch balanced_accuracy: 0.661458
EPOCH 116:
VALIDATION
valid epoch balanced_accuracy: 0.663690
EPOCH 117:
VALIDATION
valid epoch balanced_accuracy: 0.634673
EPOCH 118:
VALIDATION
valid epoch balanced_accuracy: 0.695685
EPOCH 119:
VALIDATION
valid epoch balanced_accuracy: 0.692708
EPOCH 120:
VALIDATION
valid epoch balanced_accuracy: 0.664435
EPOCH 121:
VALIDATION
valid epoch balanced_accuracy: 0.677083
EPOCH 122:
VALIDATION
valid epoch balanced_accuracy: 0.656994
EPOCH 123:
VALIDATION
valid epoch balanced_accuracy: 0.671875
EPOCH 124:
VALIDATION
valid epoch balanced_accuracy: 0.619048
EPOCH 125:
VALIDATION
valid epoch balanced_accuracy: 0.641369
EPOCH 126:
VALIDATION
valid epoch balanced_accuracy: 0.662202
EPOCH 127:
VALIDATION
valid epoch balanced_accuracy: 0.687500
EPOCH 128:
VALIDATION
valid epoch balanced_accuracy: 0.659970
EPOCH 129:
VALIDATION
valid epoch balanced_accuracy: 0.642857
EPOCH 130:
VALIDATION
valid epoch balanced_accuracy: 0.654762
EPOCH 131:
VALIDATION
valid epoch balanced_accuracy: 0.689732
EPOCH 132:
VALIDATION
valid epoch balanced_accuracy: 0.685268
EPOCH 133:
VALIDATION
valid epoch balanced_accuracy: 0.710565
EPOCH 134:
VALIDATION
valid epoch balanced_accuracy: 0.705357
EPOCH 135:
VALIDATION
valid epoch balanced_accuracy: 0.643601
EPOCH 136:
VALIDATION
valid epoch balanced_accuracy: 0.623512
EPOCH 137:
VALIDATION
valid epoch balanced_accuracy: 0.633929
EPOCH 138:
VALIDATION
valid epoch balanced_accuracy: 0.640625
EPOCH 139:
VALIDATION
valid epoch balanced_accuracy: 0.626488
EPOCH 140:
VALIDATION
valid epoch balanced_accuracy: 0.661458
EPOCH 141:
VALIDATION
valid epoch balanced_accuracy: 0.631696
EPOCH 142:
VALIDATION
valid epoch balanced_accuracy: 0.626488
EPOCH 143:
VALIDATION
valid epoch balanced_accuracy: 0.637649
EPOCH 144:
VALIDATION
valid epoch balanced_accuracy: 0.633929
EPOCH 145:
VALIDATION
valid epoch balanced_accuracy: 0.626488
EPOCH 146:
VALIDATION
valid epoch balanced_accuracy: 0.624256
EPOCH 147:
VALIDATION
valid epoch balanced_accuracy: 0.470982
EPOCH 148:
VALIDATION
valid epoch balanced_accuracy: 0.545387
EPOCH 149:
VALIDATION
valid epoch balanced_accuracy: 0.491071
EPOCH 150:
VALIDATION
valid epoch balanced_accuracy: 0.633185
accuracy: 0.604839
sensitivity: 0.557692
precision: 0.950820
specificity: 0.850000
IoU: 0.542056
FAR: 0.150000
F1: 0.703030
balanced_accuracy: 0.703846
loss: 3.054705
