=== GROUP: CRAL-TRIO | VARIANT: bbp_fa_fbng_nps3mlp_dpt01_wd0001_gm_plm64_hid64_GRL_dp_rmpft | SEED: 1 | GPU: NVIDIA H100 | SLOT: 0 ===

number of parameters : 901194
train : (1104, 12)
valid : (204, 12)
test : (204, 12)
class weights : [1.0, 1.0]
balanced batches : 69 per epoch covering all 1104 train rows, target 8 positive + 8 unlabeled
cache warmed : 35 proteins, 409 lipid encodings, 0 lipid graphs, 88 MiB
data extracted
EPOCH 1:
VALIDATION
valid epoch balanced_accuracy: 0.377885
EPOCH 2:
VALIDATION
valid epoch balanced_accuracy: 0.402308
EPOCH 3:
VALIDATION
valid epoch balanced_accuracy: 0.436346
EPOCH 4:
VALIDATION
valid epoch balanced_accuracy: 0.612885
EPOCH 5:
VALIDATION
valid epoch balanced_accuracy: 0.535769
EPOCH 6:
VALIDATION
valid epoch balanced_accuracy: 0.542308
EPOCH 7:
VALIDATION
valid epoch balanced_accuracy: 0.606731
EPOCH 8:
VALIDATION
valid epoch balanced_accuracy: 0.566154
EPOCH 9:
VALIDATION
valid epoch balanced_accuracy: 0.596154
EPOCH 10:
VALIDATION
valid epoch balanced_accuracy: 0.566923
EPOCH 11:
VALIDATION
valid epoch balanced_accuracy: 0.571346
EPOCH 12:
VALIDATION
valid epoch balanced_accuracy: 0.576923
EPOCH 13:
VALIDATION
valid epoch balanced_accuracy: 0.611538
EPOCH 14:
VALIDATION
valid epoch balanced_accuracy: 0.580769
EPOCH 15:
VALIDATION
valid epoch balanced_accuracy: 0.573077
EPOCH 16:
VALIDATION
valid epoch balanced_accuracy: 0.584231
EPOCH 17:
VALIDATION
valid epoch balanced_accuracy: 0.701538
EPOCH 18:
VALIDATION
valid epoch balanced_accuracy: 0.671731
EPOCH 19:
VALIDATION
valid epoch balanced_accuracy: 0.614423
EPOCH 20:
VALIDATION
valid epoch balanced_accuracy: 0.697115
EPOCH 21:
VALIDATION
valid epoch balanced_accuracy: 0.508269
EPOCH 22:
VALIDATION
valid epoch balanced_accuracy: 0.669231
EPOCH 23:
VALIDATION
valid epoch balanced_accuracy: 0.700000
EPOCH 24:
VALIDATION
valid epoch balanced_accuracy: 0.543462
EPOCH 25:
VALIDATION
valid epoch balanced_accuracy: 0.531154
EPOCH 26:
VALIDATION
valid epoch balanced_accuracy: 0.587500
EPOCH 27:
VALIDATION
valid epoch balanced_accuracy: 0.643654
EPOCH 28:
VALIDATION
valid epoch balanced_accuracy: 0.566346
EPOCH 29:
VALIDATION
valid epoch balanced_accuracy: 0.641346
EPOCH 30:
VALIDATION
valid epoch balanced_accuracy: 0.561923
EPOCH 31:
VALIDATION
valid epoch balanced_accuracy: 0.630577
EPOCH 32:
VALIDATION
valid epoch balanced_accuracy: 0.606538
EPOCH 33:
VALIDATION
valid epoch balanced_accuracy: 0.651538
EPOCH 34:
VALIDATION
valid epoch balanced_accuracy: 0.529423
EPOCH 35:
VALIDATION
valid epoch balanced_accuracy: 0.665577
EPOCH 36:
VALIDATION
valid epoch balanced_accuracy: 0.530769
EPOCH 37:
VALIDATION
valid epoch balanced_accuracy: 0.660577
EPOCH 38:
VALIDATION
valid epoch balanced_accuracy: 0.596538
EPOCH 39:
VALIDATION
valid epoch balanced_accuracy: 0.597500
EPOCH 40:
VALIDATION
valid epoch balanced_accuracy: 0.585577
EPOCH 41:
VALIDATION
valid epoch balanced_accuracy: 0.598654
EPOCH 42:
VALIDATION
valid epoch balanced_accuracy: 0.616923
EPOCH 43:
VALIDATION
valid epoch balanced_accuracy: 0.661923
EPOCH 44:
VALIDATION
valid epoch balanced_accuracy: 0.647692
EPOCH 45:
VALIDATION
valid epoch balanced_accuracy: 0.634615
EPOCH 46:
VALIDATION
valid epoch balanced_accuracy: 0.662885
EPOCH 47:
VALIDATION
valid epoch balanced_accuracy: 0.535000
EPOCH 48:
VALIDATION
valid epoch balanced_accuracy: 0.586346
EPOCH 49:
VALIDATION
valid epoch balanced_accuracy: 0.642115
EPOCH 50:
VALIDATION
valid epoch balanced_accuracy: 0.633269
EPOCH 51:
VALIDATION
valid epoch balanced_accuracy: 0.640962
EPOCH 52:
VALIDATION
valid epoch balanced_accuracy: 0.553846
EPOCH 53:
VALIDATION
valid epoch balanced_accuracy: 0.605000
EPOCH 54:
VALIDATION
valid epoch balanced_accuracy: 0.607500
EPOCH 55:
VALIDATION
valid epoch balanced_accuracy: 0.541154
EPOCH 56:
VALIDATION
valid epoch balanced_accuracy: 0.690962
EPOCH 57:
VALIDATION
valid epoch balanced_accuracy: 0.685962
EPOCH 58:
VALIDATION
valid epoch balanced_accuracy: 0.688269
EPOCH 59:
VALIDATION
valid epoch balanced_accuracy: 0.647115
EPOCH 60:
VALIDATION
valid epoch balanced_accuracy: 0.641538
EPOCH 61:
VALIDATION
valid epoch balanced_accuracy: 0.626538
EPOCH 62:
VALIDATION
valid epoch balanced_accuracy: 0.637692
EPOCH 63:
VALIDATION
valid epoch balanced_accuracy: 0.569615
EPOCH 64:
VALIDATION
valid epoch balanced_accuracy: 0.671731
EPOCH 65:
VALIDATION
valid epoch balanced_accuracy: 0.658269
EPOCH 66:
VALIDATION
valid epoch balanced_accuracy: 0.575000
EPOCH 67:
VALIDATION
valid epoch balanced_accuracy: 0.611538
EPOCH 68:
VALIDATION
valid epoch balanced_accuracy: 0.640962
EPOCH 69:
VALIDATION
valid epoch balanced_accuracy: 0.603654
EPOCH 70:
VALIDATION
valid epoch balanced_accuracy: 0.666538
EPOCH 71:
VALIDATION
valid epoch balanced_accuracy: 0.625962
EPOCH 72:
VALIDATION
valid epoch balanced_accuracy: 0.639423
EPOCH 73:
VALIDATION
valid epoch balanced_accuracy: 0.650769
EPOCH 74:
VALIDATION
valid epoch balanced_accuracy: 0.637308
EPOCH 75:
VALIDATION
valid epoch balanced_accuracy: 0.673269
EPOCH 76:
VALIDATION
valid epoch balanced_accuracy: 0.635769
EPOCH 77:
VALIDATION
valid epoch balanced_accuracy: 0.596154
EPOCH 78:
VALIDATION
valid epoch balanced_accuracy: 0.589231
EPOCH 79:
VALIDATION
valid epoch balanced_accuracy: 0.560192
EPOCH 80:
VALIDATION
valid epoch balanced_accuracy: 0.656346
EPOCH 81:
VALIDATION
valid epoch balanced_accuracy: 0.641346
EPOCH 82:
VALIDATION
valid epoch balanced_accuracy: 0.662500
EPOCH 83:
VALIDATION
valid epoch balanced_accuracy: 0.716731
EPOCH 84:
VALIDATION
valid epoch balanced_accuracy: 0.656731
EPOCH 85:
VALIDATION
valid epoch balanced_accuracy: 0.590577
EPOCH 86:
VALIDATION
valid epoch balanced_accuracy: 0.675769
EPOCH 87:
VALIDATION
valid epoch balanced_accuracy: 0.646538
EPOCH 88:
VALIDATION
valid epoch balanced_accuracy: 0.625385
EPOCH 89:
VALIDATION
valid epoch balanced_accuracy: 0.660385
EPOCH 90:
VALIDATION
valid epoch balanced_accuracy: 0.638654
EPOCH 91:
VALIDATION
valid epoch balanced_accuracy: 0.615000
EPOCH 92:
VALIDATION
valid epoch balanced_accuracy: 0.671154
EPOCH 93:
VALIDATION
valid epoch balanced_accuracy: 0.605000
EPOCH 94:
VALIDATION
valid epoch balanced_accuracy: 0.646923
EPOCH 95:
VALIDATION
valid epoch balanced_accuracy: 0.636731
EPOCH 96:
VALIDATION
valid epoch balanced_accuracy: 0.614231
EPOCH 97:
VALIDATION
valid epoch balanced_accuracy: 0.656731
EPOCH 98:
VALIDATION
valid epoch balanced_accuracy: 0.596538
EPOCH 99:
VALIDATION
valid epoch balanced_accuracy: 0.642115
EPOCH 100:
VALIDATION
valid epoch balanced_accuracy: 0.666923
EPOCH 101:
VALIDATION
valid epoch balanced_accuracy: 0.660769
EPOCH 102:
VALIDATION
valid epoch balanced_accuracy: 0.652115
EPOCH 103:
VALIDATION
valid epoch balanced_accuracy: 0.605192
EPOCH 104:
VALIDATION
valid epoch balanced_accuracy: 0.531538
EPOCH 105:
VALIDATION
valid epoch balanced_accuracy: 0.590769
EPOCH 106:
VALIDATION
valid epoch balanced_accuracy: 0.639231
EPOCH 107:
VALIDATION
valid epoch balanced_accuracy: 0.611538
EPOCH 108:
VALIDATION
valid epoch balanced_accuracy: 0.614231
EPOCH 109:
VALIDATION
valid epoch balanced_accuracy: 0.630769
EPOCH 110:
VALIDATION
valid epoch balanced_accuracy: 0.681731
EPOCH 111:
VALIDATION
valid epoch balanced_accuracy: 0.626346
EPOCH 112:
VALIDATION
valid epoch balanced_accuracy: 0.654615
EPOCH 113:
VALIDATION
valid epoch balanced_accuracy: 0.648846
EPOCH 114:
VALIDATION
valid epoch balanced_accuracy: 0.645000
EPOCH 115:
VALIDATION
valid epoch balanced_accuracy: 0.602115
EPOCH 116:
VALIDATION
valid epoch balanced_accuracy: 0.535577
EPOCH 117:
VALIDATION
valid epoch balanced_accuracy: 0.615962
EPOCH 118:
VALIDATION
valid epoch balanced_accuracy: 0.640962
EPOCH 119:
VALIDATION
valid epoch balanced_accuracy: 0.655769
EPOCH 120:
VALIDATION
valid epoch balanced_accuracy: 0.640000
EPOCH 121:
VALIDATION
valid epoch balanced_accuracy: 0.641346
EPOCH 122:
VALIDATION
valid epoch balanced_accuracy: 0.616731
EPOCH 123:
VALIDATION
valid epoch balanced_accuracy: 0.632500
EPOCH 124:
VALIDATION
valid epoch balanced_accuracy: 0.573462
EPOCH 125:
VALIDATION
valid epoch balanced_accuracy: 0.590192
EPOCH 126:
VALIDATION
valid epoch balanced_accuracy: 0.629231
EPOCH 127:
VALIDATION
valid epoch balanced_accuracy: 0.614231
EPOCH 128:
VALIDATION
valid epoch balanced_accuracy: 0.646731
EPOCH 129:
VALIDATION
valid epoch balanced_accuracy: 0.696923
EPOCH 130:
VALIDATION
valid epoch balanced_accuracy: 0.610385
EPOCH 131:
VALIDATION
valid epoch balanced_accuracy: 0.687308
EPOCH 132:
VALIDATION
valid epoch balanced_accuracy: 0.605962
EPOCH 133:
VALIDATION
valid epoch balanced_accuracy: 0.637308
EPOCH 134:
VALIDATION
valid epoch balanced_accuracy: 0.641923
EPOCH 135:
VALIDATION
valid epoch balanced_accuracy: 0.651538
EPOCH 136:
VALIDATION
valid epoch balanced_accuracy: 0.632308
EPOCH 137:
VALIDATION
valid epoch balanced_accuracy: 0.525577
EPOCH 138:
VALIDATION
valid epoch balanced_accuracy: 0.656538
EPOCH 139:
VALIDATION
valid epoch balanced_accuracy: 0.616346
EPOCH 140:
VALIDATION
valid epoch balanced_accuracy: 0.610769
EPOCH 141:
VALIDATION
valid epoch balanced_accuracy: 0.545577
EPOCH 142:
VALIDATION
valid epoch balanced_accuracy: 0.575192
EPOCH 143:
VALIDATION
valid epoch balanced_accuracy: 0.646346
EPOCH 144:
VALIDATION
valid epoch balanced_accuracy: 0.580769
EPOCH 145:
VALIDATION
valid epoch balanced_accuracy: 0.616346
EPOCH 146:
VALIDATION
valid epoch balanced_accuracy: 0.649808
EPOCH 147:
VALIDATION
valid epoch balanced_accuracy: 0.565192
EPOCH 148:
VALIDATION
valid epoch balanced_accuracy: 0.656346
EPOCH 149:
VALIDATION
valid epoch balanced_accuracy: 0.646731
EPOCH 150:
VALIDATION
valid epoch balanced_accuracy: 0.641346
accuracy: 0.617647
sensitivity: 0.509615
precision: 0.662500
specificity: 0.730000
IoU: 0.404580
FAR: 0.270000
F1: 0.576087
balanced_accuracy: 0.619808
loss: 1.142147
